Build started 4/3/2025 9:50:26 PM.
     0>Terminal Logger was not used because the output is being redirected to a file.
       Process = "/usr/local/share/dotnet/dotnet"
       MSBuild executable path = "/usr/local/share/dotnet/sdk/9.0.200/MSBuild.dll"
       Command line arguments = "/usr/local/share/dotnet/sdk/9.0.200/MSBuild.dll -maxcpucount -verbosity:m -tlp:default=auto -nologo -restore -consoleloggerparameters:Summary -verbosity:detailed -distributedlogger:Microsoft.DotNet.Tools.MSBuild.MSBuildLogger,/usr/local/share/dotnet/sdk/9.0.200/dotnet.dll*Microsoft.DotNet.Tools.MSBuild.MSBuildForwardingLogger,/usr/local/share/dotnet/sdk/9.0.200/dotnet.dll"
       Current directory = "/Users/dacanetdev/Dev/AIGenerated/RoadmapSkills"
       MSBuild version = "17.13.8+cbc39bea8"
       Assembly loaded during Evaluation: System.Reflection.Metadata, Version=9.0.0.0, Culture=neutral, PublicKeyToken=b03f5f7f11d50a3a (location: /usr/local/share/dotnet/shared/Microsoft.NETCore.App/9.0.2/System.Reflection.Metadata.dll, MVID: e9e83139-8b50-4a9a-a3fb-dc59ac31f70f, AssemblyLoadContext: Default)
       /Users/dacanetdev/Dev/AIGenerated/RoadmapSkills/RoadmapSkills.sln.metaproj : message : Property 'MSBuildExtensionsPath' with value '/usr/local/share/dotnet/sdk/9.0.200/' expanded from the environment.
       Assembly loaded during Evaluation: System.Threading.Tasks.Parallel, Version=9.0.0.0, Culture=neutral, PublicKeyToken=b03f5f7f11d50a3a (location: /usr/local/share/dotnet/shared/Microsoft.NETCore.App/9.0.2/System.Threading.Tasks.Parallel.dll, MVID: 32868e17-eabd-4fd0-8a9f-621e4e4103bb, AssemblyLoadContext: Default)
       Property reassignment: $(_GenerateRestoreGraphProjectEntryInputProperties)="
             ExcludeRestorePackageImports=true;
             _RestoreSolutionFileUsed=true;
             SolutionDir=/Users/dacanetdev/Dev/AIGenerated/RoadmapSkills/;
             SolutionName=RoadmapSkills;
             SolutionFileName=RoadmapSkills.sln;
             SolutionPath=/Users/dacanetdev/Dev/AIGenerated/RoadmapSkills/RoadmapSkills.sln;
             SolutionExt=.sln;
           " (previous value: "ExcludeRestorePackageImports=true") at /usr/local/share/dotnet/sdk/9.0.200/NuGet.targets (101,5)
       Overriding target "Restore" in project "/Users/dacanetdev/Dev/AIGenerated/RoadmapSkills/RoadmapSkills.sln.metaproj" with target "Restore" from project "/usr/local/share/dotnet/sdk/9.0.200/NuGet.targets".
       The target "Store" listed in a BeforeTargets attribute at "/usr/local/share/dotnet/sdk/9.0.200/Current/SolutionFile/ImportAfter/Microsoft.NET.Sdk.Solution.targets (33,11)" does not exist in the project, and will be ignored.
       The target "VSTest" listed in a BeforeTargets attribute at "/usr/local/share/dotnet/sdk/9.0.200/Current/SolutionFile/ImportAfter/Microsoft.NET.Sdk.Solution.targets (33,11)" does not exist in the project, and will be ignored.
       The target "_CheckForInvalidConfigurationAndPlatform" listed in a BeforeTargets attribute at "/usr/local/share/dotnet/sdk/9.0.200/NuGet.targets (700,11)" does not exist in the project, and will be ignored.
     1>Project "/Users/dacanetdev/Dev/AIGenerated/RoadmapSkills/RoadmapSkills.sln" on node 1 (Restore target(s)).
     1>Target "ValidateSolutionConfiguration" in file "/Users/dacanetdev/Dev/AIGenerated/RoadmapSkills/RoadmapSkills.sln.metaproj" from project "/Users/dacanetdev/Dev/AIGenerated/RoadmapSkills/RoadmapSkills.sln" (entry point):
     1>Task "Error" skipped, due to false condition; (('$(CurrentSolutionConfigurationContents)' == '') and ('$(SkipInvalidConfigurations)' != 'true')) was evaluated as (('<SolutionConfiguration>
  <ProjectConfiguration Project="{05D2B5B0-7BBD-47AB-9222-E24BEE991F0E}" AbsolutePath="/Users/dacanetdev/Dev/AIGenerated/RoadmapSkills/src/Modules/Users/DeventSoft.RoadmapSkills.Users.Domain/DeventSoft.RoadmapSkills.Users.Domain.csproj" BuildProjectInSolution="True">Debug|AnyCPU</ProjectConfiguration>
  <ProjectConfiguration Project="{A7869022-FCA8-429E-87CB-AF85ED7BF6AD}" AbsolutePath="/Users/dacanetdev/Dev/AIGenerated/RoadmapSkills/src/Modules/Users/DeventSoft.RoadmapSkills.Users.Application/DeventSoft.RoadmapSkills.Users.Application.csproj" BuildProjectInSolution="True">Debug|AnyCPU</ProjectConfiguration>
  <ProjectConfiguration Project="{A140AC3B-C206-42C7-A0C0-8C5976201006}" AbsolutePath="/Users/dacanetdev/Dev/AIGenerated/RoadmapSkills/src/Modules/Users/DeventSoft.RoadmapSkills.Users.Infrastructure/DeventSoft.RoadmapSkills.Users.Infrastructure.csproj" BuildProjectInSolution="True">Debug|AnyCPU</ProjectConfiguration>
  <ProjectConfiguration Project="{3C07607C-A7B1-45B6-8A11-519C...' == '') and ('' != 'true')).
       Task "Warning" skipped, due to false condition; (('$(CurrentSolutionConfigurationContents)' == '') and ('$(SkipInvalidConfigurations)' == 'true')) was evaluated as (('<SolutionConfiguration>
         <ProjectConfiguration Project="{05D2B5B0-7BBD-47AB-9222-E24BEE991F0E}" AbsolutePath="/Users/dacanetdev/Dev/AIGenerated/RoadmapSkills/src/Modules/Users/DeventSoft.RoadmapSkills.Users.Domain/DeventSoft.RoadmapSkills.Users.Domain.csproj" BuildProjectInSolution="True">Debug|AnyCPU</ProjectConfiguration>
         <ProjectConfiguration Project="{A7869022-FCA8-429E-87CB-AF85ED7BF6AD}" AbsolutePath="/Users/dacanetdev/Dev/AIGenerated/RoadmapSkills/src/Modules/Users/DeventSoft.RoadmapSkills.Users.Application/DeventSoft.RoadmapSkills.Users.Application.csproj" BuildProjectInSolution="True">Debug|AnyCPU</ProjectConfiguration>
         <ProjectConfiguration Project="{A140AC3B-C206-42C7-A0C0-8C5976201006}" AbsolutePath="/Users/dacanetdev/Dev/AIGenerated/RoadmapSkills/src/Modules/Users/DeventSoft.RoadmapSkills.Users.Infrastructure/DeventSoft.RoadmapSkills.Users.Infrastructure.csproj" BuildProjectInSolution="True">Debug|AnyCPU</ProjectConfiguration>
         <ProjectConfiguration Project="{3C07607C-A7B1-45B6-8A11-519C...' == '') and ('' == 'true')).
       Using "Message" task from assembly "Microsoft.Build.Tasks.Core, Version=15.1.0.0, Culture=neutral, PublicKeyToken=b03f5f7f11d50a3a".
       Task "Message"
         Building solution configuration "Debug|Any CPU".
       Done executing task "Message".
     1>Done building target "ValidateSolutionConfiguration" in project "RoadmapSkills.sln".
     1>Target "ValidateToolsVersions" in file "/Users/dacanetdev/Dev/AIGenerated/RoadmapSkills/RoadmapSkills.sln.metaproj" from project "/Users/dacanetdev/Dev/AIGenerated/RoadmapSkills/RoadmapSkills.sln" (entry point):
       Task "Error" skipped, due to false condition; ('$(MSBuildToolsVersion)' == '2.0' and ('$(ProjectToolsVersion)' != '2.0' and '$(ProjectToolsVersion)' != '')) was evaluated as ('Current' == '2.0' and ('' != '2.0' and '' != '')).
     1>Done building target "ValidateToolsVersions" in project "RoadmapSkills.sln".
     1>Target "ValidateProjects" in file "/Users/dacanetdev/Dev/AIGenerated/RoadmapSkills/RoadmapSkills.sln.metaproj" from project "/Users/dacanetdev/Dev/AIGenerated/RoadmapSkills/RoadmapSkills.sln" (entry point):
     1>Done building target "ValidateProjects" in project "RoadmapSkills.sln".
     1>Target "_LoadRestoreGraphEntryPoints" in file "/usr/local/share/dotnet/sdk/9.0.200/NuGet.targets" from project "/Users/dacanetdev/Dev/AIGenerated/RoadmapSkills/RoadmapSkills.sln" (target "_FilterRestoreGraphProjectInputItems" depends on it):
       Assembly loaded during TaskRun: NuGet.Build.Tasks, Version=6.13.0.113, Culture=neutral, PublicKeyToken=31bf3856ad364e35 (location: /usr/local/share/dotnet/sdk/9.0.200/NuGet.Build.Tasks.dll, MVID: e954483c-cd56-4db0-af0b-9443340cbe55, AssemblyLoadContext: MSBuild plugin /usr/local/share/dotnet/sdk/9.0.200/NuGet.Build.Tasks.dll)
       Assembly loaded during TaskRun: NuGet.Common, Version=6.13.0.113, Culture=neutral, PublicKeyToken=31bf3856ad364e35 (location: /usr/local/share/dotnet/sdk/9.0.200/NuGet.Common.dll, MVID: 8c210dd2-d3bb-4c6c-bde5-7e502c8f16b1, AssemblyLoadContext: MSBuild plugin /usr/local/share/dotnet/sdk/9.0.200/NuGet.Build.Tasks.dll)
       Assembly loaded during TaskRun: NuGet.Commands, Version=6.13.0.113, Culture=neutral, PublicKeyToken=31bf3856ad364e35 (location: /usr/local/share/dotnet/sdk/9.0.200/NuGet.Commands.dll, MVID: 72c1260d-ea38-4a63-8839-e35577cf9377, AssemblyLoadContext: MSBuild plugin /usr/local/share/dotnet/sdk/9.0.200/NuGet.Build.Tasks.dll)
       Assembly loaded during TaskRun: NuGet.ProjectModel, Version=6.13.0.113, Culture=neutral, PublicKeyToken=31bf3856ad364e35 (location: /usr/local/share/dotnet/sdk/9.0.200/NuGet.ProjectModel.dll, MVID: 1dbf1a45-1dd4-422b-9f45-251db02621ba, AssemblyLoadContext: MSBuild plugin /usr/local/share/dotnet/sdk/9.0.200/NuGet.Build.Tasks.dll)
       Using "GetRestoreSolutionProjectsTask" task from assembly "/usr/local/share/dotnet/sdk/9.0.200/NuGet.Build.Tasks.dll".
       Task "GetRestoreSolutionProjectsTask"
       Done executing task "GetRestoreSolutionProjectsTask".
     1>Done building target "_LoadRestoreGraphEntryPoints" in project "RoadmapSkills.sln".
     1>Target "_FilterRestoreGraphProjectInputItems" in file "/usr/local/share/dotnet/sdk/9.0.200/NuGet.targets" from project "/Users/dacanetdev/Dev/AIGenerated/RoadmapSkills/RoadmapSkills.sln" (target "_GenerateRestoreGraph" depends on it):
       Using "RemoveDuplicates" task from assembly "Microsoft.Build.Tasks.Core, Version=15.1.0.0, Culture=neutral, PublicKeyToken=b03f5f7f11d50a3a".
       Task "RemoveDuplicates"
       Done executing task "RemoveDuplicates".
       Using "MSBuild" task from assembly "Microsoft.Build.Tasks.Core, Version=15.1.0.0, Culture=neutral, PublicKeyToken=b03f5f7f11d50a3a".
       Task "MSBuild"
         Global Properties:
           ExcludeRestorePackageImports=true
           _RestoreSolutionFileUsed=true
           SolutionDir=/Users/dacanetdev/Dev/AIGenerated/RoadmapSkills/
           SolutionName=RoadmapSkills
           SolutionFileName=RoadmapSkills.sln
           SolutionPath=/Users/dacanetdev/Dev/AIGenerated/RoadmapSkills/RoadmapSkills.sln
           SolutionExt=.sln
         Additional Properties for project "/Users/dacanetdev/Dev/AIGenerated/RoadmapSkills/src/Modules/Users/DeventSoft.RoadmapSkills.Users.Domain/DeventSoft.RoadmapSkills.Users.Domain.csproj":
           Configuration=Debug
           Platform=AnyCPU
         Additional Properties for project "/Users/dacanetdev/Dev/AIGenerated/RoadmapSkills/src/Modules/Users/DeventSoft.RoadmapSkills.Users.Application/DeventSoft.RoadmapSkills.Users.Application.csproj":
           Configuration=Debug
           Platform=AnyCPU
         Additional Properties for project "/Users/dacanetdev/Dev/AIGenerated/RoadmapSkills/src/Modules/Users/DeventSoft.RoadmapSkills.Users.Infrastructure/DeventSoft.RoadmapSkills.Users.Infrastructure.csproj":
           Configuration=Debug
           Platform=AnyCPU
         Additional Properties for project "/Users/dacanetdev/Dev/AIGenerated/RoadmapSkills/src/Modules/Users/DeventSoft.RoadmapSkills.Users.Api/DeventSoft.RoadmapSkills.Users.Api.csproj":
           Configuration=Debug
           Platform=AnyCPU
         Additional Properties for project "/Users/dacanetdev/Dev/AIGenerated/RoadmapSkills/tests/Modules/Users/DeventSoft.RoadmapSkills.Users.UnitTests/DeventSoft.RoadmapSkills.Users.UnitTests.csproj":
           Configuration=Debug
           Platform=AnyCPU
         Additional Properties for project "/Users/dacanetdev/Dev/AIGenerated/RoadmapSkills/tests/Modules/Users/DeventSoft.RoadmapSkills.Users.IntegrationTests/DeventSoft.RoadmapSkills.Users.IntegrationTests.csproj":
           Configuration=Debug
           Platform=AnyCPU
         Additional Properties for project "/Users/dacanetdev/Dev/AIGenerated/RoadmapSkills/src/DeventSoft.RoadmapSkills.Api/DeventSoft.RoadmapSkills.Api.csproj":
           Configuration=Debug
           Platform=AnyCPU
         Additional Properties for project "/Users/dacanetdev/Dev/AIGenerated/RoadmapSkills/src/DeventSoft.RoadmapSkills.BlazorApp/DeventSoft.RoadmapSkills.BlazorApp.csproj":
           Configuration=Debug
           Platform=AnyCPU
     0>The SDK "Microsoft.NET.Sdk" was successfully resolved by the "DefaultSdkResolver" resolver to location "/usr/local/share/dotnet/sdk/9.0.200/Sdks/Microsoft.NET.Sdk/Sdk" and version "".
       /usr/local/share/dotnet/sdk/9.0.200/Sdks/Microsoft.NET.Sdk/Sdk/Sdk.props(49,11): message : Property 'MSBuildExtensionsPath' with value '/usr/local/share/dotnet/sdk/9.0.200/' expanded from the environment.
       Property reassignment: $(MSBuildProjectExtensionsPath)="/Users/dacanetdev/Dev/AIGenerated/RoadmapSkills/src/Modules/Users/DeventSoft.RoadmapSkills.Users.Domain/obj/" (previous value: "obj\") at /usr/local/share/dotnet/sdk/9.0.200/Current/Microsoft.Common.props (60,5)
       /usr/local/share/dotnet/sdk/9.0.200/Current/Microsoft.Common.props(84,119): message : Property 'MSBuildUserExtensionsPath' with value '/Users/dacanetdev/Library/Application Support/Microsoft\MSBuild' expanded from the environment.
       The "Configuration" property is a global property, and cannot be modified.
       The "Platform" property is a global property, and cannot be modified.
       The "Configuration" property is a global property, and cannot be modified.
       The "Platform" property is a global property, and cannot be modified.
       Property reassignment: $(AssemblySearchPaths)="{CandidateAssemblyFiles};{HintPathFromItem}" (previous value: "{CandidateAssemblyFiles}") at /usr/local/share/dotnet/sdk/9.0.200/Sdks/Microsoft.NET.Sdk/targets/Microsoft.NET.Sdk.props (90,5)
       Property reassignment: $(AssemblySearchPaths)="{CandidateAssemblyFiles};{HintPathFromItem};{TargetFrameworkDirectory}" (previous value: "{CandidateAssemblyFiles};{HintPathFromItem}") at /usr/local/share/dotnet/sdk/9.0.200/Sdks/Microsoft.NET.Sdk/targets/Microsoft.NET.Sdk.props (91,5)
       Property reassignment: $(AssemblySearchPaths)="{CandidateAssemblyFiles};{HintPathFromItem};{TargetFrameworkDirectory};{RawFileName}" (previous value: "{CandidateAssemblyFiles};{HintPathFromItem};{TargetFrameworkDirectory}") at /usr/local/share/dotnet/sdk/9.0.200/Sdks/Microsoft.NET.Sdk/targets/Microsoft.NET.Sdk.props (92,5)
       The "DefaultSdkResolver" resolver attempted to resolve the SDK "Microsoft.NET.SDK.WorkloadAutoImportPropsLocator".
       Warnings: null
       Errors: MSB4276: The default SDK resolver failed to resolve SDK "Microsoft.NET.SDK.WorkloadAutoImportPropsLocator" because directory "/usr/local/share/dotnet/sdk/9.0.200/Sdks/Microsoft.NET.SDK.WorkloadAutoImportPropsLocator/Sdk" did not exist.
       Assembly loaded during Evaluation: System.IO.Pipes, Version=9.0.0.0, Culture=neutral, PublicKeyToken=b03f5f7f11d50a3a (location: /usr/local/share/dotnet/shared/Microsoft.NETCore.App/9.0.2/System.IO.Pipes.dll, MVID: d1bcb199-d04d-4fa1-8e81-1b6f3860386b, AssemblyLoadContext: Default)
       Assembly loaded during Evaluation: System.Net.Sockets, Version=9.0.0.0, Culture=neutral, PublicKeyToken=b03f5f7f11d50a3a (location: /usr/local/share/dotnet/shared/Microsoft.NETCore.App/9.0.2/System.Net.Sockets.dll, MVID: 98edaa1f-de4b-4a7a-a111-22baf29f5755, AssemblyLoadContext: Default)
       Assembly loaded during Evaluation: Microsoft.NET.Sdk.WorkloadMSBuildSdkResolver, Version=9.0.200.0, Culture=neutral, PublicKeyToken=31bf3856ad364e35 (location: /usr/local/share/dotnet/sdk/9.0.200/Microsoft.NET.Sdk.WorkloadMSBuildSdkResolver.dll, MVID: a095c054-ff99-401c-a0fe-b00ba63378d7, AssemblyLoadContext: MSBuild plugin /usr/local/share/dotnet/sdk/9.0.200/Microsoft.NET.Sdk.WorkloadMSBuildSdkResolver.dll)
       Assembly loaded during Evaluation: Microsoft.Build.NuGetSdkResolver, Version=6.13.0.113, Culture=neutral, PublicKeyToken=31bf3856ad364e35 (location: /usr/local/share/dotnet/sdk/9.0.200/Microsoft.Build.NuGetSdkResolver.dll, MVID: eb7a6149-312c-4504-ae13-536cb0d3299c, AssemblyLoadContext: MSBuild plugin /usr/local/share/dotnet/sdk/9.0.200/Microsoft.Build.NuGetSdkResolver.dll)
       Assembly loaded during Evaluation: NuGet.Common, Version=6.13.0.113, Culture=neutral, PublicKeyToken=31bf3856ad364e35 (location: /usr/local/share/dotnet/sdk/9.0.200/NuGet.Common.dll, MVID: 8c210dd2-d3bb-4c6c-bde5-7e502c8f16b1, AssemblyLoadContext: MSBuild plugin /usr/local/share/dotnet/sdk/9.0.200/Microsoft.Build.NuGetSdkResolver.dll)
       Assembly loaded during Evaluation: Microsoft.DotNet.Cli.Utils, Version=9.0.200.0, Culture=neutral, PublicKeyToken=adb9793829ddae60 (location: /usr/local/share/dotnet/sdk/9.0.200/Microsoft.DotNet.Cli.Utils.dll, MVID: 1b4cf91a-7bd0-4f0f-80eb-9ff544a5791e, AssemblyLoadContext: MSBuild plugin /usr/local/share/dotnet/sdk/9.0.200/Microsoft.NET.Sdk.WorkloadMSBuildSdkResolver.dll)
       Assembly loaded during Evaluation: Microsoft.NET.Sdk.WorkloadManifestReader, Version=9.0.200.0, Culture=neutral, PublicKeyToken=adb9793829ddae60 (location: /usr/local/share/dotnet/sdk/9.0.200/Microsoft.NET.Sdk.WorkloadManifestReader.dll, MVID: 643016f5-cadc-4adc-8156-857674cf6173, AssemblyLoadContext: MSBuild plugin /usr/local/share/dotnet/sdk/9.0.200/Microsoft.NET.Sdk.WorkloadMSBuildSdkResolver.dll)
       Assembly loaded during Evaluation: Microsoft.Deployment.DotNet.Releases, Version=2.0.0.0, Culture=neutral, PublicKeyToken=31bf3856ad364e35 (location: /usr/local/share/dotnet/sdk/9.0.200/Microsoft.Deployment.DotNet.Releases.dll, MVID: 400d16c0-099c-46d2-bc0e-802a0637399b, AssemblyLoadContext: MSBuild plugin /usr/local/share/dotnet/sdk/9.0.200/Microsoft.NET.Sdk.WorkloadMSBuildSdkResolver.dll)
       Reusing node 5 (PID: 48260).
       Reusing node 2 (PID: 48255).
       Reusing node 8 (PID: 48257).
       Reusing node 3 (PID: 48251).
       Reusing node 7 (PID: 48252).
       Reusing node 6 (PID: 48256).
       Reusing node 4 (PID: 48261).
       The SDK "Microsoft.NET.Sdk.Web" was successfully resolved by the "DefaultSdkResolver" resolver to location "/usr/local/share/dotnet/sdk/9.0.200/Sdks/Microsoft.NET.Sdk.Web/Sdk" and version "".
       /usr/local/share/dotnet/sdk/9.0.200/Sdks/Microsoft.NET.Sdk/Sdk/Sdk.props(49,11): message : Property 'MSBuildExtensionsPath' with value '/usr/local/share/dotnet/sdk/9.0.200/' expanded from the environment.
       /usr/local/share/dotnet/sdk/9.0.200/Sdks/Microsoft.NET.Sdk/Sdk/Sdk.props(49,11): message : Property 'MSBuildExtensionsPath' with value '/usr/local/share/dotnet/sdk/9.0.200/' expanded from the environment.
       /usr/local/share/dotnet/sdk/9.0.200/Sdks/Microsoft.NET.Sdk/Sdk/Sdk.props(49,11): message : Property 'MSBuildExtensionsPath' with value '/usr/local/share/dotnet/sdk/9.0.200/' expanded from the environment.
       /usr/local/share/dotnet/sdk/9.0.200/Sdks/Microsoft.NET.Sdk/Sdk/Sdk.props(49,11): message : Property 'MSBuildExtensionsPath' with value '/usr/local/share/dotnet/sdk/9.0.200/' expanded from the environment.
       /usr/local/share/dotnet/sdk/9.0.200/Sdks/Microsoft.NET.Sdk/Sdk/Sdk.props(49,11): message : Property 'MSBuildExtensionsPath' with value '/usr/local/share/dotnet/sdk/9.0.200/' expanded from the environment.
       /usr/local/share/dotnet/sdk/9.0.200/Sdks/Microsoft.NET.Sdk/Sdk/Sdk.props(49,11): message : Property 'MSBuildExtensionsPath' with value '/usr/local/share/dotnet/sdk/9.0.200/' expanded from the environment.
       /usr/local/share/dotnet/sdk/9.0.200/Sdks/Microsoft.NET.Sdk/Sdk/Sdk.props(49,11): message : Property 'MSBuildExtensionsPath' with value '/usr/local/share/dotnet/sdk/9.0.200/' expanded from the environment.
       Property reassignment: $(MSBuildProjectExtensionsPath)="/Users/dacanetdev/Dev/AIGenerated/RoadmapSkills/src/Modules/Users/DeventSoft.RoadmapSkills.Users.Application/obj/" (previous value: "obj\") at /usr/local/share/dotnet/sdk/9.0.200/Current/Microsoft.Common.props (60,5)
       Property reassignment: $(MSBuildProjectExtensionsPath)="/Users/dacanetdev/Dev/AIGenerated/RoadmapSkills/tests/Modules/Users/DeventSoft.RoadmapSkills.Users.UnitTests/obj/" (previous value: "obj\") at /usr/local/share/dotnet/sdk/9.0.200/Current/Microsoft.Common.props (60,5)
       Property reassignment: $(MSBuildProjectExtensionsPath)="/Users/dacanetdev/Dev/AIGenerated/RoadmapSkills/src/Modules/Users/DeventSoft.RoadmapSkills.Users.Infrastructure/obj/" (previous value: "obj\") at /usr/local/share/dotnet/sdk/9.0.200/Current/Microsoft.Common.props (60,5)
       Property reassignment: $(MSBuildProjectExtensionsPath)="/Users/dacanetdev/Dev/AIGenerated/RoadmapSkills/tests/Modules/Users/DeventSoft.RoadmapSkills.Users.IntegrationTests/obj/" (previous value: "obj\") at /usr/local/share/dotnet/sdk/9.0.200/Current/Microsoft.Common.props (60,5)
       /usr/local/share/dotnet/sdk/9.0.200/Current/Microsoft.Common.props(84,119): message : Property 'MSBuildUserExtensionsPath' with value '/Users/dacanetdev/Library/Application Support/Microsoft\MSBuild' expanded from the environment.
       Property reassignment: $(MSBuildProjectExtensionsPath)="/Users/dacanetdev/Dev/AIGenerated/RoadmapSkills/src/DeventSoft.RoadmapSkills.BlazorApp/obj/" (previous value: "obj\") at /usr/local/share/dotnet/sdk/9.0.200/Current/Microsoft.Common.props (60,5)
       /usr/local/share/dotnet/sdk/9.0.200/Current/Microsoft.Common.props(84,119): message : Property 'MSBuildUserExtensionsPath' with value '/Users/dacanetdev/Library/Application Support/Microsoft\MSBuild' expanded from the environment.
       Property reassignment: $(MSBuildProjectExtensionsPath)="/Users/dacanetdev/Dev/AIGenerated/RoadmapSkills/src/Modules/Users/DeventSoft.RoadmapSkills.Users.Api/obj/" (previous value: "obj\") at /usr/local/share/dotnet/sdk/9.0.200/Current/Microsoft.Common.props (60,5)
       Property reassignment: $(MSBuildProjectExtensionsPath)="/Users/dacanetdev/Dev/AIGenerated/RoadmapSkills/src/DeventSoft.RoadmapSkills.Api/obj/" (previous value: "obj\") at /usr/local/share/dotnet/sdk/9.0.200/Current/Microsoft.Common.props (60,5)
       The "Configuration" property is a global property, and cannot be modified.
       /usr/local/share/dotnet/sdk/9.0.200/Current/Microsoft.Common.props(84,119): message : Property 'MSBuildUserExtensionsPath' with value '/Users/dacanetdev/Library/Application Support/Microsoft\MSBuild' expanded from the environment.
       /usr/local/share/dotnet/sdk/9.0.200/Current/Microsoft.Common.props(84,119): message : Property 'MSBuildUserExtensionsPath' with value '/Users/dacanetdev/Library/Application Support/Microsoft\MSBuild' expanded from the environment.
       The "Platform" property is a global property, and cannot be modified.
       The "Configuration" property is a global property, and cannot be modified.
       /usr/local/share/dotnet/sdk/9.0.200/Current/Microsoft.Common.props(84,119): message : Property 'MSBuildUserExtensionsPath' with value '/Users/dacanetdev/Library/Application Support/Microsoft\MSBuild' expanded from the environment.
       The "Configuration" property is a global property, and cannot be modified.
       /usr/local/share/dotnet/sdk/9.0.200/Current/Microsoft.Common.props(84,119): message : Property 'MSBuildUserExtensionsPath' with value '/Users/dacanetdev/Library/Application Support/Microsoft\MSBuild' expanded from the environment.
       The "Configuration" property is a global property, and cannot be modified.
       The "Platform" property is a global property, and cannot be modified.
       The "Configuration" property is a global property, and cannot be modified.
       The "Platform" property is a global property, and cannot be modified.
       The "Configuration" property is a global property, and cannot be modified.
       The "Configuration" property is a global property, and cannot be modified.
       Property reassignment: $(AssemblySearchPaths)="{CandidateAssemblyFiles};{HintPathFromItem}" (previous value: "{CandidateAssemblyFiles}") at /usr/local/share/dotnet/sdk/9.0.200/Sdks/Microsoft.NET.Sdk/targets/Microsoft.NET.Sdk.props (90,5)
       /usr/local/share/dotnet/sdk/9.0.200/Current/Microsoft.Common.props(84,119): message : Property 'MSBuildUserExtensionsPath' with value '/Users/dacanetdev/Library/Application Support/Microsoft\MSBuild' expanded from the environment.
       The "Platform" property is a global property, and cannot be modified.
       The "Platform" property is a global property, and cannot be modified.
       The "Configuration" property is a global property, and cannot be modified.
       The "Platform" property is a global property, and cannot be modified.
       Property reassignment: $(AssemblySearchPaths)="{CandidateAssemblyFiles};{HintPathFromItem}" (previous value: "{CandidateAssemblyFiles}") at /usr/local/share/dotnet/sdk/9.0.200/Sdks/Microsoft.NET.Sdk/targets/Microsoft.NET.Sdk.props (90,5)
       Property reassignment: $(AssemblySearchPaths)="{CandidateAssemblyFiles};{HintPathFromItem};{TargetFrameworkDirectory}" (previous value: "{CandidateAssemblyFiles};{HintPathFromItem}") at /usr/local/share/dotnet/sdk/9.0.200/Sdks/Microsoft.NET.Sdk/targets/Microsoft.NET.Sdk.props (91,5)
       The "Platform" property is a global property, and cannot be modified.
       The "Platform" property is a global property, and cannot be modified.
       Property reassignment: $(AssemblySearchPaths)="{CandidateAssemblyFiles};{HintPathFromItem};{TargetFrameworkDirectory};{RawFileName}" (previous value: "{CandidateAssemblyFiles};{HintPathFromItem};{TargetFrameworkDirectory}") at /usr/local/share/dotnet/sdk/9.0.200/Sdks/Microsoft.NET.Sdk/targets/Microsoft.NET.Sdk.props (92,5)
       The "Configuration" property is a global property, and cannot be modified.
       The "Configuration" property is a global property, and cannot be modified.
       The "Configuration" property is a global property, and cannot be modified.
       The "Platform" property is a global property, and cannot be modified.
       Property reassignment: $(AssemblySearchPaths)="{CandidateAssemblyFiles};{HintPathFromItem}" (previous value: "{CandidateAssemblyFiles}") at /usr/local/share/dotnet/sdk/9.0.200/Sdks/Microsoft.NET.Sdk/targets/Microsoft.NET.Sdk.props (90,5)
       Property reassignment: $(AssemblySearchPaths)="{CandidateAssemblyFiles};{HintPathFromItem};{TargetFrameworkDirectory}" (previous value: "{CandidateAssemblyFiles};{HintPathFromItem}") at /usr/local/share/dotnet/sdk/9.0.200/Sdks/Microsoft.NET.Sdk/targets/Microsoft.NET.Sdk.props (91,5)
       The "Platform" property is a global property, and cannot be modified.
       The "Platform" property is a global property, and cannot be modified.
       The "Configuration" property is a global property, and cannot be modified.
       Property reassignment: $(AssemblySearchPaths)="{CandidateAssemblyFiles};{HintPathFromItem};{TargetFrameworkDirectory}" (previous value: "{CandidateAssemblyFiles};{HintPathFromItem}") at /usr/local/share/dotnet/sdk/9.0.200/Sdks/Microsoft.NET.Sdk/targets/Microsoft.NET.Sdk.props (91,5)
       Property reassignment: $(AssemblySearchPaths)="{CandidateAssemblyFiles};{HintPathFromItem}" (previous value: "{CandidateAssemblyFiles}") at /usr/local/share/dotnet/sdk/9.0.200/Sdks/Microsoft.NET.Sdk/targets/Microsoft.NET.Sdk.props (90,5)
       The "Configuration" property is a global property, and cannot be modified.
       Property reassignment: $(AssemblySearchPaths)="{CandidateAssemblyFiles};{HintPathFromItem};{TargetFrameworkDirectory};{RawFileName}" (previous value: "{CandidateAssemblyFiles};{HintPathFromItem};{TargetFrameworkDirectory}") at /usr/local/share/dotnet/sdk/9.0.200/Sdks/Microsoft.NET.Sdk/targets/Microsoft.NET.Sdk.props (92,5)
       Property reassignment: $(AssemblySearchPaths)="{CandidateAssemblyFiles};{HintPathFromItem};{TargetFrameworkDirectory};{RawFileName}" (previous value: "{CandidateAssemblyFiles};{HintPathFromItem};{TargetFrameworkDirectory}") at /usr/local/share/dotnet/sdk/9.0.200/Sdks/Microsoft.NET.Sdk/targets/Microsoft.NET.Sdk.props (92,5)
       Property reassignment: $(AssemblySearchPaths)="{CandidateAssemblyFiles};{HintPathFromItem};{TargetFrameworkDirectory}" (previous value: "{CandidateAssemblyFiles};{HintPathFromItem}") at /usr/local/share/dotnet/sdk/9.0.200/Sdks/Microsoft.NET.Sdk/targets/Microsoft.NET.Sdk.props (91,5)
       Property reassignment: $(AssemblySearchPaths)="{CandidateAssemblyFiles};{HintPathFromItem}" (previous value: "{CandidateAssemblyFiles}") at /usr/local/share/dotnet/sdk/9.0.200/Sdks/Microsoft.NET.Sdk/targets/Microsoft.NET.Sdk.props (90,5)
       The "Platform" property is a global property, and cannot be modified.
       Property reassignment: $(AssemblySearchPaths)="{CandidateAssemblyFiles};{HintPathFromItem};{TargetFrameworkDirectory};{RawFileName}" (previous value: "{CandidateAssemblyFiles};{HintPathFromItem};{TargetFrameworkDirectory}") at /usr/local/share/dotnet/sdk/9.0.200/Sdks/Microsoft.NET.Sdk/targets/Microsoft.NET.Sdk.props (92,5)
       The "Platform" property is a global property, and cannot be modified.
       Property reassignment: $(AssemblySearchPaths)="{CandidateAssemblyFiles};{HintPathFromItem}" (previous value: "{CandidateAssemblyFiles}") at /usr/local/share/dotnet/sdk/9.0.200/Sdks/Microsoft.NET.Sdk/targets/Microsoft.NET.Sdk.props (90,5)
       The "Configuration" property is a global property, and cannot be modified.
       Property reassignment: $(AssemblySearchPaths)="{CandidateAssemblyFiles};{HintPathFromItem};{TargetFrameworkDirectory}" (previous value: "{CandidateAssemblyFiles};{HintPathFromItem}") at /usr/local/share/dotnet/sdk/9.0.200/Sdks/Microsoft.NET.Sdk/targets/Microsoft.NET.Sdk.props (91,5)
       Property reassignment: $(AssemblySearchPaths)="{CandidateAssemblyFiles};{HintPathFromItem};{TargetFrameworkDirectory}" (previous value: "{CandidateAssemblyFiles};{HintPathFromItem}") at /usr/local/share/dotnet/sdk/9.0.200/Sdks/Microsoft.NET.Sdk/targets/Microsoft.NET.Sdk.props (91,5)
       The "Platform" property is a global property, and cannot be modified.
       Property reassignment: $(AssemblySearchPaths)="{CandidateAssemblyFiles};{HintPathFromItem};{TargetFrameworkDirectory};{RawFileName}" (previous value: "{CandidateAssemblyFiles};{HintPathFromItem};{TargetFrameworkDirectory}") at /usr/local/share/dotnet/sdk/9.0.200/Sdks/Microsoft.NET.Sdk/targets/Microsoft.NET.Sdk.props (92,5)
       Property reassignment: $(AssemblySearchPaths)="{CandidateAssemblyFiles};{HintPathFromItem};{TargetFrameworkDirectory};{RawFileName}" (previous value: "{CandidateAssemblyFiles};{HintPathFromItem};{TargetFrameworkDirectory}") at /usr/local/share/dotnet/sdk/9.0.200/Sdks/Microsoft.NET.Sdk/targets/Microsoft.NET.Sdk.props (92,5)
       Property reassignment: $(AssemblySearchPaths)="{CandidateAssemblyFiles};{HintPathFromItem}" (previous value: "{CandidateAssemblyFiles}") at /usr/local/share/dotnet/sdk/9.0.200/Sdks/Microsoft.NET.Sdk/targets/Microsoft.NET.Sdk.props (90,5)
       Property reassignment: $(AssemblySearchPaths)="{CandidateAssemblyFiles};{HintPathFromItem};{TargetFrameworkDirectory}" (previous value: "{CandidateAssemblyFiles};{HintPathFromItem}") at /usr/local/share/dotnet/sdk/9.0.200/Sdks/Microsoft.NET.Sdk/targets/Microsoft.NET.Sdk.props (91,5)
       Property reassignment: $(AssemblySearchPaths)="{CandidateAssemblyFiles};{HintPathFromItem};{TargetFrameworkDirectory};{RawFileName}" (previous value: "{CandidateAssemblyFiles};{HintPathFromItem};{TargetFrameworkDirectory}") at /usr/local/share/dotnet/sdk/9.0.200/Sdks/Microsoft.NET.Sdk/targets/Microsoft.NET.Sdk.props (92,5)
       The SDK "Microsoft.NET.SDK.WorkloadAutoImportPropsLocator" was successfully resolved by the "Microsoft.DotNet.MSBuildWorkloadSdkResolver" resolver to location "null" and version "null".
       Property reassignment: $(TargetsForTfmSpecificContentInPackage)=";PackTool;_PackProjectToolValidation" (previous value: ";PackTool") at /usr/local/share/dotnet/sdk/9.0.200/Sdks/Microsoft.NET.Sdk/targets/Microsoft.NET.PackProjectTool.props (15,5)
       Property reassignment: $(TargetsForTfmSpecificContentInPackage)=";PackTool;_PackProjectToolValidation" (previous value: ";PackTool") at /usr/local/share/dotnet/sdk/9.0.200/Sdks/Microsoft.NET.Sdk/targets/Microsoft.NET.PackProjectTool.props (15,5)
       Property reassignment: $(TargetsForTfmSpecificContentInPackage)=";PackTool;_PackProjectToolValidation" (previous value: ";PackTool") at /usr/local/share/dotnet/sdk/9.0.200/Sdks/Microsoft.NET.Sdk/targets/Microsoft.NET.PackProjectTool.props (15,5)
       Property reassignment: $(TargetsForTfmSpecificContentInPackage)=";PackTool;_PackProjectToolValidation" (previous value: ";PackTool") at /usr/local/share/dotnet/sdk/9.0.200/Sdks/Microsoft.NET.Sdk/targets/Microsoft.NET.PackProjectTool.props (15,5)
       The SDK "Microsoft.NET.Sdk.Razor" was successfully resolved by the "DefaultSdkResolver" resolver to location "/usr/local/share/dotnet/sdk/9.0.200/Sdks/Microsoft.NET.Sdk.Razor/Sdk" and version "".
       Property reassignment: $(TargetsForTfmSpecificContentInPackage)=";PackTool;_PackProjectToolValidation" (previous value: ";PackTool") at /usr/local/share/dotnet/sdk/9.0.200/Sdks/Microsoft.NET.Sdk/targets/Microsoft.NET.PackProjectTool.props (15,5)
       Property reassignment: $(TargetsForTfmSpecificContentInPackage)=";PackTool;_PackProjectToolValidation" (previous value: ";PackTool") at /usr/local/share/dotnet/sdk/9.0.200/Sdks/Microsoft.NET.Sdk/targets/Microsoft.NET.PackProjectTool.props (15,5)
       The "Configuration" property is a global property, and cannot be modified.
       The "Platform" property is a global property, and cannot be modified.
       Property reassignment: $(PublishProfileImported)="false" (previous value: "true") at /usr/local/share/dotnet/sdk/9.0.200/Sdks/Microsoft.NET.Sdk/targets/Microsoft.NET.Sdk.ImportPublishProfile.targets (28,5)
       The "Configuration" property is a global property, and cannot be modified.
       The "Platform" property is a global property, and cannot be modified.
       Property reassignment: $(PublishProfileImported)="false" (previous value: "true") at /usr/local/share/dotnet/sdk/9.0.200/Sdks/Microsoft.NET.Sdk/targets/Microsoft.NET.Sdk.ImportPublishProfile.targets (28,5)
       The "Configuration" property is a global property, and cannot be modified.
       The "Platform" property is a global property, and cannot be modified.
       Property reassignment: $(PublishProfileImported)="false" (previous value: "true") at /usr/local/share/dotnet/sdk/9.0.200/Sdks/Microsoft.NET.Sdk/targets/Microsoft.NET.Sdk.ImportPublishProfile.targets (28,5)
       Property reassignment: $(TargetsForTfmSpecificContentInPackage)=";PackTool;_PackProjectToolValidation" (previous value: ";PackTool") at /usr/local/share/dotnet/sdk/9.0.200/Sdks/Microsoft.NET.Sdk/targets/Microsoft.NET.PackProjectTool.props (15,5)
       The SDK "Microsoft.NET.Sdk.StaticWebAssets" was successfully resolved by the "DefaultSdkResolver" resolver to location "/usr/local/share/dotnet/sdk/9.0.200/Sdks/Microsoft.NET.Sdk.StaticWebAssets/Sdk" and version "".
       The "Configuration" property is a global property, and cannot be modified.
       Property reassignment: $(TargetPlatformVersion)="" (previous value: "0.0") at /usr/local/share/dotnet/sdk/9.0.200/Sdks/Microsoft.NET.Sdk/targets/Microsoft.NET.TargetFrameworkInference.targets (69,5)
       The "Platform" property is a global property, and cannot be modified.
       Property reassignment: $(PublishProfileImported)="false" (previous value: "true") at /usr/local/share/dotnet/sdk/9.0.200/Sdks/Microsoft.NET.Sdk/targets/Microsoft.NET.Sdk.ImportPublishProfile.targets (28,5)
       Property reassignment: $(TargetPlatformVersion)="" (previous value: "0.0") at /usr/local/share/dotnet/sdk/9.0.200/Sdks/Microsoft.NET.Sdk/targets/Microsoft.NET.TargetFrameworkInference.targets (69,5)
       Property reassignment: $(TargetPlatformVersion)="" (previous value: "0.0") at /usr/local/share/dotnet/sdk/9.0.200/Sdks/Microsoft.NET.Sdk/targets/Microsoft.NET.TargetFrameworkInference.targets (69,5)
       Property reassignment: $(TargetPlatformVersion)="" (previous value: "0.0") at /usr/local/share/dotnet/sdk/9.0.200/Sdks/Microsoft.NET.Sdk/targets/Microsoft.NET.TargetFrameworkInference.targets (69,5)
       Property reassignment: $(DefaultItemExcludes)=";**\node_modules\**;node_modules\**;**\jspm_packages\**;jspm_packages\**" (previous value: ";**\node_modules\**;node_modules\**") at /usr/local/share/dotnet/sdk/9.0.200/Sdks/Microsoft.NET.Sdk.StaticWebAssets/Sdk/Sdk.StaticWebAssets.StaticAssets.ProjectSystem.props (23,5)
       Property reassignment: $(DefaultItemExcludes)=";**\node_modules\**;node_modules\**;**\jspm_packages\**;jspm_packages\**;**\bower_components\**;bower_components\**" (previous value: ";**\node_modules\**;node_modules\**;**\jspm_packages\**;jspm_packages\**") at /usr/local/share/dotnet/sdk/9.0.200/Sdks/Microsoft.NET.Sdk.StaticWebAssets/Sdk/Sdk.StaticWebAssets.StaticAssets.ProjectSystem.props (24,5)
       Property reassignment: $(DefaultItemExcludes)=";bin\Debug//**;obj\Debug//**" (previous value: ";bin\Debug//**") at /usr/local/share/dotnet/sdk/9.0.200/Sdks/Microsoft.NET.Sdk/targets/Microsoft.NET.DefaultOutputPaths.targets (122,5)
       Property reassignment: $(OutputPath)="bin\Debug/net8.0/" (previous value: "bin\Debug/") at /usr/local/share/dotnet/sdk/9.0.200/Sdks/Microsoft.NET.Sdk/targets/Microsoft.NET.DefaultOutputPaths.targets (137,5)
       Property reassignment: $(DefaultItemExcludes)=";**\node_modules\**;node_modules\**;**\jspm_packages\**;jspm_packages\**;**\bower_components\**;bower_components\**;**\packages.lock.json" (previous value: ";**\node_modules\**;node_modules\**;**\jspm_packages\**;jspm_packages\**;**\bower_components\**;bower_components\**") at /usr/local/share/dotnet/sdk/9.0.200/Sdks/Microsoft.NET.Sdk.StaticWebAssets/Sdk/Sdk.StaticWebAssets.StaticAssets.ProjectSystem.props (25,5)
       Property reassignment: $(IntermediateOutputPath)="obj\Debug/net8.0/" (previous value: "obj\Debug/") at /usr/local/share/dotnet/sdk/9.0.200/Sdks/Microsoft.NET.Sdk/targets/Microsoft.NET.DefaultOutputPaths.targets (142,5)
       Property reassignment: $(DefaultItemExcludes)=";**\node_modules\**;node_modules\**;**\jspm_packages\**;jspm_packages\**" (previous value: ";**\node_modules\**;node_modules\**") at /usr/local/share/dotnet/sdk/9.0.200/Sdks/Microsoft.NET.Sdk.StaticWebAssets/Sdk/Sdk.StaticWebAssets.StaticAssets.ProjectSystem.props (23,5)
       Property reassignment: $(DefaultItemExcludes)=";**\node_modules\**;node_modules\**;**\jspm_packages\**;jspm_packages\**;**\bower_components\**;bower_components\**" (previous value: ";**\node_modules\**;node_modules\**;**\jspm_packages\**;jspm_packages\**") at /usr/local/share/dotnet/sdk/9.0.200/Sdks/Microsoft.NET.Sdk.StaticWebAssets/Sdk/Sdk.StaticWebAssets.StaticAssets.ProjectSystem.props (24,5)
       The SDK "Microsoft.NET.Sdk.Web.ProjectSystem" was successfully resolved by the "DefaultSdkResolver" resolver to location "/usr/local/share/dotnet/sdk/9.0.200/Sdks/Microsoft.NET.Sdk.Web.ProjectSystem/Sdk" and version "".
       Property reassignment: $(DefaultItemExcludes)=";bin\Debug//**;obj\Debug//**" (previous value: ";bin\Debug//**") at /usr/local/share/dotnet/sdk/9.0.200/Sdks/Microsoft.NET.Sdk/targets/Microsoft.NET.DefaultOutputPaths.targets (122,5)
       Property reassignment: $(OutputPath)="bin\Debug/net8.0/" (previous value: "bin\Debug/") at /usr/local/share/dotnet/sdk/9.0.200/Sdks/Microsoft.NET.Sdk/targets/Microsoft.NET.DefaultOutputPaths.targets (137,5)
       Property reassignment: $(DefaultItemExcludes)=";**\node_modules\**;node_modules\**;**\jspm_packages\**;jspm_packages\**" (previous value: ";**\node_modules\**;node_modules\**") at /usr/local/share/dotnet/sdk/9.0.200/Sdks/Microsoft.NET.Sdk.StaticWebAssets/Sdk/Sdk.StaticWebAssets.StaticAssets.ProjectSystem.props (23,5)
       The "DefaultSdkResolver" resolver attempted to resolve the SDK "Microsoft.NET.SDK.WorkloadManifestTargetsLocator".
       Warnings: null
       Errors: MSB4276: The default SDK resolver failed to resolve SDK "Microsoft.NET.SDK.WorkloadManifestTargetsLocator" because directory "/usr/local/share/dotnet/sdk/9.0.200/Sdks/Microsoft.NET.SDK.WorkloadManifestTargetsLocator/Sdk" did not exist.
       Property reassignment: $(DefaultItemExcludes)=";**\node_modules\**;node_modules\**;**\jspm_packages\**;jspm_packages\**;**\bower_components\**;bower_components\**;**\packages.lock.json" (previous value: ";**\node_modules\**;node_modules\**;**\jspm_packages\**;jspm_packages\**;**\bower_components\**;bower_components\**") at /usr/local/share/dotnet/sdk/9.0.200/Sdks/Microsoft.NET.Sdk.StaticWebAssets/Sdk/Sdk.StaticWebAssets.StaticAssets.ProjectSystem.props (25,5)
       Property reassignment: $(DefaultItemExcludes)=";**\node_modules\**;node_modules\**;**\jspm_packages\**;jspm_packages\**;**\bower_components\**;bower_components\**" (previous value: ";**\node_modules\**;node_modules\**;**\jspm_packages\**;jspm_packages\**") at /usr/local/share/dotnet/sdk/9.0.200/Sdks/Microsoft.NET.Sdk.StaticWebAssets/Sdk/Sdk.StaticWebAssets.StaticAssets.ProjectSystem.props (24,5)
       Property reassignment: $(IntermediateOutputPath)="obj\Debug/net8.0/" (previous value: "obj\Debug/") at /usr/local/share/dotnet/sdk/9.0.200/Sdks/Microsoft.NET.Sdk/targets/Microsoft.NET.DefaultOutputPaths.targets (142,5)
       Property reassignment: $(DefaultItemExcludes)=";bin\Debug//**;obj\Debug//**" (previous value: ";bin\Debug//**") at /usr/local/share/dotnet/sdk/9.0.200/Sdks/Microsoft.NET.Sdk/targets/Microsoft.NET.DefaultOutputPaths.targets (122,5)
       Property reassignment: $(DefaultItemExcludes)=";**\node_modules\**;node_modules\**;**\jspm_packages\**;jspm_packages\**;**\bower_components\**;bower_components\**;**\packages.lock.json" (previous value: ";**\node_modules\**;node_modules\**;**\jspm_packages\**;jspm_packages\**;**\bower_components\**;bower_components\**") at /usr/local/share/dotnet/sdk/9.0.200/Sdks/Microsoft.NET.Sdk.StaticWebAssets/Sdk/Sdk.StaticWebAssets.StaticAssets.ProjectSystem.props (25,5)
       Property reassignment: $(OutputPath)="bin\Debug/net8.0/" (previous value: "bin\Debug/") at /usr/local/share/dotnet/sdk/9.0.200/Sdks/Microsoft.NET.Sdk/targets/Microsoft.NET.DefaultOutputPaths.targets (137,5)
       Property reassignment: $(IntermediateOutputPath)="obj\Debug/net8.0/" (previous value: "obj\Debug/") at /usr/local/share/dotnet/sdk/9.0.200/Sdks/Microsoft.NET.Sdk/targets/Microsoft.NET.DefaultOutputPaths.targets (142,5)
       Property reassignment: $(DefaultItemExcludes)=";bin\Debug//**;obj\Debug//**" (previous value: ";bin\Debug//**") at /usr/local/share/dotnet/sdk/9.0.200/Sdks/Microsoft.NET.Sdk/targets/Microsoft.NET.DefaultOutputPaths.targets (122,5)
       Property reassignment: $(OutputPath)="bin\Debug/net8.0/" (previous value: "bin\Debug/") at /usr/local/share/dotnet/sdk/9.0.200/Sdks/Microsoft.NET.Sdk/targets/Microsoft.NET.DefaultOutputPaths.targets (137,5)
       Property reassignment: $(IntermediateOutputPath)="obj\Debug/net8.0/" (previous value: "obj\Debug/") at /usr/local/share/dotnet/sdk/9.0.200/Sdks/Microsoft.NET.Sdk/targets/Microsoft.NET.DefaultOutputPaths.targets (142,5)
       Property reassignment: $(OutputType)="Exe" (previous value: "Library") at /usr/local/share/dotnet/sdk/9.0.200/Sdks/Microsoft.NET.Sdk.Web.ProjectSystem/targets/Microsoft.NET.Sdk.Web.ProjectSystem.props (16,5)
       Property reassignment: $(OutputType)="Exe" (previous value: "Library") at /usr/local/share/dotnet/sdk/9.0.200/Sdks/Microsoft.NET.Sdk.Web.ProjectSystem/targets/Microsoft.NET.Sdk.Web.ProjectSystem.props (16,5)
       The SDK "Microsoft.NET.Sdk.Publish" was successfully resolved by the "DefaultSdkResolver" resolver to location "/usr/local/share/dotnet/sdk/9.0.200/Sdks/Microsoft.NET.Sdk.Publish/Sdk" and version "".
       Property reassignment: $(OutputType)="Exe" (previous value: "Library") at /usr/local/share/dotnet/sdk/9.0.200/Sdks/Microsoft.NET.Sdk.Web.ProjectSystem/targets/Microsoft.NET.Sdk.Web.ProjectSystem.props (16,5)
       The "Configuration" property is a global property, and cannot be modified.
       The "Configuration" property is a global property, and cannot be modified.
       The "Platform" property is a global property, and cannot be modified.
       The "Platform" property is a global property, and cannot be modified.
       Property reassignment: $(PublishProfileImported)="false" (previous value: "true") at /usr/local/share/dotnet/sdk/9.0.200/Sdks/Microsoft.NET.Sdk/targets/Microsoft.NET.Sdk.ImportPublishProfile.targets (28,5)
       Property reassignment: $(PublishProfileImported)="false" (previous value: "true") at /usr/local/share/dotnet/sdk/9.0.200/Sdks/Microsoft.NET.Sdk/targets/Microsoft.NET.Sdk.ImportPublishProfile.targets (28,5)
       The "Configuration" property is a global property, and cannot be modified.
       The "Platform" property is a global property, and cannot be modified.
       Property reassignment: $(PublishProfileImported)="false" (previous value: "true") at /usr/local/share/dotnet/sdk/9.0.200/Sdks/Microsoft.NET.Sdk/targets/Microsoft.NET.Sdk.ImportPublishProfile.targets (28,5)
       Property reassignment: $(TargetPlatformVersion)="" (previous value: "0.0") at /usr/local/share/dotnet/sdk/9.0.200/Sdks/Microsoft.NET.Sdk/targets/Microsoft.NET.TargetFrameworkInference.targets (69,5)
       Property reassignment: $(TargetPlatformVersion)="" (previous value: "0.0") at /usr/local/share/dotnet/sdk/9.0.200/Sdks/Microsoft.NET.Sdk/targets/Microsoft.NET.TargetFrameworkInference.targets (69,5)
       Property reassignment: $(TargetPlatformVersion)="" (previous value: "0.0") at /usr/local/share/dotnet/sdk/9.0.200/Sdks/Microsoft.NET.Sdk/targets/Microsoft.NET.TargetFrameworkInference.targets (69,5)
       Property reassignment: $(DefaultItemExcludes)=";**\node_modules\**;node_modules\**;**\jspm_packages\**;jspm_packages\**;**\bower_components\**;bower_components\**;**\packages.lock.json;bin\Debug//**" (previous value: ";**\node_modules\**;node_modules\**;**\jspm_packages\**;jspm_packages\**;**\bower_components\**;bower_components\**;**\packages.lock.json") at /usr/local/share/dotnet/sdk/9.0.200/Sdks/Microsoft.NET.Sdk/targets/Microsoft.NET.DefaultOutputPaths.targets (121,5)
       Property reassignment: $(DefaultItemExcludes)=";**\node_modules\**;node_modules\**;**\jspm_packages\**;jspm_packages\**;**\bower_components\**;bower_components\**;**\packages.lock.json;bin\Debug//**" (previous value: ";**\node_modules\**;node_modules\**;**\jspm_packages\**;jspm_packages\**;**\bower_components\**;bower_components\**;**\packages.lock.json") at /usr/local/share/dotnet/sdk/9.0.200/Sdks/Microsoft.NET.Sdk/targets/Microsoft.NET.DefaultOutputPaths.targets (121,5)
       Property reassignment: $(DefaultItemExcludes)=";**\node_modules\**;node_modules\**;**\jspm_packages\**;jspm_packages\**;**\bower_components\**;bower_components\**;**\packages.lock.json;bin\Debug//**;obj\Debug//**" (previous value: ";**\node_modules\**;node_modules\**;**\jspm_packages\**;jspm_packages\**;**\bower_components\**;bower_components\**;**\packages.lock.json;bin\Debug//**") at /usr/local/share/dotnet/sdk/9.0.200/Sdks/Microsoft.NET.Sdk/targets/Microsoft.NET.DefaultOutputPaths.targets (122,5)
       Property reassignment: $(DefaultItemExcludes)=";**\node_modules\**;node_modules\**;**\jspm_packages\**;jspm_packages\**;**\bower_components\**;bower_components\**;**\packages.lock.json;bin\Debug//**;obj\Debug//**" (previous value: ";**\node_modules\**;node_modules\**;**\jspm_packages\**;jspm_packages\**;**\bower_components\**;bower_components\**;**\packages.lock.json;bin\Debug//**") at /usr/local/share/dotnet/sdk/9.0.200/Sdks/Microsoft.NET.Sdk/targets/Microsoft.NET.DefaultOutputPaths.targets (122,5)
       Property reassignment: $(OutputPath)="bin\Debug/net8.0/" (previous value: "bin\Debug/") at /usr/local/share/dotnet/sdk/9.0.200/Sdks/Microsoft.NET.Sdk/targets/Microsoft.NET.DefaultOutputPaths.targets (137,5)
       Property reassignment: $(OutputPath)="bin\Debug/net8.0/" (previous value: "bin\Debug/") at /usr/local/share/dotnet/sdk/9.0.200/Sdks/Microsoft.NET.Sdk/targets/Microsoft.NET.DefaultOutputPaths.targets (137,5)
       Property reassignment: $(IntermediateOutputPath)="obj\Debug/net8.0/" (previous value: "obj\Debug/") at /usr/local/share/dotnet/sdk/9.0.200/Sdks/Microsoft.NET.Sdk/targets/Microsoft.NET.DefaultOutputPaths.targets (142,5)
       Property reassignment: $(DefaultItemExcludes)=";**\node_modules\**;node_modules\**;**\jspm_packages\**;jspm_packages\**;**\bower_components\**;bower_components\**;**\packages.lock.json;bin\Debug//**" (previous value: ";**\node_modules\**;node_modules\**;**\jspm_packages\**;jspm_packages\**;**\bower_components\**;bower_components\**;**\packages.lock.json") at /usr/local/share/dotnet/sdk/9.0.200/Sdks/Microsoft.NET.Sdk/targets/Microsoft.NET.DefaultOutputPaths.targets (121,5)
       Property reassignment: $(IntermediateOutputPath)="obj\Debug/net8.0/" (previous value: "obj\Debug/") at /usr/local/share/dotnet/sdk/9.0.200/Sdks/Microsoft.NET.Sdk/targets/Microsoft.NET.DefaultOutputPaths.targets (142,5)
       Property reassignment: $(DefaultItemExcludes)=";**\node_modules\**;node_modules\**;**\jspm_packages\**;jspm_packages\**;**\bower_components\**;bower_components\**;**\packages.lock.json;bin\Debug//**;obj\Debug//**" (previous value: ";**\node_modules\**;node_modules\**;**\jspm_packages\**;jspm_packages\**;**\bower_components\**;bower_components\**;**\packages.lock.json;bin\Debug//**") at /usr/local/share/dotnet/sdk/9.0.200/Sdks/Microsoft.NET.Sdk/targets/Microsoft.NET.DefaultOutputPaths.targets (122,5)
       Property reassignment: $(OutputPath)="bin\Debug/net8.0/" (previous value: "bin\Debug/") at /usr/local/share/dotnet/sdk/9.0.200/Sdks/Microsoft.NET.Sdk/targets/Microsoft.NET.DefaultOutputPaths.targets (137,5)
       Property reassignment: $(IntermediateOutputPath)="obj\Debug/net8.0/" (previous value: "obj\Debug/") at /usr/local/share/dotnet/sdk/9.0.200/Sdks/Microsoft.NET.Sdk/targets/Microsoft.NET.DefaultOutputPaths.targets (142,5)
       Property reassignment: $(TargetsForTfmSpecificContentInPackage)=";PackTool;_PackProjectToolValidation" (previous value: ";PackTool") at /usr/local/share/dotnet/sdk/9.0.200/Sdks/Microsoft.NET.Sdk/targets/Microsoft.NET.PackProjectTool.props (15,5)
       The SDK "Microsoft.NET.SDK.WorkloadManifestTargetsLocator" was successfully resolved by the "Microsoft.DotNet.MSBuildWorkloadSdkResolver" resolver to location "/usr/local/share/dotnet/sdk-manifests/9.0.100/microsoft.net.sdk.android/35.0.7" and version "null".
       Property reassignment: $(_FrameworkIdentifierForImplicitDefine)="NET" (previous value: "NETCOREAPP") at /usr/local/share/dotnet/sdk/9.0.200/Sdks/Microsoft.NET.Sdk/targets/Microsoft.NET.Sdk.BeforeCommon.targets (187,5)
       Property reassignment: $(_FrameworkIdentifierForImplicitDefine)="NET" (previous value: "NETCOREAPP") at /usr/local/share/dotnet/sdk/9.0.200/Sdks/Microsoft.NET.Sdk/targets/Microsoft.NET.Sdk.BeforeCommon.targets (187,5)
       Property reassignment: $(_FrameworkVersionForImplicitDefine)="8_0" (previous value: "8.0") at /usr/local/share/dotnet/sdk/9.0.200/Sdks/Microsoft.NET.Sdk/targets/Microsoft.NET.Sdk.BeforeCommon.targets (192,5)
       Property reassignment: $(_FrameworkVersionForImplicitDefine)="8_0" (previous value: "8.0") at /usr/local/share/dotnet/sdk/9.0.200/Sdks/Microsoft.NET.Sdk/targets/Microsoft.NET.Sdk.BeforeCommon.targets (192,5)
       Property reassignment: $(_FrameworkIdentifierForImplicitDefine)="NET" (previous value: "NETCOREAPP") at /usr/local/share/dotnet/sdk/9.0.200/Sdks/Microsoft.NET.Sdk/targets/Microsoft.NET.Sdk.BeforeCommon.targets (187,5)
       Property reassignment: $(_FrameworkIdentifierForImplicitDefine)="NET" (previous value: "NETCOREAPP") at /usr/local/share/dotnet/sdk/9.0.200/Sdks/Microsoft.NET.Sdk/targets/Microsoft.NET.Sdk.BeforeCommon.targets (187,5)
       Property reassignment: $(_FrameworkVersionForImplicitDefine)="8_0" (previous value: "8.0") at /usr/local/share/dotnet/sdk/9.0.200/Sdks/Microsoft.NET.Sdk/targets/Microsoft.NET.Sdk.BeforeCommon.targets (192,5)
       Property reassignment: $(_FrameworkVersionForImplicitDefine)="8_0" (previous value: "8.0") at /usr/local/share/dotnet/sdk/9.0.200/Sdks/Microsoft.NET.Sdk/targets/Microsoft.NET.Sdk.BeforeCommon.targets (192,5)
       Property reassignment: $(_FrameworkIdentifierForImplicitDefine)="NET" (previous value: "NETCOREAPP") at /usr/local/share/dotnet/sdk/9.0.200/Sdks/Microsoft.NET.Sdk/targets/Microsoft.NET.Sdk.BeforeCommon.targets (187,5)
       Property reassignment: $(_FrameworkVersionForImplicitDefine)="8_0" (previous value: "8.0") at /usr/local/share/dotnet/sdk/9.0.200/Sdks/Microsoft.NET.Sdk/targets/Microsoft.NET.Sdk.BeforeCommon.targets (192,5)
       Property reassignment: $(_FrameworkIdentifierForImplicitDefine)="NET" (previous value: "NETCOREAPP") at /usr/local/share/dotnet/sdk/9.0.200/Sdks/Microsoft.NET.Sdk/targets/Microsoft.NET.Sdk.BeforeCommon.targets (187,5)
       Property reassignment: $(_FrameworkVersionForImplicitDefine)="8_0" (previous value: "8.0") at /usr/local/share/dotnet/sdk/9.0.200/Sdks/Microsoft.NET.Sdk/targets/Microsoft.NET.Sdk.BeforeCommon.targets (192,5)
       Property reassignment: $(_FrameworkIdentifierForImplicitDefine)="NET" (previous value: "NETCOREAPP") at /usr/local/share/dotnet/sdk/9.0.200/Sdks/Microsoft.NET.Sdk/targets/Microsoft.NET.Sdk.BeforeCommon.targets (187,5)
       Property reassignment: $(_FrameworkVersionForImplicitDefine)="8_0" (previous value: "8.0") at /usr/local/share/dotnet/sdk/9.0.200/Sdks/Microsoft.NET.Sdk/targets/Microsoft.NET.Sdk.BeforeCommon.targets (192,5)
       Property reassignment: $(CommandLineArgsForDesignTimeEvaluation)="-langversion:12.0 -define:TRACE" (previous value: "-langversion:12.0") at /usr/local/share/dotnet/sdk/9.0.200/Roslyn/Microsoft.CSharp.Core.targets (200,5)
       Property reassignment: $(CommandLineArgsForDesignTimeEvaluation)="-langversion:12.0 -define:TRACE" (previous value: "-langversion:12.0") at /usr/local/share/dotnet/sdk/9.0.200/Roslyn/Microsoft.CSharp.Core.targets (200,5)
       Property reassignment: $(CommandLineArgsForDesignTimeEvaluation)="-langversion:12.0 -define:TRACE" (previous value: "-langversion:12.0") at /usr/local/share/dotnet/sdk/9.0.200/Roslyn/Microsoft.CSharp.Core.targets (200,5)
       Property reassignment: $(CommandLineArgsForDesignTimeEvaluation)="-langversion:12.0 -define:TRACE" (previous value: "-langversion:12.0") at /usr/local/share/dotnet/sdk/9.0.200/Roslyn/Microsoft.CSharp.Core.targets (200,5)
       Property reassignment: $(CommandLineArgsForDesignTimeEvaluation)="-langversion:12.0 -define:TRACE" (previous value: "-langversion:12.0") at /usr/local/share/dotnet/sdk/9.0.200/Roslyn/Microsoft.CSharp.Core.targets (200,5)
       Property reassignment: $(CommandLineArgsForDesignTimeEvaluation)="-langversion:12.0 -define:TRACE" (previous value: "-langversion:12.0") at /usr/local/share/dotnet/sdk/9.0.200/Roslyn/Microsoft.CSharp.Core.targets (200,5)
       Property reassignment: $(CommandLineArgsForDesignTimeEvaluation)="-langversion:12.0 -define:TRACE" (previous value: "-langversion:12.0") at /usr/local/share/dotnet/sdk/9.0.200/Roslyn/Microsoft.CSharp.Core.targets (200,5)
       The "Platform" property is a global property, and cannot be modified.
       The "Configuration" property is a global property, and cannot be modified.
       The "Platform" property is a global property, and cannot be modified.
       The "Configuration" property is a global property, and cannot be modified.
       The "Platform" property is a global property, and cannot be modified.
       The "Configuration" property is a global property, and cannot be modified.
       The "Platform" property is a global property, and cannot be modified.
       The "Configuration" property is a global property, and cannot be modified.
       The "Platform" property is a global property, and cannot be modified.
       The "Configuration" property is a global property, and cannot be modified.
       The "Platform" property is a global property, and cannot be modified.
       The "Configuration" property is a global property, and cannot be modified.
       The "Platform" property is a global property, and cannot be modified.
       The "Configuration" property is a global property, and cannot be modified.
       Property reassignment: $(_DebugSymbolsProduced)="true" (previous value: "false") at /usr/local/share/dotnet/sdk/9.0.200/Microsoft.Common.CurrentVersion.targets (175,5)
       Property reassignment: $(_DocumentationFileProduced)="false" (previous value: "true") at /usr/local/share/dotnet/sdk/9.0.200/Microsoft.Common.CurrentVersion.targets (185,5)
       Property reassignment: $(_DebugSymbolsProduced)="true" (previous value: "false") at /usr/local/share/dotnet/sdk/9.0.200/Microsoft.Common.CurrentVersion.targets (175,5)
       Property reassignment: $(_DocumentationFileProduced)="false" (previous value: "true") at /usr/local/share/dotnet/sdk/9.0.200/Microsoft.Common.CurrentVersion.targets (185,5)
       The "SolutionName" property is a global property, and cannot be modified.
       The "SolutionFileName" property is a global property, and cannot be modified.
       The "SolutionPath" property is a global property, and cannot be modified.
       The "SolutionDir" property is a global property, and cannot be modified.
       The "SolutionExt" property is a global property, and cannot be modified.
       Property reassignment: $(MSBuildCopyMarkerName)="DeventSo.FBAD8B3A" (previous value: "DeventSoft.RoadmapSkills.Users.Application.csproj") at /usr/local/share/dotnet/sdk/9.0.200/Microsoft.Common.CurrentVersion.targets (392,5)
       Property reassignment: $(MSBuildCopyMarkerName)="DeventSo.FBAD8B3A.Up2Date" (previous value: "DeventSo.FBAD8B3A") at /usr/local/share/dotnet/sdk/9.0.200/Microsoft.Common.CurrentVersion.targets (393,5)
       Property reassignment: $(ProcessorArchitecture)="msil" (previous value: "") at /usr/local/share/dotnet/sdk/9.0.200/Microsoft.Common.CurrentVersion.targets (541,5)
       Property reassignment: $(DelaySign)="" (previous value: "false") at /usr/local/share/dotnet/sdk/9.0.200/Microsoft.Common.CurrentVersion.targets (580,5)
       Property reassignment: $(_DebugSymbolsProduced)="true" (previous value: "false") at /usr/local/share/dotnet/sdk/9.0.200/Microsoft.Common.CurrentVersion.targets (175,5)
       Property reassignment: $(_DocumentationFileProduced)="false" (previous value: "true") at /usr/local/share/dotnet/sdk/9.0.200/Microsoft.Common.CurrentVersion.targets (185,5)
       The "SolutionName" property is a global property, and cannot be modified.
       The "SolutionFileName" property is a global property, and cannot be modified.
       The "SolutionPath" property is a global property, and cannot be modified.
       The "SolutionDir" property is a global property, and cannot be modified.
       The "SolutionExt" property is a global property, and cannot be modified.
       Property reassignment: $(MSBuildCopyMarkerName)="DeventSo.54B819C2" (previous value: "DeventSoft.RoadmapSkills.Users.Api.csproj") at /usr/local/share/dotnet/sdk/9.0.200/Microsoft.Common.CurrentVersion.targets (392,5)
       Property reassignment: $(MSBuildCopyMarkerName)="DeventSo.54B819C2.Up2Date" (previous value: "DeventSo.54B819C2") at /usr/local/share/dotnet/sdk/9.0.200/Microsoft.Common.CurrentVersion.targets (393,5)
       Property reassignment: $(ProcessorArchitecture)="msil" (previous value: "") at /usr/local/share/dotnet/sdk/9.0.200/Microsoft.Common.CurrentVersion.targets (541,5)
       Property reassignment: $(DelaySign)="" (previous value: "false") at /usr/local/share/dotnet/sdk/9.0.200/Microsoft.Common.CurrentVersion.targets (580,5)
       Property reassignment: $(_DebugSymbolsProduced)="true" (previous value: "false") at /usr/local/share/dotnet/sdk/9.0.200/Microsoft.Common.CurrentVersion.targets (175,5)
       Property reassignment: $(_DocumentationFileProduced)="false" (previous value: "true") at /usr/local/share/dotnet/sdk/9.0.200/Microsoft.Common.CurrentVersion.targets (185,5)
       The "SolutionName" property is a global property, and cannot be modified.
       The "SolutionFileName" property is a global property, and cannot be modified.
       The "SolutionPath" property is a global property, and cannot be modified.
       The "SolutionDir" property is a global property, and cannot be modified.
       The "SolutionExt" property is a global property, and cannot be modified.
       Property reassignment: $(MSBuildCopyMarkerName)="DeventSo.F38307BF" (previous value: "DeventSoft.RoadmapSkills.Users.Infrastructure.csproj") at /usr/local/share/dotnet/sdk/9.0.200/Microsoft.Common.CurrentVersion.targets (392,5)
       Property reassignment: $(MSBuildCopyMarkerName)="DeventSo.F38307BF.Up2Date" (previous value: "DeventSo.F38307BF") at /usr/local/share/dotnet/sdk/9.0.200/Microsoft.Common.CurrentVersion.targets (393,5)
       Property reassignment: $(ProcessorArchitecture)="msil" (previous value: "") at /usr/local/share/dotnet/sdk/9.0.200/Microsoft.Common.CurrentVersion.targets (541,5)
       Property reassignment: $(DelaySign)="" (previous value: "false") at /usr/local/share/dotnet/sdk/9.0.200/Microsoft.Common.CurrentVersion.targets (580,5)
       Property reassignment: $(_DebugSymbolsProduced)="true" (previous value: "false") at /usr/local/share/dotnet/sdk/9.0.200/Microsoft.Common.CurrentVersion.targets (175,5)
       Property reassignment: $(_DocumentationFileProduced)="false" (previous value: "true") at /usr/local/share/dotnet/sdk/9.0.200/Microsoft.Common.CurrentVersion.targets (185,5)
       The "SolutionName" property is a global property, and cannot be modified.
       The "SolutionFileName" property is a global property, and cannot be modified.
       The "SolutionPath" property is a global property, and cannot be modified.
       The "SolutionDir" property is a global property, and cannot be modified.
       The "SolutionExt" property is a global property, and cannot be modified.
       Property reassignment: $(MSBuildCopyMarkerName)="DeventSo.7E712D75" (previous value: "DeventSoft.RoadmapSkills.Users.IntegrationTests.csproj") at /usr/local/share/dotnet/sdk/9.0.200/Microsoft.Common.CurrentVersion.targets (392,5)
       Property reassignment: $(MSBuildCopyMarkerName)="DeventSo.7E712D75.Up2Date" (previous value: "DeventSo.7E712D75") at /usr/local/share/dotnet/sdk/9.0.200/Microsoft.Common.CurrentVersion.targets (393,5)
       Property reassignment: $(ProcessorArchitecture)="msil" (previous value: "") at /usr/local/share/dotnet/sdk/9.0.200/Microsoft.Common.CurrentVersion.targets (541,5)
       Property reassignment: $(DelaySign)="" (previous value: "false") at /usr/local/share/dotnet/sdk/9.0.200/Microsoft.Common.CurrentVersion.targets (580,5)
       Property reassignment: $(_DebugSymbolsProduced)="true" (previous value: "false") at /usr/local/share/dotnet/sdk/9.0.200/Microsoft.Common.CurrentVersion.targets (175,5)
       Property reassignment: $(_DocumentationFileProduced)="false" (previous value: "true") at /usr/local/share/dotnet/sdk/9.0.200/Microsoft.Common.CurrentVersion.targets (185,5)
       The "SolutionName" property is a global property, and cannot be modified.
       The "Configuration" property is a global property, and cannot be modified.
       The "Platform" property is a global property, and cannot be modified.
       The "SolutionFileName" property is a global property, and cannot be modified.
       The "SolutionPath" property is a global property, and cannot be modified.
       The "SolutionDir" property is a global property, and cannot be modified.
       The "SolutionExt" property is a global property, and cannot be modified.
       Property reassignment: $(MSBuildCopyMarkerName)="DeventSo.BC8AD8D6" (previous value: "DeventSoft.RoadmapSkills.BlazorApp.csproj") at /usr/local/share/dotnet/sdk/9.0.200/Microsoft.Common.CurrentVersion.targets (392,5)
       Property reassignment: $(MSBuildCopyMarkerName)="DeventSo.BC8AD8D6.Up2Date" (previous value: "DeventSo.BC8AD8D6") at /usr/local/share/dotnet/sdk/9.0.200/Microsoft.Common.CurrentVersion.targets (393,5)
       Property reassignment: $(ProcessorArchitecture)="msil" (previous value: "") at /usr/local/share/dotnet/sdk/9.0.200/Microsoft.Common.CurrentVersion.targets (541,5)
       Property reassignment: $(DelaySign)="" (previous value: "false") at /usr/local/share/dotnet/sdk/9.0.200/Microsoft.Common.CurrentVersion.targets (580,5)
       Property reassignment: $(_DebugSymbolsProduced)="true" (previous value: "false") at /usr/local/share/dotnet/sdk/9.0.200/Microsoft.Common.CurrentVersion.targets (175,5)
       Property reassignment: $(_DocumentationFileProduced)="false" (previous value: "true") at /usr/local/share/dotnet/sdk/9.0.200/Microsoft.Common.CurrentVersion.targets (185,5)
       The "SolutionName" property is a global property, and cannot be modified.
       The "SolutionFileName" property is a global property, and cannot be modified.
       The "SolutionPath" property is a global property, and cannot be modified.
       The "SolutionDir" property is a global property, and cannot be modified.
       The "SolutionExt" property is a global property, and cannot be modified.
       Property reassignment: $(MSBuildCopyMarkerName)="DeventSo.4CEF0A3C" (previous value: "DeventSoft.RoadmapSkills.Api.csproj") at /usr/local/share/dotnet/sdk/9.0.200/Microsoft.Common.CurrentVersion.targets (392,5)
       Property reassignment: $(MSBuildCopyMarkerName)="DeventSo.4CEF0A3C.Up2Date" (previous value: "DeventSo.4CEF0A3C") at /usr/local/share/dotnet/sdk/9.0.200/Microsoft.Common.CurrentVersion.targets (393,5)
       The "SolutionName" property is a global property, and cannot be modified.
       The "SolutionFileName" property is a global property, and cannot be modified.
       The "SolutionPath" property is a global property, and cannot be modified.
       The "SolutionDir" property is a global property, and cannot be modified.
       The "SolutionExt" property is a global property, and cannot be modified.
       Property reassignment: $(MSBuildCopyMarkerName)="DeventSo.06F35A58" (previous value: "DeventSoft.RoadmapSkills.Users.UnitTests.csproj") at /usr/local/share/dotnet/sdk/9.0.200/Microsoft.Common.CurrentVersion.targets (392,5)
       Property reassignment: $(MSBuildCopyMarkerName)="DeventSo.06F35A58.Up2Date" (previous value: "DeventSo.06F35A58") at /usr/local/share/dotnet/sdk/9.0.200/Microsoft.Common.CurrentVersion.targets (393,5)
       Property reassignment: $(ProcessorArchitecture)="msil" (previous value: "") at /usr/local/share/dotnet/sdk/9.0.200/Microsoft.Common.CurrentVersion.targets (541,5)
       Property reassignment: $(DelaySign)="" (previous value: "false") at /usr/local/share/dotnet/sdk/9.0.200/Microsoft.Common.CurrentVersion.targets (580,5)
       /usr/local/share/dotnet/sdk/9.0.200/Microsoft.Common.CurrentVersion.targets(2590,5): message : Property 'LocalAppData' with value '/Users/dacanetdev/Library/Application Support' expanded from the environment.
       Property reassignment: $(_SGenGenerateSerializationAssembliesConfig)="Auto" (previous value: "") at /usr/local/share/dotnet/sdk/9.0.200/Microsoft.Common.CurrentVersion.targets (3916,5)
       Property reassignment: $(_SGenGenerateSerializationAssembliesConfig)="Off" (previous value: "Auto") at /usr/local/share/dotnet/sdk/9.0.200/Microsoft.Common.CurrentVersion.targets (3917,5)
       Property reassignment: $(_TargetsThatPrepareProjectReferences)="
             AssignProjectConfiguration;
             _SplitProjectReferencesByFileExistence
           " (previous value: "_SplitProjectReferencesByFileExistence") at /usr/local/share/dotnet/sdk/9.0.200/Microsoft.Common.CurrentVersion.targets (5128,5)
       /usr/local/share/dotnet/sdk/9.0.200/Microsoft.Common.CurrentVersion.targets(6923,5): message : Property 'MSBuildExtensionsPath32' with value '/usr/local/share/dotnet/sdk/9.0.200' expanded from the environment.
       /usr/local/share/dotnet/sdk/9.0.200/Microsoft.Common.CurrentVersion.targets(2590,5): message : Property 'LocalAppData' with value '/Users/dacanetdev/Library/Application Support' expanded from the environment.
       Property reassignment: $(_SGenGenerateSerializationAssembliesConfig)="Auto" (previous value: "") at /usr/local/share/dotnet/sdk/9.0.200/Microsoft.Common.CurrentVersion.targets (3916,5)
       Property reassignment: $(_SGenGenerateSerializationAssembliesConfig)="Off" (previous value: "Auto") at /usr/local/share/dotnet/sdk/9.0.200/Microsoft.Common.CurrentVersion.targets (3917,5)
       Property reassignment: $(_TargetsThatPrepareProjectReferences)="
             AssignProjectConfiguration;
             _SplitProjectReferencesByFileExistence
           " (previous value: "_SplitProjectReferencesByFileExistence") at /usr/local/share/dotnet/sdk/9.0.200/Microsoft.Common.CurrentVersion.targets (5128,5)
       /usr/local/share/dotnet/sdk/9.0.200/Microsoft.Common.CurrentVersion.targets(6923,5): message : Property 'MSBuildExtensionsPath32' with value '/usr/local/share/dotnet/sdk/9.0.200' expanded from the environment.
       The "_RestoreSolutionFileUsed" property is a global property, and cannot be modified.
       Property reassignment: $(_GenerateRestoreGraphProjectEntryInputProperties)="
             ExcludeRestorePackageImports=true;
             _RestoreSolutionFileUsed=true;
             SolutionDir=/Users/dacanetdev/Dev/AIGenerated/RoadmapSkills/;
             SolutionName=RoadmapSkills;
             SolutionFileName=RoadmapSkills.sln;
             SolutionPath=/Users/dacanetdev/Dev/AIGenerated/RoadmapSkills/RoadmapSkills.sln;
             SolutionExt=.sln;
           " (previous value: "ExcludeRestorePackageImports=true") at /usr/local/share/dotnet/sdk/9.0.200/NuGet.targets (101,5)
       /usr/local/share/dotnet/sdk/9.0.200/Microsoft.Common.CurrentVersion.targets(2590,5): message : Property 'LocalAppData' with value '/Users/dacanetdev/Library/Application Support' expanded from the environment.
       Property reassignment: $(_SGenGenerateSerializationAssembliesConfig)="Auto" (previous value: "") at /usr/local/share/dotnet/sdk/9.0.200/Microsoft.Common.CurrentVersion.targets (3916,5)
       Property reassignment: $(_SGenGenerateSerializationAssembliesConfig)="Off" (previous value: "Auto") at /usr/local/share/dotnet/sdk/9.0.200/Microsoft.Common.CurrentVersion.targets (3917,5)
       Property reassignment: $(_TargetsThatPrepareProjectReferences)="
             AssignProjectConfiguration;
             _SplitProjectReferencesByFileExistence
           " (previous value: "_SplitProjectReferencesByFileExistence") at /usr/local/share/dotnet/sdk/9.0.200/Microsoft.Common.CurrentVersion.targets (5128,5)
       /usr/local/share/dotnet/sdk/9.0.200/Microsoft.Common.CurrentVersion.targets(6923,5): message : Property 'MSBuildExtensionsPath32' with value '/usr/local/share/dotnet/sdk/9.0.200' expanded from the environment.
       The "_RestoreSolutionFileUsed" property is a global property, and cannot be modified.
       Property reassignment: $(_GenerateRestoreGraphProjectEntryInputProperties)="
             ExcludeRestorePackageImports=true;
             _RestoreSolutionFileUsed=true;
             SolutionDir=/Users/dacanetdev/Dev/AIGenerated/RoadmapSkills/;
             SolutionName=RoadmapSkills;
             SolutionFileName=RoadmapSkills.sln;
             SolutionPath=/Users/dacanetdev/Dev/AIGenerated/RoadmapSkills/RoadmapSkills.sln;
             SolutionExt=.sln;
           " (previous value: "ExcludeRestorePackageImports=true") at /usr/local/share/dotnet/sdk/9.0.200/NuGet.targets (101,5)
       /usr/local/share/dotnet/sdk/9.0.200/Microsoft.Common.CurrentVersion.targets(2590,5): message : Property 'LocalAppData' with value '/Users/dacanetdev/Library/Application Support' expanded from the environment.
       Property reassignment: $(PublishProfileImported)="false" (previous value: "true") at /usr/local/share/dotnet/sdk/9.0.200/Sdks/Microsoft.NET.Sdk/targets/Microsoft.NET.Sdk.ImportPublishProfile.targets (28,5)
       Property reassignment: $(_SGenGenerateSerializationAssembliesConfig)="Auto" (previous value: "") at /usr/local/share/dotnet/sdk/9.0.200/Microsoft.Common.CurrentVersion.targets (3916,5)
       Property reassignment: $(_SGenGenerateSerializationAssembliesConfig)="Off" (previous value: "Auto") at /usr/local/share/dotnet/sdk/9.0.200/Microsoft.Common.CurrentVersion.targets (3917,5)
       Property reassignment: $(_TargetsThatPrepareProjectReferences)="
             AssignProjectConfiguration;
             _SplitProjectReferencesByFileExistence
           " (previous value: "_SplitProjectReferencesByFileExistence") at /usr/local/share/dotnet/sdk/9.0.200/Microsoft.Common.CurrentVersion.targets (5128,5)
       /usr/local/share/dotnet/sdk/9.0.200/Microsoft.Common.CurrentVersion.targets(6923,5): message : Property 'MSBuildExtensionsPath32' with value '/usr/local/share/dotnet/sdk/9.0.200' expanded from the environment.
       The "_RestoreSolutionFileUsed" property is a global property, and cannot be modified.
       Property reassignment: $(_GenerateRestoreGraphProjectEntryInputProperties)="
             ExcludeRestorePackageImports=true;
             _RestoreSolutionFileUsed=true;
             SolutionDir=/Users/dacanetdev/Dev/AIGenerated/RoadmapSkills/;
             SolutionName=RoadmapSkills;
             SolutionFileName=RoadmapSkills.sln;
             SolutionPath=/Users/dacanetdev/Dev/AIGenerated/RoadmapSkills/RoadmapSkills.sln;
             SolutionExt=.sln;
           " (previous value: "ExcludeRestorePackageImports=true") at /usr/local/share/dotnet/sdk/9.0.200/NuGet.targets (101,5)
       /usr/local/share/dotnet/sdk/9.0.200/Microsoft.Common.CurrentVersion.targets(2590,5): message : Property 'LocalAppData' with value '/Users/dacanetdev/Library/Application Support' expanded from the environment.
       Property reassignment: $(_SGenGenerateSerializationAssembliesConfig)="Auto" (previous value: "") at /usr/local/share/dotnet/sdk/9.0.200/Microsoft.Common.CurrentVersion.targets (3916,5)
       Property reassignment: $(_SGenGenerateSerializationAssembliesConfig)="Off" (previous value: "Auto") at /usr/local/share/dotnet/sdk/9.0.200/Microsoft.Common.CurrentVersion.targets (3917,5)
       Property reassignment: $(_TargetsThatPrepareProjectReferences)="
             AssignProjectConfiguration;
             _SplitProjectReferencesByFileExistence
           " (previous value: "_SplitProjectReferencesByFileExistence") at /usr/local/share/dotnet/sdk/9.0.200/Microsoft.Common.CurrentVersion.targets (5128,5)
       /usr/local/share/dotnet/sdk/9.0.200/Microsoft.Common.CurrentVersion.targets(6923,5): message : Property 'MSBuildExtensionsPath32' with value '/usr/local/share/dotnet/sdk/9.0.200' expanded from the environment.
       The "_RestoreSolutionFileUsed" property is a global property, and cannot be modified.
       Property reassignment: $(_GenerateRestoreGraphProjectEntryInputProperties)="
             ExcludeRestorePackageImports=true;
             _RestoreSolutionFileUsed=true;
             SolutionDir=/Users/dacanetdev/Dev/AIGenerated/RoadmapSkills/;
             SolutionName=RoadmapSkills;
             SolutionFileName=RoadmapSkills.sln;
             SolutionPath=/Users/dacanetdev/Dev/AIGenerated/RoadmapSkills/RoadmapSkills.sln;
             SolutionExt=.sln;
           " (previous value: "ExcludeRestorePackageImports=true") at /usr/local/share/dotnet/sdk/9.0.200/NuGet.targets (101,5)
       /usr/local/share/dotnet/sdk/9.0.200/Microsoft.Common.CurrentVersion.targets(2590,5): message : Property 'LocalAppData' with value '/Users/dacanetdev/Library/Application Support' expanded from the environment.
       Property reassignment: $(_SGenGenerateSerializationAssembliesConfig)="Auto" (previous value: "") at /usr/local/share/dotnet/sdk/9.0.200/Microsoft.Common.CurrentVersion.targets (3916,5)
       Property reassignment: $(_SGenGenerateSerializationAssembliesConfig)="Off" (previous value: "Auto") at /usr/local/share/dotnet/sdk/9.0.200/Microsoft.Common.CurrentVersion.targets (3917,5)
       Property reassignment: $(_TargetsThatPrepareProjectReferences)="
             AssignProjectConfiguration;
             _SplitProjectReferencesByFileExistence
           " (previous value: "_SplitProjectReferencesByFileExistence") at /usr/local/share/dotnet/sdk/9.0.200/Microsoft.Common.CurrentVersion.targets (5128,5)
       /usr/local/share/dotnet/sdk/9.0.200/Microsoft.Common.CurrentVersion.targets(6923,5): message : Property 'MSBuildExtensionsPath32' with value '/usr/local/share/dotnet/sdk/9.0.200' expanded from the environment.
       The "_RestoreSolutionFileUsed" property is a global property, and cannot be modified.
       Property reassignment: $(_GenerateRestoreGraphProjectEntryInputProperties)="
             ExcludeRestorePackageImports=true;
             _RestoreSolutionFileUsed=true;
             SolutionDir=/Users/dacanetdev/Dev/AIGenerated/RoadmapSkills/;
             SolutionName=RoadmapSkills;
             SolutionFileName=RoadmapSkills.sln;
             SolutionPath=/Users/dacanetdev/Dev/AIGenerated/RoadmapSkills/RoadmapSkills.sln;
             SolutionExt=.sln;
           " (previous value: "ExcludeRestorePackageImports=true") at /usr/local/share/dotnet/sdk/9.0.200/NuGet.targets (101,5)
       Property reassignment: $(ProcessorArchitecture)="msil" (previous value: "") at /usr/local/share/dotnet/sdk/9.0.200/Microsoft.Common.CurrentVersion.targets (541,5)
       Property reassignment: $(DelaySign)="" (previous value: "false") at /usr/local/share/dotnet/sdk/9.0.200/Microsoft.Common.CurrentVersion.targets (580,5)
       /usr/local/share/dotnet/sdk/9.0.200/Microsoft.Common.CurrentVersion.targets(2590,5): message : Property 'LocalAppData' with value '/Users/dacanetdev/Library/Application Support' expanded from the environment.
       Property reassignment: $(_SGenGenerateSerializationAssembliesConfig)="Auto" (previous value: "") at /usr/local/share/dotnet/sdk/9.0.200/Microsoft.Common.CurrentVersion.targets (3916,5)
       Property reassignment: $(_SGenGenerateSerializationAssembliesConfig)="Off" (previous value: "Auto") at /usr/local/share/dotnet/sdk/9.0.200/Microsoft.Common.CurrentVersion.targets (3917,5)
       Property reassignment: $(_TargetsThatPrepareProjectReferences)="
             AssignProjectConfiguration;
             _SplitProjectReferencesByFileExistence
           " (previous value: "_SplitProjectReferencesByFileExistence") at /usr/local/share/dotnet/sdk/9.0.200/Microsoft.Common.CurrentVersion.targets (5128,5)
       /usr/local/share/dotnet/sdk/9.0.200/Microsoft.Common.CurrentVersion.targets(6923,5): message : Property 'MSBuildExtensionsPath32' with value '/usr/local/share/dotnet/sdk/9.0.200' expanded from the environment.
       The "_RestoreSolutionFileUsed" property is a global property, and cannot be modified.
       Property reassignment: $(_GenerateRestoreGraphProjectEntryInputProperties)="
             ExcludeRestorePackageImports=true;
             _RestoreSolutionFileUsed=true;
             SolutionDir=/Users/dacanetdev/Dev/AIGenerated/RoadmapSkills/;
             SolutionName=RoadmapSkills;
             SolutionFileName=RoadmapSkills.sln;
             SolutionPath=/Users/dacanetdev/Dev/AIGenerated/RoadmapSkills/RoadmapSkills.sln;
             SolutionExt=.sln;
           " (previous value: "ExcludeRestorePackageImports=true") at /usr/local/share/dotnet/sdk/9.0.200/NuGet.targets (101,5)
       The "_RestoreSolutionFileUsed" property is a global property, and cannot be modified.
       Property reassignment: $(_GenerateRestoreGraphProjectEntryInputProperties)="
             ExcludeRestorePackageImports=true;
             _RestoreSolutionFileUsed=true;
             SolutionDir=/Users/dacanetdev/Dev/AIGenerated/RoadmapSkills/;
             SolutionName=RoadmapSkills;
             SolutionFileName=RoadmapSkills.sln;
             SolutionPath=/Users/dacanetdev/Dev/AIGenerated/RoadmapSkills/RoadmapSkills.sln;
             SolutionExt=.sln;
           " (previous value: "ExcludeRestorePackageImports=true") at /usr/local/share/dotnet/sdk/9.0.200/NuGet.targets (101,5)
       Property reassignment: $(ProjectAssetsFile)="/Users/dacanetdev/Dev/AIGenerated/RoadmapSkills/tests/Modules/Users/DeventSoft.RoadmapSkills.Users.IntegrationTests/obj/project.assets.json" (previous value: "/Users/dacanetdev/Dev/AIGenerated/RoadmapSkills/tests/Modules/Users/DeventSoft.RoadmapSkills.Users.IntegrationTests/obj//project.assets.json") at /usr/local/share/dotnet/sdk/9.0.200/Sdks/Microsoft.NET.Sdk/targets/Microsoft.PackageDependencyResolution.targets (24,5)
       Property reassignment: $(ProjectAssetsCacheFile)="/Users/dacanetdev/Dev/AIGenerated/RoadmapSkills/tests/Modules/Users/DeventSoft.RoadmapSkills.Users.IntegrationTests/obj/Debug/net8.0/DeventSoft.RoadmapSkills.Users.IntegrationTests.assets.cache" (previous value: "obj\Debug/net8.0/DeventSoft.RoadmapSkills.Users.IntegrationTests.assets.cache") at /usr/local/share/dotnet/sdk/9.0.200/Sdks/Microsoft.NET.Sdk/targets/Microsoft.PackageDependencyResolution.targets (29,5)
       Property reassignment: $(ResolveAssemblyReferencesDependsOn)="
             
             ResolveProjectReferences;
             FindInvalidProjectReferences;
             GetFrameworkPaths;
             GetReferenceAssemblyPaths;
             PrepareForBuild;
             ResolveSDKReferences;
             ExpandSDKReferences;
           ;
             ResolvePackageDependenciesForBuild;
             _HandlePackageFileConflicts;
           " (previous value: "
             ResolveProjectReferences;
             FindInvalidProjectReferences;
             GetFrameworkPaths;
             GetReferenceAssemblyPaths;
             PrepareForBuild;
             ResolveSDKReferences;
             ExpandSDKReferences;
           ") at /usr/local/share/dotnet/sdk/9.0.200/Sdks/Microsoft.NET.Sdk/targets/Microsoft.PackageDependencyResolution.targets (80,5)
       Property reassignment: $(PrepareResourcesDependsOn)="
             ResolvePackageDependenciesForBuild;
             _HandlePackageFileConflicts;
             
             ;
             PrepareResourceNames;
             ResGen;
             CompileLicxFiles
           
           " (previous value: "
             ;
             PrepareResourceNames;
             ResGen;
             CompileLicxFiles
           ") at /usr/local/share/dotnet/sdk/9.0.200/Sdks/Microsoft.NET.Sdk/targets/Microsoft.PackageDependencyResolution.targets (86,5)
       Property reassignment: $(ProjectAssetsFile)="/Users/dacanetdev/Dev/AIGenerated/RoadmapSkills/src/Modules/Users/DeventSoft.RoadmapSkills.Users.Infrastructure/obj/project.assets.json" (previous value: "/Users/dacanetdev/Dev/AIGenerated/RoadmapSkills/src/Modules/Users/DeventSoft.RoadmapSkills.Users.Infrastructure/obj//project.assets.json") at /usr/local/share/dotnet/sdk/9.0.200/Sdks/Microsoft.NET.Sdk/targets/Microsoft.PackageDependencyResolution.targets (24,5)
       Property reassignment: $(ProjectAssetsCacheFile)="/Users/dacanetdev/Dev/AIGenerated/RoadmapSkills/src/Modules/Users/DeventSoft.RoadmapSkills.Users.Infrastructure/obj/Debug/net8.0/DeventSoft.RoadmapSkills.Users.Infrastructure.assets.cache" (previous value: "obj\Debug/net8.0/DeventSoft.RoadmapSkills.Users.Infrastructure.assets.cache") at /usr/local/share/dotnet/sdk/9.0.200/Sdks/Microsoft.NET.Sdk/targets/Microsoft.PackageDependencyResolution.targets (29,5)
       Property reassignment: $(ResolveAssemblyReferencesDependsOn)="
             
             ResolveProjectReferences;
             FindInvalidProjectReferences;
             GetFrameworkPaths;
             GetReferenceAssemblyPaths;
             PrepareForBuild;
             ResolveSDKReferences;
             ExpandSDKReferences;
           ;
             ResolvePackageDependenciesForBuild;
             _HandlePackageFileConflicts;
           " (previous value: "
             ResolveProjectReferences;
             FindInvalidProjectReferences;
             GetFrameworkPaths;
             GetReferenceAssemblyPaths;
             PrepareForBuild;
             ResolveSDKReferences;
             ExpandSDKReferences;
           ") at /usr/local/share/dotnet/sdk/9.0.200/Sdks/Microsoft.NET.Sdk/targets/Microsoft.PackageDependencyResolution.targets (80,5)
       Property reassignment: $(ProjectAssetsFile)="/Users/dacanetdev/Dev/AIGenerated/RoadmapSkills/src/Modules/Users/DeventSoft.RoadmapSkills.Users.Application/obj/project.assets.json" (previous value: "/Users/dacanetdev/Dev/AIGenerated/RoadmapSkills/src/Modules/Users/DeventSoft.RoadmapSkills.Users.Application/obj//project.assets.json") at /usr/local/share/dotnet/sdk/9.0.200/Sdks/Microsoft.NET.Sdk/targets/Microsoft.PackageDependencyResolution.targets (24,5)
       Property reassignment: $(PrepareResourcesDependsOn)="
             ResolvePackageDependenciesForBuild;
             _HandlePackageFileConflicts;
             
             ;
             PrepareResourceNames;
             ResGen;
             CompileLicxFiles
           
           " (previous value: "
             ;
             PrepareResourceNames;
             ResGen;
             CompileLicxFiles
           ") at /usr/local/share/dotnet/sdk/9.0.200/Sdks/Microsoft.NET.Sdk/targets/Microsoft.PackageDependencyResolution.targets (86,5)
       Property reassignment: $(ProjectAssetsCacheFile)="/Users/dacanetdev/Dev/AIGenerated/RoadmapSkills/src/Modules/Users/DeventSoft.RoadmapSkills.Users.Application/obj/Debug/net8.0/DeventSoft.RoadmapSkills.Users.Application.assets.cache" (previous value: "obj\Debug/net8.0/DeventSoft.RoadmapSkills.Users.Application.assets.cache") at /usr/local/share/dotnet/sdk/9.0.200/Sdks/Microsoft.NET.Sdk/targets/Microsoft.PackageDependencyResolution.targets (29,5)
       Property reassignment: $(ProjectAssetsFile)="/Users/dacanetdev/Dev/AIGenerated/RoadmapSkills/src/Modules/Users/DeventSoft.RoadmapSkills.Users.Api/obj/project.assets.json" (previous value: "/Users/dacanetdev/Dev/AIGenerated/RoadmapSkills/src/Modules/Users/DeventSoft.RoadmapSkills.Users.Api/obj//project.assets.json") at /usr/local/share/dotnet/sdk/9.0.200/Sdks/Microsoft.NET.Sdk/targets/Microsoft.PackageDependencyResolution.targets (24,5)
       Property reassignment: $(ProjectAssetsCacheFile)="/Users/dacanetdev/Dev/AIGenerated/RoadmapSkills/src/Modules/Users/DeventSoft.RoadmapSkills.Users.Api/obj/Debug/net8.0/DeventSoft.RoadmapSkills.Users.Api.assets.cache" (previous value: "obj\Debug/net8.0/DeventSoft.RoadmapSkills.Users.Api.assets.cache") at /usr/local/share/dotnet/sdk/9.0.200/Sdks/Microsoft.NET.Sdk/targets/Microsoft.PackageDependencyResolution.targets (29,5)
       Property reassignment: $(ProjectAssetsFile)="/Users/dacanetdev/Dev/AIGenerated/RoadmapSkills/src/DeventSoft.RoadmapSkills.BlazorApp/obj/project.assets.json" (previous value: "/Users/dacanetdev/Dev/AIGenerated/RoadmapSkills/src/DeventSoft.RoadmapSkills.BlazorApp/obj//project.assets.json") at /usr/local/share/dotnet/sdk/9.0.200/Sdks/Microsoft.NET.Sdk/targets/Microsoft.PackageDependencyResolution.targets (24,5)
       Property reassignment: $(ResolveAssemblyReferencesDependsOn)="
             
             ResolveProjectReferences;
             FindInvalidProjectReferences;
             GetFrameworkPaths;
             GetReferenceAssemblyPaths;
             PrepareForBuild;
             ResolveSDKReferences;
             ExpandSDKReferences;
           ;
             ResolvePackageDependenciesForBuild;
             _HandlePackageFileConflicts;
           " (previous value: "
             ResolveProjectReferences;
             FindInvalidProjectReferences;
             GetFrameworkPaths;
             GetReferenceAssemblyPaths;
             PrepareForBuild;
             ResolveSDKReferences;
             ExpandSDKReferences;
           ") at /usr/local/share/dotnet/sdk/9.0.200/Sdks/Microsoft.NET.Sdk/targets/Microsoft.PackageDependencyResolution.targets (80,5)
       Property reassignment: $(ProjectAssetsCacheFile)="/Users/dacanetdev/Dev/AIGenerated/RoadmapSkills/src/DeventSoft.RoadmapSkills.BlazorApp/obj/Debug/net8.0/DeventSoft.RoadmapSkills.BlazorApp.assets.cache" (previous value: "obj\Debug/net8.0/DeventSoft.RoadmapSkills.BlazorApp.assets.cache") at /usr/local/share/dotnet/sdk/9.0.200/Sdks/Microsoft.NET.Sdk/targets/Microsoft.PackageDependencyResolution.targets (29,5)
       Property reassignment: $(PrepareResourcesDependsOn)="
             ResolvePackageDependenciesForBuild;
             _HandlePackageFileConflicts;
             
             ;
             PrepareResourceNames;
             ResGen;
             CompileLicxFiles
           
           " (previous value: "
             ;
             PrepareResourceNames;
             ResGen;
             CompileLicxFiles
           ") at /usr/local/share/dotnet/sdk/9.0.200/Sdks/Microsoft.NET.Sdk/targets/Microsoft.PackageDependencyResolution.targets (86,5)
       Property reassignment: $(ResolveAssemblyReferencesDependsOn)="
             
             ResolveProjectReferences;
             FindInvalidProjectReferences;
             GetFrameworkPaths;
             GetReferenceAssemblyPaths;
             PrepareForBuild;
             ResolveSDKReferences;
             ExpandSDKReferences;
           ;
             ResolvePackageDependenciesForBuild;
             _HandlePackageFileConflicts;
           " (previous value: "
             ResolveProjectReferences;
             FindInvalidProjectReferences;
             GetFrameworkPaths;
             GetReferenceAssemblyPaths;
             PrepareForBuild;
             ResolveSDKReferences;
             ExpandSDKReferences;
           ") at /usr/local/share/dotnet/sdk/9.0.200/Sdks/Microsoft.NET.Sdk/targets/Microsoft.PackageDependencyResolution.targets (80,5)
       Property reassignment: $(PrepareResourcesDependsOn)="
             ResolvePackageDependenciesForBuild;
             _HandlePackageFileConflicts;
             
             ;
             PrepareResourceNames;
             ResGen;
             CompileLicxFiles
           
           " (previous value: "
             ;
             PrepareResourceNames;
             ResGen;
             CompileLicxFiles
           ") at /usr/local/share/dotnet/sdk/9.0.200/Sdks/Microsoft.NET.Sdk/targets/Microsoft.PackageDependencyResolution.targets (86,5)
       Property reassignment: $(DefaultItemExcludes)=";bin\Debug//**;obj\Debug//**;bin\/**" (previous value: ";bin\Debug//**;obj\Debug//**") at /usr/local/share/dotnet/sdk/9.0.200/Sdks/Microsoft.NET.Sdk/targets/Microsoft.NET.Sdk.DefaultItems.targets (27,5)
       Property reassignment: $(DefaultItemExcludes)=";bin\Debug//**;obj\Debug//**;bin\/**;obj\/**" (previous value: ";bin\Debug//**;obj\Debug//**;bin\/**") at /usr/local/share/dotnet/sdk/9.0.200/Sdks/Microsoft.NET.Sdk/targets/Microsoft.NET.Sdk.DefaultItems.targets (29,5)
       Property reassignment: $(DefaultItemExcludes)=";bin\Debug//**;obj\Debug//**;bin\/**;obj\/**;**/*.user" (previous value: ";bin\Debug//**;obj\Debug//**;bin\/**;obj\/**") at /usr/local/share/dotnet/sdk/9.0.200/Sdks/Microsoft.NET.Sdk/targets/Microsoft.NET.Sdk.DefaultItems.targets (32,5)
       Property reassignment: $(DefaultItemExcludes)=";bin\Debug//**;obj\Debug//**;bin\/**;obj\/**;**/*.user;**/*.*proj" (previous value: ";bin\Debug//**;obj\Debug//**;bin\/**;obj\/**;**/*.user") at /usr/local/share/dotnet/sdk/9.0.200/Sdks/Microsoft.NET.Sdk/targets/Microsoft.NET.Sdk.DefaultItems.targets (33,5)
       Property reassignment: $(DefaultItemExcludes)=";bin\Debug//**;obj\Debug//**;bin\/**;obj\/**;**/*.user;**/*.*proj;**/*.sln" (previous value: ";bin\Debug//**;obj\Debug//**;bin\/**;obj\/**;**/*.user;**/*.*proj") at /usr/local/share/dotnet/sdk/9.0.200/Sdks/Microsoft.NET.Sdk/targets/Microsoft.NET.Sdk.DefaultItems.targets (34,5)
       Property reassignment: $(DefaultItemExcludes)=";bin\Debug//**;obj\Debug//**;bin\/**;obj\/**;**/*.user;**/*.*proj;**/*.sln;**/*.vssscc" (previous value: ";bin\Debug//**;obj\Debug//**;bin\/**;obj\/**;**/*.user;**/*.*proj;**/*.sln") at /usr/local/share/dotnet/sdk/9.0.200/Sdks/Microsoft.NET.Sdk/targets/Microsoft.NET.Sdk.DefaultItems.targets (35,5)
       Property reassignment: $(DefaultItemExcludes)=";bin\Debug//**;obj\Debug//**;bin\/**;obj\/**;**/*.user;**/*.*proj;**/*.sln;**/*.vssscc;**/.DS_Store" (previous value: ";bin\Debug//**;obj\Debug//**;bin\/**;obj\/**;**/*.user;**/*.*proj;**/*.sln;**/*.vssscc") at /usr/local/share/dotnet/sdk/9.0.200/Sdks/Microsoft.NET.Sdk/targets/Microsoft.NET.Sdk.DefaultItems.targets (36,5)
       Property reassignment: $(ResolveAssemblyReferencesDependsOn)="
             
             
             ResolveProjectReferences;
             FindInvalidProjectReferences;
             GetFrameworkPaths;
             GetReferenceAssemblyPaths;
             PrepareForBuild;
             ResolveSDKReferences;
             ExpandSDKReferences;
           ;
             ResolvePackageDependenciesForBuild;
             _HandlePackageFileConflicts;
           ;
             ResolveTargetingPackAssets;
           " (previous value: "
             
             ResolveProjectReferences;
             FindInvalidProjectReferences;
             GetFrameworkPaths;
             GetReferenceAssemblyPaths;
             PrepareForBuild;
             ResolveSDKReferences;
             ExpandSDKReferences;
           ;
             ResolvePackageDependenciesForBuild;
             _HandlePackageFileConflicts;
           ") at /usr/local/share/dotnet/sdk/9.0.200/Sdks/Microsoft.NET.Sdk/targets/Microsoft.NET.Sdk.FrameworkReferenceResolution.targets (14,5)
       Property reassignment: $(_GenerateRuntimeConfigurationPropertyInputsCache)="/Users/dacanetdev/Dev/AIGenerated/RoadmapSkills/src/Modules/Users/DeventSoft.RoadmapSkills.Users.Application/obj/Debug/net8.0/DeventSoft.RoadmapSkills.Users.Application.genruntimeconfig.cache" (previous value: "obj\Debug/net8.0/DeventSoft.RoadmapSkills.Users.Application.genruntimeconfig.cache") at /usr/local/share/dotnet/sdk/9.0.200/Sdks/Microsoft.NET.Sdk/targets/Microsoft.NET.Sdk.targets (44,5)
       Property reassignment: $(_GeneratePublishDependencyFilePropertyInputsCache)="/Users/dacanetdev/Dev/AIGenerated/RoadmapSkills/src/Modules/Users/DeventSoft.RoadmapSkills.Users.Application/obj/Debug/net8.0/DeventSoft.RoadmapSkills.Users.Application.genpublishdeps.cache" (previous value: "obj\Debug/net8.0/DeventSoft.RoadmapSkills.Users.Application.genpublishdeps.cache") at /usr/local/share/dotnet/sdk/9.0.200/Sdks/Microsoft.NET.Sdk/targets/Microsoft.NET.Sdk.targets (46,5)
       Property reassignment: $(_GenerateSingleFileBundlePropertyInputsCache)="/Users/dacanetdev/Dev/AIGenerated/RoadmapSkills/src/Modules/Users/DeventSoft.RoadmapSkills.Users.Application/obj/Debug/net8.0/DeventSoft.RoadmapSkills.Users.Application.genbundle.cache" (previous value: "obj\Debug/net8.0/DeventSoft.RoadmapSkills.Users.Application.genbundle.cache") at /usr/local/share/dotnet/sdk/9.0.200/Sdks/Microsoft.NET.Sdk/targets/Microsoft.NET.Sdk.targets (48,5)
       Property reassignment: $(GenerateRuntimeConfigDevFile)="false" (previous value: "true") at /usr/local/share/dotnet/sdk/9.0.200/Sdks/Microsoft.NET.Sdk/targets/Microsoft.NET.Sdk.targets (81,5)
       Assembly loaded during Evaluation: NuGet.Frameworks, Version=6.13.0.113, Culture=neutral, PublicKeyToken=31bf3856ad364e35 (location: /usr/local/share/dotnet/sdk/9.0.200/NuGet.Frameworks.dll, MVID: a71a6311-0898-4bde-aa1d-8d023178a182, AssemblyLoadContext: Assembly.LoadFile(/usr/local/share/dotnet/sdk/9.0.200/NuGet.Frameworks.dll))
       /usr/local/share/dotnet/sdk/9.0.200/Sdks/Microsoft.NET.Sdk/targets/Microsoft.NET.Sdk.targets(96,5): message : Property 'HOME' with value '/Users/dacanetdev' expanded from the environment.
       Property reassignment: $(_DefaultUserProfileRuntimeStorePath)="/Users/dacanetdev/.dotnet/store" (previous value: "/Users/dacanetdev") at /usr/local/share/dotnet/sdk/9.0.200/Sdks/Microsoft.NET.Sdk/targets/Microsoft.NET.Sdk.targets (98,5)
       Property reassignment: $(AvailablePlatforms)="Any CPU,x86,x64,ARM32" (previous value: "Any CPU,x86,x64") at /usr/local/share/dotnet/sdk/9.0.200/Sdks/Microsoft.NET.Sdk/targets/Microsoft.NET.Sdk.targets (140,5)
       Property reassignment: $(AvailablePlatforms)="Any CPU,x86,x64,ARM32,ARM64" (previous value: "Any CPU,x86,x64,ARM32") at /usr/local/share/dotnet/sdk/9.0.200/Sdks/Microsoft.NET.Sdk/targets/Microsoft.NET.Sdk.targets (144,5)
       Property reassignment: $(CoreBuildDependsOn)="
             _CheckForBuildWithNoBuild;
             
             BuildOnlySettings;
             PrepareForBuild;
             PreBuildEvent;
             ResolveReferences;
             PrepareResources;
             ResolveKeySource;
             Compile;
             ExportWindowsMDFile;
             UnmanagedUnregistration;
             GenerateSerializationAssemblies;
             CreateSatelliteAssemblies;
             GenerateManifests;
             GetTargetPath;
             PrepareForRun;
             UnmanagedRegistration;
             IncrementalClean;
             PostBuildEvent
           ;
             GenerateBuildDependencyFile;
             GenerateBuildRuntimeConfigurationFiles
           " (previous value: "
             BuildOnlySettings;
             PrepareForBuild;
             PreBuildEvent;
             ResolveReferences;
             PrepareResources;
             ResolveKeySource;
             Compile;
             ExportWindowsMDFile;
             UnmanagedUnregistration;
             GenerateSerializationAssemblies;
             CreateSatelliteAssemblies;
             GenerateManifests;
             GetTargetPath;
             PrepareForRun;
             UnmanagedRegistration;
             IncrementalClean;
             PostBuildEvent
           ") at /usr/local/share/dotnet/sdk/9.0.200/Sdks/Microsoft.NET.Sdk/targets/Microsoft.NET.Sdk.targets (201,5)
       Property reassignment: $(CoreCleanDependsOn)="
             _SdkBeforeClean;
             
           " (previous value: "") at /usr/local/share/dotnet/sdk/9.0.200/Sdks/Microsoft.NET.Sdk/targets/Microsoft.NET.Sdk.targets (210,5)
       Property reassignment: $(RebuildDependsOn)="
             _SdkBeforeRebuild;
             
             BeforeRebuild;
             Clean;
             Build;
             AfterRebuild;
           
           " (previous value: "
             BeforeRebuild;
             Clean;
             Build;
             AfterRebuild;
           ") at /usr/local/share/dotnet/sdk/9.0.200/Sdks/Microsoft.NET.Sdk/targets/Microsoft.NET.Sdk.targets (217,5)
       Property reassignment: $(CompileDependsOn)="
             
             ResolveReferences;
             ResolveKeySource;
             SetWin32ManifestProperties;
             _SetPreferNativeArm64Win32ManifestProperties;
             FindReferenceAssembliesForReferences;
             _GenerateCompileInputs;
             BeforeCompile;
             _TimeStampBeforeCompile;
             _GenerateCompileDependencyCache;
             CoreCompile;
             _TimeStampAfterCompile;
             AfterCompile;
           ;
             _CreateAppHost;
             _CreateComHost;
             _GetIjwHostPaths;
           " (previous value: "
             ResolveReferences;
             ResolveKeySource;
             SetWin32ManifestProperties;
             _SetPreferNativeArm64Win32ManifestProperties;
             FindReferenceAssembliesForReferences;
             _GenerateCompileInputs;
             BeforeCompile;
             _TimeStampBeforeCompile;
             _GenerateCompileDependencyCache;
             CoreCompile;
             _TimeStampAfterCompile;
             AfterCompile;
           ") at /usr/local/share/dotnet/sdk/9.0.200/Sdks/Microsoft.NET.Sdk/targets/Microsoft.NET.Sdk.targets (784,5)
       Property reassignment: $(CreateSatelliteAssembliesDependsOn)="
             
             ;
             _GenerateSatelliteAssemblyInputs;
             ComputeIntermediateSatelliteAssemblies;
             GenerateSatelliteAssemblies
           ;
             CoreGenerateSatelliteAssemblies
           " (previous value: "
             ;
             _GenerateSatelliteAssemblyInputs;
             ComputeIntermediateSatelliteAssemblies;
             GenerateSatelliteAssemblies
           ") at /usr/local/share/dotnet/sdk/9.0.200/Sdks/Microsoft.NET.Sdk/targets/Microsoft.NET.Sdk.targets (1184,5)
       Property reassignment: $(SourceLinkUrlInitializerTargets)=";_InitializeGitHubSourceLinkUrl;_InitializeGitLabSourceLinkUrl" (previous value: ";_InitializeGitHubSourceLinkUrl") at /usr/local/share/dotnet/sdk/9.0.200/Sdks/Microsoft.SourceLink.GitLab/build/Microsoft.SourceLink.GitLab.targets (12,5)
       Property reassignment: $(SourceControlManagerUrlTranslationTargets)=";TranslateGitHubUrlsInSourceControlInformation;TranslateGitLabUrlsInSourceControlInformation" (previous value: ";TranslateGitHubUrlsInSourceControlInformation") at /usr/local/share/dotnet/sdk/9.0.200/Sdks/Microsoft.SourceLink.GitLab/build/Microsoft.SourceLink.GitLab.targets (13,5)
       Property reassignment: $(SourceLinkUrlInitializerTargets)=";_InitializeGitHubSourceLinkUrl;_InitializeGitLabSourceLinkUrl;_InitializeAzureReposGitSourceLinkUrl" (previous value: ";_InitializeGitHubSourceLinkUrl;_InitializeGitLabSourceLinkUrl") at /usr/local/share/dotnet/sdk/9.0.200/Sdks/Microsoft.SourceLink.AzureRepos.Git/build/Microsoft.SourceLink.AzureRepos.Git.targets (12,5)
       Property reassignment: $(SourceControlManagerUrlTranslationTargets)=";TranslateGitHubUrlsInSourceControlInformation;TranslateGitLabUrlsInSourceControlInformation;TranslateAzureReposGitUrlsInSourceControlInformation" (previous value: ";TranslateGitHubUrlsInSourceControlInformation;TranslateGitLabUrlsInSourceControlInformation") at /usr/local/share/dotnet/sdk/9.0.200/Sdks/Microsoft.SourceLink.AzureRepos.Git/build/Microsoft.SourceLink.AzureRepos.Git.targets (13,5)
       Property reassignment: $(SourceLinkUrlInitializerTargets)=";_InitializeGitHubSourceLinkUrl;_InitializeGitLabSourceLinkUrl;_InitializeAzureReposGitSourceLinkUrl;_InitializeBitbucketGitSourceLinkUrl" (previous value: ";_InitializeGitHubSourceLinkUrl;_InitializeGitLabSourceLinkUrl;_InitializeAzureReposGitSourceLinkUrl") at /usr/local/share/dotnet/sdk/9.0.200/Sdks/Microsoft.SourceLink.Bitbucket.Git/build/Microsoft.SourceLink.Bitbucket.Git.targets (12,5)
       Property reassignment: $(SourceControlManagerUrlTranslationTargets)=";TranslateGitHubUrlsInSourceControlInformation;TranslateGitLabUrlsInSourceControlInformation;TranslateAzureReposGitUrlsInSourceControlInformation;TranslateBitbucketGitUrlsInSourceControlInformation" (previous value: ";TranslateGitHubUrlsInSourceControlInformation;TranslateGitLabUrlsInSourceControlInformation;TranslateAzureReposGitUrlsInSourceControlInformation") at /usr/local/share/dotnet/sdk/9.0.200/Sdks/Microsoft.SourceLink.Bitbucket.Git/build/Microsoft.SourceLink.Bitbucket.Git.targets (13,5)
       Property reassignment: $(DesignerRuntimeImplementationProjectOutputGroupDependsOn)="
             
             ;
             
             ;
             BuildOnlySettings;
             PrepareForBuild;
             AssignTargetPaths;
             ResolveReferences
           
           ;
             _GenerateDesignerDepsFile;
             _GenerateDesignerRuntimeConfigFile;
             GetCopyToOutputDirectoryItems;
             _GatherDesignerShadowCopyFiles;
           " (previous value: "
             ;
             
             ;
             BuildOnlySettings;
             PrepareForBuild;
             AssignTargetPaths;
             ResolveReferences
           
           ") at /usr/local/share/dotnet/sdk/9.0.200/Sdks/Microsoft.NET.Sdk/targets/Microsoft.NET.DesignerSupport.targets (21,5)
       Property reassignment: $(DefaultItemExcludes)=";bin\Debug//**;obj\Debug//**;bin\/**" (previous value: ";bin\Debug//**;obj\Debug//**") at /usr/local/share/dotnet/sdk/9.0.200/Sdks/Microsoft.NET.Sdk/targets/Microsoft.NET.Sdk.DefaultItems.targets (27,5)
       Property reassignment: $(DefaultItemExcludes)=";bin\Debug//**;obj\Debug//**;bin\/**;obj\/**" (previous value: ";bin\Debug//**;obj\Debug//**;bin\/**") at /usr/local/share/dotnet/sdk/9.0.200/Sdks/Microsoft.NET.Sdk/targets/Microsoft.NET.Sdk.DefaultItems.targets (29,5)
       Property reassignment: $(DefaultItemExcludes)=";bin\Debug//**;obj\Debug//**;bin\/**;obj\/**;**/*.user" (previous value: ";bin\Debug//**;obj\Debug//**;bin\/**;obj\/**") at /usr/local/share/dotnet/sdk/9.0.200/Sdks/Microsoft.NET.Sdk/targets/Microsoft.NET.Sdk.DefaultItems.targets (32,5)
       Property reassignment: $(DefaultItemExcludes)=";bin\Debug//**;obj\Debug//**;bin\/**;obj\/**;**/*.user;**/*.*proj" (previous value: ";bin\Debug//**;obj\Debug//**;bin\/**;obj\/**;**/*.user") at /usr/local/share/dotnet/sdk/9.0.200/Sdks/Microsoft.NET.Sdk/targets/Microsoft.NET.Sdk.DefaultItems.targets (33,5)
       Property reassignment: $(DefaultItemExcludes)=";bin\Debug//**;obj\Debug//**;bin\/**;obj\/**;**/*.user;**/*.*proj;**/*.sln" (previous value: ";bin\Debug//**;obj\Debug//**;bin\/**;obj\/**;**/*.user;**/*.*proj") at /usr/local/share/dotnet/sdk/9.0.200/Sdks/Microsoft.NET.Sdk/targets/Microsoft.NET.Sdk.DefaultItems.targets (34,5)
       Property reassignment: $(DefaultItemExcludes)=";bin\Debug//**;obj\Debug//**;bin\/**;obj\/**;**/*.user;**/*.*proj;**/*.sln;**/*.vssscc" (previous value: ";bin\Debug//**;obj\Debug//**;bin\/**;obj\/**;**/*.user;**/*.*proj;**/*.sln") at /usr/local/share/dotnet/sdk/9.0.200/Sdks/Microsoft.NET.Sdk/targets/Microsoft.NET.Sdk.DefaultItems.targets (35,5)
       Property reassignment: $(DefaultItemExcludes)=";bin\Debug//**;obj\Debug//**;bin\/**;obj\/**;**/*.user;**/*.*proj;**/*.sln;**/*.vssscc;**/.DS_Store" (previous value: ";bin\Debug//**;obj\Debug//**;bin\/**;obj\/**;**/*.user;**/*.*proj;**/*.sln;**/*.vssscc") at /usr/local/share/dotnet/sdk/9.0.200/Sdks/Microsoft.NET.Sdk/targets/Microsoft.NET.Sdk.DefaultItems.targets (36,5)
       Property reassignment: $(ResolveAssemblyReferencesDependsOn)="
             
             
             ResolveProjectReferences;
             FindInvalidProjectReferences;
             GetFrameworkPaths;
             GetReferenceAssemblyPaths;
             PrepareForBuild;
             ResolveSDKReferences;
             ExpandSDKReferences;
           ;
             ResolvePackageDependenciesForBuild;
             _HandlePackageFileConflicts;
           ;
             ResolveTargetingPackAssets;
           " (previous value: "
             
             ResolveProjectReferences;
             FindInvalidProjectReferences;
             GetFrameworkPaths;
             GetReferenceAssemblyPaths;
             PrepareForBuild;
             ResolveSDKReferences;
             ExpandSDKReferences;
           ;
             ResolvePackageDependenciesForBuild;
             _HandlePackageFileConflicts;
           ") at /usr/local/share/dotnet/sdk/9.0.200/Sdks/Microsoft.NET.Sdk/targets/Microsoft.NET.Sdk.FrameworkReferenceResolution.targets (14,5)
       Property reassignment: $(_GenerateRuntimeConfigurationPropertyInputsCache)="/Users/dacanetdev/Dev/AIGenerated/RoadmapSkills/tests/Modules/Users/DeventSoft.RoadmapSkills.Users.IntegrationTests/obj/Debug/net8.0/DeventSoft.RoadmapSkills.Users.IntegrationTests.genruntimeconfig.cache" (previous value: "obj\Debug/net8.0/DeventSoft.RoadmapSkills.Users.IntegrationTests.genruntimeconfig.cache") at /usr/local/share/dotnet/sdk/9.0.200/Sdks/Microsoft.NET.Sdk/targets/Microsoft.NET.Sdk.targets (44,5)
       Property reassignment: $(_GeneratePublishDependencyFilePropertyInputsCache)="/Users/dacanetdev/Dev/AIGenerated/RoadmapSkills/tests/Modules/Users/DeventSoft.RoadmapSkills.Users.IntegrationTests/obj/Debug/net8.0/DeventSoft.RoadmapSkills.Users.IntegrationTests.genpublishdeps.cache" (previous value: "obj\Debug/net8.0/DeventSoft.RoadmapSkills.Users.IntegrationTests.genpublishdeps.cache") at /usr/local/share/dotnet/sdk/9.0.200/Sdks/Microsoft.NET.Sdk/targets/Microsoft.NET.Sdk.targets (46,5)
       Property reassignment: $(_GenerateSingleFileBundlePropertyInputsCache)="/Users/dacanetdev/Dev/AIGenerated/RoadmapSkills/tests/Modules/Users/DeventSoft.RoadmapSkills.Users.IntegrationTests/obj/Debug/net8.0/DeventSoft.RoadmapSkills.Users.IntegrationTests.genbundle.cache" (previous value: "obj\Debug/net8.0/DeventSoft.RoadmapSkills.Users.IntegrationTests.genbundle.cache") at /usr/local/share/dotnet/sdk/9.0.200/Sdks/Microsoft.NET.Sdk/targets/Microsoft.NET.Sdk.targets (48,5)
       Property reassignment: $(GenerateRuntimeConfigDevFile)="false" (previous value: "true") at /usr/local/share/dotnet/sdk/9.0.200/Sdks/Microsoft.NET.Sdk/targets/Microsoft.NET.Sdk.targets (81,5)
       /usr/local/share/dotnet/sdk/9.0.200/Sdks/Microsoft.NET.Sdk/targets/Microsoft.NET.Sdk.targets(96,5): message : Property 'HOME' with value '/Users/dacanetdev' expanded from the environment.
       Property reassignment: $(_DefaultUserProfileRuntimeStorePath)="/Users/dacanetdev/.dotnet/store" (previous value: "/Users/dacanetdev") at /usr/local/share/dotnet/sdk/9.0.200/Sdks/Microsoft.NET.Sdk/targets/Microsoft.NET.Sdk.targets (98,5)
       Property reassignment: $(AvailablePlatforms)="Any CPU,x86,x64,ARM32" (previous value: "Any CPU,x86,x64") at /usr/local/share/dotnet/sdk/9.0.200/Sdks/Microsoft.NET.Sdk/targets/Microsoft.NET.Sdk.targets (140,5)
       Property reassignment: $(AvailablePlatforms)="Any CPU,x86,x64,ARM32,ARM64" (previous value: "Any CPU,x86,x64,ARM32") at /usr/local/share/dotnet/sdk/9.0.200/Sdks/Microsoft.NET.Sdk/targets/Microsoft.NET.Sdk.targets (144,5)
       Property reassignment: $(CoreBuildDependsOn)="
             _CheckForBuildWithNoBuild;
             
             BuildOnlySettings;
             PrepareForBuild;
             PreBuildEvent;
             ResolveReferences;
             PrepareResources;
             ResolveKeySource;
             Compile;
             ExportWindowsMDFile;
             UnmanagedUnregistration;
             GenerateSerializationAssemblies;
             CreateSatelliteAssemblies;
             GenerateManifests;
             GetTargetPath;
             PrepareForRun;
             UnmanagedRegistration;
             IncrementalClean;
             PostBuildEvent
           ;
             GenerateBuildDependencyFile;
             GenerateBuildRuntimeConfigurationFiles
           " (previous value: "
             BuildOnlySettings;
             PrepareForBuild;
             PreBuildEvent;
             ResolveReferences;
             PrepareResources;
             ResolveKeySource;
             Compile;
             ExportWindowsMDFile;
             UnmanagedUnregistration;
             GenerateSerializationAssemblies;
             CreateSatelliteAssemblies;
             GenerateManifests;
             GetTargetPath;
             PrepareForRun;
             UnmanagedRegistration;
             IncrementalClean;
             PostBuildEvent
           ") at /usr/local/share/dotnet/sdk/9.0.200/Sdks/Microsoft.NET.Sdk/targets/Microsoft.NET.Sdk.targets (201,5)
       Property reassignment: $(CoreCleanDependsOn)="
             _SdkBeforeClean;
             
           " (previous value: "") at /usr/local/share/dotnet/sdk/9.0.200/Sdks/Microsoft.NET.Sdk/targets/Microsoft.NET.Sdk.targets (210,5)
       Property reassignment: $(RebuildDependsOn)="
             _SdkBeforeRebuild;
             
             BeforeRebuild;
             Clean;
             Build;
             AfterRebuild;
           
           " (previous value: "
             BeforeRebuild;
             Clean;
             Build;
             AfterRebuild;
           ") at /usr/local/share/dotnet/sdk/9.0.200/Sdks/Microsoft.NET.Sdk/targets/Microsoft.NET.Sdk.targets (217,5)
       Property reassignment: $(CompileDependsOn)="
             
             ResolveReferences;
             ResolveKeySource;
             SetWin32ManifestProperties;
             _SetPreferNativeArm64Win32ManifestProperties;
             FindReferenceAssembliesForReferences;
             _GenerateCompileInputs;
             BeforeCompile;
             _TimeStampBeforeCompile;
             _GenerateCompileDependencyCache;
             CoreCompile;
             _TimeStampAfterCompile;
             AfterCompile;
           ;
             _CreateAppHost;
             _CreateComHost;
             _GetIjwHostPaths;
           " (previous value: "
             ResolveReferences;
             ResolveKeySource;
             SetWin32ManifestProperties;
             _SetPreferNativeArm64Win32ManifestProperties;
             FindReferenceAssembliesForReferences;
             _GenerateCompileInputs;
             BeforeCompile;
             _TimeStampBeforeCompile;
             _GenerateCompileDependencyCache;
             CoreCompile;
             _TimeStampAfterCompile;
             AfterCompile;
           ") at /usr/local/share/dotnet/sdk/9.0.200/Sdks/Microsoft.NET.Sdk/targets/Microsoft.NET.Sdk.targets (784,5)
       Property reassignment: $(CreateSatelliteAssembliesDependsOn)="
             
             ;
             _GenerateSatelliteAssemblyInputs;
             ComputeIntermediateSatelliteAssemblies;
             GenerateSatelliteAssemblies
           ;
             CoreGenerateSatelliteAssemblies
           " (previous value: "
             ;
             _GenerateSatelliteAssemblyInputs;
             ComputeIntermediateSatelliteAssemblies;
             GenerateSatelliteAssemblies
           ") at /usr/local/share/dotnet/sdk/9.0.200/Sdks/Microsoft.NET.Sdk/targets/Microsoft.NET.Sdk.targets (1184,5)
       Property reassignment: $(SourceLinkUrlInitializerTargets)=";_InitializeGitHubSourceLinkUrl;_InitializeGitLabSourceLinkUrl" (previous value: ";_InitializeGitHubSourceLinkUrl") at /usr/local/share/dotnet/sdk/9.0.200/Sdks/Microsoft.SourceLink.GitLab/build/Microsoft.SourceLink.GitLab.targets (12,5)
       Property reassignment: $(SourceControlManagerUrlTranslationTargets)=";TranslateGitHubUrlsInSourceControlInformation;TranslateGitLabUrlsInSourceControlInformation" (previous value: ";TranslateGitHubUrlsInSourceControlInformation") at /usr/local/share/dotnet/sdk/9.0.200/Sdks/Microsoft.SourceLink.GitLab/build/Microsoft.SourceLink.GitLab.targets (13,5)
       Property reassignment: $(SourceLinkUrlInitializerTargets)=";_InitializeGitHubSourceLinkUrl;_InitializeGitLabSourceLinkUrl;_InitializeAzureReposGitSourceLinkUrl" (previous value: ";_InitializeGitHubSourceLinkUrl;_InitializeGitLabSourceLinkUrl") at /usr/local/share/dotnet/sdk/9.0.200/Sdks/Microsoft.SourceLink.AzureRepos.Git/build/Microsoft.SourceLink.AzureRepos.Git.targets (12,5)
       Property reassignment: $(SourceControlManagerUrlTranslationTargets)=";TranslateGitHubUrlsInSourceControlInformation;TranslateGitLabUrlsInSourceControlInformation;TranslateAzureReposGitUrlsInSourceControlInformation" (previous value: ";TranslateGitHubUrlsInSourceControlInformation;TranslateGitLabUrlsInSourceControlInformation") at /usr/local/share/dotnet/sdk/9.0.200/Sdks/Microsoft.SourceLink.AzureRepos.Git/build/Microsoft.SourceLink.AzureRepos.Git.targets (13,5)
       Property reassignment: $(SourceLinkUrlInitializerTargets)=";_InitializeGitHubSourceLinkUrl;_InitializeGitLabSourceLinkUrl;_InitializeAzureReposGitSourceLinkUrl;_InitializeBitbucketGitSourceLinkUrl" (previous value: ";_InitializeGitHubSourceLinkUrl;_InitializeGitLabSourceLinkUrl;_InitializeAzureReposGitSourceLinkUrl") at /usr/local/share/dotnet/sdk/9.0.200/Sdks/Microsoft.SourceLink.Bitbucket.Git/build/Microsoft.SourceLink.Bitbucket.Git.targets (12,5)
       Property reassignment: $(SourceControlManagerUrlTranslationTargets)=";TranslateGitHubUrlsInSourceControlInformation;TranslateGitLabUrlsInSourceControlInformation;TranslateAzureReposGitUrlsInSourceControlInformation;TranslateBitbucketGitUrlsInSourceControlInformation" (previous value: ";TranslateGitHubUrlsInSourceControlInformation;TranslateGitLabUrlsInSourceControlInformation;TranslateAzureReposGitUrlsInSourceControlInformation") at /usr/local/share/dotnet/sdk/9.0.200/Sdks/Microsoft.SourceLink.Bitbucket.Git/build/Microsoft.SourceLink.Bitbucket.Git.targets (13,5)
       Property reassignment: $(DefaultItemExcludes)=";**\node_modules\**;node_modules\**;**\jspm_packages\**;jspm_packages\**;**\bower_components\**;bower_components\**;**\packages.lock.json;bin\Debug//**;obj\Debug//**;bin\/**" (previous value: ";**\node_modules\**;node_modules\**;**\jspm_packages\**;jspm_packages\**;**\bower_components\**;bower_components\**;**\packages.lock.json;bin\Debug//**;obj\Debug//**") at /usr/local/share/dotnet/sdk/9.0.200/Sdks/Microsoft.NET.Sdk/targets/Microsoft.NET.Sdk.DefaultItems.targets (27,5)
       Property reassignment: $(DefaultItemExcludes)=";**\node_modules\**;node_modules\**;**\jspm_packages\**;jspm_packages\**;**\bower_components\**;bower_components\**;**\packages.lock.json;bin\Debug//**;obj\Debug//**;bin\/**;obj\/**" (previous value: ";**\node_modules\**;node_modules\**;**\jspm_packages\**;jspm_packages\**;**\bower_components\**;bower_components\**;**\packages.lock.json;bin\Debug//**;obj\Debug//**;bin\/**") at /usr/local/share/dotnet/sdk/9.0.200/Sdks/Microsoft.NET.Sdk/targets/Microsoft.NET.Sdk.DefaultItems.targets (29,5)
       Property reassignment: $(DefaultItemExcludes)=";**\node_modules\**;node_modules\**;**\jspm_packages\**;jspm_packages\**;**\bower_components\**;bower_components\**;**\packages.lock.json;bin\Debug//**;obj\Debug//**;bin\/**;obj\/**;**/*.user" (previous value: ";**\node_modules\**;node_modules\**;**\jspm_packages\**;jspm_packages\**;**\bower_components\**;bower_components\**;**\packages.lock.json;bin\Debug//**;obj\Debug//**;bin\/**;obj\/**") at /usr/local/share/dotnet/sdk/9.0.200/Sdks/Microsoft.NET.Sdk/targets/Microsoft.NET.Sdk.DefaultItems.targets (32,5)
       Property reassignment: $(DefaultItemExcludes)=";**\node_modules\**;node_modules\**;**\jspm_packages\**;jspm_packages\**;**\bower_components\**;bower_components\**;**\packages.lock.json;bin\Debug//**;obj\Debug//**;bin\/**;obj\/**;**/*.user;**/*.*proj" (previous value: ";**\node_modules\**;node_modules\**;**\jspm_packages\**;jspm_packages\**;**\bower_components\**;bower_components\**;**\packages.lock.json;bin\Debug//**;obj\Debug//**;bin\/**;obj\/**;**/*.user") at /usr/local/share/dotnet/sdk/9.0.200/Sdks/Microsoft.NET.Sdk/targets/Microsoft.NET.Sdk.DefaultItems.targets (33,5)
       Property reassignment: $(DefaultItemExcludes)=";**\node_modules\**;node_modules\**;**\jspm_packages\**;jspm_packages\**;**\bower_components\**;bower_components\**;**\packages.lock.json;bin\Debug//**;obj\Debug//**;bin\/**;obj\/**;**/*.user;**/*.*proj;**/*.sln" (previous value: ";**\node_modules\**;node_modules\**;**\jspm_packages\**;jspm_packages\**;**\bower_components\**;bower_components\**;**\packages.lock.json;bin\Debug//**;obj\Debug//**;bin\/**;obj\/**;**/*.user;**/*.*proj") at /usr/local/share/dotnet/sdk/9.0.200/Sdks/Microsoft.NET.Sdk/targets/Microsoft.NET.Sdk.DefaultItems.targets (34,5)
       Property reassignment: $(DefaultItemExcludes)=";**\node_modules\**;node_modules\**;**\jspm_packages\**;jspm_packages\**;**\bower_components\**;bower_components\**;**\packages.lock.json;bin\Debug//**;obj\Debug//**;bin\/**;obj\/**;**/*.user;**/*.*proj;**/*.sln;**/*.vssscc" (previous value: ";**\node_modules\**;node_modules\**;**\jspm_packages\**;jspm_packages\**;**\bower_components\**;bower_components\**;**\packages.lock.json;bin\Debug//**;obj\Debug//**;bin\/**;obj\/**;**/*.user;**/*.*proj;**/*.sln") at /usr/local/share/dotnet/sdk/9.0.200/Sdks/Microsoft.NET.Sdk/targets/Microsoft.NET.Sdk.DefaultItems.targets (35,5)
       Property reassignment: $(DefaultItemExcludes)=";**\node_modules\**;node_modules\**;**\jspm_packages\**;jspm_packages\**;**\bower_components\**;bower_components\**;**\packages.lock.json;bin\Debug//**;obj\Debug//**;bin\/**;obj\/**;**/*.user;**/*.*proj;**/*.sln;**/*.vssscc;**/.DS_Store" (previous value: ";**\node_modules\**;node_modules\**;**\jspm_packages\**;jspm_packages\**;**\bower_components\**;bower_components\**;**\packages.lock.json;bin\Debug//**;obj\Debug//**;bin\/**;obj\/**;**/*.user;**/*.*proj;**/*.sln;**/*.vssscc") at /usr/local/share/dotnet/sdk/9.0.200/Sdks/Microsoft.NET.Sdk/targets/Microsoft.NET.Sdk.DefaultItems.targets (36,5)
       Property reassignment: $(ResolveAssemblyReferencesDependsOn)="
             
             
             ResolveProjectReferences;
             FindInvalidProjectReferences;
             GetFrameworkPaths;
             GetReferenceAssemblyPaths;
             PrepareForBuild;
             ResolveSDKReferences;
             ExpandSDKReferences;
           ;
             ResolvePackageDependenciesForBuild;
             _HandlePackageFileConflicts;
           ;
             ResolveTargetingPackAssets;
           " (previous value: "
             
             ResolveProjectReferences;
             FindInvalidProjectReferences;
             GetFrameworkPaths;
             GetReferenceAssemblyPaths;
             PrepareForBuild;
             ResolveSDKReferences;
             ExpandSDKReferences;
           ;
             ResolvePackageDependenciesForBuild;
             _HandlePackageFileConflicts;
           ") at /usr/local/share/dotnet/sdk/9.0.200/Sdks/Microsoft.NET.Sdk/targets/Microsoft.NET.Sdk.FrameworkReferenceResolution.targets (14,5)
       Property reassignment: $(_GenerateRuntimeConfigurationPropertyInputsCache)="/Users/dacanetdev/Dev/AIGenerated/RoadmapSkills/src/DeventSoft.RoadmapSkills.BlazorApp/obj/Debug/net8.0/DeventSoft.RoadmapSkills.BlazorApp.genruntimeconfig.cache" (previous value: "obj\Debug/net8.0/DeventSoft.RoadmapSkills.BlazorApp.genruntimeconfig.cache") at /usr/local/share/dotnet/sdk/9.0.200/Sdks/Microsoft.NET.Sdk/targets/Microsoft.NET.Sdk.targets (44,5)
       Property reassignment: $(_GeneratePublishDependencyFilePropertyInputsCache)="/Users/dacanetdev/Dev/AIGenerated/RoadmapSkills/src/DeventSoft.RoadmapSkills.BlazorApp/obj/Debug/net8.0/DeventSoft.RoadmapSkills.BlazorApp.genpublishdeps.cache" (previous value: "obj\Debug/net8.0/DeventSoft.RoadmapSkills.BlazorApp.genpublishdeps.cache") at /usr/local/share/dotnet/sdk/9.0.200/Sdks/Microsoft.NET.Sdk/targets/Microsoft.NET.Sdk.targets (46,5)
       Property reassignment: $(_GenerateSingleFileBundlePropertyInputsCache)="/Users/dacanetdev/Dev/AIGenerated/RoadmapSkills/src/DeventSoft.RoadmapSkills.BlazorApp/obj/Debug/net8.0/DeventSoft.RoadmapSkills.BlazorApp.genbundle.cache" (previous value: "obj\Debug/net8.0/DeventSoft.RoadmapSkills.BlazorApp.genbundle.cache") at /usr/local/share/dotnet/sdk/9.0.200/Sdks/Microsoft.NET.Sdk/targets/Microsoft.NET.Sdk.targets (48,5)
       Property reassignment: $(GenerateRuntimeConfigDevFile)="false" (previous value: "true") at /usr/local/share/dotnet/sdk/9.0.200/Sdks/Microsoft.NET.Sdk/targets/Microsoft.NET.Sdk.targets (81,5)
       /usr/local/share/dotnet/sdk/9.0.200/Sdks/Microsoft.NET.Sdk/targets/Microsoft.NET.Sdk.targets(96,5): message : Property 'HOME' with value '/Users/dacanetdev' expanded from the environment.
       Property reassignment: $(_DefaultUserProfileRuntimeStorePath)="/Users/dacanetdev/.dotnet/store" (previous value: "/Users/dacanetdev") at /usr/local/share/dotnet/sdk/9.0.200/Sdks/Microsoft.NET.Sdk/targets/Microsoft.NET.Sdk.targets (98,5)
       Property reassignment: $(AvailablePlatforms)="Any CPU,x86,x64,ARM32" (previous value: "Any CPU,x86,x64") at /usr/local/share/dotnet/sdk/9.0.200/Sdks/Microsoft.NET.Sdk/targets/Microsoft.NET.Sdk.targets (140,5)
       Property reassignment: $(AvailablePlatforms)="Any CPU,x86,x64,ARM32,ARM64" (previous value: "Any CPU,x86,x64,ARM32") at /usr/local/share/dotnet/sdk/9.0.200/Sdks/Microsoft.NET.Sdk/targets/Microsoft.NET.Sdk.targets (144,5)
       Property reassignment: $(CoreBuildDependsOn)="
             _CheckForBuildWithNoBuild;
             
             BuildOnlySettings;
             PrepareForBuild;
             PreBuildEvent;
             ResolveReferences;
             PrepareResources;
             ResolveKeySource;
             Compile;
             ExportWindowsMDFile;
             UnmanagedUnregistration;
             GenerateSerializationAssemblies;
             CreateSatelliteAssemblies;
             GenerateManifests;
             GetTargetPath;
             PrepareForRun;
             UnmanagedRegistration;
             IncrementalClean;
             PostBuildEvent
           ;
             GenerateBuildDependencyFile;
             GenerateBuildRuntimeConfigurationFiles
           " (previous value: "
             BuildOnlySettings;
             PrepareForBuild;
             PreBuildEvent;
             ResolveReferences;
             PrepareResources;
             ResolveKeySource;
             Compile;
             ExportWindowsMDFile;
             UnmanagedUnregistration;
             GenerateSerializationAssemblies;
             CreateSatelliteAssemblies;
             GenerateManifests;
             GetTargetPath;
             PrepareForRun;
             UnmanagedRegistration;
             IncrementalClean;
             PostBuildEvent
           ") at /usr/local/share/dotnet/sdk/9.0.200/Sdks/Microsoft.NET.Sdk/targets/Microsoft.NET.Sdk.targets (201,5)
       Property reassignment: $(CoreCleanDependsOn)="
             _SdkBeforeClean;
             
           " (previous value: "") at /usr/local/share/dotnet/sdk/9.0.200/Sdks/Microsoft.NET.Sdk/targets/Microsoft.NET.Sdk.targets (210,5)
       Property reassignment: $(RebuildDependsOn)="
             _SdkBeforeRebuild;
             
             BeforeRebuild;
             Clean;
             Build;
             AfterRebuild;
           
           " (previous value: "
             BeforeRebuild;
             Clean;
             Build;
             AfterRebuild;
           ") at /usr/local/share/dotnet/sdk/9.0.200/Sdks/Microsoft.NET.Sdk/targets/Microsoft.NET.Sdk.targets (217,5)
       Property reassignment: $(CompileDependsOn)="
             
             ResolveReferences;
             ResolveKeySource;
             SetWin32ManifestProperties;
             _SetPreferNativeArm64Win32ManifestProperties;
             FindReferenceAssembliesForReferences;
             _GenerateCompileInputs;
             BeforeCompile;
             _TimeStampBeforeCompile;
             _GenerateCompileDependencyCache;
             CoreCompile;
             _TimeStampAfterCompile;
             AfterCompile;
           ;
             _CreateAppHost;
             _CreateComHost;
             _GetIjwHostPaths;
           " (previous value: "
             ResolveReferences;
             ResolveKeySource;
             SetWin32ManifestProperties;
             _SetPreferNativeArm64Win32ManifestProperties;
             FindReferenceAssembliesForReferences;
             _GenerateCompileInputs;
             BeforeCompile;
             _TimeStampBeforeCompile;
             _GenerateCompileDependencyCache;
             CoreCompile;
             _TimeStampAfterCompile;
             AfterCompile;
           ") at /usr/local/share/dotnet/sdk/9.0.200/Sdks/Microsoft.NET.Sdk/targets/Microsoft.NET.Sdk.targets (784,5)
       Property reassignment: $(CreateSatelliteAssembliesDependsOn)="
             
             ;
             _GenerateSatelliteAssemblyInputs;
             ComputeIntermediateSatelliteAssemblies;
             GenerateSatelliteAssemblies
           ;
             CoreGenerateSatelliteAssemblies
           " (previous value: "
             ;
             _GenerateSatelliteAssemblyInputs;
             ComputeIntermediateSatelliteAssemblies;
             GenerateSatelliteAssemblies
           ") at /usr/local/share/dotnet/sdk/9.0.200/Sdks/Microsoft.NET.Sdk/targets/Microsoft.NET.Sdk.targets (1184,5)
       Property reassignment: $(SourceLinkUrlInitializerTargets)=";_InitializeGitHubSourceLinkUrl;_InitializeGitLabSourceLinkUrl" (previous value: ";_InitializeGitHubSourceLinkUrl") at /usr/local/share/dotnet/sdk/9.0.200/Sdks/Microsoft.SourceLink.GitLab/build/Microsoft.SourceLink.GitLab.targets (12,5)
       Property reassignment: $(SourceControlManagerUrlTranslationTargets)=";TranslateGitHubUrlsInSourceControlInformation;TranslateGitLabUrlsInSourceControlInformation" (previous value: ";TranslateGitHubUrlsInSourceControlInformation") at /usr/local/share/dotnet/sdk/9.0.200/Sdks/Microsoft.SourceLink.GitLab/build/Microsoft.SourceLink.GitLab.targets (13,5)
       Property reassignment: $(SourceLinkUrlInitializerTargets)=";_InitializeGitHubSourceLinkUrl;_InitializeGitLabSourceLinkUrl;_InitializeAzureReposGitSourceLinkUrl" (previous value: ";_InitializeGitHubSourceLinkUrl;_InitializeGitLabSourceLinkUrl") at /usr/local/share/dotnet/sdk/9.0.200/Sdks/Microsoft.SourceLink.AzureRepos.Git/build/Microsoft.SourceLink.AzureRepos.Git.targets (12,5)
       Property reassignment: $(SourceControlManagerUrlTranslationTargets)=";TranslateGitHubUrlsInSourceControlInformation;TranslateGitLabUrlsInSourceControlInformation;TranslateAzureReposGitUrlsInSourceControlInformation" (previous value: ";TranslateGitHubUrlsInSourceControlInformation;TranslateGitLabUrlsInSourceControlInformation") at /usr/local/share/dotnet/sdk/9.0.200/Sdks/Microsoft.SourceLink.AzureRepos.Git/build/Microsoft.SourceLink.AzureRepos.Git.targets (13,5)
       Property reassignment: $(SourceLinkUrlInitializerTargets)=";_InitializeGitHubSourceLinkUrl;_InitializeGitLabSourceLinkUrl;_InitializeAzureReposGitSourceLinkUrl;_InitializeBitbucketGitSourceLinkUrl" (previous value: ";_InitializeGitHubSourceLinkUrl;_InitializeGitLabSourceLinkUrl;_InitializeAzureReposGitSourceLinkUrl") at /usr/local/share/dotnet/sdk/9.0.200/Sdks/Microsoft.SourceLink.Bitbucket.Git/build/Microsoft.SourceLink.Bitbucket.Git.targets (12,5)
       Property reassignment: $(SourceControlManagerUrlTranslationTargets)=";TranslateGitHubUrlsInSourceControlInformation;TranslateGitLabUrlsInSourceControlInformation;TranslateAzureReposGitUrlsInSourceControlInformation;TranslateBitbucketGitUrlsInSourceControlInformation" (previous value: ";TranslateGitHubUrlsInSourceControlInformation;TranslateGitLabUrlsInSourceControlInformation;TranslateAzureReposGitUrlsInSourceControlInformation") at /usr/local/share/dotnet/sdk/9.0.200/Sdks/Microsoft.SourceLink.Bitbucket.Git/build/Microsoft.SourceLink.Bitbucket.Git.targets (13,5)
       Property reassignment: $(DesignerRuntimeImplementationProjectOutputGroupDependsOn)="
             
             ;
             
             ;
             BuildOnlySettings;
             PrepareForBuild;
             AssignTargetPaths;
             ResolveReferences
           
           ;
             _GenerateDesignerDepsFile;
             _GenerateDesignerRuntimeConfigFile;
             GetCopyToOutputDirectoryItems;
             _GatherDesignerShadowCopyFiles;
           " (previous value: "
             ;
             
             ;
             BuildOnlySettings;
             PrepareForBuild;
             AssignTargetPaths;
             ResolveReferences
           
           ") at /usr/local/share/dotnet/sdk/9.0.200/Sdks/Microsoft.NET.Sdk/targets/Microsoft.NET.DesignerSupport.targets (21,5)
       Property reassignment: $(ProjectAssetsFile)="/Users/dacanetdev/Dev/AIGenerated/RoadmapSkills/src/DeventSoft.RoadmapSkills.Api/obj/project.assets.json" (previous value: "/Users/dacanetdev/Dev/AIGenerated/RoadmapSkills/src/DeventSoft.RoadmapSkills.Api/obj//project.assets.json") at /usr/local/share/dotnet/sdk/9.0.200/Sdks/Microsoft.NET.Sdk/targets/Microsoft.PackageDependencyResolution.targets (24,5)
       Property reassignment: $(ProjectAssetsCacheFile)="/Users/dacanetdev/Dev/AIGenerated/RoadmapSkills/src/DeventSoft.RoadmapSkills.Api/obj/Debug/net8.0/DeventSoft.RoadmapSkills.Api.assets.cache" (previous value: "obj\Debug/net8.0/DeventSoft.RoadmapSkills.Api.assets.cache") at /usr/local/share/dotnet/sdk/9.0.200/Sdks/Microsoft.NET.Sdk/targets/Microsoft.PackageDependencyResolution.targets (29,5)
       Property reassignment: $(ResolveAssemblyReferencesDependsOn)="
             
             ResolveProjectReferences;
             FindInvalidProjectReferences;
             GetFrameworkPaths;
             GetReferenceAssemblyPaths;
             PrepareForBuild;
             ResolveSDKReferences;
             ExpandSDKReferences;
           ;
             ResolvePackageDependenciesForBuild;
             _HandlePackageFileConflicts;
           " (previous value: "
             ResolveProjectReferences;
             FindInvalidProjectReferences;
             GetFrameworkPaths;
             GetReferenceAssemblyPaths;
             PrepareForBuild;
             ResolveSDKReferences;
             ExpandSDKReferences;
           ") at /usr/local/share/dotnet/sdk/9.0.200/Sdks/Microsoft.NET.Sdk/targets/Microsoft.PackageDependencyResolution.targets (80,5)
       Property reassignment: $(PrepareResourcesDependsOn)="
             ResolvePackageDependenciesForBuild;
             _HandlePackageFileConflicts;
             
             ;
             PrepareResourceNames;
             ResGen;
             CompileLicxFiles
           
           " (previous value: "
             ;
             PrepareResourceNames;
             ResGen;
             CompileLicxFiles
           ") at /usr/local/share/dotnet/sdk/9.0.200/Sdks/Microsoft.NET.Sdk/targets/Microsoft.PackageDependencyResolution.targets (86,5)
       Property reassignment: $(DefaultItemExcludes)=";**\node_modules\**;node_modules\**;**\jspm_packages\**;jspm_packages\**;**\bower_components\**;bower_components\**;**\packages.lock.json;bin\Debug//**;obj\Debug//**;bin\/**" (previous value: ";**\node_modules\**;node_modules\**;**\jspm_packages\**;jspm_packages\**;**\bower_components\**;bower_components\**;**\packages.lock.json;bin\Debug//**;obj\Debug//**") at /usr/local/share/dotnet/sdk/9.0.200/Sdks/Microsoft.NET.Sdk/targets/Microsoft.NET.Sdk.DefaultItems.targets (27,5)
       Property reassignment: $(DefaultItemExcludes)=";**\node_modules\**;node_modules\**;**\jspm_packages\**;jspm_packages\**;**\bower_components\**;bower_components\**;**\packages.lock.json;bin\Debug//**;obj\Debug//**;bin\/**;obj\/**" (previous value: ";**\node_modules\**;node_modules\**;**\jspm_packages\**;jspm_packages\**;**\bower_components\**;bower_components\**;**\packages.lock.json;bin\Debug//**;obj\Debug//**;bin\/**") at /usr/local/share/dotnet/sdk/9.0.200/Sdks/Microsoft.NET.Sdk/targets/Microsoft.NET.Sdk.DefaultItems.targets (29,5)
       Property reassignment: $(DefaultItemExcludes)=";**\node_modules\**;node_modules\**;**\jspm_packages\**;jspm_packages\**;**\bower_components\**;bower_components\**;**\packages.lock.json;bin\Debug//**;obj\Debug//**;bin\/**;obj\/**;**/*.user" (previous value: ";**\node_modules\**;node_modules\**;**\jspm_packages\**;jspm_packages\**;**\bower_components\**;bower_components\**;**\packages.lock.json;bin\Debug//**;obj\Debug//**;bin\/**;obj\/**") at /usr/local/share/dotnet/sdk/9.0.200/Sdks/Microsoft.NET.Sdk/targets/Microsoft.NET.Sdk.DefaultItems.targets (32,5)
       Property reassignment: $(DefaultItemExcludes)=";**\node_modules\**;node_modules\**;**\jspm_packages\**;jspm_packages\**;**\bower_components\**;bower_components\**;**\packages.lock.json;bin\Debug//**;obj\Debug//**;bin\/**;obj\/**;**/*.user;**/*.*proj" (previous value: ";**\node_modules\**;node_modules\**;**\jspm_packages\**;jspm_packages\**;**\bower_components\**;bower_components\**;**\packages.lock.json;bin\Debug//**;obj\Debug//**;bin\/**;obj\/**;**/*.user") at /usr/local/share/dotnet/sdk/9.0.200/Sdks/Microsoft.NET.Sdk/targets/Microsoft.NET.Sdk.DefaultItems.targets (33,5)
       Property reassignment: $(DefaultItemExcludes)=";**\node_modules\**;node_modules\**;**\jspm_packages\**;jspm_packages\**;**\bower_components\**;bower_components\**;**\packages.lock.json;bin\Debug//**;obj\Debug//**;bin\/**;obj\/**;**/*.user;**/*.*proj;**/*.sln" (previous value: ";**\node_modules\**;node_modules\**;**\jspm_packages\**;jspm_packages\**;**\bower_components\**;bower_components\**;**\packages.lock.json;bin\Debug//**;obj\Debug//**;bin\/**;obj\/**;**/*.user;**/*.*proj") at /usr/local/share/dotnet/sdk/9.0.200/Sdks/Microsoft.NET.Sdk/targets/Microsoft.NET.Sdk.DefaultItems.targets (34,5)
       Property reassignment: $(DefaultItemExcludes)=";**\node_modules\**;node_modules\**;**\jspm_packages\**;jspm_packages\**;**\bower_components\**;bower_components\**;**\packages.lock.json;bin\Debug//**;obj\Debug//**;bin\/**;obj\/**;**/*.user;**/*.*proj;**/*.sln;**/*.vssscc" (previous value: ";**\node_modules\**;node_modules\**;**\jspm_packages\**;jspm_packages\**;**\bower_components\**;bower_components\**;**\packages.lock.json;bin\Debug//**;obj\Debug//**;bin\/**;obj\/**;**/*.user;**/*.*proj;**/*.sln") at /usr/local/share/dotnet/sdk/9.0.200/Sdks/Microsoft.NET.Sdk/targets/Microsoft.NET.Sdk.DefaultItems.targets (35,5)
       Property reassignment: $(DefaultItemExcludes)=";**\node_modules\**;node_modules\**;**\jspm_packages\**;jspm_packages\**;**\bower_components\**;bower_components\**;**\packages.lock.json;bin\Debug//**;obj\Debug//**;bin\/**;obj\/**;**/*.user;**/*.*proj;**/*.sln;**/*.vssscc;**/.DS_Store" (previous value: ";**\node_modules\**;node_modules\**;**\jspm_packages\**;jspm_packages\**;**\bower_components\**;bower_components\**;**\packages.lock.json;bin\Debug//**;obj\Debug//**;bin\/**;obj\/**;**/*.user;**/*.*proj;**/*.sln;**/*.vssscc") at /usr/local/share/dotnet/sdk/9.0.200/Sdks/Microsoft.NET.Sdk/targets/Microsoft.NET.Sdk.DefaultItems.targets (36,5)
       Property reassignment: $(ResolveAssemblyReferencesDependsOn)="
             
             
             ResolveProjectReferences;
             FindInvalidProjectReferences;
             GetFrameworkPaths;
             GetReferenceAssemblyPaths;
             PrepareForBuild;
             ResolveSDKReferences;
             ExpandSDKReferences;
           ;
             ResolvePackageDependenciesForBuild;
             _HandlePackageFileConflicts;
           ;
             ResolveTargetingPackAssets;
           " (previous value: "
             
             ResolveProjectReferences;
             FindInvalidProjectReferences;
             GetFrameworkPaths;
             GetReferenceAssemblyPaths;
             PrepareForBuild;
             ResolveSDKReferences;
             ExpandSDKReferences;
           ;
             ResolvePackageDependenciesForBuild;
             _HandlePackageFileConflicts;
           ") at /usr/local/share/dotnet/sdk/9.0.200/Sdks/Microsoft.NET.Sdk/targets/Microsoft.NET.Sdk.FrameworkReferenceResolution.targets (14,5)
       Property reassignment: $(_GenerateRuntimeConfigurationPropertyInputsCache)="/Users/dacanetdev/Dev/AIGenerated/RoadmapSkills/src/DeventSoft.RoadmapSkills.Api/obj/Debug/net8.0/DeventSoft.RoadmapSkills.Api.genruntimeconfig.cache" (previous value: "obj\Debug/net8.0/DeventSoft.RoadmapSkills.Api.genruntimeconfig.cache") at /usr/local/share/dotnet/sdk/9.0.200/Sdks/Microsoft.NET.Sdk/targets/Microsoft.NET.Sdk.targets (44,5)
       Property reassignment: $(_GeneratePublishDependencyFilePropertyInputsCache)="/Users/dacanetdev/Dev/AIGenerated/RoadmapSkills/src/DeventSoft.RoadmapSkills.Api/obj/Debug/net8.0/DeventSoft.RoadmapSkills.Api.genpublishdeps.cache" (previous value: "obj\Debug/net8.0/DeventSoft.RoadmapSkills.Api.genpublishdeps.cache") at /usr/local/share/dotnet/sdk/9.0.200/Sdks/Microsoft.NET.Sdk/targets/Microsoft.NET.Sdk.targets (46,5)
       Property reassignment: $(_GenerateSingleFileBundlePropertyInputsCache)="/Users/dacanetdev/Dev/AIGenerated/RoadmapSkills/src/DeventSoft.RoadmapSkills.Api/obj/Debug/net8.0/DeventSoft.RoadmapSkills.Api.genbundle.cache" (previous value: "obj\Debug/net8.0/DeventSoft.RoadmapSkills.Api.genbundle.cache") at /usr/local/share/dotnet/sdk/9.0.200/Sdks/Microsoft.NET.Sdk/targets/Microsoft.NET.Sdk.targets (48,5)
       Property reassignment: $(GenerateRuntimeConfigDevFile)="false" (previous value: "true") at /usr/local/share/dotnet/sdk/9.0.200/Sdks/Microsoft.NET.Sdk/targets/Microsoft.NET.Sdk.targets (81,5)
       /usr/local/share/dotnet/sdk/9.0.200/Sdks/Microsoft.NET.Sdk/targets/Microsoft.NET.Sdk.targets(96,5): message : Property 'HOME' with value '/Users/dacanetdev' expanded from the environment.
       Property reassignment: $(_DefaultUserProfileRuntimeStorePath)="/Users/dacanetdev/.dotnet/store" (previous value: "/Users/dacanetdev") at /usr/local/share/dotnet/sdk/9.0.200/Sdks/Microsoft.NET.Sdk/targets/Microsoft.NET.Sdk.targets (98,5)
       Property reassignment: $(AvailablePlatforms)="Any CPU,x86,x64,ARM32" (previous value: "Any CPU,x86,x64") at /usr/local/share/dotnet/sdk/9.0.200/Sdks/Microsoft.NET.Sdk/targets/Microsoft.NET.Sdk.targets (140,5)
       Property reassignment: $(AvailablePlatforms)="Any CPU,x86,x64,ARM32,ARM64" (previous value: "Any CPU,x86,x64,ARM32") at /usr/local/share/dotnet/sdk/9.0.200/Sdks/Microsoft.NET.Sdk/targets/Microsoft.NET.Sdk.targets (144,5)
       Property reassignment: $(CoreBuildDependsOn)="
             _CheckForBuildWithNoBuild;
             
             BuildOnlySettings;
             PrepareForBuild;
             PreBuildEvent;
             ResolveReferences;
             PrepareResources;
             ResolveKeySource;
             Compile;
             ExportWindowsMDFile;
             UnmanagedUnregistration;
             GenerateSerializationAssemblies;
             CreateSatelliteAssemblies;
             GenerateManifests;
             GetTargetPath;
             PrepareForRun;
             UnmanagedRegistration;
             IncrementalClean;
             PostBuildEvent
           ;
             GenerateBuildDependencyFile;
             GenerateBuildRuntimeConfigurationFiles
           " (previous value: "
             BuildOnlySettings;
             PrepareForBuild;
             PreBuildEvent;
             ResolveReferences;
             PrepareResources;
             ResolveKeySource;
             Compile;
             ExportWindowsMDFile;
             UnmanagedUnregistration;
             GenerateSerializationAssemblies;
             CreateSatelliteAssemblies;
             GenerateManifests;
             GetTargetPath;
             PrepareForRun;
             UnmanagedRegistration;
             IncrementalClean;
             PostBuildEvent
           ") at /usr/local/share/dotnet/sdk/9.0.200/Sdks/Microsoft.NET.Sdk/targets/Microsoft.NET.Sdk.targets (201,5)
       Property reassignment: $(CoreCleanDependsOn)="
             _SdkBeforeClean;
             
           " (previous value: "") at /usr/local/share/dotnet/sdk/9.0.200/Sdks/Microsoft.NET.Sdk/targets/Microsoft.NET.Sdk.targets (210,5)
       Property reassignment: $(RebuildDependsOn)="
             _SdkBeforeRebuild;
             
             BeforeRebuild;
             Clean;
             Build;
             AfterRebuild;
           
           " (previous value: "
             BeforeRebuild;
             Clean;
             Build;
             AfterRebuild;
           ") at /usr/local/share/dotnet/sdk/9.0.200/Sdks/Microsoft.NET.Sdk/targets/Microsoft.NET.Sdk.targets (217,5)
       Property reassignment: $(CompileDependsOn)="
             
             ResolveReferences;
             ResolveKeySource;
             SetWin32ManifestProperties;
             _SetPreferNativeArm64Win32ManifestProperties;
             FindReferenceAssembliesForReferences;
             _GenerateCompileInputs;
             BeforeCompile;
             _TimeStampBeforeCompile;
             _GenerateCompileDependencyCache;
             CoreCompile;
             _TimeStampAfterCompile;
             AfterCompile;
           ;
             _CreateAppHost;
             _CreateComHost;
             _GetIjwHostPaths;
           " (previous value: "
             ResolveReferences;
             ResolveKeySource;
             SetWin32ManifestProperties;
             _SetPreferNativeArm64Win32ManifestProperties;
             FindReferenceAssembliesForReferences;
             _GenerateCompileInputs;
             BeforeCompile;
             _TimeStampBeforeCompile;
             _GenerateCompileDependencyCache;
             CoreCompile;
             _TimeStampAfterCompile;
             AfterCompile;
           ") at /usr/local/share/dotnet/sdk/9.0.200/Sdks/Microsoft.NET.Sdk/targets/Microsoft.NET.Sdk.targets (784,5)
       Property reassignment: $(CreateSatelliteAssembliesDependsOn)="
             
             ;
             _GenerateSatelliteAssemblyInputs;
             ComputeIntermediateSatelliteAssemblies;
             GenerateSatelliteAssemblies
           ;
             CoreGenerateSatelliteAssemblies
           " (previous value: "
             ;
             _GenerateSatelliteAssemblyInputs;
             ComputeIntermediateSatelliteAssemblies;
             GenerateSatelliteAssemblies
           ") at /usr/local/share/dotnet/sdk/9.0.200/Sdks/Microsoft.NET.Sdk/targets/Microsoft.NET.Sdk.targets (1184,5)
       Property reassignment: $(SourceLinkUrlInitializerTargets)=";_InitializeGitHubSourceLinkUrl;_InitializeGitLabSourceLinkUrl" (previous value: ";_InitializeGitHubSourceLinkUrl") at /usr/local/share/dotnet/sdk/9.0.200/Sdks/Microsoft.SourceLink.GitLab/build/Microsoft.SourceLink.GitLab.targets (12,5)
       Property reassignment: $(ResolveAssemblyReferencesDependsOn)="
             
             ResolveProjectReferences;
             FindInvalidProjectReferences;
             GetFrameworkPaths;
             GetReferenceAssemblyPaths;
             PrepareForBuild;
             ResolveSDKReferences;
             ExpandSDKReferences;
           ;
             ResolvePackageDependenciesForBuild;
             _HandlePackageFileConflicts;
           " (previous value: "
             ResolveProjectReferences;
             FindInvalidProjectReferences;
             GetFrameworkPaths;
             GetReferenceAssemblyPaths;
             PrepareForBuild;
             ResolveSDKReferences;
             ExpandSDKReferences;
           ") at /usr/local/share/dotnet/sdk/9.0.200/Sdks/Microsoft.NET.Sdk/targets/Microsoft.PackageDependencyResolution.targets (80,5)
       Property reassignment: $(SourceControlManagerUrlTranslationTargets)=";TranslateGitHubUrlsInSourceControlInformation;TranslateGitLabUrlsInSourceControlInformation" (previous value: ";TranslateGitHubUrlsInSourceControlInformation") at /usr/local/share/dotnet/sdk/9.0.200/Sdks/Microsoft.SourceLink.GitLab/build/Microsoft.SourceLink.GitLab.targets (13,5)
       Property reassignment: $(DefaultItemExcludes)=";bin\Debug//**;obj\Debug//**;bin\/**" (previous value: ";bin\Debug//**;obj\Debug//**") at /usr/local/share/dotnet/sdk/9.0.200/Sdks/Microsoft.NET.Sdk/targets/Microsoft.NET.Sdk.DefaultItems.targets (27,5)
       Property reassignment: $(DefaultItemExcludes)=";bin\Debug//**;obj\Debug//**;bin\/**;obj\/**" (previous value: ";bin\Debug//**;obj\Debug//**;bin\/**") at /usr/local/share/dotnet/sdk/9.0.200/Sdks/Microsoft.NET.Sdk/targets/Microsoft.NET.Sdk.DefaultItems.targets (29,5)
       Property reassignment: $(SourceLinkUrlInitializerTargets)=";_InitializeGitHubSourceLinkUrl;_InitializeGitLabSourceLinkUrl;_InitializeAzureReposGitSourceLinkUrl" (previous value: ";_InitializeGitHubSourceLinkUrl;_InitializeGitLabSourceLinkUrl") at /usr/local/share/dotnet/sdk/9.0.200/Sdks/Microsoft.SourceLink.AzureRepos.Git/build/Microsoft.SourceLink.AzureRepos.Git.targets (12,5)
       Property reassignment: $(DefaultItemExcludes)=";bin\Debug//**;obj\Debug//**;bin\/**;obj\/**;**/*.user" (previous value: ";bin\Debug//**;obj\Debug//**;bin\/**;obj\/**") at /usr/local/share/dotnet/sdk/9.0.200/Sdks/Microsoft.NET.Sdk/targets/Microsoft.NET.Sdk.DefaultItems.targets (32,5)
       Property reassignment: $(SourceControlManagerUrlTranslationTargets)=";TranslateGitHubUrlsInSourceControlInformation;TranslateGitLabUrlsInSourceControlInformation;TranslateAzureReposGitUrlsInSourceControlInformation" (previous value: ";TranslateGitHubUrlsInSourceControlInformation;TranslateGitLabUrlsInSourceControlInformation") at /usr/local/share/dotnet/sdk/9.0.200/Sdks/Microsoft.SourceLink.AzureRepos.Git/build/Microsoft.SourceLink.AzureRepos.Git.targets (13,5)
       Property reassignment: $(DefaultItemExcludes)=";bin\Debug//**;obj\Debug//**;bin\/**;obj\/**;**/*.user;**/*.*proj" (previous value: ";bin\Debug//**;obj\Debug//**;bin\/**;obj\/**;**/*.user") at /usr/local/share/dotnet/sdk/9.0.200/Sdks/Microsoft.NET.Sdk/targets/Microsoft.NET.Sdk.DefaultItems.targets (33,5)
       Property reassignment: $(DefaultItemExcludes)=";bin\Debug//**;obj\Debug//**;bin\/**;obj\/**;**/*.user;**/*.*proj;**/*.sln" (previous value: ";bin\Debug//**;obj\Debug//**;bin\/**;obj\/**;**/*.user;**/*.*proj") at /usr/local/share/dotnet/sdk/9.0.200/Sdks/Microsoft.NET.Sdk/targets/Microsoft.NET.Sdk.DefaultItems.targets (34,5)
       Property reassignment: $(DefaultItemExcludes)=";bin\Debug//**;obj\Debug//**;bin\/**;obj\/**;**/*.user;**/*.*proj;**/*.sln;**/*.vssscc" (previous value: ";bin\Debug//**;obj\Debug//**;bin\/**;obj\/**;**/*.user;**/*.*proj;**/*.sln") at /usr/local/share/dotnet/sdk/9.0.200/Sdks/Microsoft.NET.Sdk/targets/Microsoft.NET.Sdk.DefaultItems.targets (35,5)
       Property reassignment: $(DefaultItemExcludes)=";bin\Debug//**;obj\Debug//**;bin\/**;obj\/**;**/*.user;**/*.*proj;**/*.sln;**/*.vssscc;**/.DS_Store" (previous value: ";bin\Debug//**;obj\Debug//**;bin\/**;obj\/**;**/*.user;**/*.*proj;**/*.sln;**/*.vssscc") at /usr/local/share/dotnet/sdk/9.0.200/Sdks/Microsoft.NET.Sdk/targets/Microsoft.NET.Sdk.DefaultItems.targets (36,5)
       Property reassignment: $(ResolveAssemblyReferencesDependsOn)="
             
             
             ResolveProjectReferences;
             FindInvalidProjectReferences;
             GetFrameworkPaths;
             GetReferenceAssemblyPaths;
             PrepareForBuild;
             ResolveSDKReferences;
             ExpandSDKReferences;
           ;
             ResolvePackageDependenciesForBuild;
             _HandlePackageFileConflicts;
           ;
             ResolveTargetingPackAssets;
           " (previous value: "
             
             ResolveProjectReferences;
             FindInvalidProjectReferences;
             GetFrameworkPaths;
             GetReferenceAssemblyPaths;
             PrepareForBuild;
             ResolveSDKReferences;
             ExpandSDKReferences;
           ;
             ResolvePackageDependenciesForBuild;
             _HandlePackageFileConflicts;
           ") at /usr/local/share/dotnet/sdk/9.0.200/Sdks/Microsoft.NET.Sdk/targets/Microsoft.NET.Sdk.FrameworkReferenceResolution.targets (14,5)
       Property reassignment: $(SourceLinkUrlInitializerTargets)=";_InitializeGitHubSourceLinkUrl;_InitializeGitLabSourceLinkUrl;_InitializeAzureReposGitSourceLinkUrl;_InitializeBitbucketGitSourceLinkUrl" (previous value: ";_InitializeGitHubSourceLinkUrl;_InitializeGitLabSourceLinkUrl;_InitializeAzureReposGitSourceLinkUrl") at /usr/local/share/dotnet/sdk/9.0.200/Sdks/Microsoft.SourceLink.Bitbucket.Git/build/Microsoft.SourceLink.Bitbucket.Git.targets (12,5)
       Property reassignment: $(_GenerateRuntimeConfigurationPropertyInputsCache)="/Users/dacanetdev/Dev/AIGenerated/RoadmapSkills/src/Modules/Users/DeventSoft.RoadmapSkills.Users.Infrastructure/obj/Debug/net8.0/DeventSoft.RoadmapSkills.Users.Infrastructure.genruntimeconfig.cache" (previous value: "obj\Debug/net8.0/DeventSoft.RoadmapSkills.Users.Infrastructure.genruntimeconfig.cache") at /usr/local/share/dotnet/sdk/9.0.200/Sdks/Microsoft.NET.Sdk/targets/Microsoft.NET.Sdk.targets (44,5)
       Property reassignment: $(SourceControlManagerUrlTranslationTargets)=";TranslateGitHubUrlsInSourceControlInformation;TranslateGitLabUrlsInSourceControlInformation;TranslateAzureReposGitUrlsInSourceControlInformation;TranslateBitbucketGitUrlsInSourceControlInformation" (previous value: ";TranslateGitHubUrlsInSourceControlInformation;TranslateGitLabUrlsInSourceControlInformation;TranslateAzureReposGitUrlsInSourceControlInformation") at /usr/local/share/dotnet/sdk/9.0.200/Sdks/Microsoft.SourceLink.Bitbucket.Git/build/Microsoft.SourceLink.Bitbucket.Git.targets (13,5)
       Property reassignment: $(_GeneratePublishDependencyFilePropertyInputsCache)="/Users/dacanetdev/Dev/AIGenerated/RoadmapSkills/src/Modules/Users/DeventSoft.RoadmapSkills.Users.Infrastructure/obj/Debug/net8.0/DeventSoft.RoadmapSkills.Users.Infrastructure.genpublishdeps.cache" (previous value: "obj\Debug/net8.0/DeventSoft.RoadmapSkills.Users.Infrastructure.genpublishdeps.cache") at /usr/local/share/dotnet/sdk/9.0.200/Sdks/Microsoft.NET.Sdk/targets/Microsoft.NET.Sdk.targets (46,5)
       Property reassignment: $(DesignerRuntimeImplementationProjectOutputGroupDependsOn)="
             
             ;
             
             ;
             BuildOnlySettings;
             PrepareForBuild;
             AssignTargetPaths;
             ResolveReferences
           
           ;
             _GenerateDesignerDepsFile;
             _GenerateDesignerRuntimeConfigFile;
             GetCopyToOutputDirectoryItems;
             _GatherDesignerShadowCopyFiles;
           " (previous value: "
             ;
             
             ;
             BuildOnlySettings;
             PrepareForBuild;
             AssignTargetPaths;
             ResolveReferences
           
           ") at /usr/local/share/dotnet/sdk/9.0.200/Sdks/Microsoft.NET.Sdk/targets/Microsoft.NET.DesignerSupport.targets (21,5)
       Property reassignment: $(_GenerateToolsSettingsFileCacheFile)="/Users/dacanetdev/Dev/AIGenerated/RoadmapSkills/src/DeventSoft.RoadmapSkills.Api/obj/Debug/net8.0/DeventSoft.RoadmapSkills.Api.toolssettingsinput.cache" (previous value: "obj\Debug/net8.0/DeventSoft.RoadmapSkills.Api.toolssettingsinput.cache") at /usr/local/share/dotnet/sdk/9.0.200/Sdks/Microsoft.NET.Sdk/targets/Microsoft.NET.PackTool.targets (68,5)
       Property reassignment: $(_GenerateSingleFileBundlePropertyInputsCache)="/Users/dacanetdev/Dev/AIGenerated/RoadmapSkills/src/Modules/Users/DeventSoft.RoadmapSkills.Users.Infrastructure/obj/Debug/net8.0/DeventSoft.RoadmapSkills.Users.Infrastructure.genbundle.cache" (previous value: "obj\Debug/net8.0/DeventSoft.RoadmapSkills.Users.Infrastructure.genbundle.cache") at /usr/local/share/dotnet/sdk/9.0.200/Sdks/Microsoft.NET.Sdk/targets/Microsoft.NET.Sdk.targets (48,5)
       Property reassignment: $(_ShimInputCacheFile)="/Users/dacanetdev/Dev/AIGenerated/RoadmapSkills/src/DeventSoft.RoadmapSkills.Api/obj/Debug/net8.0/DeventSoft.RoadmapSkills.Api.shiminput.cache" (previous value: "obj\Debug/net8.0/DeventSoft.RoadmapSkills.Api.shiminput.cache") at /usr/local/share/dotnet/sdk/9.0.200/Sdks/Microsoft.NET.Sdk/targets/Microsoft.NET.PackTool.targets (137,5)
       Property reassignment: $(GenerateRuntimeConfigDevFile)="false" (previous value: "true") at /usr/local/share/dotnet/sdk/9.0.200/Sdks/Microsoft.NET.Sdk/targets/Microsoft.NET.Sdk.targets (81,5)
       /usr/local/share/dotnet/sdk/9.0.200/Sdks/Microsoft.NET.Sdk/targets/Microsoft.NET.Sdk.targets(96,5): message : Property 'HOME' with value '/Users/dacanetdev' expanded from the environment.
       Property reassignment: $(_ShimCreatedSentinelFile)="/Users/dacanetdev/Dev/AIGenerated/RoadmapSkills/src/DeventSoft.RoadmapSkills.Api/obj/Debug/net8.0/DeventSoft.RoadmapSkills.Api.shimcreated.sentinel" (previous value: "obj\Debug/net8.0/DeventSoft.RoadmapSkills.Api.shimcreated.sentinel") at /usr/local/share/dotnet/sdk/9.0.200/Sdks/Microsoft.NET.Sdk/targets/Microsoft.NET.PackTool.targets (139,5)
       Property reassignment: $(_DefaultUserProfileRuntimeStorePath)="/Users/dacanetdev/.dotnet/store" (previous value: "/Users/dacanetdev") at /usr/local/share/dotnet/sdk/9.0.200/Sdks/Microsoft.NET.Sdk/targets/Microsoft.NET.Sdk.targets (98,5)
       Property reassignment: $(DefineConstants)="TRACE;DEBUG" (previous value: "TRACE") at /usr/local/share/dotnet/sdk/9.0.200/Sdks/Microsoft.NET.Sdk/targets/Microsoft.NET.Sdk.CSharp.targets (31,5)
       Property reassignment: $(AvailablePlatforms)="Any CPU,x86,x64,ARM32" (previous value: "Any CPU,x86,x64") at /usr/local/share/dotnet/sdk/9.0.200/Sdks/Microsoft.NET.Sdk/targets/Microsoft.NET.Sdk.targets (140,5)
       Property reassignment: $(AvailablePlatforms)="Any CPU,x86,x64,ARM32,ARM64" (previous value: "Any CPU,x86,x64,ARM32") at /usr/local/share/dotnet/sdk/9.0.200/Sdks/Microsoft.NET.Sdk/targets/Microsoft.NET.Sdk.targets (144,5)
       Property reassignment: $(DefineConstants)="TRACE;DEBUG;NET;NET8_0;NETCOREAPP" (previous value: "TRACE;DEBUG") at /usr/local/share/dotnet/sdk/9.0.200/Sdks/Microsoft.NET.Sdk/targets/Microsoft.NET.Sdk.CSharp.targets (34,5)
       Property reassignment: $(WarningsAsErrors)=";NU1605;SYSLIB0011" (previous value: ";NU1605") at /usr/local/share/dotnet/sdk/9.0.200/Sdks/Microsoft.NET.Sdk/targets/Microsoft.NET.Sdk.CSharp.targets (48,5)
       Property reassignment: $(CoreBuildDependsOn)="
             _CheckForBuildWithNoBuild;
             
             BuildOnlySettings;
             PrepareForBuild;
             PreBuildEvent;
             ResolveReferences;
             PrepareResources;
             ResolveKeySource;
             Compile;
             ExportWindowsMDFile;
             UnmanagedUnregistration;
             GenerateSerializationAssemblies;
             CreateSatelliteAssemblies;
             GenerateManifests;
             GetTargetPath;
             PrepareForRun;
             UnmanagedRegistration;
             IncrementalClean;
             PostBuildEvent
           ;
             GenerateBuildDependencyFile;
             GenerateBuildRuntimeConfigurationFiles
           " (previous value: "
             BuildOnlySettings;
             PrepareForBuild;
             PreBuildEvent;
             ResolveReferences;
             PrepareResources;
             ResolveKeySource;
             Compile;
             ExportWindowsMDFile;
             UnmanagedUnregistration;
             GenerateSerializationAssemblies;
             CreateSatelliteAssemblies;
             GenerateManifests;
             GetTargetPath;
             PrepareForRun;
             UnmanagedRegistration;
             IncrementalClean;
             PostBuildEvent
           ") at /usr/local/share/dotnet/sdk/9.0.200/Sdks/Microsoft.NET.Sdk/targets/Microsoft.NET.Sdk.targets (201,5)
       Property reassignment: $(_GenerateToolsSettingsFileCacheFile)="/Users/dacanetdev/Dev/AIGenerated/RoadmapSkills/src/DeventSoft.RoadmapSkills.BlazorApp/obj/Debug/net8.0/DeventSoft.RoadmapSkills.BlazorApp.toolssettingsinput.cache" (previous value: "obj\Debug/net8.0/DeventSoft.RoadmapSkills.BlazorApp.toolssettingsinput.cache") at /usr/local/share/dotnet/sdk/9.0.200/Sdks/Microsoft.NET.Sdk/targets/Microsoft.NET.PackTool.targets (68,5)
       Property reassignment: $(_ShimInputCacheFile)="/Users/dacanetdev/Dev/AIGenerated/RoadmapSkills/src/DeventSoft.RoadmapSkills.BlazorApp/obj/Debug/net8.0/DeventSoft.RoadmapSkills.BlazorApp.shiminput.cache" (previous value: "obj\Debug/net8.0/DeventSoft.RoadmapSkills.BlazorApp.shiminput.cache") at /usr/local/share/dotnet/sdk/9.0.200/Sdks/Microsoft.NET.Sdk/targets/Microsoft.NET.PackTool.targets (137,5)
       Property reassignment: $(CoreCleanDependsOn)="
             _SdkBeforeClean;
             
           " (previous value: "") at /usr/local/share/dotnet/sdk/9.0.200/Sdks/Microsoft.NET.Sdk/targets/Microsoft.NET.Sdk.targets (210,5)
       Property reassignment: $(_ShimCreatedSentinelFile)="/Users/dacanetdev/Dev/AIGenerated/RoadmapSkills/src/DeventSoft.RoadmapSkills.BlazorApp/obj/Debug/net8.0/DeventSoft.RoadmapSkills.BlazorApp.shimcreated.sentinel" (previous value: "obj\Debug/net8.0/DeventSoft.RoadmapSkills.BlazorApp.shimcreated.sentinel") at /usr/local/share/dotnet/sdk/9.0.200/Sdks/Microsoft.NET.Sdk/targets/Microsoft.NET.PackTool.targets (139,5)
       Property reassignment: $(DefineConstants)="TRACE;DEBUG" (previous value: "TRACE") at /usr/local/share/dotnet/sdk/9.0.200/Sdks/Microsoft.NET.Sdk/targets/Microsoft.NET.Sdk.CSharp.targets (31,5)
       Property reassignment: $(DefineConstants)="TRACE;DEBUG;NET;NET8_0;NETCOREAPP" (previous value: "TRACE;DEBUG") at /usr/local/share/dotnet/sdk/9.0.200/Sdks/Microsoft.NET.Sdk/targets/Microsoft.NET.Sdk.CSharp.targets (34,5)
       Property reassignment: $(WarningsAsErrors)=";NU1605;SYSLIB0011" (previous value: ";NU1605") at /usr/local/share/dotnet/sdk/9.0.200/Sdks/Microsoft.NET.Sdk/targets/Microsoft.NET.Sdk.CSharp.targets (48,5)
       Property reassignment: $(PackageDescription)="Package Description" (previous value: "") at /usr/local/share/dotnet/sdk/9.0.200/Sdks/NuGet.Build.Tasks.Pack/build/NuGet.Build.Tasks.Pack.targets (34,5)
       Property reassignment: $(GenerateNuspecDependsOn)="Build;_LoadPackInputItems; _GetTargetFrameworksOutput; _WalkEachTargetPerFramework; _GetPackageFiles; " (previous value: "_LoadPackInputItems; _GetTargetFrameworksOutput; _WalkEachTargetPerFramework; _GetPackageFiles; ") at /usr/local/share/dotnet/sdk/9.0.200/Sdks/NuGet.Build.Tasks.Pack/build/NuGet.Build.Tasks.Pack.targets (59,5)
       Property reassignment: $(_IsNotSetContainersTargetsDir)="true" (previous value: "false") at /usr/local/share/dotnet/sdk/9.0.200/Sdks/Microsoft.NET.Sdk/Sdk/Sdk.targets (60,5)
       Property reassignment: $(_IsSDKContainerAllowedVersion)="true" (previous value: "false") at /usr/local/share/dotnet/sdk/9.0.200/Containers/build/Microsoft.NET.Build.Containers.targets (5,5)
       Property reassignment: $(RebuildDependsOn)="
             _SdkBeforeRebuild;
             
             BeforeRebuild;
             Clean;
             Build;
             AfterRebuild;
           
           " (previous value: "
             BeforeRebuild;
             Clean;
             Build;
             AfterRebuild;
           ") at /usr/local/share/dotnet/sdk/9.0.200/Sdks/Microsoft.NET.Sdk/targets/Microsoft.NET.Sdk.targets (217,5)
       Property reassignment: $(CompileDependsOn)="
             
             ResolveReferences;
             ResolveKeySource;
             SetWin32ManifestProperties;
             _SetPreferNativeArm64Win32ManifestProperties;
             FindReferenceAssembliesForReferences;
             _GenerateCompileInputs;
             BeforeCompile;
             _TimeStampBeforeCompile;
             _GenerateCompileDependencyCache;
             CoreCompile;
             _TimeStampAfterCompile;
             AfterCompile;
           ;
             _CreateAppHost;
             _CreateComHost;
             _GetIjwHostPaths;
           " (previous value: "
             ResolveReferences;
             ResolveKeySource;
             SetWin32ManifestProperties;
             _SetPreferNativeArm64Win32ManifestProperties;
             FindReferenceAssembliesForReferences;
             _GenerateCompileInputs;
             BeforeCompile;
             _TimeStampBeforeCompile;
             _GenerateCompileDependencyCache;
             CoreCompile;
             _TimeStampAfterCompile;
             AfterCompile;
           ") at /usr/local/share/dotnet/sdk/9.0.200/Sdks/Microsoft.NET.Sdk/targets/Microsoft.NET.Sdk.targets (784,5)
       Property reassignment: $(CreateSatelliteAssembliesDependsOn)="
             
             ;
             _GenerateSatelliteAssemblyInputs;
             ComputeIntermediateSatelliteAssemblies;
             GenerateSatelliteAssemblies
           ;
             CoreGenerateSatelliteAssemblies
           " (previous value: "
             ;
             _GenerateSatelliteAssemblyInputs;
             ComputeIntermediateSatelliteAssemblies;
             GenerateSatelliteAssemblies
           ") at /usr/local/share/dotnet/sdk/9.0.200/Sdks/Microsoft.NET.Sdk/targets/Microsoft.NET.Sdk.targets (1184,5)
       Property reassignment: $(SourceLinkUrlInitializerTargets)=";_InitializeGitHubSourceLinkUrl;_InitializeGitLabSourceLinkUrl" (previous value: ";_InitializeGitHubSourceLinkUrl") at /usr/local/share/dotnet/sdk/9.0.200/Sdks/Microsoft.SourceLink.GitLab/build/Microsoft.SourceLink.GitLab.targets (12,5)
       Property reassignment: $(SourceControlManagerUrlTranslationTargets)=";TranslateGitHubUrlsInSourceControlInformation;TranslateGitLabUrlsInSourceControlInformation" (previous value: ";TranslateGitHubUrlsInSourceControlInformation") at /usr/local/share/dotnet/sdk/9.0.200/Sdks/Microsoft.SourceLink.GitLab/build/Microsoft.SourceLink.GitLab.targets (13,5)
       Property reassignment: $(SourceLinkUrlInitializerTargets)=";_InitializeGitHubSourceLinkUrl;_InitializeGitLabSourceLinkUrl;_InitializeAzureReposGitSourceLinkUrl" (previous value: ";_InitializeGitHubSourceLinkUrl;_InitializeGitLabSourceLinkUrl") at /usr/local/share/dotnet/sdk/9.0.200/Sdks/Microsoft.SourceLink.AzureRepos.Git/build/Microsoft.SourceLink.AzureRepos.Git.targets (12,5)
       Property reassignment: $(SourceControlManagerUrlTranslationTargets)=";TranslateGitHubUrlsInSourceControlInformation;TranslateGitLabUrlsInSourceControlInformation;TranslateAzureReposGitUrlsInSourceControlInformation" (previous value: ";TranslateGitHubUrlsInSourceControlInformation;TranslateGitLabUrlsInSourceControlInformation") at /usr/local/share/dotnet/sdk/9.0.200/Sdks/Microsoft.SourceLink.AzureRepos.Git/build/Microsoft.SourceLink.AzureRepos.Git.targets (13,5)
       Property reassignment: $(SourceLinkUrlInitializerTargets)=";_InitializeGitHubSourceLinkUrl;_InitializeGitLabSourceLinkUrl;_InitializeAzureReposGitSourceLinkUrl;_InitializeBitbucketGitSourceLinkUrl" (previous value: ";_InitializeGitHubSourceLinkUrl;_InitializeGitLabSourceLinkUrl;_InitializeAzureReposGitSourceLinkUrl") at /usr/local/share/dotnet/sdk/9.0.200/Sdks/Microsoft.SourceLink.Bitbucket.Git/build/Microsoft.SourceLink.Bitbucket.Git.targets (12,5)
       Property reassignment: $(SourceControlManagerUrlTranslationTargets)=";TranslateGitHubUrlsInSourceControlInformation;TranslateGitLabUrlsInSourceControlInformation;TranslateAzureReposGitUrlsInSourceControlInformation;TranslateBitbucketGitUrlsInSourceControlInformation" (previous value: ";TranslateGitHubUrlsInSourceControlInformation;TranslateGitLabUrlsInSourceControlInformation;TranslateAzureReposGitUrlsInSourceControlInformation") at /usr/local/share/dotnet/sdk/9.0.200/Sdks/Microsoft.SourceLink.Bitbucket.Git/build/Microsoft.SourceLink.Bitbucket.Git.targets (13,5)
       Property reassignment: $(DesignerRuntimeImplementationProjectOutputGroupDependsOn)="
             
             ;
             
             ;
             BuildOnlySettings;
             PrepareForBuild;
             AssignTargetPaths;
             ResolveReferences
           
           ;
             _GenerateDesignerDepsFile;
             _GenerateDesignerRuntimeConfigFile;
             GetCopyToOutputDirectoryItems;
             _GatherDesignerShadowCopyFiles;
           " (previous value: "
             ;
             
             ;
             BuildOnlySettings;
             PrepareForBuild;
             AssignTargetPaths;
             ResolveReferences
           
           ") at /usr/local/share/dotnet/sdk/9.0.200/Sdks/Microsoft.NET.Sdk/targets/Microsoft.NET.DesignerSupport.targets (21,5)
       Property reassignment: $(_GenerateToolsSettingsFileCacheFile)="/Users/dacanetdev/Dev/AIGenerated/RoadmapSkills/src/Modules/Users/DeventSoft.RoadmapSkills.Users.Infrastructure/obj/Debug/net8.0/DeventSoft.RoadmapSkills.Users.Infrastructure.toolssettingsinput.cache" (previous value: "obj\Debug/net8.0/DeventSoft.RoadmapSkills.Users.Infrastructure.toolssettingsinput.cache") at /usr/local/share/dotnet/sdk/9.0.200/Sdks/Microsoft.NET.Sdk/targets/Microsoft.NET.PackTool.targets (68,5)
       Property reassignment: $(_ShimInputCacheFile)="/Users/dacanetdev/Dev/AIGenerated/RoadmapSkills/src/Modules/Users/DeventSoft.RoadmapSkills.Users.Infrastructure/obj/Debug/net8.0/DeventSoft.RoadmapSkills.Users.Infrastructure.shiminput.cache" (previous value: "obj\Debug/net8.0/DeventSoft.RoadmapSkills.Users.Infrastructure.shiminput.cache") at /usr/local/share/dotnet/sdk/9.0.200/Sdks/Microsoft.NET.Sdk/targets/Microsoft.NET.PackTool.targets (137,5)
       Property reassignment: $(_ShimCreatedSentinelFile)="/Users/dacanetdev/Dev/AIGenerated/RoadmapSkills/src/Modules/Users/DeventSoft.RoadmapSkills.Users.Infrastructure/obj/Debug/net8.0/DeventSoft.RoadmapSkills.Users.Infrastructure.shimcreated.sentinel" (previous value: "obj\Debug/net8.0/DeventSoft.RoadmapSkills.Users.Infrastructure.shimcreated.sentinel") at /usr/local/share/dotnet/sdk/9.0.200/Sdks/Microsoft.NET.Sdk/targets/Microsoft.NET.PackTool.targets (139,5)
       Property reassignment: $(DefineConstants)="TRACE;DEBUG" (previous value: "TRACE") at /usr/local/share/dotnet/sdk/9.0.200/Sdks/Microsoft.NET.Sdk/targets/Microsoft.NET.Sdk.CSharp.targets (31,5)
       Property reassignment: $(DefineConstants)="TRACE;DEBUG;NET;NET8_0;NETCOREAPP" (previous value: "TRACE;DEBUG") at /usr/local/share/dotnet/sdk/9.0.200/Sdks/Microsoft.NET.Sdk/targets/Microsoft.NET.Sdk.CSharp.targets (34,5)
       Property reassignment: $(WarningsAsErrors)=";NU1605;SYSLIB0011" (previous value: ";NU1605") at /usr/local/share/dotnet/sdk/9.0.200/Sdks/Microsoft.NET.Sdk/targets/Microsoft.NET.Sdk.CSharp.targets (48,5)
       Property reassignment: $(PackageDescription)="Package Description" (previous value: "") at /usr/local/share/dotnet/sdk/9.0.200/Sdks/NuGet.Build.Tasks.Pack/build/NuGet.Build.Tasks.Pack.targets (34,5)
       Property reassignment: $(GenerateNuspecDependsOn)="Build;_LoadPackInputItems; _GetTargetFrameworksOutput; _WalkEachTargetPerFramework; _GetPackageFiles; " (previous value: "_LoadPackInputItems; _GetTargetFrameworksOutput; _WalkEachTargetPerFramework; _GetPackageFiles; ") at /usr/local/share/dotnet/sdk/9.0.200/Sdks/NuGet.Build.Tasks.Pack/build/NuGet.Build.Tasks.Pack.targets (59,5)
       Property reassignment: $(_IsNotSetContainersTargetsDir)="true" (previous value: "false") at /usr/local/share/dotnet/sdk/9.0.200/Sdks/Microsoft.NET.Sdk/Sdk/Sdk.targets (60,5)
       Property reassignment: $(_IsSDKContainerAllowedVersion)="true" (previous value: "false") at /usr/local/share/dotnet/sdk/9.0.200/Containers/build/Microsoft.NET.Build.Containers.targets (5,5)
       Property reassignment: $(_ContainerIsTargetingNet8TFM)="true" (previous value: "false") at /usr/local/share/dotnet/sdk/9.0.200/Containers/build/Microsoft.NET.Build.Containers.targets (15,5)
       Property reassignment: $(ProjectAssetsFile)="/Users/dacanetdev/Dev/AIGenerated/RoadmapSkills/tests/Modules/Users/DeventSoft.RoadmapSkills.Users.UnitTests/obj/project.assets.json" (previous value: "/Users/dacanetdev/Dev/AIGenerated/RoadmapSkills/tests/Modules/Users/DeventSoft.RoadmapSkills.Users.UnitTests/obj//project.assets.json") at /usr/local/share/dotnet/sdk/9.0.200/Sdks/Microsoft.NET.Sdk/targets/Microsoft.PackageDependencyResolution.targets (24,5)
       Property reassignment: $(ProjectAssetsCacheFile)="/Users/dacanetdev/Dev/AIGenerated/RoadmapSkills/tests/Modules/Users/DeventSoft.RoadmapSkills.Users.UnitTests/obj/Debug/net8.0/DeventSoft.RoadmapSkills.Users.UnitTests.assets.cache" (previous value: "obj\Debug/net8.0/DeventSoft.RoadmapSkills.Users.UnitTests.assets.cache") at /usr/local/share/dotnet/sdk/9.0.200/Sdks/Microsoft.NET.Sdk/targets/Microsoft.PackageDependencyResolution.targets (29,5)
       Property reassignment: $(ResolveAssemblyReferencesDependsOn)="
             
             ResolveProjectReferences;
             FindInvalidProjectReferences;
             GetFrameworkPaths;
             GetReferenceAssemblyPaths;
             PrepareForBuild;
             ResolveSDKReferences;
             ExpandSDKReferences;
           ;
             ResolvePackageDependenciesForBuild;
             _HandlePackageFileConflicts;
           " (previous value: "
             ResolveProjectReferences;
             FindInvalidProjectReferences;
             GetFrameworkPaths;
             GetReferenceAssemblyPaths;
             PrepareForBuild;
             ResolveSDKReferences;
             ExpandSDKReferences;
           ") at /usr/local/share/dotnet/sdk/9.0.200/Sdks/Microsoft.NET.Sdk/targets/Microsoft.PackageDependencyResolution.targets (80,5)
       Property reassignment: $(PrepareResourcesDependsOn)="
             ResolvePackageDependenciesForBuild;
             _HandlePackageFileConflicts;
             
             ;
             PrepareResourceNames;
             ResGen;
             CompileLicxFiles
           
           " (previous value: "
             ;
             PrepareResourceNames;
             ResGen;
             CompileLicxFiles
           ") at /usr/local/share/dotnet/sdk/9.0.200/Sdks/Microsoft.NET.Sdk/targets/Microsoft.PackageDependencyResolution.targets (86,5)
       Property reassignment: $(DefaultItemExcludes)=";bin\Debug//**;obj\Debug//**;bin\/**" (previous value: ";bin\Debug//**;obj\Debug//**") at /usr/local/share/dotnet/sdk/9.0.200/Sdks/Microsoft.NET.Sdk/targets/Microsoft.NET.Sdk.DefaultItems.targets (27,5)
       Property reassignment: $(DefaultItemExcludes)=";bin\Debug//**;obj\Debug//**;bin\/**;obj\/**" (previous value: ";bin\Debug//**;obj\Debug//**;bin\/**") at /usr/local/share/dotnet/sdk/9.0.200/Sdks/Microsoft.NET.Sdk/targets/Microsoft.NET.Sdk.DefaultItems.targets (29,5)
       Property reassignment: $(DefaultItemExcludes)=";bin\Debug//**;obj\Debug//**;bin\/**;obj\/**;**/*.user" (previous value: ";bin\Debug//**;obj\Debug//**;bin\/**;obj\/**") at /usr/local/share/dotnet/sdk/9.0.200/Sdks/Microsoft.NET.Sdk/targets/Microsoft.NET.Sdk.DefaultItems.targets (32,5)
       Property reassignment: $(DefaultItemExcludes)=";bin\Debug//**;obj\Debug//**;bin\/**;obj\/**;**/*.user;**/*.*proj" (previous value: ";bin\Debug//**;obj\Debug//**;bin\/**;obj\/**;**/*.user") at /usr/local/share/dotnet/sdk/9.0.200/Sdks/Microsoft.NET.Sdk/targets/Microsoft.NET.Sdk.DefaultItems.targets (33,5)
       Property reassignment: $(DefaultItemExcludes)=";bin\Debug//**;obj\Debug//**;bin\/**;obj\/**;**/*.user;**/*.*proj;**/*.sln" (previous value: ";bin\Debug//**;obj\Debug//**;bin\/**;obj\/**;**/*.user;**/*.*proj") at /usr/local/share/dotnet/sdk/9.0.200/Sdks/Microsoft.NET.Sdk/targets/Microsoft.NET.Sdk.DefaultItems.targets (34,5)
       Property reassignment: $(DefaultItemExcludes)=";bin\Debug//**;obj\Debug//**;bin\/**;obj\/**;**/*.user;**/*.*proj;**/*.sln;**/*.vssscc" (previous value: ";bin\Debug//**;obj\Debug//**;bin\/**;obj\/**;**/*.user;**/*.*proj;**/*.sln") at /usr/local/share/dotnet/sdk/9.0.200/Sdks/Microsoft.NET.Sdk/targets/Microsoft.NET.Sdk.DefaultItems.targets (35,5)
       Property reassignment: $(DefaultItemExcludes)=";bin\Debug//**;obj\Debug//**;bin\/**;obj\/**;**/*.user;**/*.*proj;**/*.sln;**/*.vssscc;**/.DS_Store" (previous value: ";bin\Debug//**;obj\Debug//**;bin\/**;obj\/**;**/*.user;**/*.*proj;**/*.sln;**/*.vssscc") at /usr/local/share/dotnet/sdk/9.0.200/Sdks/Microsoft.NET.Sdk/targets/Microsoft.NET.Sdk.DefaultItems.targets (36,5)
       Property reassignment: $(DesignerRuntimeImplementationProjectOutputGroupDependsOn)="
             
             ;
             
             ;
             BuildOnlySettings;
             PrepareForBuild;
             AssignTargetPaths;
             ResolveReferences
           
           ;
             _GenerateDesignerDepsFile;
             _GenerateDesignerRuntimeConfigFile;
             GetCopyToOutputDirectoryItems;
             _GatherDesignerShadowCopyFiles;
           " (previous value: "
             ;
             
             ;
             BuildOnlySettings;
             PrepareForBuild;
             AssignTargetPaths;
             ResolveReferences
           
           ") at /usr/local/share/dotnet/sdk/9.0.200/Sdks/Microsoft.NET.Sdk/targets/Microsoft.NET.DesignerSupport.targets (21,5)
       Property reassignment: $(ResolveAssemblyReferencesDependsOn)="
             
             
             ResolveProjectReferences;
             FindInvalidProjectReferences;
             GetFrameworkPaths;
             GetReferenceAssemblyPaths;
             PrepareForBuild;
             ResolveSDKReferences;
             ExpandSDKReferences;
           ;
             ResolvePackageDependenciesForBuild;
             _HandlePackageFileConflicts;
           ;
             ResolveTargetingPackAssets;
           " (previous value: "
             
             ResolveProjectReferences;
             FindInvalidProjectReferences;
             GetFrameworkPaths;
             GetReferenceAssemblyPaths;
             PrepareForBuild;
             ResolveSDKReferences;
             ExpandSDKReferences;
           ;
             ResolvePackageDependenciesForBuild;
             _HandlePackageFileConflicts;
           ") at /usr/local/share/dotnet/sdk/9.0.200/Sdks/Microsoft.NET.Sdk/targets/Microsoft.NET.Sdk.FrameworkReferenceResolution.targets (14,5)
       Property reassignment: $(_GenerateRuntimeConfigurationPropertyInputsCache)="/Users/dacanetdev/Dev/AIGenerated/RoadmapSkills/tests/Modules/Users/DeventSoft.RoadmapSkills.Users.UnitTests/obj/Debug/net8.0/DeventSoft.RoadmapSkills.Users.UnitTests.genruntimeconfig.cache" (previous value: "obj\Debug/net8.0/DeventSoft.RoadmapSkills.Users.UnitTests.genruntimeconfig.cache") at /usr/local/share/dotnet/sdk/9.0.200/Sdks/Microsoft.NET.Sdk/targets/Microsoft.NET.Sdk.targets (44,5)
       Property reassignment: $(_GenerateToolsSettingsFileCacheFile)="/Users/dacanetdev/Dev/AIGenerated/RoadmapSkills/tests/Modules/Users/DeventSoft.RoadmapSkills.Users.IntegrationTests/obj/Debug/net8.0/DeventSoft.RoadmapSkills.Users.IntegrationTests.toolssettingsinput.cache" (previous value: "obj\Debug/net8.0/DeventSoft.RoadmapSkills.Users.IntegrationTests.toolssettingsinput.cache") at /usr/local/share/dotnet/sdk/9.0.200/Sdks/Microsoft.NET.Sdk/targets/Microsoft.NET.PackTool.targets (68,5)
       Property reassignment: $(_GeneratePublishDependencyFilePropertyInputsCache)="/Users/dacanetdev/Dev/AIGenerated/RoadmapSkills/tests/Modules/Users/DeventSoft.RoadmapSkills.Users.UnitTests/obj/Debug/net8.0/DeventSoft.RoadmapSkills.Users.UnitTests.genpublishdeps.cache" (previous value: "obj\Debug/net8.0/DeventSoft.RoadmapSkills.Users.UnitTests.genpublishdeps.cache") at /usr/local/share/dotnet/sdk/9.0.200/Sdks/Microsoft.NET.Sdk/targets/Microsoft.NET.Sdk.targets (46,5)
       Property reassignment: $(PrepareResourcesDependsOn)="
             ResolvePackageDependenciesForBuild;
             _HandlePackageFileConflicts;
             
             ;
             PrepareResourceNames;
             ResGen;
             CompileLicxFiles
           
           " (previous value: "
             ;
             PrepareResourceNames;
             ResGen;
             CompileLicxFiles
           ") at /usr/local/share/dotnet/sdk/9.0.200/Sdks/Microsoft.NET.Sdk/targets/Microsoft.PackageDependencyResolution.targets (86,5)
       Property reassignment: $(_ShimInputCacheFile)="/Users/dacanetdev/Dev/AIGenerated/RoadmapSkills/tests/Modules/Users/DeventSoft.RoadmapSkills.Users.IntegrationTests/obj/Debug/net8.0/DeventSoft.RoadmapSkills.Users.IntegrationTests.shiminput.cache" (previous value: "obj\Debug/net8.0/DeventSoft.RoadmapSkills.Users.IntegrationTests.shiminput.cache") at /usr/local/share/dotnet/sdk/9.0.200/Sdks/Microsoft.NET.Sdk/targets/Microsoft.NET.PackTool.targets (137,5)
       Property reassignment: $(_GenerateSingleFileBundlePropertyInputsCache)="/Users/dacanetdev/Dev/AIGenerated/RoadmapSkills/tests/Modules/Users/DeventSoft.RoadmapSkills.Users.UnitTests/obj/Debug/net8.0/DeventSoft.RoadmapSkills.Users.UnitTests.genbundle.cache" (previous value: "obj\Debug/net8.0/DeventSoft.RoadmapSkills.Users.UnitTests.genbundle.cache") at /usr/local/share/dotnet/sdk/9.0.200/Sdks/Microsoft.NET.Sdk/targets/Microsoft.NET.Sdk.targets (48,5)
       Property reassignment: $(DefaultItemExcludes)=";**\node_modules\**;node_modules\**;**\jspm_packages\**;jspm_packages\**;**\bower_components\**;bower_components\**;**\packages.lock.json;bin\Debug//**;obj\Debug//**;bin\/**" (previous value: ";**\node_modules\**;node_modules\**;**\jspm_packages\**;jspm_packages\**;**\bower_components\**;bower_components\**;**\packages.lock.json;bin\Debug//**;obj\Debug//**") at /usr/local/share/dotnet/sdk/9.0.200/Sdks/Microsoft.NET.Sdk/targets/Microsoft.NET.Sdk.DefaultItems.targets (27,5)
       Property reassignment: $(GenerateRuntimeConfigDevFile)="false" (previous value: "true") at /usr/local/share/dotnet/sdk/9.0.200/Sdks/Microsoft.NET.Sdk/targets/Microsoft.NET.Sdk.targets (81,5)
       Property reassignment: $(_ShimCreatedSentinelFile)="/Users/dacanetdev/Dev/AIGenerated/RoadmapSkills/tests/Modules/Users/DeventSoft.RoadmapSkills.Users.IntegrationTests/obj/Debug/net8.0/DeventSoft.RoadmapSkills.Users.IntegrationTests.shimcreated.sentinel" (previous value: "obj\Debug/net8.0/DeventSoft.RoadmapSkills.Users.IntegrationTests.shimcreated.sentinel") at /usr/local/share/dotnet/sdk/9.0.200/Sdks/Microsoft.NET.Sdk/targets/Microsoft.NET.PackTool.targets (139,5)
       Property reassignment: $(DefaultItemExcludes)=";**\node_modules\**;node_modules\**;**\jspm_packages\**;jspm_packages\**;**\bower_components\**;bower_components\**;**\packages.lock.json;bin\Debug//**;obj\Debug//**;bin\/**;obj\/**" (previous value: ";**\node_modules\**;node_modules\**;**\jspm_packages\**;jspm_packages\**;**\bower_components\**;bower_components\**;**\packages.lock.json;bin\Debug//**;obj\Debug//**;bin\/**") at /usr/local/share/dotnet/sdk/9.0.200/Sdks/Microsoft.NET.Sdk/targets/Microsoft.NET.Sdk.DefaultItems.targets (29,5)
       /usr/local/share/dotnet/sdk/9.0.200/Sdks/Microsoft.NET.Sdk/targets/Microsoft.NET.Sdk.targets(96,5): message : Property 'HOME' with value '/Users/dacanetdev' expanded from the environment.
       Property reassignment: $(DefineConstants)="TRACE;DEBUG" (previous value: "TRACE") at /usr/local/share/dotnet/sdk/9.0.200/Sdks/Microsoft.NET.Sdk/targets/Microsoft.NET.Sdk.CSharp.targets (31,5)
       Property reassignment: $(DefaultItemExcludes)=";**\node_modules\**;node_modules\**;**\jspm_packages\**;jspm_packages\**;**\bower_components\**;bower_components\**;**\packages.lock.json;bin\Debug//**;obj\Debug//**;bin\/**;obj\/**;**/*.user" (previous value: ";**\node_modules\**;node_modules\**;**\jspm_packages\**;jspm_packages\**;**\bower_components\**;bower_components\**;**\packages.lock.json;bin\Debug//**;obj\Debug//**;bin\/**;obj\/**") at /usr/local/share/dotnet/sdk/9.0.200/Sdks/Microsoft.NET.Sdk/targets/Microsoft.NET.Sdk.DefaultItems.targets (32,5)
       Property reassignment: $(DefineConstants)="TRACE;DEBUG;NET;NET8_0;NETCOREAPP" (previous value: "TRACE;DEBUG") at /usr/local/share/dotnet/sdk/9.0.200/Sdks/Microsoft.NET.Sdk/targets/Microsoft.NET.Sdk.CSharp.targets (34,5)
       Property reassignment: $(DefaultItemExcludes)=";**\node_modules\**;node_modules\**;**\jspm_packages\**;jspm_packages\**;**\bower_components\**;bower_components\**;**\packages.lock.json;bin\Debug//**;obj\Debug//**;bin\/**;obj\/**;**/*.user;**/*.*proj" (previous value: ";**\node_modules\**;node_modules\**;**\jspm_packages\**;jspm_packages\**;**\bower_components\**;bower_components\**;**\packages.lock.json;bin\Debug//**;obj\Debug//**;bin\/**;obj\/**;**/*.user") at /usr/local/share/dotnet/sdk/9.0.200/Sdks/Microsoft.NET.Sdk/targets/Microsoft.NET.Sdk.DefaultItems.targets (33,5)
       Property reassignment: $(WarningsAsErrors)=";NU1605;SYSLIB0011" (previous value: ";NU1605") at /usr/local/share/dotnet/sdk/9.0.200/Sdks/Microsoft.NET.Sdk/targets/Microsoft.NET.Sdk.CSharp.targets (48,5)
       Property reassignment: $(DefaultItemExcludes)=";**\node_modules\**;node_modules\**;**\jspm_packages\**;jspm_packages\**;**\bower_components\**;bower_components\**;**\packages.lock.json;bin\Debug//**;obj\Debug//**;bin\/**;obj\/**;**/*.user;**/*.*proj;**/*.sln" (previous value: ";**\node_modules\**;node_modules\**;**\jspm_packages\**;jspm_packages\**;**\bower_components\**;bower_components\**;**\packages.lock.json;bin\Debug//**;obj\Debug//**;bin\/**;obj\/**;**/*.user;**/*.*proj") at /usr/local/share/dotnet/sdk/9.0.200/Sdks/Microsoft.NET.Sdk/targets/Microsoft.NET.Sdk.DefaultItems.targets (34,5)
       Property reassignment: $(PackageDescription)="Package Description" (previous value: "") at /usr/local/share/dotnet/sdk/9.0.200/Sdks/NuGet.Build.Tasks.Pack/build/NuGet.Build.Tasks.Pack.targets (34,5)
       Property reassignment: $(DefaultItemExcludes)=";**\node_modules\**;node_modules\**;**\jspm_packages\**;jspm_packages\**;**\bower_components\**;bower_components\**;**\packages.lock.json;bin\Debug//**;obj\Debug//**;bin\/**;obj\/**;**/*.user;**/*.*proj;**/*.sln;**/*.vssscc" (previous value: ";**\node_modules\**;node_modules\**;**\jspm_packages\**;jspm_packages\**;**\bower_components\**;bower_components\**;**\packages.lock.json;bin\Debug//**;obj\Debug//**;bin\/**;obj\/**;**/*.user;**/*.*proj;**/*.sln") at /usr/local/share/dotnet/sdk/9.0.200/Sdks/Microsoft.NET.Sdk/targets/Microsoft.NET.Sdk.DefaultItems.targets (35,5)
       Property reassignment: $(GenerateNuspecDependsOn)="Build;_LoadPackInputItems; _GetTargetFrameworksOutput; _WalkEachTargetPerFramework; _GetPackageFiles; " (previous value: "_LoadPackInputItems; _GetTargetFrameworksOutput; _WalkEachTargetPerFramework; _GetPackageFiles; ") at /usr/local/share/dotnet/sdk/9.0.200/Sdks/NuGet.Build.Tasks.Pack/build/NuGet.Build.Tasks.Pack.targets (59,5)
       Property reassignment: $(_IsNotSetContainersTargetsDir)="true" (previous value: "false") at /usr/local/share/dotnet/sdk/9.0.200/Sdks/Microsoft.NET.Sdk/Sdk/Sdk.targets (60,5)
       Property reassignment: $(_DefaultUserProfileRuntimeStorePath)="/Users/dacanetdev/.dotnet/store" (previous value: "/Users/dacanetdev") at /usr/local/share/dotnet/sdk/9.0.200/Sdks/Microsoft.NET.Sdk/targets/Microsoft.NET.Sdk.targets (98,5)
       Property reassignment: $(_IsSDKContainerAllowedVersion)="true" (previous value: "false") at /usr/local/share/dotnet/sdk/9.0.200/Containers/build/Microsoft.NET.Build.Containers.targets (5,5)
       Property reassignment: $(AvailablePlatforms)="Any CPU,x86,x64,ARM32" (previous value: "Any CPU,x86,x64") at /usr/local/share/dotnet/sdk/9.0.200/Sdks/Microsoft.NET.Sdk/targets/Microsoft.NET.Sdk.targets (140,5)
       Property reassignment: $(_ContainerIsTargetingNet8TFM)="true" (previous value: "false") at /usr/local/share/dotnet/sdk/9.0.200/Containers/build/Microsoft.NET.Build.Containers.targets (15,5)
       Property reassignment: $(AvailablePlatforms)="Any CPU,x86,x64,ARM32,ARM64" (previous value: "Any CPU,x86,x64,ARM32") at /usr/local/share/dotnet/sdk/9.0.200/Sdks/Microsoft.NET.Sdk/targets/Microsoft.NET.Sdk.targets (144,5)
       Property reassignment: $(DefaultItemExcludes)=";**\node_modules\**;node_modules\**;**\jspm_packages\**;jspm_packages\**;**\bower_components\**;bower_components\**;**\packages.lock.json;bin\Debug//**;obj\Debug//**;bin\/**;obj\/**;**/*.user;**/*.*proj;**/*.sln;**/*.vssscc;**/.DS_Store" (previous value: ";**\node_modules\**;node_modules\**;**\jspm_packages\**;jspm_packages\**;**\bower_components\**;bower_components\**;**\packages.lock.json;bin\Debug//**;obj\Debug//**;bin\/**;obj\/**;**/*.user;**/*.*proj;**/*.sln;**/*.vssscc") at /usr/local/share/dotnet/sdk/9.0.200/Sdks/Microsoft.NET.Sdk/targets/Microsoft.NET.Sdk.DefaultItems.targets (36,5)
       Property reassignment: $(CoreBuildDependsOn)="
             _CheckForBuildWithNoBuild;
             
             BuildOnlySettings;
             PrepareForBuild;
             PreBuildEvent;
             ResolveReferences;
             PrepareResources;
             ResolveKeySource;
             Compile;
             ExportWindowsMDFile;
             UnmanagedUnregistration;
             GenerateSerializationAssemblies;
             CreateSatelliteAssemblies;
             GenerateManifests;
             GetTargetPath;
             PrepareForRun;
             UnmanagedRegistration;
             IncrementalClean;
             PostBuildEvent
           ;
             GenerateBuildDependencyFile;
             GenerateBuildRuntimeConfigurationFiles
           " (previous value: "
             BuildOnlySettings;
             PrepareForBuild;
             PreBuildEvent;
             ResolveReferences;
             PrepareResources;
             ResolveKeySource;
             Compile;
             ExportWindowsMDFile;
             UnmanagedUnregistration;
             GenerateSerializationAssemblies;
             CreateSatelliteAssemblies;
             GenerateManifests;
             GetTargetPath;
             PrepareForRun;
             UnmanagedRegistration;
             IncrementalClean;
             PostBuildEvent
           ") at /usr/local/share/dotnet/sdk/9.0.200/Sdks/Microsoft.NET.Sdk/targets/Microsoft.NET.Sdk.targets (201,5)
       Property reassignment: $(ResolveAssemblyReferencesDependsOn)="
             
             
             ResolveProjectReferences;
             FindInvalidProjectReferences;
             GetFrameworkPaths;
             GetReferenceAssemblyPaths;
             PrepareForBuild;
             ResolveSDKReferences;
             ExpandSDKReferences;
           ;
             ResolvePackageDependenciesForBuild;
             _HandlePackageFileConflicts;
           ;
             ResolveTargetingPackAssets;
           " (previous value: "
             
             ResolveProjectReferences;
             FindInvalidProjectReferences;
             GetFrameworkPaths;
             GetReferenceAssemblyPaths;
             PrepareForBuild;
             ResolveSDKReferences;
             ExpandSDKReferences;
           ;
             ResolvePackageDependenciesForBuild;
             _HandlePackageFileConflicts;
           ") at /usr/local/share/dotnet/sdk/9.0.200/Sdks/Microsoft.NET.Sdk/targets/Microsoft.NET.Sdk.FrameworkReferenceResolution.targets (14,5)
       Property reassignment: $(CoreCleanDependsOn)="
             _SdkBeforeClean;
             
           " (previous value: "") at /usr/local/share/dotnet/sdk/9.0.200/Sdks/Microsoft.NET.Sdk/targets/Microsoft.NET.Sdk.targets (210,5)
       Property reassignment: $(_GenerateToolsSettingsFileCacheFile)="/Users/dacanetdev/Dev/AIGenerated/RoadmapSkills/src/Modules/Users/DeventSoft.RoadmapSkills.Users.Application/obj/Debug/net8.0/DeventSoft.RoadmapSkills.Users.Application.toolssettingsinput.cache" (previous value: "obj\Debug/net8.0/DeventSoft.RoadmapSkills.Users.Application.toolssettingsinput.cache") at /usr/local/share/dotnet/sdk/9.0.200/Sdks/Microsoft.NET.Sdk/targets/Microsoft.NET.PackTool.targets (68,5)
       Property reassignment: $(_ShimInputCacheFile)="/Users/dacanetdev/Dev/AIGenerated/RoadmapSkills/src/Modules/Users/DeventSoft.RoadmapSkills.Users.Application/obj/Debug/net8.0/DeventSoft.RoadmapSkills.Users.Application.shiminput.cache" (previous value: "obj\Debug/net8.0/DeventSoft.RoadmapSkills.Users.Application.shiminput.cache") at /usr/local/share/dotnet/sdk/9.0.200/Sdks/Microsoft.NET.Sdk/targets/Microsoft.NET.PackTool.targets (137,5)
       Property reassignment: $(_ShimCreatedSentinelFile)="/Users/dacanetdev/Dev/AIGenerated/RoadmapSkills/src/Modules/Users/DeventSoft.RoadmapSkills.Users.Application/obj/Debug/net8.0/DeventSoft.RoadmapSkills.Users.Application.shimcreated.sentinel" (previous value: "obj\Debug/net8.0/DeventSoft.RoadmapSkills.Users.Application.shimcreated.sentinel") at /usr/local/share/dotnet/sdk/9.0.200/Sdks/Microsoft.NET.Sdk/targets/Microsoft.NET.PackTool.targets (139,5)
       Property reassignment: $(PackageDescription)="Package Description" (previous value: "") at /usr/local/share/dotnet/sdk/9.0.200/Sdks/NuGet.Build.Tasks.Pack/build/NuGet.Build.Tasks.Pack.targets (34,5)
       Property reassignment: $(_GenerateRuntimeConfigurationPropertyInputsCache)="/Users/dacanetdev/Dev/AIGenerated/RoadmapSkills/src/Modules/Users/DeventSoft.RoadmapSkills.Users.Api/obj/Debug/net8.0/DeventSoft.RoadmapSkills.Users.Api.genruntimeconfig.cache" (previous value: "obj\Debug/net8.0/DeventSoft.RoadmapSkills.Users.Api.genruntimeconfig.cache") at /usr/local/share/dotnet/sdk/9.0.200/Sdks/Microsoft.NET.Sdk/targets/Microsoft.NET.Sdk.targets (44,5)
       Property reassignment: $(RebuildDependsOn)="
             _SdkBeforeRebuild;
             
             BeforeRebuild;
             Clean;
             Build;
             AfterRebuild;
           
           " (previous value: "
             BeforeRebuild;
             Clean;
             Build;
             AfterRebuild;
           ") at /usr/local/share/dotnet/sdk/9.0.200/Sdks/Microsoft.NET.Sdk/targets/Microsoft.NET.Sdk.targets (217,5)
       Property reassignment: $(DefineConstants)="TRACE;DEBUG" (previous value: "TRACE") at /usr/local/share/dotnet/sdk/9.0.200/Sdks/Microsoft.NET.Sdk/targets/Microsoft.NET.Sdk.CSharp.targets (31,5)
       Property reassignment: $(DefineConstants)="TRACE;DEBUG;NET;NET8_0;NETCOREAPP" (previous value: "TRACE;DEBUG") at /usr/local/share/dotnet/sdk/9.0.200/Sdks/Microsoft.NET.Sdk/targets/Microsoft.NET.Sdk.CSharp.targets (34,5)
       Property reassignment: $(GenerateNuspecDependsOn)="Build;_LoadPackInputItems; _GetTargetFrameworksOutput; _WalkEachTargetPerFramework; _GetPackageFiles; " (previous value: "_LoadPackInputItems; _GetTargetFrameworksOutput; _WalkEachTargetPerFramework; _GetPackageFiles; ") at /usr/local/share/dotnet/sdk/9.0.200/Sdks/NuGet.Build.Tasks.Pack/build/NuGet.Build.Tasks.Pack.targets (59,5)
       Property reassignment: $(_GeneratePublishDependencyFilePropertyInputsCache)="/Users/dacanetdev/Dev/AIGenerated/RoadmapSkills/src/Modules/Users/DeventSoft.RoadmapSkills.Users.Api/obj/Debug/net8.0/DeventSoft.RoadmapSkills.Users.Api.genpublishdeps.cache" (previous value: "obj\Debug/net8.0/DeventSoft.RoadmapSkills.Users.Api.genpublishdeps.cache") at /usr/local/share/dotnet/sdk/9.0.200/Sdks/Microsoft.NET.Sdk/targets/Microsoft.NET.Sdk.targets (46,5)
       Property reassignment: $(WarningsAsErrors)=";NU1605;SYSLIB0011" (previous value: ";NU1605") at /usr/local/share/dotnet/sdk/9.0.200/Sdks/Microsoft.NET.Sdk/targets/Microsoft.NET.Sdk.CSharp.targets (48,5)
       Property reassignment: $(CompileDependsOn)="
             
             ResolveReferences;
             ResolveKeySource;
             SetWin32ManifestProperties;
             _SetPreferNativeArm64Win32ManifestProperties;
             FindReferenceAssembliesForReferences;
             _GenerateCompileInputs;
             BeforeCompile;
             _TimeStampBeforeCompile;
             _GenerateCompileDependencyCache;
             CoreCompile;
             _TimeStampAfterCompile;
             AfterCompile;
           ;
             _CreateAppHost;
             _CreateComHost;
             _GetIjwHostPaths;
           " (previous value: "
             ResolveReferences;
             ResolveKeySource;
             SetWin32ManifestProperties;
             _SetPreferNativeArm64Win32ManifestProperties;
             FindReferenceAssembliesForReferences;
             _GenerateCompileInputs;
             BeforeCompile;
             _TimeStampBeforeCompile;
             _GenerateCompileDependencyCache;
             CoreCompile;
             _TimeStampAfterCompile;
             AfterCompile;
           ") at /usr/local/share/dotnet/sdk/9.0.200/Sdks/Microsoft.NET.Sdk/targets/Microsoft.NET.Sdk.targets (784,5)
       Property reassignment: $(_IsNotSetContainersTargetsDir)="true" (previous value: "false") at /usr/local/share/dotnet/sdk/9.0.200/Sdks/Microsoft.NET.Sdk/Sdk/Sdk.targets (60,5)
       Property reassignment: $(PackageDescription)="Package Description" (previous value: "") at /usr/local/share/dotnet/sdk/9.0.200/Sdks/NuGet.Build.Tasks.Pack/build/NuGet.Build.Tasks.Pack.targets (34,5)
       Property reassignment: $(_GenerateSingleFileBundlePropertyInputsCache)="/Users/dacanetdev/Dev/AIGenerated/RoadmapSkills/src/Modules/Users/DeventSoft.RoadmapSkills.Users.Api/obj/Debug/net8.0/DeventSoft.RoadmapSkills.Users.Api.genbundle.cache" (previous value: "obj\Debug/net8.0/DeventSoft.RoadmapSkills.Users.Api.genbundle.cache") at /usr/local/share/dotnet/sdk/9.0.200/Sdks/Microsoft.NET.Sdk/targets/Microsoft.NET.Sdk.targets (48,5)
       Property reassignment: $(CreateSatelliteAssembliesDependsOn)="
             
             ;
             _GenerateSatelliteAssemblyInputs;
             ComputeIntermediateSatelliteAssemblies;
             GenerateSatelliteAssemblies
           ;
             CoreGenerateSatelliteAssemblies
           " (previous value: "
             ;
             _GenerateSatelliteAssemblyInputs;
             ComputeIntermediateSatelliteAssemblies;
             GenerateSatelliteAssemblies
           ") at /usr/local/share/dotnet/sdk/9.0.200/Sdks/Microsoft.NET.Sdk/targets/Microsoft.NET.Sdk.targets (1184,5)
       Property reassignment: $(_IsSDKContainerAllowedVersion)="true" (previous value: "false") at /usr/local/share/dotnet/sdk/9.0.200/Containers/build/Microsoft.NET.Build.Containers.targets (5,5)
       Property reassignment: $(GenerateNuspecDependsOn)="Build;_LoadPackInputItems; _GetTargetFrameworksOutput; _WalkEachTargetPerFramework; _GetPackageFiles; " (previous value: "_LoadPackInputItems; _GetTargetFrameworksOutput; _WalkEachTargetPerFramework; _GetPackageFiles; ") at /usr/local/share/dotnet/sdk/9.0.200/Sdks/NuGet.Build.Tasks.Pack/build/NuGet.Build.Tasks.Pack.targets (59,5)
       Property reassignment: $(_ContainerIsTargetingNet8TFM)="true" (previous value: "false") at /usr/local/share/dotnet/sdk/9.0.200/Containers/build/Microsoft.NET.Build.Containers.targets (15,5)
       Property reassignment: $(_IsNotSetContainersTargetsDir)="true" (previous value: "false") at /usr/local/share/dotnet/sdk/9.0.200/Sdks/Microsoft.NET.Sdk/Sdk/Sdk.targets (60,5)
       Property reassignment: $(GenerateRuntimeConfigDevFile)="false" (previous value: "true") at /usr/local/share/dotnet/sdk/9.0.200/Sdks/Microsoft.NET.Sdk/targets/Microsoft.NET.Sdk.targets (81,5)
       Property reassignment: $(_IsSDKContainerAllowedVersion)="true" (previous value: "false") at /usr/local/share/dotnet/sdk/9.0.200/Containers/build/Microsoft.NET.Build.Containers.targets (5,5)
       /usr/local/share/dotnet/sdk/9.0.200/Sdks/Microsoft.NET.Sdk.StaticWebAssets/targets/Sdk.StaticWebAssets.CurrentVersion.targets(37,18): message : Property 'DOTNET_HOST_PATH' with value '/usr/local/share/dotnet/dotnet' expanded from the environment.
       /usr/local/share/dotnet/sdk/9.0.200/Sdks/Microsoft.NET.Sdk/targets/Microsoft.NET.Sdk.targets(96,5): message : Property 'HOME' with value '/Users/dacanetdev' expanded from the environment.
       Property reassignment: $(_ContainerIsTargetingNet8TFM)="true" (previous value: "false") at /usr/local/share/dotnet/sdk/9.0.200/Containers/build/Microsoft.NET.Build.Containers.targets (15,5)
       Property reassignment: $(PrepareForRunDependsOn)="StaticWebAssetsPrepareForRun;
             CopyFilesToOutputDirectory
           " (previous value: "
             CopyFilesToOutputDirectory
           ") at /usr/local/share/dotnet/sdk/9.0.200/Sdks/Microsoft.NET.Sdk.StaticWebAssets/targets/Microsoft.NET.Sdk.StaticWebAssets.targets (286,5)
       Property reassignment: $(_DefaultUserProfileRuntimeStorePath)="/Users/dacanetdev/.dotnet/store" (previous value: "/Users/dacanetdev") at /usr/local/share/dotnet/sdk/9.0.200/Sdks/Microsoft.NET.Sdk/targets/Microsoft.NET.Sdk.targets (98,5)
       Property reassignment: $(AvailablePlatforms)="Any CPU,x86,x64,ARM32" (previous value: "Any CPU,x86,x64") at /usr/local/share/dotnet/sdk/9.0.200/Sdks/Microsoft.NET.Sdk/targets/Microsoft.NET.Sdk.targets (140,5)
       Property reassignment: $(GetCopyToOutputDirectoryItemsDependsOn)="
             AssignTargetPaths;
             
             AssignProjectConfiguration;
             _SplitProjectReferencesByFileExistence
           ;
             _GetProjectReferenceTargetFrameworkProperties;
             _PopulateCommonStateForGetCopyToOutputDirectoryItems
           ;AddStaticWebAssetsManifest;AddStaticWebAssetEndpointsBuildManifest" (previous value: "
             AssignTargetPaths;
             
             AssignProjectConfiguration;
             _SplitProjectReferencesByFileExistence
           ;
             _GetProjectReferenceTargetFrameworkProperties;
             _PopulateCommonStateForGetCopyToOutputDirectoryItems
           ") at /usr/local/share/dotnet/sdk/9.0.200/Sdks/Microsoft.NET.Sdk.StaticWebAssets/targets/Microsoft.NET.Sdk.StaticWebAssets.targets (323,5)
       Property reassignment: $(AvailablePlatforms)="Any CPU,x86,x64,ARM32,ARM64" (previous value: "Any CPU,x86,x64,ARM32") at /usr/local/share/dotnet/sdk/9.0.200/Sdks/Microsoft.NET.Sdk/targets/Microsoft.NET.Sdk.targets (144,5)
       Property reassignment: $(GenerateNuspecDependsOn)="
             IncludeStaticWebAssetsPackItems;
             Build;_LoadPackInputItems; _GetTargetFrameworksOutput; _WalkEachTargetPerFramework; _GetPackageFiles; ;
           " (previous value: "Build;_LoadPackInputItems; _GetTargetFrameworksOutput; _WalkEachTargetPerFramework; _GetPackageFiles; ") at /usr/local/share/dotnet/sdk/9.0.200/Sdks/Microsoft.NET.Sdk.StaticWebAssets/targets/Microsoft.NET.Sdk.StaticWebAssets.Pack.targets (46,5)
       Property reassignment: $(CoreBuildDependsOn)="
             _CheckForBuildWithNoBuild;
             
             BuildOnlySettings;
             PrepareForBuild;
             PreBuildEvent;
             ResolveReferences;
             PrepareResources;
             ResolveKeySource;
             Compile;
             ExportWindowsMDFile;
             UnmanagedUnregistration;
             GenerateSerializationAssemblies;
             CreateSatelliteAssemblies;
             GenerateManifests;
             GetTargetPath;
             PrepareForRun;
             UnmanagedRegistration;
             IncrementalClean;
             PostBuildEvent
           ;
             GenerateBuildDependencyFile;
             GenerateBuildRuntimeConfigurationFiles
           " (previous value: "
             BuildOnlySettings;
             PrepareForBuild;
             PreBuildEvent;
             ResolveReferences;
             PrepareResources;
             ResolveKeySource;
             Compile;
             ExportWindowsMDFile;
             UnmanagedUnregistration;
             GenerateSerializationAssemblies;
             CreateSatelliteAssemblies;
             GenerateManifests;
             GetTargetPath;
             PrepareForRun;
             UnmanagedRegistration;
             IncrementalClean;
             PostBuildEvent
           ") at /usr/local/share/dotnet/sdk/9.0.200/Sdks/Microsoft.NET.Sdk/targets/Microsoft.NET.Sdk.targets (201,5)
       Property reassignment: $(IncludeStaticWebAssetsPackItemsDependsOn)="
             Build;
             ResolveStaticWebAssetsConfiguration;LoadStaticWebAssetsBuildManifest
           ;
           " (previous value: "
             ResolveStaticWebAssetsConfiguration;LoadStaticWebAssetsBuildManifest
           ") at /usr/local/share/dotnet/sdk/9.0.200/Sdks/Microsoft.NET.Sdk.StaticWebAssets/targets/Microsoft.NET.Sdk.StaticWebAssets.Pack.targets (55,5)
       Property reassignment: $(CoreCleanDependsOn)="
             _SdkBeforeClean;
             
           " (previous value: "") at /usr/local/share/dotnet/sdk/9.0.200/Sdks/Microsoft.NET.Sdk/targets/Microsoft.NET.Sdk.targets (210,5)
       Property reassignment: $(RebuildDependsOn)="
             _SdkBeforeRebuild;
             
             BeforeRebuild;
             Clean;
             Build;
             AfterRebuild;
           
           " (previous value: "
             BeforeRebuild;
             Clean;
             Build;
             AfterRebuild;
           ") at /usr/local/share/dotnet/sdk/9.0.200/Sdks/Microsoft.NET.Sdk/targets/Microsoft.NET.Sdk.targets (217,5)
       Property reassignment: $(ResolveStaticWebAssetsInputsDependsOn)="
           
             ResolveCoreStaticWebAssets;
             GenerateComputedBuildStaticWebAssets;
             
           ;
           ResolveScopedCssAssets;
         " (previous value: "
             ResolveCoreStaticWebAssets;
             GenerateComputedBuildStaticWebAssets;
             
           ") at /usr/local/share/dotnet/sdk/9.0.200/Sdks/Microsoft.NET.Sdk.StaticWebAssets/targets/Microsoft.NET.Sdk.StaticWebAssets.ScopedCss.targets (55,3)
       Property reassignment: $(CompileDependsOn)="
             
             ResolveReferences;
             ResolveKeySource;
             SetWin32ManifestProperties;
             _SetPreferNativeArm64Win32ManifestProperties;
             FindReferenceAssembliesForReferences;
             _GenerateCompileInputs;
             BeforeCompile;
             _TimeStampBeforeCompile;
             _GenerateCompileDependencyCache;
             CoreCompile;
             _TimeStampAfterCompile;
             AfterCompile;
           ;
             _CreateAppHost;
             _CreateComHost;
             _GetIjwHostPaths;
           " (previous value: "
             ResolveReferences;
             ResolveKeySource;
             SetWin32ManifestProperties;
             _SetPreferNativeArm64Win32ManifestProperties;
             FindReferenceAssembliesForReferences;
             _GenerateCompileInputs;
             BeforeCompile;
             _TimeStampBeforeCompile;
             _GenerateCompileDependencyCache;
             CoreCompile;
             _TimeStampAfterCompile;
             AfterCompile;
           ") at /usr/local/share/dotnet/sdk/9.0.200/Sdks/Microsoft.NET.Sdk/targets/Microsoft.NET.Sdk.targets (784,5)
       Property reassignment: $(CreateSatelliteAssembliesDependsOn)="
             
             ;
             _GenerateSatelliteAssemblyInputs;
             ComputeIntermediateSatelliteAssemblies;
             GenerateSatelliteAssemblies
           ;
             CoreGenerateSatelliteAssemblies
           " (previous value: "
             ;
             _GenerateSatelliteAssemblyInputs;
             ComputeIntermediateSatelliteAssemblies;
             GenerateSatelliteAssemblies
           ") at /usr/local/share/dotnet/sdk/9.0.200/Sdks/Microsoft.NET.Sdk/targets/Microsoft.NET.Sdk.targets (1184,5)
       Property reassignment: $(GenerateComputedBuildStaticWebAssetsDependsOn)="
           ResolveCoreStaticWebAssets;;
           BundleScopedCssFiles;
         " (previous value: "ResolveCoreStaticWebAssets;") at /usr/local/share/dotnet/sdk/9.0.200/Sdks/Microsoft.NET.Sdk.StaticWebAssets/targets/Microsoft.NET.Sdk.StaticWebAssets.ScopedCss.targets (88,3)
       Property reassignment: $(ResolveCoreStaticWebAssetsDependsOn)="
             
             UpdateExistingPackageStaticWebAssets;
             ResolveProjectStaticWebAssets;
             ResolveEmbeddedProjectsStaticWebAssets;
             ResolveReferencedProjectsStaticWebAssets;
             ;
           ;
             ResolveJsInitializerModuleStaticWebAssets;
           " (previous value: "
             UpdateExistingPackageStaticWebAssets;
             ResolveProjectStaticWebAssets;
             ResolveEmbeddedProjectsStaticWebAssets;
             ResolveReferencedProjectsStaticWebAssets;
             ;
           ") at /usr/local/share/dotnet/sdk/9.0.200/Sdks/Microsoft.NET.Sdk.StaticWebAssets/targets/Microsoft.NET.Sdk.StaticWebAssets.JSModules.targets (37,5)
       Property reassignment: $(SourceLinkUrlInitializerTargets)=";_InitializeGitHubSourceLinkUrl;_InitializeGitLabSourceLinkUrl" (previous value: ";_InitializeGitHubSourceLinkUrl") at /usr/local/share/dotnet/sdk/9.0.200/Sdks/Microsoft.SourceLink.GitLab/build/Microsoft.SourceLink.GitLab.targets (12,5)
       Property reassignment: $(SourceControlManagerUrlTranslationTargets)=";TranslateGitHubUrlsInSourceControlInformation;TranslateGitLabUrlsInSourceControlInformation" (previous value: ";TranslateGitHubUrlsInSourceControlInformation") at /usr/local/share/dotnet/sdk/9.0.200/Sdks/Microsoft.SourceLink.GitLab/build/Microsoft.SourceLink.GitLab.targets (13,5)
       Property reassignment: $(ResolveCoreStaticWebAssetsDependsOn)="
             
             
             UpdateExistingPackageStaticWebAssets;
             ResolveProjectStaticWebAssets;
             ResolveEmbeddedProjectsStaticWebAssets;
             ResolveReferencedProjectsStaticWebAssets;
             ;
           ;
             ResolveJsInitializerModuleStaticWebAssets;
           ;
             ResolveJSModuleStaticWebAssets;
           " (previous value: "
             
             UpdateExistingPackageStaticWebAssets;
             ResolveProjectStaticWebAssets;
             ResolveEmbeddedProjectsStaticWebAssets;
             ResolveReferencedProjectsStaticWebAssets;
             ;
           ;
             ResolveJsInitializerModuleStaticWebAssets;
           ") at /usr/local/share/dotnet/sdk/9.0.200/Sdks/Microsoft.NET.Sdk.StaticWebAssets/targets/Microsoft.NET.Sdk.StaticWebAssets.JSModules.targets (42,5)
       Property reassignment: $(SourceLinkUrlInitializerTargets)=";_InitializeGitHubSourceLinkUrl;_InitializeGitLabSourceLinkUrl;_InitializeAzureReposGitSourceLinkUrl" (previous value: ";_InitializeGitHubSourceLinkUrl;_InitializeGitLabSourceLinkUrl") at /usr/local/share/dotnet/sdk/9.0.200/Sdks/Microsoft.SourceLink.AzureRepos.Git/build/Microsoft.SourceLink.AzureRepos.Git.targets (12,5)
       Property reassignment: $(ResolveStaticWebAssetsInputsDependsOn)="
             ResolveJSModuleManifestBuildStaticWebAssets;
             
           
             ResolveCoreStaticWebAssets;
             GenerateComputedBuildStaticWebAssets;
             
           ;
           ResolveScopedCssAssets;
         
           " (previous value: "
           
             ResolveCoreStaticWebAssets;
             GenerateComputedBuildStaticWebAssets;
             
           ;
           ResolveScopedCssAssets;
         ") at /usr/local/share/dotnet/sdk/9.0.200/Sdks/Microsoft.NET.Sdk.StaticWebAssets/targets/Microsoft.NET.Sdk.StaticWebAssets.JSModules.targets (57,5)
       Property reassignment: $(SourceControlManagerUrlTranslationTargets)=";TranslateGitHubUrlsInSourceControlInformation;TranslateGitLabUrlsInSourceControlInformation;TranslateAzureReposGitUrlsInSourceControlInformation" (previous value: ";TranslateGitHubUrlsInSourceControlInformation;TranslateGitLabUrlsInSourceControlInformation") at /usr/local/share/dotnet/sdk/9.0.200/Sdks/Microsoft.SourceLink.AzureRepos.Git/build/Microsoft.SourceLink.AzureRepos.Git.targets (13,5)
       Property reassignment: $(ResolvePublishStaticWebAssetsDependsOn)="
             ResolveJSModuleManifestPublishStaticWebAssets;
             
             ResolveCorePublishStaticWebAssets;
             GenerateComputedPublishStaticWebAssets;
             ;
           
           " (previous value: "
             ResolveCorePublishStaticWebAssets;
             GenerateComputedPublishStaticWebAssets;
             ;
           ") at /usr/local/share/dotnet/sdk/9.0.200/Sdks/Microsoft.NET.Sdk.StaticWebAssets/targets/Microsoft.NET.Sdk.StaticWebAssets.JSModules.targets (76,5)
       Property reassignment: $(SourceLinkUrlInitializerTargets)=";_InitializeGitHubSourceLinkUrl;_InitializeGitLabSourceLinkUrl;_InitializeAzureReposGitSourceLinkUrl;_InitializeBitbucketGitSourceLinkUrl" (previous value: ";_InitializeGitHubSourceLinkUrl;_InitializeGitLabSourceLinkUrl;_InitializeAzureReposGitSourceLinkUrl") at /usr/local/share/dotnet/sdk/9.0.200/Sdks/Microsoft.SourceLink.Bitbucket.Git/build/Microsoft.SourceLink.Bitbucket.Git.targets (12,5)
       Property reassignment: $(ResolveBuildRelatedStaticWebAssetsDependsOn)="
             ResolveBuildCompressedStaticWebAssets;
             
             ResolveStaticWebAssetsInputs;
             
           
           " (previous value: "
             ResolveStaticWebAssetsInputs;
             
           ") at /usr/local/share/dotnet/sdk/9.0.200/Sdks/Microsoft.NET.Sdk.StaticWebAssets/targets/Microsoft.NET.Sdk.StaticWebAssets.Compression.targets (179,5)
       Property reassignment: $(SourceControlManagerUrlTranslationTargets)=";TranslateGitHubUrlsInSourceControlInformation;TranslateGitLabUrlsInSourceControlInformation;TranslateAzureReposGitUrlsInSourceControlInformation;TranslateBitbucketGitUrlsInSourceControlInformation" (previous value: ";TranslateGitHubUrlsInSourceControlInformation;TranslateGitLabUrlsInSourceControlInformation;TranslateAzureReposGitUrlsInSourceControlInformation") at /usr/local/share/dotnet/sdk/9.0.200/Sdks/Microsoft.SourceLink.Bitbucket.Git/build/Microsoft.SourceLink.Bitbucket.Git.targets (13,5)
       Property reassignment: $(ResolvePublishRelatedStaticWebAssetsDependsOn)="
             ResolvePublishCompressedStaticWebAssets;
             
           " (previous value: "") at /usr/local/share/dotnet/sdk/9.0.200/Sdks/Microsoft.NET.Sdk.StaticWebAssets/targets/Microsoft.NET.Sdk.StaticWebAssets.Compression.targets (198,5)
       Property reassignment: $(DesignerRuntimeImplementationProjectOutputGroupDependsOn)="
             
             ;
             
             ;
             BuildOnlySettings;
             PrepareForBuild;
             AssignTargetPaths;
             ResolveReferences
           
           ;
             _GenerateDesignerDepsFile;
             _GenerateDesignerRuntimeConfigFile;
             GetCopyToOutputDirectoryItems;
             _GatherDesignerShadowCopyFiles;
           " (previous value: "
             ;
             
             ;
             BuildOnlySettings;
             PrepareForBuild;
             AssignTargetPaths;
             ResolveReferences
           
           ") at /usr/local/share/dotnet/sdk/9.0.200/Sdks/Microsoft.NET.Sdk/targets/Microsoft.NET.DesignerSupport.targets (21,5)
       Property reassignment: $(_GenerateToolsSettingsFileCacheFile)="/Users/dacanetdev/Dev/AIGenerated/RoadmapSkills/src/Modules/Users/DeventSoft.RoadmapSkills.Users.Api/obj/Debug/net8.0/DeventSoft.RoadmapSkills.Users.Api.toolssettingsinput.cache" (previous value: "obj\Debug/net8.0/DeventSoft.RoadmapSkills.Users.Api.toolssettingsinput.cache") at /usr/local/share/dotnet/sdk/9.0.200/Sdks/Microsoft.NET.Sdk/targets/Microsoft.NET.PackTool.targets (68,5)
       Property reassignment: $(DebugSymbolsProjectOutputGroupDependsOn)="
             ;
             _RazorAddDebugSymbolsProjectOutputGroupOutput
           " (previous value: "") at /usr/local/share/dotnet/sdk/9.0.200/Sdks/Microsoft.NET.Sdk.Razor/targets/Sdk.Razor.CurrentVersion.targets (205,5)
       Property reassignment: $(_ContainerIsTargetingNet8TFM)="true" (previous value: "false") at /usr/local/share/dotnet/sdk/9.0.200/Containers/build/Microsoft.NET.Build.Containers.targets (15,5)
       Property reassignment: $(_ShimInputCacheFile)="/Users/dacanetdev/Dev/AIGenerated/RoadmapSkills/src/Modules/Users/DeventSoft.RoadmapSkills.Users.Api/obj/Debug/net8.0/DeventSoft.RoadmapSkills.Users.Api.shiminput.cache" (previous value: "obj\Debug/net8.0/DeventSoft.RoadmapSkills.Users.Api.shiminput.cache") at /usr/local/share/dotnet/sdk/9.0.200/Sdks/Microsoft.NET.Sdk/targets/Microsoft.NET.PackTool.targets (137,5)
       /usr/local/share/dotnet/sdk/9.0.200/Sdks/Microsoft.NET.Sdk.StaticWebAssets/targets/Sdk.StaticWebAssets.CurrentVersion.targets(37,18): message : Property 'DOTNET_HOST_PATH' with value '/usr/local/share/dotnet/dotnet' expanded from the environment.
       Property reassignment: $(PrepareForBuildDependsOn)="
             ;GetFrameworkPaths;GetReferenceAssemblyPaths;AssignLinkMetadata;
             ResolveRazorGenerateInputs
           " (previous value: ";GetFrameworkPaths;GetReferenceAssemblyPaths;AssignLinkMetadata") at /usr/local/share/dotnet/sdk/9.0.200/Sdks/Microsoft.NET.Sdk.Razor/targets/Sdk.Razor.CurrentVersion.targets (210,5)
       Property reassignment: $(PrepareForRunDependsOn)="StaticWebAssetsPrepareForRun;
             CopyFilesToOutputDirectory
           " (previous value: "
             CopyFilesToOutputDirectory
           ") at /usr/local/share/dotnet/sdk/9.0.200/Sdks/Microsoft.NET.Sdk.StaticWebAssets/targets/Microsoft.NET.Sdk.StaticWebAssets.targets (286,5)
       Property reassignment: $(_ShimCreatedSentinelFile)="/Users/dacanetdev/Dev/AIGenerated/RoadmapSkills/src/Modules/Users/DeventSoft.RoadmapSkills.Users.Api/obj/Debug/net8.0/DeventSoft.RoadmapSkills.Users.Api.shimcreated.sentinel" (previous value: "obj\Debug/net8.0/DeventSoft.RoadmapSkills.Users.Api.shimcreated.sentinel") at /usr/local/share/dotnet/sdk/9.0.200/Sdks/Microsoft.NET.Sdk/targets/Microsoft.NET.PackTool.targets (139,5)
       Property reassignment: $(GenerateNuspecDependsOn)="
             ResolveRazorGenerateInputs;
             
             IncludeStaticWebAssetsPackItems;
             Build;_LoadPackInputItems; _GetTargetFrameworksOutput; _WalkEachTargetPerFramework; _GetPackageFiles; ;
           
           " (previous value: "
             IncludeStaticWebAssetsPackItems;
             Build;_LoadPackInputItems; _GetTargetFrameworksOutput; _WalkEachTargetPerFramework; _GetPackageFiles; ;
           ") at /usr/local/share/dotnet/sdk/9.0.200/Sdks/Microsoft.NET.Sdk.Razor/targets/Sdk.Razor.CurrentVersion.targets (215,5)
       Property reassignment: $(GetCopyToOutputDirectoryItemsDependsOn)="
             AssignTargetPaths;
             
             AssignProjectConfiguration;
             _SplitProjectReferencesByFileExistence
           ;
             _GetProjectReferenceTargetFrameworkProperties;
             _PopulateCommonStateForGetCopyToOutputDirectoryItems
           ;AddStaticWebAssetsManifest;AddStaticWebAssetEndpointsBuildManifest" (previous value: "
             AssignTargetPaths;
             
             AssignProjectConfiguration;
             _SplitProjectReferencesByFileExistence
           ;
             _GetProjectReferenceTargetFrameworkProperties;
             _PopulateCommonStateForGetCopyToOutputDirectoryItems
           ") at /usr/local/share/dotnet/sdk/9.0.200/Sdks/Microsoft.NET.Sdk.StaticWebAssets/targets/Microsoft.NET.Sdk.StaticWebAssets.targets (323,5)
       Property reassignment: $(PrepareForRunDependsOn)="
             _RazorPrepareForRun;
             StaticWebAssetsPrepareForRun;
             CopyFilesToOutputDirectory
           
           " (previous value: "StaticWebAssetsPrepareForRun;
             CopyFilesToOutputDirectory
           ") at /usr/local/share/dotnet/sdk/9.0.200/Sdks/Microsoft.NET.Sdk.Razor/targets/Sdk.Razor.CurrentVersion.targets (220,5)
       Property reassignment: $(DefineConstants)="TRACE;DEBUG" (previous value: "TRACE") at /usr/local/share/dotnet/sdk/9.0.200/Sdks/Microsoft.NET.Sdk/targets/Microsoft.NET.Sdk.CSharp.targets (31,5)
       Property reassignment: $(GenerateNuspecDependsOn)="
             IncludeStaticWebAssetsPackItems;
             Build;_LoadPackInputItems; _GetTargetFrameworksOutput; _WalkEachTargetPerFramework; _GetPackageFiles; ;
           " (previous value: "Build;_LoadPackInputItems; _GetTargetFrameworksOutput; _WalkEachTargetPerFramework; _GetPackageFiles; ") at /usr/local/share/dotnet/sdk/9.0.200/Sdks/Microsoft.NET.Sdk.StaticWebAssets/targets/Microsoft.NET.Sdk.StaticWebAssets.Pack.targets (46,5)
       Property reassignment: $(UseRazorBuildServer)="true" (previous value: "") at /usr/local/share/dotnet/sdk/9.0.200/Sdks/Microsoft.NET.Sdk.Razor/targets/Sdk.Razor.CurrentVersion.targets (311,5)
       Property reassignment: $(DefineConstants)="TRACE;DEBUG;NET;NET8_0;NETCOREAPP" (previous value: "TRACE;DEBUG") at /usr/local/share/dotnet/sdk/9.0.200/Sdks/Microsoft.NET.Sdk/targets/Microsoft.NET.Sdk.CSharp.targets (34,5)
       Property reassignment: $(_RazorDebugSymbolsProduced)="true" (previous value: "false") at /usr/local/share/dotnet/sdk/9.0.200/Sdks/Microsoft.NET.Sdk.Razor/targets/Sdk.Razor.CurrentVersion.targets (317,5)
       Property reassignment: $(WarningsAsErrors)=";NU1605;SYSLIB0011" (previous value: ";NU1605") at /usr/local/share/dotnet/sdk/9.0.200/Sdks/Microsoft.NET.Sdk/targets/Microsoft.NET.Sdk.CSharp.targets (48,5)
       Property reassignment: $(PackageDescription)="Package Description" (previous value: "") at /usr/local/share/dotnet/sdk/9.0.200/Sdks/NuGet.Build.Tasks.Pack/build/NuGet.Build.Tasks.Pack.targets (34,5)
       Property reassignment: $(GenerateRazorTargetAssemblyInfoDependsOn)="
             _ResolveMvcAssemblyAttributes;
             
             GetRazorTargetAssemblyAttributes;
             _CreateRazorTargetAssemblyInfoInputsCacheFile;
             CoreGenerateRazorTargetAssemblyInfo
           
           " (previous value: "
             GetRazorTargetAssemblyAttributes;
             _CreateRazorTargetAssemblyInfoInputsCacheFile;
             CoreGenerateRazorTargetAssemblyInfo
           ") at /usr/local/share/dotnet/sdk/9.0.200/Sdks/Microsoft.NET.Sdk.Razor/targets/Microsoft.NET.Sdk.Razor.GenerateAssemblyInfo.targets (36,5)
       Property reassignment: $(GenerateNuspecDependsOn)="Build;_LoadPackInputItems; _GetTargetFrameworksOutput; _WalkEachTargetPerFramework; _GetPackageFiles; " (previous value: "_LoadPackInputItems; _GetTargetFrameworksOutput; _WalkEachTargetPerFramework; _GetPackageFiles; ") at /usr/local/share/dotnet/sdk/9.0.200/Sdks/NuGet.Build.Tasks.Pack/build/NuGet.Build.Tasks.Pack.targets (59,5)
       Property reassignment: $(_IsNotSetContainersTargetsDir)="true" (previous value: "false") at /usr/local/share/dotnet/sdk/9.0.200/Sdks/Microsoft.NET.Sdk/Sdk/Sdk.targets (60,5)
       Property reassignment: $(_IsSDKContainerAllowedVersion)="true" (previous value: "false") at /usr/local/share/dotnet/sdk/9.0.200/Containers/build/Microsoft.NET.Build.Containers.targets (5,5)
       Property reassignment: $(CoreCompileDependsOn)="
             ;_ComputeNonExistentFileProperty;ResolveCodeAnalysisRuleSet;
             _GenerateRazorAssemblyInfo
           " (previous value: ";_ComputeNonExistentFileProperty;ResolveCodeAnalysisRuleSet") at /usr/local/share/dotnet/sdk/9.0.200/Sdks/Microsoft.NET.Sdk.Razor/targets/Microsoft.NET.Sdk.Razor.GenerateAssemblyInfo.targets (181,5)
       Property reassignment: $(_ContainerIsTargetingNet8TFM)="true" (previous value: "false") at /usr/local/share/dotnet/sdk/9.0.200/Containers/build/Microsoft.NET.Build.Containers.targets (15,5)
       Property reassignment: $(_GenerateRazorAssemblyInfoDependsOn)="
             _ResolveMvcAssemblyAttributes;
             RazorGetAssemblyAttributes;PrepareForBuild;_CoreGenerateRazorAssemblyInfo;
           " (previous value: "RazorGetAssemblyAttributes;PrepareForBuild;_CoreGenerateRazorAssemblyInfo") at /usr/local/share/dotnet/sdk/9.0.200/Sdks/Microsoft.NET.Sdk.Razor/targets/Microsoft.NET.Sdk.Razor.GenerateAssemblyInfo.targets (189,5)
       /usr/local/share/dotnet/sdk/9.0.200/Sdks/Microsoft.NET.Sdk.StaticWebAssets/targets/Sdk.StaticWebAssets.CurrentVersion.targets(37,18): message : Property 'DOTNET_HOST_PATH' with value '/usr/local/share/dotnet/dotnet' expanded from the environment.
       Property reassignment: $(CoreCompileDependsOn)="
             _DiscoverMvcApplicationParts;
             
             ;_ComputeNonExistentFileProperty;ResolveCodeAnalysisRuleSet;
             _GenerateRazorAssemblyInfo
           ;
           " (previous value: "
             ;_ComputeNonExistentFileProperty;ResolveCodeAnalysisRuleSet;
             _GenerateRazorAssemblyInfo
           ") at /usr/local/share/dotnet/sdk/9.0.200/Sdks/Microsoft.NET.Sdk.Razor/targets/Microsoft.NET.Sdk.Razor.MvcApplicationPartsDiscovery.targets (22,5)
       Property reassignment: $(RazorDesignTimeTargets)="/usr/local/share/dotnet/sdk/9.0.200/Sdks/Microsoft.NET.Sdk.Razor/targets/Microsoft.NET.Sdk.Razor.DesignTime.targets" (previous value: "/usr/local/share/dotnet/sdk/9.0.200/Microsoft/VisualStudio/Razor/Microsoft.NET.Sdk.Razor.DesignTime.targets") at /usr/local/share/dotnet/sdk/9.0.200/Sdks/Microsoft.NET.Sdk.Razor/targets/Sdk.Razor.CurrentVersion.targets (791,5)
       Property reassignment: $(RunWorkingDirectory)="/Users/dacanetdev/Dev/AIGenerated/RoadmapSkills/src/DeventSoft.RoadmapSkills.Api" (previous value: "") at /usr/local/share/dotnet/sdk/9.0.200/Sdks/Microsoft.NET.Sdk.Web.ProjectSystem/targets/Microsoft.NET.Sdk.Web.ProjectSystem.targets (21,5)
       Property reassignment: $(PrepareForRunDependsOn)="StaticWebAssetsPrepareForRun;
             CopyFilesToOutputDirectory
           " (previous value: "
             CopyFilesToOutputDirectory
           ") at /usr/local/share/dotnet/sdk/9.0.200/Sdks/Microsoft.NET.Sdk.StaticWebAssets/targets/Microsoft.NET.Sdk.StaticWebAssets.targets (286,5)
       Property reassignment: $(PublishProfileImported)="true" (previous value: "false") at /usr/local/share/dotnet/sdk/9.0.200/Sdks/Microsoft.NET.Sdk.Publish/targets/Microsoft.NET.Sdk.Publish.targets (60,5)
       Property reassignment: $(GetCopyToOutputDirectoryItemsDependsOn)="
             AssignTargetPaths;
             
             AssignProjectConfiguration;
             _SplitProjectReferencesByFileExistence
           ;
             _GetProjectReferenceTargetFrameworkProperties;
             _PopulateCommonStateForGetCopyToOutputDirectoryItems
           ;AddStaticWebAssetsManifest;AddStaticWebAssetEndpointsBuildManifest" (previous value: "
             AssignTargetPaths;
             
             AssignProjectConfiguration;
             _SplitProjectReferencesByFileExistence
           ;
             _GetProjectReferenceTargetFrameworkProperties;
             _PopulateCommonStateForGetCopyToOutputDirectoryItems
           ") at /usr/local/share/dotnet/sdk/9.0.200/Sdks/Microsoft.NET.Sdk.StaticWebAssets/targets/Microsoft.NET.Sdk.StaticWebAssets.targets (323,5)
       Property reassignment: $(PublishConfiguration)="Debug" (previous value: "") at /usr/local/share/dotnet/sdk/9.0.200/Sdks/Microsoft.NET.Sdk.Publish/targets/Microsoft.NET.Sdk.Publish.targets (81,5)
       Property reassignment: $(GenerateNuspecDependsOn)="
             IncludeStaticWebAssetsPackItems;
             Build;_LoadPackInputItems; _GetTargetFrameworksOutput; _WalkEachTargetPerFramework; _GetPackageFiles; ;
           " (previous value: "Build;_LoadPackInputItems; _GetTargetFrameworksOutput; _WalkEachTargetPerFramework; _GetPackageFiles; ") at /usr/local/share/dotnet/sdk/9.0.200/Sdks/Microsoft.NET.Sdk.StaticWebAssets/targets/Microsoft.NET.Sdk.StaticWebAssets.Pack.targets (46,5)
       Property reassignment: $(IncludeStaticWebAssetsPackItemsDependsOn)="
             Build;
             ResolveStaticWebAssetsConfiguration;LoadStaticWebAssetsBuildManifest
           ;
           " (previous value: "
             ResolveStaticWebAssetsConfiguration;LoadStaticWebAssetsBuildManifest
           ") at /usr/local/share/dotnet/sdk/9.0.200/Sdks/Microsoft.NET.Sdk.StaticWebAssets/targets/Microsoft.NET.Sdk.StaticWebAssets.Pack.targets (55,5)
       Property reassignment: $(BaseIntermediateOutputPath)="/Users/dacanetdev/Dev/AIGenerated/RoadmapSkills/src/DeventSoft.RoadmapSkills.Api/obj/" (previous value: "obj\") at /usr/local/share/dotnet/sdk/9.0.200/Sdks/Microsoft.NET.Sdk.Publish/targets/Microsoft.NET.Sdk.Publish.targets (87,5)
       Property reassignment: $(ResolveStaticWebAssetsInputsDependsOn)="
           
             ResolveCoreStaticWebAssets;
             GenerateComputedBuildStaticWebAssets;
             
           ;
           ResolveScopedCssAssets;
         " (previous value: "
             ResolveCoreStaticWebAssets;
             GenerateComputedBuildStaticWebAssets;
             
           ") at /usr/local/share/dotnet/sdk/9.0.200/Sdks/Microsoft.NET.Sdk.StaticWebAssets/targets/Microsoft.NET.Sdk.StaticWebAssets.ScopedCss.targets (55,3)
       Property reassignment: $(SourceLinkUrlInitializerTargets)=";_InitializeGitHubSourceLinkUrl;_InitializeGitLabSourceLinkUrl" (previous value: ";_InitializeGitHubSourceLinkUrl") at /usr/local/share/dotnet/sdk/9.0.200/Sdks/Microsoft.SourceLink.GitLab/build/Microsoft.SourceLink.GitLab.targets (12,5)
       Property reassignment: $(SourceControlManagerUrlTranslationTargets)=";TranslateGitHubUrlsInSourceControlInformation;TranslateGitLabUrlsInSourceControlInformation" (previous value: ";TranslateGitHubUrlsInSourceControlInformation") at /usr/local/share/dotnet/sdk/9.0.200/Sdks/Microsoft.SourceLink.GitLab/build/Microsoft.SourceLink.GitLab.targets (13,5)
       Property reassignment: $(SourceLinkUrlInitializerTargets)=";_InitializeGitHubSourceLinkUrl;_InitializeGitLabSourceLinkUrl;_InitializeAzureReposGitSourceLinkUrl" (previous value: ";_InitializeGitHubSourceLinkUrl;_InitializeGitLabSourceLinkUrl") at /usr/local/share/dotnet/sdk/9.0.200/Sdks/Microsoft.SourceLink.AzureRepos.Git/build/Microsoft.SourceLink.AzureRepos.Git.targets (12,5)
       Property reassignment: $(SourceControlManagerUrlTranslationTargets)=";TranslateGitHubUrlsInSourceControlInformation;TranslateGitLabUrlsInSourceControlInformation;TranslateAzureReposGitUrlsInSourceControlInformation" (previous value: ";TranslateGitHubUrlsInSourceControlInformation;TranslateGitLabUrlsInSourceControlInformation") at /usr/local/share/dotnet/sdk/9.0.200/Sdks/Microsoft.SourceLink.AzureRepos.Git/build/Microsoft.SourceLink.AzureRepos.Git.targets (13,5)
       Property reassignment: $(SourceLinkUrlInitializerTargets)=";_InitializeGitHubSourceLinkUrl;_InitializeGitLabSourceLinkUrl;_InitializeAzureReposGitSourceLinkUrl;_InitializeBitbucketGitSourceLinkUrl" (previous value: ";_InitializeGitHubSourceLinkUrl;_InitializeGitLabSourceLinkUrl;_InitializeAzureReposGitSourceLinkUrl") at /usr/local/share/dotnet/sdk/9.0.200/Sdks/Microsoft.SourceLink.Bitbucket.Git/build/Microsoft.SourceLink.Bitbucket.Git.targets (12,5)
       Property reassignment: $(GenerateComputedBuildStaticWebAssetsDependsOn)="
           ResolveCoreStaticWebAssets;;
           BundleScopedCssFiles;
         " (previous value: "ResolveCoreStaticWebAssets;") at /usr/local/share/dotnet/sdk/9.0.200/Sdks/Microsoft.NET.Sdk.StaticWebAssets/targets/Microsoft.NET.Sdk.StaticWebAssets.ScopedCss.targets (88,3)
       Property reassignment: $(SourceControlManagerUrlTranslationTargets)=";TranslateGitHubUrlsInSourceControlInformation;TranslateGitLabUrlsInSourceControlInformation;TranslateAzureReposGitUrlsInSourceControlInformation;TranslateBitbucketGitUrlsInSourceControlInformation" (previous value: ";TranslateGitHubUrlsInSourceControlInformation;TranslateGitLabUrlsInSourceControlInformation;TranslateAzureReposGitUrlsInSourceControlInformation") at /usr/local/share/dotnet/sdk/9.0.200/Sdks/Microsoft.SourceLink.Bitbucket.Git/build/Microsoft.SourceLink.Bitbucket.Git.targets (13,5)
       Property reassignment: $(ResolveCoreStaticWebAssetsDependsOn)="
             
             UpdateExistingPackageStaticWebAssets;
             ResolveProjectStaticWebAssets;
             ResolveEmbeddedProjectsStaticWebAssets;
             ResolveReferencedProjectsStaticWebAssets;
             ;
           ;
             ResolveJsInitializerModuleStaticWebAssets;
           " (previous value: "
             UpdateExistingPackageStaticWebAssets;
             ResolveProjectStaticWebAssets;
             ResolveEmbeddedProjectsStaticWebAssets;
             ResolveReferencedProjectsStaticWebAssets;
             ;
           ") at /usr/local/share/dotnet/sdk/9.0.200/Sdks/Microsoft.NET.Sdk.StaticWebAssets/targets/Microsoft.NET.Sdk.StaticWebAssets.JSModules.targets (37,5)
       Property reassignment: $(DesignerRuntimeImplementationProjectOutputGroupDependsOn)="
             
             ;
             
             ;
             BuildOnlySettings;
             PrepareForBuild;
             AssignTargetPaths;
             ResolveReferences
           
           ;
             _GenerateDesignerDepsFile;
             _GenerateDesignerRuntimeConfigFile;
             GetCopyToOutputDirectoryItems;
             _GatherDesignerShadowCopyFiles;
           " (previous value: "
             ;
             
             ;
             BuildOnlySettings;
             PrepareForBuild;
             AssignTargetPaths;
             ResolveReferences
           
           ") at /usr/local/share/dotnet/sdk/9.0.200/Sdks/Microsoft.NET.Sdk/targets/Microsoft.NET.DesignerSupport.targets (21,5)
       Property reassignment: $(_GenerateToolsSettingsFileCacheFile)="/Users/dacanetdev/Dev/AIGenerated/RoadmapSkills/tests/Modules/Users/DeventSoft.RoadmapSkills.Users.UnitTests/obj/Debug/net8.0/DeventSoft.RoadmapSkills.Users.UnitTests.toolssettingsinput.cache" (previous value: "obj\Debug/net8.0/DeventSoft.RoadmapSkills.Users.UnitTests.toolssettingsinput.cache") at /usr/local/share/dotnet/sdk/9.0.200/Sdks/Microsoft.NET.Sdk/targets/Microsoft.NET.PackTool.targets (68,5)
       Property reassignment: $(ResolveCoreStaticWebAssetsDependsOn)="
             
             
             UpdateExistingPackageStaticWebAssets;
             ResolveProjectStaticWebAssets;
             ResolveEmbeddedProjectsStaticWebAssets;
             ResolveReferencedProjectsStaticWebAssets;
             ;
           ;
             ResolveJsInitializerModuleStaticWebAssets;
           ;
             ResolveJSModuleStaticWebAssets;
           " (previous value: "
             
             UpdateExistingPackageStaticWebAssets;
             ResolveProjectStaticWebAssets;
             ResolveEmbeddedProjectsStaticWebAssets;
             ResolveReferencedProjectsStaticWebAssets;
             ;
           ;
             ResolveJsInitializerModuleStaticWebAssets;
           ") at /usr/local/share/dotnet/sdk/9.0.200/Sdks/Microsoft.NET.Sdk.StaticWebAssets/targets/Microsoft.NET.Sdk.StaticWebAssets.JSModules.targets (42,5)
       Property reassignment: $(_ShimInputCacheFile)="/Users/dacanetdev/Dev/AIGenerated/RoadmapSkills/tests/Modules/Users/DeventSoft.RoadmapSkills.Users.UnitTests/obj/Debug/net8.0/DeventSoft.RoadmapSkills.Users.UnitTests.shiminput.cache" (previous value: "obj\Debug/net8.0/DeventSoft.RoadmapSkills.Users.UnitTests.shiminput.cache") at /usr/local/share/dotnet/sdk/9.0.200/Sdks/Microsoft.NET.Sdk/targets/Microsoft.NET.PackTool.targets (137,5)
       Property reassignment: $(ResolveStaticWebAssetsInputsDependsOn)="
             ResolveJSModuleManifestBuildStaticWebAssets;
             
           
             ResolveCoreStaticWebAssets;
             GenerateComputedBuildStaticWebAssets;
             
           ;
           ResolveScopedCssAssets;
         
           " (previous value: "
           
             ResolveCoreStaticWebAssets;
             GenerateComputedBuildStaticWebAssets;
             
           ;
           ResolveScopedCssAssets;
         ") at /usr/local/share/dotnet/sdk/9.0.200/Sdks/Microsoft.NET.Sdk.StaticWebAssets/targets/Microsoft.NET.Sdk.StaticWebAssets.JSModules.targets (57,5)
       Property reassignment: $(_ShimCreatedSentinelFile)="/Users/dacanetdev/Dev/AIGenerated/RoadmapSkills/tests/Modules/Users/DeventSoft.RoadmapSkills.Users.UnitTests/obj/Debug/net8.0/DeventSoft.RoadmapSkills.Users.UnitTests.shimcreated.sentinel" (previous value: "obj\Debug/net8.0/DeventSoft.RoadmapSkills.Users.UnitTests.shimcreated.sentinel") at /usr/local/share/dotnet/sdk/9.0.200/Sdks/Microsoft.NET.Sdk/targets/Microsoft.NET.PackTool.targets (139,5)
       Property reassignment: $(ResolvePublishStaticWebAssetsDependsOn)="
             ResolveJSModuleManifestPublishStaticWebAssets;
             
             ResolveCorePublishStaticWebAssets;
             GenerateComputedPublishStaticWebAssets;
             ;
           
           " (previous value: "
             ResolveCorePublishStaticWebAssets;
             GenerateComputedPublishStaticWebAssets;
             ;
           ") at /usr/local/share/dotnet/sdk/9.0.200/Sdks/Microsoft.NET.Sdk.StaticWebAssets/targets/Microsoft.NET.Sdk.StaticWebAssets.JSModules.targets (76,5)
       Property reassignment: $(ResolveBuildRelatedStaticWebAssetsDependsOn)="
             ResolveBuildCompressedStaticWebAssets;
             
             ResolveStaticWebAssetsInputs;
             
           
           " (previous value: "
             ResolveStaticWebAssetsInputs;
             
           ") at /usr/local/share/dotnet/sdk/9.0.200/Sdks/Microsoft.NET.Sdk.StaticWebAssets/targets/Microsoft.NET.Sdk.StaticWebAssets.Compression.targets (179,5)
       Property reassignment: $(DefineConstants)="TRACE;DEBUG" (previous value: "TRACE") at /usr/local/share/dotnet/sdk/9.0.200/Sdks/Microsoft.NET.Sdk/targets/Microsoft.NET.Sdk.CSharp.targets (31,5)
       Property reassignment: $(IncludeStaticWebAssetsPackItemsDependsOn)="
             Build;
             ResolveStaticWebAssetsConfiguration;LoadStaticWebAssetsBuildManifest
           ;
           " (previous value: "
             ResolveStaticWebAssetsConfiguration;LoadStaticWebAssetsBuildManifest
           ") at /usr/local/share/dotnet/sdk/9.0.200/Sdks/Microsoft.NET.Sdk.StaticWebAssets/targets/Microsoft.NET.Sdk.StaticWebAssets.Pack.targets (55,5)
       Property reassignment: $(ResolvePublishRelatedStaticWebAssetsDependsOn)="
             ResolvePublishCompressedStaticWebAssets;
             
           " (previous value: "") at /usr/local/share/dotnet/sdk/9.0.200/Sdks/Microsoft.NET.Sdk.StaticWebAssets/targets/Microsoft.NET.Sdk.StaticWebAssets.Compression.targets (198,5)
       Property reassignment: $(DefineConstants)="TRACE;DEBUG;NET;NET8_0;NETCOREAPP" (previous value: "TRACE;DEBUG") at /usr/local/share/dotnet/sdk/9.0.200/Sdks/Microsoft.NET.Sdk/targets/Microsoft.NET.Sdk.CSharp.targets (34,5)
       Property reassignment: $(WarningsAsErrors)=";NU1605;SYSLIB0011" (previous value: ";NU1605") at /usr/local/share/dotnet/sdk/9.0.200/Sdks/Microsoft.NET.Sdk/targets/Microsoft.NET.Sdk.CSharp.targets (48,5)
       Property reassignment: $(ResolveStaticWebAssetsInputsDependsOn)="
           
             ResolveCoreStaticWebAssets;
             GenerateComputedBuildStaticWebAssets;
             
           ;
           ResolveScopedCssAssets;
         " (previous value: "
             ResolveCoreStaticWebAssets;
             GenerateComputedBuildStaticWebAssets;
             
           ") at /usr/local/share/dotnet/sdk/9.0.200/Sdks/Microsoft.NET.Sdk.StaticWebAssets/targets/Microsoft.NET.Sdk.StaticWebAssets.ScopedCss.targets (55,3)
       Property reassignment: $(PackageDescription)="Package Description" (previous value: "") at /usr/local/share/dotnet/sdk/9.0.200/Sdks/NuGet.Build.Tasks.Pack/build/NuGet.Build.Tasks.Pack.targets (34,5)
       Property reassignment: $(GenerateComputedBuildStaticWebAssetsDependsOn)="
           ResolveCoreStaticWebAssets;;
           BundleScopedCssFiles;
         " (previous value: "ResolveCoreStaticWebAssets;") at /usr/local/share/dotnet/sdk/9.0.200/Sdks/Microsoft.NET.Sdk.StaticWebAssets/targets/Microsoft.NET.Sdk.StaticWebAssets.ScopedCss.targets (88,3)
       Property reassignment: $(DebugSymbolsProjectOutputGroupDependsOn)="
             ;
             _RazorAddDebugSymbolsProjectOutputGroupOutput
           " (previous value: "") at /usr/local/share/dotnet/sdk/9.0.200/Sdks/Microsoft.NET.Sdk.Razor/targets/Sdk.Razor.CurrentVersion.targets (205,5)
       Property reassignment: $(ResolveCoreStaticWebAssetsDependsOn)="
             
             UpdateExistingPackageStaticWebAssets;
             ResolveProjectStaticWebAssets;
             ResolveEmbeddedProjectsStaticWebAssets;
             ResolveReferencedProjectsStaticWebAssets;
             ;
           ;
             ResolveJsInitializerModuleStaticWebAssets;
           " (previous value: "
             UpdateExistingPackageStaticWebAssets;
             ResolveProjectStaticWebAssets;
             ResolveEmbeddedProjectsStaticWebAssets;
             ResolveReferencedProjectsStaticWebAssets;
             ;
           ") at /usr/local/share/dotnet/sdk/9.0.200/Sdks/Microsoft.NET.Sdk.StaticWebAssets/targets/Microsoft.NET.Sdk.StaticWebAssets.JSModules.targets (37,5)
       Property reassignment: $(GenerateNuspecDependsOn)="Build;_LoadPackInputItems; _GetTargetFrameworksOutput; _WalkEachTargetPerFramework; _GetPackageFiles; " (previous value: "_LoadPackInputItems; _GetTargetFrameworksOutput; _WalkEachTargetPerFramework; _GetPackageFiles; ") at /usr/local/share/dotnet/sdk/9.0.200/Sdks/NuGet.Build.Tasks.Pack/build/NuGet.Build.Tasks.Pack.targets (59,5)
       Property reassignment: $(PrepareForBuildDependsOn)="
             ;GetFrameworkPaths;GetReferenceAssemblyPaths;AssignLinkMetadata;
             ResolveRazorGenerateInputs
           " (previous value: ";GetFrameworkPaths;GetReferenceAssemblyPaths;AssignLinkMetadata") at /usr/local/share/dotnet/sdk/9.0.200/Sdks/Microsoft.NET.Sdk.Razor/targets/Sdk.Razor.CurrentVersion.targets (210,5)
       Property reassignment: $(ResolveCoreStaticWebAssetsDependsOn)="
             
             
             UpdateExistingPackageStaticWebAssets;
             ResolveProjectStaticWebAssets;
             ResolveEmbeddedProjectsStaticWebAssets;
             ResolveReferencedProjectsStaticWebAssets;
             ;
           ;
             ResolveJsInitializerModuleStaticWebAssets;
           ;
             ResolveJSModuleStaticWebAssets;
           " (previous value: "
             
             UpdateExistingPackageStaticWebAssets;
             ResolveProjectStaticWebAssets;
             ResolveEmbeddedProjectsStaticWebAssets;
             ResolveReferencedProjectsStaticWebAssets;
             ;
           ;
             ResolveJsInitializerModuleStaticWebAssets;
           ") at /usr/local/share/dotnet/sdk/9.0.200/Sdks/Microsoft.NET.Sdk.StaticWebAssets/targets/Microsoft.NET.Sdk.StaticWebAssets.JSModules.targets (42,5)
       Property reassignment: $(_IsNotSetContainersTargetsDir)="true" (previous value: "false") at /usr/local/share/dotnet/sdk/9.0.200/Sdks/Microsoft.NET.Sdk/Sdk/Sdk.targets (60,5)
       Property reassignment: $(GenerateNuspecDependsOn)="
             ResolveRazorGenerateInputs;
             
             IncludeStaticWebAssetsPackItems;
             Build;_LoadPackInputItems; _GetTargetFrameworksOutput; _WalkEachTargetPerFramework; _GetPackageFiles; ;
           
           " (previous value: "
             IncludeStaticWebAssetsPackItems;
             Build;_LoadPackInputItems; _GetTargetFrameworksOutput; _WalkEachTargetPerFramework; _GetPackageFiles; ;
           ") at /usr/local/share/dotnet/sdk/9.0.200/Sdks/Microsoft.NET.Sdk.Razor/targets/Sdk.Razor.CurrentVersion.targets (215,5)
       Property reassignment: $(ResolveStaticWebAssetsInputsDependsOn)="
             ResolveJSModuleManifestBuildStaticWebAssets;
             
           
             ResolveCoreStaticWebAssets;
             GenerateComputedBuildStaticWebAssets;
             
           ;
           ResolveScopedCssAssets;
         
           " (previous value: "
           
             ResolveCoreStaticWebAssets;
             GenerateComputedBuildStaticWebAssets;
             
           ;
           ResolveScopedCssAssets;
         ") at /usr/local/share/dotnet/sdk/9.0.200/Sdks/Microsoft.NET.Sdk.StaticWebAssets/targets/Microsoft.NET.Sdk.StaticWebAssets.JSModules.targets (57,5)
       Property reassignment: $(_IsSDKContainerAllowedVersion)="true" (previous value: "false") at /usr/local/share/dotnet/sdk/9.0.200/Containers/build/Microsoft.NET.Build.Containers.targets (5,5)
       Property reassignment: $(PrepareForRunDependsOn)="
             _RazorPrepareForRun;
             StaticWebAssetsPrepareForRun;
             CopyFilesToOutputDirectory
           
           " (previous value: "StaticWebAssetsPrepareForRun;
             CopyFilesToOutputDirectory
           ") at /usr/local/share/dotnet/sdk/9.0.200/Sdks/Microsoft.NET.Sdk.Razor/targets/Sdk.Razor.CurrentVersion.targets (220,5)
       Property reassignment: $(ResolvePublishStaticWebAssetsDependsOn)="
             ResolveJSModuleManifestPublishStaticWebAssets;
             
             ResolveCorePublishStaticWebAssets;
             GenerateComputedPublishStaticWebAssets;
             ;
           
           " (previous value: "
             ResolveCorePublishStaticWebAssets;
             GenerateComputedPublishStaticWebAssets;
             ;
           ") at /usr/local/share/dotnet/sdk/9.0.200/Sdks/Microsoft.NET.Sdk.StaticWebAssets/targets/Microsoft.NET.Sdk.StaticWebAssets.JSModules.targets (76,5)
       Property reassignment: $(UseRazorBuildServer)="true" (previous value: "") at /usr/local/share/dotnet/sdk/9.0.200/Sdks/Microsoft.NET.Sdk.Razor/targets/Sdk.Razor.CurrentVersion.targets (311,5)
       Property reassignment: $(ResolveBuildRelatedStaticWebAssetsDependsOn)="
             ResolveBuildCompressedStaticWebAssets;
             
             ResolveStaticWebAssetsInputs;
             
           
           " (previous value: "
             ResolveStaticWebAssetsInputs;
             
           ") at /usr/local/share/dotnet/sdk/9.0.200/Sdks/Microsoft.NET.Sdk.StaticWebAssets/targets/Microsoft.NET.Sdk.StaticWebAssets.Compression.targets (179,5)
       Property reassignment: $(_ContainerIsTargetingNet8TFM)="true" (previous value: "false") at /usr/local/share/dotnet/sdk/9.0.200/Containers/build/Microsoft.NET.Build.Containers.targets (15,5)
       Property reassignment: $(_RazorDebugSymbolsProduced)="true" (previous value: "false") at /usr/local/share/dotnet/sdk/9.0.200/Sdks/Microsoft.NET.Sdk.Razor/targets/Sdk.Razor.CurrentVersion.targets (317,5)
       Property reassignment: $(ResolvePublishRelatedStaticWebAssetsDependsOn)="
             ResolvePublishCompressedStaticWebAssets;
             
           " (previous value: "") at /usr/local/share/dotnet/sdk/9.0.200/Sdks/Microsoft.NET.Sdk.StaticWebAssets/targets/Microsoft.NET.Sdk.StaticWebAssets.Compression.targets (198,5)
       Property reassignment: $(GenerateRazorTargetAssemblyInfoDependsOn)="
             _ResolveMvcAssemblyAttributes;
             
             GetRazorTargetAssemblyAttributes;
             _CreateRazorTargetAssemblyInfoInputsCacheFile;
             CoreGenerateRazorTargetAssemblyInfo
           
           " (previous value: "
             GetRazorTargetAssemblyAttributes;
             _CreateRazorTargetAssemblyInfoInputsCacheFile;
             CoreGenerateRazorTargetAssemblyInfo
           ") at /usr/local/share/dotnet/sdk/9.0.200/Sdks/Microsoft.NET.Sdk.Razor/targets/Microsoft.NET.Sdk.Razor.GenerateAssemblyInfo.targets (36,5)
       Property reassignment: $(DebugSymbolsProjectOutputGroupDependsOn)="
             ;
             _RazorAddDebugSymbolsProjectOutputGroupOutput
           " (previous value: "") at /usr/local/share/dotnet/sdk/9.0.200/Sdks/Microsoft.NET.Sdk.Razor/targets/Sdk.Razor.CurrentVersion.targets (205,5)
       Property reassignment: $(PrepareForBuildDependsOn)="
             ;GetFrameworkPaths;GetReferenceAssemblyPaths;AssignLinkMetadata;
             ResolveRazorGenerateInputs
           " (previous value: ";GetFrameworkPaths;GetReferenceAssemblyPaths;AssignLinkMetadata") at /usr/local/share/dotnet/sdk/9.0.200/Sdks/Microsoft.NET.Sdk.Razor/targets/Sdk.Razor.CurrentVersion.targets (210,5)
       Property reassignment: $(CoreCompileDependsOn)="
             ;_ComputeNonExistentFileProperty;ResolveCodeAnalysisRuleSet;
             _GenerateRazorAssemblyInfo
           " (previous value: ";_ComputeNonExistentFileProperty;ResolveCodeAnalysisRuleSet") at /usr/local/share/dotnet/sdk/9.0.200/Sdks/Microsoft.NET.Sdk.Razor/targets/Microsoft.NET.Sdk.Razor.GenerateAssemblyInfo.targets (181,5)
       Property reassignment: $(GenerateNuspecDependsOn)="
             ResolveRazorGenerateInputs;
             
             IncludeStaticWebAssetsPackItems;
             Build;_LoadPackInputItems; _GetTargetFrameworksOutput; _WalkEachTargetPerFramework; _GetPackageFiles; ;
           
           " (previous value: "
             IncludeStaticWebAssetsPackItems;
             Build;_LoadPackInputItems; _GetTargetFrameworksOutput; _WalkEachTargetPerFramework; _GetPackageFiles; ;
           ") at /usr/local/share/dotnet/sdk/9.0.200/Sdks/Microsoft.NET.Sdk.Razor/targets/Sdk.Razor.CurrentVersion.targets (215,5)
       Property reassignment: $(PrepareForRunDependsOn)="
             _RazorPrepareForRun;
             StaticWebAssetsPrepareForRun;
             CopyFilesToOutputDirectory
           
           " (previous value: "StaticWebAssetsPrepareForRun;
             CopyFilesToOutputDirectory
           ") at /usr/local/share/dotnet/sdk/9.0.200/Sdks/Microsoft.NET.Sdk.Razor/targets/Sdk.Razor.CurrentVersion.targets (220,5)
       Property reassignment: $(_GenerateRazorAssemblyInfoDependsOn)="
             _ResolveMvcAssemblyAttributes;
             RazorGetAssemblyAttributes;PrepareForBuild;_CoreGenerateRazorAssemblyInfo;
           " (previous value: "RazorGetAssemblyAttributes;PrepareForBuild;_CoreGenerateRazorAssemblyInfo") at /usr/local/share/dotnet/sdk/9.0.200/Sdks/Microsoft.NET.Sdk.Razor/targets/Microsoft.NET.Sdk.Razor.GenerateAssemblyInfo.targets (189,5)
       Property reassignment: $(UseRazorBuildServer)="true" (previous value: "") at /usr/local/share/dotnet/sdk/9.0.200/Sdks/Microsoft.NET.Sdk.Razor/targets/Sdk.Razor.CurrentVersion.targets (311,5)
       Property reassignment: $(CoreCompileDependsOn)="
             _DiscoverMvcApplicationParts;
             
             ;_ComputeNonExistentFileProperty;ResolveCodeAnalysisRuleSet;
             _GenerateRazorAssemblyInfo
           ;
           " (previous value: "
             ;_ComputeNonExistentFileProperty;ResolveCodeAnalysisRuleSet;
             _GenerateRazorAssemblyInfo
           ") at /usr/local/share/dotnet/sdk/9.0.200/Sdks/Microsoft.NET.Sdk.Razor/targets/Microsoft.NET.Sdk.Razor.MvcApplicationPartsDiscovery.targets (22,5)
       Property reassignment: $(RazorDesignTimeTargets)="/usr/local/share/dotnet/sdk/9.0.200/Sdks/Microsoft.NET.Sdk.Razor/targets/Microsoft.NET.Sdk.Razor.DesignTime.targets" (previous value: "/usr/local/share/dotnet/sdk/9.0.200/Microsoft/VisualStudio/Razor/Microsoft.NET.Sdk.Razor.DesignTime.targets") at /usr/local/share/dotnet/sdk/9.0.200/Sdks/Microsoft.NET.Sdk.Razor/targets/Sdk.Razor.CurrentVersion.targets (791,5)
       Property reassignment: $(RunWorkingDirectory)="/Users/dacanetdev/Dev/AIGenerated/RoadmapSkills/src/Modules/Users/DeventSoft.RoadmapSkills.Users.Api" (previous value: "") at /usr/local/share/dotnet/sdk/9.0.200/Sdks/Microsoft.NET.Sdk.Web.ProjectSystem/targets/Microsoft.NET.Sdk.Web.ProjectSystem.targets (21,5)
       Property reassignment: $(PublishProfileImported)="true" (previous value: "false") at /usr/local/share/dotnet/sdk/9.0.200/Sdks/Microsoft.NET.Sdk.Publish/targets/Microsoft.NET.Sdk.Publish.targets (60,5)
       Property reassignment: $(PublishConfiguration)="Debug" (previous value: "") at /usr/local/share/dotnet/sdk/9.0.200/Sdks/Microsoft.NET.Sdk.Publish/targets/Microsoft.NET.Sdk.Publish.targets (81,5)
       Property reassignment: $(_RazorDebugSymbolsProduced)="true" (previous value: "false") at /usr/local/share/dotnet/sdk/9.0.200/Sdks/Microsoft.NET.Sdk.Razor/targets/Sdk.Razor.CurrentVersion.targets (317,5)
       Property reassignment: $(BaseIntermediateOutputPath)="/Users/dacanetdev/Dev/AIGenerated/RoadmapSkills/src/Modules/Users/DeventSoft.RoadmapSkills.Users.Api/obj/" (previous value: "obj\") at /usr/local/share/dotnet/sdk/9.0.200/Sdks/Microsoft.NET.Sdk.Publish/targets/Microsoft.NET.Sdk.Publish.targets (87,5)
       Property reassignment: $(GenerateRazorTargetAssemblyInfoDependsOn)="
             _ResolveMvcAssemblyAttributes;
             
             GetRazorTargetAssemblyAttributes;
             _CreateRazorTargetAssemblyInfoInputsCacheFile;
             CoreGenerateRazorTargetAssemblyInfo
           
           " (previous value: "
             GetRazorTargetAssemblyAttributes;
             _CreateRazorTargetAssemblyInfoInputsCacheFile;
             CoreGenerateRazorTargetAssemblyInfo
           ") at /usr/local/share/dotnet/sdk/9.0.200/Sdks/Microsoft.NET.Sdk.Razor/targets/Microsoft.NET.Sdk.Razor.GenerateAssemblyInfo.targets (36,5)
       Property reassignment: $(CoreCompileDependsOn)="
             ;_ComputeNonExistentFileProperty;ResolveCodeAnalysisRuleSet;
             _GenerateRazorAssemblyInfo
           " (previous value: ";_ComputeNonExistentFileProperty;ResolveCodeAnalysisRuleSet") at /usr/local/share/dotnet/sdk/9.0.200/Sdks/Microsoft.NET.Sdk.Razor/targets/Microsoft.NET.Sdk.Razor.GenerateAssemblyInfo.targets (181,5)
       Property reassignment: $(_GenerateRazorAssemblyInfoDependsOn)="
             _ResolveMvcAssemblyAttributes;
             RazorGetAssemblyAttributes;PrepareForBuild;_CoreGenerateRazorAssemblyInfo;
           " (previous value: "RazorGetAssemblyAttributes;PrepareForBuild;_CoreGenerateRazorAssemblyInfo") at /usr/local/share/dotnet/sdk/9.0.200/Sdks/Microsoft.NET.Sdk.Razor/targets/Microsoft.NET.Sdk.Razor.GenerateAssemblyInfo.targets (189,5)
       Property reassignment: $(CoreCompileDependsOn)="
             _DiscoverMvcApplicationParts;
             
             ;_ComputeNonExistentFileProperty;ResolveCodeAnalysisRuleSet;
             _GenerateRazorAssemblyInfo
           ;
           " (previous value: "
             ;_ComputeNonExistentFileProperty;ResolveCodeAnalysisRuleSet;
             _GenerateRazorAssemblyInfo
           ") at /usr/local/share/dotnet/sdk/9.0.200/Sdks/Microsoft.NET.Sdk.Razor/targets/Microsoft.NET.Sdk.Razor.MvcApplicationPartsDiscovery.targets (22,5)
       Property reassignment: $(RazorDesignTimeTargets)="/usr/local/share/dotnet/sdk/9.0.200/Sdks/Microsoft.NET.Sdk.Razor/targets/Microsoft.NET.Sdk.Razor.DesignTime.targets" (previous value: "/usr/local/share/dotnet/sdk/9.0.200/Microsoft/VisualStudio/Razor/Microsoft.NET.Sdk.Razor.DesignTime.targets") at /usr/local/share/dotnet/sdk/9.0.200/Sdks/Microsoft.NET.Sdk.Razor/targets/Sdk.Razor.CurrentVersion.targets (791,5)
       Property reassignment: $(RunWorkingDirectory)="/Users/dacanetdev/Dev/AIGenerated/RoadmapSkills/src/DeventSoft.RoadmapSkills.BlazorApp" (previous value: "") at /usr/local/share/dotnet/sdk/9.0.200/Sdks/Microsoft.NET.Sdk.Web.ProjectSystem/targets/Microsoft.NET.Sdk.Web.ProjectSystem.targets (21,5)
       Property reassignment: $(PublishProfileImported)="true" (previous value: "false") at /usr/local/share/dotnet/sdk/9.0.200/Sdks/Microsoft.NET.Sdk.Publish/targets/Microsoft.NET.Sdk.Publish.targets (60,5)
       Property reassignment: $(PublishConfiguration)="Debug" (previous value: "") at /usr/local/share/dotnet/sdk/9.0.200/Sdks/Microsoft.NET.Sdk.Publish/targets/Microsoft.NET.Sdk.Publish.targets (81,5)
       Property reassignment: $(BaseIntermediateOutputPath)="/Users/dacanetdev/Dev/AIGenerated/RoadmapSkills/src/DeventSoft.RoadmapSkills.BlazorApp/obj/" (previous value: "obj\") at /usr/local/share/dotnet/sdk/9.0.200/Sdks/Microsoft.NET.Sdk.Publish/targets/Microsoft.NET.Sdk.Publish.targets (87,5)
       Overriding target "ResolveFrameworkReferences" in project "/usr/local/share/dotnet/sdk/9.0.200/Microsoft.Common.CurrentVersion.targets" with target "ResolveFrameworkReferences" from project "/usr/local/share/dotnet/sdk/9.0.200/Sdks/Microsoft.NET.Sdk/targets/Microsoft.NET.Sdk.FrameworkReferenceResolution.targets".
       Overriding target "Run" in project "/usr/local/share/dotnet/sdk/9.0.200/Microsoft.Common.CurrentVersion.targets" with target "Run" from project "/usr/local/share/dotnet/sdk/9.0.200/Sdks/Microsoft.NET.Sdk/targets/Microsoft.NET.Sdk.targets".
       Overriding target "GenerateSupportedTargetFrameworkAlias" in project "/usr/local/share/dotnet/sdk/9.0.200/Microsoft.Common.CurrentVersion.targets" with target "GenerateSupportedTargetFrameworkAlias" from project "/usr/local/share/dotnet/sdk/9.0.200/Sdks/Microsoft.NET.Sdk/targets/Microsoft.NET.Sdk.targets".
       Overriding target "GetReferenceAssemblyPaths" in project "/usr/local/share/dotnet/sdk/9.0.200/Microsoft.Common.CurrentVersion.targets" with target "GetReferenceAssemblyPaths" from project "/usr/local/share/dotnet/sdk/9.0.200/Sdks/Microsoft.NET.Sdk/targets/Microsoft.NET.DisableStandardFrameworkResolution.targets".
       Overriding target "GetFrameworkPaths" in project "/usr/local/share/dotnet/sdk/9.0.200/Microsoft.Common.CurrentVersion.targets" with target "GetFrameworkPaths" from project "/usr/local/share/dotnet/sdk/9.0.200/Sdks/Microsoft.NET.Sdk/targets/Microsoft.NET.DisableStandardFrameworkResolution.targets".
       Overriding target "DesignerRuntimeImplementationProjectOutputGroup" in project "/usr/local/share/dotnet/sdk/9.0.200/Microsoft.Common.CurrentVersion.targets" with target "DesignerRuntimeImplementationProjectOutputGroup" from project "/usr/local/share/dotnet/sdk/9.0.200/Sdks/Microsoft.NET.Sdk/targets/Microsoft.NET.DesignerSupport.targets".
       Overriding target "Publish" in project "/usr/local/share/dotnet/sdk/9.0.200/Microsoft.Common.CurrentVersion.targets" with target "Publish" from project "/usr/local/share/dotnet/sdk/9.0.200/Sdks/Microsoft.NET.Sdk/targets/Microsoft.NET.Publish.targets".
       Overriding target "ResolveReadyToRunCompilers" in project "/usr/local/share/dotnet/sdk/9.0.200/Sdks/Microsoft.NET.Sdk/targets/Microsoft.NET.CrossGen.targets" with target "ResolveReadyToRunCompilers" from project "/usr/local/share/dotnet/sdk/9.0.200/Sdks/Microsoft.NET.Sdk/targets/Microsoft.NET.Publish.targets".
       Overriding target "GetCopyToPublishDirectoryItems" in project "/usr/local/share/dotnet/sdk/9.0.200/Microsoft.Common.CurrentVersion.targets" with target "GetCopyToPublishDirectoryItems" from project "/usr/local/share/dotnet/sdk/9.0.200/Sdks/Microsoft.NET.Sdk/targets/Microsoft.NET.Publish.targets".
       Property reassignment: $(TargetPlatformVersion)="" (previous value: "0.0") at /usr/local/share/dotnet/sdk/9.0.200/Sdks/Microsoft.NET.Sdk/targets/Microsoft.NET.TargetFrameworkInference.targets (69,5)
       Overriding target "ResolveFrameworkReferences" in project "/usr/local/share/dotnet/sdk/9.0.200/Microsoft.Common.CurrentVersion.targets" with target "ResolveFrameworkReferences" from project "/usr/local/share/dotnet/sdk/9.0.200/Sdks/Microsoft.NET.Sdk/targets/Microsoft.NET.Sdk.FrameworkReferenceResolution.targets".
       Overriding target "ResolveFrameworkReferences" in project "/usr/local/share/dotnet/sdk/9.0.200/Microsoft.Common.CurrentVersion.targets" with target "ResolveFrameworkReferences" from project "/usr/local/share/dotnet/sdk/9.0.200/Sdks/Microsoft.NET.Sdk/targets/Microsoft.NET.Sdk.FrameworkReferenceResolution.targets".
       Overriding target "Run" in project "/usr/local/share/dotnet/sdk/9.0.200/Microsoft.Common.CurrentVersion.targets" with target "Run" from project "/usr/local/share/dotnet/sdk/9.0.200/Sdks/Microsoft.NET.Sdk/targets/Microsoft.NET.Sdk.targets".
       Overriding target "Run" in project "/usr/local/share/dotnet/sdk/9.0.200/Microsoft.Common.CurrentVersion.targets" with target "Run" from project "/usr/local/share/dotnet/sdk/9.0.200/Sdks/Microsoft.NET.Sdk/targets/Microsoft.NET.Sdk.targets".
       Overriding target "GenerateSupportedTargetFrameworkAlias" in project "/usr/local/share/dotnet/sdk/9.0.200/Microsoft.Common.CurrentVersion.targets" with target "GenerateSupportedTargetFrameworkAlias" from project "/usr/local/share/dotnet/sdk/9.0.200/Sdks/Microsoft.NET.Sdk/targets/Microsoft.NET.Sdk.targets".
       Overriding target "GenerateSupportedTargetFrameworkAlias" in project "/usr/local/share/dotnet/sdk/9.0.200/Microsoft.Common.CurrentVersion.targets" with target "GenerateSupportedTargetFrameworkAlias" from project "/usr/local/share/dotnet/sdk/9.0.200/Sdks/Microsoft.NET.Sdk/targets/Microsoft.NET.Sdk.targets".
       Overriding target "GetReferenceAssemblyPaths" in project "/usr/local/share/dotnet/sdk/9.0.200/Microsoft.Common.CurrentVersion.targets" with target "GetReferenceAssemblyPaths" from project "/usr/local/share/dotnet/sdk/9.0.200/Sdks/Microsoft.NET.Sdk/targets/Microsoft.NET.DisableStandardFrameworkResolution.targets".
       Overriding target "GetReferenceAssemblyPaths" in project "/usr/local/share/dotnet/sdk/9.0.200/Microsoft.Common.CurrentVersion.targets" with target "GetReferenceAssemblyPaths" from project "/usr/local/share/dotnet/sdk/9.0.200/Sdks/Microsoft.NET.Sdk/targets/Microsoft.NET.DisableStandardFrameworkResolution.targets".
       Overriding target "GetFrameworkPaths" in project "/usr/local/share/dotnet/sdk/9.0.200/Microsoft.Common.CurrentVersion.targets" with target "GetFrameworkPaths" from project "/usr/local/share/dotnet/sdk/9.0.200/Sdks/Microsoft.NET.Sdk/targets/Microsoft.NET.DisableStandardFrameworkResolution.targets".
       Overriding target "GetFrameworkPaths" in project "/usr/local/share/dotnet/sdk/9.0.200/Microsoft.Common.CurrentVersion.targets" with target "GetFrameworkPaths" from project "/usr/local/share/dotnet/sdk/9.0.200/Sdks/Microsoft.NET.Sdk/targets/Microsoft.NET.DisableStandardFrameworkResolution.targets".
       Overriding target "DesignerRuntimeImplementationProjectOutputGroup" in project "/usr/local/share/dotnet/sdk/9.0.200/Microsoft.Common.CurrentVersion.targets" with target "DesignerRuntimeImplementationProjectOutputGroup" from project "/usr/local/share/dotnet/sdk/9.0.200/Sdks/Microsoft.NET.Sdk/targets/Microsoft.NET.DesignerSupport.targets".
       Overriding target "DesignerRuntimeImplementationProjectOutputGroup" in project "/usr/local/share/dotnet/sdk/9.0.200/Microsoft.Common.CurrentVersion.targets" with target "DesignerRuntimeImplementationProjectOutputGroup" from project "/usr/local/share/dotnet/sdk/9.0.200/Sdks/Microsoft.NET.Sdk/targets/Microsoft.NET.DesignerSupport.targets".
       Overriding target "Publish" in project "/usr/local/share/dotnet/sdk/9.0.200/Microsoft.Common.CurrentVersion.targets" with target "Publish" from project "/usr/local/share/dotnet/sdk/9.0.200/Sdks/Microsoft.NET.Sdk/targets/Microsoft.NET.Publish.targets".
       Overriding target "ResolveReadyToRunCompilers" in project "/usr/local/share/dotnet/sdk/9.0.200/Sdks/Microsoft.NET.Sdk/targets/Microsoft.NET.CrossGen.targets" with target "ResolveReadyToRunCompilers" from project "/usr/local/share/dotnet/sdk/9.0.200/Sdks/Microsoft.NET.Sdk/targets/Microsoft.NET.Publish.targets".
       Overriding target "Publish" in project "/usr/local/share/dotnet/sdk/9.0.200/Microsoft.Common.CurrentVersion.targets" with target "Publish" from project "/usr/local/share/dotnet/sdk/9.0.200/Sdks/Microsoft.NET.Sdk/targets/Microsoft.NET.Publish.targets".
       Overriding target "GetCopyToPublishDirectoryItems" in project "/usr/local/share/dotnet/sdk/9.0.200/Microsoft.Common.CurrentVersion.targets" with target "GetCopyToPublishDirectoryItems" from project "/usr/local/share/dotnet/sdk/9.0.200/Sdks/Microsoft.NET.Sdk/targets/Microsoft.NET.Publish.targets".
       Overriding target "ResolveReadyToRunCompilers" in project "/usr/local/share/dotnet/sdk/9.0.200/Sdks/Microsoft.NET.Sdk/targets/Microsoft.NET.CrossGen.targets" with target "ResolveReadyToRunCompilers" from project "/usr/local/share/dotnet/sdk/9.0.200/Sdks/Microsoft.NET.Sdk/targets/Microsoft.NET.Publish.targets".
       Overriding target "GetCopyToPublishDirectoryItems" in project "/usr/local/share/dotnet/sdk/9.0.200/Microsoft.Common.CurrentVersion.targets" with target "GetCopyToPublishDirectoryItems" from project "/usr/local/share/dotnet/sdk/9.0.200/Sdks/Microsoft.NET.Sdk/targets/Microsoft.NET.Publish.targets".
       Overriding target "ResolveFrameworkReferences" in project "/usr/local/share/dotnet/sdk/9.0.200/Microsoft.Common.CurrentVersion.targets" with target "ResolveFrameworkReferences" from project "/usr/local/share/dotnet/sdk/9.0.200/Sdks/Microsoft.NET.Sdk/targets/Microsoft.NET.Sdk.FrameworkReferenceResolution.targets".
       Overriding target "Run" in project "/usr/local/share/dotnet/sdk/9.0.200/Microsoft.Common.CurrentVersion.targets" with target "Run" from project "/usr/local/share/dotnet/sdk/9.0.200/Sdks/Microsoft.NET.Sdk/targets/Microsoft.NET.Sdk.targets".
       Overriding target "GenerateSupportedTargetFrameworkAlias" in project "/usr/local/share/dotnet/sdk/9.0.200/Microsoft.Common.CurrentVersion.targets" with target "GenerateSupportedTargetFrameworkAlias" from project "/usr/local/share/dotnet/sdk/9.0.200/Sdks/Microsoft.NET.Sdk/targets/Microsoft.NET.Sdk.targets".
       Overriding target "GetReferenceAssemblyPaths" in project "/usr/local/share/dotnet/sdk/9.0.200/Microsoft.Common.CurrentVersion.targets" with target "GetReferenceAssemblyPaths" from project "/usr/local/share/dotnet/sdk/9.0.200/Sdks/Microsoft.NET.Sdk/targets/Microsoft.NET.DisableStandardFrameworkResolution.targets".
       Property reassignment: $(DefaultItemExcludes)=";bin\Debug//**;obj\Debug//**" (previous value: ";bin\Debug//**") at /usr/local/share/dotnet/sdk/9.0.200/Sdks/Microsoft.NET.Sdk/targets/Microsoft.NET.DefaultOutputPaths.targets (122,5)
       Overriding target "GetFrameworkPaths" in project "/usr/local/share/dotnet/sdk/9.0.200/Microsoft.Common.CurrentVersion.targets" with target "GetFrameworkPaths" from project "/usr/local/share/dotnet/sdk/9.0.200/Sdks/Microsoft.NET.Sdk/targets/Microsoft.NET.DisableStandardFrameworkResolution.targets".
       Overriding target "DesignerRuntimeImplementationProjectOutputGroup" in project "/usr/local/share/dotnet/sdk/9.0.200/Microsoft.Common.CurrentVersion.targets" with target "DesignerRuntimeImplementationProjectOutputGroup" from project "/usr/local/share/dotnet/sdk/9.0.200/Sdks/Microsoft.NET.Sdk/targets/Microsoft.NET.DesignerSupport.targets".
       Overriding target "Publish" in project "/usr/local/share/dotnet/sdk/9.0.200/Microsoft.Common.CurrentVersion.targets" with target "Publish" from project "/usr/local/share/dotnet/sdk/9.0.200/Sdks/Microsoft.NET.Sdk/targets/Microsoft.NET.Publish.targets".
       Overriding target "ResolveReadyToRunCompilers" in project "/usr/local/share/dotnet/sdk/9.0.200/Sdks/Microsoft.NET.Sdk/targets/Microsoft.NET.CrossGen.targets" with target "ResolveReadyToRunCompilers" from project "/usr/local/share/dotnet/sdk/9.0.200/Sdks/Microsoft.NET.Sdk/targets/Microsoft.NET.Publish.targets".
       Overriding target "GetCopyToPublishDirectoryItems" in project "/usr/local/share/dotnet/sdk/9.0.200/Microsoft.Common.CurrentVersion.targets" with target "GetCopyToPublishDirectoryItems" from project "/usr/local/share/dotnet/sdk/9.0.200/Sdks/Microsoft.NET.Sdk/targets/Microsoft.NET.Publish.targets".
       Property reassignment: $(OutputPath)="bin\Debug/net8.0/" (previous value: "bin\Debug/") at /usr/local/share/dotnet/sdk/9.0.200/Sdks/Microsoft.NET.Sdk/targets/Microsoft.NET.DefaultOutputPaths.targets (137,5)
       Property reassignment: $(IntermediateOutputPath)="obj\Debug/net8.0/" (previous value: "obj\Debug/") at /usr/local/share/dotnet/sdk/9.0.200/Sdks/Microsoft.NET.Sdk/targets/Microsoft.NET.DefaultOutputPaths.targets (142,5)
     1>Project "/Users/dacanetdev/Dev/AIGenerated/RoadmapSkills/RoadmapSkills.sln" (1) is building "/Users/dacanetdev/Dev/AIGenerated/RoadmapSkills/tests/Modules/Users/DeventSoft.RoadmapSkills.Users.IntegrationTests/DeventSoft.RoadmapSkills.Users.IntegrationTests.csproj" (2) on node 5 (_IsProjectRestoreSupported target(s)).
     2>Target "_IsProjectRestoreSupported" in file "/usr/local/share/dotnet/sdk/9.0.200/NuGet.targets" from project "/Users/dacanetdev/Dev/AIGenerated/RoadmapSkills/tests/Modules/Users/DeventSoft.RoadmapSkills.Users.IntegrationTests/DeventSoft.RoadmapSkills.Users.IntegrationTests.csproj" (entry point):
     2>Done building target "_IsProjectRestoreSupported" in project "DeventSoft.RoadmapSkills.Users.IntegrationTests.csproj".
     2>Done Building Project "/Users/dacanetdev/Dev/AIGenerated/RoadmapSkills/tests/Modules/Users/DeventSoft.RoadmapSkills.Users.IntegrationTests/DeventSoft.RoadmapSkills.Users.IntegrationTests.csproj" (_IsProjectRestoreSupported target(s)).
     1>Project "/Users/dacanetdev/Dev/AIGenerated/RoadmapSkills/RoadmapSkills.sln" (1) is building "/Users/dacanetdev/Dev/AIGenerated/RoadmapSkills/src/Modules/Users/DeventSoft.RoadmapSkills.Users.Application/DeventSoft.RoadmapSkills.Users.Application.csproj" (3) on node 8 (_IsProjectRestoreSupported target(s)).
     3>Target "_IsProjectRestoreSupported" in file "/usr/local/share/dotnet/sdk/9.0.200/NuGet.targets" from project "/Users/dacanetdev/Dev/AIGenerated/RoadmapSkills/src/Modules/Users/DeventSoft.RoadmapSkills.Users.Application/DeventSoft.RoadmapSkills.Users.Application.csproj" (entry point):
     3>Done building target "_IsProjectRestoreSupported" in project "DeventSoft.RoadmapSkills.Users.Application.csproj".
     1>Project "/Users/dacanetdev/Dev/AIGenerated/RoadmapSkills/RoadmapSkills.sln" (1) is building "/Users/dacanetdev/Dev/AIGenerated/RoadmapSkills/src/Modules/Users/DeventSoft.RoadmapSkills.Users.Infrastructure/DeventSoft.RoadmapSkills.Users.Infrastructure.csproj" (4) on node 7 (_IsProjectRestoreSupported target(s)).
     4>Target "_IsProjectRestoreSupported" in file "/usr/local/share/dotnet/sdk/9.0.200/NuGet.targets" from project "/Users/dacanetdev/Dev/AIGenerated/RoadmapSkills/src/Modules/Users/DeventSoft.RoadmapSkills.Users.Infrastructure/DeventSoft.RoadmapSkills.Users.Infrastructure.csproj" (entry point):
     4>Done building target "_IsProjectRestoreSupported" in project "DeventSoft.RoadmapSkills.Users.Infrastructure.csproj".
     3>Done Building Project "/Users/dacanetdev/Dev/AIGenerated/RoadmapSkills/src/Modules/Users/DeventSoft.RoadmapSkills.Users.Application/DeventSoft.RoadmapSkills.Users.Application.csproj" (_IsProjectRestoreSupported target(s)).
     4>Done Building Project "/Users/dacanetdev/Dev/AIGenerated/RoadmapSkills/src/Modules/Users/DeventSoft.RoadmapSkills.Users.Infrastructure/DeventSoft.RoadmapSkills.Users.Infrastructure.csproj" (_IsProjectRestoreSupported target(s)).
     1>Project "/Users/dacanetdev/Dev/AIGenerated/RoadmapSkills/RoadmapSkills.sln" (1) is building "/Users/dacanetdev/Dev/AIGenerated/RoadmapSkills/tests/Modules/Users/DeventSoft.RoadmapSkills.Users.UnitTests/DeventSoft.RoadmapSkills.Users.UnitTests.csproj" (5) on node 3 (_IsProjectRestoreSupported target(s)).
     5>Target "_IsProjectRestoreSupported" in file "/usr/local/share/dotnet/sdk/9.0.200/NuGet.targets" from project "/Users/dacanetdev/Dev/AIGenerated/RoadmapSkills/tests/Modules/Users/DeventSoft.RoadmapSkills.Users.UnitTests/DeventSoft.RoadmapSkills.Users.UnitTests.csproj" (entry point):
     5>Done building target "_IsProjectRestoreSupported" in project "DeventSoft.RoadmapSkills.Users.UnitTests.csproj".
     5>Done Building Project "/Users/dacanetdev/Dev/AIGenerated/RoadmapSkills/tests/Modules/Users/DeventSoft.RoadmapSkills.Users.UnitTests/DeventSoft.RoadmapSkills.Users.UnitTests.csproj" (_IsProjectRestoreSupported target(s)).
     0>Overriding target "ResolveFrameworkReferences" in project "/usr/local/share/dotnet/sdk/9.0.200/Microsoft.Common.CurrentVersion.targets" with target "ResolveFrameworkReferences" from project "/usr/local/share/dotnet/sdk/9.0.200/Sdks/Microsoft.NET.Sdk/targets/Microsoft.NET.Sdk.FrameworkReferenceResolution.targets".
       Overriding target "Run" in project "/usr/local/share/dotnet/sdk/9.0.200/Microsoft.Common.CurrentVersion.targets" with target "Run" from project "/usr/local/share/dotnet/sdk/9.0.200/Sdks/Microsoft.NET.Sdk/targets/Microsoft.NET.Sdk.targets".
       Overriding target "GenerateSupportedTargetFrameworkAlias" in project "/usr/local/share/dotnet/sdk/9.0.200/Microsoft.Common.CurrentVersion.targets" with target "GenerateSupportedTargetFrameworkAlias" from project "/usr/local/share/dotnet/sdk/9.0.200/Sdks/Microsoft.NET.Sdk/targets/Microsoft.NET.Sdk.targets".
       Overriding target "GetReferenceAssemblyPaths" in project "/usr/local/share/dotnet/sdk/9.0.200/Microsoft.Common.CurrentVersion.targets" with target "GetReferenceAssemblyPaths" from project "/usr/local/share/dotnet/sdk/9.0.200/Sdks/Microsoft.NET.Sdk/targets/Microsoft.NET.DisableStandardFrameworkResolution.targets".
       Overriding target "GetFrameworkPaths" in project "/usr/local/share/dotnet/sdk/9.0.200/Microsoft.Common.CurrentVersion.targets" with target "GetFrameworkPaths" from project "/usr/local/share/dotnet/sdk/9.0.200/Sdks/Microsoft.NET.Sdk/targets/Microsoft.NET.DisableStandardFrameworkResolution.targets".
       Overriding target "DesignerRuntimeImplementationProjectOutputGroup" in project "/usr/local/share/dotnet/sdk/9.0.200/Microsoft.Common.CurrentVersion.targets" with target "DesignerRuntimeImplementationProjectOutputGroup" from project "/usr/local/share/dotnet/sdk/9.0.200/Sdks/Microsoft.NET.Sdk/targets/Microsoft.NET.DesignerSupport.targets".
       Overriding target "Publish" in project "/usr/local/share/dotnet/sdk/9.0.200/Microsoft.Common.CurrentVersion.targets" with target "Publish" from project "/usr/local/share/dotnet/sdk/9.0.200/Sdks/Microsoft.NET.Sdk/targets/Microsoft.NET.Publish.targets".
       Overriding target "ResolveReadyToRunCompilers" in project "/usr/local/share/dotnet/sdk/9.0.200/Sdks/Microsoft.NET.Sdk/targets/Microsoft.NET.CrossGen.targets" with target "ResolveReadyToRunCompilers" from project "/usr/local/share/dotnet/sdk/9.0.200/Sdks/Microsoft.NET.Sdk/targets/Microsoft.NET.Publish.targets".
       Overriding target "GetCopyToPublishDirectoryItems" in project "/usr/local/share/dotnet/sdk/9.0.200/Microsoft.Common.CurrentVersion.targets" with target "GetCopyToPublishDirectoryItems" from project "/usr/local/share/dotnet/sdk/9.0.200/Sdks/Microsoft.NET.Sdk/targets/Microsoft.NET.Publish.targets".
       Overriding target "BeforePublish" in project "/usr/local/share/dotnet/sdk/9.0.200/Microsoft.Common.CurrentVersion.targets" with target "BeforePublish" from project "/usr/local/share/dotnet/sdk/9.0.200/Sdks/Microsoft.NET.Sdk.Publish/targets/Microsoft.NET.Sdk.Publish.targets".
       Overriding target "AfterPublish" in project "/usr/local/share/dotnet/sdk/9.0.200/Microsoft.Common.CurrentVersion.targets" with target "AfterPublish" from project "/usr/local/share/dotnet/sdk/9.0.200/Sdks/Microsoft.NET.Sdk.Publish/targets/Microsoft.NET.Sdk.Publish.targets".
       The target "CollectUpToDateCheckInputDesignTime" listed in a BeforeTargets attribute at "/usr/local/share/dotnet/sdk/9.0.200/Sdks/Microsoft.NET.Sdk.StaticWebAssets/targets/Microsoft.NET.Sdk.StaticWebAssets.ScopedCss.targets (171,5)" does not exist in the project, and will be ignored.
       The target "CollectUpToDateCheckBuiltDesignTime" listed in a BeforeTargets attribute at "/usr/local/share/dotnet/sdk/9.0.200/Sdks/Microsoft.NET.Sdk.StaticWebAssets/targets/Microsoft.NET.Sdk.StaticWebAssets.ScopedCss.targets (171,5)" does not exist in the project, and will be ignored.
       The target "RazorGenerateComponentDeclaration" listed in an AfterTargets attribute at "/usr/local/share/dotnet/sdk/9.0.200/Sdks/Microsoft.NET.Sdk.Razor/targets/Microsoft.NET.Sdk.Razor.DesignTime.targets (55,53)" does not exist in the project, and will be ignored.
       Overriding target "ResolveFrameworkReferences" in project "/usr/local/share/dotnet/sdk/9.0.200/Microsoft.Common.CurrentVersion.targets" with target "ResolveFrameworkReferences" from project "/usr/local/share/dotnet/sdk/9.0.200/Sdks/Microsoft.NET.Sdk/targets/Microsoft.NET.Sdk.FrameworkReferenceResolution.targets".
       Overriding target "Run" in project "/usr/local/share/dotnet/sdk/9.0.200/Microsoft.Common.CurrentVersion.targets" with target "Run" from project "/usr/local/share/dotnet/sdk/9.0.200/Sdks/Microsoft.NET.Sdk/targets/Microsoft.NET.Sdk.targets".
       Overriding target "GenerateSupportedTargetFrameworkAlias" in project "/usr/local/share/dotnet/sdk/9.0.200/Microsoft.Common.CurrentVersion.targets" with target "GenerateSupportedTargetFrameworkAlias" from project "/usr/local/share/dotnet/sdk/9.0.200/Sdks/Microsoft.NET.Sdk/targets/Microsoft.NET.Sdk.targets".
       Overriding target "GetReferenceAssemblyPaths" in project "/usr/local/share/dotnet/sdk/9.0.200/Microsoft.Common.CurrentVersion.targets" with target "GetReferenceAssemblyPaths" from project "/usr/local/share/dotnet/sdk/9.0.200/Sdks/Microsoft.NET.Sdk/targets/Microsoft.NET.DisableStandardFrameworkResolution.targets".
       Overriding target "GetFrameworkPaths" in project "/usr/local/share/dotnet/sdk/9.0.200/Microsoft.Common.CurrentVersion.targets" with target "GetFrameworkPaths" from project "/usr/local/share/dotnet/sdk/9.0.200/Sdks/Microsoft.NET.Sdk/targets/Microsoft.NET.DisableStandardFrameworkResolution.targets".
       Overriding target "ResolveFrameworkReferences" in project "/usr/local/share/dotnet/sdk/9.0.200/Microsoft.Common.CurrentVersion.targets" with target "ResolveFrameworkReferences" from project "/usr/local/share/dotnet/sdk/9.0.200/Sdks/Microsoft.NET.Sdk/targets/Microsoft.NET.Sdk.FrameworkReferenceResolution.targets".
       Overriding target "DesignerRuntimeImplementationProjectOutputGroup" in project "/usr/local/share/dotnet/sdk/9.0.200/Microsoft.Common.CurrentVersion.targets" with target "DesignerRuntimeImplementationProjectOutputGroup" from project "/usr/local/share/dotnet/sdk/9.0.200/Sdks/Microsoft.NET.Sdk/targets/Microsoft.NET.DesignerSupport.targets".
       Overriding target "Run" in project "/usr/local/share/dotnet/sdk/9.0.200/Microsoft.Common.CurrentVersion.targets" with target "Run" from project "/usr/local/share/dotnet/sdk/9.0.200/Sdks/Microsoft.NET.Sdk/targets/Microsoft.NET.Sdk.targets".
       Overriding target "GenerateSupportedTargetFrameworkAlias" in project "/usr/local/share/dotnet/sdk/9.0.200/Microsoft.Common.CurrentVersion.targets" with target "GenerateSupportedTargetFrameworkAlias" from project "/usr/local/share/dotnet/sdk/9.0.200/Sdks/Microsoft.NET.Sdk/targets/Microsoft.NET.Sdk.targets".
       Overriding target "Publish" in project "/usr/local/share/dotnet/sdk/9.0.200/Microsoft.Common.CurrentVersion.targets" with target "Publish" from project "/usr/local/share/dotnet/sdk/9.0.200/Sdks/Microsoft.NET.Sdk/targets/Microsoft.NET.Publish.targets".
       Overriding target "GetReferenceAssemblyPaths" in project "/usr/local/share/dotnet/sdk/9.0.200/Microsoft.Common.CurrentVersion.targets" with target "GetReferenceAssemblyPaths" from project "/usr/local/share/dotnet/sdk/9.0.200/Sdks/Microsoft.NET.Sdk/targets/Microsoft.NET.DisableStandardFrameworkResolution.targets".
       Overriding target "GetFrameworkPaths" in project "/usr/local/share/dotnet/sdk/9.0.200/Microsoft.Common.CurrentVersion.targets" with target "GetFrameworkPaths" from project "/usr/local/share/dotnet/sdk/9.0.200/Sdks/Microsoft.NET.Sdk/targets/Microsoft.NET.DisableStandardFrameworkResolution.targets".
       Overriding target "ResolveReadyToRunCompilers" in project "/usr/local/share/dotnet/sdk/9.0.200/Sdks/Microsoft.NET.Sdk/targets/Microsoft.NET.CrossGen.targets" with target "ResolveReadyToRunCompilers" from project "/usr/local/share/dotnet/sdk/9.0.200/Sdks/Microsoft.NET.Sdk/targets/Microsoft.NET.Publish.targets".
       Overriding target "DesignerRuntimeImplementationProjectOutputGroup" in project "/usr/local/share/dotnet/sdk/9.0.200/Microsoft.Common.CurrentVersion.targets" with target "DesignerRuntimeImplementationProjectOutputGroup" from project "/usr/local/share/dotnet/sdk/9.0.200/Sdks/Microsoft.NET.Sdk/targets/Microsoft.NET.DesignerSupport.targets".
       Overriding target "Publish" in project "/usr/local/share/dotnet/sdk/9.0.200/Microsoft.Common.CurrentVersion.targets" with target "Publish" from project "/usr/local/share/dotnet/sdk/9.0.200/Sdks/Microsoft.NET.Sdk/targets/Microsoft.NET.Publish.targets".
       Overriding target "ResolveReadyToRunCompilers" in project "/usr/local/share/dotnet/sdk/9.0.200/Sdks/Microsoft.NET.Sdk/targets/Microsoft.NET.CrossGen.targets" with target "ResolveReadyToRunCompilers" from project "/usr/local/share/dotnet/sdk/9.0.200/Sdks/Microsoft.NET.Sdk/targets/Microsoft.NET.Publish.targets".
       Overriding target "GetCopyToPublishDirectoryItems" in project "/usr/local/share/dotnet/sdk/9.0.200/Microsoft.Common.CurrentVersion.targets" with target "GetCopyToPublishDirectoryItems" from project "/usr/local/share/dotnet/sdk/9.0.200/Sdks/Microsoft.NET.Sdk/targets/Microsoft.NET.Publish.targets".
       Overriding target "GetCopyToPublishDirectoryItems" in project "/usr/local/share/dotnet/sdk/9.0.200/Microsoft.Common.CurrentVersion.targets" with target "GetCopyToPublishDirectoryItems" from project "/usr/local/share/dotnet/sdk/9.0.200/Sdks/Microsoft.NET.Sdk/targets/Microsoft.NET.Publish.targets".
       Overriding target "BeforePublish" in project "/usr/local/share/dotnet/sdk/9.0.200/Microsoft.Common.CurrentVersion.targets" with target "BeforePublish" from project "/usr/local/share/dotnet/sdk/9.0.200/Sdks/Microsoft.NET.Sdk.Publish/targets/Microsoft.NET.Sdk.Publish.targets".
       Overriding target "BeforePublish" in project "/usr/local/share/dotnet/sdk/9.0.200/Microsoft.Common.CurrentVersion.targets" with target "BeforePublish" from project "/usr/local/share/dotnet/sdk/9.0.200/Sdks/Microsoft.NET.Sdk.Publish/targets/Microsoft.NET.Sdk.Publish.targets".
       Overriding target "AfterPublish" in project "/usr/local/share/dotnet/sdk/9.0.200/Microsoft.Common.CurrentVersion.targets" with target "AfterPublish" from project "/usr/local/share/dotnet/sdk/9.0.200/Sdks/Microsoft.NET.Sdk.Publish/targets/Microsoft.NET.Sdk.Publish.targets".
       Overriding target "AfterPublish" in project "/usr/local/share/dotnet/sdk/9.0.200/Microsoft.Common.CurrentVersion.targets" with target "AfterPublish" from project "/usr/local/share/dotnet/sdk/9.0.200/Sdks/Microsoft.NET.Sdk.Publish/targets/Microsoft.NET.Sdk.Publish.targets".
       The target "CollectUpToDateCheckInputDesignTime" listed in a BeforeTargets attribute at "/usr/local/share/dotnet/sdk/9.0.200/Sdks/Microsoft.NET.Sdk.StaticWebAssets/targets/Microsoft.NET.Sdk.StaticWebAssets.ScopedCss.targets (171,5)" does not exist in the project, and will be ignored.
       The target "CollectUpToDateCheckBuiltDesignTime" listed in a BeforeTargets attribute at "/usr/local/share/dotnet/sdk/9.0.200/Sdks/Microsoft.NET.Sdk.StaticWebAssets/targets/Microsoft.NET.Sdk.StaticWebAssets.ScopedCss.targets (171,5)" does not exist in the project, and will be ignored.
       The target "RazorGenerateComponentDeclaration" listed in an AfterTargets attribute at "/usr/local/share/dotnet/sdk/9.0.200/Sdks/Microsoft.NET.Sdk.Razor/targets/Microsoft.NET.Sdk.Razor.DesignTime.targets (55,53)" does not exist in the project, and will be ignored.
       The target "CollectUpToDateCheckInputDesignTime" listed in a BeforeTargets attribute at "/usr/local/share/dotnet/sdk/9.0.200/Sdks/Microsoft.NET.Sdk.StaticWebAssets/targets/Microsoft.NET.Sdk.StaticWebAssets.ScopedCss.targets (171,5)" does not exist in the project, and will be ignored.
       The target "CollectUpToDateCheckBuiltDesignTime" listed in a BeforeTargets attribute at "/usr/local/share/dotnet/sdk/9.0.200/Sdks/Microsoft.NET.Sdk.StaticWebAssets/targets/Microsoft.NET.Sdk.StaticWebAssets.ScopedCss.targets (171,5)" does not exist in the project, and will be ignored.
       The target "RazorGenerateComponentDeclaration" listed in an AfterTargets attribute at "/usr/local/share/dotnet/sdk/9.0.200/Sdks/Microsoft.NET.Sdk.Razor/targets/Microsoft.NET.Sdk.Razor.DesignTime.targets (55,53)" does not exist in the project, and will be ignored.
     1>Project "/Users/dacanetdev/Dev/AIGenerated/RoadmapSkills/RoadmapSkills.sln" (1) is building "/Users/dacanetdev/Dev/AIGenerated/RoadmapSkills/src/DeventSoft.RoadmapSkills.Api/DeventSoft.RoadmapSkills.Api.csproj" (6) on node 6 (_IsProjectRestoreSupported target(s)).
     6>Target "_IsProjectRestoreSupported" in file "/usr/local/share/dotnet/sdk/9.0.200/NuGet.targets" from project "/Users/dacanetdev/Dev/AIGenerated/RoadmapSkills/src/DeventSoft.RoadmapSkills.Api/DeventSoft.RoadmapSkills.Api.csproj" (entry point):
     6>Done building target "_IsProjectRestoreSupported" in project "DeventSoft.RoadmapSkills.Api.csproj".
     6>Done Building Project "/Users/dacanetdev/Dev/AIGenerated/RoadmapSkills/src/DeventSoft.RoadmapSkills.Api/DeventSoft.RoadmapSkills.Api.csproj" (_IsProjectRestoreSupported target(s)).
     0>Property reassignment: $(_FrameworkIdentifierForImplicitDefine)="NET" (previous value: "NETCOREAPP") at /usr/local/share/dotnet/sdk/9.0.200/Sdks/Microsoft.NET.Sdk/targets/Microsoft.NET.Sdk.BeforeCommon.targets (187,5)
       Property reassignment: $(_FrameworkVersionForImplicitDefine)="8_0" (previous value: "8.0") at /usr/local/share/dotnet/sdk/9.0.200/Sdks/Microsoft.NET.Sdk/targets/Microsoft.NET.Sdk.BeforeCommon.targets (192,5)
     1>Project "/Users/dacanetdev/Dev/AIGenerated/RoadmapSkills/RoadmapSkills.sln" (1) is building "/Users/dacanetdev/Dev/AIGenerated/RoadmapSkills/src/Modules/Users/DeventSoft.RoadmapSkills.Users.Api/DeventSoft.RoadmapSkills.Users.Api.csproj" (7) on node 2 (_IsProjectRestoreSupported target(s)).
     7>Target "_IsProjectRestoreSupported" in file "/usr/local/share/dotnet/sdk/9.0.200/NuGet.targets" from project "/Users/dacanetdev/Dev/AIGenerated/RoadmapSkills/src/Modules/Users/DeventSoft.RoadmapSkills.Users.Api/DeventSoft.RoadmapSkills.Users.Api.csproj" (entry point):
     7>Done building target "_IsProjectRestoreSupported" in project "DeventSoft.RoadmapSkills.Users.Api.csproj".
     7>Done Building Project "/Users/dacanetdev/Dev/AIGenerated/RoadmapSkills/src/Modules/Users/DeventSoft.RoadmapSkills.Users.Api/DeventSoft.RoadmapSkills.Users.Api.csproj" (_IsProjectRestoreSupported target(s)).
     1>Project "/Users/dacanetdev/Dev/AIGenerated/RoadmapSkills/RoadmapSkills.sln" (1) is building "/Users/dacanetdev/Dev/AIGenerated/RoadmapSkills/src/DeventSoft.RoadmapSkills.BlazorApp/DeventSoft.RoadmapSkills.BlazorApp.csproj" (8) on node 4 (_IsProjectRestoreSupported target(s)).
     8>Target "_IsProjectRestoreSupported" in file "/usr/local/share/dotnet/sdk/9.0.200/NuGet.targets" from project "/Users/dacanetdev/Dev/AIGenerated/RoadmapSkills/src/DeventSoft.RoadmapSkills.BlazorApp/DeventSoft.RoadmapSkills.BlazorApp.csproj" (entry point):
     8>Done building target "_IsProjectRestoreSupported" in project "DeventSoft.RoadmapSkills.BlazorApp.csproj".
     8>Done Building Project "/Users/dacanetdev/Dev/AIGenerated/RoadmapSkills/src/DeventSoft.RoadmapSkills.BlazorApp/DeventSoft.RoadmapSkills.BlazorApp.csproj" (_IsProjectRestoreSupported target(s)).
     0>Property reassignment: $(CommandLineArgsForDesignTimeEvaluation)="-langversion:12.0 -define:TRACE" (previous value: "-langversion:12.0") at /usr/local/share/dotnet/sdk/9.0.200/Roslyn/Microsoft.CSharp.Core.targets (200,5)
       The "Platform" property is a global property, and cannot be modified.
       The "Configuration" property is a global property, and cannot be modified.
       Property reassignment: $(_DebugSymbolsProduced)="true" (previous value: "false") at /usr/local/share/dotnet/sdk/9.0.200/Microsoft.Common.CurrentVersion.targets (175,5)
       Property reassignment: $(_DocumentationFileProduced)="false" (previous value: "true") at /usr/local/share/dotnet/sdk/9.0.200/Microsoft.Common.CurrentVersion.targets (185,5)
       The "SolutionName" property is a global property, and cannot be modified.
       The "SolutionFileName" property is a global property, and cannot be modified.
       The "SolutionPath" property is a global property, and cannot be modified.
       The "SolutionDir" property is a global property, and cannot be modified.
       The "SolutionExt" property is a global property, and cannot be modified.
       Property reassignment: $(MSBuildCopyMarkerName)="DeventSo.ABB2E51D" (previous value: "DeventSoft.RoadmapSkills.Users.Domain.csproj") at /usr/local/share/dotnet/sdk/9.0.200/Microsoft.Common.CurrentVersion.targets (392,5)
       Property reassignment: $(MSBuildCopyMarkerName)="DeventSo.ABB2E51D.Up2Date" (previous value: "DeventSo.ABB2E51D") at /usr/local/share/dotnet/sdk/9.0.200/Microsoft.Common.CurrentVersion.targets (393,5)
       Property reassignment: $(ProcessorArchitecture)="msil" (previous value: "") at /usr/local/share/dotnet/sdk/9.0.200/Microsoft.Common.CurrentVersion.targets (541,5)
       Property reassignment: $(DelaySign)="" (previous value: "false") at /usr/local/share/dotnet/sdk/9.0.200/Microsoft.Common.CurrentVersion.targets (580,5)
       /usr/local/share/dotnet/sdk/9.0.200/Microsoft.Common.CurrentVersion.targets(2590,5): message : Property 'LocalAppData' with value '/Users/dacanetdev/Library/Application Support' expanded from the environment.
       Property reassignment: $(_SGenGenerateSerializationAssembliesConfig)="Auto" (previous value: "") at /usr/local/share/dotnet/sdk/9.0.200/Microsoft.Common.CurrentVersion.targets (3916,5)
       Property reassignment: $(_SGenGenerateSerializationAssembliesConfig)="Off" (previous value: "Auto") at /usr/local/share/dotnet/sdk/9.0.200/Microsoft.Common.CurrentVersion.targets (3917,5)
       Property reassignment: $(_TargetsThatPrepareProjectReferences)="
             AssignProjectConfiguration;
             _SplitProjectReferencesByFileExistence
           " (previous value: "_SplitProjectReferencesByFileExistence") at /usr/local/share/dotnet/sdk/9.0.200/Microsoft.Common.CurrentVersion.targets (5128,5)
       /usr/local/share/dotnet/sdk/9.0.200/Microsoft.Common.CurrentVersion.targets(6923,5): message : Property 'MSBuildExtensionsPath32' with value '/usr/local/share/dotnet/sdk/9.0.200' expanded from the environment.
       The "_RestoreSolutionFileUsed" property is a global property, and cannot be modified.
       Property reassignment: $(_GenerateRestoreGraphProjectEntryInputProperties)="
             ExcludeRestorePackageImports=true;
             _RestoreSolutionFileUsed=true;
             SolutionDir=/Users/dacanetdev/Dev/AIGenerated/RoadmapSkills/;
             SolutionName=RoadmapSkills;
             SolutionFileName=RoadmapSkills.sln;
             SolutionPath=/Users/dacanetdev/Dev/AIGenerated/RoadmapSkills/RoadmapSkills.sln;
             SolutionExt=.sln;
           " (previous value: "ExcludeRestorePackageImports=true") at /usr/local/share/dotnet/sdk/9.0.200/NuGet.targets (101,5)
       Property reassignment: $(ProjectAssetsFile)="/Users/dacanetdev/Dev/AIGenerated/RoadmapSkills/src/Modules/Users/DeventSoft.RoadmapSkills.Users.Domain/obj/project.assets.json" (previous value: "/Users/dacanetdev/Dev/AIGenerated/RoadmapSkills/src/Modules/Users/DeventSoft.RoadmapSkills.Users.Domain/obj//project.assets.json") at /usr/local/share/dotnet/sdk/9.0.200/Sdks/Microsoft.NET.Sdk/targets/Microsoft.PackageDependencyResolution.targets (24,5)
       Property reassignment: $(ProjectAssetsCacheFile)="/Users/dacanetdev/Dev/AIGenerated/RoadmapSkills/src/Modules/Users/DeventSoft.RoadmapSkills.Users.Domain/obj/Debug/net8.0/DeventSoft.RoadmapSkills.Users.Domain.assets.cache" (previous value: "obj\Debug/net8.0/DeventSoft.RoadmapSkills.Users.Domain.assets.cache") at /usr/local/share/dotnet/sdk/9.0.200/Sdks/Microsoft.NET.Sdk/targets/Microsoft.PackageDependencyResolution.targets (29,5)
       Property reassignment: $(ResolveAssemblyReferencesDependsOn)="
             
             ResolveProjectReferences;
             FindInvalidProjectReferences;
             GetFrameworkPaths;
             GetReferenceAssemblyPaths;
             PrepareForBuild;
             ResolveSDKReferences;
             ExpandSDKReferences;
           ;
             ResolvePackageDependenciesForBuild;
             _HandlePackageFileConflicts;
           " (previous value: "
             ResolveProjectReferences;
             FindInvalidProjectReferences;
             GetFrameworkPaths;
             GetReferenceAssemblyPaths;
             PrepareForBuild;
             ResolveSDKReferences;
             ExpandSDKReferences;
           ") at /usr/local/share/dotnet/sdk/9.0.200/Sdks/Microsoft.NET.Sdk/targets/Microsoft.PackageDependencyResolution.targets (80,5)
       Property reassignment: $(PrepareResourcesDependsOn)="
             ResolvePackageDependenciesForBuild;
             _HandlePackageFileConflicts;
             
             ;
             PrepareResourceNames;
             ResGen;
             CompileLicxFiles
           
           " (previous value: "
             ;
             PrepareResourceNames;
             ResGen;
             CompileLicxFiles
           ") at /usr/local/share/dotnet/sdk/9.0.200/Sdks/Microsoft.NET.Sdk/targets/Microsoft.PackageDependencyResolution.targets (86,5)
       Property reassignment: $(DefaultItemExcludes)=";bin\Debug//**;obj\Debug//**;bin\/**" (previous value: ";bin\Debug//**;obj\Debug//**") at /usr/local/share/dotnet/sdk/9.0.200/Sdks/Microsoft.NET.Sdk/targets/Microsoft.NET.Sdk.DefaultItems.targets (27,5)
       Property reassignment: $(DefaultItemExcludes)=";bin\Debug//**;obj\Debug//**;bin\/**;obj\/**" (previous value: ";bin\Debug//**;obj\Debug//**;bin\/**") at /usr/local/share/dotnet/sdk/9.0.200/Sdks/Microsoft.NET.Sdk/targets/Microsoft.NET.Sdk.DefaultItems.targets (29,5)
       Property reassignment: $(DefaultItemExcludes)=";bin\Debug//**;obj\Debug//**;bin\/**;obj\/**;**/*.user" (previous value: ";bin\Debug//**;obj\Debug//**;bin\/**;obj\/**") at /usr/local/share/dotnet/sdk/9.0.200/Sdks/Microsoft.NET.Sdk/targets/Microsoft.NET.Sdk.DefaultItems.targets (32,5)
       Property reassignment: $(DefaultItemExcludes)=";bin\Debug//**;obj\Debug//**;bin\/**;obj\/**;**/*.user;**/*.*proj" (previous value: ";bin\Debug//**;obj\Debug//**;bin\/**;obj\/**;**/*.user") at /usr/local/share/dotnet/sdk/9.0.200/Sdks/Microsoft.NET.Sdk/targets/Microsoft.NET.Sdk.DefaultItems.targets (33,5)
       Property reassignment: $(DefaultItemExcludes)=";bin\Debug//**;obj\Debug//**;bin\/**;obj\/**;**/*.user;**/*.*proj;**/*.sln" (previous value: ";bin\Debug//**;obj\Debug//**;bin\/**;obj\/**;**/*.user;**/*.*proj") at /usr/local/share/dotnet/sdk/9.0.200/Sdks/Microsoft.NET.Sdk/targets/Microsoft.NET.Sdk.DefaultItems.targets (34,5)
       Property reassignment: $(DefaultItemExcludes)=";bin\Debug//**;obj\Debug//**;bin\/**;obj\/**;**/*.user;**/*.*proj;**/*.sln;**/*.vssscc" (previous value: ";bin\Debug//**;obj\Debug//**;bin\/**;obj\/**;**/*.user;**/*.*proj;**/*.sln") at /usr/local/share/dotnet/sdk/9.0.200/Sdks/Microsoft.NET.Sdk/targets/Microsoft.NET.Sdk.DefaultItems.targets (35,5)
       Property reassignment: $(DefaultItemExcludes)=";bin\Debug//**;obj\Debug//**;bin\/**;obj\/**;**/*.user;**/*.*proj;**/*.sln;**/*.vssscc;**/.DS_Store" (previous value: ";bin\Debug//**;obj\Debug//**;bin\/**;obj\/**;**/*.user;**/*.*proj;**/*.sln;**/*.vssscc") at /usr/local/share/dotnet/sdk/9.0.200/Sdks/Microsoft.NET.Sdk/targets/Microsoft.NET.Sdk.DefaultItems.targets (36,5)
       Property reassignment: $(ResolveAssemblyReferencesDependsOn)="
             
             
             ResolveProjectReferences;
             FindInvalidProjectReferences;
             GetFrameworkPaths;
             GetReferenceAssemblyPaths;
             PrepareForBuild;
             ResolveSDKReferences;
             ExpandSDKReferences;
           ;
             ResolvePackageDependenciesForBuild;
             _HandlePackageFileConflicts;
           ;
             ResolveTargetingPackAssets;
           " (previous value: "
             
             ResolveProjectReferences;
             FindInvalidProjectReferences;
             GetFrameworkPaths;
             GetReferenceAssemblyPaths;
             PrepareForBuild;
             ResolveSDKReferences;
             ExpandSDKReferences;
           ;
             ResolvePackageDependenciesForBuild;
             _HandlePackageFileConflicts;
           ") at /usr/local/share/dotnet/sdk/9.0.200/Sdks/Microsoft.NET.Sdk/targets/Microsoft.NET.Sdk.FrameworkReferenceResolution.targets (14,5)
       Property reassignment: $(_GenerateRuntimeConfigurationPropertyInputsCache)="/Users/dacanetdev/Dev/AIGenerated/RoadmapSkills/src/Modules/Users/DeventSoft.RoadmapSkills.Users.Domain/obj/Debug/net8.0/DeventSoft.RoadmapSkills.Users.Domain.genruntimeconfig.cache" (previous value: "obj\Debug/net8.0/DeventSoft.RoadmapSkills.Users.Domain.genruntimeconfig.cache") at /usr/local/share/dotnet/sdk/9.0.200/Sdks/Microsoft.NET.Sdk/targets/Microsoft.NET.Sdk.targets (44,5)
       Property reassignment: $(_GeneratePublishDependencyFilePropertyInputsCache)="/Users/dacanetdev/Dev/AIGenerated/RoadmapSkills/src/Modules/Users/DeventSoft.RoadmapSkills.Users.Domain/obj/Debug/net8.0/DeventSoft.RoadmapSkills.Users.Domain.genpublishdeps.cache" (previous value: "obj\Debug/net8.0/DeventSoft.RoadmapSkills.Users.Domain.genpublishdeps.cache") at /usr/local/share/dotnet/sdk/9.0.200/Sdks/Microsoft.NET.Sdk/targets/Microsoft.NET.Sdk.targets (46,5)
       Property reassignment: $(_GenerateSingleFileBundlePropertyInputsCache)="/Users/dacanetdev/Dev/AIGenerated/RoadmapSkills/src/Modules/Users/DeventSoft.RoadmapSkills.Users.Domain/obj/Debug/net8.0/DeventSoft.RoadmapSkills.Users.Domain.genbundle.cache" (previous value: "obj\Debug/net8.0/DeventSoft.RoadmapSkills.Users.Domain.genbundle.cache") at /usr/local/share/dotnet/sdk/9.0.200/Sdks/Microsoft.NET.Sdk/targets/Microsoft.NET.Sdk.targets (48,5)
       Property reassignment: $(GenerateRuntimeConfigDevFile)="false" (previous value: "true") at /usr/local/share/dotnet/sdk/9.0.200/Sdks/Microsoft.NET.Sdk/targets/Microsoft.NET.Sdk.targets (81,5)
       /usr/local/share/dotnet/sdk/9.0.200/Sdks/Microsoft.NET.Sdk/targets/Microsoft.NET.Sdk.targets(96,5): message : Property 'HOME' with value '/Users/dacanetdev' expanded from the environment.
       Property reassignment: $(_DefaultUserProfileRuntimeStorePath)="/Users/dacanetdev/.dotnet/store" (previous value: "/Users/dacanetdev") at /usr/local/share/dotnet/sdk/9.0.200/Sdks/Microsoft.NET.Sdk/targets/Microsoft.NET.Sdk.targets (98,5)
       Property reassignment: $(AvailablePlatforms)="Any CPU,x86,x64,ARM32" (previous value: "Any CPU,x86,x64") at /usr/local/share/dotnet/sdk/9.0.200/Sdks/Microsoft.NET.Sdk/targets/Microsoft.NET.Sdk.targets (140,5)
       Property reassignment: $(AvailablePlatforms)="Any CPU,x86,x64,ARM32,ARM64" (previous value: "Any CPU,x86,x64,ARM32") at /usr/local/share/dotnet/sdk/9.0.200/Sdks/Microsoft.NET.Sdk/targets/Microsoft.NET.Sdk.targets (144,5)
       Property reassignment: $(CoreBuildDependsOn)="
             _CheckForBuildWithNoBuild;
             
             BuildOnlySettings;
             PrepareForBuild;
             PreBuildEvent;
             ResolveReferences;
             PrepareResources;
             ResolveKeySource;
             Compile;
             ExportWindowsMDFile;
             UnmanagedUnregistration;
             GenerateSerializationAssemblies;
             CreateSatelliteAssemblies;
             GenerateManifests;
             GetTargetPath;
             PrepareForRun;
             UnmanagedRegistration;
             IncrementalClean;
             PostBuildEvent
           ;
             GenerateBuildDependencyFile;
             GenerateBuildRuntimeConfigurationFiles
           " (previous value: "
             BuildOnlySettings;
             PrepareForBuild;
             PreBuildEvent;
             ResolveReferences;
             PrepareResources;
             ResolveKeySource;
             Compile;
             ExportWindowsMDFile;
             UnmanagedUnregistration;
             GenerateSerializationAssemblies;
             CreateSatelliteAssemblies;
             GenerateManifests;
             GetTargetPath;
             PrepareForRun;
             UnmanagedRegistration;
             IncrementalClean;
             PostBuildEvent
           ") at /usr/local/share/dotnet/sdk/9.0.200/Sdks/Microsoft.NET.Sdk/targets/Microsoft.NET.Sdk.targets (201,5)
       Property reassignment: $(CoreCleanDependsOn)="
             _SdkBeforeClean;
             
           " (previous value: "") at /usr/local/share/dotnet/sdk/9.0.200/Sdks/Microsoft.NET.Sdk/targets/Microsoft.NET.Sdk.targets (210,5)
       Property reassignment: $(RebuildDependsOn)="
             _SdkBeforeRebuild;
             
             BeforeRebuild;
             Clean;
             Build;
             AfterRebuild;
           
           " (previous value: "
             BeforeRebuild;
             Clean;
             Build;
             AfterRebuild;
           ") at /usr/local/share/dotnet/sdk/9.0.200/Sdks/Microsoft.NET.Sdk/targets/Microsoft.NET.Sdk.targets (217,5)
       Property reassignment: $(CompileDependsOn)="
             
             ResolveReferences;
             ResolveKeySource;
             SetWin32ManifestProperties;
             _SetPreferNativeArm64Win32ManifestProperties;
             FindReferenceAssembliesForReferences;
             _GenerateCompileInputs;
             BeforeCompile;
             _TimeStampBeforeCompile;
             _GenerateCompileDependencyCache;
             CoreCompile;
             _TimeStampAfterCompile;
             AfterCompile;
           ;
             _CreateAppHost;
             _CreateComHost;
             _GetIjwHostPaths;
           " (previous value: "
             ResolveReferences;
             ResolveKeySource;
             SetWin32ManifestProperties;
             _SetPreferNativeArm64Win32ManifestProperties;
             FindReferenceAssembliesForReferences;
             _GenerateCompileInputs;
             BeforeCompile;
             _TimeStampBeforeCompile;
             _GenerateCompileDependencyCache;
             CoreCompile;
             _TimeStampAfterCompile;
             AfterCompile;
           ") at /usr/local/share/dotnet/sdk/9.0.200/Sdks/Microsoft.NET.Sdk/targets/Microsoft.NET.Sdk.targets (784,5)
       Property reassignment: $(CreateSatelliteAssembliesDependsOn)="
             
             ;
             _GenerateSatelliteAssemblyInputs;
             ComputeIntermediateSatelliteAssemblies;
             GenerateSatelliteAssemblies
           ;
             CoreGenerateSatelliteAssemblies
           " (previous value: "
             ;
             _GenerateSatelliteAssemblyInputs;
             ComputeIntermediateSatelliteAssemblies;
             GenerateSatelliteAssemblies
           ") at /usr/local/share/dotnet/sdk/9.0.200/Sdks/Microsoft.NET.Sdk/targets/Microsoft.NET.Sdk.targets (1184,5)
       Property reassignment: $(SourceLinkUrlInitializerTargets)=";_InitializeGitHubSourceLinkUrl;_InitializeGitLabSourceLinkUrl" (previous value: ";_InitializeGitHubSourceLinkUrl") at /usr/local/share/dotnet/sdk/9.0.200/Sdks/Microsoft.SourceLink.GitLab/build/Microsoft.SourceLink.GitLab.targets (12,5)
       Property reassignment: $(SourceControlManagerUrlTranslationTargets)=";TranslateGitHubUrlsInSourceControlInformation;TranslateGitLabUrlsInSourceControlInformation" (previous value: ";TranslateGitHubUrlsInSourceControlInformation") at /usr/local/share/dotnet/sdk/9.0.200/Sdks/Microsoft.SourceLink.GitLab/build/Microsoft.SourceLink.GitLab.targets (13,5)
       Property reassignment: $(SourceLinkUrlInitializerTargets)=";_InitializeGitHubSourceLinkUrl;_InitializeGitLabSourceLinkUrl;_InitializeAzureReposGitSourceLinkUrl" (previous value: ";_InitializeGitHubSourceLinkUrl;_InitializeGitLabSourceLinkUrl") at /usr/local/share/dotnet/sdk/9.0.200/Sdks/Microsoft.SourceLink.AzureRepos.Git/build/Microsoft.SourceLink.AzureRepos.Git.targets (12,5)
       Property reassignment: $(SourceControlManagerUrlTranslationTargets)=";TranslateGitHubUrlsInSourceControlInformation;TranslateGitLabUrlsInSourceControlInformation;TranslateAzureReposGitUrlsInSourceControlInformation" (previous value: ";TranslateGitHubUrlsInSourceControlInformation;TranslateGitLabUrlsInSourceControlInformation") at /usr/local/share/dotnet/sdk/9.0.200/Sdks/Microsoft.SourceLink.AzureRepos.Git/build/Microsoft.SourceLink.AzureRepos.Git.targets (13,5)
       Property reassignment: $(SourceLinkUrlInitializerTargets)=";_InitializeGitHubSourceLinkUrl;_InitializeGitLabSourceLinkUrl;_InitializeAzureReposGitSourceLinkUrl;_InitializeBitbucketGitSourceLinkUrl" (previous value: ";_InitializeGitHubSourceLinkUrl;_InitializeGitLabSourceLinkUrl;_InitializeAzureReposGitSourceLinkUrl") at /usr/local/share/dotnet/sdk/9.0.200/Sdks/Microsoft.SourceLink.Bitbucket.Git/build/Microsoft.SourceLink.Bitbucket.Git.targets (12,5)
       Property reassignment: $(SourceControlManagerUrlTranslationTargets)=";TranslateGitHubUrlsInSourceControlInformation;TranslateGitLabUrlsInSourceControlInformation;TranslateAzureReposGitUrlsInSourceControlInformation;TranslateBitbucketGitUrlsInSourceControlInformation" (previous value: ";TranslateGitHubUrlsInSourceControlInformation;TranslateGitLabUrlsInSourceControlInformation;TranslateAzureReposGitUrlsInSourceControlInformation") at /usr/local/share/dotnet/sdk/9.0.200/Sdks/Microsoft.SourceLink.Bitbucket.Git/build/Microsoft.SourceLink.Bitbucket.Git.targets (13,5)
       Property reassignment: $(DesignerRuntimeImplementationProjectOutputGroupDependsOn)="
             
             ;
             
             ;
             BuildOnlySettings;
             PrepareForBuild;
             AssignTargetPaths;
             ResolveReferences
           
           ;
             _GenerateDesignerDepsFile;
             _GenerateDesignerRuntimeConfigFile;
             GetCopyToOutputDirectoryItems;
             _GatherDesignerShadowCopyFiles;
           " (previous value: "
             ;
             
             ;
             BuildOnlySettings;
             PrepareForBuild;
             AssignTargetPaths;
             ResolveReferences
           
           ") at /usr/local/share/dotnet/sdk/9.0.200/Sdks/Microsoft.NET.Sdk/targets/Microsoft.NET.DesignerSupport.targets (21,5)
       Property reassignment: $(_GenerateToolsSettingsFileCacheFile)="/Users/dacanetdev/Dev/AIGenerated/RoadmapSkills/src/Modules/Users/DeventSoft.RoadmapSkills.Users.Domain/obj/Debug/net8.0/DeventSoft.RoadmapSkills.Users.Domain.toolssettingsinput.cache" (previous value: "obj\Debug/net8.0/DeventSoft.RoadmapSkills.Users.Domain.toolssettingsinput.cache") at /usr/local/share/dotnet/sdk/9.0.200/Sdks/Microsoft.NET.Sdk/targets/Microsoft.NET.PackTool.targets (68,5)
       Property reassignment: $(_ShimInputCacheFile)="/Users/dacanetdev/Dev/AIGenerated/RoadmapSkills/src/Modules/Users/DeventSoft.RoadmapSkills.Users.Domain/obj/Debug/net8.0/DeventSoft.RoadmapSkills.Users.Domain.shiminput.cache" (previous value: "obj\Debug/net8.0/DeventSoft.RoadmapSkills.Users.Domain.shiminput.cache") at /usr/local/share/dotnet/sdk/9.0.200/Sdks/Microsoft.NET.Sdk/targets/Microsoft.NET.PackTool.targets (137,5)
       Property reassignment: $(_ShimCreatedSentinelFile)="/Users/dacanetdev/Dev/AIGenerated/RoadmapSkills/src/Modules/Users/DeventSoft.RoadmapSkills.Users.Domain/obj/Debug/net8.0/DeventSoft.RoadmapSkills.Users.Domain.shimcreated.sentinel" (previous value: "obj\Debug/net8.0/DeventSoft.RoadmapSkills.Users.Domain.shimcreated.sentinel") at /usr/local/share/dotnet/sdk/9.0.200/Sdks/Microsoft.NET.Sdk/targets/Microsoft.NET.PackTool.targets (139,5)
       Property reassignment: $(DefineConstants)="TRACE;DEBUG" (previous value: "TRACE") at /usr/local/share/dotnet/sdk/9.0.200/Sdks/Microsoft.NET.Sdk/targets/Microsoft.NET.Sdk.CSharp.targets (31,5)
       Property reassignment: $(DefineConstants)="TRACE;DEBUG;NET;NET8_0;NETCOREAPP" (previous value: "TRACE;DEBUG") at /usr/local/share/dotnet/sdk/9.0.200/Sdks/Microsoft.NET.Sdk/targets/Microsoft.NET.Sdk.CSharp.targets (34,5)
       Property reassignment: $(WarningsAsErrors)=";NU1605;SYSLIB0011" (previous value: ";NU1605") at /usr/local/share/dotnet/sdk/9.0.200/Sdks/Microsoft.NET.Sdk/targets/Microsoft.NET.Sdk.CSharp.targets (48,5)
       Property reassignment: $(PackageDescription)="Package Description" (previous value: "") at /usr/local/share/dotnet/sdk/9.0.200/Sdks/NuGet.Build.Tasks.Pack/build/NuGet.Build.Tasks.Pack.targets (34,5)
       Property reassignment: $(GenerateNuspecDependsOn)="Build;_LoadPackInputItems; _GetTargetFrameworksOutput; _WalkEachTargetPerFramework; _GetPackageFiles; " (previous value: "_LoadPackInputItems; _GetTargetFrameworksOutput; _WalkEachTargetPerFramework; _GetPackageFiles; ") at /usr/local/share/dotnet/sdk/9.0.200/Sdks/NuGet.Build.Tasks.Pack/build/NuGet.Build.Tasks.Pack.targets (59,5)
       Property reassignment: $(_IsNotSetContainersTargetsDir)="true" (previous value: "false") at /usr/local/share/dotnet/sdk/9.0.200/Sdks/Microsoft.NET.Sdk/Sdk/Sdk.targets (60,5)
       Property reassignment: $(_IsSDKContainerAllowedVersion)="true" (previous value: "false") at /usr/local/share/dotnet/sdk/9.0.200/Containers/build/Microsoft.NET.Build.Containers.targets (5,5)
       Property reassignment: $(_ContainerIsTargetingNet8TFM)="true" (previous value: "false") at /usr/local/share/dotnet/sdk/9.0.200/Containers/build/Microsoft.NET.Build.Containers.targets (15,5)
       Overriding target "ResolveFrameworkReferences" in project "/usr/local/share/dotnet/sdk/9.0.200/Microsoft.Common.CurrentVersion.targets" with target "ResolveFrameworkReferences" from project "/usr/local/share/dotnet/sdk/9.0.200/Sdks/Microsoft.NET.Sdk/targets/Microsoft.NET.Sdk.FrameworkReferenceResolution.targets".
       Overriding target "Run" in project "/usr/local/share/dotnet/sdk/9.0.200/Microsoft.Common.CurrentVersion.targets" with target "Run" from project "/usr/local/share/dotnet/sdk/9.0.200/Sdks/Microsoft.NET.Sdk/targets/Microsoft.NET.Sdk.targets".
       Overriding target "GenerateSupportedTargetFrameworkAlias" in project "/usr/local/share/dotnet/sdk/9.0.200/Microsoft.Common.CurrentVersion.targets" with target "GenerateSupportedTargetFrameworkAlias" from project "/usr/local/share/dotnet/sdk/9.0.200/Sdks/Microsoft.NET.Sdk/targets/Microsoft.NET.Sdk.targets".
       Overriding target "GetReferenceAssemblyPaths" in project "/usr/local/share/dotnet/sdk/9.0.200/Microsoft.Common.CurrentVersion.targets" with target "GetReferenceAssemblyPaths" from project "/usr/local/share/dotnet/sdk/9.0.200/Sdks/Microsoft.NET.Sdk/targets/Microsoft.NET.DisableStandardFrameworkResolution.targets".
       Overriding target "GetFrameworkPaths" in project "/usr/local/share/dotnet/sdk/9.0.200/Microsoft.Common.CurrentVersion.targets" with target "GetFrameworkPaths" from project "/usr/local/share/dotnet/sdk/9.0.200/Sdks/Microsoft.NET.Sdk/targets/Microsoft.NET.DisableStandardFrameworkResolution.targets".
       Overriding target "DesignerRuntimeImplementationProjectOutputGroup" in project "/usr/local/share/dotnet/sdk/9.0.200/Microsoft.Common.CurrentVersion.targets" with target "DesignerRuntimeImplementationProjectOutputGroup" from project "/usr/local/share/dotnet/sdk/9.0.200/Sdks/Microsoft.NET.Sdk/targets/Microsoft.NET.DesignerSupport.targets".
       Overriding target "Publish" in project "/usr/local/share/dotnet/sdk/9.0.200/Microsoft.Common.CurrentVersion.targets" with target "Publish" from project "/usr/local/share/dotnet/sdk/9.0.200/Sdks/Microsoft.NET.Sdk/targets/Microsoft.NET.Publish.targets".
       Overriding target "ResolveReadyToRunCompilers" in project "/usr/local/share/dotnet/sdk/9.0.200/Sdks/Microsoft.NET.Sdk/targets/Microsoft.NET.CrossGen.targets" with target "ResolveReadyToRunCompilers" from project "/usr/local/share/dotnet/sdk/9.0.200/Sdks/Microsoft.NET.Sdk/targets/Microsoft.NET.Publish.targets".
       Overriding target "GetCopyToPublishDirectoryItems" in project "/usr/local/share/dotnet/sdk/9.0.200/Microsoft.Common.CurrentVersion.targets" with target "GetCopyToPublishDirectoryItems" from project "/usr/local/share/dotnet/sdk/9.0.200/Sdks/Microsoft.NET.Sdk/targets/Microsoft.NET.Publish.targets".
     1>Project "/Users/dacanetdev/Dev/AIGenerated/RoadmapSkills/RoadmapSkills.sln" (1) is building "/Users/dacanetdev/Dev/AIGenerated/RoadmapSkills/src/Modules/Users/DeventSoft.RoadmapSkills.Users.Domain/DeventSoft.RoadmapSkills.Users.Domain.csproj" (9) on node 1 (_IsProjectRestoreSupported target(s)).
     9>Target "_IsProjectRestoreSupported" in file "/usr/local/share/dotnet/sdk/9.0.200/NuGet.targets" from project "/Users/dacanetdev/Dev/AIGenerated/RoadmapSkills/src/Modules/Users/DeventSoft.RoadmapSkills.Users.Domain/DeventSoft.RoadmapSkills.Users.Domain.csproj" (entry point):
     9>Done building target "_IsProjectRestoreSupported" in project "DeventSoft.RoadmapSkills.Users.Domain.csproj".
     9>Done Building Project "/Users/dacanetdev/Dev/AIGenerated/RoadmapSkills/src/Modules/Users/DeventSoft.RoadmapSkills.Users.Domain/DeventSoft.RoadmapSkills.Users.Domain.csproj" (_IsProjectRestoreSupported target(s)).
     1>Done executing task "MSBuild".
       Task "MSBuild" skipped, due to false condition; ( '$(RestoreUseSkipNonexistentTargets)' != 'true' ) was evaluated as ( 'true' != 'true' ).
       Using "WarnForInvalidProjectsTask" task from assembly "/usr/local/share/dotnet/sdk/9.0.200/NuGet.Build.Tasks.dll".
       Task "WarnForInvalidProjectsTask"
       Done executing task "WarnForInvalidProjectsTask".
     1>Done building target "_FilterRestoreGraphProjectInputItems" in project "RoadmapSkills.sln".
       Target "_FilterRestoreGraphProjectInputItems" skipped. Previously built successfully.
     1>Target "_GetAllRestoreProjectPathItems" in file "/usr/local/share/dotnet/sdk/9.0.200/NuGet.targets" from project "/Users/dacanetdev/Dev/AIGenerated/RoadmapSkills/RoadmapSkills.sln" (target "_GenerateRestoreGraph" depends on it):
       Using "NuGetMessageTask" task from assembly "/usr/local/share/dotnet/sdk/9.0.200/NuGet.Build.Tasks.dll".
       Task "NuGetMessageTask"
         Determining projects to restore...
       Done executing task "NuGetMessageTask".
       Task "MSBuild"
         Global Properties:
           ExcludeRestorePackageImports=true
           _RestoreSolutionFileUsed=true
           SolutionDir=/Users/dacanetdev/Dev/AIGenerated/RoadmapSkills/
           SolutionName=RoadmapSkills
           SolutionFileName=RoadmapSkills.sln
           SolutionPath=/Users/dacanetdev/Dev/AIGenerated/RoadmapSkills/RoadmapSkills.sln
           SolutionExt=.sln
         Additional Properties for project "/Users/dacanetdev/Dev/AIGenerated/RoadmapSkills/src/Modules/Users/DeventSoft.RoadmapSkills.Users.Domain/DeventSoft.RoadmapSkills.Users.Domain.csproj":
           Configuration=Debug
           Platform=AnyCPU
         Additional Properties for project "/Users/dacanetdev/Dev/AIGenerated/RoadmapSkills/src/Modules/Users/DeventSoft.RoadmapSkills.Users.Application/DeventSoft.RoadmapSkills.Users.Application.csproj":
           Configuration=Debug
           Platform=AnyCPU
         Additional Properties for project "/Users/dacanetdev/Dev/AIGenerated/RoadmapSkills/src/Modules/Users/DeventSoft.RoadmapSkills.Users.Infrastructure/DeventSoft.RoadmapSkills.Users.Infrastructure.csproj":
           Configuration=Debug
           Platform=AnyCPU
         Additional Properties for project "/Users/dacanetdev/Dev/AIGenerated/RoadmapSkills/src/Modules/Users/DeventSoft.RoadmapSkills.Users.Api/DeventSoft.RoadmapSkills.Users.Api.csproj":
           Configuration=Debug
           Platform=AnyCPU
         Additional Properties for project "/Users/dacanetdev/Dev/AIGenerated/RoadmapSkills/tests/Modules/Users/DeventSoft.RoadmapSkills.Users.UnitTests/DeventSoft.RoadmapSkills.Users.UnitTests.csproj":
           Configuration=Debug
           Platform=AnyCPU
         Additional Properties for project "/Users/dacanetdev/Dev/AIGenerated/RoadmapSkills/tests/Modules/Users/DeventSoft.RoadmapSkills.Users.IntegrationTests/DeventSoft.RoadmapSkills.Users.IntegrationTests.csproj":
           Configuration=Debug
           Platform=AnyCPU
         Additional Properties for project "/Users/dacanetdev/Dev/AIGenerated/RoadmapSkills/src/DeventSoft.RoadmapSkills.Api/DeventSoft.RoadmapSkills.Api.csproj":
           Configuration=Debug
           Platform=AnyCPU
         Additional Properties for project "/Users/dacanetdev/Dev/AIGenerated/RoadmapSkills/src/DeventSoft.RoadmapSkills.BlazorApp/DeventSoft.RoadmapSkills.BlazorApp.csproj":
           Configuration=Debug
           Platform=AnyCPU
     1>Project "/Users/dacanetdev/Dev/AIGenerated/RoadmapSkills/RoadmapSkills.sln" (1) is building "/Users/dacanetdev/Dev/AIGenerated/RoadmapSkills/src/Modules/Users/DeventSoft.RoadmapSkills.Users.Domain/DeventSoft.RoadmapSkills.Users.Domain.csproj" (9:2) on node 1 (_GenerateRestoreProjectPathWalk target(s)).
   9:2>Target "_GenerateRestoreProjectPathItemsAllFrameworks" skipped, due to false condition; ( '$(TargetFrameworks)' != '' ) was evaluated as ( '' != '' ).
     1>Project "/Users/dacanetdev/Dev/AIGenerated/RoadmapSkills/RoadmapSkills.sln" (1) is building "/Users/dacanetdev/Dev/AIGenerated/RoadmapSkills/src/DeventSoft.RoadmapSkills.BlazorApp/DeventSoft.RoadmapSkills.BlazorApp.csproj" (8:2) on node 4 (_GenerateRestoreProjectPathWalk target(s)).
   8:2>Target "_GenerateRestoreProjectPathItemsAllFrameworks" skipped, due to false condition; ( '$(TargetFrameworks)' != '' ) was evaluated as ( '' != '' ).
     1>Project "/Users/dacanetdev/Dev/AIGenerated/RoadmapSkills/RoadmapSkills.sln" (1) is building "/Users/dacanetdev/Dev/AIGenerated/RoadmapSkills/src/DeventSoft.RoadmapSkills.Api/DeventSoft.RoadmapSkills.Api.csproj" (6:2) on node 6 (_GenerateRestoreProjectPathWalk target(s)).
   6:2>Target "_GenerateRestoreProjectPathItemsAllFrameworks" skipped, due to false condition; ( '$(TargetFrameworks)' != '' ) was evaluated as ( '' != '' ).
     1>Project "/Users/dacanetdev/Dev/AIGenerated/RoadmapSkills/RoadmapSkills.sln" (1) is building "/Users/dacanetdev/Dev/AIGenerated/RoadmapSkills/tests/Modules/Users/DeventSoft.RoadmapSkills.Users.IntegrationTests/DeventSoft.RoadmapSkills.Users.IntegrationTests.csproj" (2:2) on node 5 (_GenerateRestoreProjectPathWalk target(s)).
   2:2>Target "_GenerateRestoreProjectPathItemsAllFrameworks" skipped, due to false condition; ( '$(TargetFrameworks)' != '' ) was evaluated as ( '' != '' ).
     1>Project "/Users/dacanetdev/Dev/AIGenerated/RoadmapSkills/RoadmapSkills.sln" (1) is building "/Users/dacanetdev/Dev/AIGenerated/RoadmapSkills/tests/Modules/Users/DeventSoft.RoadmapSkills.Users.UnitTests/DeventSoft.RoadmapSkills.Users.UnitTests.csproj" (5:2) on node 3 (_GenerateRestoreProjectPathWalk target(s)).
   5:2>Target "_GenerateRestoreProjectPathItemsAllFrameworks" skipped, due to false condition; ( '$(TargetFrameworks)' != '' ) was evaluated as ( '' != '' ).
     1>Project "/Users/dacanetdev/Dev/AIGenerated/RoadmapSkills/RoadmapSkills.sln" (1) is building "/Users/dacanetdev/Dev/AIGenerated/RoadmapSkills/src/Modules/Users/DeventSoft.RoadmapSkills.Users.Api/DeventSoft.RoadmapSkills.Users.Api.csproj" (7:2) on node 2 (_GenerateRestoreProjectPathWalk target(s)).
   7:2>Target "_GenerateRestoreProjectPathItemsAllFrameworks" skipped, due to false condition; ( '$(TargetFrameworks)' != '' ) was evaluated as ( '' != '' ).
     1>Project "/Users/dacanetdev/Dev/AIGenerated/RoadmapSkills/RoadmapSkills.sln" (1) is building "/Users/dacanetdev/Dev/AIGenerated/RoadmapSkills/src/Modules/Users/DeventSoft.RoadmapSkills.Users.Application/DeventSoft.RoadmapSkills.Users.Application.csproj" (3:2) on node 8 (_GenerateRestoreProjectPathWalk target(s)).
   3:2>Target "_GenerateRestoreProjectPathItemsAllFrameworks" skipped, due to false condition; ( '$(TargetFrameworks)' != '' ) was evaluated as ( '' != '' ).
     1>Project "/Users/dacanetdev/Dev/AIGenerated/RoadmapSkills/RoadmapSkills.sln" (1) is building "/Users/dacanetdev/Dev/AIGenerated/RoadmapSkills/src/Modules/Users/DeventSoft.RoadmapSkills.Users.Infrastructure/DeventSoft.RoadmapSkills.Users.Infrastructure.csproj" (4:2) on node 7 (_GenerateRestoreProjectPathWalk target(s)).
   4:2>Target "_GenerateRestoreProjectPathItemsAllFrameworks" skipped, due to false condition; ( '$(TargetFrameworks)' != '' ) was evaluated as ( '' != '' ).
   3:2>Target "_GenerateRestoreProjectPathItemsPerFramework" in file "/usr/local/share/dotnet/sdk/9.0.200/NuGet.targets" from project "/Users/dacanetdev/Dev/AIGenerated/RoadmapSkills/src/Modules/Users/DeventSoft.RoadmapSkills.Users.Application/DeventSoft.RoadmapSkills.Users.Application.csproj" (target "_GenerateRestoreProjectPathItemsCurrentProject" depends on it):
   3:2>Using "ConvertToAbsolutePath" task from assembly "Microsoft.Build.Tasks.Core, Version=15.1.0.0, Culture=neutral, PublicKeyToken=b03f5f7f11d50a3a".
   6:2>Target "_GenerateRestoreProjectPathItemsPerFramework" in file "/usr/local/share/dotnet/sdk/9.0.200/NuGet.targets" from project "/Users/dacanetdev/Dev/AIGenerated/RoadmapSkills/src/DeventSoft.RoadmapSkills.Api/DeventSoft.RoadmapSkills.Api.csproj" (target "_GenerateRestoreProjectPathItemsCurrentProject" depends on it):
   6:2>Using "ConvertToAbsolutePath" task from assembly "Microsoft.Build.Tasks.Core, Version=15.1.0.0, Culture=neutral, PublicKeyToken=b03f5f7f11d50a3a".
   8:2>Target "_GenerateRestoreProjectPathItemsPerFramework" in file "/usr/local/share/dotnet/sdk/9.0.200/NuGet.targets" from project "/Users/dacanetdev/Dev/AIGenerated/RoadmapSkills/src/DeventSoft.RoadmapSkills.BlazorApp/DeventSoft.RoadmapSkills.BlazorApp.csproj" (target "_GenerateRestoreProjectPathItemsCurrentProject" depends on it):
   8:2>Using "ConvertToAbsolutePath" task from assembly "Microsoft.Build.Tasks.Core, Version=15.1.0.0, Culture=neutral, PublicKeyToken=b03f5f7f11d50a3a".
   7:2>Target "_GenerateRestoreProjectPathItemsPerFramework" in file "/usr/local/share/dotnet/sdk/9.0.200/NuGet.targets" from project "/Users/dacanetdev/Dev/AIGenerated/RoadmapSkills/src/Modules/Users/DeventSoft.RoadmapSkills.Users.Api/DeventSoft.RoadmapSkills.Users.Api.csproj" (target "_GenerateRestoreProjectPathItemsCurrentProject" depends on it):
   7:2>Using "ConvertToAbsolutePath" task from assembly "Microsoft.Build.Tasks.Core, Version=15.1.0.0, Culture=neutral, PublicKeyToken=b03f5f7f11d50a3a".
   2:2>Target "_GenerateRestoreProjectPathItemsPerFramework" in file "/usr/local/share/dotnet/sdk/9.0.200/NuGet.targets" from project "/Users/dacanetdev/Dev/AIGenerated/RoadmapSkills/tests/Modules/Users/DeventSoft.RoadmapSkills.Users.IntegrationTests/DeventSoft.RoadmapSkills.Users.IntegrationTests.csproj" (target "_GenerateRestoreProjectPathItemsCurrentProject" depends on it):
   2:2>Using "ConvertToAbsolutePath" task from assembly "Microsoft.Build.Tasks.Core, Version=15.1.0.0, Culture=neutral, PublicKeyToken=b03f5f7f11d50a3a".
   4:2>Target "_GenerateRestoreProjectPathItemsPerFramework" in file "/usr/local/share/dotnet/sdk/9.0.200/NuGet.targets" from project "/Users/dacanetdev/Dev/AIGenerated/RoadmapSkills/src/Modules/Users/DeventSoft.RoadmapSkills.Users.Infrastructure/DeventSoft.RoadmapSkills.Users.Infrastructure.csproj" (target "_GenerateRestoreProjectPathItemsCurrentProject" depends on it):
   4:2>Using "ConvertToAbsolutePath" task from assembly "Microsoft.Build.Tasks.Core, Version=15.1.0.0, Culture=neutral, PublicKeyToken=b03f5f7f11d50a3a".
   5:2>Target "_GenerateRestoreProjectPathItemsPerFramework" in file "/usr/local/share/dotnet/sdk/9.0.200/NuGet.targets" from project "/Users/dacanetdev/Dev/AIGenerated/RoadmapSkills/tests/Modules/Users/DeventSoft.RoadmapSkills.Users.UnitTests/DeventSoft.RoadmapSkills.Users.UnitTests.csproj" (target "_GenerateRestoreProjectPathItemsCurrentProject" depends on it):
   5:2>Using "ConvertToAbsolutePath" task from assembly "Microsoft.Build.Tasks.Core, Version=15.1.0.0, Culture=neutral, PublicKeyToken=b03f5f7f11d50a3a".
   3:2>Task "ConvertToAbsolutePath"
   7:2>Task "ConvertToAbsolutePath"
   6:2>Task "ConvertToAbsolutePath"
   2:2>Task "ConvertToAbsolutePath"
   5:2>Task "ConvertToAbsolutePath"
   8:2>Task "ConvertToAbsolutePath"
   7:2>Done executing task "ConvertToAbsolutePath".
   3:2>Done executing task "ConvertToAbsolutePath".
   8:2>Done executing task "ConvertToAbsolutePath".
   5:2>Done executing task "ConvertToAbsolutePath".
   6:2>Done executing task "ConvertToAbsolutePath".
   7:2>Done building target "_GenerateRestoreProjectPathItemsPerFramework" in project "DeventSoft.RoadmapSkills.Users.Api.csproj".
   3:2>Done building target "_GenerateRestoreProjectPathItemsPerFramework" in project "DeventSoft.RoadmapSkills.Users.Application.csproj".
   5:2>Done building target "_GenerateRestoreProjectPathItemsPerFramework" in project "DeventSoft.RoadmapSkills.Users.UnitTests.csproj".
   2:2>Done executing task "ConvertToAbsolutePath".
   4:2>Task "ConvertToAbsolutePath"
   8:2>Done building target "_GenerateRestoreProjectPathItemsPerFramework" in project "DeventSoft.RoadmapSkills.BlazorApp.csproj".
   6:2>Done building target "_GenerateRestoreProjectPathItemsPerFramework" in project "DeventSoft.RoadmapSkills.Api.csproj".
   4:2>Done executing task "ConvertToAbsolutePath".
   2:2>Done building target "_GenerateRestoreProjectPathItemsPerFramework" in project "DeventSoft.RoadmapSkills.Users.IntegrationTests.csproj".
   4:2>Done building target "_GenerateRestoreProjectPathItemsPerFramework" in project "DeventSoft.RoadmapSkills.Users.Infrastructure.csproj".
   7:2>Target "_GenerateRestoreProjectPathItemsCurrentProject" in file "/usr/local/share/dotnet/sdk/9.0.200/NuGet.targets" from project "/Users/dacanetdev/Dev/AIGenerated/RoadmapSkills/src/Modules/Users/DeventSoft.RoadmapSkills.Users.Api/DeventSoft.RoadmapSkills.Users.Api.csproj" (target "_GenerateRestoreProjectPathItems" depends on it):
   7:2>Done building target "_GenerateRestoreProjectPathItemsCurrentProject" in project "DeventSoft.RoadmapSkills.Users.Api.csproj".
   3:2>Target "_GenerateRestoreProjectPathItemsCurrentProject" in file "/usr/local/share/dotnet/sdk/9.0.200/NuGet.targets" from project "/Users/dacanetdev/Dev/AIGenerated/RoadmapSkills/src/Modules/Users/DeventSoft.RoadmapSkills.Users.Application/DeventSoft.RoadmapSkills.Users.Application.csproj" (target "_GenerateRestoreProjectPathItems" depends on it):
   3:2>Done building target "_GenerateRestoreProjectPathItemsCurrentProject" in project "DeventSoft.RoadmapSkills.Users.Application.csproj".
   6:2>Target "_GenerateRestoreProjectPathItemsCurrentProject" in file "/usr/local/share/dotnet/sdk/9.0.200/NuGet.targets" from project "/Users/dacanetdev/Dev/AIGenerated/RoadmapSkills/src/DeventSoft.RoadmapSkills.Api/DeventSoft.RoadmapSkills.Api.csproj" (target "_GenerateRestoreProjectPathItems" depends on it):
   6:2>Done building target "_GenerateRestoreProjectPathItemsCurrentProject" in project "DeventSoft.RoadmapSkills.Api.csproj".
   5:2>Target "_GenerateRestoreProjectPathItemsCurrentProject" in file "/usr/local/share/dotnet/sdk/9.0.200/NuGet.targets" from project "/Users/dacanetdev/Dev/AIGenerated/RoadmapSkills/tests/Modules/Users/DeventSoft.RoadmapSkills.Users.UnitTests/DeventSoft.RoadmapSkills.Users.UnitTests.csproj" (target "_GenerateRestoreProjectPathItems" depends on it):
   5:2>Done building target "_GenerateRestoreProjectPathItemsCurrentProject" in project "DeventSoft.RoadmapSkills.Users.UnitTests.csproj".
   4:2>Target "_GenerateRestoreProjectPathItemsCurrentProject" in file "/usr/local/share/dotnet/sdk/9.0.200/NuGet.targets" from project "/Users/dacanetdev/Dev/AIGenerated/RoadmapSkills/src/Modules/Users/DeventSoft.RoadmapSkills.Users.Infrastructure/DeventSoft.RoadmapSkills.Users.Infrastructure.csproj" (target "_GenerateRestoreProjectPathItems" depends on it):
   4:2>Done building target "_GenerateRestoreProjectPathItemsCurrentProject" in project "DeventSoft.RoadmapSkills.Users.Infrastructure.csproj".
   8:2>Target "_GenerateRestoreProjectPathItemsCurrentProject" in file "/usr/local/share/dotnet/sdk/9.0.200/NuGet.targets" from project "/Users/dacanetdev/Dev/AIGenerated/RoadmapSkills/src/DeventSoft.RoadmapSkills.BlazorApp/DeventSoft.RoadmapSkills.BlazorApp.csproj" (target "_GenerateRestoreProjectPathItems" depends on it):
   8:2>Done building target "_GenerateRestoreProjectPathItemsCurrentProject" in project "DeventSoft.RoadmapSkills.BlazorApp.csproj".
   3:2>Target "_GenerateRestoreProjectPathItems" in file "/usr/local/share/dotnet/sdk/9.0.200/NuGet.targets" from project "/Users/dacanetdev/Dev/AIGenerated/RoadmapSkills/src/Modules/Users/DeventSoft.RoadmapSkills.Users.Application/DeventSoft.RoadmapSkills.Users.Application.csproj" (target "_GenerateRestoreProjectPathWalk" depends on it):
   3:2>Using "RemoveDuplicates" task from assembly "Microsoft.Build.Tasks.Core, Version=15.1.0.0, Culture=neutral, PublicKeyToken=b03f5f7f11d50a3a".
   6:2>Target "_GenerateRestoreProjectPathItems" in file "/usr/local/share/dotnet/sdk/9.0.200/NuGet.targets" from project "/Users/dacanetdev/Dev/AIGenerated/RoadmapSkills/src/DeventSoft.RoadmapSkills.Api/DeventSoft.RoadmapSkills.Api.csproj" (target "_GenerateRestoreProjectPathWalk" depends on it):
   6:2>Using "RemoveDuplicates" task from assembly "Microsoft.Build.Tasks.Core, Version=15.1.0.0, Culture=neutral, PublicKeyToken=b03f5f7f11d50a3a".
   2:2>Target "_GenerateRestoreProjectPathItemsCurrentProject" in file "/usr/local/share/dotnet/sdk/9.0.200/NuGet.targets" from project "/Users/dacanetdev/Dev/AIGenerated/RoadmapSkills/tests/Modules/Users/DeventSoft.RoadmapSkills.Users.IntegrationTests/DeventSoft.RoadmapSkills.Users.IntegrationTests.csproj" (target "_GenerateRestoreProjectPathItems" depends on it):
   2:2>Done building target "_GenerateRestoreProjectPathItemsCurrentProject" in project "DeventSoft.RoadmapSkills.Users.IntegrationTests.csproj".
   6:2>Task "RemoveDuplicates"
   3:2>Task "RemoveDuplicates"
   7:2>Target "_GenerateRestoreProjectPathItems" in file "/usr/local/share/dotnet/sdk/9.0.200/NuGet.targets" from project "/Users/dacanetdev/Dev/AIGenerated/RoadmapSkills/src/Modules/Users/DeventSoft.RoadmapSkills.Users.Api/DeventSoft.RoadmapSkills.Users.Api.csproj" (target "_GenerateRestoreProjectPathWalk" depends on it):
   7:2>Using "RemoveDuplicates" task from assembly "Microsoft.Build.Tasks.Core, Version=15.1.0.0, Culture=neutral, PublicKeyToken=b03f5f7f11d50a3a".
   2:2>Target "_GenerateRestoreProjectPathItems" in file "/usr/local/share/dotnet/sdk/9.0.200/NuGet.targets" from project "/Users/dacanetdev/Dev/AIGenerated/RoadmapSkills/tests/Modules/Users/DeventSoft.RoadmapSkills.Users.IntegrationTests/DeventSoft.RoadmapSkills.Users.IntegrationTests.csproj" (target "_GenerateRestoreProjectPathWalk" depends on it):
   2:2>Using "RemoveDuplicates" task from assembly "Microsoft.Build.Tasks.Core, Version=15.1.0.0, Culture=neutral, PublicKeyToken=b03f5f7f11d50a3a".
   8:2>Target "_GenerateRestoreProjectPathItems" in file "/usr/local/share/dotnet/sdk/9.0.200/NuGet.targets" from project "/Users/dacanetdev/Dev/AIGenerated/RoadmapSkills/src/DeventSoft.RoadmapSkills.BlazorApp/DeventSoft.RoadmapSkills.BlazorApp.csproj" (target "_GenerateRestoreProjectPathWalk" depends on it):
   8:2>Using "RemoveDuplicates" task from assembly "Microsoft.Build.Tasks.Core, Version=15.1.0.0, Culture=neutral, PublicKeyToken=b03f5f7f11d50a3a".
   6:2>Done executing task "RemoveDuplicates".
   3:2>Done executing task "RemoveDuplicates".
   2:2>Task "RemoveDuplicates"
   7:2>Task "RemoveDuplicates"
   8:2>Task "RemoveDuplicates"
   6:2>Done building target "_GenerateRestoreProjectPathItems" in project "DeventSoft.RoadmapSkills.Api.csproj".
   3:2>Done building target "_GenerateRestoreProjectPathItems" in project "DeventSoft.RoadmapSkills.Users.Application.csproj".
   2:2>Done executing task "RemoveDuplicates".
   7:2>Done executing task "RemoveDuplicates".
   2:2>Done building target "_GenerateRestoreProjectPathItems" in project "DeventSoft.RoadmapSkills.Users.IntegrationTests.csproj".
   3:2>Target "_GenerateRestoreProjectPathWalk" in file "/usr/local/share/dotnet/sdk/9.0.200/NuGet.targets" from project "/Users/dacanetdev/Dev/AIGenerated/RoadmapSkills/src/Modules/Users/DeventSoft.RoadmapSkills.Users.Application/DeventSoft.RoadmapSkills.Users.Application.csproj" (entry point):
   3:2>Using "MSBuild" task from assembly "Microsoft.Build.Tasks.Core, Version=15.1.0.0, Culture=neutral, PublicKeyToken=b03f5f7f11d50a3a".
   6:2>Target "_GenerateRestoreProjectPathWalk" in file "/usr/local/share/dotnet/sdk/9.0.200/NuGet.targets" from project "/Users/dacanetdev/Dev/AIGenerated/RoadmapSkills/src/DeventSoft.RoadmapSkills.Api/DeventSoft.RoadmapSkills.Api.csproj" (entry point):
   6:2>Using "MSBuild" task from assembly "Microsoft.Build.Tasks.Core, Version=15.1.0.0, Culture=neutral, PublicKeyToken=b03f5f7f11d50a3a".
   8:2>Done executing task "RemoveDuplicates".
   6:2>Task "MSBuild"
   5:2>Target "_GenerateRestoreProjectPathItems" in file "/usr/local/share/dotnet/sdk/9.0.200/NuGet.targets" from project "/Users/dacanetdev/Dev/AIGenerated/RoadmapSkills/tests/Modules/Users/DeventSoft.RoadmapSkills.Users.UnitTests/DeventSoft.RoadmapSkills.Users.UnitTests.csproj" (target "_GenerateRestoreProjectPathWalk" depends on it):
   5:2>Using "RemoveDuplicates" task from assembly "Microsoft.Build.Tasks.Core, Version=15.1.0.0, Culture=neutral, PublicKeyToken=b03f5f7f11d50a3a".
   7:2>Done building target "_GenerateRestoreProjectPathItems" in project "DeventSoft.RoadmapSkills.Users.Api.csproj".
   6:2>Done executing task "MSBuild".
   3:2>Task "MSBuild"
   2:2>Target "_GenerateRestoreProjectPathWalk" in file "/usr/local/share/dotnet/sdk/9.0.200/NuGet.targets" from project "/Users/dacanetdev/Dev/AIGenerated/RoadmapSkills/tests/Modules/Users/DeventSoft.RoadmapSkills.Users.IntegrationTests/DeventSoft.RoadmapSkills.Users.IntegrationTests.csproj" (entry point):
   2:2>Using "MSBuild" task from assembly "Microsoft.Build.Tasks.Core, Version=15.1.0.0, Culture=neutral, PublicKeyToken=b03f5f7f11d50a3a".
   4:2>Target "_GenerateRestoreProjectPathItems" in file "/usr/local/share/dotnet/sdk/9.0.200/NuGet.targets" from project "/Users/dacanetdev/Dev/AIGenerated/RoadmapSkills/src/Modules/Users/DeventSoft.RoadmapSkills.Users.Infrastructure/DeventSoft.RoadmapSkills.Users.Infrastructure.csproj" (target "_GenerateRestoreProjectPathWalk" depends on it):
   4:2>Using "RemoveDuplicates" task from assembly "Microsoft.Build.Tasks.Core, Version=15.1.0.0, Culture=neutral, PublicKeyToken=b03f5f7f11d50a3a".
   5:2>Task "RemoveDuplicates"
   6:2>_GenerateRestoreProjectPathWalk:
       Task "MSBuild" skipped, due to false condition; ( '$(RestoreUseSkipNonexistentTargets)' != 'true' ) was evaluated as ( 'true' != 'true' ).
   3:2>_GenerateRestoreProjectPathWalk:
         Global Properties:
   8:2>Done building target "_GenerateRestoreProjectPathItems" in project "DeventSoft.RoadmapSkills.BlazorApp.csproj".
   4:2>Task "RemoveDuplicates"
   6:2>Task "RemoveDuplicates"
   3:2>_GenerateRestoreProjectPathWalk:
           ExcludeRestorePackageImports=true
   5:2>Done executing task "RemoveDuplicates".
   6:2>Done executing task "RemoveDuplicates".
   4:2>Done executing task "RemoveDuplicates".
   8:2>Target "_GenerateRestoreProjectPathWalk" in file "/usr/local/share/dotnet/sdk/9.0.200/NuGet.targets" from project "/Users/dacanetdev/Dev/AIGenerated/RoadmapSkills/src/DeventSoft.RoadmapSkills.BlazorApp/DeventSoft.RoadmapSkills.BlazorApp.csproj" (entry point):
   8:2>Using "MSBuild" task from assembly "Microsoft.Build.Tasks.Core, Version=15.1.0.0, Culture=neutral, PublicKeyToken=b03f5f7f11d50a3a".
   5:2>Done building target "_GenerateRestoreProjectPathItems" in project "DeventSoft.RoadmapSkills.Users.UnitTests.csproj".
   2:2>Task "MSBuild"
   4:2>Done building target "_GenerateRestoreProjectPathItems" in project "DeventSoft.RoadmapSkills.Users.Infrastructure.csproj".
   3:2>_GenerateRestoreProjectPathWalk:
           _RestoreSolutionFileUsed=true
   8:2>Task "MSBuild"
   2:2>Done executing task "MSBuild".
   8:2>Done executing task "MSBuild".
   3:2>_GenerateRestoreProjectPathWalk:
           SolutionDir=/Users/dacanetdev/Dev/AIGenerated/RoadmapSkills/
   2:2>_GenerateRestoreProjectPathWalk:
       Task "MSBuild" skipped, due to false condition; ( '$(RestoreUseSkipNonexistentTargets)' != 'true' ) was evaluated as ( 'true' != 'true' ).
   5:2>Target "_GenerateRestoreProjectPathWalk" in file "/usr/local/share/dotnet/sdk/9.0.200/NuGet.targets" from project "/Users/dacanetdev/Dev/AIGenerated/RoadmapSkills/tests/Modules/Users/DeventSoft.RoadmapSkills.Users.UnitTests/DeventSoft.RoadmapSkills.Users.UnitTests.csproj" (entry point):
   5:2>Using "MSBuild" task from assembly "Microsoft.Build.Tasks.Core, Version=15.1.0.0, Culture=neutral, PublicKeyToken=b03f5f7f11d50a3a".
   4:2>Target "_GenerateRestoreProjectPathWalk" in file "/usr/local/share/dotnet/sdk/9.0.200/NuGet.targets" from project "/Users/dacanetdev/Dev/AIGenerated/RoadmapSkills/src/Modules/Users/DeventSoft.RoadmapSkills.Users.Infrastructure/DeventSoft.RoadmapSkills.Users.Infrastructure.csproj" (entry point):
   4:2>Using "MSBuild" task from assembly "Microsoft.Build.Tasks.Core, Version=15.1.0.0, Culture=neutral, PublicKeyToken=b03f5f7f11d50a3a".
   8:2>_GenerateRestoreProjectPathWalk:
       Task "MSBuild" skipped, due to false condition; ( '$(RestoreUseSkipNonexistentTargets)' != 'true' ) was evaluated as ( 'true' != 'true' ).
   3:2>_GenerateRestoreProjectPathWalk:
           SolutionName=RoadmapSkills
   2:2>Task "RemoveDuplicates"
   5:2>Task "MSBuild"
   4:2>Task "MSBuild"
   8:2>Task "RemoveDuplicates"
   4:2>_GenerateRestoreProjectPathWalk:
         Global Properties:
   5:2>Done executing task "MSBuild".
   3:2>_GenerateRestoreProjectPathWalk:
           SolutionFileName=RoadmapSkills.sln
   6:2>Done building target "_GenerateRestoreProjectPathWalk" in project "DeventSoft.RoadmapSkills.Api.csproj".
   8:2>Done executing task "RemoveDuplicates".
   4:2>_GenerateRestoreProjectPathWalk:
           ExcludeRestorePackageImports=true
   5:2>_GenerateRestoreProjectPathWalk:
       Task "MSBuild" skipped, due to false condition; ( '$(RestoreUseSkipNonexistentTargets)' != 'true' ) was evaluated as ( 'true' != 'true' ).
   7:2>Target "_GenerateRestoreProjectPathWalk" in file "/usr/local/share/dotnet/sdk/9.0.200/NuGet.targets" from project "/Users/dacanetdev/Dev/AIGenerated/RoadmapSkills/src/Modules/Users/DeventSoft.RoadmapSkills.Users.Api/DeventSoft.RoadmapSkills.Users.Api.csproj" (entry point):
   7:2>Using "MSBuild" task from assembly "Microsoft.Build.Tasks.Core, Version=15.1.0.0, Culture=neutral, PublicKeyToken=b03f5f7f11d50a3a".
   4:2>_GenerateRestoreProjectPathWalk:
           _RestoreSolutionFileUsed=true
   8:2>Done building target "_GenerateRestoreProjectPathWalk" in project "DeventSoft.RoadmapSkills.BlazorApp.csproj".
   3:2>_GenerateRestoreProjectPathWalk:
           SolutionPath=/Users/dacanetdev/Dev/AIGenerated/RoadmapSkills/RoadmapSkills.sln
   8:2>Done Building Project "/Users/dacanetdev/Dev/AIGenerated/RoadmapSkills/src/DeventSoft.RoadmapSkills.BlazorApp/DeventSoft.RoadmapSkills.BlazorApp.csproj" (_GenerateRestoreProjectPathWalk target(s)).
   5:2>Task "RemoveDuplicates"
   3:2>_GenerateRestoreProjectPathWalk:
           SolutionExt=.sln
   6:2>Done Building Project "/Users/dacanetdev/Dev/AIGenerated/RoadmapSkills/src/DeventSoft.RoadmapSkills.Api/DeventSoft.RoadmapSkills.Api.csproj" (_GenerateRestoreProjectPathWalk target(s)).
   5:2>Done executing task "RemoveDuplicates".
   2:2>Done executing task "RemoveDuplicates".
   5:2>Done building target "_GenerateRestoreProjectPathWalk" in project "DeventSoft.RoadmapSkills.Users.UnitTests.csproj".
   2:2>Done building target "_GenerateRestoreProjectPathWalk" in project "DeventSoft.RoadmapSkills.Users.IntegrationTests.csproj".
   4:2>_GenerateRestoreProjectPathWalk:
           SolutionDir=/Users/dacanetdev/Dev/AIGenerated/RoadmapSkills/
   7:2>Task "MSBuild"
   5:2>Done Building Project "/Users/dacanetdev/Dev/AIGenerated/RoadmapSkills/tests/Modules/Users/DeventSoft.RoadmapSkills.Users.UnitTests/DeventSoft.RoadmapSkills.Users.UnitTests.csproj" (_GenerateRestoreProjectPathWalk target(s)).
   4:2>_GenerateRestoreProjectPathWalk:
           SolutionName=RoadmapSkills
   7:2>_GenerateRestoreProjectPathWalk:
         Global Properties:
   4:2>_GenerateRestoreProjectPathWalk:
           SolutionFileName=RoadmapSkills.sln
   7:2>_GenerateRestoreProjectPathWalk:
           ExcludeRestorePackageImports=true
   2:2>Done Building Project "/Users/dacanetdev/Dev/AIGenerated/RoadmapSkills/tests/Modules/Users/DeventSoft.RoadmapSkills.Users.IntegrationTests/DeventSoft.RoadmapSkills.Users.IntegrationTests.csproj" (_GenerateRestoreProjectPathWalk target(s)).
   4:2>_GenerateRestoreProjectPathWalk:
           SolutionPath=/Users/dacanetdev/Dev/AIGenerated/RoadmapSkills/RoadmapSkills.sln
   7:2>_GenerateRestoreProjectPathWalk:
           _RestoreSolutionFileUsed=true
   4:2>_GenerateRestoreProjectPathWalk:
           SolutionExt=.sln
   7:2>_GenerateRestoreProjectPathWalk:
           SolutionDir=/Users/dacanetdev/Dev/AIGenerated/RoadmapSkills/
           SolutionName=RoadmapSkills
           SolutionFileName=RoadmapSkills.sln
           SolutionPath=/Users/dacanetdev/Dev/AIGenerated/RoadmapSkills/RoadmapSkills.sln
           SolutionExt=.sln
   9:2>Target "_GenerateRestoreProjectPathItemsPerFramework" in file "/usr/local/share/dotnet/sdk/9.0.200/NuGet.targets" from project "/Users/dacanetdev/Dev/AIGenerated/RoadmapSkills/src/Modules/Users/DeventSoft.RoadmapSkills.Users.Domain/DeventSoft.RoadmapSkills.Users.Domain.csproj" (target "_GenerateRestoreProjectPathItemsCurrentProject" depends on it):
   9:2>Using "ConvertToAbsolutePath" task from assembly "Microsoft.Build.Tasks.Core, Version=15.1.0.0, Culture=neutral, PublicKeyToken=b03f5f7f11d50a3a".
       Task "ConvertToAbsolutePath"
       Done executing task "ConvertToAbsolutePath".
   9:2>Done building target "_GenerateRestoreProjectPathItemsPerFramework" in project "DeventSoft.RoadmapSkills.Users.Domain.csproj".
   9:2>Target "_GenerateRestoreProjectPathItemsCurrentProject" in file "/usr/local/share/dotnet/sdk/9.0.200/NuGet.targets" from project "/Users/dacanetdev/Dev/AIGenerated/RoadmapSkills/src/Modules/Users/DeventSoft.RoadmapSkills.Users.Domain/DeventSoft.RoadmapSkills.Users.Domain.csproj" (target "_GenerateRestoreProjectPathItems" depends on it):
   9:2>Done building target "_GenerateRestoreProjectPathItemsCurrentProject" in project "DeventSoft.RoadmapSkills.Users.Domain.csproj".
   9:2>Target "_GenerateRestoreProjectPathItems" in file "/usr/local/share/dotnet/sdk/9.0.200/NuGet.targets" from project "/Users/dacanetdev/Dev/AIGenerated/RoadmapSkills/src/Modules/Users/DeventSoft.RoadmapSkills.Users.Domain/DeventSoft.RoadmapSkills.Users.Domain.csproj" (target "_GenerateRestoreProjectPathWalk" depends on it):
       Using "RemoveDuplicates" task from assembly "Microsoft.Build.Tasks.Core, Version=15.1.0.0, Culture=neutral, PublicKeyToken=b03f5f7f11d50a3a".
       Task "RemoveDuplicates"
       Done executing task "RemoveDuplicates".
   9:2>Done building target "_GenerateRestoreProjectPathItems" in project "DeventSoft.RoadmapSkills.Users.Domain.csproj".
   9:2>Target "_GenerateRestoreProjectPathWalk" in file "/usr/local/share/dotnet/sdk/9.0.200/NuGet.targets" from project "/Users/dacanetdev/Dev/AIGenerated/RoadmapSkills/src/Modules/Users/DeventSoft.RoadmapSkills.Users.Domain/DeventSoft.RoadmapSkills.Users.Domain.csproj" (entry point):
       Using "MSBuild" task from assembly "Microsoft.Build.Tasks.Core, Version=15.1.0.0, Culture=neutral, PublicKeyToken=b03f5f7f11d50a3a".
       Task "MSBuild"
         Global Properties:
           ExcludeRestorePackageImports=true
           _RestoreSolutionFileUsed=true
           SolutionDir=/Users/dacanetdev/Dev/AIGenerated/RoadmapSkills/
           SolutionName=RoadmapSkills
           SolutionFileName=RoadmapSkills.sln
           SolutionPath=/Users/dacanetdev/Dev/AIGenerated/RoadmapSkills/RoadmapSkills.sln
           SolutionExt=.sln
     0>/usr/local/share/dotnet/sdk/9.0.200/Sdks/Microsoft.NET.Sdk/Sdk/Sdk.props(49,11): message : Property 'MSBuildExtensionsPath' with value '/usr/local/share/dotnet/sdk/9.0.200/' expanded from the environment.
       Property reassignment: $(MSBuildProjectExtensionsPath)="/Users/dacanetdev/Dev/AIGenerated/RoadmapSkills/src/Shared/DeventSoft.RoadmapSkills.Shared.Domain/obj/" (previous value: "obj\") at /usr/local/share/dotnet/sdk/9.0.200/Current/Microsoft.Common.props (60,5)
       /usr/local/share/dotnet/sdk/9.0.200/Current/Microsoft.Common.props(84,119): message : Property 'MSBuildUserExtensionsPath' with value '/Users/dacanetdev/Library/Application Support/Microsoft\MSBuild' expanded from the environment.
       The "Configuration" property is a global property, and cannot be modified.
       The "Platform" property is a global property, and cannot be modified.
       The "Configuration" property is a global property, and cannot be modified.
       The "Platform" property is a global property, and cannot be modified.
       Property reassignment: $(AssemblySearchPaths)="{CandidateAssemblyFiles};{HintPathFromItem}" (previous value: "{CandidateAssemblyFiles}") at /usr/local/share/dotnet/sdk/9.0.200/Sdks/Microsoft.NET.Sdk/targets/Microsoft.NET.Sdk.props (90,5)
       Property reassignment: $(AssemblySearchPaths)="{CandidateAssemblyFiles};{HintPathFromItem};{TargetFrameworkDirectory}" (previous value: "{CandidateAssemblyFiles};{HintPathFromItem}") at /usr/local/share/dotnet/sdk/9.0.200/Sdks/Microsoft.NET.Sdk/targets/Microsoft.NET.Sdk.props (91,5)
       Property reassignment: $(AssemblySearchPaths)="{CandidateAssemblyFiles};{HintPathFromItem};{TargetFrameworkDirectory};{RawFileName}" (previous value: "{CandidateAssemblyFiles};{HintPathFromItem};{TargetFrameworkDirectory}") at /usr/local/share/dotnet/sdk/9.0.200/Sdks/Microsoft.NET.Sdk/targets/Microsoft.NET.Sdk.props (92,5)
       Property reassignment: $(TargetsForTfmSpecificContentInPackage)=";PackTool;_PackProjectToolValidation" (previous value: ";PackTool") at /usr/local/share/dotnet/sdk/9.0.200/Sdks/Microsoft.NET.Sdk/targets/Microsoft.NET.PackProjectTool.props (15,5)
       The "Configuration" property is a global property, and cannot be modified.
       The "Platform" property is a global property, and cannot be modified.
       Property reassignment: $(PublishProfileImported)="false" (previous value: "true") at /usr/local/share/dotnet/sdk/9.0.200/Sdks/Microsoft.NET.Sdk/targets/Microsoft.NET.Sdk.ImportPublishProfile.targets (28,5)
       Property reassignment: $(TargetPlatformVersion)="" (previous value: "0.0") at /usr/local/share/dotnet/sdk/9.0.200/Sdks/Microsoft.NET.Sdk/targets/Microsoft.NET.TargetFrameworkInference.targets (69,5)
       Property reassignment: $(DefaultItemExcludes)=";bin\Debug//**;obj\Debug//**" (previous value: ";bin\Debug//**") at /usr/local/share/dotnet/sdk/9.0.200/Sdks/Microsoft.NET.Sdk/targets/Microsoft.NET.DefaultOutputPaths.targets (122,5)
       Property reassignment: $(OutputPath)="bin\Debug/net8.0/" (previous value: "bin\Debug/") at /usr/local/share/dotnet/sdk/9.0.200/Sdks/Microsoft.NET.Sdk/targets/Microsoft.NET.DefaultOutputPaths.targets (137,5)
       Property reassignment: $(IntermediateOutputPath)="obj\Debug/net8.0/" (previous value: "obj\Debug/") at /usr/local/share/dotnet/sdk/9.0.200/Sdks/Microsoft.NET.Sdk/targets/Microsoft.NET.DefaultOutputPaths.targets (142,5)
       Property reassignment: $(_FrameworkIdentifierForImplicitDefine)="NET" (previous value: "NETCOREAPP") at /usr/local/share/dotnet/sdk/9.0.200/Sdks/Microsoft.NET.Sdk/targets/Microsoft.NET.Sdk.BeforeCommon.targets (187,5)
       Property reassignment: $(_FrameworkVersionForImplicitDefine)="8_0" (previous value: "8.0") at /usr/local/share/dotnet/sdk/9.0.200/Sdks/Microsoft.NET.Sdk/targets/Microsoft.NET.Sdk.BeforeCommon.targets (192,5)
       Property reassignment: $(CommandLineArgsForDesignTimeEvaluation)="-langversion:12.0 -define:TRACE" (previous value: "-langversion:12.0") at /usr/local/share/dotnet/sdk/9.0.200/Roslyn/Microsoft.CSharp.Core.targets (200,5)
       The "Platform" property is a global property, and cannot be modified.
       The "Configuration" property is a global property, and cannot be modified.
       Property reassignment: $(_DebugSymbolsProduced)="true" (previous value: "false") at /usr/local/share/dotnet/sdk/9.0.200/Microsoft.Common.CurrentVersion.targets (175,5)
       Property reassignment: $(_DocumentationFileProduced)="false" (previous value: "true") at /usr/local/share/dotnet/sdk/9.0.200/Microsoft.Common.CurrentVersion.targets (185,5)
       The "SolutionName" property is a global property, and cannot be modified.
       The "SolutionFileName" property is a global property, and cannot be modified.
       The "SolutionPath" property is a global property, and cannot be modified.
       The "SolutionDir" property is a global property, and cannot be modified.
       The "SolutionExt" property is a global property, and cannot be modified.
       Property reassignment: $(MSBuildCopyMarkerName)="DeventSo.56CE3848" (previous value: "DeventSoft.RoadmapSkills.Shared.Domain.csproj") at /usr/local/share/dotnet/sdk/9.0.200/Microsoft.Common.CurrentVersion.targets (392,5)
       Property reassignment: $(MSBuildCopyMarkerName)="DeventSo.56CE3848.Up2Date" (previous value: "DeventSo.56CE3848") at /usr/local/share/dotnet/sdk/9.0.200/Microsoft.Common.CurrentVersion.targets (393,5)
       Property reassignment: $(ProcessorArchitecture)="msil" (previous value: "") at /usr/local/share/dotnet/sdk/9.0.200/Microsoft.Common.CurrentVersion.targets (541,5)
       Property reassignment: $(DelaySign)="" (previous value: "false") at /usr/local/share/dotnet/sdk/9.0.200/Microsoft.Common.CurrentVersion.targets (580,5)
       /usr/local/share/dotnet/sdk/9.0.200/Microsoft.Common.CurrentVersion.targets(2590,5): message : Property 'LocalAppData' with value '/Users/dacanetdev/Library/Application Support' expanded from the environment.
       Property reassignment: $(_SGenGenerateSerializationAssembliesConfig)="Auto" (previous value: "") at /usr/local/share/dotnet/sdk/9.0.200/Microsoft.Common.CurrentVersion.targets (3916,5)
       Property reassignment: $(_SGenGenerateSerializationAssembliesConfig)="Off" (previous value: "Auto") at /usr/local/share/dotnet/sdk/9.0.200/Microsoft.Common.CurrentVersion.targets (3917,5)
       Property reassignment: $(_TargetsThatPrepareProjectReferences)="
             AssignProjectConfiguration;
             _SplitProjectReferencesByFileExistence
           " (previous value: "_SplitProjectReferencesByFileExistence") at /usr/local/share/dotnet/sdk/9.0.200/Microsoft.Common.CurrentVersion.targets (5128,5)
       /usr/local/share/dotnet/sdk/9.0.200/Microsoft.Common.CurrentVersion.targets(6923,5): message : Property 'MSBuildExtensionsPath32' with value '/usr/local/share/dotnet/sdk/9.0.200' expanded from the environment.
       The "_RestoreSolutionFileUsed" property is a global property, and cannot be modified.
       Property reassignment: $(_GenerateRestoreGraphProjectEntryInputProperties)="
             ExcludeRestorePackageImports=true;
             _RestoreSolutionFileUsed=true;
             SolutionDir=/Users/dacanetdev/Dev/AIGenerated/RoadmapSkills/;
             SolutionName=RoadmapSkills;
             SolutionFileName=RoadmapSkills.sln;
             SolutionPath=/Users/dacanetdev/Dev/AIGenerated/RoadmapSkills/RoadmapSkills.sln;
             SolutionExt=.sln;
           " (previous value: "ExcludeRestorePackageImports=true") at /usr/local/share/dotnet/sdk/9.0.200/NuGet.targets (101,5)
       Property reassignment: $(ProjectAssetsFile)="/Users/dacanetdev/Dev/AIGenerated/RoadmapSkills/src/Shared/DeventSoft.RoadmapSkills.Shared.Domain/obj/project.assets.json" (previous value: "/Users/dacanetdev/Dev/AIGenerated/RoadmapSkills/src/Shared/DeventSoft.RoadmapSkills.Shared.Domain/obj//project.assets.json") at /usr/local/share/dotnet/sdk/9.0.200/Sdks/Microsoft.NET.Sdk/targets/Microsoft.PackageDependencyResolution.targets (24,5)
       Property reassignment: $(ProjectAssetsCacheFile)="/Users/dacanetdev/Dev/AIGenerated/RoadmapSkills/src/Shared/DeventSoft.RoadmapSkills.Shared.Domain/obj/Debug/net8.0/DeventSoft.RoadmapSkills.Shared.Domain.assets.cache" (previous value: "obj\Debug/net8.0/DeventSoft.RoadmapSkills.Shared.Domain.assets.cache") at /usr/local/share/dotnet/sdk/9.0.200/Sdks/Microsoft.NET.Sdk/targets/Microsoft.PackageDependencyResolution.targets (29,5)
       Property reassignment: $(ResolveAssemblyReferencesDependsOn)="
             
             ResolveProjectReferences;
             FindInvalidProjectReferences;
             GetFrameworkPaths;
             GetReferenceAssemblyPaths;
             PrepareForBuild;
             ResolveSDKReferences;
             ExpandSDKReferences;
           ;
             ResolvePackageDependenciesForBuild;
             _HandlePackageFileConflicts;
           " (previous value: "
             ResolveProjectReferences;
             FindInvalidProjectReferences;
             GetFrameworkPaths;
             GetReferenceAssemblyPaths;
             PrepareForBuild;
             ResolveSDKReferences;
             ExpandSDKReferences;
           ") at /usr/local/share/dotnet/sdk/9.0.200/Sdks/Microsoft.NET.Sdk/targets/Microsoft.PackageDependencyResolution.targets (80,5)
       Property reassignment: $(PrepareResourcesDependsOn)="
             ResolvePackageDependenciesForBuild;
             _HandlePackageFileConflicts;
             
             ;
             PrepareResourceNames;
             ResGen;
             CompileLicxFiles
           
           " (previous value: "
             ;
             PrepareResourceNames;
             ResGen;
             CompileLicxFiles
           ") at /usr/local/share/dotnet/sdk/9.0.200/Sdks/Microsoft.NET.Sdk/targets/Microsoft.PackageDependencyResolution.targets (86,5)
       Property reassignment: $(DefaultItemExcludes)=";bin\Debug//**;obj\Debug//**;bin\/**" (previous value: ";bin\Debug//**;obj\Debug//**") at /usr/local/share/dotnet/sdk/9.0.200/Sdks/Microsoft.NET.Sdk/targets/Microsoft.NET.Sdk.DefaultItems.targets (27,5)
       Property reassignment: $(DefaultItemExcludes)=";bin\Debug//**;obj\Debug//**;bin\/**;obj\/**" (previous value: ";bin\Debug//**;obj\Debug//**;bin\/**") at /usr/local/share/dotnet/sdk/9.0.200/Sdks/Microsoft.NET.Sdk/targets/Microsoft.NET.Sdk.DefaultItems.targets (29,5)
       Property reassignment: $(DefaultItemExcludes)=";bin\Debug//**;obj\Debug//**;bin\/**;obj\/**;**/*.user" (previous value: ";bin\Debug//**;obj\Debug//**;bin\/**;obj\/**") at /usr/local/share/dotnet/sdk/9.0.200/Sdks/Microsoft.NET.Sdk/targets/Microsoft.NET.Sdk.DefaultItems.targets (32,5)
       Property reassignment: $(DefaultItemExcludes)=";bin\Debug//**;obj\Debug//**;bin\/**;obj\/**;**/*.user;**/*.*proj" (previous value: ";bin\Debug//**;obj\Debug//**;bin\/**;obj\/**;**/*.user") at /usr/local/share/dotnet/sdk/9.0.200/Sdks/Microsoft.NET.Sdk/targets/Microsoft.NET.Sdk.DefaultItems.targets (33,5)
       Property reassignment: $(DefaultItemExcludes)=";bin\Debug//**;obj\Debug//**;bin\/**;obj\/**;**/*.user;**/*.*proj;**/*.sln" (previous value: ";bin\Debug//**;obj\Debug//**;bin\/**;obj\/**;**/*.user;**/*.*proj") at /usr/local/share/dotnet/sdk/9.0.200/Sdks/Microsoft.NET.Sdk/targets/Microsoft.NET.Sdk.DefaultItems.targets (34,5)
       Property reassignment: $(DefaultItemExcludes)=";bin\Debug//**;obj\Debug//**;bin\/**;obj\/**;**/*.user;**/*.*proj;**/*.sln;**/*.vssscc" (previous value: ";bin\Debug//**;obj\Debug//**;bin\/**;obj\/**;**/*.user;**/*.*proj;**/*.sln") at /usr/local/share/dotnet/sdk/9.0.200/Sdks/Microsoft.NET.Sdk/targets/Microsoft.NET.Sdk.DefaultItems.targets (35,5)
       Property reassignment: $(DefaultItemExcludes)=";bin\Debug//**;obj\Debug//**;bin\/**;obj\/**;**/*.user;**/*.*proj;**/*.sln;**/*.vssscc;**/.DS_Store" (previous value: ";bin\Debug//**;obj\Debug//**;bin\/**;obj\/**;**/*.user;**/*.*proj;**/*.sln;**/*.vssscc") at /usr/local/share/dotnet/sdk/9.0.200/Sdks/Microsoft.NET.Sdk/targets/Microsoft.NET.Sdk.DefaultItems.targets (36,5)
       Property reassignment: $(ResolveAssemblyReferencesDependsOn)="
             
             
             ResolveProjectReferences;
             FindInvalidProjectReferences;
             GetFrameworkPaths;
             GetReferenceAssemblyPaths;
             PrepareForBuild;
             ResolveSDKReferences;
             ExpandSDKReferences;
           ;
             ResolvePackageDependenciesForBuild;
             _HandlePackageFileConflicts;
           ;
             ResolveTargetingPackAssets;
           " (previous value: "
             
             ResolveProjectReferences;
             FindInvalidProjectReferences;
             GetFrameworkPaths;
             GetReferenceAssemblyPaths;
             PrepareForBuild;
             ResolveSDKReferences;
             ExpandSDKReferences;
           ;
             ResolvePackageDependenciesForBuild;
             _HandlePackageFileConflicts;
           ") at /usr/local/share/dotnet/sdk/9.0.200/Sdks/Microsoft.NET.Sdk/targets/Microsoft.NET.Sdk.FrameworkReferenceResolution.targets (14,5)
       Property reassignment: $(_GenerateRuntimeConfigurationPropertyInputsCache)="/Users/dacanetdev/Dev/AIGenerated/RoadmapSkills/src/Shared/DeventSoft.RoadmapSkills.Shared.Domain/obj/Debug/net8.0/DeventSoft.RoadmapSkills.Shared.Domain.genruntimeconfig.cache" (previous value: "obj\Debug/net8.0/DeventSoft.RoadmapSkills.Shared.Domain.genruntimeconfig.cache") at /usr/local/share/dotnet/sdk/9.0.200/Sdks/Microsoft.NET.Sdk/targets/Microsoft.NET.Sdk.targets (44,5)
       Property reassignment: $(_GeneratePublishDependencyFilePropertyInputsCache)="/Users/dacanetdev/Dev/AIGenerated/RoadmapSkills/src/Shared/DeventSoft.RoadmapSkills.Shared.Domain/obj/Debug/net8.0/DeventSoft.RoadmapSkills.Shared.Domain.genpublishdeps.cache" (previous value: "obj\Debug/net8.0/DeventSoft.RoadmapSkills.Shared.Domain.genpublishdeps.cache") at /usr/local/share/dotnet/sdk/9.0.200/Sdks/Microsoft.NET.Sdk/targets/Microsoft.NET.Sdk.targets (46,5)
       Property reassignment: $(_GenerateSingleFileBundlePropertyInputsCache)="/Users/dacanetdev/Dev/AIGenerated/RoadmapSkills/src/Shared/DeventSoft.RoadmapSkills.Shared.Domain/obj/Debug/net8.0/DeventSoft.RoadmapSkills.Shared.Domain.genbundle.cache" (previous value: "obj\Debug/net8.0/DeventSoft.RoadmapSkills.Shared.Domain.genbundle.cache") at /usr/local/share/dotnet/sdk/9.0.200/Sdks/Microsoft.NET.Sdk/targets/Microsoft.NET.Sdk.targets (48,5)
       Property reassignment: $(GenerateRuntimeConfigDevFile)="false" (previous value: "true") at /usr/local/share/dotnet/sdk/9.0.200/Sdks/Microsoft.NET.Sdk/targets/Microsoft.NET.Sdk.targets (81,5)
       /usr/local/share/dotnet/sdk/9.0.200/Sdks/Microsoft.NET.Sdk/targets/Microsoft.NET.Sdk.targets(96,5): message : Property 'HOME' with value '/Users/dacanetdev' expanded from the environment.
       Property reassignment: $(_DefaultUserProfileRuntimeStorePath)="/Users/dacanetdev/.dotnet/store" (previous value: "/Users/dacanetdev") at /usr/local/share/dotnet/sdk/9.0.200/Sdks/Microsoft.NET.Sdk/targets/Microsoft.NET.Sdk.targets (98,5)
       Property reassignment: $(AvailablePlatforms)="Any CPU,x86,x64,ARM32" (previous value: "Any CPU,x86,x64") at /usr/local/share/dotnet/sdk/9.0.200/Sdks/Microsoft.NET.Sdk/targets/Microsoft.NET.Sdk.targets (140,5)
       Property reassignment: $(AvailablePlatforms)="Any CPU,x86,x64,ARM32,ARM64" (previous value: "Any CPU,x86,x64,ARM32") at /usr/local/share/dotnet/sdk/9.0.200/Sdks/Microsoft.NET.Sdk/targets/Microsoft.NET.Sdk.targets (144,5)
       Property reassignment: $(CoreBuildDependsOn)="
             _CheckForBuildWithNoBuild;
             
             BuildOnlySettings;
             PrepareForBuild;
             PreBuildEvent;
             ResolveReferences;
             PrepareResources;
             ResolveKeySource;
             Compile;
             ExportWindowsMDFile;
             UnmanagedUnregistration;
             GenerateSerializationAssemblies;
             CreateSatelliteAssemblies;
             GenerateManifests;
             GetTargetPath;
             PrepareForRun;
             UnmanagedRegistration;
             IncrementalClean;
             PostBuildEvent
           ;
             GenerateBuildDependencyFile;
             GenerateBuildRuntimeConfigurationFiles
           " (previous value: "
             BuildOnlySettings;
             PrepareForBuild;
             PreBuildEvent;
             ResolveReferences;
             PrepareResources;
             ResolveKeySource;
             Compile;
             ExportWindowsMDFile;
             UnmanagedUnregistration;
             GenerateSerializationAssemblies;
             CreateSatelliteAssemblies;
             GenerateManifests;
             GetTargetPath;
             PrepareForRun;
             UnmanagedRegistration;
             IncrementalClean;
             PostBuildEvent
           ") at /usr/local/share/dotnet/sdk/9.0.200/Sdks/Microsoft.NET.Sdk/targets/Microsoft.NET.Sdk.targets (201,5)
       Property reassignment: $(CoreCleanDependsOn)="
             _SdkBeforeClean;
             
           " (previous value: "") at /usr/local/share/dotnet/sdk/9.0.200/Sdks/Microsoft.NET.Sdk/targets/Microsoft.NET.Sdk.targets (210,5)
       Property reassignment: $(RebuildDependsOn)="
             _SdkBeforeRebuild;
             
             BeforeRebuild;
             Clean;
             Build;
             AfterRebuild;
           
           " (previous value: "
             BeforeRebuild;
             Clean;
             Build;
             AfterRebuild;
           ") at /usr/local/share/dotnet/sdk/9.0.200/Sdks/Microsoft.NET.Sdk/targets/Microsoft.NET.Sdk.targets (217,5)
       Property reassignment: $(CompileDependsOn)="
             
             ResolveReferences;
             ResolveKeySource;
             SetWin32ManifestProperties;
             _SetPreferNativeArm64Win32ManifestProperties;
             FindReferenceAssembliesForReferences;
             _GenerateCompileInputs;
             BeforeCompile;
             _TimeStampBeforeCompile;
             _GenerateCompileDependencyCache;
             CoreCompile;
             _TimeStampAfterCompile;
             AfterCompile;
           ;
             _CreateAppHost;
             _CreateComHost;
             _GetIjwHostPaths;
           " (previous value: "
             ResolveReferences;
             ResolveKeySource;
             SetWin32ManifestProperties;
             _SetPreferNativeArm64Win32ManifestProperties;
             FindReferenceAssembliesForReferences;
             _GenerateCompileInputs;
             BeforeCompile;
             _TimeStampBeforeCompile;
             _GenerateCompileDependencyCache;
             CoreCompile;
             _TimeStampAfterCompile;
             AfterCompile;
           ") at /usr/local/share/dotnet/sdk/9.0.200/Sdks/Microsoft.NET.Sdk/targets/Microsoft.NET.Sdk.targets (784,5)
       Property reassignment: $(CreateSatelliteAssembliesDependsOn)="
             
             ;
             _GenerateSatelliteAssemblyInputs;
             ComputeIntermediateSatelliteAssemblies;
             GenerateSatelliteAssemblies
           ;
             CoreGenerateSatelliteAssemblies
           " (previous value: "
             ;
             _GenerateSatelliteAssemblyInputs;
             ComputeIntermediateSatelliteAssemblies;
             GenerateSatelliteAssemblies
           ") at /usr/local/share/dotnet/sdk/9.0.200/Sdks/Microsoft.NET.Sdk/targets/Microsoft.NET.Sdk.targets (1184,5)
       Property reassignment: $(SourceLinkUrlInitializerTargets)=";_InitializeGitHubSourceLinkUrl;_InitializeGitLabSourceLinkUrl" (previous value: ";_InitializeGitHubSourceLinkUrl") at /usr/local/share/dotnet/sdk/9.0.200/Sdks/Microsoft.SourceLink.GitLab/build/Microsoft.SourceLink.GitLab.targets (12,5)
       Property reassignment: $(SourceControlManagerUrlTranslationTargets)=";TranslateGitHubUrlsInSourceControlInformation;TranslateGitLabUrlsInSourceControlInformation" (previous value: ";TranslateGitHubUrlsInSourceControlInformation") at /usr/local/share/dotnet/sdk/9.0.200/Sdks/Microsoft.SourceLink.GitLab/build/Microsoft.SourceLink.GitLab.targets (13,5)
       Property reassignment: $(SourceLinkUrlInitializerTargets)=";_InitializeGitHubSourceLinkUrl;_InitializeGitLabSourceLinkUrl;_InitializeAzureReposGitSourceLinkUrl" (previous value: ";_InitializeGitHubSourceLinkUrl;_InitializeGitLabSourceLinkUrl") at /usr/local/share/dotnet/sdk/9.0.200/Sdks/Microsoft.SourceLink.AzureRepos.Git/build/Microsoft.SourceLink.AzureRepos.Git.targets (12,5)
       Property reassignment: $(SourceControlManagerUrlTranslationTargets)=";TranslateGitHubUrlsInSourceControlInformation;TranslateGitLabUrlsInSourceControlInformation;TranslateAzureReposGitUrlsInSourceControlInformation" (previous value: ";TranslateGitHubUrlsInSourceControlInformation;TranslateGitLabUrlsInSourceControlInformation") at /usr/local/share/dotnet/sdk/9.0.200/Sdks/Microsoft.SourceLink.AzureRepos.Git/build/Microsoft.SourceLink.AzureRepos.Git.targets (13,5)
       Property reassignment: $(SourceLinkUrlInitializerTargets)=";_InitializeGitHubSourceLinkUrl;_InitializeGitLabSourceLinkUrl;_InitializeAzureReposGitSourceLinkUrl;_InitializeBitbucketGitSourceLinkUrl" (previous value: ";_InitializeGitHubSourceLinkUrl;_InitializeGitLabSourceLinkUrl;_InitializeAzureReposGitSourceLinkUrl") at /usr/local/share/dotnet/sdk/9.0.200/Sdks/Microsoft.SourceLink.Bitbucket.Git/build/Microsoft.SourceLink.Bitbucket.Git.targets (12,5)
       Property reassignment: $(SourceControlManagerUrlTranslationTargets)=";TranslateGitHubUrlsInSourceControlInformation;TranslateGitLabUrlsInSourceControlInformation;TranslateAzureReposGitUrlsInSourceControlInformation;TranslateBitbucketGitUrlsInSourceControlInformation" (previous value: ";TranslateGitHubUrlsInSourceControlInformation;TranslateGitLabUrlsInSourceControlInformation;TranslateAzureReposGitUrlsInSourceControlInformation") at /usr/local/share/dotnet/sdk/9.0.200/Sdks/Microsoft.SourceLink.Bitbucket.Git/build/Microsoft.SourceLink.Bitbucket.Git.targets (13,5)
       Property reassignment: $(DesignerRuntimeImplementationProjectOutputGroupDependsOn)="
             
             ;
             
             ;
             BuildOnlySettings;
             PrepareForBuild;
             AssignTargetPaths;
             ResolveReferences
           
           ;
             _GenerateDesignerDepsFile;
             _GenerateDesignerRuntimeConfigFile;
             GetCopyToOutputDirectoryItems;
             _GatherDesignerShadowCopyFiles;
           " (previous value: "
             ;
             
             ;
             BuildOnlySettings;
             PrepareForBuild;
             AssignTargetPaths;
             ResolveReferences
           
           ") at /usr/local/share/dotnet/sdk/9.0.200/Sdks/Microsoft.NET.Sdk/targets/Microsoft.NET.DesignerSupport.targets (21,5)
       Property reassignment: $(_GenerateToolsSettingsFileCacheFile)="/Users/dacanetdev/Dev/AIGenerated/RoadmapSkills/src/Shared/DeventSoft.RoadmapSkills.Shared.Domain/obj/Debug/net8.0/DeventSoft.RoadmapSkills.Shared.Domain.toolssettingsinput.cache" (previous value: "obj\Debug/net8.0/DeventSoft.RoadmapSkills.Shared.Domain.toolssettingsinput.cache") at /usr/local/share/dotnet/sdk/9.0.200/Sdks/Microsoft.NET.Sdk/targets/Microsoft.NET.PackTool.targets (68,5)
       Property reassignment: $(_ShimInputCacheFile)="/Users/dacanetdev/Dev/AIGenerated/RoadmapSkills/src/Shared/DeventSoft.RoadmapSkills.Shared.Domain/obj/Debug/net8.0/DeventSoft.RoadmapSkills.Shared.Domain.shiminput.cache" (previous value: "obj\Debug/net8.0/DeventSoft.RoadmapSkills.Shared.Domain.shiminput.cache") at /usr/local/share/dotnet/sdk/9.0.200/Sdks/Microsoft.NET.Sdk/targets/Microsoft.NET.PackTool.targets (137,5)
       Property reassignment: $(_ShimCreatedSentinelFile)="/Users/dacanetdev/Dev/AIGenerated/RoadmapSkills/src/Shared/DeventSoft.RoadmapSkills.Shared.Domain/obj/Debug/net8.0/DeventSoft.RoadmapSkills.Shared.Domain.shimcreated.sentinel" (previous value: "obj\Debug/net8.0/DeventSoft.RoadmapSkills.Shared.Domain.shimcreated.sentinel") at /usr/local/share/dotnet/sdk/9.0.200/Sdks/Microsoft.NET.Sdk/targets/Microsoft.NET.PackTool.targets (139,5)
       Property reassignment: $(DefineConstants)="TRACE;DEBUG" (previous value: "TRACE") at /usr/local/share/dotnet/sdk/9.0.200/Sdks/Microsoft.NET.Sdk/targets/Microsoft.NET.Sdk.CSharp.targets (31,5)
       Property reassignment: $(DefineConstants)="TRACE;DEBUG;NET;NET8_0;NETCOREAPP" (previous value: "TRACE;DEBUG") at /usr/local/share/dotnet/sdk/9.0.200/Sdks/Microsoft.NET.Sdk/targets/Microsoft.NET.Sdk.CSharp.targets (34,5)
       Property reassignment: $(WarningsAsErrors)=";NU1605;SYSLIB0011" (previous value: ";NU1605") at /usr/local/share/dotnet/sdk/9.0.200/Sdks/Microsoft.NET.Sdk/targets/Microsoft.NET.Sdk.CSharp.targets (48,5)
       Property reassignment: $(PackageDescription)="Package Description" (previous value: "") at /usr/local/share/dotnet/sdk/9.0.200/Sdks/NuGet.Build.Tasks.Pack/build/NuGet.Build.Tasks.Pack.targets (34,5)
       Property reassignment: $(GenerateNuspecDependsOn)="Build;_LoadPackInputItems; _GetTargetFrameworksOutput; _WalkEachTargetPerFramework; _GetPackageFiles; " (previous value: "_LoadPackInputItems; _GetTargetFrameworksOutput; _WalkEachTargetPerFramework; _GetPackageFiles; ") at /usr/local/share/dotnet/sdk/9.0.200/Sdks/NuGet.Build.Tasks.Pack/build/NuGet.Build.Tasks.Pack.targets (59,5)
       Property reassignment: $(_IsNotSetContainersTargetsDir)="true" (previous value: "false") at /usr/local/share/dotnet/sdk/9.0.200/Sdks/Microsoft.NET.Sdk/Sdk/Sdk.targets (60,5)
       Property reassignment: $(_IsSDKContainerAllowedVersion)="true" (previous value: "false") at /usr/local/share/dotnet/sdk/9.0.200/Containers/build/Microsoft.NET.Build.Containers.targets (5,5)
       Property reassignment: $(_ContainerIsTargetingNet8TFM)="true" (previous value: "false") at /usr/local/share/dotnet/sdk/9.0.200/Containers/build/Microsoft.NET.Build.Containers.targets (15,5)
       Overriding target "ResolveFrameworkReferences" in project "/usr/local/share/dotnet/sdk/9.0.200/Microsoft.Common.CurrentVersion.targets" with target "ResolveFrameworkReferences" from project "/usr/local/share/dotnet/sdk/9.0.200/Sdks/Microsoft.NET.Sdk/targets/Microsoft.NET.Sdk.FrameworkReferenceResolution.targets".
       Overriding target "Run" in project "/usr/local/share/dotnet/sdk/9.0.200/Microsoft.Common.CurrentVersion.targets" with target "Run" from project "/usr/local/share/dotnet/sdk/9.0.200/Sdks/Microsoft.NET.Sdk/targets/Microsoft.NET.Sdk.targets".
       Overriding target "GenerateSupportedTargetFrameworkAlias" in project "/usr/local/share/dotnet/sdk/9.0.200/Microsoft.Common.CurrentVersion.targets" with target "GenerateSupportedTargetFrameworkAlias" from project "/usr/local/share/dotnet/sdk/9.0.200/Sdks/Microsoft.NET.Sdk/targets/Microsoft.NET.Sdk.targets".
       Overriding target "GetReferenceAssemblyPaths" in project "/usr/local/share/dotnet/sdk/9.0.200/Microsoft.Common.CurrentVersion.targets" with target "GetReferenceAssemblyPaths" from project "/usr/local/share/dotnet/sdk/9.0.200/Sdks/Microsoft.NET.Sdk/targets/Microsoft.NET.DisableStandardFrameworkResolution.targets".
       Overriding target "GetFrameworkPaths" in project "/usr/local/share/dotnet/sdk/9.0.200/Microsoft.Common.CurrentVersion.targets" with target "GetFrameworkPaths" from project "/usr/local/share/dotnet/sdk/9.0.200/Sdks/Microsoft.NET.Sdk/targets/Microsoft.NET.DisableStandardFrameworkResolution.targets".
       Overriding target "DesignerRuntimeImplementationProjectOutputGroup" in project "/usr/local/share/dotnet/sdk/9.0.200/Microsoft.Common.CurrentVersion.targets" with target "DesignerRuntimeImplementationProjectOutputGroup" from project "/usr/local/share/dotnet/sdk/9.0.200/Sdks/Microsoft.NET.Sdk/targets/Microsoft.NET.DesignerSupport.targets".
       Overriding target "Publish" in project "/usr/local/share/dotnet/sdk/9.0.200/Microsoft.Common.CurrentVersion.targets" with target "Publish" from project "/usr/local/share/dotnet/sdk/9.0.200/Sdks/Microsoft.NET.Sdk/targets/Microsoft.NET.Publish.targets".
       Overriding target "ResolveReadyToRunCompilers" in project "/usr/local/share/dotnet/sdk/9.0.200/Sdks/Microsoft.NET.Sdk/targets/Microsoft.NET.CrossGen.targets" with target "ResolveReadyToRunCompilers" from project "/usr/local/share/dotnet/sdk/9.0.200/Sdks/Microsoft.NET.Sdk/targets/Microsoft.NET.Publish.targets".
       Overriding target "GetCopyToPublishDirectoryItems" in project "/usr/local/share/dotnet/sdk/9.0.200/Microsoft.Common.CurrentVersion.targets" with target "GetCopyToPublishDirectoryItems" from project "/usr/local/share/dotnet/sdk/9.0.200/Sdks/Microsoft.NET.Sdk/targets/Microsoft.NET.Publish.targets".
   9:2>Project "/Users/dacanetdev/Dev/AIGenerated/RoadmapSkills/src/Modules/Users/DeventSoft.RoadmapSkills.Users.Domain/DeventSoft.RoadmapSkills.Users.Domain.csproj" (9:2) is building "/Users/dacanetdev/Dev/AIGenerated/RoadmapSkills/src/Shared/DeventSoft.RoadmapSkills.Shared.Domain/DeventSoft.RoadmapSkills.Shared.Domain.csproj" (10) on node 1 (_GenerateRestoreProjectPathWalk target(s)).
    10>Target "_GenerateRestoreProjectPathItemsAllFrameworks" skipped, due to false condition; ( '$(TargetFrameworks)' != '' ) was evaluated as ( '' != '' ).
    10>Target "_GenerateRestoreProjectPathItemsPerFramework" in file "/usr/local/share/dotnet/sdk/9.0.200/NuGet.targets" from project "/Users/dacanetdev/Dev/AIGenerated/RoadmapSkills/src/Shared/DeventSoft.RoadmapSkills.Shared.Domain/DeventSoft.RoadmapSkills.Shared.Domain.csproj" (target "_GenerateRestoreProjectPathItemsCurrentProject" depends on it):
       Task "ConvertToAbsolutePath"
       Done executing task "ConvertToAbsolutePath".
    10>Done building target "_GenerateRestoreProjectPathItemsPerFramework" in project "DeventSoft.RoadmapSkills.Shared.Domain.csproj".
    10>Target "_GenerateRestoreProjectPathItemsCurrentProject" in file "/usr/local/share/dotnet/sdk/9.0.200/NuGet.targets" from project "/Users/dacanetdev/Dev/AIGenerated/RoadmapSkills/src/Shared/DeventSoft.RoadmapSkills.Shared.Domain/DeventSoft.RoadmapSkills.Shared.Domain.csproj" (target "_GenerateRestoreProjectPathItems" depends on it):
    10>Done building target "_GenerateRestoreProjectPathItemsCurrentProject" in project "DeventSoft.RoadmapSkills.Shared.Domain.csproj".
    10>Target "_GenerateRestoreProjectPathItems" in file "/usr/local/share/dotnet/sdk/9.0.200/NuGet.targets" from project "/Users/dacanetdev/Dev/AIGenerated/RoadmapSkills/src/Shared/DeventSoft.RoadmapSkills.Shared.Domain/DeventSoft.RoadmapSkills.Shared.Domain.csproj" (target "_GenerateRestoreProjectPathWalk" depends on it):
       Task "RemoveDuplicates"
       Done executing task "RemoveDuplicates".
    10>Done building target "_GenerateRestoreProjectPathItems" in project "DeventSoft.RoadmapSkills.Shared.Domain.csproj".
    10>Target "_GenerateRestoreProjectPathWalk" in file "/usr/local/share/dotnet/sdk/9.0.200/NuGet.targets" from project "/Users/dacanetdev/Dev/AIGenerated/RoadmapSkills/src/Shared/DeventSoft.RoadmapSkills.Shared.Domain/DeventSoft.RoadmapSkills.Shared.Domain.csproj" (entry point):
       Task "MSBuild"
       Done executing task "MSBuild".
       Task "MSBuild" skipped, due to false condition; ( '$(RestoreUseSkipNonexistentTargets)' != 'true' ) was evaluated as ( 'true' != 'true' ).
       Task "RemoveDuplicates"
       Done executing task "RemoveDuplicates".
    10>Done building target "_GenerateRestoreProjectPathWalk" in project "DeventSoft.RoadmapSkills.Shared.Domain.csproj".
    10>Done Building Project "/Users/dacanetdev/Dev/AIGenerated/RoadmapSkills/src/Shared/DeventSoft.RoadmapSkills.Shared.Domain/DeventSoft.RoadmapSkills.Shared.Domain.csproj" (_GenerateRestoreProjectPathWalk target(s)).
   9:2>Done executing task "MSBuild".
       Task "MSBuild" skipped, due to false condition; ( '$(RestoreUseSkipNonexistentTargets)' != 'true' ) was evaluated as ( 'true' != 'true' ).
       Task "RemoveDuplicates"
       Done executing task "RemoveDuplicates".
   9:2>Done building target "_GenerateRestoreProjectPathWalk" in project "DeventSoft.RoadmapSkills.Users.Domain.csproj".
   9:2>Done Building Project "/Users/dacanetdev/Dev/AIGenerated/RoadmapSkills/src/Modules/Users/DeventSoft.RoadmapSkills.Users.Domain/DeventSoft.RoadmapSkills.Users.Domain.csproj" (_GenerateRestoreProjectPathWalk target(s)).
   3:2>Project "/Users/dacanetdev/Dev/AIGenerated/RoadmapSkills/src/Modules/Users/DeventSoft.RoadmapSkills.Users.Application/DeventSoft.RoadmapSkills.Users.Application.csproj" (3:2) is building "/Users/dacanetdev/Dev/AIGenerated/RoadmapSkills/src/Modules/Users/DeventSoft.RoadmapSkills.Users.Domain/DeventSoft.RoadmapSkills.Users.Domain.csproj" (9:3) on node 1 (_GenerateRestoreProjectPathWalk target(s)).
   9:3>Target "_GenerateRestoreProjectPathWalk" skipped. Previously built successfully.
   9:3>Done Building Project "/Users/dacanetdev/Dev/AIGenerated/RoadmapSkills/src/Modules/Users/DeventSoft.RoadmapSkills.Users.Domain/DeventSoft.RoadmapSkills.Users.Domain.csproj" (_GenerateRestoreProjectPathWalk target(s)).
   3:2>Done executing task "MSBuild".
       Task "MSBuild" skipped, due to false condition; ( '$(RestoreUseSkipNonexistentTargets)' != 'true' ) was evaluated as ( 'true' != 'true' ).
       Task "RemoveDuplicates"
       Done executing task "RemoveDuplicates".
   3:2>Done building target "_GenerateRestoreProjectPathWalk" in project "DeventSoft.RoadmapSkills.Users.Application.csproj".
   3:2>Done Building Project "/Users/dacanetdev/Dev/AIGenerated/RoadmapSkills/src/Modules/Users/DeventSoft.RoadmapSkills.Users.Application/DeventSoft.RoadmapSkills.Users.Application.csproj" (_GenerateRestoreProjectPathWalk target(s)).
   4:2>Project "/Users/dacanetdev/Dev/AIGenerated/RoadmapSkills/src/Modules/Users/DeventSoft.RoadmapSkills.Users.Infrastructure/DeventSoft.RoadmapSkills.Users.Infrastructure.csproj" (4:2) is building "/Users/dacanetdev/Dev/AIGenerated/RoadmapSkills/src/Modules/Users/DeventSoft.RoadmapSkills.Users.Application/DeventSoft.RoadmapSkills.Users.Application.csproj" (3:3) on node 8 (_GenerateRestoreProjectPathWalk target(s)).
   3:3>Target "_GenerateRestoreProjectPathWalk" skipped. Previously built successfully.
   3:3>Done Building Project "/Users/dacanetdev/Dev/AIGenerated/RoadmapSkills/src/Modules/Users/DeventSoft.RoadmapSkills.Users.Application/DeventSoft.RoadmapSkills.Users.Application.csproj" (_GenerateRestoreProjectPathWalk target(s)).
   4:2>Done executing task "MSBuild".
       Task "MSBuild" skipped, due to false condition; ( '$(RestoreUseSkipNonexistentTargets)' != 'true' ) was evaluated as ( 'true' != 'true' ).
       Task "RemoveDuplicates"
       Done executing task "RemoveDuplicates".
   4:2>Done building target "_GenerateRestoreProjectPathWalk" in project "DeventSoft.RoadmapSkills.Users.Infrastructure.csproj".
   4:2>Done Building Project "/Users/dacanetdev/Dev/AIGenerated/RoadmapSkills/src/Modules/Users/DeventSoft.RoadmapSkills.Users.Infrastructure/DeventSoft.RoadmapSkills.Users.Infrastructure.csproj" (_GenerateRestoreProjectPathWalk target(s)).
   7:2>Project "/Users/dacanetdev/Dev/AIGenerated/RoadmapSkills/src/Modules/Users/DeventSoft.RoadmapSkills.Users.Api/DeventSoft.RoadmapSkills.Users.Api.csproj" (7:2) is building "/Users/dacanetdev/Dev/AIGenerated/RoadmapSkills/src/Modules/Users/DeventSoft.RoadmapSkills.Users.Infrastructure/DeventSoft.RoadmapSkills.Users.Infrastructure.csproj" (4:3) on node 7 (_GenerateRestoreProjectPathWalk target(s)).
   4:3>Target "_GenerateRestoreProjectPathWalk" skipped. Previously built successfully.
   4:3>Done Building Project "/Users/dacanetdev/Dev/AIGenerated/RoadmapSkills/src/Modules/Users/DeventSoft.RoadmapSkills.Users.Infrastructure/DeventSoft.RoadmapSkills.Users.Infrastructure.csproj" (_GenerateRestoreProjectPathWalk target(s)).
   7:2>Done executing task "MSBuild".
       Task "MSBuild" skipped, due to false condition; ( '$(RestoreUseSkipNonexistentTargets)' != 'true' ) was evaluated as ( 'true' != 'true' ).
       Task "RemoveDuplicates"
       Done executing task "RemoveDuplicates".
   7:2>Done building target "_GenerateRestoreProjectPathWalk" in project "DeventSoft.RoadmapSkills.Users.Api.csproj".
   7:2>Done Building Project "/Users/dacanetdev/Dev/AIGenerated/RoadmapSkills/src/Modules/Users/DeventSoft.RoadmapSkills.Users.Api/DeventSoft.RoadmapSkills.Users.Api.csproj" (_GenerateRestoreProjectPathWalk target(s)).
     1>Done executing task "MSBuild".
       Task "MSBuild" skipped, due to false condition; ( '$(RestoreUseSkipNonexistentTargets)' != 'true' ) was evaluated as ( 'true' != 'true' ).
       Task "RemoveDuplicates"
       Done executing task "RemoveDuplicates".
       Task "MSBuild"
         Global Properties:
           ExcludeRestorePackageImports=true
           _RestoreSolutionFileUsed=true
           SolutionDir=/Users/dacanetdev/Dev/AIGenerated/RoadmapSkills/
           SolutionName=RoadmapSkills
           SolutionFileName=RoadmapSkills.sln
           SolutionPath=/Users/dacanetdev/Dev/AIGenerated/RoadmapSkills/RoadmapSkills.sln
           SolutionExt=.sln
         Additional Properties for project "/Users/dacanetdev/Dev/AIGenerated/RoadmapSkills/src/Shared/DeventSoft.RoadmapSkills.Shared.Domain/DeventSoft.RoadmapSkills.Shared.Domain.csproj":
           Configuration=Debug
           Platform=AnyCPU
         Additional Properties for project "/Users/dacanetdev/Dev/AIGenerated/RoadmapSkills/src/Modules/Users/DeventSoft.RoadmapSkills.Users.Domain/DeventSoft.RoadmapSkills.Users.Domain.csproj":
           Configuration=Debug
           Platform=AnyCPU
         Additional Properties for project "/Users/dacanetdev/Dev/AIGenerated/RoadmapSkills/src/Modules/Users/DeventSoft.RoadmapSkills.Users.Application/DeventSoft.RoadmapSkills.Users.Application.csproj":
           Configuration=Debug
           Platform=AnyCPU
         Additional Properties for project "/Users/dacanetdev/Dev/AIGenerated/RoadmapSkills/src/Modules/Users/DeventSoft.RoadmapSkills.Users.Infrastructure/DeventSoft.RoadmapSkills.Users.Infrastructure.csproj":
           Configuration=Debug
           Platform=AnyCPU
         Additional Properties for project "/Users/dacanetdev/Dev/AIGenerated/RoadmapSkills/src/Modules/Users/DeventSoft.RoadmapSkills.Users.Api/DeventSoft.RoadmapSkills.Users.Api.csproj":
           Configuration=Debug
           Platform=AnyCPU
         Additional Properties for project "/Users/dacanetdev/Dev/AIGenerated/RoadmapSkills/tests/Modules/Users/DeventSoft.RoadmapSkills.Users.UnitTests/DeventSoft.RoadmapSkills.Users.UnitTests.csproj":
           Configuration=Debug
           Platform=AnyCPU
         Additional Properties for project "/Users/dacanetdev/Dev/AIGenerated/RoadmapSkills/tests/Modules/Users/DeventSoft.RoadmapSkills.Users.IntegrationTests/DeventSoft.RoadmapSkills.Users.IntegrationTests.csproj":
           Configuration=Debug
           Platform=AnyCPU
         Additional Properties for project "/Users/dacanetdev/Dev/AIGenerated/RoadmapSkills/src/DeventSoft.RoadmapSkills.Api/DeventSoft.RoadmapSkills.Api.csproj":
           Configuration=Debug
           Platform=AnyCPU
         Additional Properties for project "/Users/dacanetdev/Dev/AIGenerated/RoadmapSkills/src/DeventSoft.RoadmapSkills.BlazorApp/DeventSoft.RoadmapSkills.BlazorApp.csproj":
           Configuration=Debug
           Platform=AnyCPU
     1>Project "/Users/dacanetdev/Dev/AIGenerated/RoadmapSkills/RoadmapSkills.sln" (1) is building "/Users/dacanetdev/Dev/AIGenerated/RoadmapSkills/src/Modules/Users/DeventSoft.RoadmapSkills.Users.Domain/DeventSoft.RoadmapSkills.Users.Domain.csproj" (9:4) on node 1 (_IsProjectRestoreSupported target(s)).
   9:4>Target "_IsProjectRestoreSupported" skipped. Previously built successfully.
   9:4>Done Building Project "/Users/dacanetdev/Dev/AIGenerated/RoadmapSkills/src/Modules/Users/DeventSoft.RoadmapSkills.Users.Domain/DeventSoft.RoadmapSkills.Users.Domain.csproj" (_IsProjectRestoreSupported target(s)).
     1>Project "/Users/dacanetdev/Dev/AIGenerated/RoadmapSkills/RoadmapSkills.sln" (1) is building "/Users/dacanetdev/Dev/AIGenerated/RoadmapSkills/src/Modules/Users/DeventSoft.RoadmapSkills.Users.Application/DeventSoft.RoadmapSkills.Users.Application.csproj" (3:4) on node 1 (_IsProjectRestoreSupported target(s)).
   3:4>Target "_IsProjectRestoreSupported" skipped. Previously built successfully.
   3:4>Done Building Project "/Users/dacanetdev/Dev/AIGenerated/RoadmapSkills/src/Modules/Users/DeventSoft.RoadmapSkills.Users.Application/DeventSoft.RoadmapSkills.Users.Application.csproj" (_IsProjectRestoreSupported target(s)).
     1>Project "/Users/dacanetdev/Dev/AIGenerated/RoadmapSkills/RoadmapSkills.sln" (1) is building "/Users/dacanetdev/Dev/AIGenerated/RoadmapSkills/src/Modules/Users/DeventSoft.RoadmapSkills.Users.Infrastructure/DeventSoft.RoadmapSkills.Users.Infrastructure.csproj" (4:4) on node 1 (_IsProjectRestoreSupported target(s)).
   4:4>Target "_IsProjectRestoreSupported" skipped. Previously built successfully.
   4:4>Done Building Project "/Users/dacanetdev/Dev/AIGenerated/RoadmapSkills/src/Modules/Users/DeventSoft.RoadmapSkills.Users.Infrastructure/DeventSoft.RoadmapSkills.Users.Infrastructure.csproj" (_IsProjectRestoreSupported target(s)).
     1>Project "/Users/dacanetdev/Dev/AIGenerated/RoadmapSkills/RoadmapSkills.sln" (1) is building "/Users/dacanetdev/Dev/AIGenerated/RoadmapSkills/src/Modules/Users/DeventSoft.RoadmapSkills.Users.Api/DeventSoft.RoadmapSkills.Users.Api.csproj" (7:3) on node 1 (_IsProjectRestoreSupported target(s)).
   7:3>Target "_IsProjectRestoreSupported" skipped. Previously built successfully.
   7:3>Done Building Project "/Users/dacanetdev/Dev/AIGenerated/RoadmapSkills/src/Modules/Users/DeventSoft.RoadmapSkills.Users.Api/DeventSoft.RoadmapSkills.Users.Api.csproj" (_IsProjectRestoreSupported target(s)).
     1>Project "/Users/dacanetdev/Dev/AIGenerated/RoadmapSkills/RoadmapSkills.sln" (1) is building "/Users/dacanetdev/Dev/AIGenerated/RoadmapSkills/tests/Modules/Users/DeventSoft.RoadmapSkills.Users.UnitTests/DeventSoft.RoadmapSkills.Users.UnitTests.csproj" (5:3) on node 1 (_IsProjectRestoreSupported target(s)).
   5:3>Target "_IsProjectRestoreSupported" skipped. Previously built successfully.
   5:3>Done Building Project "/Users/dacanetdev/Dev/AIGenerated/RoadmapSkills/tests/Modules/Users/DeventSoft.RoadmapSkills.Users.UnitTests/DeventSoft.RoadmapSkills.Users.UnitTests.csproj" (_IsProjectRestoreSupported target(s)).
     1>Project "/Users/dacanetdev/Dev/AIGenerated/RoadmapSkills/RoadmapSkills.sln" (1) is building "/Users/dacanetdev/Dev/AIGenerated/RoadmapSkills/tests/Modules/Users/DeventSoft.RoadmapSkills.Users.IntegrationTests/DeventSoft.RoadmapSkills.Users.IntegrationTests.csproj" (2:3) on node 1 (_IsProjectRestoreSupported target(s)).
   2:3>Target "_IsProjectRestoreSupported" skipped. Previously built successfully.
   2:3>Done Building Project "/Users/dacanetdev/Dev/AIGenerated/RoadmapSkills/tests/Modules/Users/DeventSoft.RoadmapSkills.Users.IntegrationTests/DeventSoft.RoadmapSkills.Users.IntegrationTests.csproj" (_IsProjectRestoreSupported target(s)).
     1>Project "/Users/dacanetdev/Dev/AIGenerated/RoadmapSkills/RoadmapSkills.sln" (1) is building "/Users/dacanetdev/Dev/AIGenerated/RoadmapSkills/src/DeventSoft.RoadmapSkills.Api/DeventSoft.RoadmapSkills.Api.csproj" (6:3) on node 1 (_IsProjectRestoreSupported target(s)).
   6:3>Target "_IsProjectRestoreSupported" skipped. Previously built successfully.
   6:3>Done Building Project "/Users/dacanetdev/Dev/AIGenerated/RoadmapSkills/src/DeventSoft.RoadmapSkills.Api/DeventSoft.RoadmapSkills.Api.csproj" (_IsProjectRestoreSupported target(s)).
     1>Project "/Users/dacanetdev/Dev/AIGenerated/RoadmapSkills/RoadmapSkills.sln" (1) is building "/Users/dacanetdev/Dev/AIGenerated/RoadmapSkills/src/DeventSoft.RoadmapSkills.BlazorApp/DeventSoft.RoadmapSkills.BlazorApp.csproj" (8:3) on node 1 (_IsProjectRestoreSupported target(s)).
   8:3>Target "_IsProjectRestoreSupported" skipped. Previously built successfully.
   8:3>Done Building Project "/Users/dacanetdev/Dev/AIGenerated/RoadmapSkills/src/DeventSoft.RoadmapSkills.BlazorApp/DeventSoft.RoadmapSkills.BlazorApp.csproj" (_IsProjectRestoreSupported target(s)).
     1>Project "/Users/dacanetdev/Dev/AIGenerated/RoadmapSkills/RoadmapSkills.sln" (1) is building "/Users/dacanetdev/Dev/AIGenerated/RoadmapSkills/src/Shared/DeventSoft.RoadmapSkills.Shared.Domain/DeventSoft.RoadmapSkills.Shared.Domain.csproj" (10:2) on node 1 (_IsProjectRestoreSupported target(s)).
  10:2>Target "_IsProjectRestoreSupported" in file "/usr/local/share/dotnet/sdk/9.0.200/NuGet.targets" from project "/Users/dacanetdev/Dev/AIGenerated/RoadmapSkills/src/Shared/DeventSoft.RoadmapSkills.Shared.Domain/DeventSoft.RoadmapSkills.Shared.Domain.csproj" (entry point):
  10:2>Done building target "_IsProjectRestoreSupported" in project "DeventSoft.RoadmapSkills.Shared.Domain.csproj".
  10:2>Done Building Project "/Users/dacanetdev/Dev/AIGenerated/RoadmapSkills/src/Shared/DeventSoft.RoadmapSkills.Shared.Domain/DeventSoft.RoadmapSkills.Shared.Domain.csproj" (_IsProjectRestoreSupported target(s)).
     1>Done executing task "MSBuild".
       Task "MSBuild" skipped, due to false condition; ( '$(RestoreUseSkipNonexistentTargets)' != 'true' ) was evaluated as ( 'true' != 'true' ).
     1>Done building target "_GetAllRestoreProjectPathItems" in project "RoadmapSkills.sln".
     1>Target "_GenerateRestoreGraph" in file "/usr/local/share/dotnet/sdk/9.0.200/NuGet.targets" from project "/Users/dacanetdev/Dev/AIGenerated/RoadmapSkills/RoadmapSkills.sln" (target "Restore" depends on it):
       Task "Message"
         Generating dg file
       Done executing task "Message".
       Task "Message"
         /Users/dacanetdev/Dev/AIGenerated/RoadmapSkills/src/Shared/DeventSoft.RoadmapSkills.Shared.Domain/DeventSoft.RoadmapSkills.Shared.Domain.csproj
       Done executing task "Message".
       Task "Message"
         /Users/dacanetdev/Dev/AIGenerated/RoadmapSkills/src/Modules/Users/DeventSoft.RoadmapSkills.Users.Domain/DeventSoft.RoadmapSkills.Users.Domain.csproj
       Done executing task "Message".
       Task "Message"
         /Users/dacanetdev/Dev/AIGenerated/RoadmapSkills/src/Modules/Users/DeventSoft.RoadmapSkills.Users.Application/DeventSoft.RoadmapSkills.Users.Application.csproj
       Done executing task "Message".
       Task "Message"
         /Users/dacanetdev/Dev/AIGenerated/RoadmapSkills/src/Modules/Users/DeventSoft.RoadmapSkills.Users.Infrastructure/DeventSoft.RoadmapSkills.Users.Infrastructure.csproj
       Done executing task "Message".
       Task "Message"
         /Users/dacanetdev/Dev/AIGenerated/RoadmapSkills/src/Modules/Users/DeventSoft.RoadmapSkills.Users.Api/DeventSoft.RoadmapSkills.Users.Api.csproj
       Done executing task "Message".
       Task "Message"
         /Users/dacanetdev/Dev/AIGenerated/RoadmapSkills/tests/Modules/Users/DeventSoft.RoadmapSkills.Users.UnitTests/DeventSoft.RoadmapSkills.Users.UnitTests.csproj
       Done executing task "Message".
       Task "Message"
         /Users/dacanetdev/Dev/AIGenerated/RoadmapSkills/tests/Modules/Users/DeventSoft.RoadmapSkills.Users.IntegrationTests/DeventSoft.RoadmapSkills.Users.IntegrationTests.csproj
       Done executing task "Message".
       Task "Message"
         /Users/dacanetdev/Dev/AIGenerated/RoadmapSkills/src/DeventSoft.RoadmapSkills.Api/DeventSoft.RoadmapSkills.Api.csproj
       Done executing task "Message".
       Task "Message"
         /Users/dacanetdev/Dev/AIGenerated/RoadmapSkills/src/DeventSoft.RoadmapSkills.BlazorApp/DeventSoft.RoadmapSkills.BlazorApp.csproj
       Done executing task "Message".
       Task "MSBuild"
         Global Properties:
           ExcludeRestorePackageImports=true
           _RestoreSolutionFileUsed=true
           SolutionDir=/Users/dacanetdev/Dev/AIGenerated/RoadmapSkills/
           SolutionName=RoadmapSkills
           SolutionFileName=RoadmapSkills.sln
           SolutionPath=/Users/dacanetdev/Dev/AIGenerated/RoadmapSkills/RoadmapSkills.sln
           SolutionExt=.sln
         Additional Properties for project "/Users/dacanetdev/Dev/AIGenerated/RoadmapSkills/src/Shared/DeventSoft.RoadmapSkills.Shared.Domain/DeventSoft.RoadmapSkills.Shared.Domain.csproj":
           Configuration=Debug
           Platform=AnyCPU
         Additional Properties for project "/Users/dacanetdev/Dev/AIGenerated/RoadmapSkills/src/Modules/Users/DeventSoft.RoadmapSkills.Users.Domain/DeventSoft.RoadmapSkills.Users.Domain.csproj":
           Configuration=Debug
           Platform=AnyCPU
         Additional Properties for project "/Users/dacanetdev/Dev/AIGenerated/RoadmapSkills/src/Modules/Users/DeventSoft.RoadmapSkills.Users.Application/DeventSoft.RoadmapSkills.Users.Application.csproj":
           Configuration=Debug
           Platform=AnyCPU
         Additional Properties for project "/Users/dacanetdev/Dev/AIGenerated/RoadmapSkills/src/Modules/Users/DeventSoft.RoadmapSkills.Users.Infrastructure/DeventSoft.RoadmapSkills.Users.Infrastructure.csproj":
           Configuration=Debug
           Platform=AnyCPU
         Additional Properties for project "/Users/dacanetdev/Dev/AIGenerated/RoadmapSkills/src/Modules/Users/DeventSoft.RoadmapSkills.Users.Api/DeventSoft.RoadmapSkills.Users.Api.csproj":
           Configuration=Debug
           Platform=AnyCPU
         Additional Properties for project "/Users/dacanetdev/Dev/AIGenerated/RoadmapSkills/tests/Modules/Users/DeventSoft.RoadmapSkills.Users.UnitTests/DeventSoft.RoadmapSkills.Users.UnitTests.csproj":
           Configuration=Debug
           Platform=AnyCPU
         Additional Properties for project "/Users/dacanetdev/Dev/AIGenerated/RoadmapSkills/tests/Modules/Users/DeventSoft.RoadmapSkills.Users.IntegrationTests/DeventSoft.RoadmapSkills.Users.IntegrationTests.csproj":
           Configuration=Debug
           Platform=AnyCPU
         Additional Properties for project "/Users/dacanetdev/Dev/AIGenerated/RoadmapSkills/src/DeventSoft.RoadmapSkills.Api/DeventSoft.RoadmapSkills.Api.csproj":
           Configuration=Debug
           Platform=AnyCPU
         Additional Properties for project "/Users/dacanetdev/Dev/AIGenerated/RoadmapSkills/src/DeventSoft.RoadmapSkills.BlazorApp/DeventSoft.RoadmapSkills.BlazorApp.csproj":
           Configuration=Debug
           Platform=AnyCPU
     1>Project "/Users/dacanetdev/Dev/AIGenerated/RoadmapSkills/RoadmapSkills.sln" (1) is building "/Users/dacanetdev/Dev/AIGenerated/RoadmapSkills/src/Shared/DeventSoft.RoadmapSkills.Shared.Domain/DeventSoft.RoadmapSkills.Shared.Domain.csproj" (10:3) on node 1 (_GenerateRestoreGraphProjectEntry target(s)).
  10:3>Target "_GetProjectJsonPath" in file "/usr/local/share/dotnet/sdk/9.0.200/NuGet.targets" from project "/Users/dacanetdev/Dev/AIGenerated/RoadmapSkills/src/Shared/DeventSoft.RoadmapSkills.Shared.Domain/DeventSoft.RoadmapSkills.Shared.Domain.csproj" (target "_GetRestoreProjectStyle" depends on it):
  10:3>Task "GetRestoreProjectJsonPathTask" skipped, due to false condition; ( '$(RestoreProjectStyle)' == 'ProjectJson' OR '$(RestoreProjectStyle)' == '' ) was evaluated as ( 'PackageReference' == 'ProjectJson' OR 'PackageReference' == '' ).
  10:3>Done building target "_GetProjectJsonPath" in project "DeventSoft.RoadmapSkills.Shared.Domain.csproj".
       Target "_CheckForUnsupportedTargetPlatformIdentifier" skipped, due to false condition; ('$(TargetPlatformIdentifier)' != '' and '$(TargetFrameworkIdentifier)' == '.NETCoreApp' and $([MSBuild]::VersionGreaterThanOrEquals($(TargetFrameworkVersion), 5.0)) And ('$(DesignTimeBuild)' != 'true' Or '@(MissingWorkloadPack)' == '')) was evaluated as ('' != '' and '.NETCoreApp' == '.NETCoreApp' and True And ('' != 'true' Or '' == '')).
       Target "_CheckForMissingWorkload" skipped, due to false condition; ('@(MissingWorkloadPack)' != '' And '$(DesignTimeBuild)' != 'true') was evaluated as ('' != '' And '' != 'true').
  10:3>Target "_CheckForUnsupportedNETCoreVersion" in file "/usr/local/share/dotnet/sdk/9.0.200/Sdks/Microsoft.NET.Sdk/targets/Microsoft.NET.TargetFrameworkInference.targets" from project "/Users/dacanetdev/Dev/AIGenerated/RoadmapSkills/src/Shared/DeventSoft.RoadmapSkills.Shared.Domain/DeventSoft.RoadmapSkills.Shared.Domain.csproj" (target "CollectPackageReferences" depends on it):
       Task "NETSdkError" skipped, due to false condition; ('$(_TargetFrameworkVersionWithoutV)' > '$(NETCoreAppMaximumVersion)' and '$(DisplayVSMessage)' != 'true') was evaluated as ('8.0' > '9.0' and '' != 'true').
       Task "NETSdkError" skipped, due to false condition; ('$(DisplayVSMessage)' == 'true') was evaluated as ('' == 'true').
  10:3>Done building target "_CheckForUnsupportedNETCoreVersion" in project "DeventSoft.RoadmapSkills.Shared.Domain.csproj".
       Target "_CheckForEolTargetFrameworks" skipped, due to false condition; ('@(_EolNetCoreTargetFrameworkVersions->AnyHaveMetadataValue('Identity', '$(_TargetFrameworkVersionWithoutV)'))' and '$(TargetFrameworkIdentifier)' == '.NETCoreApp' and '$(CheckEolTargetFramework)' == 'true') was evaluated as ('false' and '.NETCoreApp' == '.NETCoreApp' and '' == 'true').
       Target "_CheckForEolWorkloads" skipped, due to false condition; ('@(EolWorkload)' != '' and '$(CheckEolWorkloads)' == 'true') was evaluated as ('' != '' and 'true' == 'true').
       Target "_CheckForNotRecommendedNETStandardVersion" skipped, due to false condition; ('$(TargetFrameworkIdentifier)' == '.NETStandard' and $([MSBuild]::VersionLessThan($(TargetFrameworkVersion), '2.0'))) was evaluated as ('.NETCoreApp' == '.NETStandard' and False).
     1>Project "/Users/dacanetdev/Dev/AIGenerated/RoadmapSkills/RoadmapSkills.sln" (1) is building "/Users/dacanetdev/Dev/AIGenerated/RoadmapSkills/src/DeventSoft.RoadmapSkills.BlazorApp/DeventSoft.RoadmapSkills.BlazorApp.csproj" (8:4) on node 4 (_GenerateRestoreGraphProjectEntry target(s)).
   8:4>Target "_GetProjectJsonPath" in file "/usr/local/share/dotnet/sdk/9.0.200/NuGet.targets" from project "/Users/dacanetdev/Dev/AIGenerated/RoadmapSkills/src/DeventSoft.RoadmapSkills.BlazorApp/DeventSoft.RoadmapSkills.BlazorApp.csproj" (target "_GetRestoreProjectStyle" depends on it):
   8:4>Task "GetRestoreProjectJsonPathTask" skipped, due to false condition; ( '$(RestoreProjectStyle)' == 'ProjectJson' OR '$(RestoreProjectStyle)' == '' ) was evaluated as ( 'PackageReference' == 'ProjectJson' OR 'PackageReference' == '' ).
   8:4>Done building target "_GetProjectJsonPath" in project "DeventSoft.RoadmapSkills.BlazorApp.csproj".
       Target "_CheckForUnsupportedTargetPlatformIdentifier" skipped, due to false condition; ('$(TargetPlatformIdentifier)' != '' and '$(TargetFrameworkIdentifier)' == '.NETCoreApp' and $([MSBuild]::VersionGreaterThanOrEquals($(TargetFrameworkVersion), 5.0)) And ('$(DesignTimeBuild)' != 'true' Or '@(MissingWorkloadPack)' == '')) was evaluated as ('' != '' and '.NETCoreApp' == '.NETCoreApp' and True And ('' != 'true' Or '' == '')).
       Target "_CheckForMissingWorkload" skipped, due to false condition; ('@(MissingWorkloadPack)' != '' And '$(DesignTimeBuild)' != 'true') was evaluated as ('' != '' And '' != 'true').
  10:3>Target "_CheckForUnsupportedCppNETCoreVersion" in file "/usr/local/share/dotnet/sdk/9.0.200/Sdks/Microsoft.NET.Sdk/targets/Microsoft.NET.TargetFrameworkInference.targets" from project "/Users/dacanetdev/Dev/AIGenerated/RoadmapSkills/src/Shared/DeventSoft.RoadmapSkills.Shared.Domain/DeventSoft.RoadmapSkills.Shared.Domain.csproj" (target "CollectPackageReferences" depends on it):
  10:3>Task "NETSdkError" skipped, due to false condition; ('$(TargetFrameworkIdentifier)' == '.NETCoreApp' and '$(_TargetFrameworkVersionWithoutV)' < '3.1' and ('$(Language)' == 'C++' and '$(_EnablePackageReferencesInVCProjects)' != 'true')) was evaluated as ('.NETCoreApp' == '.NETCoreApp' and '8.0' < '3.1' and ('C#' == 'C++' and '' != 'true')).
  10:3>Done building target "_CheckForUnsupportedCppNETCoreVersion" in project "DeventSoft.RoadmapSkills.Shared.Domain.csproj".
       Target "_CheckForUnsupportedNETStandardVersion" skipped, due to false condition; ('$(TargetFrameworkIdentifier)' == '.NETStandard' And '$(NETStandardMaximumVersion)' != '') was evaluated as ('.NETCoreApp' == '.NETStandard' And '' != '').
       Target "_CheckForUnsupportedTargetFrameworkAndFeatureCombination" skipped, due to false condition; ('$(TargetFrameworkIdentifier)' == '.NETFramework') was evaluated as ('.NETCoreApp' == '.NETFramework').
   8:4>Target "_CheckForUnsupportedNETCoreVersion" in file "/usr/local/share/dotnet/sdk/9.0.200/Sdks/Microsoft.NET.Sdk/targets/Microsoft.NET.TargetFrameworkInference.targets" from project "/Users/dacanetdev/Dev/AIGenerated/RoadmapSkills/src/DeventSoft.RoadmapSkills.BlazorApp/DeventSoft.RoadmapSkills.BlazorApp.csproj" (target "CollectPackageReferences" depends on it):
   8:4>Task "NETSdkError" skipped, due to false condition; ('$(_TargetFrameworkVersionWithoutV)' > '$(NETCoreAppMaximumVersion)' and '$(DisplayVSMessage)' != 'true') was evaluated as ('8.0' > '9.0' and '' != 'true').
       Task "NETSdkError" skipped, due to false condition; ('$(DisplayVSMessage)' == 'true') was evaluated as ('' == 'true').
  10:3>Target "ApplyImplicitVersions" skipped, due to false condition; ('@(PackageReference)' != '') was evaluated as ('' != '').
   8:4>Done building target "_CheckForUnsupportedNETCoreVersion" in project "DeventSoft.RoadmapSkills.BlazorApp.csproj".
       Target "_CheckForEolTargetFrameworks" skipped, due to false condition; ('@(_EolNetCoreTargetFrameworkVersions->AnyHaveMetadataValue('Identity', '$(_TargetFrameworkVersionWithoutV)'))' and '$(TargetFrameworkIdentifier)' == '.NETCoreApp' and '$(CheckEolTargetFramework)' == 'true') was evaluated as ('false' and '.NETCoreApp' == '.NETCoreApp' and 'true' == 'true').
  10:3>Target "IncludeTargetingPackReference" skipped, due to false condition; ('$(TargetFrameworkMoniker)' != '' and '$(TargetFrameworkIdentifier)' == '.NETFramework' and '$(AutomaticallyUseReferenceAssemblyPackages)' == 'true') was evaluated as ('.NETCoreApp,Version=v8.0' != '' and '.NETCoreApp' == '.NETFramework' and 'true' == 'true').
   8:4>Target "_CheckForEolWorkloads" skipped, due to false condition; ('@(EolWorkload)' != '' and '$(CheckEolWorkloads)' == 'true') was evaluated as ('' != '' and 'true' == 'true').
       Target "_CheckForNotRecommendedNETStandardVersion" skipped, due to false condition; ('$(TargetFrameworkIdentifier)' == '.NETStandard' and $([MSBuild]::VersionLessThan($(TargetFrameworkVersion), '2.0'))) was evaluated as ('.NETCoreApp' == '.NETStandard' and False).
   8:4>Target "_CheckForUnsupportedCppNETCoreVersion" in file "/usr/local/share/dotnet/sdk/9.0.200/Sdks/Microsoft.NET.Sdk/targets/Microsoft.NET.TargetFrameworkInference.targets" from project "/Users/dacanetdev/Dev/AIGenerated/RoadmapSkills/src/DeventSoft.RoadmapSkills.BlazorApp/DeventSoft.RoadmapSkills.BlazorApp.csproj" (target "CollectPackageReferences" depends on it):
       Task "NETSdkError" skipped, due to false condition; ('$(TargetFrameworkIdentifier)' == '.NETCoreApp' and '$(_TargetFrameworkVersionWithoutV)' < '3.1' and ('$(Language)' == 'C++' and '$(_EnablePackageReferencesInVCProjects)' != 'true')) was evaluated as ('.NETCoreApp' == '.NETCoreApp' and '8.0' < '3.1' and ('C#' == 'C++' and '' != 'true')).
   8:4>Done building target "_CheckForUnsupportedCppNETCoreVersion" in project "DeventSoft.RoadmapSkills.BlazorApp.csproj".
       Target "_CheckForUnsupportedNETStandardVersion" skipped, due to false condition; ('$(TargetFrameworkIdentifier)' == '.NETStandard' And '$(NETStandardMaximumVersion)' != '') was evaluated as ('.NETCoreApp' == '.NETStandard' And '' != '').
       Target "_CheckForUnsupportedTargetFrameworkAndFeatureCombination" skipped, due to false condition; ('$(TargetFrameworkIdentifier)' == '.NETFramework') was evaluated as ('.NETCoreApp' == '.NETFramework').
       Target "ApplyImplicitVersions" skipped, due to false condition; ('@(PackageReference)' != '') was evaluated as ('' != '').
       Target "IncludeTargetingPackReference" skipped, due to false condition; ('$(TargetFrameworkMoniker)' != '' and '$(TargetFrameworkIdentifier)' == '.NETFramework' and '$(AutomaticallyUseReferenceAssemblyPackages)' == 'true') was evaluated as ('.NETCoreApp,Version=v8.0' != '' and '.NETCoreApp' == '.NETFramework' and 'true' == 'true').
     1>Project "/Users/dacanetdev/Dev/AIGenerated/RoadmapSkills/RoadmapSkills.sln" (1) is building "/Users/dacanetdev/Dev/AIGenerated/RoadmapSkills/src/DeventSoft.RoadmapSkills.Api/DeventSoft.RoadmapSkills.Api.csproj" (6:4) on node 6 (_GenerateRestoreGraphProjectEntry target(s)).
   6:4>Target "_GetProjectJsonPath" in file "/usr/local/share/dotnet/sdk/9.0.200/NuGet.targets" from project "/Users/dacanetdev/Dev/AIGenerated/RoadmapSkills/src/DeventSoft.RoadmapSkills.Api/DeventSoft.RoadmapSkills.Api.csproj" (target "_GetRestoreProjectStyle" depends on it):
   6:4>Task "GetRestoreProjectJsonPathTask" skipped, due to false condition; ( '$(RestoreProjectStyle)' == 'ProjectJson' OR '$(RestoreProjectStyle)' == '' ) was evaluated as ( 'PackageReference' == 'ProjectJson' OR 'PackageReference' == '' ).
   6:4>Done building target "_GetProjectJsonPath" in project "DeventSoft.RoadmapSkills.Api.csproj".
       Target "_CheckForUnsupportedTargetPlatformIdentifier" skipped, due to false condition; ('$(TargetPlatformIdentifier)' != '' and '$(TargetFrameworkIdentifier)' == '.NETCoreApp' and $([MSBuild]::VersionGreaterThanOrEquals($(TargetFrameworkVersion), 5.0)) And ('$(DesignTimeBuild)' != 'true' Or '@(MissingWorkloadPack)' == '')) was evaluated as ('' != '' and '.NETCoreApp' == '.NETCoreApp' and True And ('' != 'true' Or '' == '')).
       Target "_CheckForMissingWorkload" skipped, due to false condition; ('@(MissingWorkloadPack)' != '' And '$(DesignTimeBuild)' != 'true') was evaluated as ('' != '' And '' != 'true').
   6:4>Target "_CheckForUnsupportedNETCoreVersion" in file "/usr/local/share/dotnet/sdk/9.0.200/Sdks/Microsoft.NET.Sdk/targets/Microsoft.NET.TargetFrameworkInference.targets" from project "/Users/dacanetdev/Dev/AIGenerated/RoadmapSkills/src/DeventSoft.RoadmapSkills.Api/DeventSoft.RoadmapSkills.Api.csproj" (target "CollectPackageReferences" depends on it):
       Task "NETSdkError" skipped, due to false condition; ('$(_TargetFrameworkVersionWithoutV)' > '$(NETCoreAppMaximumVersion)' and '$(DisplayVSMessage)' != 'true') was evaluated as ('8.0' > '9.0' and '' != 'true').
       Task "NETSdkError" skipped, due to false condition; ('$(DisplayVSMessage)' == 'true') was evaluated as ('' == 'true').
   6:4>Done building target "_CheckForUnsupportedNETCoreVersion" in project "DeventSoft.RoadmapSkills.Api.csproj".
       Target "_CheckForEolTargetFrameworks" skipped, due to false condition; ('@(_EolNetCoreTargetFrameworkVersions->AnyHaveMetadataValue('Identity', '$(_TargetFrameworkVersionWithoutV)'))' and '$(TargetFrameworkIdentifier)' == '.NETCoreApp' and '$(CheckEolTargetFramework)' == 'true') was evaluated as ('false' and '.NETCoreApp' == '.NETCoreApp' and 'true' == 'true').
       Target "_CheckForEolWorkloads" skipped, due to false condition; ('@(EolWorkload)' != '' and '$(CheckEolWorkloads)' == 'true') was evaluated as ('' != '' and 'true' == 'true').
       Target "_CheckForNotRecommendedNETStandardVersion" skipped, due to false condition; ('$(TargetFrameworkIdentifier)' == '.NETStandard' and $([MSBuild]::VersionLessThan($(TargetFrameworkVersion), '2.0'))) was evaluated as ('.NETCoreApp' == '.NETStandard' and False).
   6:4>Target "_CheckForUnsupportedCppNETCoreVersion" in file "/usr/local/share/dotnet/sdk/9.0.200/Sdks/Microsoft.NET.Sdk/targets/Microsoft.NET.TargetFrameworkInference.targets" from project "/Users/dacanetdev/Dev/AIGenerated/RoadmapSkills/src/DeventSoft.RoadmapSkills.Api/DeventSoft.RoadmapSkills.Api.csproj" (target "CollectPackageReferences" depends on it):
       Task "NETSdkError" skipped, due to false condition; ('$(TargetFrameworkIdentifier)' == '.NETCoreApp' and '$(_TargetFrameworkVersionWithoutV)' < '3.1' and ('$(Language)' == 'C++' and '$(_EnablePackageReferencesInVCProjects)' != 'true')) was evaluated as ('.NETCoreApp' == '.NETCoreApp' and '8.0' < '3.1' and ('C#' == 'C++' and '' != 'true')).
   6:4>Done building target "_CheckForUnsupportedCppNETCoreVersion" in project "DeventSoft.RoadmapSkills.Api.csproj".
       Target "_CheckForUnsupportedNETStandardVersion" skipped, due to false condition; ('$(TargetFrameworkIdentifier)' == '.NETStandard' And '$(NETStandardMaximumVersion)' != '') was evaluated as ('.NETCoreApp' == '.NETStandard' And '' != '').
       Target "_CheckForUnsupportedTargetFrameworkAndFeatureCombination" skipped, due to false condition; ('$(TargetFrameworkIdentifier)' == '.NETFramework') was evaluated as ('.NETCoreApp' == '.NETFramework').
   6:4>Target "UpdateAspNetToFrameworkReference" in file "/usr/local/share/dotnet/sdk/9.0.200/Sdks/Microsoft.NET.Sdk/targets/Microsoft.NET.Sdk.DefaultItems.Shared.targets" from project "/Users/dacanetdev/Dev/AIGenerated/RoadmapSkills/src/DeventSoft.RoadmapSkills.Api/DeventSoft.RoadmapSkills.Api.csproj" (target "ApplyImplicitVersions" depends on it):
       Using "CheckIfPackageReferenceShouldBeFrameworkReference" task from assembly "/usr/local/share/dotnet/sdk/9.0.200/Sdks/Microsoft.NET.Sdk/targets/../tools/net9.0/Microsoft.NET.Build.Tasks.dll".
       Task "CheckIfPackageReferenceShouldBeFrameworkReference"
       Done executing task "CheckIfPackageReferenceShouldBeFrameworkReference".
       Task "NETSdkError" skipped, due to false condition; ('$(_ShouldRemoveAspNetCoreAll)' == 'true') was evaluated as ('False' == 'true').
       Task "CheckIfPackageReferenceShouldBeFrameworkReference"
       Done executing task "CheckIfPackageReferenceShouldBeFrameworkReference".
       Task "NETSdkWarning" skipped, due to false condition; ('$(_ShouldRemoveAspNetCoreApp)' == 'true') was evaluated as ('False' == 'true').
   6:4>Done building target "UpdateAspNetToFrameworkReference" in project "DeventSoft.RoadmapSkills.Api.csproj".
       Target "IncludeTargetingPackReference" skipped, due to false condition; ('$(TargetFrameworkMoniker)' != '' and '$(TargetFrameworkIdentifier)' == '.NETFramework' and '$(AutomaticallyUseReferenceAssemblyPackages)' == 'true') was evaluated as ('.NETCoreApp,Version=v8.0' != '' and '.NETCoreApp' == '.NETFramework' and 'true' == 'true').
   6:4>Target "CheckForImplicitPackageReferenceOverrides" in file "/usr/local/share/dotnet/sdk/9.0.200/Sdks/Microsoft.NET.Sdk/targets/Microsoft.NET.Sdk.DefaultItems.Shared.targets" from project "/Users/dacanetdev/Dev/AIGenerated/RoadmapSkills/src/DeventSoft.RoadmapSkills.Api/DeventSoft.RoadmapSkills.Api.csproj" (target "ApplyImplicitVersions" depends on it):
       Using "CheckForImplicitPackageReferenceOverrides" task from assembly "/usr/local/share/dotnet/sdk/9.0.200/Sdks/Microsoft.NET.Sdk/targets/../tools/net9.0/Microsoft.NET.Build.Tasks.dll".
       Task "CheckForImplicitPackageReferenceOverrides"
       Done executing task "CheckForImplicitPackageReferenceOverrides".
   6:4>Done building target "CheckForImplicitPackageReferenceOverrides" in project "DeventSoft.RoadmapSkills.Api.csproj".
   6:4>Target "ApplyImplicitVersions" in file "/usr/local/share/dotnet/sdk/9.0.200/Sdks/Microsoft.NET.Sdk/targets/Microsoft.NET.Sdk.DefaultItems.Shared.targets" from project "/Users/dacanetdev/Dev/AIGenerated/RoadmapSkills/src/DeventSoft.RoadmapSkills.Api/DeventSoft.RoadmapSkills.Api.csproj" (target "CollectPackageReferences" depends on it):
       Using "ApplyImplicitVersions" task from assembly "/usr/local/share/dotnet/sdk/9.0.200/Sdks/Microsoft.NET.Sdk/targets/../tools/net9.0/Microsoft.NET.Build.Tasks.dll".
       Task "ApplyImplicitVersions"
       Done executing task "ApplyImplicitVersions".
     1>Project "/Users/dacanetdev/Dev/AIGenerated/RoadmapSkills/RoadmapSkills.sln" (1) is building "/Users/dacanetdev/Dev/AIGenerated/RoadmapSkills/tests/Modules/Users/DeventSoft.RoadmapSkills.Users.UnitTests/DeventSoft.RoadmapSkills.Users.UnitTests.csproj" (5:4) on node 3 (_GenerateRestoreGraphProjectEntry target(s)).
   5:4>Target "_GetProjectJsonPath" in file "/usr/local/share/dotnet/sdk/9.0.200/NuGet.targets" from project "/Users/dacanetdev/Dev/AIGenerated/RoadmapSkills/tests/Modules/Users/DeventSoft.RoadmapSkills.Users.UnitTests/DeventSoft.RoadmapSkills.Users.UnitTests.csproj" (target "_GetRestoreProjectStyle" depends on it):
   5:4>Task "GetRestoreProjectJsonPathTask" skipped, due to false condition; ( '$(RestoreProjectStyle)' == 'ProjectJson' OR '$(RestoreProjectStyle)' == '' ) was evaluated as ( 'PackageReference' == 'ProjectJson' OR 'PackageReference' == '' ).
   5:4>Done building target "_GetProjectJsonPath" in project "DeventSoft.RoadmapSkills.Users.UnitTests.csproj".
       Target "_CheckForUnsupportedTargetPlatformIdentifier" skipped, due to false condition; ('$(TargetPlatformIdentifier)' != '' and '$(TargetFrameworkIdentifier)' == '.NETCoreApp' and $([MSBuild]::VersionGreaterThanOrEquals($(TargetFrameworkVersion), 5.0)) And ('$(DesignTimeBuild)' != 'true' Or '@(MissingWorkloadPack)' == '')) was evaluated as ('' != '' and '.NETCoreApp' == '.NETCoreApp' and True And ('' != 'true' Or '' == '')).
       Target "_CheckForMissingWorkload" skipped, due to false condition; ('@(MissingWorkloadPack)' != '' And '$(DesignTimeBuild)' != 'true') was evaluated as ('' != '' And '' != 'true').
   5:4>Target "_CheckForUnsupportedNETCoreVersion" in file "/usr/local/share/dotnet/sdk/9.0.200/Sdks/Microsoft.NET.Sdk/targets/Microsoft.NET.TargetFrameworkInference.targets" from project "/Users/dacanetdev/Dev/AIGenerated/RoadmapSkills/tests/Modules/Users/DeventSoft.RoadmapSkills.Users.UnitTests/DeventSoft.RoadmapSkills.Users.UnitTests.csproj" (target "CollectPackageReferences" depends on it):
       Task "NETSdkError" skipped, due to false condition; ('$(_TargetFrameworkVersionWithoutV)' > '$(NETCoreAppMaximumVersion)' and '$(DisplayVSMessage)' != 'true') was evaluated as ('8.0' > '9.0' and '' != 'true').
       Task "NETSdkError" skipped, due to false condition; ('$(DisplayVSMessage)' == 'true') was evaluated as ('' == 'true').
   5:4>Done building target "_CheckForUnsupportedNETCoreVersion" in project "DeventSoft.RoadmapSkills.Users.UnitTests.csproj".
       Target "_CheckForEolTargetFrameworks" skipped, due to false condition; ('@(_EolNetCoreTargetFrameworkVersions->AnyHaveMetadataValue('Identity', '$(_TargetFrameworkVersionWithoutV)'))' and '$(TargetFrameworkIdentifier)' == '.NETCoreApp' and '$(CheckEolTargetFramework)' == 'true') was evaluated as ('false' and '.NETCoreApp' == '.NETCoreApp' and '' == 'true').
       Target "_CheckForEolWorkloads" skipped, due to false condition; ('@(EolWorkload)' != '' and '$(CheckEolWorkloads)' == 'true') was evaluated as ('' != '' and 'true' == 'true').
       Target "_CheckForNotRecommendedNETStandardVersion" skipped, due to false condition; ('$(TargetFrameworkIdentifier)' == '.NETStandard' and $([MSBuild]::VersionLessThan($(TargetFrameworkVersion), '2.0'))) was evaluated as ('.NETCoreApp' == '.NETStandard' and False).
   5:4>Target "_CheckForUnsupportedCppNETCoreVersion" in file "/usr/local/share/dotnet/sdk/9.0.200/Sdks/Microsoft.NET.Sdk/targets/Microsoft.NET.TargetFrameworkInference.targets" from project "/Users/dacanetdev/Dev/AIGenerated/RoadmapSkills/tests/Modules/Users/DeventSoft.RoadmapSkills.Users.UnitTests/DeventSoft.RoadmapSkills.Users.UnitTests.csproj" (target "CollectPackageReferences" depends on it):
       Task "NETSdkError" skipped, due to false condition; ('$(TargetFrameworkIdentifier)' == '.NETCoreApp' and '$(_TargetFrameworkVersionWithoutV)' < '3.1' and ('$(Language)' == 'C++' and '$(_EnablePackageReferencesInVCProjects)' != 'true')) was evaluated as ('.NETCoreApp' == '.NETCoreApp' and '8.0' < '3.1' and ('C#' == 'C++' and '' != 'true')).
   5:4>Done building target "_CheckForUnsupportedCppNETCoreVersion" in project "DeventSoft.RoadmapSkills.Users.UnitTests.csproj".
       Target "_CheckForUnsupportedNETStandardVersion" skipped, due to false condition; ('$(TargetFrameworkIdentifier)' == '.NETStandard' And '$(NETStandardMaximumVersion)' != '') was evaluated as ('.NETCoreApp' == '.NETStandard' And '' != '').
       Target "_CheckForUnsupportedTargetFrameworkAndFeatureCombination" skipped, due to false condition; ('$(TargetFrameworkIdentifier)' == '.NETFramework') was evaluated as ('.NETCoreApp' == '.NETFramework').
   5:4>Target "UpdateAspNetToFrameworkReference" in file "/usr/local/share/dotnet/sdk/9.0.200/Sdks/Microsoft.NET.Sdk/targets/Microsoft.NET.Sdk.DefaultItems.Shared.targets" from project "/Users/dacanetdev/Dev/AIGenerated/RoadmapSkills/tests/Modules/Users/DeventSoft.RoadmapSkills.Users.UnitTests/DeventSoft.RoadmapSkills.Users.UnitTests.csproj" (target "ApplyImplicitVersions" depends on it):
       Using "CheckIfPackageReferenceShouldBeFrameworkReference" task from assembly "/usr/local/share/dotnet/sdk/9.0.200/Sdks/Microsoft.NET.Sdk/targets/../tools/net9.0/Microsoft.NET.Build.Tasks.dll".
       Task "CheckIfPackageReferenceShouldBeFrameworkReference"
       Done executing task "CheckIfPackageReferenceShouldBeFrameworkReference".
       Task "NETSdkError" skipped, due to false condition; ('$(_ShouldRemoveAspNetCoreAll)' == 'true') was evaluated as ('False' == 'true').
       Task "CheckIfPackageReferenceShouldBeFrameworkReference"
       Done executing task "CheckIfPackageReferenceShouldBeFrameworkReference".
       Task "NETSdkWarning" skipped, due to false condition; ('$(_ShouldRemoveAspNetCoreApp)' == 'true') was evaluated as ('False' == 'true').
   5:4>Done building target "UpdateAspNetToFrameworkReference" in project "DeventSoft.RoadmapSkills.Users.UnitTests.csproj".
       Target "IncludeTargetingPackReference" skipped, due to false condition; ('$(TargetFrameworkMoniker)' != '' and '$(TargetFrameworkIdentifier)' == '.NETFramework' and '$(AutomaticallyUseReferenceAssemblyPackages)' == 'true') was evaluated as ('.NETCoreApp,Version=v8.0' != '' and '.NETCoreApp' == '.NETFramework' and 'true' == 'true').
   5:4>Target "CheckForImplicitPackageReferenceOverrides" in file "/usr/local/share/dotnet/sdk/9.0.200/Sdks/Microsoft.NET.Sdk/targets/Microsoft.NET.Sdk.DefaultItems.Shared.targets" from project "/Users/dacanetdev/Dev/AIGenerated/RoadmapSkills/tests/Modules/Users/DeventSoft.RoadmapSkills.Users.UnitTests/DeventSoft.RoadmapSkills.Users.UnitTests.csproj" (target "ApplyImplicitVersions" depends on it):
       Using "CheckForImplicitPackageReferenceOverrides" task from assembly "/usr/local/share/dotnet/sdk/9.0.200/Sdks/Microsoft.NET.Sdk/targets/../tools/net9.0/Microsoft.NET.Build.Tasks.dll".
       Task "CheckForImplicitPackageReferenceOverrides"
       Done executing task "CheckForImplicitPackageReferenceOverrides".
   5:4>Done building target "CheckForImplicitPackageReferenceOverrides" in project "DeventSoft.RoadmapSkills.Users.UnitTests.csproj".
   5:4>Target "ApplyImplicitVersions" in file "/usr/local/share/dotnet/sdk/9.0.200/Sdks/Microsoft.NET.Sdk/targets/Microsoft.NET.Sdk.DefaultItems.Shared.targets" from project "/Users/dacanetdev/Dev/AIGenerated/RoadmapSkills/tests/Modules/Users/DeventSoft.RoadmapSkills.Users.UnitTests/DeventSoft.RoadmapSkills.Users.UnitTests.csproj" (target "CollectPackageReferences" depends on it):
       Using "ApplyImplicitVersions" task from assembly "/usr/local/share/dotnet/sdk/9.0.200/Sdks/Microsoft.NET.Sdk/targets/../tools/net9.0/Microsoft.NET.Build.Tasks.dll".
       Task "ApplyImplicitVersions"
       Done executing task "ApplyImplicitVersions".
   5:4>Done building target "ApplyImplicitVersions" in project "DeventSoft.RoadmapSkills.Users.UnitTests.csproj".
       Target "CheckForImplicitPackageReferenceOverrides" skipped. Previously built successfully.
       Target "AddWindowsSdkKnownFrameworkReferences" skipped, due to false condition; ('$(TargetFrameworkIdentifier)' == '.NETCoreApp' And '$(TargetPlatformIdentifier)' == 'Windows'
                            And ('$(Language)' != 'C++' Or '$(IncludeWindowsSDKRefFrameworkReferences)' == 'true')) was evaluated as ('.NETCoreApp' == '.NETCoreApp' And '' == 'Windows'
                            And ('C#' != 'C++' Or '' == 'true')).
       Target "_NormalizeTargetPlatformVersion" skipped, due to false condition; ('$(TargetPlatformVersion)' != '' and '$(TargetFrameworkIdentifier)' == '.NETCoreApp' and $([MSBuild]::VersionGreaterThanOrEquals($(TargetFrameworkVersion), 5.0)) and ('$(Language)' != 'C++' or '$(_EnablePackageReferencesInVCProjects)' == 'true')) was evaluated as ('' != '' and '.NETCoreApp' == '.NETCoreApp' and True and ('C#' != 'C++' or '' == 'true')).
   5:4>Target "_CheckForLanguageAndFeatureCombinationSupport" in file "/usr/local/share/dotnet/sdk/9.0.200/Sdks/Microsoft.NET.Sdk/targets/Microsoft.NET.RuntimeIdentifierInference.targets" from project "/Users/dacanetdev/Dev/AIGenerated/RoadmapSkills/tests/Modules/Users/DeventSoft.RoadmapSkills.Users.UnitTests/DeventSoft.RoadmapSkills.Users.UnitTests.csproj" (target "ProcessFrameworkReferences" depends on it):
       Task "NETSdkError" skipped, due to false condition; (('$(Language)' == 'C++' and '$(_EnablePackageReferencesInVCProjects)' != 'true') and $(OutputType) != 'library' and '$(TargetFrameworkIdentifier)' == '.NETCoreApp') was evaluated as (('C#' == 'C++' and '' != 'true') and Library != 'library' and '.NETCoreApp' == '.NETCoreApp').
       Task "NETSdkError" skipped, due to false condition; (('$(Language)' == 'C++' and '$(_EnablePackageReferencesInVCProjects)' != 'true') and $(EnableComHosting) == 'true') was evaluated as (('C#' == 'C++' and '' != 'true') and  == 'true').
       Task "NETSdkError" skipped, due to false condition; (('$(Language)' == 'C++' and '$(_EnablePackageReferencesInVCProjects)' != 'true') and $(SelfContained) == 'true') was evaluated as (('C#' == 'C++' and '' != 'true') and  == 'true').
   5:4>Done building target "_CheckForLanguageAndFeatureCombinationSupport" in project "DeventSoft.RoadmapSkills.Users.UnitTests.csproj".
   5:4>Target "_ComputeToolPackInputsToProcessFrameworkReferences" in file "/usr/local/share/dotnet/sdk/9.0.200/Sdks/Microsoft.NET.Sdk/targets/Microsoft.NET.Publish.targets" from project "/Users/dacanetdev/Dev/AIGenerated/RoadmapSkills/tests/Modules/Users/DeventSoft.RoadmapSkills.Users.UnitTests/DeventSoft.RoadmapSkills.Users.UnitTests.csproj" (target "ProcessFrameworkReferences" depends on it):
   5:4>Done building target "_ComputeToolPackInputsToProcessFrameworkReferences" in project "DeventSoft.RoadmapSkills.Users.UnitTests.csproj".
   5:4>Target "ProcessFrameworkReferences" in file "/usr/local/share/dotnet/sdk/9.0.200/Sdks/Microsoft.NET.Sdk/targets/Microsoft.NET.Sdk.FrameworkReferenceResolution.targets" from project "/Users/dacanetdev/Dev/AIGenerated/RoadmapSkills/tests/Modules/Users/DeventSoft.RoadmapSkills.Users.UnitTests/DeventSoft.RoadmapSkills.Users.UnitTests.csproj" (target "CollectPackageReferences" depends on it):
       Using "CheckForDuplicateFrameworkReferences" task from assembly "/usr/local/share/dotnet/sdk/9.0.200/Sdks/Microsoft.NET.Sdk/targets/../tools/net9.0/Microsoft.NET.Build.Tasks.dll".
       Task "CheckForDuplicateFrameworkReferences"
       Done executing task "CheckForDuplicateFrameworkReferences".
       Using "ProcessFrameworkReferences" task from assembly "/usr/local/share/dotnet/sdk/9.0.200/Sdks/Microsoft.NET.Sdk/targets/../tools/net9.0/Microsoft.NET.Build.Tasks.dll".
       Task "ProcessFrameworkReferences"
       Done executing task "ProcessFrameworkReferences".
       Using "ResolveAppHosts" task from assembly "/usr/local/share/dotnet/sdk/9.0.200/Sdks/Microsoft.NET.Sdk/targets/../tools/net9.0/Microsoft.NET.Build.Tasks.dll".
       Task "ResolveAppHosts"
       Done executing task "ResolveAppHosts".
     1>Project "/Users/dacanetdev/Dev/AIGenerated/RoadmapSkills/RoadmapSkills.sln" (1) is building "/Users/dacanetdev/Dev/AIGenerated/RoadmapSkills/src/Modules/Users/DeventSoft.RoadmapSkills.Users.Api/DeventSoft.RoadmapSkills.Users.Api.csproj" (7:4) on node 2 (_GenerateRestoreGraphProjectEntry target(s)).
   7:4>Target "_GetProjectJsonPath" in file "/usr/local/share/dotnet/sdk/9.0.200/NuGet.targets" from project "/Users/dacanetdev/Dev/AIGenerated/RoadmapSkills/src/Modules/Users/DeventSoft.RoadmapSkills.Users.Api/DeventSoft.RoadmapSkills.Users.Api.csproj" (target "_GetRestoreProjectStyle" depends on it):
   7:4>Task "GetRestoreProjectJsonPathTask" skipped, due to false condition; ( '$(RestoreProjectStyle)' == 'ProjectJson' OR '$(RestoreProjectStyle)' == '' ) was evaluated as ( 'PackageReference' == 'ProjectJson' OR 'PackageReference' == '' ).
   7:4>Done building target "_GetProjectJsonPath" in project "DeventSoft.RoadmapSkills.Users.Api.csproj".
       Target "_CheckForUnsupportedTargetPlatformIdentifier" skipped, due to false condition; ('$(TargetPlatformIdentifier)' != '' and '$(TargetFrameworkIdentifier)' == '.NETCoreApp' and $([MSBuild]::VersionGreaterThanOrEquals($(TargetFrameworkVersion), 5.0)) And ('$(DesignTimeBuild)' != 'true' Or '@(MissingWorkloadPack)' == '')) was evaluated as ('' != '' and '.NETCoreApp' == '.NETCoreApp' and True And ('' != 'true' Or '' == '')).
       Target "_CheckForMissingWorkload" skipped, due to false condition; ('@(MissingWorkloadPack)' != '' And '$(DesignTimeBuild)' != 'true') was evaluated as ('' != '' And '' != 'true').
   7:4>Target "_CheckForUnsupportedNETCoreVersion" in file "/usr/local/share/dotnet/sdk/9.0.200/Sdks/Microsoft.NET.Sdk/targets/Microsoft.NET.TargetFrameworkInference.targets" from project "/Users/dacanetdev/Dev/AIGenerated/RoadmapSkills/src/Modules/Users/DeventSoft.RoadmapSkills.Users.Api/DeventSoft.RoadmapSkills.Users.Api.csproj" (target "CollectPackageReferences" depends on it):
       Task "NETSdkError" skipped, due to false condition; ('$(_TargetFrameworkVersionWithoutV)' > '$(NETCoreAppMaximumVersion)' and '$(DisplayVSMessage)' != 'true') was evaluated as ('8.0' > '9.0' and '' != 'true').
       Task "NETSdkError" skipped, due to false condition; ('$(DisplayVSMessage)' == 'true') was evaluated as ('' == 'true').
   7:4>Done building target "_CheckForUnsupportedNETCoreVersion" in project "DeventSoft.RoadmapSkills.Users.Api.csproj".
       Target "_CheckForEolTargetFrameworks" skipped, due to false condition; ('@(_EolNetCoreTargetFrameworkVersions->AnyHaveMetadataValue('Identity', '$(_TargetFrameworkVersionWithoutV)'))' and '$(TargetFrameworkIdentifier)' == '.NETCoreApp' and '$(CheckEolTargetFramework)' == 'true') was evaluated as ('false' and '.NETCoreApp' == '.NETCoreApp' and 'true' == 'true').
       Target "_CheckForEolWorkloads" skipped, due to false condition; ('@(EolWorkload)' != '' and '$(CheckEolWorkloads)' == 'true') was evaluated as ('' != '' and 'true' == 'true').
       Target "_CheckForNotRecommendedNETStandardVersion" skipped, due to false condition; ('$(TargetFrameworkIdentifier)' == '.NETStandard' and $([MSBuild]::VersionLessThan($(TargetFrameworkVersion), '2.0'))) was evaluated as ('.NETCoreApp' == '.NETStandard' and False).
   7:4>Target "_CheckForUnsupportedCppNETCoreVersion" in file "/usr/local/share/dotnet/sdk/9.0.200/Sdks/Microsoft.NET.Sdk/targets/Microsoft.NET.TargetFrameworkInference.targets" from project "/Users/dacanetdev/Dev/AIGenerated/RoadmapSkills/src/Modules/Users/DeventSoft.RoadmapSkills.Users.Api/DeventSoft.RoadmapSkills.Users.Api.csproj" (target "CollectPackageReferences" depends on it):
       Task "NETSdkError" skipped, due to false condition; ('$(TargetFrameworkIdentifier)' == '.NETCoreApp' and '$(_TargetFrameworkVersionWithoutV)' < '3.1' and ('$(Language)' == 'C++' and '$(_EnablePackageReferencesInVCProjects)' != 'true')) was evaluated as ('.NETCoreApp' == '.NETCoreApp' and '8.0' < '3.1' and ('C#' == 'C++' and '' != 'true')).
   7:4>Done building target "_CheckForUnsupportedCppNETCoreVersion" in project "DeventSoft.RoadmapSkills.Users.Api.csproj".
       Target "_CheckForUnsupportedNETStandardVersion" skipped, due to false condition; ('$(TargetFrameworkIdentifier)' == '.NETStandard' And '$(NETStandardMaximumVersion)' != '') was evaluated as ('.NETCoreApp' == '.NETStandard' And '' != '').
       Target "_CheckForUnsupportedTargetFrameworkAndFeatureCombination" skipped, due to false condition; ('$(TargetFrameworkIdentifier)' == '.NETFramework') was evaluated as ('.NETCoreApp' == '.NETFramework').
     1>Project "/Users/dacanetdev/Dev/AIGenerated/RoadmapSkills/RoadmapSkills.sln" (1) is building "/Users/dacanetdev/Dev/AIGenerated/RoadmapSkills/src/Modules/Users/DeventSoft.RoadmapSkills.Users.Application/DeventSoft.RoadmapSkills.Users.Application.csproj" (3:5) on node 8 (_GenerateRestoreGraphProjectEntry target(s)).
   3:5>Target "_GetProjectJsonPath" in file "/usr/local/share/dotnet/sdk/9.0.200/NuGet.targets" from project "/Users/dacanetdev/Dev/AIGenerated/RoadmapSkills/src/Modules/Users/DeventSoft.RoadmapSkills.Users.Application/DeventSoft.RoadmapSkills.Users.Application.csproj" (target "_GetRestoreProjectStyle" depends on it):
   3:5>Task "GetRestoreProjectJsonPathTask" skipped, due to false condition; ( '$(RestoreProjectStyle)' == 'ProjectJson' OR '$(RestoreProjectStyle)' == '' ) was evaluated as ( 'PackageReference' == 'ProjectJson' OR 'PackageReference' == '' ).
   3:5>Done building target "_GetProjectJsonPath" in project "DeventSoft.RoadmapSkills.Users.Application.csproj".
       Target "_CheckForUnsupportedTargetPlatformIdentifier" skipped, due to false condition; ('$(TargetPlatformIdentifier)' != '' and '$(TargetFrameworkIdentifier)' == '.NETCoreApp' and $([MSBuild]::VersionGreaterThanOrEquals($(TargetFrameworkVersion), 5.0)) And ('$(DesignTimeBuild)' != 'true' Or '@(MissingWorkloadPack)' == '')) was evaluated as ('' != '' and '.NETCoreApp' == '.NETCoreApp' and True And ('' != 'true' Or '' == '')).
       Target "_CheckForMissingWorkload" skipped, due to false condition; ('@(MissingWorkloadPack)' != '' And '$(DesignTimeBuild)' != 'true') was evaluated as ('' != '' And '' != 'true').
   3:5>Target "_CheckForUnsupportedNETCoreVersion" in file "/usr/local/share/dotnet/sdk/9.0.200/Sdks/Microsoft.NET.Sdk/targets/Microsoft.NET.TargetFrameworkInference.targets" from project "/Users/dacanetdev/Dev/AIGenerated/RoadmapSkills/src/Modules/Users/DeventSoft.RoadmapSkills.Users.Application/DeventSoft.RoadmapSkills.Users.Application.csproj" (target "CollectPackageReferences" depends on it):
       Task "NETSdkError" skipped, due to false condition; ('$(_TargetFrameworkVersionWithoutV)' > '$(NETCoreAppMaximumVersion)' and '$(DisplayVSMessage)' != 'true') was evaluated as ('8.0' > '9.0' and '' != 'true').
       Task "NETSdkError" skipped, due to false condition; ('$(DisplayVSMessage)' == 'true') was evaluated as ('' == 'true').
   3:5>Done building target "_CheckForUnsupportedNETCoreVersion" in project "DeventSoft.RoadmapSkills.Users.Application.csproj".
       Target "_CheckForEolTargetFrameworks" skipped, due to false condition; ('@(_EolNetCoreTargetFrameworkVersions->AnyHaveMetadataValue('Identity', '$(_TargetFrameworkVersionWithoutV)'))' and '$(TargetFrameworkIdentifier)' == '.NETCoreApp' and '$(CheckEolTargetFramework)' == 'true') was evaluated as ('false' and '.NETCoreApp' == '.NETCoreApp' and '' == 'true').
       Target "_CheckForEolWorkloads" skipped, due to false condition; ('@(EolWorkload)' != '' and '$(CheckEolWorkloads)' == 'true') was evaluated as ('' != '' and 'true' == 'true').
       Target "_CheckForNotRecommendedNETStandardVersion" skipped, due to false condition; ('$(TargetFrameworkIdentifier)' == '.NETStandard' and $([MSBuild]::VersionLessThan($(TargetFrameworkVersion), '2.0'))) was evaluated as ('.NETCoreApp' == '.NETStandard' and False).
   3:5>Target "_CheckForUnsupportedCppNETCoreVersion" in file "/usr/local/share/dotnet/sdk/9.0.200/Sdks/Microsoft.NET.Sdk/targets/Microsoft.NET.TargetFrameworkInference.targets" from project "/Users/dacanetdev/Dev/AIGenerated/RoadmapSkills/src/Modules/Users/DeventSoft.RoadmapSkills.Users.Application/DeventSoft.RoadmapSkills.Users.Application.csproj" (target "CollectPackageReferences" depends on it):
       Task "NETSdkError" skipped, due to false condition; ('$(TargetFrameworkIdentifier)' == '.NETCoreApp' and '$(_TargetFrameworkVersionWithoutV)' < '3.1' and ('$(Language)' == 'C++' and '$(_EnablePackageReferencesInVCProjects)' != 'true')) was evaluated as ('.NETCoreApp' == '.NETCoreApp' and '8.0' < '3.1' and ('C#' == 'C++' and '' != 'true')).
   3:5>Done building target "_CheckForUnsupportedCppNETCoreVersion" in project "DeventSoft.RoadmapSkills.Users.Application.csproj".
       Target "_CheckForUnsupportedNETStandardVersion" skipped, due to false condition; ('$(TargetFrameworkIdentifier)' == '.NETStandard' And '$(NETStandardMaximumVersion)' != '') was evaluated as ('.NETCoreApp' == '.NETStandard' And '' != '').
       Target "_CheckForUnsupportedTargetFrameworkAndFeatureCombination" skipped, due to false condition; ('$(TargetFrameworkIdentifier)' == '.NETFramework') was evaluated as ('.NETCoreApp' == '.NETFramework').
       Target "ApplyImplicitVersions" skipped, due to false condition; ('@(PackageReference)' != '') was evaluated as ('' != '').
       Target "IncludeTargetingPackReference" skipped, due to false condition; ('$(TargetFrameworkMoniker)' != '' and '$(TargetFrameworkIdentifier)' == '.NETFramework' and '$(AutomaticallyUseReferenceAssemblyPackages)' == 'true') was evaluated as ('.NETCoreApp,Version=v8.0' != '' and '.NETCoreApp' == '.NETFramework' and 'true' == 'true').
   3:5>Target "CheckForImplicitPackageReferenceOverrides" in file "/usr/local/share/dotnet/sdk/9.0.200/Sdks/Microsoft.NET.Sdk/targets/Microsoft.NET.Sdk.DefaultItems.Shared.targets" from project "/Users/dacanetdev/Dev/AIGenerated/RoadmapSkills/src/Modules/Users/DeventSoft.RoadmapSkills.Users.Application/DeventSoft.RoadmapSkills.Users.Application.csproj" (target "CollectPackageReferences" depends on it):
       Using "CheckForImplicitPackageReferenceOverrides" task from assembly "/usr/local/share/dotnet/sdk/9.0.200/Sdks/Microsoft.NET.Sdk/targets/../tools/net9.0/Microsoft.NET.Build.Tasks.dll".
       Task "CheckForImplicitPackageReferenceOverrides"
       Done executing task "CheckForImplicitPackageReferenceOverrides".
   3:5>Done building target "CheckForImplicitPackageReferenceOverrides" in project "DeventSoft.RoadmapSkills.Users.Application.csproj".
       Target "AddWindowsSdkKnownFrameworkReferences" skipped, due to false condition; ('$(TargetFrameworkIdentifier)' == '.NETCoreApp' And '$(TargetPlatformIdentifier)' == 'Windows'
                            And ('$(Language)' != 'C++' Or '$(IncludeWindowsSDKRefFrameworkReferences)' == 'true')) was evaluated as ('.NETCoreApp' == '.NETCoreApp' And '' == 'Windows'
                            And ('C#' != 'C++' Or '' == 'true')).
       Target "_NormalizeTargetPlatformVersion" skipped, due to false condition; ('$(TargetPlatformVersion)' != '' and '$(TargetFrameworkIdentifier)' == '.NETCoreApp' and $([MSBuild]::VersionGreaterThanOrEquals($(TargetFrameworkVersion), 5.0)) and ('$(Language)' != 'C++' or '$(_EnablePackageReferencesInVCProjects)' == 'true')) was evaluated as ('' != '' and '.NETCoreApp' == '.NETCoreApp' and True and ('C#' != 'C++' or '' == 'true')).
   3:5>Target "_CheckForLanguageAndFeatureCombinationSupport" in file "/usr/local/share/dotnet/sdk/9.0.200/Sdks/Microsoft.NET.Sdk/targets/Microsoft.NET.RuntimeIdentifierInference.targets" from project "/Users/dacanetdev/Dev/AIGenerated/RoadmapSkills/src/Modules/Users/DeventSoft.RoadmapSkills.Users.Application/DeventSoft.RoadmapSkills.Users.Application.csproj" (target "ProcessFrameworkReferences" depends on it):
       Task "NETSdkError" skipped, due to false condition; (('$(Language)' == 'C++' and '$(_EnablePackageReferencesInVCProjects)' != 'true') and $(OutputType) != 'library' and '$(TargetFrameworkIdentifier)' == '.NETCoreApp') was evaluated as (('C#' == 'C++' and '' != 'true') and Library != 'library' and '.NETCoreApp' == '.NETCoreApp').
       Task "NETSdkError" skipped, due to false condition; (('$(Language)' == 'C++' and '$(_EnablePackageReferencesInVCProjects)' != 'true') and $(EnableComHosting) == 'true') was evaluated as (('C#' == 'C++' and '' != 'true') and  == 'true').
       Task "NETSdkError" skipped, due to false condition; (('$(Language)' == 'C++' and '$(_EnablePackageReferencesInVCProjects)' != 'true') and $(SelfContained) == 'true') was evaluated as (('C#' == 'C++' and '' != 'true') and  == 'true').
   3:5>Done building target "_CheckForLanguageAndFeatureCombinationSupport" in project "DeventSoft.RoadmapSkills.Users.Application.csproj".
       Target "ApplyImplicitVersions" skipped, due to false condition; ('@(PackageReference)' != '') was evaluated as ('' != '').
   3:5>Target "_ComputeToolPackInputsToProcessFrameworkReferences" in file "/usr/local/share/dotnet/sdk/9.0.200/Sdks/Microsoft.NET.Sdk/targets/Microsoft.NET.Publish.targets" from project "/Users/dacanetdev/Dev/AIGenerated/RoadmapSkills/src/Modules/Users/DeventSoft.RoadmapSkills.Users.Application/DeventSoft.RoadmapSkills.Users.Application.csproj" (target "ProcessFrameworkReferences" depends on it):
   3:5>Done building target "_ComputeToolPackInputsToProcessFrameworkReferences" in project "DeventSoft.RoadmapSkills.Users.Application.csproj".
   3:5>Target "ProcessFrameworkReferences" in file "/usr/local/share/dotnet/sdk/9.0.200/Sdks/Microsoft.NET.Sdk/targets/Microsoft.NET.Sdk.FrameworkReferenceResolution.targets" from project "/Users/dacanetdev/Dev/AIGenerated/RoadmapSkills/src/Modules/Users/DeventSoft.RoadmapSkills.Users.Application/DeventSoft.RoadmapSkills.Users.Application.csproj" (target "CollectPackageReferences" depends on it):
       Using "CheckForDuplicateFrameworkReferences" task from assembly "/usr/local/share/dotnet/sdk/9.0.200/Sdks/Microsoft.NET.Sdk/targets/../tools/net9.0/Microsoft.NET.Build.Tasks.dll".
       Task "CheckForDuplicateFrameworkReferences"
       Done executing task "CheckForDuplicateFrameworkReferences".
       Using "ProcessFrameworkReferences" task from assembly "/usr/local/share/dotnet/sdk/9.0.200/Sdks/Microsoft.NET.Sdk/targets/../tools/net9.0/Microsoft.NET.Build.Tasks.dll".
       Task "ProcessFrameworkReferences"
   8:4>Target "CheckForImplicitPackageReferenceOverrides" in file "/usr/local/share/dotnet/sdk/9.0.200/Sdks/Microsoft.NET.Sdk/targets/Microsoft.NET.Sdk.DefaultItems.Shared.targets" from project "/Users/dacanetdev/Dev/AIGenerated/RoadmapSkills/src/DeventSoft.RoadmapSkills.BlazorApp/DeventSoft.RoadmapSkills.BlazorApp.csproj" (target "CollectPackageReferences" depends on it):
   8:4>Using "CheckForImplicitPackageReferenceOverrides" task from assembly "/usr/local/share/dotnet/sdk/9.0.200/Sdks/Microsoft.NET.Sdk/targets/../tools/net9.0/Microsoft.NET.Build.Tasks.dll".
   6:4>Done building target "ApplyImplicitVersions" in project "DeventSoft.RoadmapSkills.Api.csproj".
   3:5>Done executing task "ProcessFrameworkReferences".
   5:4>Done building target "ProcessFrameworkReferences" in project "DeventSoft.RoadmapSkills.Users.UnitTests.csproj".
   6:4>Target "CheckForImplicitPackageReferenceOverrides" skipped. Previously built successfully.
   8:4>Task "CheckForImplicitPackageReferenceOverrides"
   3:5>ProcessFrameworkReferences:
       Using "ResolveAppHosts" task from assembly "/usr/local/share/dotnet/sdk/9.0.200/Sdks/Microsoft.NET.Sdk/targets/../tools/net9.0/Microsoft.NET.Build.Tasks.dll".
   8:4>Done executing task "CheckForImplicitPackageReferenceOverrides".
   3:5>Task "ResolveAppHosts"
   5:4>Target "IncludeTargetingPackReference" skipped, due to false condition; ('$(TargetFrameworkMoniker)' != '' and '$(TargetFrameworkIdentifier)' == '.NETFramework' and '$(AutomaticallyUseReferenceAssemblyPackages)' == 'true') was evaluated as ('.NETCoreApp,Version=v8.0' != '' and '.NETCoreApp' == '.NETFramework' and 'true' == 'true').
   6:4>Target "AddWindowsSdkKnownFrameworkReferences" skipped, due to false condition; ('$(TargetFrameworkIdentifier)' == '.NETCoreApp' And '$(TargetPlatformIdentifier)' == 'Windows'
                     And ('$(Language)' != 'C++' Or '$(IncludeWindowsSDKRefFrameworkReferences)' == 'true')) was evaluated as ('.NETCoreApp' == '.NETCoreApp' And '' == 'Windows'
                     And ('C#' != 'C++' Or '' == 'true')).
     1>Project "/Users/dacanetdev/Dev/AIGenerated/RoadmapSkills/RoadmapSkills.sln" (1) is building "/Users/dacanetdev/Dev/AIGenerated/RoadmapSkills/tests/Modules/Users/DeventSoft.RoadmapSkills.Users.IntegrationTests/DeventSoft.RoadmapSkills.Users.IntegrationTests.csproj" (2:4) on node 5 (_GenerateRestoreGraphProjectEntry target(s)).
   2:4>Target "_GetProjectJsonPath" in file "/usr/local/share/dotnet/sdk/9.0.200/NuGet.targets" from project "/Users/dacanetdev/Dev/AIGenerated/RoadmapSkills/tests/Modules/Users/DeventSoft.RoadmapSkills.Users.IntegrationTests/DeventSoft.RoadmapSkills.Users.IntegrationTests.csproj" (target "_GetRestoreProjectStyle" depends on it):
   2:4>Task "GetRestoreProjectJsonPathTask" skipped, due to false condition; ( '$(RestoreProjectStyle)' == 'ProjectJson' OR '$(RestoreProjectStyle)' == '' ) was evaluated as ( 'PackageReference' == 'ProjectJson' OR 'PackageReference' == '' ).
   8:4>Done building target "CheckForImplicitPackageReferenceOverrides" in project "DeventSoft.RoadmapSkills.BlazorApp.csproj".
   3:5>Done executing task "ResolveAppHosts".
   5:4>Target "_CheckMicrosoftNetCompilersToolsetFrameworkPackageReference" skipped, due to false condition; ('$(MSBuildRuntimeType)' == 'Full') was evaluated as ('Core' == 'Full').
   6:4>Target "_NormalizeTargetPlatformVersion" skipped, due to false condition; ('$(TargetPlatformVersion)' != '' and '$(TargetFrameworkIdentifier)' == '.NETCoreApp' and $([MSBuild]::VersionGreaterThanOrEquals($(TargetFrameworkVersion), 5.0)) and ('$(Language)' != 'C++' or '$(_EnablePackageReferencesInVCProjects)' == 'true')) was evaluated as ('' != '' and '.NETCoreApp' == '.NETCoreApp' and True and ('C#' != 'C++' or '' == 'true')).
   2:4>Done building target "_GetProjectJsonPath" in project "DeventSoft.RoadmapSkills.Users.IntegrationTests.csproj".
   8:4>Target "AddWindowsSdkKnownFrameworkReferences" skipped, due to false condition; ('$(TargetFrameworkIdentifier)' == '.NETCoreApp' And '$(TargetPlatformIdentifier)' == 'Windows'
                     And ('$(Language)' != 'C++' Or '$(IncludeWindowsSDKRefFrameworkReferences)' == 'true')) was evaluated as ('.NETCoreApp' == '.NETCoreApp' And '' == 'Windows'
                     And ('C#' != 'C++' Or '' == 'true')).
   7:4>Target "UpdateAspNetToFrameworkReference" in file "/usr/local/share/dotnet/sdk/9.0.200/Sdks/Microsoft.NET.Sdk/targets/Microsoft.NET.Sdk.DefaultItems.Shared.targets" from project "/Users/dacanetdev/Dev/AIGenerated/RoadmapSkills/src/Modules/Users/DeventSoft.RoadmapSkills.Users.Api/DeventSoft.RoadmapSkills.Users.Api.csproj" (target "ApplyImplicitVersions" depends on it):
   7:4>Using "CheckIfPackageReferenceShouldBeFrameworkReference" task from assembly "/usr/local/share/dotnet/sdk/9.0.200/Sdks/Microsoft.NET.Sdk/targets/../tools/net9.0/Microsoft.NET.Build.Tasks.dll".
     1>Project "/Users/dacanetdev/Dev/AIGenerated/RoadmapSkills/RoadmapSkills.sln" (1) is building "/Users/dacanetdev/Dev/AIGenerated/RoadmapSkills/src/Modules/Users/DeventSoft.RoadmapSkills.Users.Infrastructure/DeventSoft.RoadmapSkills.Users.Infrastructure.csproj" (4:5) on node 7 (_GenerateRestoreGraphProjectEntry target(s)).
   4:5>Target "_GetProjectJsonPath" in file "/usr/local/share/dotnet/sdk/9.0.200/NuGet.targets" from project "/Users/dacanetdev/Dev/AIGenerated/RoadmapSkills/src/Modules/Users/DeventSoft.RoadmapSkills.Users.Infrastructure/DeventSoft.RoadmapSkills.Users.Infrastructure.csproj" (target "_GetRestoreProjectStyle" depends on it):
   4:5>Task "GetRestoreProjectJsonPathTask" skipped, due to false condition; ( '$(RestoreProjectStyle)' == 'ProjectJson' OR '$(RestoreProjectStyle)' == '' ) was evaluated as ( 'PackageReference' == 'ProjectJson' OR 'PackageReference' == '' ).
   6:4>Target "_CheckForLanguageAndFeatureCombinationSupport" in file "/usr/local/share/dotnet/sdk/9.0.200/Sdks/Microsoft.NET.Sdk/targets/Microsoft.NET.RuntimeIdentifierInference.targets" from project "/Users/dacanetdev/Dev/AIGenerated/RoadmapSkills/src/DeventSoft.RoadmapSkills.Api/DeventSoft.RoadmapSkills.Api.csproj" (target "ProcessFrameworkReferences" depends on it):
   6:4>Task "NETSdkError" skipped, due to false condition; (('$(Language)' == 'C++' and '$(_EnablePackageReferencesInVCProjects)' != 'true') and $(OutputType) != 'library' and '$(TargetFrameworkIdentifier)' == '.NETCoreApp') was evaluated as (('C#' == 'C++' and '' != 'true') and Exe != 'library' and '.NETCoreApp' == '.NETCoreApp').
   5:4>Target "_CheckForObsoleteDotNetCliToolReferences" in file "/usr/local/share/dotnet/sdk/9.0.200/Sdks/Microsoft.NET.Sdk/targets/Microsoft.NET.ObsoleteReferences.targets" from project "/Users/dacanetdev/Dev/AIGenerated/RoadmapSkills/tests/Modules/Users/DeventSoft.RoadmapSkills.Users.UnitTests/DeventSoft.RoadmapSkills.Users.UnitTests.csproj" (target "CollectPackageReferences" depends on it):
   5:4>Task "NETSdkWarning" skipped, due to false condition; ( '%(_ReferenceToObsoleteDotNetCliTool.Identity)' != '' ) was evaluated as ( '' != '' ).
   7:4>Task "CheckIfPackageReferenceShouldBeFrameworkReference"
   8:4>Target "_NormalizeTargetPlatformVersion" skipped, due to false condition; ('$(TargetPlatformVersion)' != '' and '$(TargetFrameworkIdentifier)' == '.NETCoreApp' and $([MSBuild]::VersionGreaterThanOrEquals($(TargetFrameworkVersion), 5.0)) and ('$(Language)' != 'C++' or '$(_EnablePackageReferencesInVCProjects)' == 'true')) was evaluated as ('' != '' and '.NETCoreApp' == '.NETCoreApp' and True and ('C#' != 'C++' or '' == 'true')).
   2:4>Target "_CheckForUnsupportedTargetPlatformIdentifier" skipped, due to false condition; ('$(TargetPlatformIdentifier)' != '' and '$(TargetFrameworkIdentifier)' == '.NETCoreApp' and $([MSBuild]::VersionGreaterThanOrEquals($(TargetFrameworkVersion), 5.0)) And ('$(DesignTimeBuild)' != 'true' Or '@(MissingWorkloadPack)' == '')) was evaluated as ('' != '' and '.NETCoreApp' == '.NETCoreApp' and True And ('' != 'true' Or '' == '')).
   4:5>Done building target "_GetProjectJsonPath" in project "DeventSoft.RoadmapSkills.Users.Infrastructure.csproj".
   6:4>_CheckForLanguageAndFeatureCombinationSupport:
       Task "NETSdkError" skipped, due to false condition; (('$(Language)' == 'C++' and '$(_EnablePackageReferencesInVCProjects)' != 'true') and $(EnableComHosting) == 'true') was evaluated as (('C#' == 'C++' and '' != 'true') and  == 'true').
   7:4>Done executing task "CheckIfPackageReferenceShouldBeFrameworkReference".
   5:4>Done building target "_CheckForObsoleteDotNetCliToolReferences" in project "DeventSoft.RoadmapSkills.Users.UnitTests.csproj".
   3:5>Done building target "ProcessFrameworkReferences" in project "DeventSoft.RoadmapSkills.Users.Application.csproj".
   7:4>UpdateAspNetToFrameworkReference:
       Task "NETSdkError" skipped, due to false condition; ('$(_ShouldRemoveAspNetCoreAll)' == 'true') was evaluated as ('False' == 'true').
   6:4>_CheckForLanguageAndFeatureCombinationSupport:
       Task "NETSdkError" skipped, due to false condition; (('$(Language)' == 'C++' and '$(_EnablePackageReferencesInVCProjects)' != 'true') and $(SelfContained) == 'true') was evaluated as (('C#' == 'C++' and '' != 'true') and false == 'true').
   8:4>Target "_CheckForLanguageAndFeatureCombinationSupport" in file "/usr/local/share/dotnet/sdk/9.0.200/Sdks/Microsoft.NET.Sdk/targets/Microsoft.NET.RuntimeIdentifierInference.targets" from project "/Users/dacanetdev/Dev/AIGenerated/RoadmapSkills/src/DeventSoft.RoadmapSkills.BlazorApp/DeventSoft.RoadmapSkills.BlazorApp.csproj" (target "ProcessFrameworkReferences" depends on it):
   8:4>Task "NETSdkError" skipped, due to false condition; (('$(Language)' == 'C++' and '$(_EnablePackageReferencesInVCProjects)' != 'true') and $(OutputType) != 'library' and '$(TargetFrameworkIdentifier)' == '.NETCoreApp') was evaluated as (('C#' == 'C++' and '' != 'true') and Exe != 'library' and '.NETCoreApp' == '.NETCoreApp').
   7:4>Task "CheckIfPackageReferenceShouldBeFrameworkReference"
   6:4>Done building target "_CheckForLanguageAndFeatureCombinationSupport" in project "DeventSoft.RoadmapSkills.Api.csproj".
   3:5>Target "IncludeTargetingPackReference" skipped, due to false condition; ('$(TargetFrameworkMoniker)' != '' and '$(TargetFrameworkIdentifier)' == '.NETFramework' and '$(AutomaticallyUseReferenceAssemblyPackages)' == 'true') was evaluated as ('.NETCoreApp,Version=v8.0' != '' and '.NETCoreApp' == '.NETFramework' and 'true' == 'true').
   8:4>_CheckForLanguageAndFeatureCombinationSupport:
       Task "NETSdkError" skipped, due to false condition; (('$(Language)' == 'C++' and '$(_EnablePackageReferencesInVCProjects)' != 'true') and $(EnableComHosting) == 'true') was evaluated as (('C#' == 'C++' and '' != 'true') and  == 'true').
   2:4>Target "_CheckForMissingWorkload" skipped, due to false condition; ('@(MissingWorkloadPack)' != '' And '$(DesignTimeBuild)' != 'true') was evaluated as ('' != '' And '' != 'true').
   3:5>Target "_CheckMicrosoftNetCompilersToolsetFrameworkPackageReference" skipped, due to false condition; ('$(MSBuildRuntimeType)' == 'Full') was evaluated as ('Core' == 'Full').
   8:4>_CheckForLanguageAndFeatureCombinationSupport:
       Task "NETSdkError" skipped, due to false condition; (('$(Language)' == 'C++' and '$(_EnablePackageReferencesInVCProjects)' != 'true') and $(SelfContained) == 'true') was evaluated as (('C#' == 'C++' and '' != 'true') and false == 'true').
   4:5>Target "_CheckForUnsupportedTargetPlatformIdentifier" skipped, due to false condition; ('$(TargetPlatformIdentifier)' != '' and '$(TargetFrameworkIdentifier)' == '.NETCoreApp' and $([MSBuild]::VersionGreaterThanOrEquals($(TargetFrameworkVersion), 5.0)) And ('$(DesignTimeBuild)' != 'true' Or '@(MissingWorkloadPack)' == '')) was evaluated as ('' != '' and '.NETCoreApp' == '.NETCoreApp' and True And ('' != 'true' Or '' == '')).
   6:4>Target "_ComputeToolPackInputsToProcessFrameworkReferences" in file "/usr/local/share/dotnet/sdk/9.0.200/Sdks/Microsoft.NET.Sdk/targets/Microsoft.NET.Publish.targets" from project "/Users/dacanetdev/Dev/AIGenerated/RoadmapSkills/src/DeventSoft.RoadmapSkills.Api/DeventSoft.RoadmapSkills.Api.csproj" (target "ProcessFrameworkReferences" depends on it):
   6:4>Done building target "_ComputeToolPackInputsToProcessFrameworkReferences" in project "DeventSoft.RoadmapSkills.Api.csproj".
   4:5>Target "_CheckForMissingWorkload" skipped, due to false condition; ('@(MissingWorkloadPack)' != '' And '$(DesignTimeBuild)' != 'true') was evaluated as ('' != '' And '' != 'true').
   8:4>Done building target "_CheckForLanguageAndFeatureCombinationSupport" in project "DeventSoft.RoadmapSkills.BlazorApp.csproj".
   2:4>Target "_CheckForUnsupportedNETCoreVersion" in file "/usr/local/share/dotnet/sdk/9.0.200/Sdks/Microsoft.NET.Sdk/targets/Microsoft.NET.TargetFrameworkInference.targets" from project "/Users/dacanetdev/Dev/AIGenerated/RoadmapSkills/tests/Modules/Users/DeventSoft.RoadmapSkills.Users.IntegrationTests/DeventSoft.RoadmapSkills.Users.IntegrationTests.csproj" (target "CollectPackageReferences" depends on it):
   2:4>Task "NETSdkError" skipped, due to false condition; ('$(_TargetFrameworkVersionWithoutV)' > '$(NETCoreAppMaximumVersion)' and '$(DisplayVSMessage)' != 'true') was evaluated as ('8.0' > '9.0' and '' != 'true').
   3:5>Target "_CheckForObsoleteDotNetCliToolReferences" in file "/usr/local/share/dotnet/sdk/9.0.200/Sdks/Microsoft.NET.Sdk/targets/Microsoft.NET.ObsoleteReferences.targets" from project "/Users/dacanetdev/Dev/AIGenerated/RoadmapSkills/src/Modules/Users/DeventSoft.RoadmapSkills.Users.Application/DeventSoft.RoadmapSkills.Users.Application.csproj" (target "CollectPackageReferences" depends on it):
   3:5>Task "NETSdkWarning" skipped, due to false condition; ( '%(_ReferenceToObsoleteDotNetCliTool.Identity)' != '' ) was evaluated as ( '' != '' ).
   8:4>Target "ApplyImplicitVersions" skipped, due to false condition; ('@(PackageReference)' != '') was evaluated as ('' != '').
   2:4>_CheckForUnsupportedNETCoreVersion:
       Task "NETSdkError" skipped, due to false condition; ('$(DisplayVSMessage)' == 'true') was evaluated as ('' == 'true').
   3:5>Done building target "_CheckForObsoleteDotNetCliToolReferences" in project "DeventSoft.RoadmapSkills.Users.Application.csproj".
   4:5>Target "_CheckForUnsupportedNETCoreVersion" in file "/usr/local/share/dotnet/sdk/9.0.200/Sdks/Microsoft.NET.Sdk/targets/Microsoft.NET.TargetFrameworkInference.targets" from project "/Users/dacanetdev/Dev/AIGenerated/RoadmapSkills/src/Modules/Users/DeventSoft.RoadmapSkills.Users.Infrastructure/DeventSoft.RoadmapSkills.Users.Infrastructure.csproj" (target "CollectPackageReferences" depends on it):
   4:5>Task "NETSdkError" skipped, due to false condition; ('$(_TargetFrameworkVersionWithoutV)' > '$(NETCoreAppMaximumVersion)' and '$(DisplayVSMessage)' != 'true') was evaluated as ('8.0' > '9.0' and '' != 'true').
   6:4>Target "ProcessFrameworkReferences" in file "/usr/local/share/dotnet/sdk/9.0.200/Sdks/Microsoft.NET.Sdk/targets/Microsoft.NET.Sdk.FrameworkReferenceResolution.targets" from project "/Users/dacanetdev/Dev/AIGenerated/RoadmapSkills/src/DeventSoft.RoadmapSkills.Api/DeventSoft.RoadmapSkills.Api.csproj" (target "CollectPackageReferences" depends on it):
   6:4>Using "CheckForDuplicateFrameworkReferences" task from assembly "/usr/local/share/dotnet/sdk/9.0.200/Sdks/Microsoft.NET.Sdk/targets/../tools/net9.0/Microsoft.NET.Build.Tasks.dll".
   4:5>_CheckForUnsupportedNETCoreVersion:
       Task "NETSdkError" skipped, due to false condition; ('$(DisplayVSMessage)' == 'true') was evaluated as ('' == 'true').
   2:4>Done building target "_CheckForUnsupportedNETCoreVersion" in project "DeventSoft.RoadmapSkills.Users.IntegrationTests.csproj".
   8:4>Target "_ComputeToolPackInputsToProcessFrameworkReferences" in file "/usr/local/share/dotnet/sdk/9.0.200/Sdks/Microsoft.NET.Sdk/targets/Microsoft.NET.Publish.targets" from project "/Users/dacanetdev/Dev/AIGenerated/RoadmapSkills/src/DeventSoft.RoadmapSkills.BlazorApp/DeventSoft.RoadmapSkills.BlazorApp.csproj" (target "ProcessFrameworkReferences" depends on it):
   8:4>Done building target "_ComputeToolPackInputsToProcessFrameworkReferences" in project "DeventSoft.RoadmapSkills.BlazorApp.csproj".
   6:4>Task "CheckForDuplicateFrameworkReferences"
   4:5>Done building target "_CheckForUnsupportedNETCoreVersion" in project "DeventSoft.RoadmapSkills.Users.Infrastructure.csproj".
   6:4>Done executing task "CheckForDuplicateFrameworkReferences".
   3:5>Target "CollectPackageReferences" in file "/usr/local/share/dotnet/sdk/9.0.200/NuGet.targets" from project "/Users/dacanetdev/Dev/AIGenerated/RoadmapSkills/src/Modules/Users/DeventSoft.RoadmapSkills.Users.Application/DeventSoft.RoadmapSkills.Users.Application.csproj" (target "_GetRestoreProjectStyle" depends on it):
   3:5>Using "CheckForDuplicateNuGetItemsTask" task from assembly "/usr/local/share/dotnet/sdk/9.0.200/NuGet.Build.Tasks.dll".
   2:4>Target "_CheckForEolTargetFrameworks" skipped, due to false condition; ('@(_EolNetCoreTargetFrameworkVersions->AnyHaveMetadataValue('Identity', '$(_TargetFrameworkVersionWithoutV)'))' and '$(TargetFrameworkIdentifier)' == '.NETCoreApp' and '$(CheckEolTargetFramework)' == 'true') was evaluated as ('false' and '.NETCoreApp' == '.NETCoreApp' and '' == 'true').
   4:5>Target "_CheckForEolTargetFrameworks" skipped, due to false condition; ('@(_EolNetCoreTargetFrameworkVersions->AnyHaveMetadataValue('Identity', '$(_TargetFrameworkVersionWithoutV)'))' and '$(TargetFrameworkIdentifier)' == '.NETCoreApp' and '$(CheckEolTargetFramework)' == 'true') was evaluated as ('false' and '.NETCoreApp' == '.NETCoreApp' and '' == 'true').
   3:5>Task "CheckForDuplicateNuGetItemsTask"
   6:4>ProcessFrameworkReferences:
       Using "ProcessFrameworkReferences" task from assembly "/usr/local/share/dotnet/sdk/9.0.200/Sdks/Microsoft.NET.Sdk/targets/../tools/net9.0/Microsoft.NET.Build.Tasks.dll".
   2:4>Target "_CheckForEolWorkloads" skipped, due to false condition; ('@(EolWorkload)' != '' and '$(CheckEolWorkloads)' == 'true') was evaluated as ('' != '' and 'true' == 'true').
   4:5>Target "_CheckForEolWorkloads" skipped, due to false condition; ('@(EolWorkload)' != '' and '$(CheckEolWorkloads)' == 'true') was evaluated as ('' != '' and 'true' == 'true').
   7:4>Done executing task "CheckIfPackageReferenceShouldBeFrameworkReference".
   3:5>Done executing task "CheckForDuplicateNuGetItemsTask".
   6:4>Task "ProcessFrameworkReferences"
   2:4>Target "_CheckForNotRecommendedNETStandardVersion" skipped, due to false condition; ('$(TargetFrameworkIdentifier)' == '.NETStandard' and $([MSBuild]::VersionLessThan($(TargetFrameworkVersion), '2.0'))) was evaluated as ('.NETCoreApp' == '.NETStandard' and False).
   4:5>Target "_CheckForNotRecommendedNETStandardVersion" skipped, due to false condition; ('$(TargetFrameworkIdentifier)' == '.NETStandard' and $([MSBuild]::VersionLessThan($(TargetFrameworkVersion), '2.0'))) was evaluated as ('.NETCoreApp' == '.NETStandard' and False).
   3:5>Done building target "CollectPackageReferences" in project "DeventSoft.RoadmapSkills.Users.Application.csproj".
   7:4>UpdateAspNetToFrameworkReference:
       Task "NETSdkWarning" skipped, due to false condition; ('$(_ShouldRemoveAspNetCoreApp)' == 'true') was evaluated as ('False' == 'true').
   6:4>Done executing task "ProcessFrameworkReferences".
   7:4>Done building target "UpdateAspNetToFrameworkReference" in project "DeventSoft.RoadmapSkills.Users.Api.csproj".
   6:4>ProcessFrameworkReferences:
       Using "ResolveAppHosts" task from assembly "/usr/local/share/dotnet/sdk/9.0.200/Sdks/Microsoft.NET.Sdk/targets/../tools/net9.0/Microsoft.NET.Build.Tasks.dll".
   4:5>Target "_CheckForUnsupportedCppNETCoreVersion" in file "/usr/local/share/dotnet/sdk/9.0.200/Sdks/Microsoft.NET.Sdk/targets/Microsoft.NET.TargetFrameworkInference.targets" from project "/Users/dacanetdev/Dev/AIGenerated/RoadmapSkills/src/Modules/Users/DeventSoft.RoadmapSkills.Users.Infrastructure/DeventSoft.RoadmapSkills.Users.Infrastructure.csproj" (target "CollectPackageReferences" depends on it):
   4:5>Task "NETSdkError" skipped, due to false condition; ('$(TargetFrameworkIdentifier)' == '.NETCoreApp' and '$(_TargetFrameworkVersionWithoutV)' < '3.1' and ('$(Language)' == 'C++' and '$(_EnablePackageReferencesInVCProjects)' != 'true')) was evaluated as ('.NETCoreApp' == '.NETCoreApp' and '8.0' < '3.1' and ('C#' == 'C++' and '' != 'true')).
   3:5>Target "_GetRestoreProjectStyle" in file "/usr/local/share/dotnet/sdk/9.0.200/NuGet.targets" from project "/Users/dacanetdev/Dev/AIGenerated/RoadmapSkills/src/Modules/Users/DeventSoft.RoadmapSkills.Users.Application/DeventSoft.RoadmapSkills.Users.Application.csproj" (target "_GenerateRestoreSpecs" depends on it):
   3:5>Using "GetRestoreProjectStyleTask" task from assembly "/usr/local/share/dotnet/sdk/9.0.200/NuGet.Build.Tasks.dll".
   7:4>Target "IncludeTargetingPackReference" skipped, due to false condition; ('$(TargetFrameworkMoniker)' != '' and '$(TargetFrameworkIdentifier)' == '.NETFramework' and '$(AutomaticallyUseReferenceAssemblyPackages)' == 'true') was evaluated as ('.NETCoreApp,Version=v8.0' != '' and '.NETCoreApp' == '.NETFramework' and 'true' == 'true').
   2:4>Target "_CheckForUnsupportedCppNETCoreVersion" in file "/usr/local/share/dotnet/sdk/9.0.200/Sdks/Microsoft.NET.Sdk/targets/Microsoft.NET.TargetFrameworkInference.targets" from project "/Users/dacanetdev/Dev/AIGenerated/RoadmapSkills/tests/Modules/Users/DeventSoft.RoadmapSkills.Users.IntegrationTests/DeventSoft.RoadmapSkills.Users.IntegrationTests.csproj" (target "CollectPackageReferences" depends on it):
   2:4>Task "NETSdkError" skipped, due to false condition; ('$(TargetFrameworkIdentifier)' == '.NETCoreApp' and '$(_TargetFrameworkVersionWithoutV)' < '3.1' and ('$(Language)' == 'C++' and '$(_EnablePackageReferencesInVCProjects)' != 'true')) was evaluated as ('.NETCoreApp' == '.NETCoreApp' and '8.0' < '3.1' and ('C#' == 'C++' and '' != 'true')).
   6:4>Task "ResolveAppHosts"
   4:5>Done building target "_CheckForUnsupportedCppNETCoreVersion" in project "DeventSoft.RoadmapSkills.Users.Infrastructure.csproj".
   3:5>Task "GetRestoreProjectStyleTask"
   2:4>Done building target "_CheckForUnsupportedCppNETCoreVersion" in project "DeventSoft.RoadmapSkills.Users.IntegrationTests.csproj".
   6:4>Done executing task "ResolveAppHosts".
   3:5>Done executing task "GetRestoreProjectStyleTask".
   4:5>Target "_CheckForUnsupportedNETStandardVersion" skipped, due to false condition; ('$(TargetFrameworkIdentifier)' == '.NETStandard' And '$(NETStandardMaximumVersion)' != '') was evaluated as ('.NETCoreApp' == '.NETStandard' And '' != '').
   7:4>Target "CheckForImplicitPackageReferenceOverrides" in file "/usr/local/share/dotnet/sdk/9.0.200/Sdks/Microsoft.NET.Sdk/targets/Microsoft.NET.Sdk.DefaultItems.Shared.targets" from project "/Users/dacanetdev/Dev/AIGenerated/RoadmapSkills/src/Modules/Users/DeventSoft.RoadmapSkills.Users.Api/DeventSoft.RoadmapSkills.Users.Api.csproj" (target "ApplyImplicitVersions" depends on it):
   7:4>Using "CheckForImplicitPackageReferenceOverrides" task from assembly "/usr/local/share/dotnet/sdk/9.0.200/Sdks/Microsoft.NET.Sdk/targets/../tools/net9.0/Microsoft.NET.Build.Tasks.dll".
   2:4>Target "_CheckForUnsupportedNETStandardVersion" skipped, due to false condition; ('$(TargetFrameworkIdentifier)' == '.NETStandard' And '$(NETStandardMaximumVersion)' != '') was evaluated as ('.NETCoreApp' == '.NETStandard' And '' != '').
   3:5>Done building target "_GetRestoreProjectStyle" in project "DeventSoft.RoadmapSkills.Users.Application.csproj".
   4:5>Target "_CheckForUnsupportedTargetFrameworkAndFeatureCombination" skipped, due to false condition; ('$(TargetFrameworkIdentifier)' == '.NETFramework') was evaluated as ('.NETCoreApp' == '.NETFramework').
   6:4>Done building target "ProcessFrameworkReferences" in project "DeventSoft.RoadmapSkills.Api.csproj".
  10:3>Target "CheckForImplicitPackageReferenceOverrides" in file "/usr/local/share/dotnet/sdk/9.0.200/Sdks/Microsoft.NET.Sdk/targets/Microsoft.NET.Sdk.DefaultItems.Shared.targets" from project "/Users/dacanetdev/Dev/AIGenerated/RoadmapSkills/src/Shared/DeventSoft.RoadmapSkills.Shared.Domain/DeventSoft.RoadmapSkills.Shared.Domain.csproj" (target "CollectPackageReferences" depends on it):
  10:3>Using "CheckForImplicitPackageReferenceOverrides" task from assembly "/usr/local/share/dotnet/sdk/9.0.200/Sdks/Microsoft.NET.Sdk/targets/../tools/net9.0/Microsoft.NET.Build.Tasks.dll".
   7:4>Task "CheckForImplicitPackageReferenceOverrides"
  10:3>Task "CheckForImplicitPackageReferenceOverrides"
   2:4>Target "_CheckForUnsupportedTargetFrameworkAndFeatureCombination" skipped, due to false condition; ('$(TargetFrameworkIdentifier)' == '.NETFramework') was evaluated as ('.NETCoreApp' == '.NETFramework').
   6:4>Target "IncludeTargetingPackReference" skipped, due to false condition; ('$(TargetFrameworkMoniker)' != '' and '$(TargetFrameworkIdentifier)' == '.NETFramework' and '$(AutomaticallyUseReferenceAssemblyPackages)' == 'true') was evaluated as ('.NETCoreApp,Version=v8.0' != '' and '.NETCoreApp' == '.NETFramework' and 'true' == 'true').
   7:4>Done executing task "CheckForImplicitPackageReferenceOverrides".
   4:5>Target "UpdateAspNetToFrameworkReference" in file "/usr/local/share/dotnet/sdk/9.0.200/Sdks/Microsoft.NET.Sdk/targets/Microsoft.NET.Sdk.DefaultItems.Shared.targets" from project "/Users/dacanetdev/Dev/AIGenerated/RoadmapSkills/src/Modules/Users/DeventSoft.RoadmapSkills.Users.Infrastructure/DeventSoft.RoadmapSkills.Users.Infrastructure.csproj" (target "ApplyImplicitVersions" depends on it):
   4:5>Using "CheckIfPackageReferenceShouldBeFrameworkReference" task from assembly "/usr/local/share/dotnet/sdk/9.0.200/Sdks/Microsoft.NET.Sdk/targets/../tools/net9.0/Microsoft.NET.Build.Tasks.dll".
   5:4>Target "CollectPackageReferences" in file "/usr/local/share/dotnet/sdk/9.0.200/NuGet.targets" from project "/Users/dacanetdev/Dev/AIGenerated/RoadmapSkills/tests/Modules/Users/DeventSoft.RoadmapSkills.Users.UnitTests/DeventSoft.RoadmapSkills.Users.UnitTests.csproj" (target "_GetRestoreProjectStyle" depends on it):
   5:4>Using "CheckForDuplicateNuGetItemsTask" task from assembly "/usr/local/share/dotnet/sdk/9.0.200/NuGet.Build.Tasks.dll".
   3:5>Target "_GenerateRestoreSpecs" in file "/usr/local/share/dotnet/sdk/9.0.200/NuGet.targets" from project "/Users/dacanetdev/Dev/AIGenerated/RoadmapSkills/src/Modules/Users/DeventSoft.RoadmapSkills.Users.Application/DeventSoft.RoadmapSkills.Users.Application.csproj" (target "_GenerateRestoreGraphProjectEntry" depends on it):
   3:5>Using "Message" task from assembly "Microsoft.Build.Tasks.Core, Version=15.1.0.0, Culture=neutral, PublicKeyToken=b03f5f7f11d50a3a".
   5:4>Task "CheckForDuplicateNuGetItemsTask"
   8:4>Target "ProcessFrameworkReferences" in file "/usr/local/share/dotnet/sdk/9.0.200/Sdks/Microsoft.NET.Sdk/targets/Microsoft.NET.Sdk.FrameworkReferenceResolution.targets" from project "/Users/dacanetdev/Dev/AIGenerated/RoadmapSkills/src/DeventSoft.RoadmapSkills.BlazorApp/DeventSoft.RoadmapSkills.BlazorApp.csproj" (target "CollectPackageReferences" depends on it):
   8:4>Using "CheckForDuplicateFrameworkReferences" task from assembly "/usr/local/share/dotnet/sdk/9.0.200/Sdks/Microsoft.NET.Sdk/targets/../tools/net9.0/Microsoft.NET.Build.Tasks.dll".
   4:5>Task "CheckIfPackageReferenceShouldBeFrameworkReference"
   3:5>Task "Message"
   6:4>Target "_CheckMicrosoftNetCompilersToolsetFrameworkPackageReference" skipped, due to false condition; ('$(MSBuildRuntimeType)' == 'Full') was evaluated as ('Core' == 'Full').
   8:4>Task "CheckForDuplicateFrameworkReferences"
   5:4>Done executing task "CheckForDuplicateNuGetItemsTask".
   4:5>Done executing task "CheckIfPackageReferenceShouldBeFrameworkReference".
   2:4>Target "UpdateAspNetToFrameworkReference" in file "/usr/local/share/dotnet/sdk/9.0.200/Sdks/Microsoft.NET.Sdk/targets/Microsoft.NET.Sdk.DefaultItems.Shared.targets" from project "/Users/dacanetdev/Dev/AIGenerated/RoadmapSkills/tests/Modules/Users/DeventSoft.RoadmapSkills.Users.IntegrationTests/DeventSoft.RoadmapSkills.Users.IntegrationTests.csproj" (target "ApplyImplicitVersions" depends on it):
   2:4>Using "CheckIfPackageReferenceShouldBeFrameworkReference" task from assembly "/usr/local/share/dotnet/sdk/9.0.200/Sdks/Microsoft.NET.Sdk/targets/../tools/net9.0/Microsoft.NET.Build.Tasks.dll".
   3:5>_GenerateRestoreSpecs:
         Restore entry point /Users/dacanetdev/Dev/AIGenerated/RoadmapSkills/src/Modules/Users/DeventSoft.RoadmapSkills.Users.Application/DeventSoft.RoadmapSkills.Users.Application.csproj
   2:4>Task "CheckIfPackageReferenceShouldBeFrameworkReference"
   3:5>Done executing task "Message".
   4:5>UpdateAspNetToFrameworkReference:
       Task "NETSdkError" skipped, due to false condition; ('$(_ShouldRemoveAspNetCoreAll)' == 'true') was evaluated as ('False' == 'true').
   6:4>Target "_CheckForObsoleteDotNetCliToolReferences" in file "/usr/local/share/dotnet/sdk/9.0.200/Sdks/Microsoft.NET.Sdk/targets/Microsoft.NET.ObsoleteReferences.targets" from project "/Users/dacanetdev/Dev/AIGenerated/RoadmapSkills/src/DeventSoft.RoadmapSkills.Api/DeventSoft.RoadmapSkills.Api.csproj" (target "CollectPackageReferences" depends on it):
   6:4>Task "NETSdkWarning" skipped, due to false condition; ( '%(_ReferenceToObsoleteDotNetCliTool.Identity)' != '' ) was evaluated as ( '' != '' ).
   5:4>Done building target "CollectPackageReferences" in project "DeventSoft.RoadmapSkills.Users.UnitTests.csproj".
   2:4>Done executing task "CheckIfPackageReferenceShouldBeFrameworkReference".
   3:5>Done building target "_GenerateRestoreSpecs" in project "DeventSoft.RoadmapSkills.Users.Application.csproj".
   4:5>Task "CheckIfPackageReferenceShouldBeFrameworkReference"
   6:4>Done building target "_CheckForObsoleteDotNetCliToolReferences" in project "DeventSoft.RoadmapSkills.Api.csproj".
   2:4>UpdateAspNetToFrameworkReference:
       Task "NETSdkError" skipped, due to false condition; ('$(_ShouldRemoveAspNetCoreAll)' == 'true') was evaluated as ('False' == 'true').
   8:4>Done executing task "CheckForDuplicateFrameworkReferences".
   4:5>Done executing task "CheckIfPackageReferenceShouldBeFrameworkReference".
   2:4>Task "CheckIfPackageReferenceShouldBeFrameworkReference"
   8:4>ProcessFrameworkReferences:
       Using "ProcessFrameworkReferences" task from assembly "/usr/local/share/dotnet/sdk/9.0.200/Sdks/Microsoft.NET.Sdk/targets/../tools/net9.0/Microsoft.NET.Build.Tasks.dll".
   2:4>Done executing task "CheckIfPackageReferenceShouldBeFrameworkReference".
   5:4>Target "_GetRestoreProjectStyle" in file "/usr/local/share/dotnet/sdk/9.0.200/NuGet.targets" from project "/Users/dacanetdev/Dev/AIGenerated/RoadmapSkills/tests/Modules/Users/DeventSoft.RoadmapSkills.Users.UnitTests/DeventSoft.RoadmapSkills.Users.UnitTests.csproj" (target "_GenerateRestoreSpecs" depends on it):
   5:4>Using "GetRestoreProjectStyleTask" task from assembly "/usr/local/share/dotnet/sdk/9.0.200/NuGet.Build.Tasks.dll".
   7:4>Done building target "CheckForImplicitPackageReferenceOverrides" in project "DeventSoft.RoadmapSkills.Users.Api.csproj".
   3:5>Target "_GetRestoreSettingsOverrides" in file "/usr/local/share/dotnet/sdk/9.0.200/NuGet.targets" from project "/Users/dacanetdev/Dev/AIGenerated/RoadmapSkills/src/Modules/Users/DeventSoft.RoadmapSkills.Users.Application/DeventSoft.RoadmapSkills.Users.Application.csproj" (target "_GetRestoreSettings" depends on it):
   3:5>Task "MSBuild" skipped, due to false condition; ( '$(RestorePackagesPath)' != '' ) was evaluated as ( '' != '' ).
   4:5>UpdateAspNetToFrameworkReference:
       Task "NETSdkWarning" skipped, due to false condition; ('$(_ShouldRemoveAspNetCoreApp)' == 'true') was evaluated as ('False' == 'true').
   8:4>Task "ProcessFrameworkReferences"
   2:4>UpdateAspNetToFrameworkReference:
       Task "NETSdkWarning" skipped, due to false condition; ('$(_ShouldRemoveAspNetCoreApp)' == 'true') was evaluated as ('False' == 'true').
   5:4>Task "GetRestoreProjectStyleTask"
   3:5>_GetRestoreSettingsOverrides:
       Task "MSBuild" skipped, due to false condition; ( '$(RestoreRepositoryPathOverride)' != '' ) was evaluated as ( '' != '' ).
   8:4>Done executing task "ProcessFrameworkReferences".
   7:4>Target "ApplyImplicitVersions" in file "/usr/local/share/dotnet/sdk/9.0.200/Sdks/Microsoft.NET.Sdk/targets/Microsoft.NET.Sdk.DefaultItems.Shared.targets" from project "/Users/dacanetdev/Dev/AIGenerated/RoadmapSkills/src/Modules/Users/DeventSoft.RoadmapSkills.Users.Api/DeventSoft.RoadmapSkills.Users.Api.csproj" (target "CollectPackageReferences" depends on it):
   7:4>Using "ApplyImplicitVersions" task from assembly "/usr/local/share/dotnet/sdk/9.0.200/Sdks/Microsoft.NET.Sdk/targets/../tools/net9.0/Microsoft.NET.Build.Tasks.dll".
   4:5>Done building target "UpdateAspNetToFrameworkReference" in project "DeventSoft.RoadmapSkills.Users.Infrastructure.csproj".
   5:4>Done executing task "GetRestoreProjectStyleTask".
   8:4>ProcessFrameworkReferences:
       Using "ResolveAppHosts" task from assembly "/usr/local/share/dotnet/sdk/9.0.200/Sdks/Microsoft.NET.Sdk/targets/../tools/net9.0/Microsoft.NET.Build.Tasks.dll".
   6:4>Target "CollectPackageReferences" in file "/usr/local/share/dotnet/sdk/9.0.200/NuGet.targets" from project "/Users/dacanetdev/Dev/AIGenerated/RoadmapSkills/src/DeventSoft.RoadmapSkills.Api/DeventSoft.RoadmapSkills.Api.csproj" (target "_GetRestoreProjectStyle" depends on it):
   6:4>Using "CheckForDuplicateNuGetItemsTask" task from assembly "/usr/local/share/dotnet/sdk/9.0.200/NuGet.Build.Tasks.dll".
   2:4>Done building target "UpdateAspNetToFrameworkReference" in project "DeventSoft.RoadmapSkills.Users.IntegrationTests.csproj".
   3:5>_GetRestoreSettingsOverrides:
       Task "MSBuild" skipped, due to false condition; ( '$(RestoreSources)' != '' ) was evaluated as ( '' != '' ).
   4:5>Target "IncludeTargetingPackReference" skipped, due to false condition; ('$(TargetFrameworkMoniker)' != '' and '$(TargetFrameworkIdentifier)' == '.NETFramework' and '$(AutomaticallyUseReferenceAssemblyPackages)' == 'true') was evaluated as ('.NETCoreApp,Version=v8.0' != '' and '.NETCoreApp' == '.NETFramework' and 'true' == 'true').
   5:4>Done building target "_GetRestoreProjectStyle" in project "DeventSoft.RoadmapSkills.Users.UnitTests.csproj".
   7:4>Task "ApplyImplicitVersions"
   6:4>Task "CheckForDuplicateNuGetItemsTask"
   2:4>Target "IncludeTargetingPackReference" skipped, due to false condition; ('$(TargetFrameworkMoniker)' != '' and '$(TargetFrameworkIdentifier)' == '.NETFramework' and '$(AutomaticallyUseReferenceAssemblyPackages)' == 'true') was evaluated as ('.NETCoreApp,Version=v8.0' != '' and '.NETCoreApp' == '.NETFramework' and 'true' == 'true').
   3:5>_GetRestoreSettingsOverrides:
       Task "MSBuild" skipped, due to false condition; ( '$(RestoreFallbackFolders)' != '' ) was evaluated as ( '' != '' ).
   7:4>Done executing task "ApplyImplicitVersions".
   3:5>Done building target "_GetRestoreSettingsOverrides" in project "DeventSoft.RoadmapSkills.Users.Application.csproj".
   5:4>Target "_GenerateRestoreSpecs" in file "/usr/local/share/dotnet/sdk/9.0.200/NuGet.targets" from project "/Users/dacanetdev/Dev/AIGenerated/RoadmapSkills/tests/Modules/Users/DeventSoft.RoadmapSkills.Users.UnitTests/DeventSoft.RoadmapSkills.Users.UnitTests.csproj" (target "_GenerateRestoreGraphProjectEntry" depends on it):
   5:4>Using "Message" task from assembly "Microsoft.Build.Tasks.Core, Version=15.1.0.0, Culture=neutral, PublicKeyToken=b03f5f7f11d50a3a".
   8:4>Task "ResolveAppHosts"
   4:5>Target "CheckForImplicitPackageReferenceOverrides" in file "/usr/local/share/dotnet/sdk/9.0.200/Sdks/Microsoft.NET.Sdk/targets/Microsoft.NET.Sdk.DefaultItems.Shared.targets" from project "/Users/dacanetdev/Dev/AIGenerated/RoadmapSkills/src/Modules/Users/DeventSoft.RoadmapSkills.Users.Infrastructure/DeventSoft.RoadmapSkills.Users.Infrastructure.csproj" (target "ApplyImplicitVersions" depends on it):
   4:5>Using "CheckForImplicitPackageReferenceOverrides" task from assembly "/usr/local/share/dotnet/sdk/9.0.200/Sdks/Microsoft.NET.Sdk/targets/../tools/net9.0/Microsoft.NET.Build.Tasks.dll".
   7:4>Done building target "ApplyImplicitVersions" in project "DeventSoft.RoadmapSkills.Users.Api.csproj".
       Target "CheckForImplicitPackageReferenceOverrides" skipped. Previously built successfully.
   8:4>Done executing task "ResolveAppHosts".
   4:5>Task "CheckForImplicitPackageReferenceOverrides"
   5:4>Task "Message"
   3:5>Target "_GetRestoreSettingsPerFramework" in file "/usr/local/share/dotnet/sdk/9.0.200/NuGet.targets" from project "/Users/dacanetdev/Dev/AIGenerated/RoadmapSkills/src/Modules/Users/DeventSoft.RoadmapSkills.Users.Application/DeventSoft.RoadmapSkills.Users.Application.csproj" (target "_GetRestoreSettingsCurrentProject" depends on it):
   3:5>Done building target "_GetRestoreSettingsPerFramework" in project "DeventSoft.RoadmapSkills.Users.Application.csproj".
   6:4>Done executing task "CheckForDuplicateNuGetItemsTask".
   7:4>Target "AddWindowsSdkKnownFrameworkReferences" skipped, due to false condition; ('$(TargetFrameworkIdentifier)' == '.NETCoreApp' And '$(TargetPlatformIdentifier)' == 'Windows'
                     And ('$(Language)' != 'C++' Or '$(IncludeWindowsSDKRefFrameworkReferences)' == 'true')) was evaluated as ('.NETCoreApp' == '.NETCoreApp' And '' == 'Windows'
                     And ('C#' != 'C++' Or '' == 'true')).
   8:4>Done building target "ProcessFrameworkReferences" in project "DeventSoft.RoadmapSkills.BlazorApp.csproj".
   4:5>Done executing task "CheckForImplicitPackageReferenceOverrides".
   5:4>_GenerateRestoreSpecs:
         Restore entry point /Users/dacanetdev/Dev/AIGenerated/RoadmapSkills/tests/Modules/Users/DeventSoft.RoadmapSkills.Users.UnitTests/DeventSoft.RoadmapSkills.Users.UnitTests.csproj
   7:4>Target "_NormalizeTargetPlatformVersion" skipped, due to false condition; ('$(TargetPlatformVersion)' != '' and '$(TargetFrameworkIdentifier)' == '.NETCoreApp' and $([MSBuild]::VersionGreaterThanOrEquals($(TargetFrameworkVersion), 5.0)) and ('$(Language)' != 'C++' or '$(_EnablePackageReferencesInVCProjects)' == 'true')) was evaluated as ('' != '' and '.NETCoreApp' == '.NETCoreApp' and True and ('C#' != 'C++' or '' == 'true')).
   6:4>Done building target "CollectPackageReferences" in project "DeventSoft.RoadmapSkills.Api.csproj".
   8:4>Target "IncludeTargetingPackReference" skipped, due to false condition; ('$(TargetFrameworkMoniker)' != '' and '$(TargetFrameworkIdentifier)' == '.NETFramework' and '$(AutomaticallyUseReferenceAssemblyPackages)' == 'true') was evaluated as ('.NETCoreApp,Version=v8.0' != '' and '.NETCoreApp' == '.NETFramework' and 'true' == 'true').
   3:5>Target "_GetRestoreSettingsCurrentProject" in file "/usr/local/share/dotnet/sdk/9.0.200/NuGet.targets" from project "/Users/dacanetdev/Dev/AIGenerated/RoadmapSkills/src/Modules/Users/DeventSoft.RoadmapSkills.Users.Application/DeventSoft.RoadmapSkills.Users.Application.csproj" (target "_GetRestoreSettings" depends on it):
   3:5>Done building target "_GetRestoreSettingsCurrentProject" in project "DeventSoft.RoadmapSkills.Users.Application.csproj".
   5:4>Done executing task "Message".
   4:5>Done building target "CheckForImplicitPackageReferenceOverrides" in project "DeventSoft.RoadmapSkills.Users.Infrastructure.csproj".
   7:4>Target "_CheckForLanguageAndFeatureCombinationSupport" in file "/usr/local/share/dotnet/sdk/9.0.200/Sdks/Microsoft.NET.Sdk/targets/Microsoft.NET.RuntimeIdentifierInference.targets" from project "/Users/dacanetdev/Dev/AIGenerated/RoadmapSkills/src/Modules/Users/DeventSoft.RoadmapSkills.Users.Api/DeventSoft.RoadmapSkills.Users.Api.csproj" (target "ProcessFrameworkReferences" depends on it):
   7:4>Task "NETSdkError" skipped, due to false condition; (('$(Language)' == 'C++' and '$(_EnablePackageReferencesInVCProjects)' != 'true') and $(OutputType) != 'library' and '$(TargetFrameworkIdentifier)' == '.NETCoreApp') was evaluated as (('C#' == 'C++' and '' != 'true') and Exe != 'library' and '.NETCoreApp' == '.NETCoreApp').
   2:4>Target "CheckForImplicitPackageReferenceOverrides" in file "/usr/local/share/dotnet/sdk/9.0.200/Sdks/Microsoft.NET.Sdk/targets/Microsoft.NET.Sdk.DefaultItems.Shared.targets" from project "/Users/dacanetdev/Dev/AIGenerated/RoadmapSkills/tests/Modules/Users/DeventSoft.RoadmapSkills.Users.IntegrationTests/DeventSoft.RoadmapSkills.Users.IntegrationTests.csproj" (target "ApplyImplicitVersions" depends on it):
   2:4>Using "CheckForImplicitPackageReferenceOverrides" task from assembly "/usr/local/share/dotnet/sdk/9.0.200/Sdks/Microsoft.NET.Sdk/targets/../tools/net9.0/Microsoft.NET.Build.Tasks.dll".
   7:4>_CheckForLanguageAndFeatureCombinationSupport:
       Task "NETSdkError" skipped, due to false condition; (('$(Language)' == 'C++' and '$(_EnablePackageReferencesInVCProjects)' != 'true') and $(EnableComHosting) == 'true') was evaluated as (('C#' == 'C++' and '' != 'true') and  == 'true').
   8:4>Target "_CheckMicrosoftNetCompilersToolsetFrameworkPackageReference" skipped, due to false condition; ('$(MSBuildRuntimeType)' == 'Full') was evaluated as ('Core' == 'Full').
   6:4>Target "_GetRestoreProjectStyle" in file "/usr/local/share/dotnet/sdk/9.0.200/NuGet.targets" from project "/Users/dacanetdev/Dev/AIGenerated/RoadmapSkills/src/DeventSoft.RoadmapSkills.Api/DeventSoft.RoadmapSkills.Api.csproj" (target "_GenerateRestoreSpecs" depends on it):
   6:4>Using "GetRestoreProjectStyleTask" task from assembly "/usr/local/share/dotnet/sdk/9.0.200/NuGet.Build.Tasks.dll".
   5:4>Done building target "_GenerateRestoreSpecs" in project "DeventSoft.RoadmapSkills.Users.UnitTests.csproj".
   7:4>_CheckForLanguageAndFeatureCombinationSupport:
       Task "NETSdkError" skipped, due to false condition; (('$(Language)' == 'C++' and '$(_EnablePackageReferencesInVCProjects)' != 'true') and $(SelfContained) == 'true') was evaluated as (('C#' == 'C++' and '' != 'true') and false == 'true').
   2:4>Task "CheckForImplicitPackageReferenceOverrides"
   3:5>Target "_GetRestoreSettingsAllFrameworks" skipped, due to false condition; ( '$(TargetFrameworks)' != '' AND '$(PackageReferenceCompatibleProjectStyle)' == 'true' ) was evaluated as ( '' != '' AND 'True' == 'true' ).
   6:4>Task "GetRestoreProjectStyleTask"
   7:4>Done building target "_CheckForLanguageAndFeatureCombinationSupport" in project "DeventSoft.RoadmapSkills.Users.Api.csproj".
   5:4>Target "_GetRestoreSettingsOverrides" in file "/usr/local/share/dotnet/sdk/9.0.200/NuGet.targets" from project "/Users/dacanetdev/Dev/AIGenerated/RoadmapSkills/tests/Modules/Users/DeventSoft.RoadmapSkills.Users.UnitTests/DeventSoft.RoadmapSkills.Users.UnitTests.csproj" (target "_GetRestoreSettings" depends on it):
   5:4>Task "MSBuild" skipped, due to false condition; ( '$(RestorePackagesPath)' != '' ) was evaluated as ( '' != '' ).
   6:4>Done executing task "GetRestoreProjectStyleTask".
   8:4>Target "_CheckForObsoleteDotNetCliToolReferences" in file "/usr/local/share/dotnet/sdk/9.0.200/Sdks/Microsoft.NET.Sdk/targets/Microsoft.NET.ObsoleteReferences.targets" from project "/Users/dacanetdev/Dev/AIGenerated/RoadmapSkills/src/DeventSoft.RoadmapSkills.BlazorApp/DeventSoft.RoadmapSkills.BlazorApp.csproj" (target "CollectPackageReferences" depends on it):
   8:4>Task "NETSdkWarning" skipped, due to false condition; ( '%(_ReferenceToObsoleteDotNetCliTool.Identity)' != '' ) was evaluated as ( '' != '' ).
   2:4>Done executing task "CheckForImplicitPackageReferenceOverrides".
   8:4>Done building target "_CheckForObsoleteDotNetCliToolReferences" in project "DeventSoft.RoadmapSkills.BlazorApp.csproj".
   5:4>_GetRestoreSettingsOverrides:
       Task "MSBuild" skipped, due to false condition; ( '$(RestoreRepositoryPathOverride)' != '' ) was evaluated as ( '' != '' ).
   6:4>Done building target "_GetRestoreProjectStyle" in project "DeventSoft.RoadmapSkills.Api.csproj".
   3:5>Target "_GetRestoreSettings" in file "/usr/local/share/dotnet/sdk/9.0.200/NuGet.targets" from project "/Users/dacanetdev/Dev/AIGenerated/RoadmapSkills/src/Modules/Users/DeventSoft.RoadmapSkills.Users.Application/DeventSoft.RoadmapSkills.Users.Application.csproj" (target "_GenerateDotnetCliToolReferenceSpecs" depends on it):
   3:5>Using "GetRestoreSettingsTask" task from assembly "/usr/local/share/dotnet/sdk/9.0.200/NuGet.Build.Tasks.dll".
   2:4>Done building target "CheckForImplicitPackageReferenceOverrides" in project "DeventSoft.RoadmapSkills.Users.IntegrationTests.csproj".
   7:4>Target "_ComputeToolPackInputsToProcessFrameworkReferences" in file "/usr/local/share/dotnet/sdk/9.0.200/Sdks/Microsoft.NET.Sdk/targets/Microsoft.NET.Publish.targets" from project "/Users/dacanetdev/Dev/AIGenerated/RoadmapSkills/src/Modules/Users/DeventSoft.RoadmapSkills.Users.Api/DeventSoft.RoadmapSkills.Users.Api.csproj" (target "ProcessFrameworkReferences" depends on it):
   7:4>Done building target "_ComputeToolPackInputsToProcessFrameworkReferences" in project "DeventSoft.RoadmapSkills.Users.Api.csproj".
   5:4>_GetRestoreSettingsOverrides:
       Task "MSBuild" skipped, due to false condition; ( '$(RestoreSources)' != '' ) was evaluated as ( '' != '' ).
   3:5>Task "GetRestoreSettingsTask"
   5:4>_GetRestoreSettingsOverrides:
       Task "MSBuild" skipped, due to false condition; ( '$(RestoreFallbackFolders)' != '' ) was evaluated as ( '' != '' ).
   8:4>Target "CollectPackageReferences" in file "/usr/local/share/dotnet/sdk/9.0.200/NuGet.targets" from project "/Users/dacanetdev/Dev/AIGenerated/RoadmapSkills/src/DeventSoft.RoadmapSkills.BlazorApp/DeventSoft.RoadmapSkills.BlazorApp.csproj" (target "_GetRestoreProjectStyle" depends on it):
   8:4>Using "CheckForDuplicateNuGetItemsTask" task from assembly "/usr/local/share/dotnet/sdk/9.0.200/NuGet.Build.Tasks.dll".
   3:5>Done executing task "GetRestoreSettingsTask".
   6:4>Target "_GenerateRestoreSpecs" in file "/usr/local/share/dotnet/sdk/9.0.200/NuGet.targets" from project "/Users/dacanetdev/Dev/AIGenerated/RoadmapSkills/src/DeventSoft.RoadmapSkills.Api/DeventSoft.RoadmapSkills.Api.csproj" (target "_GenerateRestoreGraphProjectEntry" depends on it):
   6:4>Using "Message" task from assembly "Microsoft.Build.Tasks.Core, Version=15.1.0.0, Culture=neutral, PublicKeyToken=b03f5f7f11d50a3a".
   2:4>Target "ApplyImplicitVersions" in file "/usr/local/share/dotnet/sdk/9.0.200/Sdks/Microsoft.NET.Sdk/targets/Microsoft.NET.Sdk.DefaultItems.Shared.targets" from project "/Users/dacanetdev/Dev/AIGenerated/RoadmapSkills/tests/Modules/Users/DeventSoft.RoadmapSkills.Users.IntegrationTests/DeventSoft.RoadmapSkills.Users.IntegrationTests.csproj" (target "CollectPackageReferences" depends on it):
   2:4>Using "ApplyImplicitVersions" task from assembly "/usr/local/share/dotnet/sdk/9.0.200/Sdks/Microsoft.NET.Sdk/targets/../tools/net9.0/Microsoft.NET.Build.Tasks.dll".
   8:4>Task "CheckForDuplicateNuGetItemsTask"
   7:4>Target "ProcessFrameworkReferences" in file "/usr/local/share/dotnet/sdk/9.0.200/Sdks/Microsoft.NET.Sdk/targets/Microsoft.NET.Sdk.FrameworkReferenceResolution.targets" from project "/Users/dacanetdev/Dev/AIGenerated/RoadmapSkills/src/Modules/Users/DeventSoft.RoadmapSkills.Users.Api/DeventSoft.RoadmapSkills.Users.Api.csproj" (target "CollectPackageReferences" depends on it):
   7:4>Using "CheckForDuplicateFrameworkReferences" task from assembly "/usr/local/share/dotnet/sdk/9.0.200/Sdks/Microsoft.NET.Sdk/targets/../tools/net9.0/Microsoft.NET.Build.Tasks.dll".
   3:5>Done building target "_GetRestoreSettings" in project "DeventSoft.RoadmapSkills.Users.Application.csproj".
   2:4>Task "ApplyImplicitVersions"
   6:4>Task "Message"
   7:4>Task "CheckForDuplicateFrameworkReferences"
   8:4>Done executing task "CheckForDuplicateNuGetItemsTask".
   2:4>Done executing task "ApplyImplicitVersions".
   6:4>_GenerateRestoreSpecs:
         Restore entry point /Users/dacanetdev/Dev/AIGenerated/RoadmapSkills/src/DeventSoft.RoadmapSkills.Api/DeventSoft.RoadmapSkills.Api.csproj
   5:4>Done building target "_GetRestoreSettingsOverrides" in project "DeventSoft.RoadmapSkills.Users.UnitTests.csproj".
   7:4>Done executing task "CheckForDuplicateFrameworkReferences".
   8:4>Done building target "CollectPackageReferences" in project "DeventSoft.RoadmapSkills.BlazorApp.csproj".
   3:5>Target "_GenerateDotnetCliToolReferenceSpecs" in file "/usr/local/share/dotnet/sdk/9.0.200/NuGet.targets" from project "/Users/dacanetdev/Dev/AIGenerated/RoadmapSkills/src/Modules/Users/DeventSoft.RoadmapSkills.Users.Application/DeventSoft.RoadmapSkills.Users.Application.csproj" (target "_GenerateRestoreGraphProjectEntry" depends on it):
   3:5>Using "GetRestoreDotnetCliToolsTask" task from assembly "/usr/local/share/dotnet/sdk/9.0.200/NuGet.Build.Tasks.dll".
   2:4>Done building target "ApplyImplicitVersions" in project "DeventSoft.RoadmapSkills.Users.IntegrationTests.csproj".
   4:5>Target "ApplyImplicitVersions" in file "/usr/local/share/dotnet/sdk/9.0.200/Sdks/Microsoft.NET.Sdk/targets/Microsoft.NET.Sdk.DefaultItems.Shared.targets" from project "/Users/dacanetdev/Dev/AIGenerated/RoadmapSkills/src/Modules/Users/DeventSoft.RoadmapSkills.Users.Infrastructure/DeventSoft.RoadmapSkills.Users.Infrastructure.csproj" (target "CollectPackageReferences" depends on it):
   4:5>Using "ApplyImplicitVersions" task from assembly "/usr/local/share/dotnet/sdk/9.0.200/Sdks/Microsoft.NET.Sdk/targets/../tools/net9.0/Microsoft.NET.Build.Tasks.dll".
   7:4>ProcessFrameworkReferences:
       Using "ProcessFrameworkReferences" task from assembly "/usr/local/share/dotnet/sdk/9.0.200/Sdks/Microsoft.NET.Sdk/targets/../tools/net9.0/Microsoft.NET.Build.Tasks.dll".
   3:5>Task "GetRestoreDotnetCliToolsTask"
   2:4>Target "CheckForImplicitPackageReferenceOverrides" skipped. Previously built successfully.
   6:4>Done executing task "Message".
   2:4>Target "AddWindowsSdkKnownFrameworkReferences" skipped, due to false condition; ('$(TargetFrameworkIdentifier)' == '.NETCoreApp' And '$(TargetPlatformIdentifier)' == 'Windows'
                     And ('$(Language)' != 'C++' Or '$(IncludeWindowsSDKRefFrameworkReferences)' == 'true')) was evaluated as ('.NETCoreApp' == '.NETCoreApp' And '' == 'Windows'
                     And ('C#' != 'C++' Or '' == 'true')).
   7:4>Task "ProcessFrameworkReferences"
   4:5>Task "ApplyImplicitVersions"
   3:5>Done executing task "GetRestoreDotnetCliToolsTask".
   6:4>Done building target "_GenerateRestoreSpecs" in project "DeventSoft.RoadmapSkills.Api.csproj".
   7:4>Done executing task "ProcessFrameworkReferences".
   8:4>Target "_GetRestoreProjectStyle" in file "/usr/local/share/dotnet/sdk/9.0.200/NuGet.targets" from project "/Users/dacanetdev/Dev/AIGenerated/RoadmapSkills/src/DeventSoft.RoadmapSkills.BlazorApp/DeventSoft.RoadmapSkills.BlazorApp.csproj" (target "_GenerateRestoreSpecs" depends on it):
   8:4>Using "GetRestoreProjectStyleTask" task from assembly "/usr/local/share/dotnet/sdk/9.0.200/NuGet.Build.Tasks.dll".
   4:5>Done executing task "ApplyImplicitVersions".
   2:4>Target "_NormalizeTargetPlatformVersion" skipped, due to false condition; ('$(TargetPlatformVersion)' != '' and '$(TargetFrameworkIdentifier)' == '.NETCoreApp' and $([MSBuild]::VersionGreaterThanOrEquals($(TargetFrameworkVersion), 5.0)) and ('$(Language)' != 'C++' or '$(_EnablePackageReferencesInVCProjects)' == 'true')) was evaluated as ('' != '' and '.NETCoreApp' == '.NETCoreApp' and True and ('C#' != 'C++' or '' == 'true')).
   7:4>ProcessFrameworkReferences:
       Using "ResolveAppHosts" task from assembly "/usr/local/share/dotnet/sdk/9.0.200/Sdks/Microsoft.NET.Sdk/targets/../tools/net9.0/Microsoft.NET.Build.Tasks.dll".
   3:5>Done building target "_GenerateDotnetCliToolReferenceSpecs" in project "DeventSoft.RoadmapSkills.Users.Application.csproj".
   4:5>Done building target "ApplyImplicitVersions" in project "DeventSoft.RoadmapSkills.Users.Infrastructure.csproj".
   5:4>Target "_GetRestoreSettingsPerFramework" in file "/usr/local/share/dotnet/sdk/9.0.200/NuGet.targets" from project "/Users/dacanetdev/Dev/AIGenerated/RoadmapSkills/tests/Modules/Users/DeventSoft.RoadmapSkills.Users.UnitTests/DeventSoft.RoadmapSkills.Users.UnitTests.csproj" (target "_GetRestoreSettingsCurrentProject" depends on it):
   5:4>Done building target "_GetRestoreSettingsPerFramework" in project "DeventSoft.RoadmapSkills.Users.UnitTests.csproj".
   7:4>Task "ResolveAppHosts"
   2:4>Target "_CheckForLanguageAndFeatureCombinationSupport" in file "/usr/local/share/dotnet/sdk/9.0.200/Sdks/Microsoft.NET.Sdk/targets/Microsoft.NET.RuntimeIdentifierInference.targets" from project "/Users/dacanetdev/Dev/AIGenerated/RoadmapSkills/tests/Modules/Users/DeventSoft.RoadmapSkills.Users.IntegrationTests/DeventSoft.RoadmapSkills.Users.IntegrationTests.csproj" (target "ProcessFrameworkReferences" depends on it):
   2:4>Task "NETSdkError" skipped, due to false condition; (('$(Language)' == 'C++' and '$(_EnablePackageReferencesInVCProjects)' != 'true') and $(OutputType) != 'library' and '$(TargetFrameworkIdentifier)' == '.NETCoreApp') was evaluated as (('C#' == 'C++' and '' != 'true') and Library != 'library' and '.NETCoreApp' == '.NETCoreApp').
   4:5>Target "CheckForImplicitPackageReferenceOverrides" skipped. Previously built successfully.
   6:4>Target "_GetRestoreSettingsOverrides" in file "/usr/local/share/dotnet/sdk/9.0.200/NuGet.targets" from project "/Users/dacanetdev/Dev/AIGenerated/RoadmapSkills/src/DeventSoft.RoadmapSkills.Api/DeventSoft.RoadmapSkills.Api.csproj" (target "_GetRestoreSettings" depends on it):
   6:4>Task "MSBuild" skipped, due to false condition; ( '$(RestorePackagesPath)' != '' ) was evaluated as ( '' != '' ).
   8:4>Task "GetRestoreProjectStyleTask"
   7:4>Done executing task "ResolveAppHosts".
   2:4>_CheckForLanguageAndFeatureCombinationSupport:
       Task "NETSdkError" skipped, due to false condition; (('$(Language)' == 'C++' and '$(_EnablePackageReferencesInVCProjects)' != 'true') and $(EnableComHosting) == 'true') was evaluated as (('C#' == 'C++' and '' != 'true') and  == 'true').
   8:4>Done executing task "GetRestoreProjectStyleTask".
   5:4>Target "_GetRestoreSettingsCurrentProject" in file "/usr/local/share/dotnet/sdk/9.0.200/NuGet.targets" from project "/Users/dacanetdev/Dev/AIGenerated/RoadmapSkills/tests/Modules/Users/DeventSoft.RoadmapSkills.Users.UnitTests/DeventSoft.RoadmapSkills.Users.UnitTests.csproj" (target "_GetRestoreSettings" depends on it):
   5:4>Done building target "_GetRestoreSettingsCurrentProject" in project "DeventSoft.RoadmapSkills.Users.UnitTests.csproj".
   4:5>Target "AddWindowsSdkKnownFrameworkReferences" skipped, due to false condition; ('$(TargetFrameworkIdentifier)' == '.NETCoreApp' And '$(TargetPlatformIdentifier)' == 'Windows'
                     And ('$(Language)' != 'C++' Or '$(IncludeWindowsSDKRefFrameworkReferences)' == 'true')) was evaluated as ('.NETCoreApp' == '.NETCoreApp' And '' == 'Windows'
                     And ('C#' != 'C++' Or '' == 'true')).
   6:4>_GetRestoreSettingsOverrides:
       Task "MSBuild" skipped, due to false condition; ( '$(RestoreRepositoryPathOverride)' != '' ) was evaluated as ( '' != '' ).
   8:4>Done building target "_GetRestoreProjectStyle" in project "DeventSoft.RoadmapSkills.BlazorApp.csproj".
   7:4>Done building target "ProcessFrameworkReferences" in project "DeventSoft.RoadmapSkills.Users.Api.csproj".
   2:4>_CheckForLanguageAndFeatureCombinationSupport:
       Task "NETSdkError" skipped, due to false condition; (('$(Language)' == 'C++' and '$(_EnablePackageReferencesInVCProjects)' != 'true') and $(SelfContained) == 'true') was evaluated as (('C#' == 'C++' and '' != 'true') and  == 'true').
   3:5>Target "_GenerateRestoreGraphProjectEntry" in file "/usr/local/share/dotnet/sdk/9.0.200/NuGet.targets" from project "/Users/dacanetdev/Dev/AIGenerated/RoadmapSkills/src/Modules/Users/DeventSoft.RoadmapSkills.Users.Application/DeventSoft.RoadmapSkills.Users.Application.csproj" (entry point):
   3:5>Done building target "_GenerateRestoreGraphProjectEntry" in project "DeventSoft.RoadmapSkills.Users.Application.csproj".
   7:4>Target "IncludeTargetingPackReference" skipped, due to false condition; ('$(TargetFrameworkMoniker)' != '' and '$(TargetFrameworkIdentifier)' == '.NETFramework' and '$(AutomaticallyUseReferenceAssemblyPackages)' == 'true') was evaluated as ('.NETCoreApp,Version=v8.0' != '' and '.NETCoreApp' == '.NETFramework' and 'true' == 'true').
   6:4>_GetRestoreSettingsOverrides:
       Task "MSBuild" skipped, due to false condition; ( '$(RestoreSources)' != '' ) was evaluated as ( '' != '' ).
   8:4>Target "_GenerateRestoreSpecs" in file "/usr/local/share/dotnet/sdk/9.0.200/NuGet.targets" from project "/Users/dacanetdev/Dev/AIGenerated/RoadmapSkills/src/DeventSoft.RoadmapSkills.BlazorApp/DeventSoft.RoadmapSkills.BlazorApp.csproj" (target "_GenerateRestoreGraphProjectEntry" depends on it):
   8:4>Using "Message" task from assembly "Microsoft.Build.Tasks.Core, Version=15.1.0.0, Culture=neutral, PublicKeyToken=b03f5f7f11d50a3a".
   3:5>Done Building Project "/Users/dacanetdev/Dev/AIGenerated/RoadmapSkills/src/Modules/Users/DeventSoft.RoadmapSkills.Users.Application/DeventSoft.RoadmapSkills.Users.Application.csproj" (_GenerateRestoreGraphProjectEntry target(s)).
   2:4>Done building target "_CheckForLanguageAndFeatureCombinationSupport" in project "DeventSoft.RoadmapSkills.Users.IntegrationTests.csproj".
   5:4>Target "_GetRestoreSettingsAllFrameworks" skipped, due to false condition; ( '$(TargetFrameworks)' != '' AND '$(PackageReferenceCompatibleProjectStyle)' == 'true' ) was evaluated as ( '' != '' AND 'True' == 'true' ).
   6:4>_GetRestoreSettingsOverrides:
       Task "MSBuild" skipped, due to false condition; ( '$(RestoreFallbackFolders)' != '' ) was evaluated as ( '' != '' ).
   7:4>Target "_CheckMicrosoftNetCompilersToolsetFrameworkPackageReference" skipped, due to false condition; ('$(MSBuildRuntimeType)' == 'Full') was evaluated as ('Core' == 'Full').
   4:5>Target "_NormalizeTargetPlatformVersion" skipped, due to false condition; ('$(TargetPlatformVersion)' != '' and '$(TargetFrameworkIdentifier)' == '.NETCoreApp' and $([MSBuild]::VersionGreaterThanOrEquals($(TargetFrameworkVersion), 5.0)) and ('$(Language)' != 'C++' or '$(_EnablePackageReferencesInVCProjects)' == 'true')) was evaluated as ('' != '' and '.NETCoreApp' == '.NETCoreApp' and True and ('C#' != 'C++' or '' == 'true')).
   6:4>Done building target "_GetRestoreSettingsOverrides" in project "DeventSoft.RoadmapSkills.Api.csproj".
   2:4>Target "_ComputeToolPackInputsToProcessFrameworkReferences" in file "/usr/local/share/dotnet/sdk/9.0.200/Sdks/Microsoft.NET.Sdk/targets/Microsoft.NET.Publish.targets" from project "/Users/dacanetdev/Dev/AIGenerated/RoadmapSkills/tests/Modules/Users/DeventSoft.RoadmapSkills.Users.IntegrationTests/DeventSoft.RoadmapSkills.Users.IntegrationTests.csproj" (target "ProcessFrameworkReferences" depends on it):
   2:4>Done building target "_ComputeToolPackInputsToProcessFrameworkReferences" in project "DeventSoft.RoadmapSkills.Users.IntegrationTests.csproj".
   7:4>Target "_CheckForObsoleteDotNetCliToolReferences" in file "/usr/local/share/dotnet/sdk/9.0.200/Sdks/Microsoft.NET.Sdk/targets/Microsoft.NET.ObsoleteReferences.targets" from project "/Users/dacanetdev/Dev/AIGenerated/RoadmapSkills/src/Modules/Users/DeventSoft.RoadmapSkills.Users.Api/DeventSoft.RoadmapSkills.Users.Api.csproj" (target "CollectPackageReferences" depends on it):
   7:4>Task "NETSdkWarning" skipped, due to false condition; ( '%(_ReferenceToObsoleteDotNetCliTool.Identity)' != '' ) was evaluated as ( '' != '' ).
   5:4>Target "_GetRestoreSettings" in file "/usr/local/share/dotnet/sdk/9.0.200/NuGet.targets" from project "/Users/dacanetdev/Dev/AIGenerated/RoadmapSkills/tests/Modules/Users/DeventSoft.RoadmapSkills.Users.UnitTests/DeventSoft.RoadmapSkills.Users.UnitTests.csproj" (target "_GenerateDotnetCliToolReferenceSpecs" depends on it):
   5:4>Using "GetRestoreSettingsTask" task from assembly "/usr/local/share/dotnet/sdk/9.0.200/NuGet.Build.Tasks.dll".
   8:4>Task "Message"
   4:5>Target "_CheckForLanguageAndFeatureCombinationSupport" in file "/usr/local/share/dotnet/sdk/9.0.200/Sdks/Microsoft.NET.Sdk/targets/Microsoft.NET.RuntimeIdentifierInference.targets" from project "/Users/dacanetdev/Dev/AIGenerated/RoadmapSkills/src/Modules/Users/DeventSoft.RoadmapSkills.Users.Infrastructure/DeventSoft.RoadmapSkills.Users.Infrastructure.csproj" (target "ProcessFrameworkReferences" depends on it):
   4:5>Task "NETSdkError" skipped, due to false condition; (('$(Language)' == 'C++' and '$(_EnablePackageReferencesInVCProjects)' != 'true') and $(OutputType) != 'library' and '$(TargetFrameworkIdentifier)' == '.NETCoreApp') was evaluated as (('C#' == 'C++' and '' != 'true') and Library != 'library' and '.NETCoreApp' == '.NETCoreApp').
   5:4>Task "GetRestoreSettingsTask"
   4:5>_CheckForLanguageAndFeatureCombinationSupport:
       Task "NETSdkError" skipped, due to false condition; (('$(Language)' == 'C++' and '$(_EnablePackageReferencesInVCProjects)' != 'true') and $(EnableComHosting) == 'true') was evaluated as (('C#' == 'C++' and '' != 'true') and  == 'true').
   2:4>Target "ProcessFrameworkReferences" in file "/usr/local/share/dotnet/sdk/9.0.200/Sdks/Microsoft.NET.Sdk/targets/Microsoft.NET.Sdk.FrameworkReferenceResolution.targets" from project "/Users/dacanetdev/Dev/AIGenerated/RoadmapSkills/tests/Modules/Users/DeventSoft.RoadmapSkills.Users.IntegrationTests/DeventSoft.RoadmapSkills.Users.IntegrationTests.csproj" (target "CollectPackageReferences" depends on it):
   2:4>Using "CheckForDuplicateFrameworkReferences" task from assembly "/usr/local/share/dotnet/sdk/9.0.200/Sdks/Microsoft.NET.Sdk/targets/../tools/net9.0/Microsoft.NET.Build.Tasks.dll".
   8:4>_GenerateRestoreSpecs:
         Restore entry point /Users/dacanetdev/Dev/AIGenerated/RoadmapSkills/src/DeventSoft.RoadmapSkills.BlazorApp/DeventSoft.RoadmapSkills.BlazorApp.csproj
   2:4>Task "CheckForDuplicateFrameworkReferences"
   4:5>_CheckForLanguageAndFeatureCombinationSupport:
       Task "NETSdkError" skipped, due to false condition; (('$(Language)' == 'C++' and '$(_EnablePackageReferencesInVCProjects)' != 'true') and $(SelfContained) == 'true') was evaluated as (('C#' == 'C++' and '' != 'true') and  == 'true').
   6:4>Target "_GetRestoreSettingsPerFramework" in file "/usr/local/share/dotnet/sdk/9.0.200/NuGet.targets" from project "/Users/dacanetdev/Dev/AIGenerated/RoadmapSkills/src/DeventSoft.RoadmapSkills.Api/DeventSoft.RoadmapSkills.Api.csproj" (target "_GetRestoreSettingsCurrentProject" depends on it):
   6:4>Done building target "_GetRestoreSettingsPerFramework" in project "DeventSoft.RoadmapSkills.Api.csproj".
   8:4>Done executing task "Message".
   2:4>Done executing task "CheckForDuplicateFrameworkReferences".
   4:5>Done building target "_CheckForLanguageAndFeatureCombinationSupport" in project "DeventSoft.RoadmapSkills.Users.Infrastructure.csproj".
   8:4>Done building target "_GenerateRestoreSpecs" in project "DeventSoft.RoadmapSkills.BlazorApp.csproj".
   7:4>Done building target "_CheckForObsoleteDotNetCliToolReferences" in project "DeventSoft.RoadmapSkills.Users.Api.csproj".
   2:4>ProcessFrameworkReferences:
       Using "ProcessFrameworkReferences" task from assembly "/usr/local/share/dotnet/sdk/9.0.200/Sdks/Microsoft.NET.Sdk/targets/../tools/net9.0/Microsoft.NET.Build.Tasks.dll".
       Task "ProcessFrameworkReferences"
   6:4>Target "_GetRestoreSettingsCurrentProject" in file "/usr/local/share/dotnet/sdk/9.0.200/NuGet.targets" from project "/Users/dacanetdev/Dev/AIGenerated/RoadmapSkills/src/DeventSoft.RoadmapSkills.Api/DeventSoft.RoadmapSkills.Api.csproj" (target "_GetRestoreSettings" depends on it):
   6:4>Done building target "_GetRestoreSettingsCurrentProject" in project "DeventSoft.RoadmapSkills.Api.csproj".
   4:5>Target "_ComputeToolPackInputsToProcessFrameworkReferences" in file "/usr/local/share/dotnet/sdk/9.0.200/Sdks/Microsoft.NET.Sdk/targets/Microsoft.NET.Publish.targets" from project "/Users/dacanetdev/Dev/AIGenerated/RoadmapSkills/src/Modules/Users/DeventSoft.RoadmapSkills.Users.Infrastructure/DeventSoft.RoadmapSkills.Users.Infrastructure.csproj" (target "ProcessFrameworkReferences" depends on it):
   4:5>Done building target "_ComputeToolPackInputsToProcessFrameworkReferences" in project "DeventSoft.RoadmapSkills.Users.Infrastructure.csproj".
   8:4>Target "_GetRestoreSettingsOverrides" in file "/usr/local/share/dotnet/sdk/9.0.200/NuGet.targets" from project "/Users/dacanetdev/Dev/AIGenerated/RoadmapSkills/src/DeventSoft.RoadmapSkills.BlazorApp/DeventSoft.RoadmapSkills.BlazorApp.csproj" (target "_GetRestoreSettings" depends on it):
   8:4>Task "MSBuild" skipped, due to false condition; ( '$(RestorePackagesPath)' != '' ) was evaluated as ( '' != '' ).
   7:4>Target "CollectPackageReferences" in file "/usr/local/share/dotnet/sdk/9.0.200/NuGet.targets" from project "/Users/dacanetdev/Dev/AIGenerated/RoadmapSkills/src/Modules/Users/DeventSoft.RoadmapSkills.Users.Api/DeventSoft.RoadmapSkills.Users.Api.csproj" (target "_GetRestoreProjectStyle" depends on it):
   7:4>Using "CheckForDuplicateNuGetItemsTask" task from assembly "/usr/local/share/dotnet/sdk/9.0.200/NuGet.Build.Tasks.dll".
   2:4>Done executing task "ProcessFrameworkReferences".
   6:4>Target "_GetRestoreSettingsAllFrameworks" skipped, due to false condition; ( '$(TargetFrameworks)' != '' AND '$(PackageReferenceCompatibleProjectStyle)' == 'true' ) was evaluated as ( '' != '' AND 'True' == 'true' ).
   7:4>Task "CheckForDuplicateNuGetItemsTask"
   4:5>Target "ProcessFrameworkReferences" in file "/usr/local/share/dotnet/sdk/9.0.200/Sdks/Microsoft.NET.Sdk/targets/Microsoft.NET.Sdk.FrameworkReferenceResolution.targets" from project "/Users/dacanetdev/Dev/AIGenerated/RoadmapSkills/src/Modules/Users/DeventSoft.RoadmapSkills.Users.Infrastructure/DeventSoft.RoadmapSkills.Users.Infrastructure.csproj" (target "CollectPackageReferences" depends on it):
   4:5>Using "CheckForDuplicateFrameworkReferences" task from assembly "/usr/local/share/dotnet/sdk/9.0.200/Sdks/Microsoft.NET.Sdk/targets/../tools/net9.0/Microsoft.NET.Build.Tasks.dll".
   5:4>Done executing task "GetRestoreSettingsTask".
   8:4>_GetRestoreSettingsOverrides:
       Task "MSBuild" skipped, due to false condition; ( '$(RestoreRepositoryPathOverride)' != '' ) was evaluated as ( '' != '' ).
   2:4>ProcessFrameworkReferences:
       Using "ResolveAppHosts" task from assembly "/usr/local/share/dotnet/sdk/9.0.200/Sdks/Microsoft.NET.Sdk/targets/../tools/net9.0/Microsoft.NET.Build.Tasks.dll".
   6:4>Target "_GetRestoreSettings" in file "/usr/local/share/dotnet/sdk/9.0.200/NuGet.targets" from project "/Users/dacanetdev/Dev/AIGenerated/RoadmapSkills/src/DeventSoft.RoadmapSkills.Api/DeventSoft.RoadmapSkills.Api.csproj" (target "_GenerateDotnetCliToolReferenceSpecs" depends on it):
   6:4>Using "GetRestoreSettingsTask" task from assembly "/usr/local/share/dotnet/sdk/9.0.200/NuGet.Build.Tasks.dll".
   8:4>_GetRestoreSettingsOverrides:
       Task "MSBuild" skipped, due to false condition; ( '$(RestoreSources)' != '' ) was evaluated as ( '' != '' ).
   2:4>Task "ResolveAppHosts"
   5:4>Done building target "_GetRestoreSettings" in project "DeventSoft.RoadmapSkills.Users.UnitTests.csproj".
   4:5>Task "CheckForDuplicateFrameworkReferences"
   8:4>_GetRestoreSettingsOverrides:
       Task "MSBuild" skipped, due to false condition; ( '$(RestoreFallbackFolders)' != '' ) was evaluated as ( '' != '' ).
   2:4>Done executing task "ResolveAppHosts".
   4:5>Done executing task "CheckForDuplicateFrameworkReferences".
   8:4>Done building target "_GetRestoreSettingsOverrides" in project "DeventSoft.RoadmapSkills.BlazorApp.csproj".
   4:5>ProcessFrameworkReferences:
       Using "ProcessFrameworkReferences" task from assembly "/usr/local/share/dotnet/sdk/9.0.200/Sdks/Microsoft.NET.Sdk/targets/../tools/net9.0/Microsoft.NET.Build.Tasks.dll".
   5:4>Target "_GenerateDotnetCliToolReferenceSpecs" in file "/usr/local/share/dotnet/sdk/9.0.200/NuGet.targets" from project "/Users/dacanetdev/Dev/AIGenerated/RoadmapSkills/tests/Modules/Users/DeventSoft.RoadmapSkills.Users.UnitTests/DeventSoft.RoadmapSkills.Users.UnitTests.csproj" (target "_GenerateRestoreGraphProjectEntry" depends on it):
   5:4>Using "GetRestoreDotnetCliToolsTask" task from assembly "/usr/local/share/dotnet/sdk/9.0.200/NuGet.Build.Tasks.dll".
   6:4>Task "GetRestoreSettingsTask"
   2:4>Done building target "ProcessFrameworkReferences" in project "DeventSoft.RoadmapSkills.Users.IntegrationTests.csproj".
   5:4>Task "GetRestoreDotnetCliToolsTask"
  10:3>Done executing task "CheckForImplicitPackageReferenceOverrides".
   6:4>Done executing task "GetRestoreSettingsTask".
   8:4>Target "_GetRestoreSettingsPerFramework" in file "/usr/local/share/dotnet/sdk/9.0.200/NuGet.targets" from project "/Users/dacanetdev/Dev/AIGenerated/RoadmapSkills/src/DeventSoft.RoadmapSkills.BlazorApp/DeventSoft.RoadmapSkills.BlazorApp.csproj" (target "_GetRestoreSettingsCurrentProject" depends on it):
   8:4>Done building target "_GetRestoreSettingsPerFramework" in project "DeventSoft.RoadmapSkills.BlazorApp.csproj".
   5:4>Done executing task "GetRestoreDotnetCliToolsTask".
   4:5>Task "ProcessFrameworkReferences"
   2:4>Target "IncludeTargetingPackReference" skipped, due to false condition; ('$(TargetFrameworkMoniker)' != '' and '$(TargetFrameworkIdentifier)' == '.NETFramework' and '$(AutomaticallyUseReferenceAssemblyPackages)' == 'true') was evaluated as ('.NETCoreApp,Version=v8.0' != '' and '.NETCoreApp' == '.NETFramework' and 'true' == 'true').
   5:4>Done building target "_GenerateDotnetCliToolReferenceSpecs" in project "DeventSoft.RoadmapSkills.Users.UnitTests.csproj".
   6:4>Done building target "_GetRestoreSettings" in project "DeventSoft.RoadmapSkills.Api.csproj".
   4:5>Done executing task "ProcessFrameworkReferences".
   7:4>Done executing task "CheckForDuplicateNuGetItemsTask".
   2:4>Target "_CheckMicrosoftNetCompilersToolsetFrameworkPackageReference" skipped, due to false condition; ('$(MSBuildRuntimeType)' == 'Full') was evaluated as ('Core' == 'Full').
   8:4>Target "_GetRestoreSettingsCurrentProject" in file "/usr/local/share/dotnet/sdk/9.0.200/NuGet.targets" from project "/Users/dacanetdev/Dev/AIGenerated/RoadmapSkills/src/DeventSoft.RoadmapSkills.BlazorApp/DeventSoft.RoadmapSkills.BlazorApp.csproj" (target "_GetRestoreSettings" depends on it):
   8:4>Done building target "_GetRestoreSettingsCurrentProject" in project "DeventSoft.RoadmapSkills.BlazorApp.csproj".
   5:4>Target "_GenerateRestoreGraphProjectEntry" in file "/usr/local/share/dotnet/sdk/9.0.200/NuGet.targets" from project "/Users/dacanetdev/Dev/AIGenerated/RoadmapSkills/tests/Modules/Users/DeventSoft.RoadmapSkills.Users.UnitTests/DeventSoft.RoadmapSkills.Users.UnitTests.csproj" (entry point):
   5:4>Done building target "_GenerateRestoreGraphProjectEntry" in project "DeventSoft.RoadmapSkills.Users.UnitTests.csproj".
   4:5>ProcessFrameworkReferences:
       Using "ResolveAppHosts" task from assembly "/usr/local/share/dotnet/sdk/9.0.200/Sdks/Microsoft.NET.Sdk/targets/../tools/net9.0/Microsoft.NET.Build.Tasks.dll".
   6:4>Target "_GenerateDotnetCliToolReferenceSpecs" in file "/usr/local/share/dotnet/sdk/9.0.200/NuGet.targets" from project "/Users/dacanetdev/Dev/AIGenerated/RoadmapSkills/src/DeventSoft.RoadmapSkills.Api/DeventSoft.RoadmapSkills.Api.csproj" (target "_GenerateRestoreGraphProjectEntry" depends on it):
   6:4>Using "GetRestoreDotnetCliToolsTask" task from assembly "/usr/local/share/dotnet/sdk/9.0.200/NuGet.Build.Tasks.dll".
   7:4>Done building target "CollectPackageReferences" in project "DeventSoft.RoadmapSkills.Users.Api.csproj".
   8:4>Target "_GetRestoreSettingsAllFrameworks" skipped, due to false condition; ( '$(TargetFrameworks)' != '' AND '$(PackageReferenceCompatibleProjectStyle)' == 'true' ) was evaluated as ( '' != '' AND 'True' == 'true' ).
   5:4>Done Building Project "/Users/dacanetdev/Dev/AIGenerated/RoadmapSkills/tests/Modules/Users/DeventSoft.RoadmapSkills.Users.UnitTests/DeventSoft.RoadmapSkills.Users.UnitTests.csproj" (_GenerateRestoreGraphProjectEntry target(s)).
   4:5>Task "ResolveAppHosts"
   6:4>Task "GetRestoreDotnetCliToolsTask"
   4:5>Done executing task "ResolveAppHosts".
   6:4>Done executing task "GetRestoreDotnetCliToolsTask".
  10:3>Done building target "CheckForImplicitPackageReferenceOverrides" in project "DeventSoft.RoadmapSkills.Shared.Domain.csproj".
   2:4>Target "_CheckForObsoleteDotNetCliToolReferences" in file "/usr/local/share/dotnet/sdk/9.0.200/Sdks/Microsoft.NET.Sdk/targets/Microsoft.NET.ObsoleteReferences.targets" from project "/Users/dacanetdev/Dev/AIGenerated/RoadmapSkills/tests/Modules/Users/DeventSoft.RoadmapSkills.Users.IntegrationTests/DeventSoft.RoadmapSkills.Users.IntegrationTests.csproj" (target "CollectPackageReferences" depends on it):
   2:4>Task "NETSdkWarning" skipped, due to false condition; ( '%(_ReferenceToObsoleteDotNetCliTool.Identity)' != '' ) was evaluated as ( '' != '' ).
   4:5>Done building target "ProcessFrameworkReferences" in project "DeventSoft.RoadmapSkills.Users.Infrastructure.csproj".
   6:4>Done building target "_GenerateDotnetCliToolReferenceSpecs" in project "DeventSoft.RoadmapSkills.Api.csproj".
   2:4>Done building target "_CheckForObsoleteDotNetCliToolReferences" in project "DeventSoft.RoadmapSkills.Users.IntegrationTests.csproj".
   7:4>Target "_GetRestoreProjectStyle" in file "/usr/local/share/dotnet/sdk/9.0.200/NuGet.targets" from project "/Users/dacanetdev/Dev/AIGenerated/RoadmapSkills/src/Modules/Users/DeventSoft.RoadmapSkills.Users.Api/DeventSoft.RoadmapSkills.Users.Api.csproj" (target "_GenerateRestoreSpecs" depends on it):
   7:4>Using "GetRestoreProjectStyleTask" task from assembly "/usr/local/share/dotnet/sdk/9.0.200/NuGet.Build.Tasks.dll".
   4:5>Target "IncludeTargetingPackReference" skipped, due to false condition; ('$(TargetFrameworkMoniker)' != '' and '$(TargetFrameworkIdentifier)' == '.NETFramework' and '$(AutomaticallyUseReferenceAssemblyPackages)' == 'true') was evaluated as ('.NETCoreApp,Version=v8.0' != '' and '.NETCoreApp' == '.NETFramework' and 'true' == 'true').
   7:4>Task "GetRestoreProjectStyleTask"
   6:4>Target "_GenerateRestoreGraphProjectEntry" in file "/usr/local/share/dotnet/sdk/9.0.200/NuGet.targets" from project "/Users/dacanetdev/Dev/AIGenerated/RoadmapSkills/src/DeventSoft.RoadmapSkills.Api/DeventSoft.RoadmapSkills.Api.csproj" (entry point):
   6:4>Done building target "_GenerateRestoreGraphProjectEntry" in project "DeventSoft.RoadmapSkills.Api.csproj".
   4:5>Target "_CheckMicrosoftNetCompilersToolsetFrameworkPackageReference" skipped, due to false condition; ('$(MSBuildRuntimeType)' == 'Full') was evaluated as ('Core' == 'Full').
   2:4>Target "CollectPackageReferences" in file "/usr/local/share/dotnet/sdk/9.0.200/NuGet.targets" from project "/Users/dacanetdev/Dev/AIGenerated/RoadmapSkills/tests/Modules/Users/DeventSoft.RoadmapSkills.Users.IntegrationTests/DeventSoft.RoadmapSkills.Users.IntegrationTests.csproj" (target "_GetRestoreProjectStyle" depends on it):
   2:4>Using "CheckForDuplicateNuGetItemsTask" task from assembly "/usr/local/share/dotnet/sdk/9.0.200/NuGet.Build.Tasks.dll".
   7:4>Done executing task "GetRestoreProjectStyleTask".
   6:4>Done Building Project "/Users/dacanetdev/Dev/AIGenerated/RoadmapSkills/src/DeventSoft.RoadmapSkills.Api/DeventSoft.RoadmapSkills.Api.csproj" (_GenerateRestoreGraphProjectEntry target(s)).
  10:3>Target "AddWindowsSdkKnownFrameworkReferences" skipped, due to false condition; ('$(TargetFrameworkIdentifier)' == '.NETCoreApp' And '$(TargetPlatformIdentifier)' == 'Windows'
                     And ('$(Language)' != 'C++' Or '$(IncludeWindowsSDKRefFrameworkReferences)' == 'true')) was evaluated as ('.NETCoreApp' == '.NETCoreApp' And '' == 'Windows'
                     And ('C#' != 'C++' Or '' == 'true')).
   2:4>Task "CheckForDuplicateNuGetItemsTask"
   7:4>Done building target "_GetRestoreProjectStyle" in project "DeventSoft.RoadmapSkills.Users.Api.csproj".
   8:4>Target "_GetRestoreSettings" in file "/usr/local/share/dotnet/sdk/9.0.200/NuGet.targets" from project "/Users/dacanetdev/Dev/AIGenerated/RoadmapSkills/src/DeventSoft.RoadmapSkills.BlazorApp/DeventSoft.RoadmapSkills.BlazorApp.csproj" (target "_GenerateDotnetCliToolReferenceSpecs" depends on it):
   8:4>Using "GetRestoreSettingsTask" task from assembly "/usr/local/share/dotnet/sdk/9.0.200/NuGet.Build.Tasks.dll".
   4:5>Target "_CheckForObsoleteDotNetCliToolReferences" in file "/usr/local/share/dotnet/sdk/9.0.200/Sdks/Microsoft.NET.Sdk/targets/Microsoft.NET.ObsoleteReferences.targets" from project "/Users/dacanetdev/Dev/AIGenerated/RoadmapSkills/src/Modules/Users/DeventSoft.RoadmapSkills.Users.Infrastructure/DeventSoft.RoadmapSkills.Users.Infrastructure.csproj" (target "CollectPackageReferences" depends on it):
   4:5>Task "NETSdkWarning" skipped, due to false condition; ( '%(_ReferenceToObsoleteDotNetCliTool.Identity)' != '' ) was evaluated as ( '' != '' ).
   8:4>Task "GetRestoreSettingsTask"
   7:4>Target "_GenerateRestoreSpecs" in file "/usr/local/share/dotnet/sdk/9.0.200/NuGet.targets" from project "/Users/dacanetdev/Dev/AIGenerated/RoadmapSkills/src/Modules/Users/DeventSoft.RoadmapSkills.Users.Api/DeventSoft.RoadmapSkills.Users.Api.csproj" (target "_GenerateRestoreGraphProjectEntry" depends on it):
   7:4>Using "Message" task from assembly "Microsoft.Build.Tasks.Core, Version=15.1.0.0, Culture=neutral, PublicKeyToken=b03f5f7f11d50a3a".
   4:5>Done building target "_CheckForObsoleteDotNetCliToolReferences" in project "DeventSoft.RoadmapSkills.Users.Infrastructure.csproj".
  10:3>Target "_NormalizeTargetPlatformVersion" skipped, due to false condition; ('$(TargetPlatformVersion)' != '' and '$(TargetFrameworkIdentifier)' == '.NETCoreApp' and $([MSBuild]::VersionGreaterThanOrEquals($(TargetFrameworkVersion), 5.0)) and ('$(Language)' != 'C++' or '$(_EnablePackageReferencesInVCProjects)' == 'true')) was evaluated as ('' != '' and '.NETCoreApp' == '.NETCoreApp' and True and ('C#' != 'C++' or '' == 'true')).
   2:4>Done executing task "CheckForDuplicateNuGetItemsTask".
   7:4>Task "Message"
   2:4>Done building target "CollectPackageReferences" in project "DeventSoft.RoadmapSkills.Users.IntegrationTests.csproj".
   4:5>Target "CollectPackageReferences" in file "/usr/local/share/dotnet/sdk/9.0.200/NuGet.targets" from project "/Users/dacanetdev/Dev/AIGenerated/RoadmapSkills/src/Modules/Users/DeventSoft.RoadmapSkills.Users.Infrastructure/DeventSoft.RoadmapSkills.Users.Infrastructure.csproj" (target "_GetRestoreProjectStyle" depends on it):
   4:5>Using "CheckForDuplicateNuGetItemsTask" task from assembly "/usr/local/share/dotnet/sdk/9.0.200/NuGet.Build.Tasks.dll".
   8:4>Done executing task "GetRestoreSettingsTask".
   7:4>_GenerateRestoreSpecs:
         Restore entry point /Users/dacanetdev/Dev/AIGenerated/RoadmapSkills/src/Modules/Users/DeventSoft.RoadmapSkills.Users.Api/DeventSoft.RoadmapSkills.Users.Api.csproj
   4:5>Task "CheckForDuplicateNuGetItemsTask"
   7:4>Done executing task "Message".
   8:4>Done building target "_GetRestoreSettings" in project "DeventSoft.RoadmapSkills.BlazorApp.csproj".
   2:4>Target "_GetRestoreProjectStyle" in file "/usr/local/share/dotnet/sdk/9.0.200/NuGet.targets" from project "/Users/dacanetdev/Dev/AIGenerated/RoadmapSkills/tests/Modules/Users/DeventSoft.RoadmapSkills.Users.IntegrationTests/DeventSoft.RoadmapSkills.Users.IntegrationTests.csproj" (target "_GenerateRestoreSpecs" depends on it):
   2:4>Using "GetRestoreProjectStyleTask" task from assembly "/usr/local/share/dotnet/sdk/9.0.200/NuGet.Build.Tasks.dll".
   4:5>Done executing task "CheckForDuplicateNuGetItemsTask".
  10:3>Target "_CheckForLanguageAndFeatureCombinationSupport" in file "/usr/local/share/dotnet/sdk/9.0.200/Sdks/Microsoft.NET.Sdk/targets/Microsoft.NET.RuntimeIdentifierInference.targets" from project "/Users/dacanetdev/Dev/AIGenerated/RoadmapSkills/src/Shared/DeventSoft.RoadmapSkills.Shared.Domain/DeventSoft.RoadmapSkills.Shared.Domain.csproj" (target "ProcessFrameworkReferences" depends on it):
  10:3>Task "NETSdkError" skipped, due to false condition; (('$(Language)' == 'C++' and '$(_EnablePackageReferencesInVCProjects)' != 'true') and $(OutputType) != 'library' and '$(TargetFrameworkIdentifier)' == '.NETCoreApp') was evaluated as (('C#' == 'C++' and '' != 'true') and Library != 'library' and '.NETCoreApp' == '.NETCoreApp').
   7:4>Done building target "_GenerateRestoreSpecs" in project "DeventSoft.RoadmapSkills.Users.Api.csproj".
   2:4>Task "GetRestoreProjectStyleTask"
   4:5>Done building target "CollectPackageReferences" in project "DeventSoft.RoadmapSkills.Users.Infrastructure.csproj".
   2:4>Done executing task "GetRestoreProjectStyleTask".
   8:4>Target "_GenerateDotnetCliToolReferenceSpecs" in file "/usr/local/share/dotnet/sdk/9.0.200/NuGet.targets" from project "/Users/dacanetdev/Dev/AIGenerated/RoadmapSkills/src/DeventSoft.RoadmapSkills.BlazorApp/DeventSoft.RoadmapSkills.BlazorApp.csproj" (target "_GenerateRestoreGraphProjectEntry" depends on it):
   8:4>Using "GetRestoreDotnetCliToolsTask" task from assembly "/usr/local/share/dotnet/sdk/9.0.200/NuGet.Build.Tasks.dll".
   2:4>Done building target "_GetRestoreProjectStyle" in project "DeventSoft.RoadmapSkills.Users.IntegrationTests.csproj".
   7:4>Target "_GetRestoreSettingsOverrides" in file "/usr/local/share/dotnet/sdk/9.0.200/NuGet.targets" from project "/Users/dacanetdev/Dev/AIGenerated/RoadmapSkills/src/Modules/Users/DeventSoft.RoadmapSkills.Users.Api/DeventSoft.RoadmapSkills.Users.Api.csproj" (target "_GetRestoreSettings" depends on it):
   7:4>Task "MSBuild" skipped, due to false condition; ( '$(RestorePackagesPath)' != '' ) was evaluated as ( '' != '' ).
  10:3>_CheckForLanguageAndFeatureCombinationSupport:
       Task "NETSdkError" skipped, due to false condition; (('$(Language)' == 'C++' and '$(_EnablePackageReferencesInVCProjects)' != 'true') and $(EnableComHosting) == 'true') was evaluated as (('C#' == 'C++' and '' != 'true') and  == 'true').
   7:4>_GetRestoreSettingsOverrides:
       Task "MSBuild" skipped, due to false condition; ( '$(RestoreRepositoryPathOverride)' != '' ) was evaluated as ( '' != '' ).
   2:4>Target "_GenerateRestoreSpecs" in file "/usr/local/share/dotnet/sdk/9.0.200/NuGet.targets" from project "/Users/dacanetdev/Dev/AIGenerated/RoadmapSkills/tests/Modules/Users/DeventSoft.RoadmapSkills.Users.IntegrationTests/DeventSoft.RoadmapSkills.Users.IntegrationTests.csproj" (target "_GenerateRestoreGraphProjectEntry" depends on it):
   2:4>Using "Message" task from assembly "Microsoft.Build.Tasks.Core, Version=15.1.0.0, Culture=neutral, PublicKeyToken=b03f5f7f11d50a3a".
       Task "Message"
   7:4>_GetRestoreSettingsOverrides:
       Task "MSBuild" skipped, due to false condition; ( '$(RestoreSources)' != '' ) was evaluated as ( '' != '' ).
  10:3>_CheckForLanguageAndFeatureCombinationSupport:
       Task "NETSdkError" skipped, due to false condition; (('$(Language)' == 'C++' and '$(_EnablePackageReferencesInVCProjects)' != 'true') and $(SelfContained) == 'true') was evaluated as (('C#' == 'C++' and '' != 'true') and  == 'true').
   8:4>Task "GetRestoreDotnetCliToolsTask"
  10:3>Done building target "_CheckForLanguageAndFeatureCombinationSupport" in project "DeventSoft.RoadmapSkills.Shared.Domain.csproj".
   7:4>_GetRestoreSettingsOverrides:
       Task "MSBuild" skipped, due to false condition; ( '$(RestoreFallbackFolders)' != '' ) was evaluated as ( '' != '' ).
   2:4>_GenerateRestoreSpecs:
         Restore entry point /Users/dacanetdev/Dev/AIGenerated/RoadmapSkills/tests/Modules/Users/DeventSoft.RoadmapSkills.Users.IntegrationTests/DeventSoft.RoadmapSkills.Users.IntegrationTests.csproj
   8:4>Done executing task "GetRestoreDotnetCliToolsTask".
  10:3>Target "ApplyImplicitVersions" skipped, due to false condition; ('@(PackageReference)' != '') was evaluated as ('' != '').
   2:4>Done executing task "Message".
   7:4>Done building target "_GetRestoreSettingsOverrides" in project "DeventSoft.RoadmapSkills.Users.Api.csproj".
   8:4>Done building target "_GenerateDotnetCliToolReferenceSpecs" in project "DeventSoft.RoadmapSkills.BlazorApp.csproj".
   2:4>Done building target "_GenerateRestoreSpecs" in project "DeventSoft.RoadmapSkills.Users.IntegrationTests.csproj".
   8:4>Target "_GenerateRestoreGraphProjectEntry" in file "/usr/local/share/dotnet/sdk/9.0.200/NuGet.targets" from project "/Users/dacanetdev/Dev/AIGenerated/RoadmapSkills/src/DeventSoft.RoadmapSkills.BlazorApp/DeventSoft.RoadmapSkills.BlazorApp.csproj" (entry point):
   8:4>Done building target "_GenerateRestoreGraphProjectEntry" in project "DeventSoft.RoadmapSkills.BlazorApp.csproj".
   8:4>Done Building Project "/Users/dacanetdev/Dev/AIGenerated/RoadmapSkills/src/DeventSoft.RoadmapSkills.BlazorApp/DeventSoft.RoadmapSkills.BlazorApp.csproj" (_GenerateRestoreGraphProjectEntry target(s)).
   2:4>Target "_GetRestoreSettingsOverrides" in file "/usr/local/share/dotnet/sdk/9.0.200/NuGet.targets" from project "/Users/dacanetdev/Dev/AIGenerated/RoadmapSkills/tests/Modules/Users/DeventSoft.RoadmapSkills.Users.IntegrationTests/DeventSoft.RoadmapSkills.Users.IntegrationTests.csproj" (target "_GetRestoreSettings" depends on it):
   2:4>Task "MSBuild" skipped, due to false condition; ( '$(RestorePackagesPath)' != '' ) was evaluated as ( '' != '' ).
   4:5>Target "_GetRestoreProjectStyle" in file "/usr/local/share/dotnet/sdk/9.0.200/NuGet.targets" from project "/Users/dacanetdev/Dev/AIGenerated/RoadmapSkills/src/Modules/Users/DeventSoft.RoadmapSkills.Users.Infrastructure/DeventSoft.RoadmapSkills.Users.Infrastructure.csproj" (target "_GenerateRestoreSpecs" depends on it):
   4:5>Using "GetRestoreProjectStyleTask" task from assembly "/usr/local/share/dotnet/sdk/9.0.200/NuGet.Build.Tasks.dll".
   2:4>_GetRestoreSettingsOverrides:
       Task "MSBuild" skipped, due to false condition; ( '$(RestoreRepositoryPathOverride)' != '' ) was evaluated as ( '' != '' ).
   4:5>Task "GetRestoreProjectStyleTask"
   2:4>_GetRestoreSettingsOverrides:
       Task "MSBuild" skipped, due to false condition; ( '$(RestoreSources)' != '' ) was evaluated as ( '' != '' ).
       Task "MSBuild" skipped, due to false condition; ( '$(RestoreFallbackFolders)' != '' ) was evaluated as ( '' != '' ).
   4:5>Done executing task "GetRestoreProjectStyleTask".
   4:5>Done building target "_GetRestoreProjectStyle" in project "DeventSoft.RoadmapSkills.Users.Infrastructure.csproj".
   2:4>Done building target "_GetRestoreSettingsOverrides" in project "DeventSoft.RoadmapSkills.Users.IntegrationTests.csproj".
   7:4>Target "_GetRestoreSettingsPerFramework" in file "/usr/local/share/dotnet/sdk/9.0.200/NuGet.targets" from project "/Users/dacanetdev/Dev/AIGenerated/RoadmapSkills/src/Modules/Users/DeventSoft.RoadmapSkills.Users.Api/DeventSoft.RoadmapSkills.Users.Api.csproj" (target "_GetRestoreSettingsCurrentProject" depends on it):
   7:4>Done building target "_GetRestoreSettingsPerFramework" in project "DeventSoft.RoadmapSkills.Users.Api.csproj".
   4:5>Target "_GenerateRestoreSpecs" in file "/usr/local/share/dotnet/sdk/9.0.200/NuGet.targets" from project "/Users/dacanetdev/Dev/AIGenerated/RoadmapSkills/src/Modules/Users/DeventSoft.RoadmapSkills.Users.Infrastructure/DeventSoft.RoadmapSkills.Users.Infrastructure.csproj" (target "_GenerateRestoreGraphProjectEntry" depends on it):
   4:5>Using "Message" task from assembly "Microsoft.Build.Tasks.Core, Version=15.1.0.0, Culture=neutral, PublicKeyToken=b03f5f7f11d50a3a".
   2:4>Target "_GetRestoreSettingsPerFramework" in file "/usr/local/share/dotnet/sdk/9.0.200/NuGet.targets" from project "/Users/dacanetdev/Dev/AIGenerated/RoadmapSkills/tests/Modules/Users/DeventSoft.RoadmapSkills.Users.IntegrationTests/DeventSoft.RoadmapSkills.Users.IntegrationTests.csproj" (target "_GetRestoreSettingsCurrentProject" depends on it):
   2:4>Done building target "_GetRestoreSettingsPerFramework" in project "DeventSoft.RoadmapSkills.Users.IntegrationTests.csproj".
   7:4>Target "_GetRestoreSettingsCurrentProject" in file "/usr/local/share/dotnet/sdk/9.0.200/NuGet.targets" from project "/Users/dacanetdev/Dev/AIGenerated/RoadmapSkills/src/Modules/Users/DeventSoft.RoadmapSkills.Users.Api/DeventSoft.RoadmapSkills.Users.Api.csproj" (target "_GetRestoreSettings" depends on it):
   7:4>Done building target "_GetRestoreSettingsCurrentProject" in project "DeventSoft.RoadmapSkills.Users.Api.csproj".
   4:5>Task "Message"
   7:4>Target "_GetRestoreSettingsAllFrameworks" skipped, due to false condition; ( '$(TargetFrameworks)' != '' AND '$(PackageReferenceCompatibleProjectStyle)' == 'true' ) was evaluated as ( '' != '' AND 'True' == 'true' ).
   4:5>_GenerateRestoreSpecs:
         Restore entry point /Users/dacanetdev/Dev/AIGenerated/RoadmapSkills/src/Modules/Users/DeventSoft.RoadmapSkills.Users.Infrastructure/DeventSoft.RoadmapSkills.Users.Infrastructure.csproj
   2:4>Target "_GetRestoreSettingsCurrentProject" in file "/usr/local/share/dotnet/sdk/9.0.200/NuGet.targets" from project "/Users/dacanetdev/Dev/AIGenerated/RoadmapSkills/tests/Modules/Users/DeventSoft.RoadmapSkills.Users.IntegrationTests/DeventSoft.RoadmapSkills.Users.IntegrationTests.csproj" (target "_GetRestoreSettings" depends on it):
   2:4>Done building target "_GetRestoreSettingsCurrentProject" in project "DeventSoft.RoadmapSkills.Users.IntegrationTests.csproj".
   4:5>Done executing task "Message".
   2:4>Target "_GetRestoreSettingsAllFrameworks" skipped, due to false condition; ( '$(TargetFrameworks)' != '' AND '$(PackageReferenceCompatibleProjectStyle)' == 'true' ) was evaluated as ( '' != '' AND 'True' == 'true' ).
   7:4>Target "_GetRestoreSettings" in file "/usr/local/share/dotnet/sdk/9.0.200/NuGet.targets" from project "/Users/dacanetdev/Dev/AIGenerated/RoadmapSkills/src/Modules/Users/DeventSoft.RoadmapSkills.Users.Api/DeventSoft.RoadmapSkills.Users.Api.csproj" (target "_GenerateDotnetCliToolReferenceSpecs" depends on it):
   7:4>Using "GetRestoreSettingsTask" task from assembly "/usr/local/share/dotnet/sdk/9.0.200/NuGet.Build.Tasks.dll".
   4:5>Done building target "_GenerateRestoreSpecs" in project "DeventSoft.RoadmapSkills.Users.Infrastructure.csproj".
   7:4>Task "GetRestoreSettingsTask"
       Done executing task "GetRestoreSettingsTask".
   2:4>Target "_GetRestoreSettings" in file "/usr/local/share/dotnet/sdk/9.0.200/NuGet.targets" from project "/Users/dacanetdev/Dev/AIGenerated/RoadmapSkills/tests/Modules/Users/DeventSoft.RoadmapSkills.Users.IntegrationTests/DeventSoft.RoadmapSkills.Users.IntegrationTests.csproj" (target "_GenerateDotnetCliToolReferenceSpecs" depends on it):
   2:4>Using "GetRestoreSettingsTask" task from assembly "/usr/local/share/dotnet/sdk/9.0.200/NuGet.Build.Tasks.dll".
   4:5>Target "_GetRestoreSettingsOverrides" in file "/usr/local/share/dotnet/sdk/9.0.200/NuGet.targets" from project "/Users/dacanetdev/Dev/AIGenerated/RoadmapSkills/src/Modules/Users/DeventSoft.RoadmapSkills.Users.Infrastructure/DeventSoft.RoadmapSkills.Users.Infrastructure.csproj" (target "_GetRestoreSettings" depends on it):
   4:5>Task "MSBuild" skipped, due to false condition; ( '$(RestorePackagesPath)' != '' ) was evaluated as ( '' != '' ).
   7:4>Done building target "_GetRestoreSettings" in project "DeventSoft.RoadmapSkills.Users.Api.csproj".
   4:5>_GetRestoreSettingsOverrides:
       Task "MSBuild" skipped, due to false condition; ( '$(RestoreRepositoryPathOverride)' != '' ) was evaluated as ( '' != '' ).
   2:4>Task "GetRestoreSettingsTask"
   4:5>_GetRestoreSettingsOverrides:
       Task "MSBuild" skipped, due to false condition; ( '$(RestoreSources)' != '' ) was evaluated as ( '' != '' ).
   2:4>Done executing task "GetRestoreSettingsTask".
   7:4>Target "_GenerateDotnetCliToolReferenceSpecs" in file "/usr/local/share/dotnet/sdk/9.0.200/NuGet.targets" from project "/Users/dacanetdev/Dev/AIGenerated/RoadmapSkills/src/Modules/Users/DeventSoft.RoadmapSkills.Users.Api/DeventSoft.RoadmapSkills.Users.Api.csproj" (target "_GenerateRestoreGraphProjectEntry" depends on it):
   7:4>Using "GetRestoreDotnetCliToolsTask" task from assembly "/usr/local/share/dotnet/sdk/9.0.200/NuGet.Build.Tasks.dll".
   4:5>_GetRestoreSettingsOverrides:
       Task "MSBuild" skipped, due to false condition; ( '$(RestoreFallbackFolders)' != '' ) was evaluated as ( '' != '' ).
   2:4>Done building target "_GetRestoreSettings" in project "DeventSoft.RoadmapSkills.Users.IntegrationTests.csproj".
   7:4>Task "GetRestoreDotnetCliToolsTask"
   4:5>Done building target "_GetRestoreSettingsOverrides" in project "DeventSoft.RoadmapSkills.Users.Infrastructure.csproj".
   7:4>Done executing task "GetRestoreDotnetCliToolsTask".
   7:4>Done building target "_GenerateDotnetCliToolReferenceSpecs" in project "DeventSoft.RoadmapSkills.Users.Api.csproj".
   4:5>Target "_GetRestoreSettingsPerFramework" in file "/usr/local/share/dotnet/sdk/9.0.200/NuGet.targets" from project "/Users/dacanetdev/Dev/AIGenerated/RoadmapSkills/src/Modules/Users/DeventSoft.RoadmapSkills.Users.Infrastructure/DeventSoft.RoadmapSkills.Users.Infrastructure.csproj" (target "_GetRestoreSettingsCurrentProject" depends on it):
   4:5>Done building target "_GetRestoreSettingsPerFramework" in project "DeventSoft.RoadmapSkills.Users.Infrastructure.csproj".
   2:4>Target "_GenerateDotnetCliToolReferenceSpecs" in file "/usr/local/share/dotnet/sdk/9.0.200/NuGet.targets" from project "/Users/dacanetdev/Dev/AIGenerated/RoadmapSkills/tests/Modules/Users/DeventSoft.RoadmapSkills.Users.IntegrationTests/DeventSoft.RoadmapSkills.Users.IntegrationTests.csproj" (target "_GenerateRestoreGraphProjectEntry" depends on it):
   2:4>Using "GetRestoreDotnetCliToolsTask" task from assembly "/usr/local/share/dotnet/sdk/9.0.200/NuGet.Build.Tasks.dll".
   7:4>Target "_GenerateRestoreGraphProjectEntry" in file "/usr/local/share/dotnet/sdk/9.0.200/NuGet.targets" from project "/Users/dacanetdev/Dev/AIGenerated/RoadmapSkills/src/Modules/Users/DeventSoft.RoadmapSkills.Users.Api/DeventSoft.RoadmapSkills.Users.Api.csproj" (entry point):
   7:4>Done building target "_GenerateRestoreGraphProjectEntry" in project "DeventSoft.RoadmapSkills.Users.Api.csproj".
   2:4>Task "GetRestoreDotnetCliToolsTask"
   7:4>Done Building Project "/Users/dacanetdev/Dev/AIGenerated/RoadmapSkills/src/Modules/Users/DeventSoft.RoadmapSkills.Users.Api/DeventSoft.RoadmapSkills.Users.Api.csproj" (_GenerateRestoreGraphProjectEntry target(s)).
   4:5>Target "_GetRestoreSettingsCurrentProject" in file "/usr/local/share/dotnet/sdk/9.0.200/NuGet.targets" from project "/Users/dacanetdev/Dev/AIGenerated/RoadmapSkills/src/Modules/Users/DeventSoft.RoadmapSkills.Users.Infrastructure/DeventSoft.RoadmapSkills.Users.Infrastructure.csproj" (target "_GetRestoreSettings" depends on it):
   4:5>Done building target "_GetRestoreSettingsCurrentProject" in project "DeventSoft.RoadmapSkills.Users.Infrastructure.csproj".
   2:4>Done executing task "GetRestoreDotnetCliToolsTask".
   4:5>Target "_GetRestoreSettingsAllFrameworks" skipped, due to false condition; ( '$(TargetFrameworks)' != '' AND '$(PackageReferenceCompatibleProjectStyle)' == 'true' ) was evaluated as ( '' != '' AND 'True' == 'true' ).
   2:4>Done building target "_GenerateDotnetCliToolReferenceSpecs" in project "DeventSoft.RoadmapSkills.Users.IntegrationTests.csproj".
   4:5>Target "_GetRestoreSettings" in file "/usr/local/share/dotnet/sdk/9.0.200/NuGet.targets" from project "/Users/dacanetdev/Dev/AIGenerated/RoadmapSkills/src/Modules/Users/DeventSoft.RoadmapSkills.Users.Infrastructure/DeventSoft.RoadmapSkills.Users.Infrastructure.csproj" (target "_GenerateDotnetCliToolReferenceSpecs" depends on it):
   4:5>Using "GetRestoreSettingsTask" task from assembly "/usr/local/share/dotnet/sdk/9.0.200/NuGet.Build.Tasks.dll".
   2:4>Target "_GenerateRestoreGraphProjectEntry" in file "/usr/local/share/dotnet/sdk/9.0.200/NuGet.targets" from project "/Users/dacanetdev/Dev/AIGenerated/RoadmapSkills/tests/Modules/Users/DeventSoft.RoadmapSkills.Users.IntegrationTests/DeventSoft.RoadmapSkills.Users.IntegrationTests.csproj" (entry point):
   2:4>Done building target "_GenerateRestoreGraphProjectEntry" in project "DeventSoft.RoadmapSkills.Users.IntegrationTests.csproj".
   4:5>Task "GetRestoreSettingsTask"
   2:4>Done Building Project "/Users/dacanetdev/Dev/AIGenerated/RoadmapSkills/tests/Modules/Users/DeventSoft.RoadmapSkills.Users.IntegrationTests/DeventSoft.RoadmapSkills.Users.IntegrationTests.csproj" (_GenerateRestoreGraphProjectEntry target(s)).
   4:5>Done executing task "GetRestoreSettingsTask".
   4:5>Done building target "_GetRestoreSettings" in project "DeventSoft.RoadmapSkills.Users.Infrastructure.csproj".
   4:5>Target "_GenerateDotnetCliToolReferenceSpecs" in file "/usr/local/share/dotnet/sdk/9.0.200/NuGet.targets" from project "/Users/dacanetdev/Dev/AIGenerated/RoadmapSkills/src/Modules/Users/DeventSoft.RoadmapSkills.Users.Infrastructure/DeventSoft.RoadmapSkills.Users.Infrastructure.csproj" (target "_GenerateRestoreGraphProjectEntry" depends on it):
       Using "GetRestoreDotnetCliToolsTask" task from assembly "/usr/local/share/dotnet/sdk/9.0.200/NuGet.Build.Tasks.dll".
       Task "GetRestoreDotnetCliToolsTask"
       Done executing task "GetRestoreDotnetCliToolsTask".
   4:5>Done building target "_GenerateDotnetCliToolReferenceSpecs" in project "DeventSoft.RoadmapSkills.Users.Infrastructure.csproj".
   4:5>Target "_GenerateRestoreGraphProjectEntry" in file "/usr/local/share/dotnet/sdk/9.0.200/NuGet.targets" from project "/Users/dacanetdev/Dev/AIGenerated/RoadmapSkills/src/Modules/Users/DeventSoft.RoadmapSkills.Users.Infrastructure/DeventSoft.RoadmapSkills.Users.Infrastructure.csproj" (entry point):
   4:5>Done building target "_GenerateRestoreGraphProjectEntry" in project "DeventSoft.RoadmapSkills.Users.Infrastructure.csproj".
   4:5>Done Building Project "/Users/dacanetdev/Dev/AIGenerated/RoadmapSkills/src/Modules/Users/DeventSoft.RoadmapSkills.Users.Infrastructure/DeventSoft.RoadmapSkills.Users.Infrastructure.csproj" (_GenerateRestoreGraphProjectEntry target(s)).
  10:3>Target "_ComputeToolPackInputsToProcessFrameworkReferences" in file "/usr/local/share/dotnet/sdk/9.0.200/Sdks/Microsoft.NET.Sdk/targets/Microsoft.NET.Publish.targets" from project "/Users/dacanetdev/Dev/AIGenerated/RoadmapSkills/src/Shared/DeventSoft.RoadmapSkills.Shared.Domain/DeventSoft.RoadmapSkills.Shared.Domain.csproj" (target "ProcessFrameworkReferences" depends on it):
  10:3>Done building target "_ComputeToolPackInputsToProcessFrameworkReferences" in project "DeventSoft.RoadmapSkills.Shared.Domain.csproj".
  10:3>Target "ProcessFrameworkReferences" in file "/usr/local/share/dotnet/sdk/9.0.200/Sdks/Microsoft.NET.Sdk/targets/Microsoft.NET.Sdk.FrameworkReferenceResolution.targets" from project "/Users/dacanetdev/Dev/AIGenerated/RoadmapSkills/src/Shared/DeventSoft.RoadmapSkills.Shared.Domain/DeventSoft.RoadmapSkills.Shared.Domain.csproj" (target "CollectPackageReferences" depends on it):
       Using "CheckForDuplicateFrameworkReferences" task from assembly "/usr/local/share/dotnet/sdk/9.0.200/Sdks/Microsoft.NET.Sdk/targets/../tools/net9.0/Microsoft.NET.Build.Tasks.dll".
       Task "CheckForDuplicateFrameworkReferences"
       Done executing task "CheckForDuplicateFrameworkReferences".
       Using "ProcessFrameworkReferences" task from assembly "/usr/local/share/dotnet/sdk/9.0.200/Sdks/Microsoft.NET.Sdk/targets/../tools/net9.0/Microsoft.NET.Build.Tasks.dll".
       Task "ProcessFrameworkReferences"
       Done executing task "ProcessFrameworkReferences".
       Using "ResolveAppHosts" task from assembly "/usr/local/share/dotnet/sdk/9.0.200/Sdks/Microsoft.NET.Sdk/targets/../tools/net9.0/Microsoft.NET.Build.Tasks.dll".
       Task "ResolveAppHosts"
       Done executing task "ResolveAppHosts".
  10:3>Done building target "ProcessFrameworkReferences" in project "DeventSoft.RoadmapSkills.Shared.Domain.csproj".
       Target "IncludeTargetingPackReference" skipped, due to false condition; ('$(TargetFrameworkMoniker)' != '' and '$(TargetFrameworkIdentifier)' == '.NETFramework' and '$(AutomaticallyUseReferenceAssemblyPackages)' == 'true') was evaluated as ('.NETCoreApp,Version=v8.0' != '' and '.NETCoreApp' == '.NETFramework' and 'true' == 'true').
       Target "_CheckMicrosoftNetCompilersToolsetFrameworkPackageReference" skipped, due to false condition; ('$(MSBuildRuntimeType)' == 'Full') was evaluated as ('Core' == 'Full').
  10:3>Target "_CheckForObsoleteDotNetCliToolReferences" in file "/usr/local/share/dotnet/sdk/9.0.200/Sdks/Microsoft.NET.Sdk/targets/Microsoft.NET.ObsoleteReferences.targets" from project "/Users/dacanetdev/Dev/AIGenerated/RoadmapSkills/src/Shared/DeventSoft.RoadmapSkills.Shared.Domain/DeventSoft.RoadmapSkills.Shared.Domain.csproj" (target "CollectPackageReferences" depends on it):
       Task "NETSdkWarning" skipped, due to false condition; ( '%(_ReferenceToObsoleteDotNetCliTool.Identity)' != '' ) was evaluated as ( '' != '' ).
  10:3>Done building target "_CheckForObsoleteDotNetCliToolReferences" in project "DeventSoft.RoadmapSkills.Shared.Domain.csproj".
  10:3>Target "CollectPackageReferences" in file "/usr/local/share/dotnet/sdk/9.0.200/NuGet.targets" from project "/Users/dacanetdev/Dev/AIGenerated/RoadmapSkills/src/Shared/DeventSoft.RoadmapSkills.Shared.Domain/DeventSoft.RoadmapSkills.Shared.Domain.csproj" (target "_GetRestoreProjectStyle" depends on it):
       Using "CheckForDuplicateNuGetItemsTask" task from assembly "/usr/local/share/dotnet/sdk/9.0.200/NuGet.Build.Tasks.dll".
       Task "CheckForDuplicateNuGetItemsTask"
       Done executing task "CheckForDuplicateNuGetItemsTask".
  10:3>Done building target "CollectPackageReferences" in project "DeventSoft.RoadmapSkills.Shared.Domain.csproj".
  10:3>Target "_GetRestoreProjectStyle" in file "/usr/local/share/dotnet/sdk/9.0.200/NuGet.targets" from project "/Users/dacanetdev/Dev/AIGenerated/RoadmapSkills/src/Shared/DeventSoft.RoadmapSkills.Shared.Domain/DeventSoft.RoadmapSkills.Shared.Domain.csproj" (target "_GenerateRestoreSpecs" depends on it):
       Using "GetRestoreProjectStyleTask" task from assembly "/usr/local/share/dotnet/sdk/9.0.200/NuGet.Build.Tasks.dll".
       Task "GetRestoreProjectStyleTask"
       Done executing task "GetRestoreProjectStyleTask".
  10:3>Done building target "_GetRestoreProjectStyle" in project "DeventSoft.RoadmapSkills.Shared.Domain.csproj".
  10:3>Target "_GenerateRestoreSpecs" in file "/usr/local/share/dotnet/sdk/9.0.200/NuGet.targets" from project "/Users/dacanetdev/Dev/AIGenerated/RoadmapSkills/src/Shared/DeventSoft.RoadmapSkills.Shared.Domain/DeventSoft.RoadmapSkills.Shared.Domain.csproj" (target "_GenerateRestoreGraphProjectEntry" depends on it):
       Using "Message" task from assembly "Microsoft.Build.Tasks.Core, Version=15.1.0.0, Culture=neutral, PublicKeyToken=b03f5f7f11d50a3a".
       Task "Message"
         Restore entry point /Users/dacanetdev/Dev/AIGenerated/RoadmapSkills/src/Shared/DeventSoft.RoadmapSkills.Shared.Domain/DeventSoft.RoadmapSkills.Shared.Domain.csproj
       Done executing task "Message".
  10:3>Done building target "_GenerateRestoreSpecs" in project "DeventSoft.RoadmapSkills.Shared.Domain.csproj".
  10:3>Target "_GetRestoreSettingsOverrides" in file "/usr/local/share/dotnet/sdk/9.0.200/NuGet.targets" from project "/Users/dacanetdev/Dev/AIGenerated/RoadmapSkills/src/Shared/DeventSoft.RoadmapSkills.Shared.Domain/DeventSoft.RoadmapSkills.Shared.Domain.csproj" (target "_GetRestoreSettings" depends on it):
       Task "MSBuild" skipped, due to false condition; ( '$(RestorePackagesPath)' != '' ) was evaluated as ( '' != '' ).
       Task "MSBuild" skipped, due to false condition; ( '$(RestoreRepositoryPathOverride)' != '' ) was evaluated as ( '' != '' ).
       Task "MSBuild" skipped, due to false condition; ( '$(RestoreSources)' != '' ) was evaluated as ( '' != '' ).
       Task "MSBuild" skipped, due to false condition; ( '$(RestoreFallbackFolders)' != '' ) was evaluated as ( '' != '' ).
  10:3>Done building target "_GetRestoreSettingsOverrides" in project "DeventSoft.RoadmapSkills.Shared.Domain.csproj".
  10:3>Target "_GetRestoreSettingsPerFramework" in file "/usr/local/share/dotnet/sdk/9.0.200/NuGet.targets" from project "/Users/dacanetdev/Dev/AIGenerated/RoadmapSkills/src/Shared/DeventSoft.RoadmapSkills.Shared.Domain/DeventSoft.RoadmapSkills.Shared.Domain.csproj" (target "_GetRestoreSettingsCurrentProject" depends on it):
  10:3>Done building target "_GetRestoreSettingsPerFramework" in project "DeventSoft.RoadmapSkills.Shared.Domain.csproj".
  10:3>Target "_GetRestoreSettingsCurrentProject" in file "/usr/local/share/dotnet/sdk/9.0.200/NuGet.targets" from project "/Users/dacanetdev/Dev/AIGenerated/RoadmapSkills/src/Shared/DeventSoft.RoadmapSkills.Shared.Domain/DeventSoft.RoadmapSkills.Shared.Domain.csproj" (target "_GetRestoreSettings" depends on it):
  10:3>Done building target "_GetRestoreSettingsCurrentProject" in project "DeventSoft.RoadmapSkills.Shared.Domain.csproj".
       Target "_GetRestoreSettingsAllFrameworks" skipped, due to false condition; ( '$(TargetFrameworks)' != '' AND '$(PackageReferenceCompatibleProjectStyle)' == 'true' ) was evaluated as ( '' != '' AND 'True' == 'true' ).
  10:3>Target "_GetRestoreSettings" in file "/usr/local/share/dotnet/sdk/9.0.200/NuGet.targets" from project "/Users/dacanetdev/Dev/AIGenerated/RoadmapSkills/src/Shared/DeventSoft.RoadmapSkills.Shared.Domain/DeventSoft.RoadmapSkills.Shared.Domain.csproj" (target "_GenerateDotnetCliToolReferenceSpecs" depends on it):
       Using "GetRestoreSettingsTask" task from assembly "/usr/local/share/dotnet/sdk/9.0.200/NuGet.Build.Tasks.dll".
       Task "GetRestoreSettingsTask"
         Assembly loaded during TaskRun (NuGet.Build.Tasks.GetRestoreSettingsTask): NuGet.Configuration, Version=6.13.0.113, Culture=neutral, PublicKeyToken=31bf3856ad364e35 (location: /usr/local/share/dotnet/sdk/9.0.200/NuGet.Configuration.dll, MVID: 03ab31a1-7996-4414-925c-e28cc613127f, AssemblyLoadContext: MSBuild plugin /usr/local/share/dotnet/sdk/9.0.200/NuGet.Build.Tasks.dll)
       Done executing task "GetRestoreSettingsTask".
  10:3>Done building target "_GetRestoreSettings" in project "DeventSoft.RoadmapSkills.Shared.Domain.csproj".
  10:3>Target "_GenerateDotnetCliToolReferenceSpecs" in file "/usr/local/share/dotnet/sdk/9.0.200/NuGet.targets" from project "/Users/dacanetdev/Dev/AIGenerated/RoadmapSkills/src/Shared/DeventSoft.RoadmapSkills.Shared.Domain/DeventSoft.RoadmapSkills.Shared.Domain.csproj" (target "_GenerateRestoreGraphProjectEntry" depends on it):
       Using "GetRestoreDotnetCliToolsTask" task from assembly "/usr/local/share/dotnet/sdk/9.0.200/NuGet.Build.Tasks.dll".
       Task "GetRestoreDotnetCliToolsTask"
       Done executing task "GetRestoreDotnetCliToolsTask".
  10:3>Done building target "_GenerateDotnetCliToolReferenceSpecs" in project "DeventSoft.RoadmapSkills.Shared.Domain.csproj".
  10:3>Target "_GenerateRestoreGraphProjectEntry" in file "/usr/local/share/dotnet/sdk/9.0.200/NuGet.targets" from project "/Users/dacanetdev/Dev/AIGenerated/RoadmapSkills/src/Shared/DeventSoft.RoadmapSkills.Shared.Domain/DeventSoft.RoadmapSkills.Shared.Domain.csproj" (entry point):
  10:3>Done building target "_GenerateRestoreGraphProjectEntry" in project "DeventSoft.RoadmapSkills.Shared.Domain.csproj".
  10:3>Done Building Project "/Users/dacanetdev/Dev/AIGenerated/RoadmapSkills/src/Shared/DeventSoft.RoadmapSkills.Shared.Domain/DeventSoft.RoadmapSkills.Shared.Domain.csproj" (_GenerateRestoreGraphProjectEntry target(s)).
     1>Project "/Users/dacanetdev/Dev/AIGenerated/RoadmapSkills/RoadmapSkills.sln" (1) is building "/Users/dacanetdev/Dev/AIGenerated/RoadmapSkills/src/Modules/Users/DeventSoft.RoadmapSkills.Users.Domain/DeventSoft.RoadmapSkills.Users.Domain.csproj" (9:5) on node 1 (_GenerateRestoreGraphProjectEntry target(s)).
   9:5>Target "_GetProjectJsonPath" in file "/usr/local/share/dotnet/sdk/9.0.200/NuGet.targets" from project "/Users/dacanetdev/Dev/AIGenerated/RoadmapSkills/src/Modules/Users/DeventSoft.RoadmapSkills.Users.Domain/DeventSoft.RoadmapSkills.Users.Domain.csproj" (target "_GetRestoreProjectStyle" depends on it):
   9:5>Task "GetRestoreProjectJsonPathTask" skipped, due to false condition; ( '$(RestoreProjectStyle)' == 'ProjectJson' OR '$(RestoreProjectStyle)' == '' ) was evaluated as ( 'PackageReference' == 'ProjectJson' OR 'PackageReference' == '' ).
   9:5>Done building target "_GetProjectJsonPath" in project "DeventSoft.RoadmapSkills.Users.Domain.csproj".
       Target "_CheckForUnsupportedTargetPlatformIdentifier" skipped, due to false condition; ('$(TargetPlatformIdentifier)' != '' and '$(TargetFrameworkIdentifier)' == '.NETCoreApp' and $([MSBuild]::VersionGreaterThanOrEquals($(TargetFrameworkVersion), 5.0)) And ('$(DesignTimeBuild)' != 'true' Or '@(MissingWorkloadPack)' == '')) was evaluated as ('' != '' and '.NETCoreApp' == '.NETCoreApp' and True And ('' != 'true' Or '' == '')).
       Target "_CheckForMissingWorkload" skipped, due to false condition; ('@(MissingWorkloadPack)' != '' And '$(DesignTimeBuild)' != 'true') was evaluated as ('' != '' And '' != 'true').
   9:5>Target "_CheckForUnsupportedNETCoreVersion" in file "/usr/local/share/dotnet/sdk/9.0.200/Sdks/Microsoft.NET.Sdk/targets/Microsoft.NET.TargetFrameworkInference.targets" from project "/Users/dacanetdev/Dev/AIGenerated/RoadmapSkills/src/Modules/Users/DeventSoft.RoadmapSkills.Users.Domain/DeventSoft.RoadmapSkills.Users.Domain.csproj" (target "CollectPackageReferences" depends on it):
       Task "NETSdkError" skipped, due to false condition; ('$(_TargetFrameworkVersionWithoutV)' > '$(NETCoreAppMaximumVersion)' and '$(DisplayVSMessage)' != 'true') was evaluated as ('8.0' > '9.0' and '' != 'true').
       Task "NETSdkError" skipped, due to false condition; ('$(DisplayVSMessage)' == 'true') was evaluated as ('' == 'true').
   9:5>Done building target "_CheckForUnsupportedNETCoreVersion" in project "DeventSoft.RoadmapSkills.Users.Domain.csproj".
       Target "_CheckForEolTargetFrameworks" skipped, due to false condition; ('@(_EolNetCoreTargetFrameworkVersions->AnyHaveMetadataValue('Identity', '$(_TargetFrameworkVersionWithoutV)'))' and '$(TargetFrameworkIdentifier)' == '.NETCoreApp' and '$(CheckEolTargetFramework)' == 'true') was evaluated as ('false' and '.NETCoreApp' == '.NETCoreApp' and '' == 'true').
       Target "_CheckForEolWorkloads" skipped, due to false condition; ('@(EolWorkload)' != '' and '$(CheckEolWorkloads)' == 'true') was evaluated as ('' != '' and 'true' == 'true').
       Target "_CheckForNotRecommendedNETStandardVersion" skipped, due to false condition; ('$(TargetFrameworkIdentifier)' == '.NETStandard' and $([MSBuild]::VersionLessThan($(TargetFrameworkVersion), '2.0'))) was evaluated as ('.NETCoreApp' == '.NETStandard' and False).
   9:5>Target "_CheckForUnsupportedCppNETCoreVersion" in file "/usr/local/share/dotnet/sdk/9.0.200/Sdks/Microsoft.NET.Sdk/targets/Microsoft.NET.TargetFrameworkInference.targets" from project "/Users/dacanetdev/Dev/AIGenerated/RoadmapSkills/src/Modules/Users/DeventSoft.RoadmapSkills.Users.Domain/DeventSoft.RoadmapSkills.Users.Domain.csproj" (target "CollectPackageReferences" depends on it):
       Task "NETSdkError" skipped, due to false condition; ('$(TargetFrameworkIdentifier)' == '.NETCoreApp' and '$(_TargetFrameworkVersionWithoutV)' < '3.1' and ('$(Language)' == 'C++' and '$(_EnablePackageReferencesInVCProjects)' != 'true')) was evaluated as ('.NETCoreApp' == '.NETCoreApp' and '8.0' < '3.1' and ('C#' == 'C++' and '' != 'true')).
   9:5>Done building target "_CheckForUnsupportedCppNETCoreVersion" in project "DeventSoft.RoadmapSkills.Users.Domain.csproj".
       Target "_CheckForUnsupportedNETStandardVersion" skipped, due to false condition; ('$(TargetFrameworkIdentifier)' == '.NETStandard' And '$(NETStandardMaximumVersion)' != '') was evaluated as ('.NETCoreApp' == '.NETStandard' And '' != '').
       Target "_CheckForUnsupportedTargetFrameworkAndFeatureCombination" skipped, due to false condition; ('$(TargetFrameworkIdentifier)' == '.NETFramework') was evaluated as ('.NETCoreApp' == '.NETFramework').
       Target "ApplyImplicitVersions" skipped, due to false condition; ('@(PackageReference)' != '') was evaluated as ('' != '').
       Target "IncludeTargetingPackReference" skipped, due to false condition; ('$(TargetFrameworkMoniker)' != '' and '$(TargetFrameworkIdentifier)' == '.NETFramework' and '$(AutomaticallyUseReferenceAssemblyPackages)' == 'true') was evaluated as ('.NETCoreApp,Version=v8.0' != '' and '.NETCoreApp' == '.NETFramework' and 'true' == 'true').
   9:5>Target "CheckForImplicitPackageReferenceOverrides" in file "/usr/local/share/dotnet/sdk/9.0.200/Sdks/Microsoft.NET.Sdk/targets/Microsoft.NET.Sdk.DefaultItems.Shared.targets" from project "/Users/dacanetdev/Dev/AIGenerated/RoadmapSkills/src/Modules/Users/DeventSoft.RoadmapSkills.Users.Domain/DeventSoft.RoadmapSkills.Users.Domain.csproj" (target "CollectPackageReferences" depends on it):
       Using "CheckForImplicitPackageReferenceOverrides" task from assembly "/usr/local/share/dotnet/sdk/9.0.200/Sdks/Microsoft.NET.Sdk/targets/../tools/net9.0/Microsoft.NET.Build.Tasks.dll".
       Task "CheckForImplicitPackageReferenceOverrides"
       Done executing task "CheckForImplicitPackageReferenceOverrides".
   9:5>Done building target "CheckForImplicitPackageReferenceOverrides" in project "DeventSoft.RoadmapSkills.Users.Domain.csproj".
       Target "AddWindowsSdkKnownFrameworkReferences" skipped, due to false condition; ('$(TargetFrameworkIdentifier)' == '.NETCoreApp' And '$(TargetPlatformIdentifier)' == 'Windows'
                            And ('$(Language)' != 'C++' Or '$(IncludeWindowsSDKRefFrameworkReferences)' == 'true')) was evaluated as ('.NETCoreApp' == '.NETCoreApp' And '' == 'Windows'
                            And ('C#' != 'C++' Or '' == 'true')).
       Target "_NormalizeTargetPlatformVersion" skipped, due to false condition; ('$(TargetPlatformVersion)' != '' and '$(TargetFrameworkIdentifier)' == '.NETCoreApp' and $([MSBuild]::VersionGreaterThanOrEquals($(TargetFrameworkVersion), 5.0)) and ('$(Language)' != 'C++' or '$(_EnablePackageReferencesInVCProjects)' == 'true')) was evaluated as ('' != '' and '.NETCoreApp' == '.NETCoreApp' and True and ('C#' != 'C++' or '' == 'true')).
   9:5>Target "_CheckForLanguageAndFeatureCombinationSupport" in file "/usr/local/share/dotnet/sdk/9.0.200/Sdks/Microsoft.NET.Sdk/targets/Microsoft.NET.RuntimeIdentifierInference.targets" from project "/Users/dacanetdev/Dev/AIGenerated/RoadmapSkills/src/Modules/Users/DeventSoft.RoadmapSkills.Users.Domain/DeventSoft.RoadmapSkills.Users.Domain.csproj" (target "ProcessFrameworkReferences" depends on it):
       Task "NETSdkError" skipped, due to false condition; (('$(Language)' == 'C++' and '$(_EnablePackageReferencesInVCProjects)' != 'true') and $(OutputType) != 'library' and '$(TargetFrameworkIdentifier)' == '.NETCoreApp') was evaluated as (('C#' == 'C++' and '' != 'true') and Library != 'library' and '.NETCoreApp' == '.NETCoreApp').
       Task "NETSdkError" skipped, due to false condition; (('$(Language)' == 'C++' and '$(_EnablePackageReferencesInVCProjects)' != 'true') and $(EnableComHosting) == 'true') was evaluated as (('C#' == 'C++' and '' != 'true') and  == 'true').
       Task "NETSdkError" skipped, due to false condition; (('$(Language)' == 'C++' and '$(_EnablePackageReferencesInVCProjects)' != 'true') and $(SelfContained) == 'true') was evaluated as (('C#' == 'C++' and '' != 'true') and  == 'true').
   9:5>Done building target "_CheckForLanguageAndFeatureCombinationSupport" in project "DeventSoft.RoadmapSkills.Users.Domain.csproj".
       Target "ApplyImplicitVersions" skipped, due to false condition; ('@(PackageReference)' != '') was evaluated as ('' != '').
   9:5>Target "_ComputeToolPackInputsToProcessFrameworkReferences" in file "/usr/local/share/dotnet/sdk/9.0.200/Sdks/Microsoft.NET.Sdk/targets/Microsoft.NET.Publish.targets" from project "/Users/dacanetdev/Dev/AIGenerated/RoadmapSkills/src/Modules/Users/DeventSoft.RoadmapSkills.Users.Domain/DeventSoft.RoadmapSkills.Users.Domain.csproj" (target "ProcessFrameworkReferences" depends on it):
   9:5>Done building target "_ComputeToolPackInputsToProcessFrameworkReferences" in project "DeventSoft.RoadmapSkills.Users.Domain.csproj".
   9:5>Target "ProcessFrameworkReferences" in file "/usr/local/share/dotnet/sdk/9.0.200/Sdks/Microsoft.NET.Sdk/targets/Microsoft.NET.Sdk.FrameworkReferenceResolution.targets" from project "/Users/dacanetdev/Dev/AIGenerated/RoadmapSkills/src/Modules/Users/DeventSoft.RoadmapSkills.Users.Domain/DeventSoft.RoadmapSkills.Users.Domain.csproj" (target "CollectPackageReferences" depends on it):
       Using "CheckForDuplicateFrameworkReferences" task from assembly "/usr/local/share/dotnet/sdk/9.0.200/Sdks/Microsoft.NET.Sdk/targets/../tools/net9.0/Microsoft.NET.Build.Tasks.dll".
       Task "CheckForDuplicateFrameworkReferences"
       Done executing task "CheckForDuplicateFrameworkReferences".
       Using "ProcessFrameworkReferences" task from assembly "/usr/local/share/dotnet/sdk/9.0.200/Sdks/Microsoft.NET.Sdk/targets/../tools/net9.0/Microsoft.NET.Build.Tasks.dll".
       Task "ProcessFrameworkReferences"
       Done executing task "ProcessFrameworkReferences".
       Using "ResolveAppHosts" task from assembly "/usr/local/share/dotnet/sdk/9.0.200/Sdks/Microsoft.NET.Sdk/targets/../tools/net9.0/Microsoft.NET.Build.Tasks.dll".
       Task "ResolveAppHosts"
       Done executing task "ResolveAppHosts".
   9:5>Done building target "ProcessFrameworkReferences" in project "DeventSoft.RoadmapSkills.Users.Domain.csproj".
       Target "IncludeTargetingPackReference" skipped, due to false condition; ('$(TargetFrameworkMoniker)' != '' and '$(TargetFrameworkIdentifier)' == '.NETFramework' and '$(AutomaticallyUseReferenceAssemblyPackages)' == 'true') was evaluated as ('.NETCoreApp,Version=v8.0' != '' and '.NETCoreApp' == '.NETFramework' and 'true' == 'true').
       Target "_CheckMicrosoftNetCompilersToolsetFrameworkPackageReference" skipped, due to false condition; ('$(MSBuildRuntimeType)' == 'Full') was evaluated as ('Core' == 'Full').
   9:5>Target "_CheckForObsoleteDotNetCliToolReferences" in file "/usr/local/share/dotnet/sdk/9.0.200/Sdks/Microsoft.NET.Sdk/targets/Microsoft.NET.ObsoleteReferences.targets" from project "/Users/dacanetdev/Dev/AIGenerated/RoadmapSkills/src/Modules/Users/DeventSoft.RoadmapSkills.Users.Domain/DeventSoft.RoadmapSkills.Users.Domain.csproj" (target "CollectPackageReferences" depends on it):
       Task "NETSdkWarning" skipped, due to false condition; ( '%(_ReferenceToObsoleteDotNetCliTool.Identity)' != '' ) was evaluated as ( '' != '' ).
   9:5>Done building target "_CheckForObsoleteDotNetCliToolReferences" in project "DeventSoft.RoadmapSkills.Users.Domain.csproj".
   9:5>Target "CollectPackageReferences" in file "/usr/local/share/dotnet/sdk/9.0.200/NuGet.targets" from project "/Users/dacanetdev/Dev/AIGenerated/RoadmapSkills/src/Modules/Users/DeventSoft.RoadmapSkills.Users.Domain/DeventSoft.RoadmapSkills.Users.Domain.csproj" (target "_GetRestoreProjectStyle" depends on it):
       Using "CheckForDuplicateNuGetItemsTask" task from assembly "/usr/local/share/dotnet/sdk/9.0.200/NuGet.Build.Tasks.dll".
       Task "CheckForDuplicateNuGetItemsTask"
       Done executing task "CheckForDuplicateNuGetItemsTask".
   9:5>Done building target "CollectPackageReferences" in project "DeventSoft.RoadmapSkills.Users.Domain.csproj".
   9:5>Target "_GetRestoreProjectStyle" in file "/usr/local/share/dotnet/sdk/9.0.200/NuGet.targets" from project "/Users/dacanetdev/Dev/AIGenerated/RoadmapSkills/src/Modules/Users/DeventSoft.RoadmapSkills.Users.Domain/DeventSoft.RoadmapSkills.Users.Domain.csproj" (target "_GenerateRestoreSpecs" depends on it):
       Using "GetRestoreProjectStyleTask" task from assembly "/usr/local/share/dotnet/sdk/9.0.200/NuGet.Build.Tasks.dll".
       Task "GetRestoreProjectStyleTask"
       Done executing task "GetRestoreProjectStyleTask".
   9:5>Done building target "_GetRestoreProjectStyle" in project "DeventSoft.RoadmapSkills.Users.Domain.csproj".
   9:5>Target "_GenerateRestoreSpecs" in file "/usr/local/share/dotnet/sdk/9.0.200/NuGet.targets" from project "/Users/dacanetdev/Dev/AIGenerated/RoadmapSkills/src/Modules/Users/DeventSoft.RoadmapSkills.Users.Domain/DeventSoft.RoadmapSkills.Users.Domain.csproj" (target "_GenerateRestoreGraphProjectEntry" depends on it):
       Task "Message"
         Restore entry point /Users/dacanetdev/Dev/AIGenerated/RoadmapSkills/src/Modules/Users/DeventSoft.RoadmapSkills.Users.Domain/DeventSoft.RoadmapSkills.Users.Domain.csproj
       Done executing task "Message".
   9:5>Done building target "_GenerateRestoreSpecs" in project "DeventSoft.RoadmapSkills.Users.Domain.csproj".
   9:5>Target "_GetRestoreSettingsOverrides" in file "/usr/local/share/dotnet/sdk/9.0.200/NuGet.targets" from project "/Users/dacanetdev/Dev/AIGenerated/RoadmapSkills/src/Modules/Users/DeventSoft.RoadmapSkills.Users.Domain/DeventSoft.RoadmapSkills.Users.Domain.csproj" (target "_GetRestoreSettings" depends on it):
       Task "MSBuild" skipped, due to false condition; ( '$(RestorePackagesPath)' != '' ) was evaluated as ( '' != '' ).
       Task "MSBuild" skipped, due to false condition; ( '$(RestoreRepositoryPathOverride)' != '' ) was evaluated as ( '' != '' ).
       Task "MSBuild" skipped, due to false condition; ( '$(RestoreSources)' != '' ) was evaluated as ( '' != '' ).
       Task "MSBuild" skipped, due to false condition; ( '$(RestoreFallbackFolders)' != '' ) was evaluated as ( '' != '' ).
   9:5>Done building target "_GetRestoreSettingsOverrides" in project "DeventSoft.RoadmapSkills.Users.Domain.csproj".
   9:5>Target "_GetRestoreSettingsPerFramework" in file "/usr/local/share/dotnet/sdk/9.0.200/NuGet.targets" from project "/Users/dacanetdev/Dev/AIGenerated/RoadmapSkills/src/Modules/Users/DeventSoft.RoadmapSkills.Users.Domain/DeventSoft.RoadmapSkills.Users.Domain.csproj" (target "_GetRestoreSettingsCurrentProject" depends on it):
   9:5>Done building target "_GetRestoreSettingsPerFramework" in project "DeventSoft.RoadmapSkills.Users.Domain.csproj".
   9:5>Target "_GetRestoreSettingsCurrentProject" in file "/usr/local/share/dotnet/sdk/9.0.200/NuGet.targets" from project "/Users/dacanetdev/Dev/AIGenerated/RoadmapSkills/src/Modules/Users/DeventSoft.RoadmapSkills.Users.Domain/DeventSoft.RoadmapSkills.Users.Domain.csproj" (target "_GetRestoreSettings" depends on it):
   9:5>Done building target "_GetRestoreSettingsCurrentProject" in project "DeventSoft.RoadmapSkills.Users.Domain.csproj".
       Target "_GetRestoreSettingsAllFrameworks" skipped, due to false condition; ( '$(TargetFrameworks)' != '' AND '$(PackageReferenceCompatibleProjectStyle)' == 'true' ) was evaluated as ( '' != '' AND 'True' == 'true' ).
   9:5>Target "_GetRestoreSettings" in file "/usr/local/share/dotnet/sdk/9.0.200/NuGet.targets" from project "/Users/dacanetdev/Dev/AIGenerated/RoadmapSkills/src/Modules/Users/DeventSoft.RoadmapSkills.Users.Domain/DeventSoft.RoadmapSkills.Users.Domain.csproj" (target "_GenerateDotnetCliToolReferenceSpecs" depends on it):
       Using "GetRestoreSettingsTask" task from assembly "/usr/local/share/dotnet/sdk/9.0.200/NuGet.Build.Tasks.dll".
       Task "GetRestoreSettingsTask"
       Done executing task "GetRestoreSettingsTask".
   9:5>Done building target "_GetRestoreSettings" in project "DeventSoft.RoadmapSkills.Users.Domain.csproj".
   9:5>Target "_GenerateDotnetCliToolReferenceSpecs" in file "/usr/local/share/dotnet/sdk/9.0.200/NuGet.targets" from project "/Users/dacanetdev/Dev/AIGenerated/RoadmapSkills/src/Modules/Users/DeventSoft.RoadmapSkills.Users.Domain/DeventSoft.RoadmapSkills.Users.Domain.csproj" (target "_GenerateRestoreGraphProjectEntry" depends on it):
       Using "GetRestoreDotnetCliToolsTask" task from assembly "/usr/local/share/dotnet/sdk/9.0.200/NuGet.Build.Tasks.dll".
       Task "GetRestoreDotnetCliToolsTask"
       Done executing task "GetRestoreDotnetCliToolsTask".
   9:5>Done building target "_GenerateDotnetCliToolReferenceSpecs" in project "DeventSoft.RoadmapSkills.Users.Domain.csproj".
   9:5>Target "_GenerateRestoreGraphProjectEntry" in file "/usr/local/share/dotnet/sdk/9.0.200/NuGet.targets" from project "/Users/dacanetdev/Dev/AIGenerated/RoadmapSkills/src/Modules/Users/DeventSoft.RoadmapSkills.Users.Domain/DeventSoft.RoadmapSkills.Users.Domain.csproj" (entry point):
   9:5>Done building target "_GenerateRestoreGraphProjectEntry" in project "DeventSoft.RoadmapSkills.Users.Domain.csproj".
   9:5>Done Building Project "/Users/dacanetdev/Dev/AIGenerated/RoadmapSkills/src/Modules/Users/DeventSoft.RoadmapSkills.Users.Domain/DeventSoft.RoadmapSkills.Users.Domain.csproj" (_GenerateRestoreGraphProjectEntry target(s)).
     1>Done executing task "MSBuild".
       Task "MSBuild"
         Global Properties:
           ExcludeRestorePackageImports=true
           _RestoreSolutionFileUsed=true
           SolutionDir=/Users/dacanetdev/Dev/AIGenerated/RoadmapSkills/
           SolutionName=RoadmapSkills
           SolutionFileName=RoadmapSkills.sln
           SolutionPath=/Users/dacanetdev/Dev/AIGenerated/RoadmapSkills/RoadmapSkills.sln
           SolutionExt=.sln
         Additional Properties for project "/Users/dacanetdev/Dev/AIGenerated/RoadmapSkills/src/Shared/DeventSoft.RoadmapSkills.Shared.Domain/DeventSoft.RoadmapSkills.Shared.Domain.csproj":
           Configuration=Debug
           Platform=AnyCPU
         Additional Properties for project "/Users/dacanetdev/Dev/AIGenerated/RoadmapSkills/src/Modules/Users/DeventSoft.RoadmapSkills.Users.Domain/DeventSoft.RoadmapSkills.Users.Domain.csproj":
           Configuration=Debug
           Platform=AnyCPU
         Additional Properties for project "/Users/dacanetdev/Dev/AIGenerated/RoadmapSkills/src/Modules/Users/DeventSoft.RoadmapSkills.Users.Application/DeventSoft.RoadmapSkills.Users.Application.csproj":
           Configuration=Debug
           Platform=AnyCPU
         Additional Properties for project "/Users/dacanetdev/Dev/AIGenerated/RoadmapSkills/src/Modules/Users/DeventSoft.RoadmapSkills.Users.Infrastructure/DeventSoft.RoadmapSkills.Users.Infrastructure.csproj":
           Configuration=Debug
           Platform=AnyCPU
         Additional Properties for project "/Users/dacanetdev/Dev/AIGenerated/RoadmapSkills/src/Modules/Users/DeventSoft.RoadmapSkills.Users.Api/DeventSoft.RoadmapSkills.Users.Api.csproj":
           Configuration=Debug
           Platform=AnyCPU
         Additional Properties for project "/Users/dacanetdev/Dev/AIGenerated/RoadmapSkills/tests/Modules/Users/DeventSoft.RoadmapSkills.Users.UnitTests/DeventSoft.RoadmapSkills.Users.UnitTests.csproj":
           Configuration=Debug
           Platform=AnyCPU
         Additional Properties for project "/Users/dacanetdev/Dev/AIGenerated/RoadmapSkills/tests/Modules/Users/DeventSoft.RoadmapSkills.Users.IntegrationTests/DeventSoft.RoadmapSkills.Users.IntegrationTests.csproj":
           Configuration=Debug
           Platform=AnyCPU
         Additional Properties for project "/Users/dacanetdev/Dev/AIGenerated/RoadmapSkills/src/DeventSoft.RoadmapSkills.Api/DeventSoft.RoadmapSkills.Api.csproj":
           Configuration=Debug
           Platform=AnyCPU
         Additional Properties for project "/Users/dacanetdev/Dev/AIGenerated/RoadmapSkills/src/DeventSoft.RoadmapSkills.BlazorApp/DeventSoft.RoadmapSkills.BlazorApp.csproj":
           Configuration=Debug
           Platform=AnyCPU
     1>Project "/Users/dacanetdev/Dev/AIGenerated/RoadmapSkills/RoadmapSkills.sln" (1) is building "/Users/dacanetdev/Dev/AIGenerated/RoadmapSkills/src/Shared/DeventSoft.RoadmapSkills.Shared.Domain/DeventSoft.RoadmapSkills.Shared.Domain.csproj" (10:4) on node 1 (_GenerateProjectRestoreGraph target(s)).
  10:4>Target "_GetRestoreProjectStyle" skipped. Previously built successfully.
       Target "_GetRestoreProjectStyle" skipped. Previously built successfully.
       Target "_GetRestoreProjectStyle" skipped. Previously built successfully.
  10:4>Target "_GetRestoreTargetFrameworkOverride" in file "/usr/local/share/dotnet/sdk/9.0.200/NuGet.targets" from project "/Users/dacanetdev/Dev/AIGenerated/RoadmapSkills/src/Shared/DeventSoft.RoadmapSkills.Shared.Domain/DeventSoft.RoadmapSkills.Shared.Domain.csproj" (target "_GetRestoreTargetFrameworksOutput" depends on it):
       Task "GetGlobalPropertyValueTask" skipped, due to false condition; ( '$(TargetFrameworks)' != '' ) was evaluated as ( '' != '' ).
  10:4>Done building target "_GetRestoreTargetFrameworkOverride" in project "DeventSoft.RoadmapSkills.Shared.Domain.csproj".
  10:4>Target "_GetRestoreTargetFrameworksOutput" in file "/usr/local/share/dotnet/sdk/9.0.200/NuGet.targets" from project "/Users/dacanetdev/Dev/AIGenerated/RoadmapSkills/src/Shared/DeventSoft.RoadmapSkills.Shared.Domain/DeventSoft.RoadmapSkills.Shared.Domain.csproj" (target "_GenerateRestoreProjectSpec" depends on it):
       Using "GetProjectTargetFrameworksTask" task from assembly "/usr/local/share/dotnet/sdk/9.0.200/NuGet.Build.Tasks.dll".
       Task "GetProjectTargetFrameworksTask"
       Done executing task "GetProjectTargetFrameworksTask".
  10:4>Done building target "_GetRestoreTargetFrameworksOutput" in project "DeventSoft.RoadmapSkills.Shared.Domain.csproj".
       Target "_GetRestoreSettings" skipped. Previously built successfully.
  10:4>Target "_GenerateRestoreProjectSpec" in file "/usr/local/share/dotnet/sdk/9.0.200/NuGet.targets" from project "/Users/dacanetdev/Dev/AIGenerated/RoadmapSkills/src/Shared/DeventSoft.RoadmapSkills.Shared.Domain/DeventSoft.RoadmapSkills.Shared.Domain.csproj" (target "_GenerateProjectRestoreGraph" depends on it):
       Task "ConvertToAbsolutePath"
       Done executing task "ConvertToAbsolutePath".
  10:4>Done building target "_GenerateRestoreProjectSpec" in project "DeventSoft.RoadmapSkills.Shared.Domain.csproj".
       Target "_GenerateProjectRestoreGraphAllFrameworks" skipped, due to false condition; ( '$(TargetFrameworks)' != '' ) was evaluated as ( '' != '' ).
       Target "_GetRestoreProjectStyle" skipped. Previously built successfully.
       Target "CollectPackageReferences" skipped. Previously built successfully.
  10:4>Target "CollectPackageDownloads" in file "/usr/local/share/dotnet/sdk/9.0.200/NuGet.targets" from project "/Users/dacanetdev/Dev/AIGenerated/RoadmapSkills/src/Shared/DeventSoft.RoadmapSkills.Shared.Domain/DeventSoft.RoadmapSkills.Shared.Domain.csproj" (target "_CollectRestoreInputs" depends on it):
       Task "CheckForDuplicateNuGetItemsTask"
       Done executing task "CheckForDuplicateNuGetItemsTask".
  10:4>Done building target "CollectPackageDownloads" in project "DeventSoft.RoadmapSkills.Shared.Domain.csproj".
  10:4>Target "CollectFrameworkReferences" in file "/usr/local/share/dotnet/sdk/9.0.200/NuGet.targets" from project "/Users/dacanetdev/Dev/AIGenerated/RoadmapSkills/src/Shared/DeventSoft.RoadmapSkills.Shared.Domain/DeventSoft.RoadmapSkills.Shared.Domain.csproj" (target "_CollectRestoreInputs" depends on it):
  10:4>Done building target "CollectFrameworkReferences" in project "DeventSoft.RoadmapSkills.Shared.Domain.csproj".
  10:4>Target "CollectCentralPackageVersions" in file "/usr/local/share/dotnet/sdk/9.0.200/NuGet.targets" from project "/Users/dacanetdev/Dev/AIGenerated/RoadmapSkills/src/Shared/DeventSoft.RoadmapSkills.Shared.Domain/DeventSoft.RoadmapSkills.Shared.Domain.csproj" (target "_CollectRestoreInputs" depends on it):
       Task "CheckForDuplicateNuGetItemsTask"
     1>Project "/Users/dacanetdev/Dev/AIGenerated/RoadmapSkills/RoadmapSkills.sln" (1) is building "/Users/dacanetdev/Dev/AIGenerated/RoadmapSkills/src/Modules/Users/DeventSoft.RoadmapSkills.Users.Infrastructure/DeventSoft.RoadmapSkills.Users.Infrastructure.csproj" (4:6) on node 7 (_GenerateProjectRestoreGraph target(s)).
   4:6>Target "_GetRestoreProjectStyle" skipped. Previously built successfully.
     1>Project "/Users/dacanetdev/Dev/AIGenerated/RoadmapSkills/RoadmapSkills.sln" (1) is building "/Users/dacanetdev/Dev/AIGenerated/RoadmapSkills/src/DeventSoft.RoadmapSkills.BlazorApp/DeventSoft.RoadmapSkills.BlazorApp.csproj" (8:5) on node 4 (_GenerateProjectRestoreGraph target(s)).
   8:5>Target "_GetRestoreProjectStyle" skipped. Previously built successfully.
       Target "_GetRestoreProjectStyle" skipped. Previously built successfully.
     1>Project "/Users/dacanetdev/Dev/AIGenerated/RoadmapSkills/RoadmapSkills.sln" (1) is building "/Users/dacanetdev/Dev/AIGenerated/RoadmapSkills/src/Modules/Users/DeventSoft.RoadmapSkills.Users.Api/DeventSoft.RoadmapSkills.Users.Api.csproj" (7:5) on node 2 (_GenerateProjectRestoreGraph target(s)).
   7:5>Target "_GetRestoreProjectStyle" skipped. Previously built successfully.
   4:6>Target "_GetRestoreProjectStyle" skipped. Previously built successfully.
     1>Project "/Users/dacanetdev/Dev/AIGenerated/RoadmapSkills/RoadmapSkills.sln" (1) is building "/Users/dacanetdev/Dev/AIGenerated/RoadmapSkills/tests/Modules/Users/DeventSoft.RoadmapSkills.Users.UnitTests/DeventSoft.RoadmapSkills.Users.UnitTests.csproj" (5:5) on node 3 (_GenerateProjectRestoreGraph target(s)).
   5:5>Target "_GetRestoreProjectStyle" skipped. Previously built successfully.
   8:5>Target "_GetRestoreProjectStyle" skipped. Previously built successfully.
     1>Project "/Users/dacanetdev/Dev/AIGenerated/RoadmapSkills/RoadmapSkills.sln" (1) is building "/Users/dacanetdev/Dev/AIGenerated/RoadmapSkills/src/DeventSoft.RoadmapSkills.Api/DeventSoft.RoadmapSkills.Api.csproj" (6:5) on node 6 (_GenerateProjectRestoreGraph target(s)).
   6:5>Target "_GetRestoreProjectStyle" skipped. Previously built successfully.
   7:5>Target "_GetRestoreProjectStyle" skipped. Previously built successfully.
   4:6>Target "_GetRestoreProjectStyle" skipped. Previously built successfully.
  10:4>Done executing task "CheckForDuplicateNuGetItemsTask".
   5:5>Target "_GetRestoreProjectStyle" skipped. Previously built successfully.
   7:5>Target "_GetRestoreProjectStyle" skipped. Previously built successfully.
   6:5>Target "_GetRestoreProjectStyle" skipped. Previously built successfully.
   8:5>Target "_GetRestoreTargetFrameworkOverride" in file "/usr/local/share/dotnet/sdk/9.0.200/NuGet.targets" from project "/Users/dacanetdev/Dev/AIGenerated/RoadmapSkills/src/DeventSoft.RoadmapSkills.BlazorApp/DeventSoft.RoadmapSkills.BlazorApp.csproj" (target "_GetRestoreTargetFrameworksOutput" depends on it):
   8:5>Task "GetGlobalPropertyValueTask" skipped, due to false condition; ( '$(TargetFrameworks)' != '' ) was evaluated as ( '' != '' ).
   5:5>Target "_GetRestoreProjectStyle" skipped. Previously built successfully.
     1>Project "/Users/dacanetdev/Dev/AIGenerated/RoadmapSkills/RoadmapSkills.sln" (1) is building "/Users/dacanetdev/Dev/AIGenerated/RoadmapSkills/src/Modules/Users/DeventSoft.RoadmapSkills.Users.Application/DeventSoft.RoadmapSkills.Users.Application.csproj" (3:6) on node 8 (_GenerateProjectRestoreGraph target(s)).
   3:6>Target "_GetRestoreProjectStyle" skipped. Previously built successfully.
     1>Project "/Users/dacanetdev/Dev/AIGenerated/RoadmapSkills/RoadmapSkills.sln" (1) is building "/Users/dacanetdev/Dev/AIGenerated/RoadmapSkills/tests/Modules/Users/DeventSoft.RoadmapSkills.Users.IntegrationTests/DeventSoft.RoadmapSkills.Users.IntegrationTests.csproj" (2:5) on node 5 (_GenerateProjectRestoreGraph target(s)).
   2:5>Target "_GetRestoreProjectStyle" skipped. Previously built successfully.
   8:5>Done building target "_GetRestoreTargetFrameworkOverride" in project "DeventSoft.RoadmapSkills.BlazorApp.csproj".
  10:4>Done building target "CollectCentralPackageVersions" in project "DeventSoft.RoadmapSkills.Shared.Domain.csproj".
   3:6>Target "_GetRestoreProjectStyle" skipped. Previously built successfully.
   4:6>Target "_GetRestoreTargetFrameworkOverride" in file "/usr/local/share/dotnet/sdk/9.0.200/NuGet.targets" from project "/Users/dacanetdev/Dev/AIGenerated/RoadmapSkills/src/Modules/Users/DeventSoft.RoadmapSkills.Users.Infrastructure/DeventSoft.RoadmapSkills.Users.Infrastructure.csproj" (target "_GetRestoreTargetFrameworksOutput" depends on it):
   4:6>Task "GetGlobalPropertyValueTask" skipped, due to false condition; ( '$(TargetFrameworks)' != '' ) was evaluated as ( '' != '' ).
   2:5>Target "_GetRestoreProjectStyle" skipped. Previously built successfully.
   3:6>Target "_GetRestoreProjectStyle" skipped. Previously built successfully.
   5:5>Target "_GetRestoreTargetFrameworkOverride" in file "/usr/local/share/dotnet/sdk/9.0.200/NuGet.targets" from project "/Users/dacanetdev/Dev/AIGenerated/RoadmapSkills/tests/Modules/Users/DeventSoft.RoadmapSkills.Users.UnitTests/DeventSoft.RoadmapSkills.Users.UnitTests.csproj" (target "_GetRestoreTargetFrameworksOutput" depends on it):
   5:5>Task "GetGlobalPropertyValueTask" skipped, due to false condition; ( '$(TargetFrameworks)' != '' ) was evaluated as ( '' != '' ).
   8:5>Target "_GetRestoreTargetFrameworksOutput" in file "/usr/local/share/dotnet/sdk/9.0.200/NuGet.targets" from project "/Users/dacanetdev/Dev/AIGenerated/RoadmapSkills/src/DeventSoft.RoadmapSkills.BlazorApp/DeventSoft.RoadmapSkills.BlazorApp.csproj" (target "_GenerateRestoreProjectSpec" depends on it):
   8:5>Using "GetProjectTargetFrameworksTask" task from assembly "/usr/local/share/dotnet/sdk/9.0.200/NuGet.Build.Tasks.dll".
   4:6>Done building target "_GetRestoreTargetFrameworkOverride" in project "DeventSoft.RoadmapSkills.Users.Infrastructure.csproj".
   2:5>Target "_GetRestoreProjectStyle" skipped. Previously built successfully.
   8:5>Task "GetProjectTargetFrameworksTask"
   6:5>Target "_GetRestoreProjectStyle" skipped. Previously built successfully.
   8:5>Done executing task "GetProjectTargetFrameworksTask".
   4:6>Target "_GetRestoreTargetFrameworksOutput" in file "/usr/local/share/dotnet/sdk/9.0.200/NuGet.targets" from project "/Users/dacanetdev/Dev/AIGenerated/RoadmapSkills/src/Modules/Users/DeventSoft.RoadmapSkills.Users.Infrastructure/DeventSoft.RoadmapSkills.Users.Infrastructure.csproj" (target "_GenerateRestoreProjectSpec" depends on it):
   4:6>Using "GetProjectTargetFrameworksTask" task from assembly "/usr/local/share/dotnet/sdk/9.0.200/NuGet.Build.Tasks.dll".
   7:5>Target "_GetRestoreTargetFrameworkOverride" in file "/usr/local/share/dotnet/sdk/9.0.200/NuGet.targets" from project "/Users/dacanetdev/Dev/AIGenerated/RoadmapSkills/src/Modules/Users/DeventSoft.RoadmapSkills.Users.Api/DeventSoft.RoadmapSkills.Users.Api.csproj" (target "_GetRestoreTargetFrameworksOutput" depends on it):
   7:5>Task "GetGlobalPropertyValueTask" skipped, due to false condition; ( '$(TargetFrameworks)' != '' ) was evaluated as ( '' != '' ).
   2:5>Target "_GetRestoreTargetFrameworkOverride" in file "/usr/local/share/dotnet/sdk/9.0.200/NuGet.targets" from project "/Users/dacanetdev/Dev/AIGenerated/RoadmapSkills/tests/Modules/Users/DeventSoft.RoadmapSkills.Users.IntegrationTests/DeventSoft.RoadmapSkills.Users.IntegrationTests.csproj" (target "_GetRestoreTargetFrameworksOutput" depends on it):
   2:5>Task "GetGlobalPropertyValueTask" skipped, due to false condition; ( '$(TargetFrameworks)' != '' ) was evaluated as ( '' != '' ).
   3:6>Target "_GetRestoreTargetFrameworkOverride" in file "/usr/local/share/dotnet/sdk/9.0.200/NuGet.targets" from project "/Users/dacanetdev/Dev/AIGenerated/RoadmapSkills/src/Modules/Users/DeventSoft.RoadmapSkills.Users.Application/DeventSoft.RoadmapSkills.Users.Application.csproj" (target "_GetRestoreTargetFrameworksOutput" depends on it):
   3:6>Task "GetGlobalPropertyValueTask" skipped, due to false condition; ( '$(TargetFrameworks)' != '' ) was evaluated as ( '' != '' ).
   8:5>Done building target "_GetRestoreTargetFrameworksOutput" in project "DeventSoft.RoadmapSkills.BlazorApp.csproj".
  10:4>Target "CollectNuGetAuditSuppressions" in file "/usr/local/share/dotnet/sdk/9.0.200/NuGet.targets" from project "/Users/dacanetdev/Dev/AIGenerated/RoadmapSkills/src/Shared/DeventSoft.RoadmapSkills.Shared.Domain/DeventSoft.RoadmapSkills.Shared.Domain.csproj" (target "_CollectRestoreInputs" depends on it):
  10:4>Task "CheckForDuplicateNuGetItemsTask"
   4:6>Task "GetProjectTargetFrameworksTask"
   3:6>Done building target "_GetRestoreTargetFrameworkOverride" in project "DeventSoft.RoadmapSkills.Users.Application.csproj".
   7:5>Done building target "_GetRestoreTargetFrameworkOverride" in project "DeventSoft.RoadmapSkills.Users.Api.csproj".
   4:6>Done executing task "GetProjectTargetFrameworksTask".
   6:5>Target "_GetRestoreTargetFrameworkOverride" in file "/usr/local/share/dotnet/sdk/9.0.200/NuGet.targets" from project "/Users/dacanetdev/Dev/AIGenerated/RoadmapSkills/src/DeventSoft.RoadmapSkills.Api/DeventSoft.RoadmapSkills.Api.csproj" (target "_GetRestoreTargetFrameworksOutput" depends on it):
   6:5>Task "GetGlobalPropertyValueTask" skipped, due to false condition; ( '$(TargetFrameworks)' != '' ) was evaluated as ( '' != '' ).
   5:5>Done building target "_GetRestoreTargetFrameworkOverride" in project "DeventSoft.RoadmapSkills.Users.UnitTests.csproj".
   4:6>Done building target "_GetRestoreTargetFrameworksOutput" in project "DeventSoft.RoadmapSkills.Users.Infrastructure.csproj".
   6:5>Done building target "_GetRestoreTargetFrameworkOverride" in project "DeventSoft.RoadmapSkills.Api.csproj".
   4:6>Target "_GetRestoreSettings" skipped. Previously built successfully.
   3:6>Target "_GetRestoreTargetFrameworksOutput" in file "/usr/local/share/dotnet/sdk/9.0.200/NuGet.targets" from project "/Users/dacanetdev/Dev/AIGenerated/RoadmapSkills/src/Modules/Users/DeventSoft.RoadmapSkills.Users.Application/DeventSoft.RoadmapSkills.Users.Application.csproj" (target "_GenerateRestoreProjectSpec" depends on it):
   3:6>Using "GetProjectTargetFrameworksTask" task from assembly "/usr/local/share/dotnet/sdk/9.0.200/NuGet.Build.Tasks.dll".
   5:5>Target "_GetRestoreTargetFrameworksOutput" in file "/usr/local/share/dotnet/sdk/9.0.200/NuGet.targets" from project "/Users/dacanetdev/Dev/AIGenerated/RoadmapSkills/tests/Modules/Users/DeventSoft.RoadmapSkills.Users.UnitTests/DeventSoft.RoadmapSkills.Users.UnitTests.csproj" (target "_GenerateRestoreProjectSpec" depends on it):
   5:5>Using "GetProjectTargetFrameworksTask" task from assembly "/usr/local/share/dotnet/sdk/9.0.200/NuGet.Build.Tasks.dll".
   7:5>Target "_GetRestoreTargetFrameworksOutput" in file "/usr/local/share/dotnet/sdk/9.0.200/NuGet.targets" from project "/Users/dacanetdev/Dev/AIGenerated/RoadmapSkills/src/Modules/Users/DeventSoft.RoadmapSkills.Users.Api/DeventSoft.RoadmapSkills.Users.Api.csproj" (target "_GenerateRestoreProjectSpec" depends on it):
   7:5>Using "GetProjectTargetFrameworksTask" task from assembly "/usr/local/share/dotnet/sdk/9.0.200/NuGet.Build.Tasks.dll".
   5:5>Task "GetProjectTargetFrameworksTask"
   7:5>Task "GetProjectTargetFrameworksTask"
   3:6>Task "GetProjectTargetFrameworksTask"
   6:5>Target "_GetRestoreTargetFrameworksOutput" in file "/usr/local/share/dotnet/sdk/9.0.200/NuGet.targets" from project "/Users/dacanetdev/Dev/AIGenerated/RoadmapSkills/src/DeventSoft.RoadmapSkills.Api/DeventSoft.RoadmapSkills.Api.csproj" (target "_GenerateRestoreProjectSpec" depends on it):
   6:5>Using "GetProjectTargetFrameworksTask" task from assembly "/usr/local/share/dotnet/sdk/9.0.200/NuGet.Build.Tasks.dll".
   4:6>Target "_GenerateRestoreProjectSpec" in file "/usr/local/share/dotnet/sdk/9.0.200/NuGet.targets" from project "/Users/dacanetdev/Dev/AIGenerated/RoadmapSkills/src/Modules/Users/DeventSoft.RoadmapSkills.Users.Infrastructure/DeventSoft.RoadmapSkills.Users.Infrastructure.csproj" (target "_GenerateProjectRestoreGraph" depends on it):
   4:6>Task "ConvertToAbsolutePath"
   5:5>Done executing task "GetProjectTargetFrameworksTask".
   7:5>Done executing task "GetProjectTargetFrameworksTask".
   8:5>Target "_GetRestoreSettings" skipped. Previously built successfully.
   3:6>Done executing task "GetProjectTargetFrameworksTask".
   4:6>Done executing task "ConvertToAbsolutePath".
   5:5>Done building target "_GetRestoreTargetFrameworksOutput" in project "DeventSoft.RoadmapSkills.Users.UnitTests.csproj".
   2:5>Done building target "_GetRestoreTargetFrameworkOverride" in project "DeventSoft.RoadmapSkills.Users.IntegrationTests.csproj".
   7:5>Done building target "_GetRestoreTargetFrameworksOutput" in project "DeventSoft.RoadmapSkills.Users.Api.csproj".
   4:6>Done building target "_GenerateRestoreProjectSpec" in project "DeventSoft.RoadmapSkills.Users.Infrastructure.csproj".
   5:5>Target "_GetRestoreSettings" skipped. Previously built successfully.
   3:6>Done building target "_GetRestoreTargetFrameworksOutput" in project "DeventSoft.RoadmapSkills.Users.Application.csproj".
   7:5>Target "_GetRestoreSettings" skipped. Previously built successfully.
   4:6>Target "_GenerateProjectRestoreGraphAllFrameworks" skipped, due to false condition; ( '$(TargetFrameworks)' != '' ) was evaluated as ( '' != '' ).
   8:5>Target "_GenerateRestoreProjectSpec" in file "/usr/local/share/dotnet/sdk/9.0.200/NuGet.targets" from project "/Users/dacanetdev/Dev/AIGenerated/RoadmapSkills/src/DeventSoft.RoadmapSkills.BlazorApp/DeventSoft.RoadmapSkills.BlazorApp.csproj" (target "_GenerateProjectRestoreGraph" depends on it):
   8:5>Task "ConvertToAbsolutePath"
   3:6>Target "_GetRestoreSettings" skipped. Previously built successfully.
   4:6>Target "_GetRestoreProjectStyle" skipped. Previously built successfully.
   5:5>Target "_GenerateRestoreProjectSpec" in file "/usr/local/share/dotnet/sdk/9.0.200/NuGet.targets" from project "/Users/dacanetdev/Dev/AIGenerated/RoadmapSkills/tests/Modules/Users/DeventSoft.RoadmapSkills.Users.UnitTests/DeventSoft.RoadmapSkills.Users.UnitTests.csproj" (target "_GenerateProjectRestoreGraph" depends on it):
   5:5>Task "ConvertToAbsolutePath"
   2:5>Target "_GetRestoreTargetFrameworksOutput" in file "/usr/local/share/dotnet/sdk/9.0.200/NuGet.targets" from project "/Users/dacanetdev/Dev/AIGenerated/RoadmapSkills/tests/Modules/Users/DeventSoft.RoadmapSkills.Users.IntegrationTests/DeventSoft.RoadmapSkills.Users.IntegrationTests.csproj" (target "_GenerateRestoreProjectSpec" depends on it):
   2:5>Using "GetProjectTargetFrameworksTask" task from assembly "/usr/local/share/dotnet/sdk/9.0.200/NuGet.Build.Tasks.dll".
   8:5>Done executing task "ConvertToAbsolutePath".
   7:5>Target "_GenerateRestoreProjectSpec" in file "/usr/local/share/dotnet/sdk/9.0.200/NuGet.targets" from project "/Users/dacanetdev/Dev/AIGenerated/RoadmapSkills/src/Modules/Users/DeventSoft.RoadmapSkills.Users.Api/DeventSoft.RoadmapSkills.Users.Api.csproj" (target "_GenerateProjectRestoreGraph" depends on it):
   7:5>Task "ConvertToAbsolutePath"
   4:6>Target "CollectPackageReferences" skipped. Previously built successfully.
   5:5>Done executing task "ConvertToAbsolutePath".
   8:5>Done building target "_GenerateRestoreProjectSpec" in project "DeventSoft.RoadmapSkills.BlazorApp.csproj".
   7:5>Done executing task "ConvertToAbsolutePath".
   5:5>Done building target "_GenerateRestoreProjectSpec" in project "DeventSoft.RoadmapSkills.Users.UnitTests.csproj".
  10:4>Done executing task "CheckForDuplicateNuGetItemsTask".
   6:5>Task "GetProjectTargetFrameworksTask"
   2:5>Task "GetProjectTargetFrameworksTask"
   5:5>Target "_GenerateProjectRestoreGraphAllFrameworks" skipped, due to false condition; ( '$(TargetFrameworks)' != '' ) was evaluated as ( '' != '' ).
   7:5>Done building target "_GenerateRestoreProjectSpec" in project "DeventSoft.RoadmapSkills.Users.Api.csproj".
   8:5>Target "_GenerateProjectRestoreGraphAllFrameworks" skipped, due to false condition; ( '$(TargetFrameworks)' != '' ) was evaluated as ( '' != '' ).
   2:5>Done executing task "GetProjectTargetFrameworksTask".
   5:5>Target "_GetRestoreProjectStyle" skipped. Previously built successfully.
   6:5>Done executing task "GetProjectTargetFrameworksTask".
   7:5>Target "_GenerateProjectRestoreGraphAllFrameworks" skipped, due to false condition; ( '$(TargetFrameworks)' != '' ) was evaluated as ( '' != '' ).
   8:5>Target "_GetRestoreProjectStyle" skipped. Previously built successfully.
   5:5>Target "CollectPackageReferences" skipped. Previously built successfully.
   2:5>Done building target "_GetRestoreTargetFrameworksOutput" in project "DeventSoft.RoadmapSkills.Users.IntegrationTests.csproj".
  10:4>Done building target "CollectNuGetAuditSuppressions" in project "DeventSoft.RoadmapSkills.Shared.Domain.csproj".
   8:5>Target "CollectPackageReferences" skipped. Previously built successfully.
   2:5>Target "_GetRestoreSettings" skipped. Previously built successfully.
   6:5>Done building target "_GetRestoreTargetFrameworksOutput" in project "DeventSoft.RoadmapSkills.Api.csproj".
   7:5>Target "_GetRestoreProjectStyle" skipped. Previously built successfully.
   6:5>Target "_GetRestoreSettings" skipped. Previously built successfully.
   4:6>Target "CollectPackageDownloads" in file "/usr/local/share/dotnet/sdk/9.0.200/NuGet.targets" from project "/Users/dacanetdev/Dev/AIGenerated/RoadmapSkills/src/Modules/Users/DeventSoft.RoadmapSkills.Users.Infrastructure/DeventSoft.RoadmapSkills.Users.Infrastructure.csproj" (target "_CollectRestoreInputs" depends on it):
   4:6>Task "CheckForDuplicateNuGetItemsTask"
   7:5>Target "CollectPackageReferences" skipped. Previously built successfully.
  10:4>Target "AddPrunePackageReferences" skipped, due to false condition; ('$(RestoreEnablePackagePruning)' == 'true') was evaluated as ('false' == 'true').
   2:5>Target "_GenerateRestoreProjectSpec" in file "/usr/local/share/dotnet/sdk/9.0.200/NuGet.targets" from project "/Users/dacanetdev/Dev/AIGenerated/RoadmapSkills/tests/Modules/Users/DeventSoft.RoadmapSkills.Users.IntegrationTests/DeventSoft.RoadmapSkills.Users.IntegrationTests.csproj" (target "_GenerateProjectRestoreGraph" depends on it):
   2:5>Task "ConvertToAbsolutePath"
   8:5>Target "CollectPackageDownloads" in file "/usr/local/share/dotnet/sdk/9.0.200/NuGet.targets" from project "/Users/dacanetdev/Dev/AIGenerated/RoadmapSkills/src/DeventSoft.RoadmapSkills.BlazorApp/DeventSoft.RoadmapSkills.BlazorApp.csproj" (target "_CollectRestoreInputs" depends on it):
   8:5>Task "CheckForDuplicateNuGetItemsTask"
   4:6>Done executing task "CheckForDuplicateNuGetItemsTask".
   2:5>Done executing task "ConvertToAbsolutePath".
   7:5>Target "CollectPackageDownloads" in file "/usr/local/share/dotnet/sdk/9.0.200/NuGet.targets" from project "/Users/dacanetdev/Dev/AIGenerated/RoadmapSkills/src/Modules/Users/DeventSoft.RoadmapSkills.Users.Api/DeventSoft.RoadmapSkills.Users.Api.csproj" (target "_CollectRestoreInputs" depends on it):
   7:5>Task "CheckForDuplicateNuGetItemsTask"
   2:5>Done building target "_GenerateRestoreProjectSpec" in project "DeventSoft.RoadmapSkills.Users.IntegrationTests.csproj".
   6:5>Target "_GenerateRestoreProjectSpec" in file "/usr/local/share/dotnet/sdk/9.0.200/NuGet.targets" from project "/Users/dacanetdev/Dev/AIGenerated/RoadmapSkills/src/DeventSoft.RoadmapSkills.Api/DeventSoft.RoadmapSkills.Api.csproj" (target "_GenerateProjectRestoreGraph" depends on it):
   6:5>Task "ConvertToAbsolutePath"
   8:5>Done executing task "CheckForDuplicateNuGetItemsTask".
   7:5>Done executing task "CheckForDuplicateNuGetItemsTask".
   2:5>Target "_GenerateProjectRestoreGraphAllFrameworks" skipped, due to false condition; ( '$(TargetFrameworks)' != '' ) was evaluated as ( '' != '' ).
   8:5>Done building target "CollectPackageDownloads" in project "DeventSoft.RoadmapSkills.BlazorApp.csproj".
   2:5>Target "_GetRestoreProjectStyle" skipped. Previously built successfully.
   3:6>Target "_GenerateRestoreProjectSpec" in file "/usr/local/share/dotnet/sdk/9.0.200/NuGet.targets" from project "/Users/dacanetdev/Dev/AIGenerated/RoadmapSkills/src/Modules/Users/DeventSoft.RoadmapSkills.Users.Application/DeventSoft.RoadmapSkills.Users.Application.csproj" (target "_GenerateProjectRestoreGraph" depends on it):
   3:6>Task "ConvertToAbsolutePath"
   4:6>Done building target "CollectPackageDownloads" in project "DeventSoft.RoadmapSkills.Users.Infrastructure.csproj".
   6:5>Done executing task "ConvertToAbsolutePath".
   7:5>Done building target "CollectPackageDownloads" in project "DeventSoft.RoadmapSkills.Users.Api.csproj".
   3:6>Done executing task "ConvertToAbsolutePath".
   6:5>Done building target "_GenerateRestoreProjectSpec" in project "DeventSoft.RoadmapSkills.Api.csproj".
   7:5>Target "CollectFrameworkReferences" in file "/usr/local/share/dotnet/sdk/9.0.200/NuGet.targets" from project "/Users/dacanetdev/Dev/AIGenerated/RoadmapSkills/src/Modules/Users/DeventSoft.RoadmapSkills.Users.Api/DeventSoft.RoadmapSkills.Users.Api.csproj" (target "_CollectRestoreInputs" depends on it):
   7:5>Done building target "CollectFrameworkReferences" in project "DeventSoft.RoadmapSkills.Users.Api.csproj".
   4:6>Target "CollectFrameworkReferences" in file "/usr/local/share/dotnet/sdk/9.0.200/NuGet.targets" from project "/Users/dacanetdev/Dev/AIGenerated/RoadmapSkills/src/Modules/Users/DeventSoft.RoadmapSkills.Users.Infrastructure/DeventSoft.RoadmapSkills.Users.Infrastructure.csproj" (target "_CollectRestoreInputs" depends on it):
   4:6>Done building target "CollectFrameworkReferences" in project "DeventSoft.RoadmapSkills.Users.Infrastructure.csproj".
  10:4>Target "CollectPrunePackageReferences" in file "/usr/local/share/dotnet/sdk/9.0.200/NuGet.targets" from project "/Users/dacanetdev/Dev/AIGenerated/RoadmapSkills/src/Shared/DeventSoft.RoadmapSkills.Shared.Domain/DeventSoft.RoadmapSkills.Shared.Domain.csproj" (target "_CollectRestoreInputs" depends on it):
  10:4>Task "CheckForDuplicateNuGetItemsTask"
   2:5>Target "CollectPackageReferences" skipped. Previously built successfully.
   5:5>Target "CollectPackageDownloads" in file "/usr/local/share/dotnet/sdk/9.0.200/NuGet.targets" from project "/Users/dacanetdev/Dev/AIGenerated/RoadmapSkills/tests/Modules/Users/DeventSoft.RoadmapSkills.Users.UnitTests/DeventSoft.RoadmapSkills.Users.UnitTests.csproj" (target "_CollectRestoreInputs" depends on it):
   5:5>Task "CheckForDuplicateNuGetItemsTask"
   8:5>Target "CollectFrameworkReferences" in file "/usr/local/share/dotnet/sdk/9.0.200/NuGet.targets" from project "/Users/dacanetdev/Dev/AIGenerated/RoadmapSkills/src/DeventSoft.RoadmapSkills.BlazorApp/DeventSoft.RoadmapSkills.BlazorApp.csproj" (target "_CollectRestoreInputs" depends on it):
   8:5>Done building target "CollectFrameworkReferences" in project "DeventSoft.RoadmapSkills.BlazorApp.csproj".
   3:6>Done building target "_GenerateRestoreProjectSpec" in project "DeventSoft.RoadmapSkills.Users.Application.csproj".
   5:5>Done executing task "CheckForDuplicateNuGetItemsTask".
   6:5>Target "_GenerateProjectRestoreGraphAllFrameworks" skipped, due to false condition; ( '$(TargetFrameworks)' != '' ) was evaluated as ( '' != '' ).
   8:5>Target "CollectCentralPackageVersions" in file "/usr/local/share/dotnet/sdk/9.0.200/NuGet.targets" from project "/Users/dacanetdev/Dev/AIGenerated/RoadmapSkills/src/DeventSoft.RoadmapSkills.BlazorApp/DeventSoft.RoadmapSkills.BlazorApp.csproj" (target "_CollectRestoreInputs" depends on it):
   8:5>Task "CheckForDuplicateNuGetItemsTask"
   5:5>Done building target "CollectPackageDownloads" in project "DeventSoft.RoadmapSkills.Users.UnitTests.csproj".
   8:5>Done executing task "CheckForDuplicateNuGetItemsTask".
   6:5>Target "_GetRestoreProjectStyle" skipped. Previously built successfully.
   3:6>Target "_GenerateProjectRestoreGraphAllFrameworks" skipped, due to false condition; ( '$(TargetFrameworks)' != '' ) was evaluated as ( '' != '' ).
   8:5>Done building target "CollectCentralPackageVersions" in project "DeventSoft.RoadmapSkills.BlazorApp.csproj".
   4:6>Target "CollectCentralPackageVersions" in file "/usr/local/share/dotnet/sdk/9.0.200/NuGet.targets" from project "/Users/dacanetdev/Dev/AIGenerated/RoadmapSkills/src/Modules/Users/DeventSoft.RoadmapSkills.Users.Infrastructure/DeventSoft.RoadmapSkills.Users.Infrastructure.csproj" (target "_CollectRestoreInputs" depends on it):
   4:6>Task "CheckForDuplicateNuGetItemsTask"
   3:6>Target "_GetRestoreProjectStyle" skipped. Previously built successfully.
   6:5>Target "CollectPackageReferences" skipped. Previously built successfully.
   5:5>Target "CollectFrameworkReferences" in file "/usr/local/share/dotnet/sdk/9.0.200/NuGet.targets" from project "/Users/dacanetdev/Dev/AIGenerated/RoadmapSkills/tests/Modules/Users/DeventSoft.RoadmapSkills.Users.UnitTests/DeventSoft.RoadmapSkills.Users.UnitTests.csproj" (target "_CollectRestoreInputs" depends on it):
   5:5>Done building target "CollectFrameworkReferences" in project "DeventSoft.RoadmapSkills.Users.UnitTests.csproj".
   2:5>Target "CollectPackageDownloads" in file "/usr/local/share/dotnet/sdk/9.0.200/NuGet.targets" from project "/Users/dacanetdev/Dev/AIGenerated/RoadmapSkills/tests/Modules/Users/DeventSoft.RoadmapSkills.Users.IntegrationTests/DeventSoft.RoadmapSkills.Users.IntegrationTests.csproj" (target "_CollectRestoreInputs" depends on it):
   2:5>Task "CheckForDuplicateNuGetItemsTask"
   4:6>Done executing task "CheckForDuplicateNuGetItemsTask".
   3:6>Target "CollectPackageReferences" skipped. Previously built successfully.
   8:5>Target "CollectNuGetAuditSuppressions" in file "/usr/local/share/dotnet/sdk/9.0.200/NuGet.targets" from project "/Users/dacanetdev/Dev/AIGenerated/RoadmapSkills/src/DeventSoft.RoadmapSkills.BlazorApp/DeventSoft.RoadmapSkills.BlazorApp.csproj" (target "_CollectRestoreInputs" depends on it):
   8:5>Task "CheckForDuplicateNuGetItemsTask"
   2:5>Done executing task "CheckForDuplicateNuGetItemsTask".
   7:5>Target "CollectCentralPackageVersions" in file "/usr/local/share/dotnet/sdk/9.0.200/NuGet.targets" from project "/Users/dacanetdev/Dev/AIGenerated/RoadmapSkills/src/Modules/Users/DeventSoft.RoadmapSkills.Users.Api/DeventSoft.RoadmapSkills.Users.Api.csproj" (target "_CollectRestoreInputs" depends on it):
   7:5>Task "CheckForDuplicateNuGetItemsTask"
   8:5>Done executing task "CheckForDuplicateNuGetItemsTask".
   6:5>Target "CollectPackageDownloads" in file "/usr/local/share/dotnet/sdk/9.0.200/NuGet.targets" from project "/Users/dacanetdev/Dev/AIGenerated/RoadmapSkills/src/DeventSoft.RoadmapSkills.Api/DeventSoft.RoadmapSkills.Api.csproj" (target "_CollectRestoreInputs" depends on it):
   6:5>Task "CheckForDuplicateNuGetItemsTask"
   2:5>Done building target "CollectPackageDownloads" in project "DeventSoft.RoadmapSkills.Users.IntegrationTests.csproj".
   8:5>Done building target "CollectNuGetAuditSuppressions" in project "DeventSoft.RoadmapSkills.BlazorApp.csproj".
   7:5>Done executing task "CheckForDuplicateNuGetItemsTask".
   6:5>Done executing task "CheckForDuplicateNuGetItemsTask".
   3:6>Target "CollectPackageDownloads" in file "/usr/local/share/dotnet/sdk/9.0.200/NuGet.targets" from project "/Users/dacanetdev/Dev/AIGenerated/RoadmapSkills/src/Modules/Users/DeventSoft.RoadmapSkills.Users.Application/DeventSoft.RoadmapSkills.Users.Application.csproj" (target "_CollectRestoreInputs" depends on it):
   3:6>Task "CheckForDuplicateNuGetItemsTask"
   8:5>Target "AddPrunePackageReferences" skipped, due to false condition; ('$(RestoreEnablePackagePruning)' == 'true') was evaluated as ('false' == 'true').
   7:5>Done building target "CollectCentralPackageVersions" in project "DeventSoft.RoadmapSkills.Users.Api.csproj".
   2:5>Target "CollectFrameworkReferences" in file "/usr/local/share/dotnet/sdk/9.0.200/NuGet.targets" from project "/Users/dacanetdev/Dev/AIGenerated/RoadmapSkills/tests/Modules/Users/DeventSoft.RoadmapSkills.Users.IntegrationTests/DeventSoft.RoadmapSkills.Users.IntegrationTests.csproj" (target "_CollectRestoreInputs" depends on it):
   2:5>Done building target "CollectFrameworkReferences" in project "DeventSoft.RoadmapSkills.Users.IntegrationTests.csproj".
   6:5>Done building target "CollectPackageDownloads" in project "DeventSoft.RoadmapSkills.Api.csproj".
   3:6>Done executing task "CheckForDuplicateNuGetItemsTask".
   8:5>Target "CollectPrunePackageReferences" in file "/usr/local/share/dotnet/sdk/9.0.200/NuGet.targets" from project "/Users/dacanetdev/Dev/AIGenerated/RoadmapSkills/src/DeventSoft.RoadmapSkills.BlazorApp/DeventSoft.RoadmapSkills.BlazorApp.csproj" (target "_CollectRestoreInputs" depends on it):
   8:5>Task "CheckForDuplicateNuGetItemsTask"
   3:6>Done building target "CollectPackageDownloads" in project "DeventSoft.RoadmapSkills.Users.Application.csproj".
   7:5>Target "CollectNuGetAuditSuppressions" in file "/usr/local/share/dotnet/sdk/9.0.200/NuGet.targets" from project "/Users/dacanetdev/Dev/AIGenerated/RoadmapSkills/src/Modules/Users/DeventSoft.RoadmapSkills.Users.Api/DeventSoft.RoadmapSkills.Users.Api.csproj" (target "_CollectRestoreInputs" depends on it):
   7:5>Task "CheckForDuplicateNuGetItemsTask"
   2:5>Target "CollectCentralPackageVersions" in file "/usr/local/share/dotnet/sdk/9.0.200/NuGet.targets" from project "/Users/dacanetdev/Dev/AIGenerated/RoadmapSkills/tests/Modules/Users/DeventSoft.RoadmapSkills.Users.IntegrationTests/DeventSoft.RoadmapSkills.Users.IntegrationTests.csproj" (target "_CollectRestoreInputs" depends on it):
   2:5>Task "CheckForDuplicateNuGetItemsTask"
   8:5>Done executing task "CheckForDuplicateNuGetItemsTask".
   8:5>Done building target "CollectPrunePackageReferences" in project "DeventSoft.RoadmapSkills.BlazorApp.csproj".
   2:5>Done executing task "CheckForDuplicateNuGetItemsTask".
   7:5>Done executing task "CheckForDuplicateNuGetItemsTask".
   3:6>Target "CollectFrameworkReferences" in file "/usr/local/share/dotnet/sdk/9.0.200/NuGet.targets" from project "/Users/dacanetdev/Dev/AIGenerated/RoadmapSkills/src/Modules/Users/DeventSoft.RoadmapSkills.Users.Application/DeventSoft.RoadmapSkills.Users.Application.csproj" (target "_CollectRestoreInputs" depends on it):
   3:6>Done building target "CollectFrameworkReferences" in project "DeventSoft.RoadmapSkills.Users.Application.csproj".
   2:5>Done building target "CollectCentralPackageVersions" in project "DeventSoft.RoadmapSkills.Users.IntegrationTests.csproj".
   7:5>Done building target "CollectNuGetAuditSuppressions" in project "DeventSoft.RoadmapSkills.Users.Api.csproj".
   8:5>Target "_CollectRestoreInputs" in file "/usr/local/share/dotnet/sdk/9.0.200/NuGet.targets" from project "/Users/dacanetdev/Dev/AIGenerated/RoadmapSkills/src/DeventSoft.RoadmapSkills.BlazorApp/DeventSoft.RoadmapSkills.BlazorApp.csproj" (target "_GenerateProjectRestoreGraphPerFramework" depends on it):
   8:5>Done building target "_CollectRestoreInputs" in project "DeventSoft.RoadmapSkills.BlazorApp.csproj".
   7:5>Target "AddPrunePackageReferences" skipped, due to false condition; ('$(RestoreEnablePackagePruning)' == 'true') was evaluated as ('false' == 'true').
   8:5>Target "PrepRestoreForStoreProjects" skipped, due to false condition; ('$(StorePackageName)' != '') was evaluated as ('' != '').
   2:5>Target "CollectNuGetAuditSuppressions" in file "/usr/local/share/dotnet/sdk/9.0.200/NuGet.targets" from project "/Users/dacanetdev/Dev/AIGenerated/RoadmapSkills/tests/Modules/Users/DeventSoft.RoadmapSkills.Users.IntegrationTests/DeventSoft.RoadmapSkills.Users.IntegrationTests.csproj" (target "_CollectRestoreInputs" depends on it):
   2:5>Task "CheckForDuplicateNuGetItemsTask"
   3:6>Target "CollectCentralPackageVersions" in file "/usr/local/share/dotnet/sdk/9.0.200/NuGet.targets" from project "/Users/dacanetdev/Dev/AIGenerated/RoadmapSkills/src/Modules/Users/DeventSoft.RoadmapSkills.Users.Application/DeventSoft.RoadmapSkills.Users.Application.csproj" (target "_CollectRestoreInputs" depends on it):
   3:6>Task "CheckForDuplicateNuGetItemsTask"
   2:5>Done executing task "CheckForDuplicateNuGetItemsTask".
   3:6>Done executing task "CheckForDuplicateNuGetItemsTask".
   2:5>Done building target "CollectNuGetAuditSuppressions" in project "DeventSoft.RoadmapSkills.Users.IntegrationTests.csproj".
   7:5>Target "CollectPrunePackageReferences" in file "/usr/local/share/dotnet/sdk/9.0.200/NuGet.targets" from project "/Users/dacanetdev/Dev/AIGenerated/RoadmapSkills/src/Modules/Users/DeventSoft.RoadmapSkills.Users.Api/DeventSoft.RoadmapSkills.Users.Api.csproj" (target "_CollectRestoreInputs" depends on it):
   7:5>Task "CheckForDuplicateNuGetItemsTask"
   3:6>Done building target "CollectCentralPackageVersions" in project "DeventSoft.RoadmapSkills.Users.Application.csproj".
   7:5>Done executing task "CheckForDuplicateNuGetItemsTask".
   2:5>Target "AddPrunePackageReferences" skipped, due to false condition; ('$(RestoreEnablePackagePruning)' == 'true') was evaluated as ('false' == 'true').
   7:5>Done building target "CollectPrunePackageReferences" in project "DeventSoft.RoadmapSkills.Users.Api.csproj".
   5:5>Target "CollectCentralPackageVersions" in file "/usr/local/share/dotnet/sdk/9.0.200/NuGet.targets" from project "/Users/dacanetdev/Dev/AIGenerated/RoadmapSkills/tests/Modules/Users/DeventSoft.RoadmapSkills.Users.UnitTests/DeventSoft.RoadmapSkills.Users.UnitTests.csproj" (target "_CollectRestoreInputs" depends on it):
   5:5>Task "CheckForDuplicateNuGetItemsTask"
   2:5>Target "CollectPrunePackageReferences" in file "/usr/local/share/dotnet/sdk/9.0.200/NuGet.targets" from project "/Users/dacanetdev/Dev/AIGenerated/RoadmapSkills/tests/Modules/Users/DeventSoft.RoadmapSkills.Users.IntegrationTests/DeventSoft.RoadmapSkills.Users.IntegrationTests.csproj" (target "_CollectRestoreInputs" depends on it):
   2:5>Task "CheckForDuplicateNuGetItemsTask"
   3:6>Target "CollectNuGetAuditSuppressions" in file "/usr/local/share/dotnet/sdk/9.0.200/NuGet.targets" from project "/Users/dacanetdev/Dev/AIGenerated/RoadmapSkills/src/Modules/Users/DeventSoft.RoadmapSkills.Users.Application/DeventSoft.RoadmapSkills.Users.Application.csproj" (target "_CollectRestoreInputs" depends on it):
   3:6>Task "CheckForDuplicateNuGetItemsTask"
   7:5>Target "_CollectRestoreInputs" in file "/usr/local/share/dotnet/sdk/9.0.200/NuGet.targets" from project "/Users/dacanetdev/Dev/AIGenerated/RoadmapSkills/src/Modules/Users/DeventSoft.RoadmapSkills.Users.Api/DeventSoft.RoadmapSkills.Users.Api.csproj" (target "_GenerateProjectRestoreGraphPerFramework" depends on it):
   7:5>Done building target "_CollectRestoreInputs" in project "DeventSoft.RoadmapSkills.Users.Api.csproj".
   5:5>Done executing task "CheckForDuplicateNuGetItemsTask".
   2:5>Done executing task "CheckForDuplicateNuGetItemsTask".
   3:6>Done executing task "CheckForDuplicateNuGetItemsTask".
   7:5>Target "PrepRestoreForStoreProjects" skipped, due to false condition; ('$(StorePackageName)' != '') was evaluated as ('' != '').
   2:5>Done building target "CollectPrunePackageReferences" in project "DeventSoft.RoadmapSkills.Users.IntegrationTests.csproj".
   5:5>Done building target "CollectCentralPackageVersions" in project "DeventSoft.RoadmapSkills.Users.UnitTests.csproj".
   3:6>Done building target "CollectNuGetAuditSuppressions" in project "DeventSoft.RoadmapSkills.Users.Application.csproj".
   7:5>Target "_GenerateProjectRestoreGraphPerFramework" in file "/usr/local/share/dotnet/sdk/9.0.200/NuGet.targets" from project "/Users/dacanetdev/Dev/AIGenerated/RoadmapSkills/src/Modules/Users/DeventSoft.RoadmapSkills.Users.Api/DeventSoft.RoadmapSkills.Users.Api.csproj" (target "_GenerateProjectRestoreGraphCurrentProject" depends on it):
   7:5>Using "GetRestoreProjectReferencesTask" task from assembly "/usr/local/share/dotnet/sdk/9.0.200/NuGet.Build.Tasks.dll".
   3:6>Target "AddPrunePackageReferences" skipped, due to false condition; ('$(RestoreEnablePackagePruning)' == 'true') was evaluated as ('false' == 'true').
   2:5>Target "_CollectRestoreInputs" in file "/usr/local/share/dotnet/sdk/9.0.200/NuGet.targets" from project "/Users/dacanetdev/Dev/AIGenerated/RoadmapSkills/tests/Modules/Users/DeventSoft.RoadmapSkills.Users.IntegrationTests/DeventSoft.RoadmapSkills.Users.IntegrationTests.csproj" (target "_GenerateProjectRestoreGraphPerFramework" depends on it):
   2:5>Done building target "_CollectRestoreInputs" in project "DeventSoft.RoadmapSkills.Users.IntegrationTests.csproj".
   7:5>Task "GetRestoreProjectReferencesTask"
   5:5>Target "CollectNuGetAuditSuppressions" in file "/usr/local/share/dotnet/sdk/9.0.200/NuGet.targets" from project "/Users/dacanetdev/Dev/AIGenerated/RoadmapSkills/tests/Modules/Users/DeventSoft.RoadmapSkills.Users.UnitTests/DeventSoft.RoadmapSkills.Users.UnitTests.csproj" (target "_CollectRestoreInputs" depends on it):
   5:5>Task "CheckForDuplicateNuGetItemsTask"
   7:5>Done executing task "GetRestoreProjectReferencesTask".
   4:6>Done building target "CollectCentralPackageVersions" in project "DeventSoft.RoadmapSkills.Users.Infrastructure.csproj".
   5:5>Done executing task "CheckForDuplicateNuGetItemsTask".
   7:5>_GenerateProjectRestoreGraphPerFramework:
       Using "GetRestorePackageReferencesTask" task from assembly "/usr/local/share/dotnet/sdk/9.0.200/NuGet.Build.Tasks.dll".
       Task "GetRestorePackageReferencesTask"
   5:5>Done building target "CollectNuGetAuditSuppressions" in project "DeventSoft.RoadmapSkills.Users.UnitTests.csproj".
   8:5>Target "_GenerateProjectRestoreGraphPerFramework" in file "/usr/local/share/dotnet/sdk/9.0.200/NuGet.targets" from project "/Users/dacanetdev/Dev/AIGenerated/RoadmapSkills/src/DeventSoft.RoadmapSkills.BlazorApp/DeventSoft.RoadmapSkills.BlazorApp.csproj" (target "_GenerateProjectRestoreGraphCurrentProject" depends on it):
   8:5>Using "GetRestoreProjectReferencesTask" task from assembly "/usr/local/share/dotnet/sdk/9.0.200/NuGet.Build.Tasks.dll".
   4:6>Target "CollectNuGetAuditSuppressions" in file "/usr/local/share/dotnet/sdk/9.0.200/NuGet.targets" from project "/Users/dacanetdev/Dev/AIGenerated/RoadmapSkills/src/Modules/Users/DeventSoft.RoadmapSkills.Users.Infrastructure/DeventSoft.RoadmapSkills.Users.Infrastructure.csproj" (target "_CollectRestoreInputs" depends on it):
   4:6>Task "CheckForDuplicateNuGetItemsTask"
   7:5>Done executing task "GetRestorePackageReferencesTask".
   5:5>Target "AddPrunePackageReferences" skipped, due to false condition; ('$(RestoreEnablePackagePruning)' == 'true') was evaluated as ('false' == 'true').
   8:5>Task "GetRestoreProjectReferencesTask"
   4:6>Done executing task "CheckForDuplicateNuGetItemsTask".
   7:5>_GenerateProjectRestoreGraphPerFramework:
       Task "GetCentralPackageVersionsTask" skipped, due to false condition; ( '$(PackageReferenceCompatibleProjectStyle)' == 'true' AND '$(_CentralPackageVersionsEnabled)' == 'true' ) was evaluated as ( 'True' == 'true' AND '' == 'true' ).
   4:6>Done building target "CollectNuGetAuditSuppressions" in project "DeventSoft.RoadmapSkills.Users.Infrastructure.csproj".
       Target "AddPrunePackageReferences" skipped, due to false condition; ('$(RestoreEnablePackagePruning)' == 'true') was evaluated as ('false' == 'true').
   5:5>Target "CollectPrunePackageReferences" in file "/usr/local/share/dotnet/sdk/9.0.200/NuGet.targets" from project "/Users/dacanetdev/Dev/AIGenerated/RoadmapSkills/tests/Modules/Users/DeventSoft.RoadmapSkills.Users.UnitTests/DeventSoft.RoadmapSkills.Users.UnitTests.csproj" (target "_CollectRestoreInputs" depends on it):
   5:5>Task "CheckForDuplicateNuGetItemsTask"
       Done executing task "CheckForDuplicateNuGetItemsTask".
   4:6>Target "CollectPrunePackageReferences" in file "/usr/local/share/dotnet/sdk/9.0.200/NuGet.targets" from project "/Users/dacanetdev/Dev/AIGenerated/RoadmapSkills/src/Modules/Users/DeventSoft.RoadmapSkills.Users.Infrastructure/DeventSoft.RoadmapSkills.Users.Infrastructure.csproj" (target "_CollectRestoreInputs" depends on it):
   4:6>Task "CheckForDuplicateNuGetItemsTask"
       Done executing task "CheckForDuplicateNuGetItemsTask".
   7:5>_GenerateProjectRestoreGraphPerFramework:
       Using "GetRestorePackageDownloadsTask" task from assembly "/usr/local/share/dotnet/sdk/9.0.200/NuGet.Build.Tasks.dll".
   5:5>Done building target "CollectPrunePackageReferences" in project "DeventSoft.RoadmapSkills.Users.UnitTests.csproj".
   4:6>Done building target "CollectPrunePackageReferences" in project "DeventSoft.RoadmapSkills.Users.Infrastructure.csproj".
   7:5>Task "GetRestorePackageDownloadsTask"
       Done executing task "GetRestorePackageDownloadsTask".
   5:5>Target "_CollectRestoreInputs" in file "/usr/local/share/dotnet/sdk/9.0.200/NuGet.targets" from project "/Users/dacanetdev/Dev/AIGenerated/RoadmapSkills/tests/Modules/Users/DeventSoft.RoadmapSkills.Users.UnitTests/DeventSoft.RoadmapSkills.Users.UnitTests.csproj" (target "_GenerateProjectRestoreGraphPerFramework" depends on it):
   5:5>Done building target "_CollectRestoreInputs" in project "DeventSoft.RoadmapSkills.Users.UnitTests.csproj".
   4:6>Target "_CollectRestoreInputs" in file "/usr/local/share/dotnet/sdk/9.0.200/NuGet.targets" from project "/Users/dacanetdev/Dev/AIGenerated/RoadmapSkills/src/Modules/Users/DeventSoft.RoadmapSkills.Users.Infrastructure/DeventSoft.RoadmapSkills.Users.Infrastructure.csproj" (target "_GenerateProjectRestoreGraphPerFramework" depends on it):
   4:6>Done building target "_CollectRestoreInputs" in project "DeventSoft.RoadmapSkills.Users.Infrastructure.csproj".
   7:5>_GenerateProjectRestoreGraphPerFramework:
       Using "GetRestoreFrameworkReferencesTask" task from assembly "/usr/local/share/dotnet/sdk/9.0.200/NuGet.Build.Tasks.dll".
   5:5>Target "PrepRestoreForStoreProjects" skipped, due to false condition; ('$(StorePackageName)' != '') was evaluated as ('' != '').
   4:6>Target "PrepRestoreForStoreProjects" skipped, due to false condition; ('$(StorePackageName)' != '') was evaluated as ('' != '').
   7:5>Task "GetRestoreFrameworkReferencesTask"
       Done executing task "GetRestoreFrameworkReferencesTask".
   8:5>Done executing task "GetRestoreProjectReferencesTask".
   6:5>Target "CollectFrameworkReferences" in file "/usr/local/share/dotnet/sdk/9.0.200/NuGet.targets" from project "/Users/dacanetdev/Dev/AIGenerated/RoadmapSkills/src/DeventSoft.RoadmapSkills.Api/DeventSoft.RoadmapSkills.Api.csproj" (target "_CollectRestoreInputs" depends on it):
   6:5>Done building target "CollectFrameworkReferences" in project "DeventSoft.RoadmapSkills.Api.csproj".
   2:5>Target "PrepRestoreForStoreProjects" skipped, due to false condition; ('$(StorePackageName)' != '') was evaluated as ('' != '').
   5:5>Target "_GenerateProjectRestoreGraphPerFramework" in file "/usr/local/share/dotnet/sdk/9.0.200/NuGet.targets" from project "/Users/dacanetdev/Dev/AIGenerated/RoadmapSkills/tests/Modules/Users/DeventSoft.RoadmapSkills.Users.UnitTests/DeventSoft.RoadmapSkills.Users.UnitTests.csproj" (target "_GenerateProjectRestoreGraphCurrentProject" depends on it):
   5:5>Using "GetRestoreProjectReferencesTask" task from assembly "/usr/local/share/dotnet/sdk/9.0.200/NuGet.Build.Tasks.dll".
   7:5>_GenerateProjectRestoreGraphPerFramework:
       Using "GetRestoreNuGetAuditSuppressionsTask" task from assembly "/usr/local/share/dotnet/sdk/9.0.200/NuGet.Build.Tasks.dll".
       Task "GetRestoreNuGetAuditSuppressionsTask"
   4:6>Target "_GenerateProjectRestoreGraphPerFramework" in file "/usr/local/share/dotnet/sdk/9.0.200/NuGet.targets" from project "/Users/dacanetdev/Dev/AIGenerated/RoadmapSkills/src/Modules/Users/DeventSoft.RoadmapSkills.Users.Infrastructure/DeventSoft.RoadmapSkills.Users.Infrastructure.csproj" (target "_GenerateProjectRestoreGraphCurrentProject" depends on it):
   4:6>Using "GetRestoreProjectReferencesTask" task from assembly "/usr/local/share/dotnet/sdk/9.0.200/NuGet.Build.Tasks.dll".
   6:5>Target "CollectCentralPackageVersions" in file "/usr/local/share/dotnet/sdk/9.0.200/NuGet.targets" from project "/Users/dacanetdev/Dev/AIGenerated/RoadmapSkills/src/DeventSoft.RoadmapSkills.Api/DeventSoft.RoadmapSkills.Api.csproj" (target "_CollectRestoreInputs" depends on it):
   6:5>Task "CheckForDuplicateNuGetItemsTask"
   8:5>_GenerateProjectRestoreGraphPerFramework:
       Using "GetRestorePackageReferencesTask" task from assembly "/usr/local/share/dotnet/sdk/9.0.200/NuGet.Build.Tasks.dll".
   7:5>Done executing task "GetRestoreNuGetAuditSuppressionsTask".
  10:4>Done executing task "CheckForDuplicateNuGetItemsTask".
   2:5>Target "_GenerateProjectRestoreGraphPerFramework" in file "/usr/local/share/dotnet/sdk/9.0.200/NuGet.targets" from project "/Users/dacanetdev/Dev/AIGenerated/RoadmapSkills/tests/Modules/Users/DeventSoft.RoadmapSkills.Users.IntegrationTests/DeventSoft.RoadmapSkills.Users.IntegrationTests.csproj" (target "_GenerateProjectRestoreGraphCurrentProject" depends on it):
   2:5>Using "GetRestoreProjectReferencesTask" task from assembly "/usr/local/share/dotnet/sdk/9.0.200/NuGet.Build.Tasks.dll".
   7:5>_GenerateProjectRestoreGraphPerFramework:
       Using "GetRestorePrunePackageReferencesTask" task from assembly "/usr/local/share/dotnet/sdk/9.0.200/NuGet.Build.Tasks.dll".
   4:6>Task "GetRestoreProjectReferencesTask"
   8:5>Task "GetRestorePackageReferencesTask"
   2:5>Task "GetRestoreProjectReferencesTask"
   7:5>Task "GetRestorePrunePackageReferencesTask"
   3:6>Target "CollectPrunePackageReferences" in file "/usr/local/share/dotnet/sdk/9.0.200/NuGet.targets" from project "/Users/dacanetdev/Dev/AIGenerated/RoadmapSkills/src/Modules/Users/DeventSoft.RoadmapSkills.Users.Application/DeventSoft.RoadmapSkills.Users.Application.csproj" (target "_CollectRestoreInputs" depends on it):
   3:6>Task "CheckForDuplicateNuGetItemsTask"
   4:6>Done executing task "GetRestoreProjectReferencesTask".
   2:5>Done executing task "GetRestoreProjectReferencesTask".
   8:5>Done executing task "GetRestorePackageReferencesTask".
   7:5>Done executing task "GetRestorePrunePackageReferencesTask".
   5:5>Task "GetRestoreProjectReferencesTask"
   7:5>Done building target "_GenerateProjectRestoreGraphPerFramework" in project "DeventSoft.RoadmapSkills.Users.Api.csproj".
  10:4>Done building target "CollectPrunePackageReferences" in project "DeventSoft.RoadmapSkills.Shared.Domain.csproj".
   3:6>Done executing task "CheckForDuplicateNuGetItemsTask".
   6:5>Done executing task "CheckForDuplicateNuGetItemsTask".
   4:6>_GenerateProjectRestoreGraphPerFramework:
       Using "GetRestorePackageReferencesTask" task from assembly "/usr/local/share/dotnet/sdk/9.0.200/NuGet.Build.Tasks.dll".
   5:5>Done executing task "GetRestoreProjectReferencesTask".
   2:5>_GenerateProjectRestoreGraphPerFramework:
       Using "GetRestorePackageReferencesTask" task from assembly "/usr/local/share/dotnet/sdk/9.0.200/NuGet.Build.Tasks.dll".
   6:5>Done building target "CollectCentralPackageVersions" in project "DeventSoft.RoadmapSkills.Api.csproj".
  10:4>Target "_CollectRestoreInputs" in file "/usr/local/share/dotnet/sdk/9.0.200/NuGet.targets" from project "/Users/dacanetdev/Dev/AIGenerated/RoadmapSkills/src/Shared/DeventSoft.RoadmapSkills.Shared.Domain/DeventSoft.RoadmapSkills.Shared.Domain.csproj" (target "_GenerateProjectRestoreGraphPerFramework" depends on it):
  10:4>Done building target "_CollectRestoreInputs" in project "DeventSoft.RoadmapSkills.Shared.Domain.csproj".
   8:5>_GenerateProjectRestoreGraphPerFramework:
       Task "GetCentralPackageVersionsTask" skipped, due to false condition; ( '$(PackageReferenceCompatibleProjectStyle)' == 'true' AND '$(_CentralPackageVersionsEnabled)' == 'true' ) was evaluated as ( 'True' == 'true' AND '' == 'true' ).
   4:6>Task "GetRestorePackageReferencesTask"
   3:6>Done building target "CollectPrunePackageReferences" in project "DeventSoft.RoadmapSkills.Users.Application.csproj".
   8:5>_GenerateProjectRestoreGraphPerFramework:
       Using "GetRestorePackageDownloadsTask" task from assembly "/usr/local/share/dotnet/sdk/9.0.200/NuGet.Build.Tasks.dll".
   5:5>_GenerateProjectRestoreGraphPerFramework:
       Using "GetRestorePackageReferencesTask" task from assembly "/usr/local/share/dotnet/sdk/9.0.200/NuGet.Build.Tasks.dll".
   4:6>Done executing task "GetRestorePackageReferencesTask".
   2:5>Task "GetRestorePackageReferencesTask"
   3:6>Target "_CollectRestoreInputs" in file "/usr/local/share/dotnet/sdk/9.0.200/NuGet.targets" from project "/Users/dacanetdev/Dev/AIGenerated/RoadmapSkills/src/Modules/Users/DeventSoft.RoadmapSkills.Users.Application/DeventSoft.RoadmapSkills.Users.Application.csproj" (target "_GenerateProjectRestoreGraphPerFramework" depends on it):
   3:6>Done building target "_CollectRestoreInputs" in project "DeventSoft.RoadmapSkills.Users.Application.csproj".
   5:5>Task "GetRestorePackageReferencesTask"
   4:6>_GenerateProjectRestoreGraphPerFramework:
       Task "GetCentralPackageVersionsTask" skipped, due to false condition; ( '$(PackageReferenceCompatibleProjectStyle)' == 'true' AND '$(_CentralPackageVersionsEnabled)' == 'true' ) was evaluated as ( 'True' == 'true' AND '' == 'true' ).
   8:5>Task "GetRestorePackageDownloadsTask"
   7:5>Target "_GenerateProjectRestoreGraphCurrentProject" in file "/usr/local/share/dotnet/sdk/9.0.200/NuGet.targets" from project "/Users/dacanetdev/Dev/AIGenerated/RoadmapSkills/src/Modules/Users/DeventSoft.RoadmapSkills.Users.Api/DeventSoft.RoadmapSkills.Users.Api.csproj" (target "_GenerateRestoreDependencies" depends on it):
   7:5>Done building target "_GenerateProjectRestoreGraphCurrentProject" in project "DeventSoft.RoadmapSkills.Users.Api.csproj".
   4:6>_GenerateProjectRestoreGraphPerFramework:
       Using "GetRestorePackageDownloadsTask" task from assembly "/usr/local/share/dotnet/sdk/9.0.200/NuGet.Build.Tasks.dll".
  10:4>Target "PrepRestoreForStoreProjects" skipped, due to false condition; ('$(StorePackageName)' != '') was evaluated as ('' != '').
   3:6>Target "PrepRestoreForStoreProjects" skipped, due to false condition; ('$(StorePackageName)' != '') was evaluated as ('' != '').
   2:5>Done executing task "GetRestorePackageReferencesTask".
   6:5>Target "CollectNuGetAuditSuppressions" in file "/usr/local/share/dotnet/sdk/9.0.200/NuGet.targets" from project "/Users/dacanetdev/Dev/AIGenerated/RoadmapSkills/src/DeventSoft.RoadmapSkills.Api/DeventSoft.RoadmapSkills.Api.csproj" (target "_CollectRestoreInputs" depends on it):
   6:5>Task "CheckForDuplicateNuGetItemsTask"
   4:6>Task "GetRestorePackageDownloadsTask"
   7:5>Target "_GenerateRestoreDependencies" in file "/usr/local/share/dotnet/sdk/9.0.200/NuGet.targets" from project "/Users/dacanetdev/Dev/AIGenerated/RoadmapSkills/src/Modules/Users/DeventSoft.RoadmapSkills.Users.Api/DeventSoft.RoadmapSkills.Users.Api.csproj" (target "_GenerateProjectRestoreGraph" depends on it):
   7:5>Done building target "_GenerateRestoreDependencies" in project "DeventSoft.RoadmapSkills.Users.Api.csproj".
   5:5>Done executing task "GetRestorePackageReferencesTask".
   6:5>Done executing task "CheckForDuplicateNuGetItemsTask".
   4:6>Done executing task "GetRestorePackageDownloadsTask".
   8:5>Done executing task "GetRestorePackageDownloadsTask".
   2:5>_GenerateProjectRestoreGraphPerFramework:
       Task "GetCentralPackageVersionsTask" skipped, due to false condition; ( '$(PackageReferenceCompatibleProjectStyle)' == 'true' AND '$(_CentralPackageVersionsEnabled)' == 'true' ) was evaluated as ( 'True' == 'true' AND '' == 'true' ).
   6:5>Done building target "CollectNuGetAuditSuppressions" in project "DeventSoft.RoadmapSkills.Api.csproj".
   5:5>_GenerateProjectRestoreGraphPerFramework:
       Task "GetCentralPackageVersionsTask" skipped, due to false condition; ( '$(PackageReferenceCompatibleProjectStyle)' == 'true' AND '$(_CentralPackageVersionsEnabled)' == 'true' ) was evaluated as ( 'True' == 'true' AND '' == 'true' ).
   4:6>_GenerateProjectRestoreGraphPerFramework:
       Using "GetRestoreFrameworkReferencesTask" task from assembly "/usr/local/share/dotnet/sdk/9.0.200/NuGet.Build.Tasks.dll".
   3:6>Target "_GenerateProjectRestoreGraphPerFramework" in file "/usr/local/share/dotnet/sdk/9.0.200/NuGet.targets" from project "/Users/dacanetdev/Dev/AIGenerated/RoadmapSkills/src/Modules/Users/DeventSoft.RoadmapSkills.Users.Application/DeventSoft.RoadmapSkills.Users.Application.csproj" (target "_GenerateProjectRestoreGraphCurrentProject" depends on it):
   3:6>Using "GetRestoreProjectReferencesTask" task from assembly "/usr/local/share/dotnet/sdk/9.0.200/NuGet.Build.Tasks.dll".
   8:5>_GenerateProjectRestoreGraphPerFramework:
       Using "GetRestoreFrameworkReferencesTask" task from assembly "/usr/local/share/dotnet/sdk/9.0.200/NuGet.Build.Tasks.dll".
   5:5>_GenerateProjectRestoreGraphPerFramework:
       Using "GetRestorePackageDownloadsTask" task from assembly "/usr/local/share/dotnet/sdk/9.0.200/NuGet.Build.Tasks.dll".
   4:6>Task "GetRestoreFrameworkReferencesTask"
   3:6>Task "GetRestoreProjectReferencesTask"
   2:5>_GenerateProjectRestoreGraphPerFramework:
       Using "GetRestorePackageDownloadsTask" task from assembly "/usr/local/share/dotnet/sdk/9.0.200/NuGet.Build.Tasks.dll".
   3:6>Done executing task "GetRestoreProjectReferencesTask".
   4:6>Done executing task "GetRestoreFrameworkReferencesTask".
   8:5>Task "GetRestoreFrameworkReferencesTask"
   5:5>Task "GetRestorePackageDownloadsTask"
   6:5>Target "AddPrunePackageReferences" skipped, due to false condition; ('$(RestoreEnablePackagePruning)' == 'true') was evaluated as ('false' == 'true').
   2:5>Task "GetRestorePackageDownloadsTask"
   3:6>_GenerateProjectRestoreGraphPerFramework:
       Using "GetRestorePackageReferencesTask" task from assembly "/usr/local/share/dotnet/sdk/9.0.200/NuGet.Build.Tasks.dll".
   4:6>_GenerateProjectRestoreGraphPerFramework:
       Using "GetRestoreNuGetAuditSuppressionsTask" task from assembly "/usr/local/share/dotnet/sdk/9.0.200/NuGet.Build.Tasks.dll".
   7:5>Target "_GenerateProjectRestoreGraph" in file "/usr/local/share/dotnet/sdk/9.0.200/NuGet.targets" from project "/Users/dacanetdev/Dev/AIGenerated/RoadmapSkills/src/Modules/Users/DeventSoft.RoadmapSkills.Users.Api/DeventSoft.RoadmapSkills.Users.Api.csproj" (entry point):
   7:5>Done building target "_GenerateProjectRestoreGraph" in project "DeventSoft.RoadmapSkills.Users.Api.csproj".
   8:5>Done executing task "GetRestoreFrameworkReferencesTask".
   3:6>Task "GetRestorePackageReferencesTask"
   4:6>Task "GetRestoreNuGetAuditSuppressionsTask"
   8:5>_GenerateProjectRestoreGraphPerFramework:
       Using "GetRestoreNuGetAuditSuppressionsTask" task from assembly "/usr/local/share/dotnet/sdk/9.0.200/NuGet.Build.Tasks.dll".
   5:5>Done executing task "GetRestorePackageDownloadsTask".
   3:6>Done executing task "GetRestorePackageReferencesTask".
   2:5>Done executing task "GetRestorePackageDownloadsTask".
   4:6>Done executing task "GetRestoreNuGetAuditSuppressionsTask".
   8:5>Task "GetRestoreNuGetAuditSuppressionsTask"
   3:6>_GenerateProjectRestoreGraphPerFramework:
       Task "GetCentralPackageVersionsTask" skipped, due to false condition; ( '$(PackageReferenceCompatibleProjectStyle)' == 'true' AND '$(_CentralPackageVersionsEnabled)' == 'true' ) was evaluated as ( 'True' == 'true' AND '' == 'true' ).
   7:5>Done Building Project "/Users/dacanetdev/Dev/AIGenerated/RoadmapSkills/src/Modules/Users/DeventSoft.RoadmapSkills.Users.Api/DeventSoft.RoadmapSkills.Users.Api.csproj" (_GenerateProjectRestoreGraph target(s)).
   5:5>_GenerateProjectRestoreGraphPerFramework:
       Using "GetRestoreFrameworkReferencesTask" task from assembly "/usr/local/share/dotnet/sdk/9.0.200/NuGet.Build.Tasks.dll".
   4:6>_GenerateProjectRestoreGraphPerFramework:
       Using "GetRestorePrunePackageReferencesTask" task from assembly "/usr/local/share/dotnet/sdk/9.0.200/NuGet.Build.Tasks.dll".
   2:5>_GenerateProjectRestoreGraphPerFramework:
       Using "GetRestoreFrameworkReferencesTask" task from assembly "/usr/local/share/dotnet/sdk/9.0.200/NuGet.Build.Tasks.dll".
   3:6>_GenerateProjectRestoreGraphPerFramework:
       Using "GetRestorePackageDownloadsTask" task from assembly "/usr/local/share/dotnet/sdk/9.0.200/NuGet.Build.Tasks.dll".
   8:5>Done executing task "GetRestoreNuGetAuditSuppressionsTask".
   6:5>Target "CollectPrunePackageReferences" in file "/usr/local/share/dotnet/sdk/9.0.200/NuGet.targets" from project "/Users/dacanetdev/Dev/AIGenerated/RoadmapSkills/src/DeventSoft.RoadmapSkills.Api/DeventSoft.RoadmapSkills.Api.csproj" (target "_CollectRestoreInputs" depends on it):
   6:5>Task "CheckForDuplicateNuGetItemsTask"
   4:6>Task "GetRestorePrunePackageReferencesTask"
   2:5>Task "GetRestoreFrameworkReferencesTask"
   5:5>Task "GetRestoreFrameworkReferencesTask"
   3:6>Task "GetRestorePackageDownloadsTask"
   8:5>_GenerateProjectRestoreGraphPerFramework:
       Using "GetRestorePrunePackageReferencesTask" task from assembly "/usr/local/share/dotnet/sdk/9.0.200/NuGet.Build.Tasks.dll".
   2:5>Done executing task "GetRestoreFrameworkReferencesTask".
   5:5>Done executing task "GetRestoreFrameworkReferencesTask".
   3:6>Done executing task "GetRestorePackageDownloadsTask".
   2:5>_GenerateProjectRestoreGraphPerFramework:
       Using "GetRestoreNuGetAuditSuppressionsTask" task from assembly "/usr/local/share/dotnet/sdk/9.0.200/NuGet.Build.Tasks.dll".
   8:5>Task "GetRestorePrunePackageReferencesTask"
   6:5>Done executing task "CheckForDuplicateNuGetItemsTask".
   3:6>_GenerateProjectRestoreGraphPerFramework:
       Using "GetRestoreFrameworkReferencesTask" task from assembly "/usr/local/share/dotnet/sdk/9.0.200/NuGet.Build.Tasks.dll".
   5:5>_GenerateProjectRestoreGraphPerFramework:
       Using "GetRestoreNuGetAuditSuppressionsTask" task from assembly "/usr/local/share/dotnet/sdk/9.0.200/NuGet.Build.Tasks.dll".
  10:4>Target "_GenerateProjectRestoreGraphPerFramework" in file "/usr/local/share/dotnet/sdk/9.0.200/NuGet.targets" from project "/Users/dacanetdev/Dev/AIGenerated/RoadmapSkills/src/Shared/DeventSoft.RoadmapSkills.Shared.Domain/DeventSoft.RoadmapSkills.Shared.Domain.csproj" (target "_GenerateProjectRestoreGraphCurrentProject" depends on it):
  10:4>Using "GetRestoreProjectReferencesTask" task from assembly "/usr/local/share/dotnet/sdk/9.0.200/NuGet.Build.Tasks.dll".
       Task "GetRestoreProjectReferencesTask"
   3:6>Task "GetRestoreFrameworkReferencesTask"
   4:6>Done executing task "GetRestorePrunePackageReferencesTask".
   5:5>Task "GetRestoreNuGetAuditSuppressionsTask"
   3:6>Done executing task "GetRestoreFrameworkReferencesTask".
   4:6>Done building target "_GenerateProjectRestoreGraphPerFramework" in project "DeventSoft.RoadmapSkills.Users.Infrastructure.csproj".
   2:5>Task "GetRestoreNuGetAuditSuppressionsTask"
   6:5>Done building target "CollectPrunePackageReferences" in project "DeventSoft.RoadmapSkills.Api.csproj".
   3:6>_GenerateProjectRestoreGraphPerFramework:
       Using "GetRestoreNuGetAuditSuppressionsTask" task from assembly "/usr/local/share/dotnet/sdk/9.0.200/NuGet.Build.Tasks.dll".
   8:5>Done executing task "GetRestorePrunePackageReferencesTask".
   5:5>Done executing task "GetRestoreNuGetAuditSuppressionsTask".
   2:5>Done executing task "GetRestoreNuGetAuditSuppressionsTask".
   3:6>Task "GetRestoreNuGetAuditSuppressionsTask"
   4:6>Target "_GenerateProjectRestoreGraphCurrentProject" in file "/usr/local/share/dotnet/sdk/9.0.200/NuGet.targets" from project "/Users/dacanetdev/Dev/AIGenerated/RoadmapSkills/src/Modules/Users/DeventSoft.RoadmapSkills.Users.Infrastructure/DeventSoft.RoadmapSkills.Users.Infrastructure.csproj" (target "_GenerateRestoreDependencies" depends on it):
   4:6>Done building target "_GenerateProjectRestoreGraphCurrentProject" in project "DeventSoft.RoadmapSkills.Users.Infrastructure.csproj".
   8:5>Done building target "_GenerateProjectRestoreGraphPerFramework" in project "DeventSoft.RoadmapSkills.BlazorApp.csproj".
   3:6>Done executing task "GetRestoreNuGetAuditSuppressionsTask".
   5:5>_GenerateProjectRestoreGraphPerFramework:
       Using "GetRestorePrunePackageReferencesTask" task from assembly "/usr/local/share/dotnet/sdk/9.0.200/NuGet.Build.Tasks.dll".
   3:6>_GenerateProjectRestoreGraphPerFramework:
       Using "GetRestorePrunePackageReferencesTask" task from assembly "/usr/local/share/dotnet/sdk/9.0.200/NuGet.Build.Tasks.dll".
   2:5>_GenerateProjectRestoreGraphPerFramework:
       Using "GetRestorePrunePackageReferencesTask" task from assembly "/usr/local/share/dotnet/sdk/9.0.200/NuGet.Build.Tasks.dll".
   4:6>Target "_GenerateRestoreDependencies" in file "/usr/local/share/dotnet/sdk/9.0.200/NuGet.targets" from project "/Users/dacanetdev/Dev/AIGenerated/RoadmapSkills/src/Modules/Users/DeventSoft.RoadmapSkills.Users.Infrastructure/DeventSoft.RoadmapSkills.Users.Infrastructure.csproj" (target "_GenerateProjectRestoreGraph" depends on it):
   4:6>Done building target "_GenerateRestoreDependencies" in project "DeventSoft.RoadmapSkills.Users.Infrastructure.csproj".
   6:5>Target "_CollectRestoreInputs" in file "/usr/local/share/dotnet/sdk/9.0.200/NuGet.targets" from project "/Users/dacanetdev/Dev/AIGenerated/RoadmapSkills/src/DeventSoft.RoadmapSkills.Api/DeventSoft.RoadmapSkills.Api.csproj" (target "_GenerateProjectRestoreGraphPerFramework" depends on it):
   6:5>Done building target "_CollectRestoreInputs" in project "DeventSoft.RoadmapSkills.Api.csproj".
   3:6>Task "GetRestorePrunePackageReferencesTask"
   8:5>Target "_GenerateProjectRestoreGraphCurrentProject" in file "/usr/local/share/dotnet/sdk/9.0.200/NuGet.targets" from project "/Users/dacanetdev/Dev/AIGenerated/RoadmapSkills/src/DeventSoft.RoadmapSkills.BlazorApp/DeventSoft.RoadmapSkills.BlazorApp.csproj" (target "_GenerateRestoreDependencies" depends on it):
   8:5>Done building target "_GenerateProjectRestoreGraphCurrentProject" in project "DeventSoft.RoadmapSkills.BlazorApp.csproj".
   3:6>Done executing task "GetRestorePrunePackageReferencesTask".
   5:5>Task "GetRestorePrunePackageReferencesTask"
   4:6>Target "_GenerateProjectRestoreGraph" in file "/usr/local/share/dotnet/sdk/9.0.200/NuGet.targets" from project "/Users/dacanetdev/Dev/AIGenerated/RoadmapSkills/src/Modules/Users/DeventSoft.RoadmapSkills.Users.Infrastructure/DeventSoft.RoadmapSkills.Users.Infrastructure.csproj" (entry point):
   4:6>Done building target "_GenerateProjectRestoreGraph" in project "DeventSoft.RoadmapSkills.Users.Infrastructure.csproj".
   6:5>Target "PrepRestoreForStoreProjects" skipped, due to false condition; ('$(StorePackageName)' != '') was evaluated as ('' != '').
   2:5>Task "GetRestorePrunePackageReferencesTask"
   3:6>Done building target "_GenerateProjectRestoreGraphPerFramework" in project "DeventSoft.RoadmapSkills.Users.Application.csproj".
   4:6>Done Building Project "/Users/dacanetdev/Dev/AIGenerated/RoadmapSkills/src/Modules/Users/DeventSoft.RoadmapSkills.Users.Infrastructure/DeventSoft.RoadmapSkills.Users.Infrastructure.csproj" (_GenerateProjectRestoreGraph target(s)).
   8:5>Target "_GenerateRestoreDependencies" in file "/usr/local/share/dotnet/sdk/9.0.200/NuGet.targets" from project "/Users/dacanetdev/Dev/AIGenerated/RoadmapSkills/src/DeventSoft.RoadmapSkills.BlazorApp/DeventSoft.RoadmapSkills.BlazorApp.csproj" (target "_GenerateProjectRestoreGraph" depends on it):
   8:5>Done building target "_GenerateRestoreDependencies" in project "DeventSoft.RoadmapSkills.BlazorApp.csproj".
   5:5>Done executing task "GetRestorePrunePackageReferencesTask".
   2:5>Done executing task "GetRestorePrunePackageReferencesTask".
   5:5>Done building target "_GenerateProjectRestoreGraphPerFramework" in project "DeventSoft.RoadmapSkills.Users.UnitTests.csproj".
   3:6>Target "_GenerateProjectRestoreGraphCurrentProject" in file "/usr/local/share/dotnet/sdk/9.0.200/NuGet.targets" from project "/Users/dacanetdev/Dev/AIGenerated/RoadmapSkills/src/Modules/Users/DeventSoft.RoadmapSkills.Users.Application/DeventSoft.RoadmapSkills.Users.Application.csproj" (target "_GenerateRestoreDependencies" depends on it):
   3:6>Done building target "_GenerateProjectRestoreGraphCurrentProject" in project "DeventSoft.RoadmapSkills.Users.Application.csproj".
   6:5>Target "_GenerateProjectRestoreGraphPerFramework" in file "/usr/local/share/dotnet/sdk/9.0.200/NuGet.targets" from project "/Users/dacanetdev/Dev/AIGenerated/RoadmapSkills/src/DeventSoft.RoadmapSkills.Api/DeventSoft.RoadmapSkills.Api.csproj" (target "_GenerateProjectRestoreGraphCurrentProject" depends on it):
   6:5>Using "GetRestoreProjectReferencesTask" task from assembly "/usr/local/share/dotnet/sdk/9.0.200/NuGet.Build.Tasks.dll".
   8:5>Target "_GenerateProjectRestoreGraph" in file "/usr/local/share/dotnet/sdk/9.0.200/NuGet.targets" from project "/Users/dacanetdev/Dev/AIGenerated/RoadmapSkills/src/DeventSoft.RoadmapSkills.BlazorApp/DeventSoft.RoadmapSkills.BlazorApp.csproj" (entry point):
   8:5>Done building target "_GenerateProjectRestoreGraph" in project "DeventSoft.RoadmapSkills.BlazorApp.csproj".
   6:5>Task "GetRestoreProjectReferencesTask"
   8:5>Done Building Project "/Users/dacanetdev/Dev/AIGenerated/RoadmapSkills/src/DeventSoft.RoadmapSkills.BlazorApp/DeventSoft.RoadmapSkills.BlazorApp.csproj" (_GenerateProjectRestoreGraph target(s)).
   2:5>Done building target "_GenerateProjectRestoreGraphPerFramework" in project "DeventSoft.RoadmapSkills.Users.IntegrationTests.csproj".
   3:6>Target "_GenerateRestoreDependencies" in file "/usr/local/share/dotnet/sdk/9.0.200/NuGet.targets" from project "/Users/dacanetdev/Dev/AIGenerated/RoadmapSkills/src/Modules/Users/DeventSoft.RoadmapSkills.Users.Application/DeventSoft.RoadmapSkills.Users.Application.csproj" (target "_GenerateProjectRestoreGraph" depends on it):
   3:6>Done building target "_GenerateRestoreDependencies" in project "DeventSoft.RoadmapSkills.Users.Application.csproj".
   6:5>Done executing task "GetRestoreProjectReferencesTask".
   5:5>Target "_GenerateProjectRestoreGraphCurrentProject" in file "/usr/local/share/dotnet/sdk/9.0.200/NuGet.targets" from project "/Users/dacanetdev/Dev/AIGenerated/RoadmapSkills/tests/Modules/Users/DeventSoft.RoadmapSkills.Users.UnitTests/DeventSoft.RoadmapSkills.Users.UnitTests.csproj" (target "_GenerateRestoreDependencies" depends on it):
   5:5>Done building target "_GenerateProjectRestoreGraphCurrentProject" in project "DeventSoft.RoadmapSkills.Users.UnitTests.csproj".
  10:4>Done executing task "GetRestoreProjectReferencesTask".
   2:5>Target "_GenerateProjectRestoreGraphCurrentProject" in file "/usr/local/share/dotnet/sdk/9.0.200/NuGet.targets" from project "/Users/dacanetdev/Dev/AIGenerated/RoadmapSkills/tests/Modules/Users/DeventSoft.RoadmapSkills.Users.IntegrationTests/DeventSoft.RoadmapSkills.Users.IntegrationTests.csproj" (target "_GenerateRestoreDependencies" depends on it):
   2:5>Done building target "_GenerateProjectRestoreGraphCurrentProject" in project "DeventSoft.RoadmapSkills.Users.IntegrationTests.csproj".
   6:5>_GenerateProjectRestoreGraphPerFramework:
       Using "GetRestorePackageReferencesTask" task from assembly "/usr/local/share/dotnet/sdk/9.0.200/NuGet.Build.Tasks.dll".
   3:6>Target "_GenerateProjectRestoreGraph" in file "/usr/local/share/dotnet/sdk/9.0.200/NuGet.targets" from project "/Users/dacanetdev/Dev/AIGenerated/RoadmapSkills/src/Modules/Users/DeventSoft.RoadmapSkills.Users.Application/DeventSoft.RoadmapSkills.Users.Application.csproj" (entry point):
   3:6>Done building target "_GenerateProjectRestoreGraph" in project "DeventSoft.RoadmapSkills.Users.Application.csproj".
   5:5>Target "_GenerateRestoreDependencies" in file "/usr/local/share/dotnet/sdk/9.0.200/NuGet.targets" from project "/Users/dacanetdev/Dev/AIGenerated/RoadmapSkills/tests/Modules/Users/DeventSoft.RoadmapSkills.Users.UnitTests/DeventSoft.RoadmapSkills.Users.UnitTests.csproj" (target "_GenerateProjectRestoreGraph" depends on it):
   5:5>Done building target "_GenerateRestoreDependencies" in project "DeventSoft.RoadmapSkills.Users.UnitTests.csproj".
   3:6>Done Building Project "/Users/dacanetdev/Dev/AIGenerated/RoadmapSkills/src/Modules/Users/DeventSoft.RoadmapSkills.Users.Application/DeventSoft.RoadmapSkills.Users.Application.csproj" (_GenerateProjectRestoreGraph target(s)).
   2:5>Target "_GenerateRestoreDependencies" in file "/usr/local/share/dotnet/sdk/9.0.200/NuGet.targets" from project "/Users/dacanetdev/Dev/AIGenerated/RoadmapSkills/tests/Modules/Users/DeventSoft.RoadmapSkills.Users.IntegrationTests/DeventSoft.RoadmapSkills.Users.IntegrationTests.csproj" (target "_GenerateProjectRestoreGraph" depends on it):
   2:5>Done building target "_GenerateRestoreDependencies" in project "DeventSoft.RoadmapSkills.Users.IntegrationTests.csproj".
   6:5>Task "GetRestorePackageReferencesTask"
   5:5>Target "_GenerateProjectRestoreGraph" in file "/usr/local/share/dotnet/sdk/9.0.200/NuGet.targets" from project "/Users/dacanetdev/Dev/AIGenerated/RoadmapSkills/tests/Modules/Users/DeventSoft.RoadmapSkills.Users.UnitTests/DeventSoft.RoadmapSkills.Users.UnitTests.csproj" (entry point):
   5:5>Done building target "_GenerateProjectRestoreGraph" in project "DeventSoft.RoadmapSkills.Users.UnitTests.csproj".
   2:5>Target "_GenerateProjectRestoreGraph" in file "/usr/local/share/dotnet/sdk/9.0.200/NuGet.targets" from project "/Users/dacanetdev/Dev/AIGenerated/RoadmapSkills/tests/Modules/Users/DeventSoft.RoadmapSkills.Users.IntegrationTests/DeventSoft.RoadmapSkills.Users.IntegrationTests.csproj" (entry point):
   2:5>Done building target "_GenerateProjectRestoreGraph" in project "DeventSoft.RoadmapSkills.Users.IntegrationTests.csproj".
   6:5>Done executing task "GetRestorePackageReferencesTask".
   5:5>Done Building Project "/Users/dacanetdev/Dev/AIGenerated/RoadmapSkills/tests/Modules/Users/DeventSoft.RoadmapSkills.Users.UnitTests/DeventSoft.RoadmapSkills.Users.UnitTests.csproj" (_GenerateProjectRestoreGraph target(s)).
   2:5>Done Building Project "/Users/dacanetdev/Dev/AIGenerated/RoadmapSkills/tests/Modules/Users/DeventSoft.RoadmapSkills.Users.IntegrationTests/DeventSoft.RoadmapSkills.Users.IntegrationTests.csproj" (_GenerateProjectRestoreGraph target(s)).
   6:5>_GenerateProjectRestoreGraphPerFramework:
       Task "GetCentralPackageVersionsTask" skipped, due to false condition; ( '$(PackageReferenceCompatibleProjectStyle)' == 'true' AND '$(_CentralPackageVersionsEnabled)' == 'true' ) was evaluated as ( 'True' == 'true' AND '' == 'true' ).
       Using "GetRestorePackageDownloadsTask" task from assembly "/usr/local/share/dotnet/sdk/9.0.200/NuGet.Build.Tasks.dll".
       Task "GetRestorePackageDownloadsTask"
       Done executing task "GetRestorePackageDownloadsTask".
       Using "GetRestoreFrameworkReferencesTask" task from assembly "/usr/local/share/dotnet/sdk/9.0.200/NuGet.Build.Tasks.dll".
       Task "GetRestoreFrameworkReferencesTask"
  10:4>_GenerateProjectRestoreGraphPerFramework:
       Using "GetRestorePackageReferencesTask" task from assembly "/usr/local/share/dotnet/sdk/9.0.200/NuGet.Build.Tasks.dll".
       Task "GetRestorePackageReferencesTask"
   6:5>Done executing task "GetRestoreFrameworkReferencesTask".
       Using "GetRestoreNuGetAuditSuppressionsTask" task from assembly "/usr/local/share/dotnet/sdk/9.0.200/NuGet.Build.Tasks.dll".
       Task "GetRestoreNuGetAuditSuppressionsTask"
       Done executing task "GetRestoreNuGetAuditSuppressionsTask".
       Using "GetRestorePrunePackageReferencesTask" task from assembly "/usr/local/share/dotnet/sdk/9.0.200/NuGet.Build.Tasks.dll".
       Task "GetRestorePrunePackageReferencesTask"
       Done executing task "GetRestorePrunePackageReferencesTask".
   6:5>Done building target "_GenerateProjectRestoreGraphPerFramework" in project "DeventSoft.RoadmapSkills.Api.csproj".
  10:4>Done executing task "GetRestorePackageReferencesTask".
       Task "GetCentralPackageVersionsTask" skipped, due to false condition; ( '$(PackageReferenceCompatibleProjectStyle)' == 'true' AND '$(_CentralPackageVersionsEnabled)' == 'true' ) was evaluated as ( 'True' == 'true' AND '' == 'true' ).
   6:5>Target "_GenerateProjectRestoreGraphCurrentProject" in file "/usr/local/share/dotnet/sdk/9.0.200/NuGet.targets" from project "/Users/dacanetdev/Dev/AIGenerated/RoadmapSkills/src/DeventSoft.RoadmapSkills.Api/DeventSoft.RoadmapSkills.Api.csproj" (target "_GenerateRestoreDependencies" depends on it):
   6:5>Done building target "_GenerateProjectRestoreGraphCurrentProject" in project "DeventSoft.RoadmapSkills.Api.csproj".
   6:5>Target "_GenerateRestoreDependencies" in file "/usr/local/share/dotnet/sdk/9.0.200/NuGet.targets" from project "/Users/dacanetdev/Dev/AIGenerated/RoadmapSkills/src/DeventSoft.RoadmapSkills.Api/DeventSoft.RoadmapSkills.Api.csproj" (target "_GenerateProjectRestoreGraph" depends on it):
   6:5>Done building target "_GenerateRestoreDependencies" in project "DeventSoft.RoadmapSkills.Api.csproj".
   6:5>Target "_GenerateProjectRestoreGraph" in file "/usr/local/share/dotnet/sdk/9.0.200/NuGet.targets" from project "/Users/dacanetdev/Dev/AIGenerated/RoadmapSkills/src/DeventSoft.RoadmapSkills.Api/DeventSoft.RoadmapSkills.Api.csproj" (entry point):
   6:5>Done building target "_GenerateProjectRestoreGraph" in project "DeventSoft.RoadmapSkills.Api.csproj".
   6:5>Done Building Project "/Users/dacanetdev/Dev/AIGenerated/RoadmapSkills/src/DeventSoft.RoadmapSkills.Api/DeventSoft.RoadmapSkills.Api.csproj" (_GenerateProjectRestoreGraph target(s)).
  10:4>_GenerateProjectRestoreGraphPerFramework:
       Using "GetRestorePackageDownloadsTask" task from assembly "/usr/local/share/dotnet/sdk/9.0.200/NuGet.Build.Tasks.dll".
       Task "GetRestorePackageDownloadsTask"
       Done executing task "GetRestorePackageDownloadsTask".
       Using "GetRestoreFrameworkReferencesTask" task from assembly "/usr/local/share/dotnet/sdk/9.0.200/NuGet.Build.Tasks.dll".
       Task "GetRestoreFrameworkReferencesTask"
       Done executing task "GetRestoreFrameworkReferencesTask".
       Using "GetRestoreNuGetAuditSuppressionsTask" task from assembly "/usr/local/share/dotnet/sdk/9.0.200/NuGet.Build.Tasks.dll".
       Task "GetRestoreNuGetAuditSuppressionsTask"
       Done executing task "GetRestoreNuGetAuditSuppressionsTask".
       Using "GetRestorePrunePackageReferencesTask" task from assembly "/usr/local/share/dotnet/sdk/9.0.200/NuGet.Build.Tasks.dll".
       Task "GetRestorePrunePackageReferencesTask"
       Done executing task "GetRestorePrunePackageReferencesTask".
  10:4>Done building target "_GenerateProjectRestoreGraphPerFramework" in project "DeventSoft.RoadmapSkills.Shared.Domain.csproj".
  10:4>Target "_GenerateProjectRestoreGraphCurrentProject" in file "/usr/local/share/dotnet/sdk/9.0.200/NuGet.targets" from project "/Users/dacanetdev/Dev/AIGenerated/RoadmapSkills/src/Shared/DeventSoft.RoadmapSkills.Shared.Domain/DeventSoft.RoadmapSkills.Shared.Domain.csproj" (target "_GenerateRestoreDependencies" depends on it):
  10:4>Done building target "_GenerateProjectRestoreGraphCurrentProject" in project "DeventSoft.RoadmapSkills.Shared.Domain.csproj".
  10:4>Target "_GenerateRestoreDependencies" in file "/usr/local/share/dotnet/sdk/9.0.200/NuGet.targets" from project "/Users/dacanetdev/Dev/AIGenerated/RoadmapSkills/src/Shared/DeventSoft.RoadmapSkills.Shared.Domain/DeventSoft.RoadmapSkills.Shared.Domain.csproj" (target "_GenerateProjectRestoreGraph" depends on it):
  10:4>Done building target "_GenerateRestoreDependencies" in project "DeventSoft.RoadmapSkills.Shared.Domain.csproj".
  10:4>Target "_GenerateProjectRestoreGraph" in file "/usr/local/share/dotnet/sdk/9.0.200/NuGet.targets" from project "/Users/dacanetdev/Dev/AIGenerated/RoadmapSkills/src/Shared/DeventSoft.RoadmapSkills.Shared.Domain/DeventSoft.RoadmapSkills.Shared.Domain.csproj" (entry point):
  10:4>Done building target "_GenerateProjectRestoreGraph" in project "DeventSoft.RoadmapSkills.Shared.Domain.csproj".
  10:4>Done Building Project "/Users/dacanetdev/Dev/AIGenerated/RoadmapSkills/src/Shared/DeventSoft.RoadmapSkills.Shared.Domain/DeventSoft.RoadmapSkills.Shared.Domain.csproj" (_GenerateProjectRestoreGraph target(s)).
     1>Project "/Users/dacanetdev/Dev/AIGenerated/RoadmapSkills/RoadmapSkills.sln" (1) is building "/Users/dacanetdev/Dev/AIGenerated/RoadmapSkills/src/Modules/Users/DeventSoft.RoadmapSkills.Users.Domain/DeventSoft.RoadmapSkills.Users.Domain.csproj" (9:6) on node 1 (_GenerateProjectRestoreGraph target(s)).
   9:6>Target "_GetRestoreProjectStyle" skipped. Previously built successfully.
       Target "_GetRestoreProjectStyle" skipped. Previously built successfully.
       Target "_GetRestoreProjectStyle" skipped. Previously built successfully.
   9:6>Target "_GetRestoreTargetFrameworkOverride" in file "/usr/local/share/dotnet/sdk/9.0.200/NuGet.targets" from project "/Users/dacanetdev/Dev/AIGenerated/RoadmapSkills/src/Modules/Users/DeventSoft.RoadmapSkills.Users.Domain/DeventSoft.RoadmapSkills.Users.Domain.csproj" (target "_GetRestoreTargetFrameworksOutput" depends on it):
       Task "GetGlobalPropertyValueTask" skipped, due to false condition; ( '$(TargetFrameworks)' != '' ) was evaluated as ( '' != '' ).
   9:6>Done building target "_GetRestoreTargetFrameworkOverride" in project "DeventSoft.RoadmapSkills.Users.Domain.csproj".
   9:6>Target "_GetRestoreTargetFrameworksOutput" in file "/usr/local/share/dotnet/sdk/9.0.200/NuGet.targets" from project "/Users/dacanetdev/Dev/AIGenerated/RoadmapSkills/src/Modules/Users/DeventSoft.RoadmapSkills.Users.Domain/DeventSoft.RoadmapSkills.Users.Domain.csproj" (target "_GenerateRestoreProjectSpec" depends on it):
       Using "GetProjectTargetFrameworksTask" task from assembly "/usr/local/share/dotnet/sdk/9.0.200/NuGet.Build.Tasks.dll".
       Task "GetProjectTargetFrameworksTask"
       Done executing task "GetProjectTargetFrameworksTask".
   9:6>Done building target "_GetRestoreTargetFrameworksOutput" in project "DeventSoft.RoadmapSkills.Users.Domain.csproj".
       Target "_GetRestoreSettings" skipped. Previously built successfully.
   9:6>Target "_GenerateRestoreProjectSpec" in file "/usr/local/share/dotnet/sdk/9.0.200/NuGet.targets" from project "/Users/dacanetdev/Dev/AIGenerated/RoadmapSkills/src/Modules/Users/DeventSoft.RoadmapSkills.Users.Domain/DeventSoft.RoadmapSkills.Users.Domain.csproj" (target "_GenerateProjectRestoreGraph" depends on it):
       Task "ConvertToAbsolutePath"
       Done executing task "ConvertToAbsolutePath".
   9:6>Done building target "_GenerateRestoreProjectSpec" in project "DeventSoft.RoadmapSkills.Users.Domain.csproj".
       Target "_GenerateProjectRestoreGraphAllFrameworks" skipped, due to false condition; ( '$(TargetFrameworks)' != '' ) was evaluated as ( '' != '' ).
       Target "_GetRestoreProjectStyle" skipped. Previously built successfully.
       Target "CollectPackageReferences" skipped. Previously built successfully.
   9:6>Target "CollectPackageDownloads" in file "/usr/local/share/dotnet/sdk/9.0.200/NuGet.targets" from project "/Users/dacanetdev/Dev/AIGenerated/RoadmapSkills/src/Modules/Users/DeventSoft.RoadmapSkills.Users.Domain/DeventSoft.RoadmapSkills.Users.Domain.csproj" (target "_CollectRestoreInputs" depends on it):
       Task "CheckForDuplicateNuGetItemsTask"
       Done executing task "CheckForDuplicateNuGetItemsTask".
   9:6>Done building target "CollectPackageDownloads" in project "DeventSoft.RoadmapSkills.Users.Domain.csproj".
   9:6>Target "CollectFrameworkReferences" in file "/usr/local/share/dotnet/sdk/9.0.200/NuGet.targets" from project "/Users/dacanetdev/Dev/AIGenerated/RoadmapSkills/src/Modules/Users/DeventSoft.RoadmapSkills.Users.Domain/DeventSoft.RoadmapSkills.Users.Domain.csproj" (target "_CollectRestoreInputs" depends on it):
   9:6>Done building target "CollectFrameworkReferences" in project "DeventSoft.RoadmapSkills.Users.Domain.csproj".
   9:6>Target "CollectCentralPackageVersions" in file "/usr/local/share/dotnet/sdk/9.0.200/NuGet.targets" from project "/Users/dacanetdev/Dev/AIGenerated/RoadmapSkills/src/Modules/Users/DeventSoft.RoadmapSkills.Users.Domain/DeventSoft.RoadmapSkills.Users.Domain.csproj" (target "_CollectRestoreInputs" depends on it):
       Task "CheckForDuplicateNuGetItemsTask"
       Done executing task "CheckForDuplicateNuGetItemsTask".
   9:6>Done building target "CollectCentralPackageVersions" in project "DeventSoft.RoadmapSkills.Users.Domain.csproj".
   9:6>Target "CollectNuGetAuditSuppressions" in file "/usr/local/share/dotnet/sdk/9.0.200/NuGet.targets" from project "/Users/dacanetdev/Dev/AIGenerated/RoadmapSkills/src/Modules/Users/DeventSoft.RoadmapSkills.Users.Domain/DeventSoft.RoadmapSkills.Users.Domain.csproj" (target "_CollectRestoreInputs" depends on it):
       Task "CheckForDuplicateNuGetItemsTask"
       Done executing task "CheckForDuplicateNuGetItemsTask".
   9:6>Done building target "CollectNuGetAuditSuppressions" in project "DeventSoft.RoadmapSkills.Users.Domain.csproj".
       Target "AddPrunePackageReferences" skipped, due to false condition; ('$(RestoreEnablePackagePruning)' == 'true') was evaluated as ('false' == 'true').
   9:6>Target "CollectPrunePackageReferences" in file "/usr/local/share/dotnet/sdk/9.0.200/NuGet.targets" from project "/Users/dacanetdev/Dev/AIGenerated/RoadmapSkills/src/Modules/Users/DeventSoft.RoadmapSkills.Users.Domain/DeventSoft.RoadmapSkills.Users.Domain.csproj" (target "_CollectRestoreInputs" depends on it):
       Task "CheckForDuplicateNuGetItemsTask"
       Done executing task "CheckForDuplicateNuGetItemsTask".
   9:6>Done building target "CollectPrunePackageReferences" in project "DeventSoft.RoadmapSkills.Users.Domain.csproj".
   9:6>Target "_CollectRestoreInputs" in file "/usr/local/share/dotnet/sdk/9.0.200/NuGet.targets" from project "/Users/dacanetdev/Dev/AIGenerated/RoadmapSkills/src/Modules/Users/DeventSoft.RoadmapSkills.Users.Domain/DeventSoft.RoadmapSkills.Users.Domain.csproj" (target "_GenerateProjectRestoreGraphPerFramework" depends on it):
   9:6>Done building target "_CollectRestoreInputs" in project "DeventSoft.RoadmapSkills.Users.Domain.csproj".
       Target "PrepRestoreForStoreProjects" skipped, due to false condition; ('$(StorePackageName)' != '') was evaluated as ('' != '').
   9:6>Target "_GenerateProjectRestoreGraphPerFramework" in file "/usr/local/share/dotnet/sdk/9.0.200/NuGet.targets" from project "/Users/dacanetdev/Dev/AIGenerated/RoadmapSkills/src/Modules/Users/DeventSoft.RoadmapSkills.Users.Domain/DeventSoft.RoadmapSkills.Users.Domain.csproj" (target "_GenerateProjectRestoreGraphCurrentProject" depends on it):
       Using "GetRestoreProjectReferencesTask" task from assembly "/usr/local/share/dotnet/sdk/9.0.200/NuGet.Build.Tasks.dll".
       Task "GetRestoreProjectReferencesTask"
       Done executing task "GetRestoreProjectReferencesTask".
       Using "GetRestorePackageReferencesTask" task from assembly "/usr/local/share/dotnet/sdk/9.0.200/NuGet.Build.Tasks.dll".
       Task "GetRestorePackageReferencesTask"
       Done executing task "GetRestorePackageReferencesTask".
       Task "GetCentralPackageVersionsTask" skipped, due to false condition; ( '$(PackageReferenceCompatibleProjectStyle)' == 'true' AND '$(_CentralPackageVersionsEnabled)' == 'true' ) was evaluated as ( 'True' == 'true' AND '' == 'true' ).
       Using "GetRestorePackageDownloadsTask" task from assembly "/usr/local/share/dotnet/sdk/9.0.200/NuGet.Build.Tasks.dll".
       Task "GetRestorePackageDownloadsTask"
       Done executing task "GetRestorePackageDownloadsTask".
       Using "GetRestoreFrameworkReferencesTask" task from assembly "/usr/local/share/dotnet/sdk/9.0.200/NuGet.Build.Tasks.dll".
       Task "GetRestoreFrameworkReferencesTask"
       Done executing task "GetRestoreFrameworkReferencesTask".
       Using "GetRestoreNuGetAuditSuppressionsTask" task from assembly "/usr/local/share/dotnet/sdk/9.0.200/NuGet.Build.Tasks.dll".
       Task "GetRestoreNuGetAuditSuppressionsTask"
       Done executing task "GetRestoreNuGetAuditSuppressionsTask".
       Using "GetRestorePrunePackageReferencesTask" task from assembly "/usr/local/share/dotnet/sdk/9.0.200/NuGet.Build.Tasks.dll".
       Task "GetRestorePrunePackageReferencesTask"
       Done executing task "GetRestorePrunePackageReferencesTask".
   9:6>Done building target "_GenerateProjectRestoreGraphPerFramework" in project "DeventSoft.RoadmapSkills.Users.Domain.csproj".
   9:6>Target "_GenerateProjectRestoreGraphCurrentProject" in file "/usr/local/share/dotnet/sdk/9.0.200/NuGet.targets" from project "/Users/dacanetdev/Dev/AIGenerated/RoadmapSkills/src/Modules/Users/DeventSoft.RoadmapSkills.Users.Domain/DeventSoft.RoadmapSkills.Users.Domain.csproj" (target "_GenerateRestoreDependencies" depends on it):
   9:6>Done building target "_GenerateProjectRestoreGraphCurrentProject" in project "DeventSoft.RoadmapSkills.Users.Domain.csproj".
   9:6>Target "_GenerateRestoreDependencies" in file "/usr/local/share/dotnet/sdk/9.0.200/NuGet.targets" from project "/Users/dacanetdev/Dev/AIGenerated/RoadmapSkills/src/Modules/Users/DeventSoft.RoadmapSkills.Users.Domain/DeventSoft.RoadmapSkills.Users.Domain.csproj" (target "_GenerateProjectRestoreGraph" depends on it):
   9:6>Done building target "_GenerateRestoreDependencies" in project "DeventSoft.RoadmapSkills.Users.Domain.csproj".
   9:6>Target "_GenerateProjectRestoreGraph" in file "/usr/local/share/dotnet/sdk/9.0.200/NuGet.targets" from project "/Users/dacanetdev/Dev/AIGenerated/RoadmapSkills/src/Modules/Users/DeventSoft.RoadmapSkills.Users.Domain/DeventSoft.RoadmapSkills.Users.Domain.csproj" (entry point):
   9:6>Done building target "_GenerateProjectRestoreGraph" in project "DeventSoft.RoadmapSkills.Users.Domain.csproj".
   9:6>Done Building Project "/Users/dacanetdev/Dev/AIGenerated/RoadmapSkills/src/Modules/Users/DeventSoft.RoadmapSkills.Users.Domain/DeventSoft.RoadmapSkills.Users.Domain.csproj" (_GenerateProjectRestoreGraph target(s)).
     1>Done executing task "MSBuild".
     1>Done building target "_GenerateRestoreGraph" in project "RoadmapSkills.sln".
     1>Target "Restore" in file "/usr/local/share/dotnet/sdk/9.0.200/NuGet.targets" from project "/Users/dacanetdev/Dev/AIGenerated/RoadmapSkills/RoadmapSkills.sln" (entry point):
       Task "RemoveDuplicates"
       Done executing task "RemoveDuplicates".
       Using "RestoreTask" task from assembly "/usr/local/share/dotnet/sdk/9.0.200/NuGet.Build.Tasks.dll".
       Task "RestoreTask"
         Assembly loaded during TaskRun (NuGet.Build.Tasks.RestoreTask): NuGet.Packaging, Version=6.13.0.113, Culture=neutral, PublicKeyToken=31bf3856ad364e35 (location: /usr/local/share/dotnet/sdk/9.0.200/NuGet.Packaging.dll, MVID: 1cbc21a5-4cd9-466f-9151-1c1a71d549af, AssemblyLoadContext: MSBuild plugin /usr/local/share/dotnet/sdk/9.0.200/NuGet.Build.Tasks.dll)
         Assembly loaded during TaskRun (NuGet.Build.Tasks.RestoreTask): NuGet.LibraryModel, Version=6.13.0.113, Culture=neutral, PublicKeyToken=31bf3856ad364e35 (location: /usr/local/share/dotnet/sdk/9.0.200/NuGet.LibraryModel.dll, MVID: 4983b6e9-b263-4c60-b6bd-5276f113a471, AssemblyLoadContext: MSBuild plugin /usr/local/share/dotnet/sdk/9.0.200/NuGet.Build.Tasks.dll)
         Assembly loaded during TaskRun (NuGet.Build.Tasks.RestoreTask): NuGet.Versioning, Version=6.13.0.113, Culture=neutral, PublicKeyToken=31bf3856ad364e35 (location: /usr/local/share/dotnet/sdk/9.0.200/NuGet.Versioning.dll, MVID: 0c64735f-6f38-4de5-a22e-618f8294c134, AssemblyLoadContext: MSBuild plugin /usr/local/share/dotnet/sdk/9.0.200/NuGet.Build.Tasks.dll)
         Assembly loaded during TaskRun (NuGet.Build.Tasks.RestoreTask): NuGet.Frameworks, Version=6.13.0.113, Culture=neutral, PublicKeyToken=31bf3856ad364e35 (location: /usr/local/share/dotnet/sdk/9.0.200/NuGet.Frameworks.dll, MVID: a71a6311-0898-4bde-aa1d-8d023178a182, AssemblyLoadContext: MSBuild plugin /usr/local/share/dotnet/sdk/9.0.200/NuGet.Build.Tasks.dll)
         Assembly loaded during TaskRun (NuGet.Build.Tasks.RestoreTask): System.Buffers, Version=9.0.0.0, Culture=neutral, PublicKeyToken=cc7b13ffcd2ddd51 (location: /usr/local/share/dotnet/shared/Microsoft.NETCore.App/9.0.2/System.Buffers.dll, MVID: b019ad05-126d-4097-b65f-6bea1033ecc1, AssemblyLoadContext: Default)
         Assembly loaded during TaskRun (NuGet.Build.Tasks.RestoreTask): NuGet.Protocol, Version=6.13.0.113, Culture=neutral, PublicKeyToken=31bf3856ad364e35 (location: /usr/local/share/dotnet/sdk/9.0.200/NuGet.Protocol.dll, MVID: 0f28e10d-abfb-45e0-9e21-e4c33ba633ef, AssemblyLoadContext: MSBuild plugin /usr/local/share/dotnet/sdk/9.0.200/NuGet.Build.Tasks.dll)
         Assembly loaded during TaskRun (NuGet.Build.Tasks.RestoreTask): NuGet.Credentials, Version=6.13.0.113, Culture=neutral, PublicKeyToken=31bf3856ad364e35 (location: /usr/local/share/dotnet/sdk/9.0.200/NuGet.Credentials.dll, MVID: 8d544349-eb17-4cad-a582-917b8b55f13b, AssemblyLoadContext: MSBuild plugin /usr/local/share/dotnet/sdk/9.0.200/NuGet.Build.Tasks.dll)
         Assembly loaded during TaskRun (NuGet.Build.Tasks.RestoreTask): System.Formats.Asn1, Version=9.0.0.0, Culture=neutral, PublicKeyToken=cc7b13ffcd2ddd51 (location: /usr/local/share/dotnet/shared/Microsoft.NETCore.App/9.0.2/System.Formats.Asn1.dll, MVID: 855ba82f-5025-4891-a386-20a1e1ecf33d, AssemblyLoadContext: Default)
         Assembly loaded during TaskRun (NuGet.Build.Tasks.RestoreTask): System.Runtime.Numerics, Version=9.0.0.0, Culture=neutral, PublicKeyToken=b03f5f7f11d50a3a (location: /usr/local/share/dotnet/shared/Microsoft.NETCore.App/9.0.2/System.Runtime.Numerics.dll, MVID: 6b5534df-db3d-4eea-827d-af82ea313dc8, AssemblyLoadContext: Default)
         X.509 certificate chain validation will use the fallback certificate bundle at '/usr/local/share/dotnet/sdk/9.0.200/trustedroots/codesignctl.pem'.
         X.509 certificate chain validation will use the fallback certificate bundle at '/usr/local/share/dotnet/sdk/9.0.200/trustedroots/timestampctl.pem'.
         Assembly loaded during TaskRun (NuGet.Build.Tasks.RestoreTask): NuGet.DependencyResolver.Core, Version=6.13.0.113, Culture=neutral, PublicKeyToken=31bf3856ad364e35 (location: /usr/local/share/dotnet/sdk/9.0.200/NuGet.DependencyResolver.Core.dll, MVID: 2ecbfef2-65f7-4db3-b960-1f7d40c14cd4, AssemblyLoadContext: MSBuild plugin /usr/local/share/dotnet/sdk/9.0.200/NuGet.Build.Tasks.dll)
         Running restore with 12 concurrent jobs.
         Reading project file /Users/dacanetdev/Dev/AIGenerated/RoadmapSkills/tests/Modules/Users/DeventSoft.RoadmapSkills.Users.UnitTests/DeventSoft.RoadmapSkills.Users.UnitTests.csproj.
         Reading project file /Users/dacanetdev/Dev/AIGenerated/RoadmapSkills/tests/Modules/Users/DeventSoft.RoadmapSkills.Users.IntegrationTests/DeventSoft.RoadmapSkills.Users.IntegrationTests.csproj.
         Reading project file /Users/dacanetdev/Dev/AIGenerated/RoadmapSkills/src/Modules/Users/DeventSoft.RoadmapSkills.Users.Application/DeventSoft.RoadmapSkills.Users.Application.csproj.
         Reading project file /Users/dacanetdev/Dev/AIGenerated/RoadmapSkills/src/DeventSoft.RoadmapSkills.Api/DeventSoft.RoadmapSkills.Api.csproj.
         Reading project file /Users/dacanetdev/Dev/AIGenerated/RoadmapSkills/src/Modules/Users/DeventSoft.RoadmapSkills.Users.Infrastructure/DeventSoft.RoadmapSkills.Users.Infrastructure.csproj.
         Reading project file /Users/dacanetdev/Dev/AIGenerated/RoadmapSkills/src/Modules/Users/DeventSoft.RoadmapSkills.Users.Api/DeventSoft.RoadmapSkills.Users.Api.csproj.
         Reading project file /Users/dacanetdev/Dev/AIGenerated/RoadmapSkills/src/DeventSoft.RoadmapSkills.BlazorApp/DeventSoft.RoadmapSkills.BlazorApp.csproj.
         Reading project file /Users/dacanetdev/Dev/AIGenerated/RoadmapSkills/src/Shared/DeventSoft.RoadmapSkills.Shared.Domain/DeventSoft.RoadmapSkills.Shared.Domain.csproj.
         Reading project file /Users/dacanetdev/Dev/AIGenerated/RoadmapSkills/src/Modules/Users/DeventSoft.RoadmapSkills.Users.Domain/DeventSoft.RoadmapSkills.Users.Domain.csproj.
         Assembly loaded during TaskRun (NuGet.Build.Tasks.RestoreTask): Newtonsoft.Json, Version=13.0.0.0, Culture=neutral, PublicKeyToken=30ad4fe6b2a6aeed (location: /usr/local/share/dotnet/sdk/9.0.200/Newtonsoft.Json.dll, MVID: 7e62198b-eab2-4380-bbac-29171862d1d8, AssemblyLoadContext: MSBuild plugin /usr/local/share/dotnet/sdk/9.0.200/NuGet.Build.Tasks.dll)
         Assembly loaded during TaskRun (NuGet.Build.Tasks.RestoreTask): System.Runtime.Serialization.Primitives, Version=9.0.0.0, Culture=neutral, PublicKeyToken=b03f5f7f11d50a3a (location: /usr/local/share/dotnet/shared/Microsoft.NETCore.App/9.0.2/System.Runtime.Serialization.Primitives.dll, MVID: 3d8d7154-d659-433e-9de4-5997ba7760a5, AssemblyLoadContext: Default)
         Assembly loaded during TaskRun (NuGet.Build.Tasks.RestoreTask): System.Linq.Expressions, Version=9.0.0.0, Culture=neutral, PublicKeyToken=b03f5f7f11d50a3a (location: /usr/local/share/dotnet/shared/Microsoft.NETCore.App/9.0.2/System.Linq.Expressions.dll, MVID: 294beb3b-4a15-4c06-8af0-47820373479d, AssemblyLoadContext: Default)
         Assembly loaded during TaskRun (NuGet.Build.Tasks.RestoreTask): System.ComponentModel.TypeConverter, Version=9.0.0.0, Culture=neutral, PublicKeyToken=b03f5f7f11d50a3a (location: /usr/local/share/dotnet/shared/Microsoft.NETCore.App/9.0.2/System.ComponentModel.TypeConverter.dll, MVID: 0c5bbaf3-95f3-48ec-b869-416169fb3625, AssemblyLoadContext: Default)
         Assembly loaded during TaskRun (NuGet.Build.Tasks.RestoreTask): System.ObjectModel, Version=9.0.0.0, Culture=neutral, PublicKeyToken=b03f5f7f11d50a3a (location: /usr/local/share/dotnet/shared/Microsoft.NETCore.App/9.0.2/System.ObjectModel.dll, MVID: a776b4dd-6f4c-461f-91bd-c39492ea99fb, AssemblyLoadContext: Default)
         The restore inputs for 'DeventSoft.RoadmapSkills.BlazorApp' have not changed. No further actions are required to complete the restore.
         The restore inputs for 'DeventSoft.RoadmapSkills.Api' have not changed. No further actions are required to complete the restore.
         The restore inputs for 'DeventSoft.RoadmapSkills.Users.UnitTests' have not changed. No further actions are required to complete the restore.
         The restore inputs for 'DeventSoft.RoadmapSkills.Users.Domain' have not changed. No further actions are required to complete the restore.
         The restore inputs for 'DeventSoft.RoadmapSkills.Users.IntegrationTests' have not changed. No further actions are required to complete the restore.
         The restore inputs for 'DeventSoft.RoadmapSkills.Users.Infrastructure' have not changed. No further actions are required to complete the restore.
         The restore inputs for 'DeventSoft.RoadmapSkills.Shared.Domain' have not changed. No further actions are required to complete the restore.
         The restore inputs for 'DeventSoft.RoadmapSkills.Users.Application' have not changed. No further actions are required to complete the restore.
         The restore inputs for 'DeventSoft.RoadmapSkills.Users.Api' have not changed. No further actions are required to complete the restore.
         Committing restore...
         Committing restore...
         Committing restore...
         Committing restore...
         Assets file has not changed. Skipping assets file writing. Path: /Users/dacanetdev/Dev/AIGenerated/RoadmapSkills/src/Modules/Users/DeventSoft.RoadmapSkills.Users.Application/obj/project.assets.json
         Committing restore...
         No-Op restore. The cache will not be updated. Path: /Users/dacanetdev/Dev/AIGenerated/RoadmapSkills/src/Modules/Users/DeventSoft.RoadmapSkills.Users.Application/obj/project.nuget.cache
         Assets file has not changed. Skipping assets file writing. Path: /Users/dacanetdev/Dev/AIGenerated/RoadmapSkills/tests/Modules/Users/DeventSoft.RoadmapSkills.Users.IntegrationTests/obj/project.assets.json
         No-Op restore. The cache will not be updated. Path: /Users/dacanetdev/Dev/AIGenerated/RoadmapSkills/tests/Modules/Users/DeventSoft.RoadmapSkills.Users.IntegrationTests/obj/project.nuget.cache
         Committing restore...
         Committing restore...
         Assets file has not changed. Skipping assets file writing. Path: /Users/dacanetdev/Dev/AIGenerated/RoadmapSkills/src/Modules/Users/DeventSoft.RoadmapSkills.Users.Infrastructure/obj/project.assets.json
         No-Op restore. The cache will not be updated. Path: /Users/dacanetdev/Dev/AIGenerated/RoadmapSkills/src/Modules/Users/DeventSoft.RoadmapSkills.Users.Infrastructure/obj/project.nuget.cache
         Assets file has not changed. Skipping assets file writing. Path: /Users/dacanetdev/Dev/AIGenerated/RoadmapSkills/tests/Modules/Users/DeventSoft.RoadmapSkills.Users.UnitTests/obj/project.assets.json
         No-Op restore. The cache will not be updated. Path: /Users/dacanetdev/Dev/AIGenerated/RoadmapSkills/tests/Modules/Users/DeventSoft.RoadmapSkills.Users.UnitTests/obj/project.nuget.cache
         Assets file has not changed. Skipping assets file writing. Path: /Users/dacanetdev/Dev/AIGenerated/RoadmapSkills/src/Modules/Users/DeventSoft.RoadmapSkills.Users.Api/obj/project.assets.json
         Committing restore...
         Committing restore...
         Assets file has not changed. Skipping assets file writing. Path: /Users/dacanetdev/Dev/AIGenerated/RoadmapSkills/src/Shared/DeventSoft.RoadmapSkills.Shared.Domain/obj/project.assets.json
         No-Op restore. The cache will not be updated. Path: /Users/dacanetdev/Dev/AIGenerated/RoadmapSkills/src/Modules/Users/DeventSoft.RoadmapSkills.Users.Api/obj/project.nuget.cache
         No-Op restore. The cache will not be updated. Path: /Users/dacanetdev/Dev/AIGenerated/RoadmapSkills/src/Shared/DeventSoft.RoadmapSkills.Shared.Domain/obj/project.nuget.cache
         Assets file has not changed. Skipping assets file writing. Path: /Users/dacanetdev/Dev/AIGenerated/RoadmapSkills/src/DeventSoft.RoadmapSkills.BlazorApp/obj/project.assets.json
         Assets file has not changed. Skipping assets file writing. Path: /Users/dacanetdev/Dev/AIGenerated/RoadmapSkills/src/Modules/Users/DeventSoft.RoadmapSkills.Users.Domain/obj/project.assets.json
         No-Op restore. The cache will not be updated. Path: /Users/dacanetdev/Dev/AIGenerated/RoadmapSkills/src/DeventSoft.RoadmapSkills.BlazorApp/obj/project.nuget.cache
         No-Op restore. The cache will not be updated. Path: /Users/dacanetdev/Dev/AIGenerated/RoadmapSkills/src/Modules/Users/DeventSoft.RoadmapSkills.Users.Domain/obj/project.nuget.cache
         Assets file has not changed. Skipping assets file writing. Path: /Users/dacanetdev/Dev/AIGenerated/RoadmapSkills/src/DeventSoft.RoadmapSkills.Api/obj/project.assets.json
         No-Op restore. The cache will not be updated. Path: /Users/dacanetdev/Dev/AIGenerated/RoadmapSkills/src/DeventSoft.RoadmapSkills.Api/obj/project.nuget.cache
         Restored /Users/dacanetdev/Dev/AIGenerated/RoadmapSkills/tests/Modules/Users/DeventSoft.RoadmapSkills.Users.UnitTests/DeventSoft.RoadmapSkills.Users.UnitTests.csproj (in 39 ms).
         Restored /Users/dacanetdev/Dev/AIGenerated/RoadmapSkills/src/Modules/Users/DeventSoft.RoadmapSkills.Users.Api/DeventSoft.RoadmapSkills.Users.Api.csproj (in 39 ms).
         Restored /Users/dacanetdev/Dev/AIGenerated/RoadmapSkills/src/Modules/Users/DeventSoft.RoadmapSkills.Users.Infrastructure/DeventSoft.RoadmapSkills.Users.Infrastructure.csproj (in 39 ms).
         Restored /Users/dacanetdev/Dev/AIGenerated/RoadmapSkills/src/Modules/Users/DeventSoft.RoadmapSkills.Users.Domain/DeventSoft.RoadmapSkills.Users.Domain.csproj (in 39 ms).
         Restored /Users/dacanetdev/Dev/AIGenerated/RoadmapSkills/src/Shared/DeventSoft.RoadmapSkills.Shared.Domain/DeventSoft.RoadmapSkills.Shared.Domain.csproj (in 39 ms).
         Restored /Users/dacanetdev/Dev/AIGenerated/RoadmapSkills/src/Modules/Users/DeventSoft.RoadmapSkills.Users.Application/DeventSoft.RoadmapSkills.Users.Application.csproj (in 39 ms).
         Restored /Users/dacanetdev/Dev/AIGenerated/RoadmapSkills/tests/Modules/Users/DeventSoft.RoadmapSkills.Users.IntegrationTests/DeventSoft.RoadmapSkills.Users.IntegrationTests.csproj (in 39 ms).
         Restored /Users/dacanetdev/Dev/AIGenerated/RoadmapSkills/src/DeventSoft.RoadmapSkills.BlazorApp/DeventSoft.RoadmapSkills.BlazorApp.csproj (in 39 ms).
         Restored /Users/dacanetdev/Dev/AIGenerated/RoadmapSkills/src/DeventSoft.RoadmapSkills.Api/DeventSoft.RoadmapSkills.Api.csproj (in 39 ms).
         
         NuGet Config files used:
             /Users/dacanetdev/.nuget/NuGet/NuGet.Config
         
         Feeds used:
             https://api.nuget.org/v3/index.json
         All projects are up-to-date for restore.
       Done executing task "RestoreTask".
     1>Done building target "Restore" in project "RoadmapSkills.sln".
     1>Done Building Project "/Users/dacanetdev/Dev/AIGenerated/RoadmapSkills/RoadmapSkills.sln" (Restore target(s)).
     0>/Users/dacanetdev/Dev/AIGenerated/RoadmapSkills/RoadmapSkills.sln.metaproj : message : Property 'MSBuildExtensionsPath' with value '/usr/local/share/dotnet/sdk/9.0.200/' expanded from the environment.
       Property reassignment: $(_GenerateRestoreGraphProjectEntryInputProperties)="
             ExcludeRestorePackageImports=true;
             _RestoreSolutionFileUsed=true;
             SolutionDir=/Users/dacanetdev/Dev/AIGenerated/RoadmapSkills/;
             SolutionName=RoadmapSkills;
             SolutionFileName=RoadmapSkills.sln;
             SolutionPath=/Users/dacanetdev/Dev/AIGenerated/RoadmapSkills/RoadmapSkills.sln;
             SolutionExt=.sln;
           " (previous value: "ExcludeRestorePackageImports=true") at /usr/local/share/dotnet/sdk/9.0.200/NuGet.targets (101,5)
       The target "Store" listed in a BeforeTargets attribute at "/usr/local/share/dotnet/sdk/9.0.200/Current/SolutionFile/ImportAfter/Microsoft.NET.Sdk.Solution.targets (33,11)" does not exist in the project, and will be ignored.
       The target "VSTest" listed in a BeforeTargets attribute at "/usr/local/share/dotnet/sdk/9.0.200/Current/SolutionFile/ImportAfter/Microsoft.NET.Sdk.Solution.targets (33,11)" does not exist in the project, and will be ignored.
       The target "_CheckForInvalidConfigurationAndPlatform" listed in a BeforeTargets attribute at "/usr/local/share/dotnet/sdk/9.0.200/NuGet.targets (700,11)" does not exist in the project, and will be ignored.
   1:2>Project "/Users/dacanetdev/Dev/AIGenerated/RoadmapSkills/RoadmapSkills.sln" on node 1 (default targets).
   1:2>Target "ValidateSolutionConfiguration" in file "/Users/dacanetdev/Dev/AIGenerated/RoadmapSkills/RoadmapSkills.sln.metaproj" from project "/Users/dacanetdev/Dev/AIGenerated/RoadmapSkills/RoadmapSkills.sln" (entry point):
   1:2>Task "Error" skipped, due to false condition; (('$(CurrentSolutionConfigurationContents)' == '') and ('$(SkipInvalidConfigurations)' != 'true')) was evaluated as (('<SolutionConfiguration>
  <ProjectConfiguration Project="{05D2B5B0-7BBD-47AB-9222-E24BEE991F0E}" AbsolutePath="/Users/dacanetdev/Dev/AIGenerated/RoadmapSkills/src/Modules/Users/DeventSoft.RoadmapSkills.Users.Domain/DeventSoft.RoadmapSkills.Users.Domain.csproj" BuildProjectInSolution="True">Debug|AnyCPU</ProjectConfiguration>
  <ProjectConfiguration Project="{A7869022-FCA8-429E-87CB-AF85ED7BF6AD}" AbsolutePath="/Users/dacanetdev/Dev/AIGenerated/RoadmapSkills/src/Modules/Users/DeventSoft.RoadmapSkills.Users.Application/DeventSoft.RoadmapSkills.Users.Application.csproj" BuildProjectInSolution="True">Debug|AnyCPU</ProjectConfiguration>
  <ProjectConfiguration Project="{A140AC3B-C206-42C7-A0C0-8C5976201006}" AbsolutePath="/Users/dacanetdev/Dev/AIGenerated/RoadmapSkills/src/Modules/Users/DeventSoft.RoadmapSkills.Users.Infrastructure/DeventSoft.RoadmapSkills.Users.Infrastructure.csproj" BuildProjectInSolution="True">Debug|AnyCPU</ProjectConfiguration>
  <ProjectConfiguration Project="{3C07607C-A7B1-45B6-8A11-519C...' == '') and ('' != 'true')).
       Task "Warning" skipped, due to false condition; (('$(CurrentSolutionConfigurationContents)' == '') and ('$(SkipInvalidConfigurations)' == 'true')) was evaluated as (('<SolutionConfiguration>
         <ProjectConfiguration Project="{05D2B5B0-7BBD-47AB-9222-E24BEE991F0E}" AbsolutePath="/Users/dacanetdev/Dev/AIGenerated/RoadmapSkills/src/Modules/Users/DeventSoft.RoadmapSkills.Users.Domain/DeventSoft.RoadmapSkills.Users.Domain.csproj" BuildProjectInSolution="True">Debug|AnyCPU</ProjectConfiguration>
         <ProjectConfiguration Project="{A7869022-FCA8-429E-87CB-AF85ED7BF6AD}" AbsolutePath="/Users/dacanetdev/Dev/AIGenerated/RoadmapSkills/src/Modules/Users/DeventSoft.RoadmapSkills.Users.Application/DeventSoft.RoadmapSkills.Users.Application.csproj" BuildProjectInSolution="True">Debug|AnyCPU</ProjectConfiguration>
         <ProjectConfiguration Project="{A140AC3B-C206-42C7-A0C0-8C5976201006}" AbsolutePath="/Users/dacanetdev/Dev/AIGenerated/RoadmapSkills/src/Modules/Users/DeventSoft.RoadmapSkills.Users.Infrastructure/DeventSoft.RoadmapSkills.Users.Infrastructure.csproj" BuildProjectInSolution="True">Debug|AnyCPU</ProjectConfiguration>
         <ProjectConfiguration Project="{3C07607C-A7B1-45B6-8A11-519C...' == '') and ('' == 'true')).
       Using "Message" task from assembly "Microsoft.Build.Tasks.Core, Version=15.1.0.0, Culture=neutral, PublicKeyToken=b03f5f7f11d50a3a".
       Task "Message"
         Building solution configuration "Debug|Any CPU".
       Done executing task "Message".
   1:2>Done building target "ValidateSolutionConfiguration" in project "RoadmapSkills.sln".
   1:2>Target "ValidateToolsVersions" in file "/Users/dacanetdev/Dev/AIGenerated/RoadmapSkills/RoadmapSkills.sln.metaproj" from project "/Users/dacanetdev/Dev/AIGenerated/RoadmapSkills/RoadmapSkills.sln" (entry point):
       Task "Error" skipped, due to false condition; ('$(MSBuildToolsVersion)' == '2.0' and ('$(ProjectToolsVersion)' != '2.0' and '$(ProjectToolsVersion)' != '')) was evaluated as ('Current' == '2.0' and ('' != '2.0' and '' != '')).
   1:2>Done building target "ValidateToolsVersions" in project "RoadmapSkills.sln".
   1:2>Target "ValidateProjects" in file "/Users/dacanetdev/Dev/AIGenerated/RoadmapSkills/RoadmapSkills.sln.metaproj" from project "/Users/dacanetdev/Dev/AIGenerated/RoadmapSkills/RoadmapSkills.sln" (entry point):
   1:2>Done building target "ValidateProjects" in project "RoadmapSkills.sln".
       Target "_CheckForSolutionLevelRuntimeIdentifier" skipped, due to false condition; ('$(RuntimeIdentifier)' != '') was evaluated as ('' != '').
       Target "_CheckForSolutionLevelOutputPath" skipped, due to false condition; ('$(_CommandLineDefinedOutputPath)' == 'true') was evaluated as ('' == 'true').
   1:2>Target "Build" in file "/Users/dacanetdev/Dev/AIGenerated/RoadmapSkills/RoadmapSkills.sln.metaproj" from project "/Users/dacanetdev/Dev/AIGenerated/RoadmapSkills/RoadmapSkills.sln" (entry point):
       Using "MSBuild" task from assembly "Microsoft.Build.Tasks.Core, Version=15.1.0.0, Culture=neutral, PublicKeyToken=b03f5f7f11d50a3a".
       Task "MSBuild"
         Global Properties:
           BuildingSolutionFile=true
           CurrentSolutionConfigurationContents=<SolutionConfiguration>
           <ProjectConfiguration Project="{05D2B5B0-7BBD-47AB-9222-E24BEE991F0E}" AbsolutePath="/Users/dacanetdev/Dev/AIGenerated/RoadmapSkills/src/Modules/Users/DeventSoft.RoadmapSkills.Users.Domain/DeventSoft.RoadmapSkills.Users.Domain.csproj" BuildProjectInSolution="True">Debug|AnyCPU</ProjectConfiguration>
           <ProjectConfiguration Project="{A7869022-FCA8-429E-87CB-AF85ED7BF6AD}" AbsolutePath="/Users/dacanetdev/Dev/AIGenerated/RoadmapSkills/src/Modules/Users/DeventSoft.RoadmapSkills.Users.Application/DeventSoft.RoadmapSkills.Users.Application.csproj" BuildProjectInSolution="True">Debug|AnyCPU</ProjectConfiguration>
           <ProjectConfiguration Project="{A140AC3B-C206-42C7-A0C0-8C5976201006}" AbsolutePath="/Users/dacanetdev/Dev/AIGenerated/RoadmapSkills/src/Modules/Users/DeventSoft.RoadmapSkills.Users.Infrastructure/DeventSoft.RoadmapSkills.Users.Infrastructure.csproj" BuildProjectInSolution="True">Debug|AnyCPU</ProjectConfiguration>
           <ProjectConfiguration Project="{3C07607C-A7B1-45B6-8A11-519C6C88CBD2}" AbsolutePath="/Users/dacanetdev/Dev/AIGenerated/RoadmapSkills/src/Modules/Users/DeventSoft.RoadmapSkills.Users.Api/DeventSoft.RoadmapSkills.Users.Api.csproj" BuildProjectInSolution="True">Debug|AnyCPU</ProjectConfiguration>
           <ProjectConfiguration Project="{9798B2DC-6D4D-4D6F-AF28-27692E91E692}" AbsolutePath="/Users/dacanetdev/Dev/AIGenerated/RoadmapSkills/tests/Modules/Users/DeventSoft.RoadmapSkills.Users.UnitTests/DeventSoft.RoadmapSkills.Users.UnitTests.csproj" BuildProjectInSolution="True">Debug|AnyCPU</ProjectConfiguration>
           <ProjectConfiguration Project="{EFEF4427-84FD-4F20-969C-9250616C126A}" AbsolutePath="/Users/dacanetdev/Dev/AIGenerated/RoadmapSkills/tests/Modules/Users/DeventSoft.RoadmapSkills.Users.IntegrationTests/DeventSoft.RoadmapSkills.Users.IntegrationTests.csproj" BuildProjectInSolution="True">Debug|AnyCPU</ProjectConfiguration>
           <ProjectConfiguration Project="{3E65C3CE-C838-4495-A57D-EC7030DCAD6F}" AbsolutePath="/Users/dacanetdev/Dev/AIGenerated/RoadmapSkills/src/DeventSoft.RoadmapSkills.Api/DeventSoft.RoadmapSkills.Api.csproj" BuildProjectInSolution="True">Debug|AnyCPU</ProjectConfiguration>
           <ProjectConfiguration Project="{3D193776-67CA-42F9-8316-A32A679C8F07}" AbsolutePath="/Users/dacanetdev/Dev/AIGenerated/RoadmapSkills/src/DeventSoft.RoadmapSkills.BlazorApp/DeventSoft.RoadmapSkills.BlazorApp.csproj" BuildProjectInSolution="True">Debug|AnyCPU</ProjectConfiguration>
         </SolutionConfiguration>
           SolutionDir=/Users/dacanetdev/Dev/AIGenerated/RoadmapSkills/
           SolutionExt=.sln
           SolutionFileName=RoadmapSkills.sln
           SolutionName=RoadmapSkills
           SolutionPath=/Users/dacanetdev/Dev/AIGenerated/RoadmapSkills/RoadmapSkills.sln
         Additional Properties for project "/Users/dacanetdev/Dev/AIGenerated/RoadmapSkills/src/Modules/Users/DeventSoft.RoadmapSkills.Users.Domain/DeventSoft.RoadmapSkills.Users.Domain.csproj":
           Configuration=Debug
           Platform=AnyCPU
         Additional Properties for project "/Users/dacanetdev/Dev/AIGenerated/RoadmapSkills/src/Modules/Users/DeventSoft.RoadmapSkills.Users.Application/DeventSoft.RoadmapSkills.Users.Application.csproj":
           Configuration=Debug
           Platform=AnyCPU
         Additional Properties for project "/Users/dacanetdev/Dev/AIGenerated/RoadmapSkills/src/Modules/Users/DeventSoft.RoadmapSkills.Users.Infrastructure/DeventSoft.RoadmapSkills.Users.Infrastructure.csproj":
           Configuration=Debug
           Platform=AnyCPU
         Additional Properties for project "/Users/dacanetdev/Dev/AIGenerated/RoadmapSkills/src/Modules/Users/DeventSoft.RoadmapSkills.Users.Api/DeventSoft.RoadmapSkills.Users.Api.csproj":
           Configuration=Debug
           Platform=AnyCPU
         Additional Properties for project "/Users/dacanetdev/Dev/AIGenerated/RoadmapSkills/tests/Modules/Users/DeventSoft.RoadmapSkills.Users.UnitTests/DeventSoft.RoadmapSkills.Users.UnitTests.csproj":
           Configuration=Debug
           Platform=AnyCPU
         Additional Properties for project "/Users/dacanetdev/Dev/AIGenerated/RoadmapSkills/tests/Modules/Users/DeventSoft.RoadmapSkills.Users.IntegrationTests/DeventSoft.RoadmapSkills.Users.IntegrationTests.csproj":
           Configuration=Debug
           Platform=AnyCPU
         Additional Properties for project "/Users/dacanetdev/Dev/AIGenerated/RoadmapSkills/src/DeventSoft.RoadmapSkills.Api/DeventSoft.RoadmapSkills.Api.csproj":
           Configuration=Debug
           Platform=AnyCPU
         Additional Properties for project "/Users/dacanetdev/Dev/AIGenerated/RoadmapSkills/src/DeventSoft.RoadmapSkills.BlazorApp/DeventSoft.RoadmapSkills.BlazorApp.csproj":
           Configuration=Debug
           Platform=AnyCPU
     0>The SDK "Microsoft.NET.Sdk.Web" was successfully resolved by the "DefaultSdkResolver" resolver to location "/usr/local/share/dotnet/sdk/9.0.200/Sdks/Microsoft.NET.Sdk.Web/Sdk" and version "".
       /usr/local/share/dotnet/sdk/9.0.200/Sdks/Microsoft.NET.Sdk/Sdk/Sdk.props(49,11): message : Property 'MSBuildExtensionsPath' with value '/usr/local/share/dotnet/sdk/9.0.200/' expanded from the environment.
       /usr/local/share/dotnet/sdk/9.0.200/Sdks/Microsoft.NET.Sdk/Sdk/Sdk.props(49,11): message : Property 'MSBuildExtensionsPath' with value '/usr/local/share/dotnet/sdk/9.0.200/' expanded from the environment.
       /usr/local/share/dotnet/sdk/9.0.200/Sdks/Microsoft.NET.Sdk/Sdk/Sdk.props(49,11): message : Property 'MSBuildExtensionsPath' with value '/usr/local/share/dotnet/sdk/9.0.200/' expanded from the environment.
       /usr/local/share/dotnet/sdk/9.0.200/Sdks/Microsoft.NET.Sdk/Sdk/Sdk.props(49,11): message : Property 'MSBuildExtensionsPath' with value '/usr/local/share/dotnet/sdk/9.0.200/' expanded from the environment.
       /usr/local/share/dotnet/sdk/9.0.200/Sdks/Microsoft.NET.Sdk/Sdk/Sdk.props(49,11): message : Property 'MSBuildExtensionsPath' with value '/usr/local/share/dotnet/sdk/9.0.200/' expanded from the environment.
       Property reassignment: $(MSBuildProjectExtensionsPath)="/Users/dacanetdev/Dev/AIGenerated/RoadmapSkills/tests/Modules/Users/DeventSoft.RoadmapSkills.Users.UnitTests/obj/" (previous value: "obj\") at /usr/local/share/dotnet/sdk/9.0.200/Current/Microsoft.Common.props (60,5)
       Property reassignment: $(MSBuildProjectExtensionsPath)="/Users/dacanetdev/Dev/AIGenerated/RoadmapSkills/src/Modules/Users/DeventSoft.RoadmapSkills.Users.Infrastructure/obj/" (previous value: "obj\") at /usr/local/share/dotnet/sdk/9.0.200/Current/Microsoft.Common.props (60,5)
       Property reassignment: $(MSBuildProjectExtensionsPath)="/Users/dacanetdev/Dev/AIGenerated/RoadmapSkills/tests/Modules/Users/DeventSoft.RoadmapSkills.Users.IntegrationTests/obj/" (previous value: "obj\") at /usr/local/share/dotnet/sdk/9.0.200/Current/Microsoft.Common.props (60,5)
       Property reassignment: $(MSBuildProjectExtensionsPath)="/Users/dacanetdev/Dev/AIGenerated/RoadmapSkills/src/Modules/Users/DeventSoft.RoadmapSkills.Users.Domain/obj/" (previous value: "obj\") at /usr/local/share/dotnet/sdk/9.0.200/Current/Microsoft.Common.props (60,5)
       Property reassignment: $(MSBuildProjectExtensionsPath)="/Users/dacanetdev/Dev/AIGenerated/RoadmapSkills/src/DeventSoft.RoadmapSkills.Api/obj/" (previous value: "obj\") at /usr/local/share/dotnet/sdk/9.0.200/Current/Microsoft.Common.props (60,5)
       /usr/local/share/dotnet/sdk/9.0.200/Current/Microsoft.Common.props(84,119): message : Property 'MSBuildUserExtensionsPath' with value '/Users/dacanetdev/Library/Application Support/Microsoft\MSBuild' expanded from the environment.
       The SDK "Microsoft.NET.Sdk" was successfully resolved by the "DefaultSdkResolver" resolver to location "/usr/local/share/dotnet/sdk/9.0.200/Sdks/Microsoft.NET.Sdk/Sdk" and version "".
       /usr/local/share/dotnet/sdk/9.0.200/Sdks/Microsoft.NET.Sdk/Sdk/Sdk.props(49,11): message : Property 'MSBuildExtensionsPath' with value '/usr/local/share/dotnet/sdk/9.0.200/' expanded from the environment.
       /usr/local/share/dotnet/sdk/9.0.200/Current/Microsoft.Common.props(84,119): message : Property 'MSBuildUserExtensionsPath' with value '/Users/dacanetdev/Library/Application Support/Microsoft\MSBuild' expanded from the environment.
       The "Configuration" property is a global property, and cannot be modified.
       The "Platform" property is a global property, and cannot be modified.
       The "Configuration" property is a global property, and cannot be modified.
       The "Platform" property is a global property, and cannot be modified.
       Property reassignment: $(AssemblySearchPaths)="{CandidateAssemblyFiles};{HintPathFromItem}" (previous value: "{CandidateAssemblyFiles}") at /usr/local/share/dotnet/sdk/9.0.200/Sdks/Microsoft.NET.Sdk/targets/Microsoft.NET.Sdk.props (90,5)
       Property reassignment: $(AssemblySearchPaths)="{CandidateAssemblyFiles};{HintPathFromItem};{TargetFrameworkDirectory}" (previous value: "{CandidateAssemblyFiles};{HintPathFromItem}") at /usr/local/share/dotnet/sdk/9.0.200/Sdks/Microsoft.NET.Sdk/targets/Microsoft.NET.Sdk.props (91,5)
       Property reassignment: $(AssemblySearchPaths)="{CandidateAssemblyFiles};{HintPathFromItem};{TargetFrameworkDirectory};{RawFileName}" (previous value: "{CandidateAssemblyFiles};{HintPathFromItem};{TargetFrameworkDirectory}") at /usr/local/share/dotnet/sdk/9.0.200/Sdks/Microsoft.NET.Sdk/targets/Microsoft.NET.Sdk.props (92,5)
       The "Configuration" property is a global property, and cannot be modified.
       The "Platform" property is a global property, and cannot be modified.
       The "Configuration" property is a global property, and cannot be modified.
       The "Platform" property is a global property, and cannot be modified.
       Property reassignment: $(AssemblySearchPaths)="{CandidateAssemblyFiles};{HintPathFromItem}" (previous value: "{CandidateAssemblyFiles}") at /usr/local/share/dotnet/sdk/9.0.200/Sdks/Microsoft.NET.Sdk/targets/Microsoft.NET.Sdk.props (90,5)
       Property reassignment: $(AssemblySearchPaths)="{CandidateAssemblyFiles};{HintPathFromItem};{TargetFrameworkDirectory}" (previous value: "{CandidateAssemblyFiles};{HintPathFromItem}") at /usr/local/share/dotnet/sdk/9.0.200/Sdks/Microsoft.NET.Sdk/targets/Microsoft.NET.Sdk.props (91,5)
       Property reassignment: $(AssemblySearchPaths)="{CandidateAssemblyFiles};{HintPathFromItem};{TargetFrameworkDirectory};{RawFileName}" (previous value: "{CandidateAssemblyFiles};{HintPathFromItem};{TargetFrameworkDirectory}") at /usr/local/share/dotnet/sdk/9.0.200/Sdks/Microsoft.NET.Sdk/targets/Microsoft.NET.Sdk.props (92,5)
       /usr/local/share/dotnet/sdk/9.0.200/Sdks/Microsoft.NET.Sdk/Sdk/Sdk.props(49,11): message : Property 'MSBuildExtensionsPath' with value '/usr/local/share/dotnet/sdk/9.0.200/' expanded from the environment.
       Property reassignment: $(MSBuildProjectExtensionsPath)="/Users/dacanetdev/Dev/AIGenerated/RoadmapSkills/src/Modules/Users/DeventSoft.RoadmapSkills.Users.Application/obj/" (previous value: "obj\") at /usr/local/share/dotnet/sdk/9.0.200/Current/Microsoft.Common.props (60,5)
       /usr/local/share/dotnet/sdk/9.0.200/Current/Microsoft.Common.props(84,119): message : Property 'MSBuildUserExtensionsPath' with value '/Users/dacanetdev/Library/Application Support/Microsoft\MSBuild' expanded from the environment.
       The "Configuration" property is a global property, and cannot be modified.
       The "Platform" property is a global property, and cannot be modified.
       The "Configuration" property is a global property, and cannot be modified.
       The "Platform" property is a global property, and cannot be modified.
       Property reassignment: $(AssemblySearchPaths)="{CandidateAssemblyFiles};{HintPathFromItem}" (previous value: "{CandidateAssemblyFiles}") at /usr/local/share/dotnet/sdk/9.0.200/Sdks/Microsoft.NET.Sdk/targets/Microsoft.NET.Sdk.props (90,5)
       Property reassignment: $(AssemblySearchPaths)="{CandidateAssemblyFiles};{HintPathFromItem};{TargetFrameworkDirectory}" (previous value: "{CandidateAssemblyFiles};{HintPathFromItem}") at /usr/local/share/dotnet/sdk/9.0.200/Sdks/Microsoft.NET.Sdk/targets/Microsoft.NET.Sdk.props (91,5)
       Property reassignment: $(AssemblySearchPaths)="{CandidateAssemblyFiles};{HintPathFromItem};{TargetFrameworkDirectory};{RawFileName}" (previous value: "{CandidateAssemblyFiles};{HintPathFromItem};{TargetFrameworkDirectory}") at /usr/local/share/dotnet/sdk/9.0.200/Sdks/Microsoft.NET.Sdk/targets/Microsoft.NET.Sdk.props (92,5)
       /usr/local/share/dotnet/sdk/9.0.200/Sdks/Microsoft.NET.Sdk/Sdk/Sdk.props(49,11): message : Property 'MSBuildExtensionsPath' with value '/usr/local/share/dotnet/sdk/9.0.200/' expanded from the environment.
       Property reassignment: $(MSBuildProjectExtensionsPath)="/Users/dacanetdev/Dev/AIGenerated/RoadmapSkills/src/Modules/Users/DeventSoft.RoadmapSkills.Users.Api/obj/" (previous value: "obj\") at /usr/local/share/dotnet/sdk/9.0.200/Current/Microsoft.Common.props (60,5)
       Property reassignment: $(OpenApiGenerateDocumentsOnBuild)="false" (previous value: "") at /Users/dacanetdev/.nuget/packages/swashbuckle.aspnetcore/6.4.0/build/Swashbuckle.AspNetCore.props (3,5)
       /usr/local/share/dotnet/sdk/9.0.200/Current/Microsoft.Common.props(84,119): message : Property 'MSBuildUserExtensionsPath' with value '/Users/dacanetdev/Library/Application Support/Microsoft\MSBuild' expanded from the environment.
       Property reassignment: $(MSBuildProjectExtensionsPath)="/Users/dacanetdev/Dev/AIGenerated/RoadmapSkills/src/DeventSoft.RoadmapSkills.BlazorApp/obj/" (previous value: "obj\") at /usr/local/share/dotnet/sdk/9.0.200/Current/Microsoft.Common.props (60,5)
       The "Configuration" property is a global property, and cannot be modified.
       The "Platform" property is a global property, and cannot be modified.
       The "Configuration" property is a global property, and cannot be modified.
       The "Platform" property is a global property, and cannot be modified.
       Property reassignment: $(AssemblySearchPaths)="{CandidateAssemblyFiles};{HintPathFromItem}" (previous value: "{CandidateAssemblyFiles}") at /usr/local/share/dotnet/sdk/9.0.200/Sdks/Microsoft.NET.Sdk/targets/Microsoft.NET.Sdk.props (90,5)
       Property reassignment: $(AssemblySearchPaths)="{CandidateAssemblyFiles};{HintPathFromItem};{TargetFrameworkDirectory}" (previous value: "{CandidateAssemblyFiles};{HintPathFromItem}") at /usr/local/share/dotnet/sdk/9.0.200/Sdks/Microsoft.NET.Sdk/targets/Microsoft.NET.Sdk.props (91,5)
       Property reassignment: $(AssemblySearchPaths)="{CandidateAssemblyFiles};{HintPathFromItem};{TargetFrameworkDirectory};{RawFileName}" (previous value: "{CandidateAssemblyFiles};{HintPathFromItem};{TargetFrameworkDirectory}") at /usr/local/share/dotnet/sdk/9.0.200/Sdks/Microsoft.NET.Sdk/targets/Microsoft.NET.Sdk.props (92,5)
       /usr/local/share/dotnet/sdk/9.0.200/Current/Microsoft.Common.props(84,119): message : Property 'MSBuildUserExtensionsPath' with value '/Users/dacanetdev/Library/Application Support/Microsoft\MSBuild' expanded from the environment.
       The "Configuration" property is a global property, and cannot be modified.
       The "Platform" property is a global property, and cannot be modified.
       The "Configuration" property is a global property, and cannot be modified.
       The "Platform" property is a global property, and cannot be modified.
       Property reassignment: $(AssemblySearchPaths)="{CandidateAssemblyFiles};{HintPathFromItem}" (previous value: "{CandidateAssemblyFiles}") at /usr/local/share/dotnet/sdk/9.0.200/Sdks/Microsoft.NET.Sdk/targets/Microsoft.NET.Sdk.props (90,5)
       Property reassignment: $(AssemblySearchPaths)="{CandidateAssemblyFiles};{HintPathFromItem};{TargetFrameworkDirectory}" (previous value: "{CandidateAssemblyFiles};{HintPathFromItem}") at /usr/local/share/dotnet/sdk/9.0.200/Sdks/Microsoft.NET.Sdk/targets/Microsoft.NET.Sdk.props (91,5)
       Property reassignment: $(AssemblySearchPaths)="{CandidateAssemblyFiles};{HintPathFromItem};{TargetFrameworkDirectory};{RawFileName}" (previous value: "{CandidateAssemblyFiles};{HintPathFromItem};{TargetFrameworkDirectory}") at /usr/local/share/dotnet/sdk/9.0.200/Sdks/Microsoft.NET.Sdk/targets/Microsoft.NET.Sdk.props (92,5)
       /usr/local/share/dotnet/sdk/9.0.200/Current/Microsoft.Common.props(84,119): message : Property 'MSBuildUserExtensionsPath' with value '/Users/dacanetdev/Library/Application Support/Microsoft\MSBuild' expanded from the environment.
       The "Configuration" property is a global property, and cannot be modified.
       The "Platform" property is a global property, and cannot be modified.
       The "Configuration" property is a global property, and cannot be modified.
       The "Platform" property is a global property, and cannot be modified.
       Property reassignment: $(AssemblySearchPaths)="{CandidateAssemblyFiles};{HintPathFromItem}" (previous value: "{CandidateAssemblyFiles}") at /usr/local/share/dotnet/sdk/9.0.200/Sdks/Microsoft.NET.Sdk/targets/Microsoft.NET.Sdk.props (90,5)
       Property reassignment: $(AssemblySearchPaths)="{CandidateAssemblyFiles};{HintPathFromItem};{TargetFrameworkDirectory}" (previous value: "{CandidateAssemblyFiles};{HintPathFromItem}") at /usr/local/share/dotnet/sdk/9.0.200/Sdks/Microsoft.NET.Sdk/targets/Microsoft.NET.Sdk.props (91,5)
       Property reassignment: $(AssemblySearchPaths)="{CandidateAssemblyFiles};{HintPathFromItem};{TargetFrameworkDirectory};{RawFileName}" (previous value: "{CandidateAssemblyFiles};{HintPathFromItem};{TargetFrameworkDirectory}") at /usr/local/share/dotnet/sdk/9.0.200/Sdks/Microsoft.NET.Sdk/targets/Microsoft.NET.Sdk.props (92,5)
       Property reassignment: $(TargetsForTfmSpecificContentInPackage)=";PackTool;_PackProjectToolValidation" (previous value: ";PackTool") at /usr/local/share/dotnet/sdk/9.0.200/Sdks/Microsoft.NET.Sdk/targets/Microsoft.NET.PackProjectTool.props (15,5)
       The "Configuration" property is a global property, and cannot be modified.
       The "Platform" property is a global property, and cannot be modified.
       Property reassignment: $(PublishProfileImported)="false" (previous value: "true") at /usr/local/share/dotnet/sdk/9.0.200/Sdks/Microsoft.NET.Sdk/targets/Microsoft.NET.Sdk.ImportPublishProfile.targets (28,5)
       Property reassignment: $(TargetPlatformVersion)="" (previous value: "0.0") at /usr/local/share/dotnet/sdk/9.0.200/Sdks/Microsoft.NET.Sdk/targets/Microsoft.NET.TargetFrameworkInference.targets (69,5)
       Property reassignment: $(TargetsForTfmSpecificContentInPackage)=";PackTool;_PackProjectToolValidation" (previous value: ";PackTool") at /usr/local/share/dotnet/sdk/9.0.200/Sdks/Microsoft.NET.Sdk/targets/Microsoft.NET.PackProjectTool.props (15,5)
       Property reassignment: $(TargetsForTfmSpecificContentInPackage)=";PackTool;_PackProjectToolValidation" (previous value: ";PackTool") at /usr/local/share/dotnet/sdk/9.0.200/Sdks/Microsoft.NET.Sdk/targets/Microsoft.NET.PackProjectTool.props (15,5)
       The "Configuration" property is a global property, and cannot be modified.
       The "Platform" property is a global property, and cannot be modified.
       Property reassignment: $(PublishProfileImported)="false" (previous value: "true") at /usr/local/share/dotnet/sdk/9.0.200/Sdks/Microsoft.NET.Sdk/targets/Microsoft.NET.Sdk.ImportPublishProfile.targets (28,5)
       Property reassignment: $(TargetPlatformVersion)="" (previous value: "0.0") at /usr/local/share/dotnet/sdk/9.0.200/Sdks/Microsoft.NET.Sdk/targets/Microsoft.NET.TargetFrameworkInference.targets (69,5)
       /usr/local/share/dotnet/sdk/9.0.200/Current/Microsoft.Common.props(84,119): message : Property 'MSBuildUserExtensionsPath' with value '/Users/dacanetdev/Library/Application Support/Microsoft\MSBuild' expanded from the environment.
       Property reassignment: $(TargetsForTfmSpecificContentInPackage)=";PackTool;_PackProjectToolValidation" (previous value: ";PackTool") at /usr/local/share/dotnet/sdk/9.0.200/Sdks/Microsoft.NET.Sdk/targets/Microsoft.NET.PackProjectTool.props (15,5)
       The "Configuration" property is a global property, and cannot be modified.
       The "Platform" property is a global property, and cannot be modified.
       Property reassignment: $(PublishProfileImported)="false" (previous value: "true") at /usr/local/share/dotnet/sdk/9.0.200/Sdks/Microsoft.NET.Sdk/targets/Microsoft.NET.Sdk.ImportPublishProfile.targets (28,5)
       Property reassignment: $(TargetPlatformVersion)="" (previous value: "0.0") at /usr/local/share/dotnet/sdk/9.0.200/Sdks/Microsoft.NET.Sdk/targets/Microsoft.NET.TargetFrameworkInference.targets (69,5)
       Property reassignment: $(TargetsForTfmSpecificContentInPackage)=";PackTool;_PackProjectToolValidation" (previous value: ";PackTool") at /usr/local/share/dotnet/sdk/9.0.200/Sdks/Microsoft.NET.Sdk/targets/Microsoft.NET.PackProjectTool.props (15,5)
       Property reassignment: $(DefaultItemExcludes)=";**\node_modules\**;node_modules\**;**\jspm_packages\**;jspm_packages\**" (previous value: ";**\node_modules\**;node_modules\**") at /usr/local/share/dotnet/sdk/9.0.200/Sdks/Microsoft.NET.Sdk.StaticWebAssets/Sdk/Sdk.StaticWebAssets.StaticAssets.ProjectSystem.props (23,5)
       Property reassignment: $(DefaultItemExcludes)=";**\node_modules\**;node_modules\**;**\jspm_packages\**;jspm_packages\**;**\bower_components\**;bower_components\**" (previous value: ";**\node_modules\**;node_modules\**;**\jspm_packages\**;jspm_packages\**") at /usr/local/share/dotnet/sdk/9.0.200/Sdks/Microsoft.NET.Sdk.StaticWebAssets/Sdk/Sdk.StaticWebAssets.StaticAssets.ProjectSystem.props (24,5)
       The "Configuration" property is a global property, and cannot be modified.
       The "Platform" property is a global property, and cannot be modified.
       Property reassignment: $(PublishProfileImported)="false" (previous value: "true") at /usr/local/share/dotnet/sdk/9.0.200/Sdks/Microsoft.NET.Sdk/targets/Microsoft.NET.Sdk.ImportPublishProfile.targets (28,5)
       Property reassignment: $(TargetPlatformVersion)="" (previous value: "0.0") at /usr/local/share/dotnet/sdk/9.0.200/Sdks/Microsoft.NET.Sdk/targets/Microsoft.NET.TargetFrameworkInference.targets (69,5)
       The "Configuration" property is a global property, and cannot be modified.
       The "Platform" property is a global property, and cannot be modified.
       Property reassignment: $(TargetsForTfmSpecificContentInPackage)=";PackTool;_PackProjectToolValidation" (previous value: ";PackTool") at /usr/local/share/dotnet/sdk/9.0.200/Sdks/Microsoft.NET.Sdk/targets/Microsoft.NET.PackProjectTool.props (15,5)
       The "Configuration" property is a global property, and cannot be modified.
       The "Platform" property is a global property, and cannot be modified.
       Property reassignment: $(PublishProfileImported)="false" (previous value: "true") at /usr/local/share/dotnet/sdk/9.0.200/Sdks/Microsoft.NET.Sdk/targets/Microsoft.NET.Sdk.ImportPublishProfile.targets (28,5)
       Property reassignment: $(TargetPlatformVersion)="" (previous value: "0.0") at /usr/local/share/dotnet/sdk/9.0.200/Sdks/Microsoft.NET.Sdk/targets/Microsoft.NET.TargetFrameworkInference.targets (69,5)
       Property reassignment: $(DefaultItemExcludes)=";bin\Debug//**;obj\Debug//**" (previous value: ";bin\Debug//**") at /usr/local/share/dotnet/sdk/9.0.200/Sdks/Microsoft.NET.Sdk/targets/Microsoft.NET.DefaultOutputPaths.targets (122,5)
       Property reassignment: $(DefaultItemExcludes)=";**\node_modules\**;node_modules\**;**\jspm_packages\**;jspm_packages\**;**\bower_components\**;bower_components\**;**\packages.lock.json" (previous value: ";**\node_modules\**;node_modules\**;**\jspm_packages\**;jspm_packages\**;**\bower_components\**;bower_components\**") at /usr/local/share/dotnet/sdk/9.0.200/Sdks/Microsoft.NET.Sdk.StaticWebAssets/Sdk/Sdk.StaticWebAssets.StaticAssets.ProjectSystem.props (25,5)
       The "Configuration" property is a global property, and cannot be modified.
       The "Platform" property is a global property, and cannot be modified.
       Property reassignment: $(AssemblySearchPaths)="{CandidateAssemblyFiles};{HintPathFromItem}" (previous value: "{CandidateAssemblyFiles}") at /usr/local/share/dotnet/sdk/9.0.200/Sdks/Microsoft.NET.Sdk/targets/Microsoft.NET.Sdk.props (90,5)
       Property reassignment: $(AssemblySearchPaths)="{CandidateAssemblyFiles};{HintPathFromItem};{TargetFrameworkDirectory}" (previous value: "{CandidateAssemblyFiles};{HintPathFromItem}") at /usr/local/share/dotnet/sdk/9.0.200/Sdks/Microsoft.NET.Sdk/targets/Microsoft.NET.Sdk.props (91,5)
       Property reassignment: $(AssemblySearchPaths)="{CandidateAssemblyFiles};{HintPathFromItem};{TargetFrameworkDirectory};{RawFileName}" (previous value: "{CandidateAssemblyFiles};{HintPathFromItem};{TargetFrameworkDirectory}") at /usr/local/share/dotnet/sdk/9.0.200/Sdks/Microsoft.NET.Sdk/targets/Microsoft.NET.Sdk.props (92,5)
       Property reassignment: $(OutputPath)="bin\Debug/net8.0/" (previous value: "bin\Debug/") at /usr/local/share/dotnet/sdk/9.0.200/Sdks/Microsoft.NET.Sdk/targets/Microsoft.NET.DefaultOutputPaths.targets (137,5)
       Property reassignment: $(IntermediateOutputPath)="obj\Debug/net8.0/" (previous value: "obj\Debug/") at /usr/local/share/dotnet/sdk/9.0.200/Sdks/Microsoft.NET.Sdk/targets/Microsoft.NET.DefaultOutputPaths.targets (142,5)
       Property reassignment: $(_FrameworkIdentifierForImplicitDefine)="NET" (previous value: "NETCOREAPP") at /usr/local/share/dotnet/sdk/9.0.200/Sdks/Microsoft.NET.Sdk/targets/Microsoft.NET.Sdk.BeforeCommon.targets (187,5)
       Property reassignment: $(_FrameworkVersionForImplicitDefine)="8_0" (previous value: "8.0") at /usr/local/share/dotnet/sdk/9.0.200/Sdks/Microsoft.NET.Sdk/targets/Microsoft.NET.Sdk.BeforeCommon.targets (192,5)
       Property reassignment: $(CommandLineArgsForDesignTimeEvaluation)="-langversion:12.0 -define:TRACE" (previous value: "-langversion:12.0") at /usr/local/share/dotnet/sdk/9.0.200/Roslyn/Microsoft.CSharp.Core.targets (200,5)
       Property reassignment: $(DefaultItemExcludes)=";bin\Debug//**;obj\Debug//**" (previous value: ";bin\Debug//**") at /usr/local/share/dotnet/sdk/9.0.200/Sdks/Microsoft.NET.Sdk/targets/Microsoft.NET.DefaultOutputPaths.targets (122,5)
       Property reassignment: $(OpenApiGenerateDocumentsOnBuild)="false" (previous value: "") at /Users/dacanetdev/.nuget/packages/swashbuckle.aspnetcore/6.4.0/build/Swashbuckle.AspNetCore.props (3,5)
       Property reassignment: $(OutputPath)="bin\Debug/net8.0/" (previous value: "bin\Debug/") at /usr/local/share/dotnet/sdk/9.0.200/Sdks/Microsoft.NET.Sdk/targets/Microsoft.NET.DefaultOutputPaths.targets (137,5)
       Property reassignment: $(IntermediateOutputPath)="obj\Debug/net8.0/" (previous value: "obj\Debug/") at /usr/local/share/dotnet/sdk/9.0.200/Sdks/Microsoft.NET.Sdk/targets/Microsoft.NET.DefaultOutputPaths.targets (142,5)
       Property reassignment: $(_FrameworkIdentifierForImplicitDefine)="NET" (previous value: "NETCOREAPP") at /usr/local/share/dotnet/sdk/9.0.200/Sdks/Microsoft.NET.Sdk/targets/Microsoft.NET.Sdk.BeforeCommon.targets (187,5)
       Property reassignment: $(DefaultItemExcludes)=";bin\Debug//**;obj\Debug//**" (previous value: ";bin\Debug//**") at /usr/local/share/dotnet/sdk/9.0.200/Sdks/Microsoft.NET.Sdk/targets/Microsoft.NET.DefaultOutputPaths.targets (122,5)
       Property reassignment: $(_FrameworkVersionForImplicitDefine)="8_0" (previous value: "8.0") at /usr/local/share/dotnet/sdk/9.0.200/Sdks/Microsoft.NET.Sdk/targets/Microsoft.NET.Sdk.BeforeCommon.targets (192,5)
       Property reassignment: $(OutputPath)="bin\Debug/net8.0/" (previous value: "bin\Debug/") at /usr/local/share/dotnet/sdk/9.0.200/Sdks/Microsoft.NET.Sdk/targets/Microsoft.NET.DefaultOutputPaths.targets (137,5)
       Property reassignment: $(CommandLineArgsForDesignTimeEvaluation)="-langversion:12.0 -define:TRACE" (previous value: "-langversion:12.0") at /usr/local/share/dotnet/sdk/9.0.200/Roslyn/Microsoft.CSharp.Core.targets (200,5)
       Property reassignment: $(IntermediateOutputPath)="obj\Debug/net8.0/" (previous value: "obj\Debug/") at /usr/local/share/dotnet/sdk/9.0.200/Sdks/Microsoft.NET.Sdk/targets/Microsoft.NET.DefaultOutputPaths.targets (142,5)
       Property reassignment: $(_FrameworkIdentifierForImplicitDefine)="NET" (previous value: "NETCOREAPP") at /usr/local/share/dotnet/sdk/9.0.200/Sdks/Microsoft.NET.Sdk/targets/Microsoft.NET.Sdk.BeforeCommon.targets (187,5)
       /usr/local/share/dotnet/sdk/9.0.200/Current/Microsoft.Common.props(84,119): message : Property 'MSBuildUserExtensionsPath' with value '/Users/dacanetdev/Library/Application Support/Microsoft\MSBuild' expanded from the environment.
       Property reassignment: $(DefaultItemExcludes)=";bin\Debug//**;obj\Debug//**" (previous value: ";bin\Debug//**") at /usr/local/share/dotnet/sdk/9.0.200/Sdks/Microsoft.NET.Sdk/targets/Microsoft.NET.DefaultOutputPaths.targets (122,5)
       Property reassignment: $(_FrameworkVersionForImplicitDefine)="8_0" (previous value: "8.0") at /usr/local/share/dotnet/sdk/9.0.200/Sdks/Microsoft.NET.Sdk/targets/Microsoft.NET.Sdk.BeforeCommon.targets (192,5)
       The "Configuration" property is a global property, and cannot be modified.
       The "Platform" property is a global property, and cannot be modified.
       The "Configuration" property is a global property, and cannot be modified.
       The "Platform" property is a global property, and cannot be modified.
       Property reassignment: $(AssemblySearchPaths)="{CandidateAssemblyFiles};{HintPathFromItem}" (previous value: "{CandidateAssemblyFiles}") at /usr/local/share/dotnet/sdk/9.0.200/Sdks/Microsoft.NET.Sdk/targets/Microsoft.NET.Sdk.props (90,5)
       Property reassignment: $(OutputPath)="bin\Debug/net8.0/" (previous value: "bin\Debug/") at /usr/local/share/dotnet/sdk/9.0.200/Sdks/Microsoft.NET.Sdk/targets/Microsoft.NET.DefaultOutputPaths.targets (137,5)
       Property reassignment: $(IntermediateOutputPath)="obj\Debug/net8.0/" (previous value: "obj\Debug/") at /usr/local/share/dotnet/sdk/9.0.200/Sdks/Microsoft.NET.Sdk/targets/Microsoft.NET.DefaultOutputPaths.targets (142,5)
       Property reassignment: $(AssemblySearchPaths)="{CandidateAssemblyFiles};{HintPathFromItem};{TargetFrameworkDirectory}" (previous value: "{CandidateAssemblyFiles};{HintPathFromItem}") at /usr/local/share/dotnet/sdk/9.0.200/Sdks/Microsoft.NET.Sdk/targets/Microsoft.NET.Sdk.props (91,5)
       Property reassignment: $(_FrameworkIdentifierForImplicitDefine)="NET" (previous value: "NETCOREAPP") at /usr/local/share/dotnet/sdk/9.0.200/Sdks/Microsoft.NET.Sdk/targets/Microsoft.NET.Sdk.BeforeCommon.targets (187,5)
       Property reassignment: $(AssemblySearchPaths)="{CandidateAssemblyFiles};{HintPathFromItem};{TargetFrameworkDirectory};{RawFileName}" (previous value: "{CandidateAssemblyFiles};{HintPathFromItem};{TargetFrameworkDirectory}") at /usr/local/share/dotnet/sdk/9.0.200/Sdks/Microsoft.NET.Sdk/targets/Microsoft.NET.Sdk.props (92,5)
       Property reassignment: $(_FrameworkVersionForImplicitDefine)="8_0" (previous value: "8.0") at /usr/local/share/dotnet/sdk/9.0.200/Sdks/Microsoft.NET.Sdk/targets/Microsoft.NET.Sdk.BeforeCommon.targets (192,5)
       Property reassignment: $(CommandLineArgsForDesignTimeEvaluation)="-langversion:12.0 -define:TRACE" (previous value: "-langversion:12.0") at /usr/local/share/dotnet/sdk/9.0.200/Roslyn/Microsoft.CSharp.Core.targets (200,5)
       Property reassignment: $(CommandLineArgsForDesignTimeEvaluation)="-langversion:12.0 -define:TRACE" (previous value: "-langversion:12.0") at /usr/local/share/dotnet/sdk/9.0.200/Roslyn/Microsoft.CSharp.Core.targets (200,5)
       Property reassignment: $(OutputType)="Exe" (previous value: "Library") at /usr/local/share/dotnet/sdk/9.0.200/Sdks/Microsoft.NET.Sdk.Web.ProjectSystem/targets/Microsoft.NET.Sdk.Web.ProjectSystem.props (16,5)
       The "Configuration" property is a global property, and cannot be modified.
       Property reassignment: $(DefaultItemExcludes)=";bin\Debug//**;obj\Debug//**" (previous value: ";bin\Debug//**") at /usr/local/share/dotnet/sdk/9.0.200/Sdks/Microsoft.NET.Sdk/targets/Microsoft.NET.DefaultOutputPaths.targets (122,5)
       The "Platform" property is a global property, and cannot be modified.
       Property reassignment: $(OutputPath)="bin\Debug/net8.0/" (previous value: "bin\Debug/") at /usr/local/share/dotnet/sdk/9.0.200/Sdks/Microsoft.NET.Sdk/targets/Microsoft.NET.DefaultOutputPaths.targets (137,5)
       Property reassignment: $(PublishProfileImported)="false" (previous value: "true") at /usr/local/share/dotnet/sdk/9.0.200/Sdks/Microsoft.NET.Sdk/targets/Microsoft.NET.Sdk.ImportPublishProfile.targets (28,5)
       Property reassignment: $(IntermediateOutputPath)="obj\Debug/net8.0/" (previous value: "obj\Debug/") at /usr/local/share/dotnet/sdk/9.0.200/Sdks/Microsoft.NET.Sdk/targets/Microsoft.NET.DefaultOutputPaths.targets (142,5)
       Property reassignment: $(TargetPlatformVersion)="" (previous value: "0.0") at /usr/local/share/dotnet/sdk/9.0.200/Sdks/Microsoft.NET.Sdk/targets/Microsoft.NET.TargetFrameworkInference.targets (69,5)
       Property reassignment: $(DefaultItemExcludes)=";**\node_modules\**;node_modules\**;**\jspm_packages\**;jspm_packages\**;**\bower_components\**;bower_components\**;**\packages.lock.json;bin\Debug//**" (previous value: ";**\node_modules\**;node_modules\**;**\jspm_packages\**;jspm_packages\**;**\bower_components\**;bower_components\**;**\packages.lock.json") at /usr/local/share/dotnet/sdk/9.0.200/Sdks/Microsoft.NET.Sdk/targets/Microsoft.NET.DefaultOutputPaths.targets (121,5)
       Property reassignment: $(DefaultItemExcludes)=";**\node_modules\**;node_modules\**;**\jspm_packages\**;jspm_packages\**;**\bower_components\**;bower_components\**;**\packages.lock.json;bin\Debug//**;obj\Debug//**" (previous value: ";**\node_modules\**;node_modules\**;**\jspm_packages\**;jspm_packages\**;**\bower_components\**;bower_components\**;**\packages.lock.json;bin\Debug//**") at /usr/local/share/dotnet/sdk/9.0.200/Sdks/Microsoft.NET.Sdk/targets/Microsoft.NET.DefaultOutputPaths.targets (122,5)
       Property reassignment: $(OutputPath)="bin\Debug/net8.0/" (previous value: "bin\Debug/") at /usr/local/share/dotnet/sdk/9.0.200/Sdks/Microsoft.NET.Sdk/targets/Microsoft.NET.DefaultOutputPaths.targets (137,5)
       Property reassignment: $(IntermediateOutputPath)="obj\Debug/net8.0/" (previous value: "obj\Debug/") at /usr/local/share/dotnet/sdk/9.0.200/Sdks/Microsoft.NET.Sdk/targets/Microsoft.NET.DefaultOutputPaths.targets (142,5)
       The "Platform" property is a global property, and cannot be modified.
       The "Configuration" property is a global property, and cannot be modified.
       The "Platform" property is a global property, and cannot be modified.
       The "Configuration" property is a global property, and cannot be modified.
       The SDK "Microsoft.NET.Sdk.Razor" was successfully resolved by the "DefaultSdkResolver" resolver to location "/usr/local/share/dotnet/sdk/9.0.200/Sdks/Microsoft.NET.Sdk.Razor/Sdk" and version "".
       The "Platform" property is a global property, and cannot be modified.
       The "Configuration" property is a global property, and cannot be modified.
       Property reassignment: $(TargetsForTfmSpecificContentInPackage)=";PackTool;_PackProjectToolValidation" (previous value: ";PackTool") at /usr/local/share/dotnet/sdk/9.0.200/Sdks/Microsoft.NET.Sdk/targets/Microsoft.NET.PackProjectTool.props (15,5)
       The "Platform" property is a global property, and cannot be modified.
       The "Configuration" property is a global property, and cannot be modified.
       Property reassignment: $(_DebugSymbolsProduced)="true" (previous value: "false") at /usr/local/share/dotnet/sdk/9.0.200/Microsoft.Common.CurrentVersion.targets (175,5)
       Property reassignment: $(_DocumentationFileProduced)="false" (previous value: "true") at /usr/local/share/dotnet/sdk/9.0.200/Microsoft.Common.CurrentVersion.targets (185,5)
       The SDK "Microsoft.NET.Sdk.StaticWebAssets" was successfully resolved by the "DefaultSdkResolver" resolver to location "/usr/local/share/dotnet/sdk/9.0.200/Sdks/Microsoft.NET.Sdk.StaticWebAssets/Sdk" and version "".
       Property reassignment: $(_DebugSymbolsProduced)="true" (previous value: "false") at /usr/local/share/dotnet/sdk/9.0.200/Microsoft.Common.CurrentVersion.targets (175,5)
       Property reassignment: $(_DebugSymbolsProduced)="true" (previous value: "false") at /usr/local/share/dotnet/sdk/9.0.200/Microsoft.Common.CurrentVersion.targets (175,5)
       Property reassignment: $(_DocumentationFileProduced)="false" (previous value: "true") at /usr/local/share/dotnet/sdk/9.0.200/Microsoft.Common.CurrentVersion.targets (185,5)
       Property reassignment: $(_DocumentationFileProduced)="false" (previous value: "true") at /usr/local/share/dotnet/sdk/9.0.200/Microsoft.Common.CurrentVersion.targets (185,5)
       Property reassignment: $(_DebugSymbolsProduced)="true" (previous value: "false") at /usr/local/share/dotnet/sdk/9.0.200/Microsoft.Common.CurrentVersion.targets (175,5)
       Property reassignment: $(_DocumentationFileProduced)="false" (previous value: "true") at /usr/local/share/dotnet/sdk/9.0.200/Microsoft.Common.CurrentVersion.targets (185,5)
       Property reassignment: $(_FrameworkIdentifierForImplicitDefine)="NET" (previous value: "NETCOREAPP") at /usr/local/share/dotnet/sdk/9.0.200/Sdks/Microsoft.NET.Sdk/targets/Microsoft.NET.Sdk.BeforeCommon.targets (187,5)
       Property reassignment: $(_FrameworkVersionForImplicitDefine)="8_0" (previous value: "8.0") at /usr/local/share/dotnet/sdk/9.0.200/Sdks/Microsoft.NET.Sdk/targets/Microsoft.NET.Sdk.BeforeCommon.targets (192,5)
       The "SolutionName" property is a global property, and cannot be modified.
       The "SolutionFileName" property is a global property, and cannot be modified.
       The "SolutionPath" property is a global property, and cannot be modified.
       The "SolutionDir" property is a global property, and cannot be modified.
       The "SolutionExt" property is a global property, and cannot be modified.
       Property reassignment: $(MSBuildCopyMarkerName)="DeventSo.ABB2E51D" (previous value: "DeventSoft.RoadmapSkills.Users.Domain.csproj") at /usr/local/share/dotnet/sdk/9.0.200/Microsoft.Common.CurrentVersion.targets (392,5)
       Property reassignment: $(MSBuildCopyMarkerName)="DeventSo.ABB2E51D.Up2Date" (previous value: "DeventSo.ABB2E51D") at /usr/local/share/dotnet/sdk/9.0.200/Microsoft.Common.CurrentVersion.targets (393,5)
       The "SolutionName" property is a global property, and cannot be modified.
       The "SolutionFileName" property is a global property, and cannot be modified.
       The "SolutionPath" property is a global property, and cannot be modified.
       The "SolutionDir" property is a global property, and cannot be modified.
       The "SolutionExt" property is a global property, and cannot be modified.
       The "SolutionName" property is a global property, and cannot be modified.
       The "SolutionFileName" property is a global property, and cannot be modified.
       The "SolutionPath" property is a global property, and cannot be modified.
       The "SolutionDir" property is a global property, and cannot be modified.
       The "SolutionExt" property is a global property, and cannot be modified.
       Property reassignment: $(MSBuildCopyMarkerName)="DeventSo.7E712D75" (previous value: "DeventSoft.RoadmapSkills.Users.IntegrationTests.csproj") at /usr/local/share/dotnet/sdk/9.0.200/Microsoft.Common.CurrentVersion.targets (392,5)
       Property reassignment: $(MSBuildCopyMarkerName)="DeventSo.7E712D75.Up2Date" (previous value: "DeventSo.7E712D75") at /usr/local/share/dotnet/sdk/9.0.200/Microsoft.Common.CurrentVersion.targets (393,5)
       Property reassignment: $(ProcessorArchitecture)="msil" (previous value: "") at /usr/local/share/dotnet/sdk/9.0.200/Microsoft.Common.CurrentVersion.targets (541,5)
       Property reassignment: $(DelaySign)="" (previous value: "false") at /usr/local/share/dotnet/sdk/9.0.200/Microsoft.Common.CurrentVersion.targets (580,5)
       The "SolutionName" property is a global property, and cannot be modified.
       The "SolutionFileName" property is a global property, and cannot be modified.
       The "SolutionPath" property is a global property, and cannot be modified.
       The "SolutionDir" property is a global property, and cannot be modified.
       The "SolutionExt" property is a global property, and cannot be modified.
       Property reassignment: $(MSBuildCopyMarkerName)="DeventSo.F38307BF" (previous value: "DeventSoft.RoadmapSkills.Users.Infrastructure.csproj") at /usr/local/share/dotnet/sdk/9.0.200/Microsoft.Common.CurrentVersion.targets (392,5)
       Property reassignment: $(MSBuildCopyMarkerName)="DeventSo.F38307BF.Up2Date" (previous value: "DeventSo.F38307BF") at /usr/local/share/dotnet/sdk/9.0.200/Microsoft.Common.CurrentVersion.targets (393,5)
       Property reassignment: $(ProcessorArchitecture)="msil" (previous value: "") at /usr/local/share/dotnet/sdk/9.0.200/Microsoft.Common.CurrentVersion.targets (541,5)
       Property reassignment: $(DelaySign)="" (previous value: "false") at /usr/local/share/dotnet/sdk/9.0.200/Microsoft.Common.CurrentVersion.targets (580,5)
       /usr/local/share/dotnet/sdk/9.0.200/Microsoft.Common.CurrentVersion.targets(2590,5): message : Property 'LocalAppData' with value '/Users/dacanetdev/Library/Application Support' expanded from the environment.
       /usr/local/share/dotnet/sdk/9.0.200/Microsoft.Common.CurrentVersion.targets(2590,5): message : Property 'LocalAppData' with value '/Users/dacanetdev/Library/Application Support' expanded from the environment.
       Property reassignment: $(CommandLineArgsForDesignTimeEvaluation)="-langversion:12.0 -define:TRACE" (previous value: "-langversion:12.0") at /usr/local/share/dotnet/sdk/9.0.200/Roslyn/Microsoft.CSharp.Core.targets (200,5)
       The "Platform" property is a global property, and cannot be modified.
       The "Configuration" property is a global property, and cannot be modified.
       Property reassignment: $(_SGenGenerateSerializationAssembliesConfig)="Auto" (previous value: "") at /usr/local/share/dotnet/sdk/9.0.200/Microsoft.Common.CurrentVersion.targets (3916,5)
       Property reassignment: $(_SGenGenerateSerializationAssembliesConfig)="Off" (previous value: "Auto") at /usr/local/share/dotnet/sdk/9.0.200/Microsoft.Common.CurrentVersion.targets (3917,5)
       Property reassignment: $(_TargetsThatPrepareProjectReferences)="
             AssignProjectConfiguration;
             _SplitProjectReferencesByFileExistence
           " (previous value: "_SplitProjectReferencesByFileExistence") at /usr/local/share/dotnet/sdk/9.0.200/Microsoft.Common.CurrentVersion.targets (5128,5)
       /usr/local/share/dotnet/sdk/9.0.200/Microsoft.Common.CurrentVersion.targets(6923,5): message : Property 'MSBuildExtensionsPath32' with value '/usr/local/share/dotnet/sdk/9.0.200' expanded from the environment.
       Property reassignment: $(_SGenGenerateSerializationAssembliesConfig)="Auto" (previous value: "") at /usr/local/share/dotnet/sdk/9.0.200/Microsoft.Common.CurrentVersion.targets (3916,5)
       Property reassignment: $(_SGenGenerateSerializationAssembliesConfig)="Off" (previous value: "Auto") at /usr/local/share/dotnet/sdk/9.0.200/Microsoft.Common.CurrentVersion.targets (3917,5)
       Property reassignment: $(_TargetsThatPrepareProjectReferences)="
             AssignProjectConfiguration;
             _SplitProjectReferencesByFileExistence
           " (previous value: "_SplitProjectReferencesByFileExistence") at /usr/local/share/dotnet/sdk/9.0.200/Microsoft.Common.CurrentVersion.targets (5128,5)
       /usr/local/share/dotnet/sdk/9.0.200/Microsoft.Common.CurrentVersion.targets(6923,5): message : Property 'MSBuildExtensionsPath32' with value '/usr/local/share/dotnet/sdk/9.0.200' expanded from the environment.
       The "DefaultSdkResolver" resolver attempted to resolve the SDK "Microsoft.NET.SDK.WorkloadAutoImportPropsLocator".
       Warnings: null
       Errors: MSB4276: The default SDK resolver failed to resolve SDK "Microsoft.NET.SDK.WorkloadAutoImportPropsLocator" because directory "/usr/local/share/dotnet/sdk/9.0.200/Sdks/Microsoft.NET.SDK.WorkloadAutoImportPropsLocator/Sdk" did not exist.
       Property reassignment: $(_DebugSymbolsProduced)="true" (previous value: "false") at /usr/local/share/dotnet/sdk/9.0.200/Microsoft.Common.CurrentVersion.targets (175,5)
       Property reassignment: $(OutputType)="Exe" (previous value: "Library") at /Users/dacanetdev/.nuget/packages/microsoft.net.test.sdk/17.8.0/build/netcoreapp3.1/Microsoft.NET.Test.Sdk.targets (20,5)
       Property reassignment: $(_DocumentationFileProduced)="false" (previous value: "true") at /usr/local/share/dotnet/sdk/9.0.200/Microsoft.Common.CurrentVersion.targets (185,5)
       Property reassignment: $(_CoverletSourceRootTargetName)="InitializeSourceRootMappedPaths" (previous value: "CoverletGetPathMap") at /Users/dacanetdev/.nuget/packages/coverlet.collector/6.0.0/build/netstandard1.0/coverlet.collector.targets (31,5)
       The "SolutionName" property is a global property, and cannot be modified.
       Property reassignment: $(HasRuntimeOutput)="true" (previous value: "") at /usr/local/share/dotnet/sdk/9.0.200/Sdks/Microsoft.NET.Sdk/targets/Microsoft.NET.Sdk.Common.targets (37,5)
       The "SolutionFileName" property is a global property, and cannot be modified.
       The "SolutionPath" property is a global property, and cannot be modified.
       Property reassignment: $(ProjectAssetsCacheFile)="/Users/dacanetdev/Dev/AIGenerated/RoadmapSkills/tests/Modules/Users/DeventSoft.RoadmapSkills.Users.IntegrationTests/obj/Debug/net8.0/DeventSoft.RoadmapSkills.Users.IntegrationTests.assets.cache" (previous value: "obj\Debug/net8.0/DeventSoft.RoadmapSkills.Users.IntegrationTests.assets.cache") at /usr/local/share/dotnet/sdk/9.0.200/Sdks/Microsoft.NET.Sdk/targets/Microsoft.PackageDependencyResolution.targets (29,5)
       The "SolutionDir" property is a global property, and cannot be modified.
       Property reassignment: $(ResolveAssemblyReferencesDependsOn)="
             
             ResolveProjectReferences;
             FindInvalidProjectReferences;
             GetFrameworkPaths;
             GetReferenceAssemblyPaths;
             PrepareForBuild;
             ResolveSDKReferences;
             ExpandSDKReferences;
           ;
             ResolvePackageDependenciesForBuild;
             _HandlePackageFileConflicts;
           " (previous value: "
             ResolveProjectReferences;
             FindInvalidProjectReferences;
             GetFrameworkPaths;
             GetReferenceAssemblyPaths;
             PrepareForBuild;
             ResolveSDKReferences;
             ExpandSDKReferences;
           ") at /usr/local/share/dotnet/sdk/9.0.200/Sdks/Microsoft.NET.Sdk/targets/Microsoft.PackageDependencyResolution.targets (80,5)
       The "SolutionExt" property is a global property, and cannot be modified.
       Property reassignment: $(PrepareResourcesDependsOn)="
             ResolvePackageDependenciesForBuild;
             _HandlePackageFileConflicts;
             
             ;
             PrepareResourceNames;
             ResGen;
             CompileLicxFiles
           
           " (previous value: "
             ;
             PrepareResourceNames;
             ResGen;
             CompileLicxFiles
           ") at /usr/local/share/dotnet/sdk/9.0.200/Sdks/Microsoft.NET.Sdk/targets/Microsoft.PackageDependencyResolution.targets (86,5)
       Property reassignment: $(MSBuildCopyMarkerName)="DeventSo.4CEF0A3C" (previous value: "DeventSoft.RoadmapSkills.Api.csproj") at /usr/local/share/dotnet/sdk/9.0.200/Microsoft.Common.CurrentVersion.targets (392,5)
       Property reassignment: $(DefaultItemExcludes)=";bin\Debug//**;obj\Debug//**;bin\/**" (previous value: ";bin\Debug//**;obj\Debug//**") at /usr/local/share/dotnet/sdk/9.0.200/Sdks/Microsoft.NET.Sdk/targets/Microsoft.NET.Sdk.DefaultItems.targets (27,5)
       Property reassignment: $(MSBuildCopyMarkerName)="DeventSo.4CEF0A3C.Up2Date" (previous value: "DeventSo.4CEF0A3C") at /usr/local/share/dotnet/sdk/9.0.200/Microsoft.Common.CurrentVersion.targets (393,5)
       Property reassignment: $(DefaultItemExcludes)=";bin\Debug//**;obj\Debug//**;bin\/**;obj\/**" (previous value: ";bin\Debug//**;obj\Debug//**;bin\/**") at /usr/local/share/dotnet/sdk/9.0.200/Sdks/Microsoft.NET.Sdk/targets/Microsoft.NET.Sdk.DefaultItems.targets (29,5)
       Property reassignment: $(ProcessorArchitecture)="msil" (previous value: "") at /usr/local/share/dotnet/sdk/9.0.200/Microsoft.Common.CurrentVersion.targets (541,5)
       Property reassignment: $(DelaySign)="" (previous value: "false") at /usr/local/share/dotnet/sdk/9.0.200/Microsoft.Common.CurrentVersion.targets (580,5)
       /usr/local/share/dotnet/sdk/9.0.200/Microsoft.Common.CurrentVersion.targets(2590,5): message : Property 'LocalAppData' with value '/Users/dacanetdev/Library/Application Support' expanded from the environment.
       Property reassignment: $(_FrameworkIdentifierForImplicitDefine)="NET" (previous value: "NETCOREAPP") at /usr/local/share/dotnet/sdk/9.0.200/Sdks/Microsoft.NET.Sdk/targets/Microsoft.NET.Sdk.BeforeCommon.targets (187,5)
       Property reassignment: $(_SGenGenerateSerializationAssembliesConfig)="Auto" (previous value: "") at /usr/local/share/dotnet/sdk/9.0.200/Microsoft.Common.CurrentVersion.targets (3916,5)
       Property reassignment: $(_FrameworkVersionForImplicitDefine)="8_0" (previous value: "8.0") at /usr/local/share/dotnet/sdk/9.0.200/Sdks/Microsoft.NET.Sdk/targets/Microsoft.NET.Sdk.BeforeCommon.targets (192,5)
       Property reassignment: $(_SGenGenerateSerializationAssembliesConfig)="Off" (previous value: "Auto") at /usr/local/share/dotnet/sdk/9.0.200/Microsoft.Common.CurrentVersion.targets (3917,5)
       Property reassignment: $(_TargetsThatPrepareProjectReferences)="
             AssignProjectConfiguration;
             _SplitProjectReferencesByFileExistence
           " (previous value: "_SplitProjectReferencesByFileExistence") at /usr/local/share/dotnet/sdk/9.0.200/Microsoft.Common.CurrentVersion.targets (5128,5)
       Property reassignment: $(ProjectAssetsCacheFile)="/Users/dacanetdev/Dev/AIGenerated/RoadmapSkills/src/Modules/Users/DeventSoft.RoadmapSkills.Users.Infrastructure/obj/Debug/net8.0/DeventSoft.RoadmapSkills.Users.Infrastructure.assets.cache" (previous value: "obj\Debug/net8.0/DeventSoft.RoadmapSkills.Users.Infrastructure.assets.cache") at /usr/local/share/dotnet/sdk/9.0.200/Sdks/Microsoft.NET.Sdk/targets/Microsoft.PackageDependencyResolution.targets (29,5)
       /usr/local/share/dotnet/sdk/9.0.200/Microsoft.Common.CurrentVersion.targets(6923,5): message : Property 'MSBuildExtensionsPath32' with value '/usr/local/share/dotnet/sdk/9.0.200' expanded from the environment.
       Property reassignment: $(ResolveAssemblyReferencesDependsOn)="
             
             ResolveProjectReferences;
             FindInvalidProjectReferences;
             GetFrameworkPaths;
             GetReferenceAssemblyPaths;
             PrepareForBuild;
             ResolveSDKReferences;
             ExpandSDKReferences;
           ;
             ResolvePackageDependenciesForBuild;
             _HandlePackageFileConflicts;
           " (previous value: "
             ResolveProjectReferences;
             FindInvalidProjectReferences;
             GetFrameworkPaths;
             GetReferenceAssemblyPaths;
             PrepareForBuild;
             ResolveSDKReferences;
             ExpandSDKReferences;
           ") at /usr/local/share/dotnet/sdk/9.0.200/Sdks/Microsoft.NET.Sdk/targets/Microsoft.PackageDependencyResolution.targets (80,5)
       Property reassignment: $(PrepareResourcesDependsOn)="
             ResolvePackageDependenciesForBuild;
             _HandlePackageFileConflicts;
             
             ;
             PrepareResourceNames;
             ResGen;
             CompileLicxFiles
           
           " (previous value: "
             ;
             PrepareResourceNames;
             ResGen;
             CompileLicxFiles
           ") at /usr/local/share/dotnet/sdk/9.0.200/Sdks/Microsoft.NET.Sdk/targets/Microsoft.PackageDependencyResolution.targets (86,5)
       Property reassignment: $(DefaultItemExcludes)=";bin\Debug//**;obj\Debug//**;bin\/**;obj\/**;**/*.user" (previous value: ";bin\Debug//**;obj\Debug//**;bin\/**;obj\/**") at /usr/local/share/dotnet/sdk/9.0.200/Sdks/Microsoft.NET.Sdk/targets/Microsoft.NET.Sdk.DefaultItems.targets (32,5)
       Property reassignment: $(DefaultItemExcludes)=";bin\Debug//**;obj\Debug//**;bin\/**;obj\/**;**/*.user;**/*.*proj" (previous value: ";bin\Debug//**;obj\Debug//**;bin\/**;obj\/**;**/*.user") at /usr/local/share/dotnet/sdk/9.0.200/Sdks/Microsoft.NET.Sdk/targets/Microsoft.NET.Sdk.DefaultItems.targets (33,5)
       Property reassignment: $(DefaultItemExcludes)=";bin\Debug//**;obj\Debug//**;bin\/**;obj\/**;**/*.user;**/*.*proj;**/*.sln" (previous value: ";bin\Debug//**;obj\Debug//**;bin\/**;obj\/**;**/*.user;**/*.*proj") at /usr/local/share/dotnet/sdk/9.0.200/Sdks/Microsoft.NET.Sdk/targets/Microsoft.NET.Sdk.DefaultItems.targets (34,5)
       Property reassignment: $(DefaultItemExcludes)=";bin\Debug//**;obj\Debug//**;bin\/**;obj\/**;**/*.user;**/*.*proj;**/*.sln;**/*.vssscc" (previous value: ";bin\Debug//**;obj\Debug//**;bin\/**;obj\/**;**/*.user;**/*.*proj;**/*.sln") at /usr/local/share/dotnet/sdk/9.0.200/Sdks/Microsoft.NET.Sdk/targets/Microsoft.NET.Sdk.DefaultItems.targets (35,5)
       Property reassignment: $(DefaultItemExcludes)=";bin\Debug//**;obj\Debug//**;bin\/**;obj\/**;**/*.user;**/*.*proj;**/*.sln;**/*.vssscc;**/.DS_Store" (previous value: ";bin\Debug//**;obj\Debug//**;bin\/**;obj\/**;**/*.user;**/*.*proj;**/*.sln;**/*.vssscc") at /usr/local/share/dotnet/sdk/9.0.200/Sdks/Microsoft.NET.Sdk/targets/Microsoft.NET.Sdk.DefaultItems.targets (36,5)
       Property reassignment: $(ResolveAssemblyReferencesDependsOn)="
             
             
             ResolveProjectReferences;
             FindInvalidProjectReferences;
             GetFrameworkPaths;
             GetReferenceAssemblyPaths;
             PrepareForBuild;
             ResolveSDKReferences;
             ExpandSDKReferences;
           ;
             ResolvePackageDependenciesForBuild;
             _HandlePackageFileConflicts;
           ;
             ResolveTargetingPackAssets;
           " (previous value: "
             
             ResolveProjectReferences;
             FindInvalidProjectReferences;
             GetFrameworkPaths;
             GetReferenceAssemblyPaths;
             PrepareForBuild;
             ResolveSDKReferences;
             ExpandSDKReferences;
           ;
             ResolvePackageDependenciesForBuild;
             _HandlePackageFileConflicts;
           ") at /usr/local/share/dotnet/sdk/9.0.200/Sdks/Microsoft.NET.Sdk/targets/Microsoft.NET.Sdk.FrameworkReferenceResolution.targets (14,5)
       Property reassignment: $(_GenerateRuntimeConfigurationPropertyInputsCache)="/Users/dacanetdev/Dev/AIGenerated/RoadmapSkills/tests/Modules/Users/DeventSoft.RoadmapSkills.Users.IntegrationTests/obj/Debug/net8.0/DeventSoft.RoadmapSkills.Users.IntegrationTests.genruntimeconfig.cache" (previous value: "obj\Debug/net8.0/DeventSoft.RoadmapSkills.Users.IntegrationTests.genruntimeconfig.cache") at /usr/local/share/dotnet/sdk/9.0.200/Sdks/Microsoft.NET.Sdk/targets/Microsoft.NET.Sdk.targets (44,5)
       Property reassignment: $(_GeneratePublishDependencyFilePropertyInputsCache)="/Users/dacanetdev/Dev/AIGenerated/RoadmapSkills/tests/Modules/Users/DeventSoft.RoadmapSkills.Users.IntegrationTests/obj/Debug/net8.0/DeventSoft.RoadmapSkills.Users.IntegrationTests.genpublishdeps.cache" (previous value: "obj\Debug/net8.0/DeventSoft.RoadmapSkills.Users.IntegrationTests.genpublishdeps.cache") at /usr/local/share/dotnet/sdk/9.0.200/Sdks/Microsoft.NET.Sdk/targets/Microsoft.NET.Sdk.targets (46,5)
       Property reassignment: $(CommandLineArgsForDesignTimeEvaluation)="-langversion:12.0 -define:TRACE" (previous value: "-langversion:12.0") at /usr/local/share/dotnet/sdk/9.0.200/Roslyn/Microsoft.CSharp.Core.targets (200,5)
       The "Platform" property is a global property, and cannot be modified.
       The "Configuration" property is a global property, and cannot be modified.
       Property reassignment: $(DefaultItemExcludes)=";bin\Debug//**;obj\Debug//**;bin\/**" (previous value: ";bin\Debug//**;obj\Debug//**") at /usr/local/share/dotnet/sdk/9.0.200/Sdks/Microsoft.NET.Sdk/targets/Microsoft.NET.Sdk.DefaultItems.targets (27,5)
       Property reassignment: $(DefaultItemExcludes)=";bin\Debug//**;obj\Debug//**;bin\/**;obj\/**" (previous value: ";bin\Debug//**;obj\Debug//**;bin\/**") at /usr/local/share/dotnet/sdk/9.0.200/Sdks/Microsoft.NET.Sdk/targets/Microsoft.NET.Sdk.DefaultItems.targets (29,5)
       Property reassignment: $(DefaultItemExcludes)=";bin\Debug//**;obj\Debug//**;bin\/**;obj\/**;**/*.user" (previous value: ";bin\Debug//**;obj\Debug//**;bin\/**;obj\/**") at /usr/local/share/dotnet/sdk/9.0.200/Sdks/Microsoft.NET.Sdk/targets/Microsoft.NET.Sdk.DefaultItems.targets (32,5)
       Property reassignment: $(DefaultItemExcludes)=";bin\Debug//**;obj\Debug//**;bin\/**;obj\/**;**/*.user;**/*.*proj" (previous value: ";bin\Debug//**;obj\Debug//**;bin\/**;obj\/**;**/*.user") at /usr/local/share/dotnet/sdk/9.0.200/Sdks/Microsoft.NET.Sdk/targets/Microsoft.NET.Sdk.DefaultItems.targets (33,5)
       Property reassignment: $(DefaultItemExcludes)=";bin\Debug//**;obj\Debug//**;bin\/**;obj\/**;**/*.user;**/*.*proj;**/*.sln" (previous value: ";bin\Debug//**;obj\Debug//**;bin\/**;obj\/**;**/*.user;**/*.*proj") at /usr/local/share/dotnet/sdk/9.0.200/Sdks/Microsoft.NET.Sdk/targets/Microsoft.NET.Sdk.DefaultItems.targets (34,5)
       Property reassignment: $(OpenApiGenerateDocuments)="true" (previous value: "") at /Users/dacanetdev/.nuget/packages/microsoft.extensions.apidescription.server/6.0.5/build/Microsoft.Extensions.ApiDescription.Server.targets (9,5)
       Property reassignment: $(DefaultItemExcludes)=";bin\Debug//**;obj\Debug//**;bin\/**;obj\/**;**/*.user;**/*.*proj;**/*.sln;**/*.vssscc" (previous value: ";bin\Debug//**;obj\Debug//**;bin\/**;obj\/**;**/*.user;**/*.*proj;**/*.sln") at /usr/local/share/dotnet/sdk/9.0.200/Sdks/Microsoft.NET.Sdk/targets/Microsoft.NET.Sdk.DefaultItems.targets (35,5)
       Property reassignment: $(DefaultItemExcludes)=";bin\Debug//**;obj\Debug//**;bin\/**;obj\/**;**/*.user;**/*.*proj;**/*.sln;**/*.vssscc;**/.DS_Store" (previous value: ";bin\Debug//**;obj\Debug//**;bin\/**;obj\/**;**/*.user;**/*.*proj;**/*.sln;**/*.vssscc") at /usr/local/share/dotnet/sdk/9.0.200/Sdks/Microsoft.NET.Sdk/targets/Microsoft.NET.Sdk.DefaultItems.targets (36,5)
       Property reassignment: $(ResolveAssemblyReferencesDependsOn)="
             
             
             ResolveProjectReferences;
             FindInvalidProjectReferences;
             GetFrameworkPaths;
             GetReferenceAssemblyPaths;
             PrepareForBuild;
             ResolveSDKReferences;
             ExpandSDKReferences;
           ;
             ResolvePackageDependenciesForBuild;
             _HandlePackageFileConflicts;
           ;
             ResolveTargetingPackAssets;
           " (previous value: "
             
             ResolveProjectReferences;
             FindInvalidProjectReferences;
             GetFrameworkPaths;
             GetReferenceAssemblyPaths;
             PrepareForBuild;
             ResolveSDKReferences;
             ExpandSDKReferences;
           ;
             ResolvePackageDependenciesForBuild;
             _HandlePackageFileConflicts;
           ") at /usr/local/share/dotnet/sdk/9.0.200/Sdks/Microsoft.NET.Sdk/targets/Microsoft.NET.Sdk.FrameworkReferenceResolution.targets (14,5)
       Property reassignment: $(_GenerateSingleFileBundlePropertyInputsCache)="/Users/dacanetdev/Dev/AIGenerated/RoadmapSkills/tests/Modules/Users/DeventSoft.RoadmapSkills.Users.IntegrationTests/obj/Debug/net8.0/DeventSoft.RoadmapSkills.Users.IntegrationTests.genbundle.cache" (previous value: "obj\Debug/net8.0/DeventSoft.RoadmapSkills.Users.IntegrationTests.genbundle.cache") at /usr/local/share/dotnet/sdk/9.0.200/Sdks/Microsoft.NET.Sdk/targets/Microsoft.NET.Sdk.targets (48,5)
       Property reassignment: $(GenerateRuntimeConfigDevFile)="false" (previous value: "true") at /usr/local/share/dotnet/sdk/9.0.200/Sdks/Microsoft.NET.Sdk/targets/Microsoft.NET.Sdk.targets (81,5)
       /usr/local/share/dotnet/sdk/9.0.200/Sdks/Microsoft.NET.Sdk/targets/Microsoft.NET.Sdk.targets(96,5): message : Property 'HOME' with value '/Users/dacanetdev' expanded from the environment.
       Property reassignment: $(_DefaultUserProfileRuntimeStorePath)="/Users/dacanetdev/.dotnet/store" (previous value: "/Users/dacanetdev") at /usr/local/share/dotnet/sdk/9.0.200/Sdks/Microsoft.NET.Sdk/targets/Microsoft.NET.Sdk.targets (98,5)
       Property reassignment: $(AvailablePlatforms)="Any CPU,x86,x64,ARM32" (previous value: "Any CPU,x86,x64") at /usr/local/share/dotnet/sdk/9.0.200/Sdks/Microsoft.NET.Sdk/targets/Microsoft.NET.Sdk.targets (140,5)
       Property reassignment: $(AvailablePlatforms)="Any CPU,x86,x64,ARM32,ARM64" (previous value: "Any CPU,x86,x64,ARM32") at /usr/local/share/dotnet/sdk/9.0.200/Sdks/Microsoft.NET.Sdk/targets/Microsoft.NET.Sdk.targets (144,5)
       Property reassignment: $(CoreBuildDependsOn)="
             _CheckForBuildWithNoBuild;
             
             BuildOnlySettings;
             PrepareForBuild;
             PreBuildEvent;
             ResolveReferences;
             PrepareResources;
             ResolveKeySource;
             Compile;
             ExportWindowsMDFile;
             UnmanagedUnregistration;
             GenerateSerializationAssemblies;
             CreateSatelliteAssemblies;
             GenerateManifests;
             GetTargetPath;
             PrepareForRun;
             UnmanagedRegistration;
             IncrementalClean;
             PostBuildEvent
           ;
             GenerateBuildDependencyFile;
             GenerateBuildRuntimeConfigurationFiles
           " (previous value: "
             BuildOnlySettings;
             PrepareForBuild;
             PreBuildEvent;
             ResolveReferences;
             PrepareResources;
             ResolveKeySource;
             Compile;
             ExportWindowsMDFile;
             UnmanagedUnregistration;
             GenerateSerializationAssemblies;
             CreateSatelliteAssemblies;
             GenerateManifests;
             GetTargetPath;
             PrepareForRun;
             UnmanagedRegistration;
             IncrementalClean;
             PostBuildEvent
           ") at /usr/local/share/dotnet/sdk/9.0.200/Sdks/Microsoft.NET.Sdk/targets/Microsoft.NET.Sdk.targets (201,5)
       Property reassignment: $(CoreCleanDependsOn)="
             _SdkBeforeClean;
             
           " (previous value: "") at /usr/local/share/dotnet/sdk/9.0.200/Sdks/Microsoft.NET.Sdk/targets/Microsoft.NET.Sdk.targets (210,5)
       Property reassignment: $(RebuildDependsOn)="
             _SdkBeforeRebuild;
             
             BeforeRebuild;
             Clean;
             Build;
             AfterRebuild;
           
           " (previous value: "
             BeforeRebuild;
             Clean;
             Build;
             AfterRebuild;
           ") at /usr/local/share/dotnet/sdk/9.0.200/Sdks/Microsoft.NET.Sdk/targets/Microsoft.NET.Sdk.targets (217,5)
       Property reassignment: $(CompileDependsOn)="
             
             ResolveReferences;
             ResolveKeySource;
             SetWin32ManifestProperties;
             _SetPreferNativeArm64Win32ManifestProperties;
             FindReferenceAssembliesForReferences;
             _GenerateCompileInputs;
             BeforeCompile;
             _TimeStampBeforeCompile;
             _GenerateCompileDependencyCache;
             CoreCompile;
             _TimeStampAfterCompile;
             AfterCompile;
           ;
             _CreateAppHost;
             _CreateComHost;
             _GetIjwHostPaths;
           " (previous value: "
             ResolveReferences;
             ResolveKeySource;
             SetWin32ManifestProperties;
             _SetPreferNativeArm64Win32ManifestProperties;
             FindReferenceAssembliesForReferences;
             _GenerateCompileInputs;
             BeforeCompile;
             _TimeStampBeforeCompile;
             _GenerateCompileDependencyCache;
             CoreCompile;
             _TimeStampAfterCompile;
             AfterCompile;
           ") at /usr/local/share/dotnet/sdk/9.0.200/Sdks/Microsoft.NET.Sdk/targets/Microsoft.NET.Sdk.targets (784,5)
       Property reassignment: $(_GenerateRuntimeConfigurationPropertyInputsCache)="/Users/dacanetdev/Dev/AIGenerated/RoadmapSkills/src/Modules/Users/DeventSoft.RoadmapSkills.Users.Infrastructure/obj/Debug/net8.0/DeventSoft.RoadmapSkills.Users.Infrastructure.genruntimeconfig.cache" (previous value: "obj\Debug/net8.0/DeventSoft.RoadmapSkills.Users.Infrastructure.genruntimeconfig.cache") at /usr/local/share/dotnet/sdk/9.0.200/Sdks/Microsoft.NET.Sdk/targets/Microsoft.NET.Sdk.targets (44,5)
       Property reassignment: $(_DebugSymbolsProduced)="true" (previous value: "false") at /usr/local/share/dotnet/sdk/9.0.200/Microsoft.Common.CurrentVersion.targets (175,5)
       Property reassignment: $(_DocumentationFileProduced)="false" (previous value: "true") at /usr/local/share/dotnet/sdk/9.0.200/Microsoft.Common.CurrentVersion.targets (185,5)
       The "SolutionName" property is a global property, and cannot be modified.
       The "SolutionFileName" property is a global property, and cannot be modified.
       The "SolutionPath" property is a global property, and cannot be modified.
       The "SolutionDir" property is a global property, and cannot be modified.
       The "SolutionExt" property is a global property, and cannot be modified.
       Property reassignment: $(MSBuildCopyMarkerName)="DeventSo.FBAD8B3A" (previous value: "DeventSoft.RoadmapSkills.Users.Application.csproj") at /usr/local/share/dotnet/sdk/9.0.200/Microsoft.Common.CurrentVersion.targets (392,5)
       Property reassignment: $(MSBuildCopyMarkerName)="DeventSo.FBAD8B3A.Up2Date" (previous value: "DeventSo.FBAD8B3A") at /usr/local/share/dotnet/sdk/9.0.200/Microsoft.Common.CurrentVersion.targets (393,5)
       Property reassignment: $(ProcessorArchitecture)="msil" (previous value: "") at /usr/local/share/dotnet/sdk/9.0.200/Microsoft.Common.CurrentVersion.targets (541,5)
       Property reassignment: $(CreateSatelliteAssembliesDependsOn)="
             
             ;
             _GenerateSatelliteAssemblyInputs;
             ComputeIntermediateSatelliteAssemblies;
             GenerateSatelliteAssemblies
           ;
             CoreGenerateSatelliteAssemblies
           " (previous value: "
             ;
             _GenerateSatelliteAssemblyInputs;
             ComputeIntermediateSatelliteAssemblies;
             GenerateSatelliteAssemblies
           ") at /usr/local/share/dotnet/sdk/9.0.200/Sdks/Microsoft.NET.Sdk/targets/Microsoft.NET.Sdk.targets (1184,5)
       Property reassignment: $(SourceLinkUrlInitializerTargets)=";_InitializeGitHubSourceLinkUrl;_InitializeGitLabSourceLinkUrl" (previous value: ";_InitializeGitHubSourceLinkUrl") at /usr/local/share/dotnet/sdk/9.0.200/Sdks/Microsoft.SourceLink.GitLab/build/Microsoft.SourceLink.GitLab.targets (12,5)
       Property reassignment: $(SourceControlManagerUrlTranslationTargets)=";TranslateGitHubUrlsInSourceControlInformation;TranslateGitLabUrlsInSourceControlInformation" (previous value: ";TranslateGitHubUrlsInSourceControlInformation") at /usr/local/share/dotnet/sdk/9.0.200/Sdks/Microsoft.SourceLink.GitLab/build/Microsoft.SourceLink.GitLab.targets (13,5)
       Property reassignment: $(SourceLinkUrlInitializerTargets)=";_InitializeGitHubSourceLinkUrl;_InitializeGitLabSourceLinkUrl;_InitializeAzureReposGitSourceLinkUrl" (previous value: ";_InitializeGitHubSourceLinkUrl;_InitializeGitLabSourceLinkUrl") at /usr/local/share/dotnet/sdk/9.0.200/Sdks/Microsoft.SourceLink.AzureRepos.Git/build/Microsoft.SourceLink.AzureRepos.Git.targets (12,5)
       Property reassignment: $(SourceControlManagerUrlTranslationTargets)=";TranslateGitHubUrlsInSourceControlInformation;TranslateGitLabUrlsInSourceControlInformation;TranslateAzureReposGitUrlsInSourceControlInformation" (previous value: ";TranslateGitHubUrlsInSourceControlInformation;TranslateGitLabUrlsInSourceControlInformation") at /usr/local/share/dotnet/sdk/9.0.200/Sdks/Microsoft.SourceLink.AzureRepos.Git/build/Microsoft.SourceLink.AzureRepos.Git.targets (13,5)
       Property reassignment: $(SourceLinkUrlInitializerTargets)=";_InitializeGitHubSourceLinkUrl;_InitializeGitLabSourceLinkUrl;_InitializeAzureReposGitSourceLinkUrl;_InitializeBitbucketGitSourceLinkUrl" (previous value: ";_InitializeGitHubSourceLinkUrl;_InitializeGitLabSourceLinkUrl;_InitializeAzureReposGitSourceLinkUrl") at /usr/local/share/dotnet/sdk/9.0.200/Sdks/Microsoft.SourceLink.Bitbucket.Git/build/Microsoft.SourceLink.Bitbucket.Git.targets (12,5)
       Property reassignment: $(SourceControlManagerUrlTranslationTargets)=";TranslateGitHubUrlsInSourceControlInformation;TranslateGitLabUrlsInSourceControlInformation;TranslateAzureReposGitUrlsInSourceControlInformation;TranslateBitbucketGitUrlsInSourceControlInformation" (previous value: ";TranslateGitHubUrlsInSourceControlInformation;TranslateGitLabUrlsInSourceControlInformation;TranslateAzureReposGitUrlsInSourceControlInformation") at /usr/local/share/dotnet/sdk/9.0.200/Sdks/Microsoft.SourceLink.Bitbucket.Git/build/Microsoft.SourceLink.Bitbucket.Git.targets (13,5)
       Property reassignment: $(DesignerRuntimeImplementationProjectOutputGroupDependsOn)="
             
             ;
             
             ;
             BuildOnlySettings;
             PrepareForBuild;
             AssignTargetPaths;
             ResolveReferences
           
           ;
             _GenerateDesignerDepsFile;
             _GenerateDesignerRuntimeConfigFile;
             GetCopyToOutputDirectoryItems;
             _GatherDesignerShadowCopyFiles;
           " (previous value: "
             ;
             
             ;
             BuildOnlySettings;
             PrepareForBuild;
             AssignTargetPaths;
             ResolveReferences
           
           ") at /usr/local/share/dotnet/sdk/9.0.200/Sdks/Microsoft.NET.Sdk/targets/Microsoft.NET.DesignerSupport.targets (21,5)
       Property reassignment: $(ProjectAssetsCacheFile)="/Users/dacanetdev/Dev/AIGenerated/RoadmapSkills/src/DeventSoft.RoadmapSkills.Api/obj/Debug/net8.0/DeventSoft.RoadmapSkills.Api.assets.cache" (previous value: "obj\Debug/net8.0/DeventSoft.RoadmapSkills.Api.assets.cache") at /usr/local/share/dotnet/sdk/9.0.200/Sdks/Microsoft.NET.Sdk/targets/Microsoft.PackageDependencyResolution.targets (29,5)
       Property reassignment: $(ResolveAssemblyReferencesDependsOn)="
             
             ResolveProjectReferences;
             FindInvalidProjectReferences;
             GetFrameworkPaths;
             GetReferenceAssemblyPaths;
             PrepareForBuild;
             ResolveSDKReferences;
             ExpandSDKReferences;
           ;
             ResolvePackageDependenciesForBuild;
             _HandlePackageFileConflicts;
           " (previous value: "
             ResolveProjectReferences;
             FindInvalidProjectReferences;
             GetFrameworkPaths;
             GetReferenceAssemblyPaths;
             PrepareForBuild;
             ResolveSDKReferences;
             ExpandSDKReferences;
           ") at /usr/local/share/dotnet/sdk/9.0.200/Sdks/Microsoft.NET.Sdk/targets/Microsoft.PackageDependencyResolution.targets (80,5)
       Property reassignment: $(PrepareResourcesDependsOn)="
             ResolvePackageDependenciesForBuild;
             _HandlePackageFileConflicts;
             
             ;
             PrepareResourceNames;
             ResGen;
             CompileLicxFiles
           
           " (previous value: "
             ;
             PrepareResourceNames;
             ResGen;
             CompileLicxFiles
           ") at /usr/local/share/dotnet/sdk/9.0.200/Sdks/Microsoft.NET.Sdk/targets/Microsoft.PackageDependencyResolution.targets (86,5)
       Property reassignment: $(_GeneratePublishDependencyFilePropertyInputsCache)="/Users/dacanetdev/Dev/AIGenerated/RoadmapSkills/src/Modules/Users/DeventSoft.RoadmapSkills.Users.Infrastructure/obj/Debug/net8.0/DeventSoft.RoadmapSkills.Users.Infrastructure.genpublishdeps.cache" (previous value: "obj\Debug/net8.0/DeventSoft.RoadmapSkills.Users.Infrastructure.genpublishdeps.cache") at /usr/local/share/dotnet/sdk/9.0.200/Sdks/Microsoft.NET.Sdk/targets/Microsoft.NET.Sdk.targets (46,5)
       Property reassignment: $(DefaultItemExcludes)=";**\node_modules\**;node_modules\**;**\jspm_packages\**;jspm_packages\**;**\bower_components\**;bower_components\**;**\packages.lock.json;bin\Debug//**;obj\Debug//**;bin\/**" (previous value: ";**\node_modules\**;node_modules\**;**\jspm_packages\**;jspm_packages\**;**\bower_components\**;bower_components\**;**\packages.lock.json;bin\Debug//**;obj\Debug//**") at /usr/local/share/dotnet/sdk/9.0.200/Sdks/Microsoft.NET.Sdk/targets/Microsoft.NET.Sdk.DefaultItems.targets (27,5)
       Property reassignment: $(DefaultItemExcludes)=";**\node_modules\**;node_modules\**;**\jspm_packages\**;jspm_packages\**;**\bower_components\**;bower_components\**;**\packages.lock.json;bin\Debug//**;obj\Debug//**;bin\/**;obj\/**" (previous value: ";**\node_modules\**;node_modules\**;**\jspm_packages\**;jspm_packages\**;**\bower_components\**;bower_components\**;**\packages.lock.json;bin\Debug//**;obj\Debug//**;bin\/**") at /usr/local/share/dotnet/sdk/9.0.200/Sdks/Microsoft.NET.Sdk/targets/Microsoft.NET.Sdk.DefaultItems.targets (29,5)
       Property reassignment: $(_GenerateSingleFileBundlePropertyInputsCache)="/Users/dacanetdev/Dev/AIGenerated/RoadmapSkills/src/Modules/Users/DeventSoft.RoadmapSkills.Users.Infrastructure/obj/Debug/net8.0/DeventSoft.RoadmapSkills.Users.Infrastructure.genbundle.cache" (previous value: "obj\Debug/net8.0/DeventSoft.RoadmapSkills.Users.Infrastructure.genbundle.cache") at /usr/local/share/dotnet/sdk/9.0.200/Sdks/Microsoft.NET.Sdk/targets/Microsoft.NET.Sdk.targets (48,5)
       Property reassignment: $(DefaultItemExcludes)=";**\node_modules\**;node_modules\**;**\jspm_packages\**;jspm_packages\**;**\bower_components\**;bower_components\**;**\packages.lock.json;bin\Debug//**;obj\Debug//**;bin\/**;obj\/**;**/*.user" (previous value: ";**\node_modules\**;node_modules\**;**\jspm_packages\**;jspm_packages\**;**\bower_components\**;bower_components\**;**\packages.lock.json;bin\Debug//**;obj\Debug//**;bin\/**;obj\/**") at /usr/local/share/dotnet/sdk/9.0.200/Sdks/Microsoft.NET.Sdk/targets/Microsoft.NET.Sdk.DefaultItems.targets (32,5)
       Property reassignment: $(GenerateRuntimeConfigDevFile)="false" (previous value: "true") at /usr/local/share/dotnet/sdk/9.0.200/Sdks/Microsoft.NET.Sdk/targets/Microsoft.NET.Sdk.targets (81,5)
       Property reassignment: $(DefaultItemExcludes)=";**\node_modules\**;node_modules\**;**\jspm_packages\**;jspm_packages\**;**\bower_components\**;bower_components\**;**\packages.lock.json;bin\Debug//**;obj\Debug//**;bin\/**;obj\/**;**/*.user;**/*.*proj" (previous value: ";**\node_modules\**;node_modules\**;**\jspm_packages\**;jspm_packages\**;**\bower_components\**;bower_components\**;**\packages.lock.json;bin\Debug//**;obj\Debug//**;bin\/**;obj\/**;**/*.user") at /usr/local/share/dotnet/sdk/9.0.200/Sdks/Microsoft.NET.Sdk/targets/Microsoft.NET.Sdk.DefaultItems.targets (33,5)
       /usr/local/share/dotnet/sdk/9.0.200/Sdks/Microsoft.NET.Sdk/targets/Microsoft.NET.Sdk.targets(96,5): message : Property 'HOME' with value '/Users/dacanetdev' expanded from the environment.
       Property reassignment: $(DefaultItemExcludes)=";**\node_modules\**;node_modules\**;**\jspm_packages\**;jspm_packages\**;**\bower_components\**;bower_components\**;**\packages.lock.json;bin\Debug//**;obj\Debug//**;bin\/**;obj\/**;**/*.user;**/*.*proj;**/*.sln" (previous value: ";**\node_modules\**;node_modules\**;**\jspm_packages\**;jspm_packages\**;**\bower_components\**;bower_components\**;**\packages.lock.json;bin\Debug//**;obj\Debug//**;bin\/**;obj\/**;**/*.user;**/*.*proj") at /usr/local/share/dotnet/sdk/9.0.200/Sdks/Microsoft.NET.Sdk/targets/Microsoft.NET.Sdk.DefaultItems.targets (34,5)
       Property reassignment: $(_DefaultUserProfileRuntimeStorePath)="/Users/dacanetdev/.dotnet/store" (previous value: "/Users/dacanetdev") at /usr/local/share/dotnet/sdk/9.0.200/Sdks/Microsoft.NET.Sdk/targets/Microsoft.NET.Sdk.targets (98,5)
       Property reassignment: $(AvailablePlatforms)="Any CPU,x86,x64,ARM32" (previous value: "Any CPU,x86,x64") at /usr/local/share/dotnet/sdk/9.0.200/Sdks/Microsoft.NET.Sdk/targets/Microsoft.NET.Sdk.targets (140,5)
       Property reassignment: $(AvailablePlatforms)="Any CPU,x86,x64,ARM32,ARM64" (previous value: "Any CPU,x86,x64,ARM32") at /usr/local/share/dotnet/sdk/9.0.200/Sdks/Microsoft.NET.Sdk/targets/Microsoft.NET.Sdk.targets (144,5)
       Property reassignment: $(MSBuildCopyMarkerName)="DeventSo.06F35A58" (previous value: "DeventSoft.RoadmapSkills.Users.UnitTests.csproj") at /usr/local/share/dotnet/sdk/9.0.200/Microsoft.Common.CurrentVersion.targets (392,5)
       Property reassignment: $(CoreBuildDependsOn)="
             _CheckForBuildWithNoBuild;
             
             BuildOnlySettings;
             PrepareForBuild;
             PreBuildEvent;
             ResolveReferences;
             PrepareResources;
             ResolveKeySource;
             Compile;
             ExportWindowsMDFile;
             UnmanagedUnregistration;
             GenerateSerializationAssemblies;
             CreateSatelliteAssemblies;
             GenerateManifests;
             GetTargetPath;
             PrepareForRun;
             UnmanagedRegistration;
             IncrementalClean;
             PostBuildEvent
           ;
             GenerateBuildDependencyFile;
             GenerateBuildRuntimeConfigurationFiles
           " (previous value: "
             BuildOnlySettings;
             PrepareForBuild;
             PreBuildEvent;
             ResolveReferences;
             PrepareResources;
             ResolveKeySource;
             Compile;
             ExportWindowsMDFile;
             UnmanagedUnregistration;
             GenerateSerializationAssemblies;
             CreateSatelliteAssemblies;
             GenerateManifests;
             GetTargetPath;
             PrepareForRun;
             UnmanagedRegistration;
             IncrementalClean;
             PostBuildEvent
           ") at /usr/local/share/dotnet/sdk/9.0.200/Sdks/Microsoft.NET.Sdk/targets/Microsoft.NET.Sdk.targets (201,5)
       Property reassignment: $(MSBuildCopyMarkerName)="DeventSo.06F35A58.Up2Date" (previous value: "DeventSo.06F35A58") at /usr/local/share/dotnet/sdk/9.0.200/Microsoft.Common.CurrentVersion.targets (393,5)
       Property reassignment: $(CoreCleanDependsOn)="
             _SdkBeforeClean;
             
           " (previous value: "") at /usr/local/share/dotnet/sdk/9.0.200/Sdks/Microsoft.NET.Sdk/targets/Microsoft.NET.Sdk.targets (210,5)
       Property reassignment: $(RebuildDependsOn)="
             _SdkBeforeRebuild;
             
             BeforeRebuild;
             Clean;
             Build;
             AfterRebuild;
           
           " (previous value: "
             BeforeRebuild;
             Clean;
             Build;
             AfterRebuild;
           ") at /usr/local/share/dotnet/sdk/9.0.200/Sdks/Microsoft.NET.Sdk/targets/Microsoft.NET.Sdk.targets (217,5)
       Property reassignment: $(CompileDependsOn)="
             
             ResolveReferences;
             ResolveKeySource;
             SetWin32ManifestProperties;
             _SetPreferNativeArm64Win32ManifestProperties;
             FindReferenceAssembliesForReferences;
             _GenerateCompileInputs;
             BeforeCompile;
             _TimeStampBeforeCompile;
             _GenerateCompileDependencyCache;
             CoreCompile;
             _TimeStampAfterCompile;
             AfterCompile;
           ;
             _CreateAppHost;
             _CreateComHost;
             _GetIjwHostPaths;
           " (previous value: "
             ResolveReferences;
             ResolveKeySource;
             SetWin32ManifestProperties;
             _SetPreferNativeArm64Win32ManifestProperties;
             FindReferenceAssembliesForReferences;
             _GenerateCompileInputs;
             BeforeCompile;
             _TimeStampBeforeCompile;
             _GenerateCompileDependencyCache;
             CoreCompile;
             _TimeStampAfterCompile;
             AfterCompile;
           ") at /usr/local/share/dotnet/sdk/9.0.200/Sdks/Microsoft.NET.Sdk/targets/Microsoft.NET.Sdk.targets (784,5)
       Property reassignment: $(CreateSatelliteAssembliesDependsOn)="
             
             ;
             _GenerateSatelliteAssemblyInputs;
             ComputeIntermediateSatelliteAssemblies;
             GenerateSatelliteAssemblies
           ;
             CoreGenerateSatelliteAssemblies
           " (previous value: "
             ;
             _GenerateSatelliteAssemblyInputs;
             ComputeIntermediateSatelliteAssemblies;
             GenerateSatelliteAssemblies
           ") at /usr/local/share/dotnet/sdk/9.0.200/Sdks/Microsoft.NET.Sdk/targets/Microsoft.NET.Sdk.targets (1184,5)
       Property reassignment: $(DelaySign)="" (previous value: "false") at /usr/local/share/dotnet/sdk/9.0.200/Microsoft.Common.CurrentVersion.targets (580,5)
       Property reassignment: $(SourceLinkUrlInitializerTargets)=";_InitializeGitHubSourceLinkUrl;_InitializeGitLabSourceLinkUrl" (previous value: ";_InitializeGitHubSourceLinkUrl") at /usr/local/share/dotnet/sdk/9.0.200/Sdks/Microsoft.SourceLink.GitLab/build/Microsoft.SourceLink.GitLab.targets (12,5)
       /usr/local/share/dotnet/sdk/9.0.200/Microsoft.Common.CurrentVersion.targets(2590,5): message : Property 'LocalAppData' with value '/Users/dacanetdev/Library/Application Support' expanded from the environment.
       Property reassignment: $(_SGenGenerateSerializationAssembliesConfig)="Auto" (previous value: "") at /usr/local/share/dotnet/sdk/9.0.200/Microsoft.Common.CurrentVersion.targets (3916,5)
       Property reassignment: $(DefaultItemExcludes)=";**\node_modules\**;node_modules\**;**\jspm_packages\**;jspm_packages\**;**\bower_components\**;bower_components\**;**\packages.lock.json;bin\Debug//**;obj\Debug//**;bin\/**;obj\/**;**/*.user;**/*.*proj;**/*.sln;**/*.vssscc" (previous value: ";**\node_modules\**;node_modules\**;**\jspm_packages\**;jspm_packages\**;**\bower_components\**;bower_components\**;**\packages.lock.json;bin\Debug//**;obj\Debug//**;bin\/**;obj\/**;**/*.user;**/*.*proj;**/*.sln") at /usr/local/share/dotnet/sdk/9.0.200/Sdks/Microsoft.NET.Sdk/targets/Microsoft.NET.Sdk.DefaultItems.targets (35,5)
       Property reassignment: $(_SGenGenerateSerializationAssembliesConfig)="Off" (previous value: "Auto") at /usr/local/share/dotnet/sdk/9.0.200/Microsoft.Common.CurrentVersion.targets (3917,5)
       Property reassignment: $(DefaultItemExcludes)=";**\node_modules\**;node_modules\**;**\jspm_packages\**;jspm_packages\**;**\bower_components\**;bower_components\**;**\packages.lock.json;bin\Debug//**;obj\Debug//**;bin\/**;obj\/**;**/*.user;**/*.*proj;**/*.sln;**/*.vssscc;**/.DS_Store" (previous value: ";**\node_modules\**;node_modules\**;**\jspm_packages\**;jspm_packages\**;**\bower_components\**;bower_components\**;**\packages.lock.json;bin\Debug//**;obj\Debug//**;bin\/**;obj\/**;**/*.user;**/*.*proj;**/*.sln;**/*.vssscc") at /usr/local/share/dotnet/sdk/9.0.200/Sdks/Microsoft.NET.Sdk/targets/Microsoft.NET.Sdk.DefaultItems.targets (36,5)
       Property reassignment: $(_TargetsThatPrepareProjectReferences)="
             AssignProjectConfiguration;
             _SplitProjectReferencesByFileExistence
           " (previous value: "_SplitProjectReferencesByFileExistence") at /usr/local/share/dotnet/sdk/9.0.200/Microsoft.Common.CurrentVersion.targets (5128,5)
       Property reassignment: $(ResolveAssemblyReferencesDependsOn)="
             
             
             ResolveProjectReferences;
             FindInvalidProjectReferences;
             GetFrameworkPaths;
             GetReferenceAssemblyPaths;
             PrepareForBuild;
             ResolveSDKReferences;
             ExpandSDKReferences;
           ;
             ResolvePackageDependenciesForBuild;
             _HandlePackageFileConflicts;
           ;
             ResolveTargetingPackAssets;
           " (previous value: "
             
             ResolveProjectReferences;
             FindInvalidProjectReferences;
             GetFrameworkPaths;
             GetReferenceAssemblyPaths;
             PrepareForBuild;
             ResolveSDKReferences;
             ExpandSDKReferences;
           ;
             ResolvePackageDependenciesForBuild;
             _HandlePackageFileConflicts;
           ") at /usr/local/share/dotnet/sdk/9.0.200/Sdks/Microsoft.NET.Sdk/targets/Microsoft.NET.Sdk.FrameworkReferenceResolution.targets (14,5)
       /usr/local/share/dotnet/sdk/9.0.200/Microsoft.Common.CurrentVersion.targets(6923,5): message : Property 'MSBuildExtensionsPath32' with value '/usr/local/share/dotnet/sdk/9.0.200' expanded from the environment.
       Property reassignment: $(_GenerateRuntimeConfigurationPropertyInputsCache)="/Users/dacanetdev/Dev/AIGenerated/RoadmapSkills/src/DeventSoft.RoadmapSkills.Api/obj/Debug/net8.0/DeventSoft.RoadmapSkills.Api.genruntimeconfig.cache" (previous value: "obj\Debug/net8.0/DeventSoft.RoadmapSkills.Api.genruntimeconfig.cache") at /usr/local/share/dotnet/sdk/9.0.200/Sdks/Microsoft.NET.Sdk/targets/Microsoft.NET.Sdk.targets (44,5)
       Property reassignment: $(ProcessorArchitecture)="msil" (previous value: "") at /usr/local/share/dotnet/sdk/9.0.200/Microsoft.Common.CurrentVersion.targets (541,5)
       Property reassignment: $(_GeneratePublishDependencyFilePropertyInputsCache)="/Users/dacanetdev/Dev/AIGenerated/RoadmapSkills/src/DeventSoft.RoadmapSkills.Api/obj/Debug/net8.0/DeventSoft.RoadmapSkills.Api.genpublishdeps.cache" (previous value: "obj\Debug/net8.0/DeventSoft.RoadmapSkills.Api.genpublishdeps.cache") at /usr/local/share/dotnet/sdk/9.0.200/Sdks/Microsoft.NET.Sdk/targets/Microsoft.NET.Sdk.targets (46,5)
       Property reassignment: $(DelaySign)="" (previous value: "false") at /usr/local/share/dotnet/sdk/9.0.200/Microsoft.Common.CurrentVersion.targets (580,5)
       Property reassignment: $(_GenerateSingleFileBundlePropertyInputsCache)="/Users/dacanetdev/Dev/AIGenerated/RoadmapSkills/src/DeventSoft.RoadmapSkills.Api/obj/Debug/net8.0/DeventSoft.RoadmapSkills.Api.genbundle.cache" (previous value: "obj\Debug/net8.0/DeventSoft.RoadmapSkills.Api.genbundle.cache") at /usr/local/share/dotnet/sdk/9.0.200/Sdks/Microsoft.NET.Sdk/targets/Microsoft.NET.Sdk.targets (48,5)
       /usr/local/share/dotnet/sdk/9.0.200/Microsoft.Common.CurrentVersion.targets(2590,5): message : Property 'LocalAppData' with value '/Users/dacanetdev/Library/Application Support' expanded from the environment.
       Property reassignment: $(GenerateRuntimeConfigDevFile)="false" (previous value: "true") at /usr/local/share/dotnet/sdk/9.0.200/Sdks/Microsoft.NET.Sdk/targets/Microsoft.NET.Sdk.targets (81,5)
       Property reassignment: $(_SGenGenerateSerializationAssembliesConfig)="Auto" (previous value: "") at /usr/local/share/dotnet/sdk/9.0.200/Microsoft.Common.CurrentVersion.targets (3916,5)
       /usr/local/share/dotnet/sdk/9.0.200/Sdks/Microsoft.NET.Sdk/targets/Microsoft.NET.Sdk.targets(96,5): message : Property 'HOME' with value '/Users/dacanetdev' expanded from the environment.
       Property reassignment: $(_SGenGenerateSerializationAssembliesConfig)="Off" (previous value: "Auto") at /usr/local/share/dotnet/sdk/9.0.200/Microsoft.Common.CurrentVersion.targets (3917,5)
       Property reassignment: $(_DefaultUserProfileRuntimeStorePath)="/Users/dacanetdev/.dotnet/store" (previous value: "/Users/dacanetdev") at /usr/local/share/dotnet/sdk/9.0.200/Sdks/Microsoft.NET.Sdk/targets/Microsoft.NET.Sdk.targets (98,5)
       Property reassignment: $(_TargetsThatPrepareProjectReferences)="
             AssignProjectConfiguration;
             _SplitProjectReferencesByFileExistence
           " (previous value: "_SplitProjectReferencesByFileExistence") at /usr/local/share/dotnet/sdk/9.0.200/Microsoft.Common.CurrentVersion.targets (5128,5)
       Property reassignment: $(AvailablePlatforms)="Any CPU,x86,x64,ARM32" (previous value: "Any CPU,x86,x64") at /usr/local/share/dotnet/sdk/9.0.200/Sdks/Microsoft.NET.Sdk/targets/Microsoft.NET.Sdk.targets (140,5)
       /usr/local/share/dotnet/sdk/9.0.200/Microsoft.Common.CurrentVersion.targets(6923,5): message : Property 'MSBuildExtensionsPath32' with value '/usr/local/share/dotnet/sdk/9.0.200' expanded from the environment.
       Property reassignment: $(AvailablePlatforms)="Any CPU,x86,x64,ARM32,ARM64" (previous value: "Any CPU,x86,x64,ARM32") at /usr/local/share/dotnet/sdk/9.0.200/Sdks/Microsoft.NET.Sdk/targets/Microsoft.NET.Sdk.targets (144,5)
       Property reassignment: $(ProcessorArchitecture)="msil" (previous value: "") at /usr/local/share/dotnet/sdk/9.0.200/Microsoft.Common.CurrentVersion.targets (541,5)
       Property reassignment: $(DelaySign)="" (previous value: "false") at /usr/local/share/dotnet/sdk/9.0.200/Microsoft.Common.CurrentVersion.targets (580,5)
       Property reassignment: $(CoreBuildDependsOn)="
             _CheckForBuildWithNoBuild;
             
             BuildOnlySettings;
             PrepareForBuild;
             PreBuildEvent;
             ResolveReferences;
             PrepareResources;
             ResolveKeySource;
             Compile;
             ExportWindowsMDFile;
             UnmanagedUnregistration;
             GenerateSerializationAssemblies;
             CreateSatelliteAssemblies;
             GenerateManifests;
             GetTargetPath;
             PrepareForRun;
             UnmanagedRegistration;
             IncrementalClean;
             PostBuildEvent
           ;
             GenerateBuildDependencyFile;
             GenerateBuildRuntimeConfigurationFiles
           " (previous value: "
             BuildOnlySettings;
             PrepareForBuild;
             PreBuildEvent;
             ResolveReferences;
             PrepareResources;
             ResolveKeySource;
             Compile;
             ExportWindowsMDFile;
             UnmanagedUnregistration;
             GenerateSerializationAssemblies;
             CreateSatelliteAssemblies;
             GenerateManifests;
             GetTargetPath;
             PrepareForRun;
             UnmanagedRegistration;
             IncrementalClean;
             PostBuildEvent
           ") at /usr/local/share/dotnet/sdk/9.0.200/Sdks/Microsoft.NET.Sdk/targets/Microsoft.NET.Sdk.targets (201,5)
       /usr/local/share/dotnet/sdk/9.0.200/Microsoft.Common.CurrentVersion.targets(2590,5): message : Property 'LocalAppData' with value '/Users/dacanetdev/Library/Application Support' expanded from the environment.
       Property reassignment: $(CoreCleanDependsOn)="
             _SdkBeforeClean;
             
           " (previous value: "") at /usr/local/share/dotnet/sdk/9.0.200/Sdks/Microsoft.NET.Sdk/targets/Microsoft.NET.Sdk.targets (210,5)
       Property reassignment: $(_SGenGenerateSerializationAssembliesConfig)="Auto" (previous value: "") at /usr/local/share/dotnet/sdk/9.0.200/Microsoft.Common.CurrentVersion.targets (3916,5)
       Property reassignment: $(_SGenGenerateSerializationAssembliesConfig)="Off" (previous value: "Auto") at /usr/local/share/dotnet/sdk/9.0.200/Microsoft.Common.CurrentVersion.targets (3917,5)
       Property reassignment: $(SourceControlManagerUrlTranslationTargets)=";TranslateGitHubUrlsInSourceControlInformation;TranslateGitLabUrlsInSourceControlInformation" (previous value: ";TranslateGitHubUrlsInSourceControlInformation") at /usr/local/share/dotnet/sdk/9.0.200/Sdks/Microsoft.SourceLink.GitLab/build/Microsoft.SourceLink.GitLab.targets (13,5)
       Property reassignment: $(_TargetsThatPrepareProjectReferences)="
             AssignProjectConfiguration;
             _SplitProjectReferencesByFileExistence
           " (previous value: "_SplitProjectReferencesByFileExistence") at /usr/local/share/dotnet/sdk/9.0.200/Microsoft.Common.CurrentVersion.targets (5128,5)
       /usr/local/share/dotnet/sdk/9.0.200/Microsoft.Common.CurrentVersion.targets(6923,5): message : Property 'MSBuildExtensionsPath32' with value '/usr/local/share/dotnet/sdk/9.0.200' expanded from the environment.
       Property reassignment: $(SourceLinkUrlInitializerTargets)=";_InitializeGitHubSourceLinkUrl;_InitializeGitLabSourceLinkUrl;_InitializeAzureReposGitSourceLinkUrl" (previous value: ";_InitializeGitHubSourceLinkUrl;_InitializeGitLabSourceLinkUrl") at /usr/local/share/dotnet/sdk/9.0.200/Sdks/Microsoft.SourceLink.AzureRepos.Git/build/Microsoft.SourceLink.AzureRepos.Git.targets (12,5)
       Property reassignment: $(SourceControlManagerUrlTranslationTargets)=";TranslateGitHubUrlsInSourceControlInformation;TranslateGitLabUrlsInSourceControlInformation;TranslateAzureReposGitUrlsInSourceControlInformation" (previous value: ";TranslateGitHubUrlsInSourceControlInformation;TranslateGitLabUrlsInSourceControlInformation") at /usr/local/share/dotnet/sdk/9.0.200/Sdks/Microsoft.SourceLink.AzureRepos.Git/build/Microsoft.SourceLink.AzureRepos.Git.targets (13,5)
       Property reassignment: $(DefaultItemExcludes)=";**\node_modules\**;node_modules\**;**\jspm_packages\**;jspm_packages\**" (previous value: ";**\node_modules\**;node_modules\**") at /usr/local/share/dotnet/sdk/9.0.200/Sdks/Microsoft.NET.Sdk.StaticWebAssets/Sdk/Sdk.StaticWebAssets.StaticAssets.ProjectSystem.props (23,5)
       Property reassignment: $(SourceLinkUrlInitializerTargets)=";_InitializeGitHubSourceLinkUrl;_InitializeGitLabSourceLinkUrl;_InitializeAzureReposGitSourceLinkUrl;_InitializeBitbucketGitSourceLinkUrl" (previous value: ";_InitializeGitHubSourceLinkUrl;_InitializeGitLabSourceLinkUrl;_InitializeAzureReposGitSourceLinkUrl") at /usr/local/share/dotnet/sdk/9.0.200/Sdks/Microsoft.SourceLink.Bitbucket.Git/build/Microsoft.SourceLink.Bitbucket.Git.targets (12,5)
       Property reassignment: $(DefaultItemExcludes)=";**\node_modules\**;node_modules\**;**\jspm_packages\**;jspm_packages\**;**\bower_components\**;bower_components\**" (previous value: ";**\node_modules\**;node_modules\**;**\jspm_packages\**;jspm_packages\**") at /usr/local/share/dotnet/sdk/9.0.200/Sdks/Microsoft.NET.Sdk.StaticWebAssets/Sdk/Sdk.StaticWebAssets.StaticAssets.ProjectSystem.props (24,5)
       Property reassignment: $(SourceControlManagerUrlTranslationTargets)=";TranslateGitHubUrlsInSourceControlInformation;TranslateGitLabUrlsInSourceControlInformation;TranslateAzureReposGitUrlsInSourceControlInformation;TranslateBitbucketGitUrlsInSourceControlInformation" (previous value: ";TranslateGitHubUrlsInSourceControlInformation;TranslateGitLabUrlsInSourceControlInformation;TranslateAzureReposGitUrlsInSourceControlInformation") at /usr/local/share/dotnet/sdk/9.0.200/Sdks/Microsoft.SourceLink.Bitbucket.Git/build/Microsoft.SourceLink.Bitbucket.Git.targets (13,5)
       Property reassignment: $(DesignerRuntimeImplementationProjectOutputGroupDependsOn)="
             
             ;
             
             ;
             BuildOnlySettings;
             PrepareForBuild;
             AssignTargetPaths;
             ResolveReferences
           
           ;
             _GenerateDesignerDepsFile;
             _GenerateDesignerRuntimeConfigFile;
             GetCopyToOutputDirectoryItems;
             _GatherDesignerShadowCopyFiles;
           " (previous value: "
             ;
             
             ;
             BuildOnlySettings;
             PrepareForBuild;
             AssignTargetPaths;
             ResolveReferences
           
           ") at /usr/local/share/dotnet/sdk/9.0.200/Sdks/Microsoft.NET.Sdk/targets/Microsoft.NET.DesignerSupport.targets (21,5)
       The SDK "Microsoft.NET.Sdk.Web.ProjectSystem" was successfully resolved by the "DefaultSdkResolver" resolver to location "/usr/local/share/dotnet/sdk/9.0.200/Sdks/Microsoft.NET.Sdk.Web.ProjectSystem/Sdk" and version "".
       Property reassignment: $(_GenerateToolsSettingsFileCacheFile)="/Users/dacanetdev/Dev/AIGenerated/RoadmapSkills/tests/Modules/Users/DeventSoft.RoadmapSkills.Users.IntegrationTests/obj/Debug/net8.0/DeventSoft.RoadmapSkills.Users.IntegrationTests.toolssettingsinput.cache" (previous value: "obj\Debug/net8.0/DeventSoft.RoadmapSkills.Users.IntegrationTests.toolssettingsinput.cache") at /usr/local/share/dotnet/sdk/9.0.200/Sdks/Microsoft.NET.Sdk/targets/Microsoft.NET.PackTool.targets (68,5)
       Property reassignment: $(_ShimInputCacheFile)="/Users/dacanetdev/Dev/AIGenerated/RoadmapSkills/tests/Modules/Users/DeventSoft.RoadmapSkills.Users.IntegrationTests/obj/Debug/net8.0/DeventSoft.RoadmapSkills.Users.IntegrationTests.shiminput.cache" (previous value: "obj\Debug/net8.0/DeventSoft.RoadmapSkills.Users.IntegrationTests.shiminput.cache") at /usr/local/share/dotnet/sdk/9.0.200/Sdks/Microsoft.NET.Sdk/targets/Microsoft.NET.PackTool.targets (137,5)
       Property reassignment: $(DefaultItemExcludes)=";**\node_modules\**;node_modules\**;**\jspm_packages\**;jspm_packages\**;**\bower_components\**;bower_components\**;**\packages.lock.json" (previous value: ";**\node_modules\**;node_modules\**;**\jspm_packages\**;jspm_packages\**;**\bower_components\**;bower_components\**") at /usr/local/share/dotnet/sdk/9.0.200/Sdks/Microsoft.NET.Sdk.StaticWebAssets/Sdk/Sdk.StaticWebAssets.StaticAssets.ProjectSystem.props (25,5)
       Property reassignment: $(_ShimCreatedSentinelFile)="/Users/dacanetdev/Dev/AIGenerated/RoadmapSkills/tests/Modules/Users/DeventSoft.RoadmapSkills.Users.IntegrationTests/obj/Debug/net8.0/DeventSoft.RoadmapSkills.Users.IntegrationTests.shimcreated.sentinel" (previous value: "obj\Debug/net8.0/DeventSoft.RoadmapSkills.Users.IntegrationTests.shimcreated.sentinel") at /usr/local/share/dotnet/sdk/9.0.200/Sdks/Microsoft.NET.Sdk/targets/Microsoft.NET.PackTool.targets (139,5)
       Property reassignment: $(DefineConstants)="TRACE;DEBUG" (previous value: "TRACE") at /usr/local/share/dotnet/sdk/9.0.200/Sdks/Microsoft.NET.Sdk/targets/Microsoft.NET.Sdk.CSharp.targets (31,5)
       Property reassignment: $(DefineConstants)="TRACE;DEBUG;NET;NET8_0;NETCOREAPP" (previous value: "TRACE;DEBUG") at /usr/local/share/dotnet/sdk/9.0.200/Sdks/Microsoft.NET.Sdk/targets/Microsoft.NET.Sdk.CSharp.targets (34,5)
       Property reassignment: $(WarningsAsErrors)=";NU1605;SYSLIB0011" (previous value: ";NU1605") at /usr/local/share/dotnet/sdk/9.0.200/Sdks/Microsoft.NET.Sdk/targets/Microsoft.NET.Sdk.CSharp.targets (48,5)
       Property reassignment: $(RebuildDependsOn)="
             _SdkBeforeRebuild;
             
             BeforeRebuild;
             Clean;
             Build;
             AfterRebuild;
           
           " (previous value: "
             BeforeRebuild;
             Clean;
             Build;
             AfterRebuild;
           ") at /usr/local/share/dotnet/sdk/9.0.200/Sdks/Microsoft.NET.Sdk/targets/Microsoft.NET.Sdk.targets (217,5)
       Property reassignment: $(CompileDependsOn)="
             
             ResolveReferences;
             ResolveKeySource;
             SetWin32ManifestProperties;
             _SetPreferNativeArm64Win32ManifestProperties;
             FindReferenceAssembliesForReferences;
             _GenerateCompileInputs;
             BeforeCompile;
             _TimeStampBeforeCompile;
             _GenerateCompileDependencyCache;
             CoreCompile;
             _TimeStampAfterCompile;
             AfterCompile;
           ;
             _CreateAppHost;
             _CreateComHost;
             _GetIjwHostPaths;
           " (previous value: "
             ResolveReferences;
             ResolveKeySource;
             SetWin32ManifestProperties;
             _SetPreferNativeArm64Win32ManifestProperties;
             FindReferenceAssembliesForReferences;
             _GenerateCompileInputs;
             BeforeCompile;
             _TimeStampBeforeCompile;
             _GenerateCompileDependencyCache;
             CoreCompile;
             _TimeStampAfterCompile;
             AfterCompile;
           ") at /usr/local/share/dotnet/sdk/9.0.200/Sdks/Microsoft.NET.Sdk/targets/Microsoft.NET.Sdk.targets (784,5)
       Property reassignment: $(CreateSatelliteAssembliesDependsOn)="
             
             ;
             _GenerateSatelliteAssemblyInputs;
             ComputeIntermediateSatelliteAssemblies;
             GenerateSatelliteAssemblies
           ;
             CoreGenerateSatelliteAssemblies
           " (previous value: "
             ;
             _GenerateSatelliteAssemblyInputs;
             ComputeIntermediateSatelliteAssemblies;
             GenerateSatelliteAssemblies
           ") at /usr/local/share/dotnet/sdk/9.0.200/Sdks/Microsoft.NET.Sdk/targets/Microsoft.NET.Sdk.targets (1184,5)
       Property reassignment: $(SourceLinkUrlInitializerTargets)=";_InitializeGitHubSourceLinkUrl;_InitializeGitLabSourceLinkUrl" (previous value: ";_InitializeGitHubSourceLinkUrl") at /usr/local/share/dotnet/sdk/9.0.200/Sdks/Microsoft.SourceLink.GitLab/build/Microsoft.SourceLink.GitLab.targets (12,5)
       Property reassignment: $(SourceControlManagerUrlTranslationTargets)=";TranslateGitHubUrlsInSourceControlInformation;TranslateGitLabUrlsInSourceControlInformation" (previous value: ";TranslateGitHubUrlsInSourceControlInformation") at /usr/local/share/dotnet/sdk/9.0.200/Sdks/Microsoft.SourceLink.GitLab/build/Microsoft.SourceLink.GitLab.targets (13,5)
       Property reassignment: $(SourceLinkUrlInitializerTargets)=";_InitializeGitHubSourceLinkUrl;_InitializeGitLabSourceLinkUrl;_InitializeAzureReposGitSourceLinkUrl" (previous value: ";_InitializeGitHubSourceLinkUrl;_InitializeGitLabSourceLinkUrl") at /usr/local/share/dotnet/sdk/9.0.200/Sdks/Microsoft.SourceLink.AzureRepos.Git/build/Microsoft.SourceLink.AzureRepos.Git.targets (12,5)
       Property reassignment: $(SourceControlManagerUrlTranslationTargets)=";TranslateGitHubUrlsInSourceControlInformation;TranslateGitLabUrlsInSourceControlInformation;TranslateAzureReposGitUrlsInSourceControlInformation" (previous value: ";TranslateGitHubUrlsInSourceControlInformation;TranslateGitLabUrlsInSourceControlInformation") at /usr/local/share/dotnet/sdk/9.0.200/Sdks/Microsoft.SourceLink.AzureRepos.Git/build/Microsoft.SourceLink.AzureRepos.Git.targets (13,5)
       Property reassignment: $(SourceLinkUrlInitializerTargets)=";_InitializeGitHubSourceLinkUrl;_InitializeGitLabSourceLinkUrl;_InitializeAzureReposGitSourceLinkUrl;_InitializeBitbucketGitSourceLinkUrl" (previous value: ";_InitializeGitHubSourceLinkUrl;_InitializeGitLabSourceLinkUrl;_InitializeAzureReposGitSourceLinkUrl") at /usr/local/share/dotnet/sdk/9.0.200/Sdks/Microsoft.SourceLink.Bitbucket.Git/build/Microsoft.SourceLink.Bitbucket.Git.targets (12,5)
       Property reassignment: $(SourceControlManagerUrlTranslationTargets)=";TranslateGitHubUrlsInSourceControlInformation;TranslateGitLabUrlsInSourceControlInformation;TranslateAzureReposGitUrlsInSourceControlInformation;TranslateBitbucketGitUrlsInSourceControlInformation" (previous value: ";TranslateGitHubUrlsInSourceControlInformation;TranslateGitLabUrlsInSourceControlInformation;TranslateAzureReposGitUrlsInSourceControlInformation") at /usr/local/share/dotnet/sdk/9.0.200/Sdks/Microsoft.SourceLink.Bitbucket.Git/build/Microsoft.SourceLink.Bitbucket.Git.targets (13,5)
       Property reassignment: $(DesignerRuntimeImplementationProjectOutputGroupDependsOn)="
             
             ;
             
             ;
             BuildOnlySettings;
             PrepareForBuild;
             AssignTargetPaths;
             ResolveReferences
           
           ;
             _GenerateDesignerDepsFile;
             _GenerateDesignerRuntimeConfigFile;
             GetCopyToOutputDirectoryItems;
             _GatherDesignerShadowCopyFiles;
           " (previous value: "
             ;
             
             ;
             BuildOnlySettings;
             PrepareForBuild;
             AssignTargetPaths;
             ResolveReferences
           
           ") at /usr/local/share/dotnet/sdk/9.0.200/Sdks/Microsoft.NET.Sdk/targets/Microsoft.NET.DesignerSupport.targets (21,5)
       Property reassignment: $(_GenerateToolsSettingsFileCacheFile)="/Users/dacanetdev/Dev/AIGenerated/RoadmapSkills/src/Modules/Users/DeventSoft.RoadmapSkills.Users.Infrastructure/obj/Debug/net8.0/DeventSoft.RoadmapSkills.Users.Infrastructure.toolssettingsinput.cache" (previous value: "obj\Debug/net8.0/DeventSoft.RoadmapSkills.Users.Infrastructure.toolssettingsinput.cache") at /usr/local/share/dotnet/sdk/9.0.200/Sdks/Microsoft.NET.Sdk/targets/Microsoft.NET.PackTool.targets (68,5)
       Property reassignment: $(_ShimInputCacheFile)="/Users/dacanetdev/Dev/AIGenerated/RoadmapSkills/src/Modules/Users/DeventSoft.RoadmapSkills.Users.Infrastructure/obj/Debug/net8.0/DeventSoft.RoadmapSkills.Users.Infrastructure.shiminput.cache" (previous value: "obj\Debug/net8.0/DeventSoft.RoadmapSkills.Users.Infrastructure.shiminput.cache") at /usr/local/share/dotnet/sdk/9.0.200/Sdks/Microsoft.NET.Sdk/targets/Microsoft.NET.PackTool.targets (137,5)
       Property reassignment: $(_ShimCreatedSentinelFile)="/Users/dacanetdev/Dev/AIGenerated/RoadmapSkills/src/Modules/Users/DeventSoft.RoadmapSkills.Users.Infrastructure/obj/Debug/net8.0/DeventSoft.RoadmapSkills.Users.Infrastructure.shimcreated.sentinel" (previous value: "obj\Debug/net8.0/DeventSoft.RoadmapSkills.Users.Infrastructure.shimcreated.sentinel") at /usr/local/share/dotnet/sdk/9.0.200/Sdks/Microsoft.NET.Sdk/targets/Microsoft.NET.PackTool.targets (139,5)
       Property reassignment: $(DefineConstants)="TRACE;DEBUG" (previous value: "TRACE") at /usr/local/share/dotnet/sdk/9.0.200/Sdks/Microsoft.NET.Sdk/targets/Microsoft.NET.Sdk.CSharp.targets (31,5)
       Property reassignment: $(DefineConstants)="TRACE;DEBUG;NET;NET8_0;NETCOREAPP" (previous value: "TRACE;DEBUG") at /usr/local/share/dotnet/sdk/9.0.200/Sdks/Microsoft.NET.Sdk/targets/Microsoft.NET.Sdk.CSharp.targets (34,5)
       Property reassignment: $(WarningsAsErrors)=";NU1605;SYSLIB0011" (previous value: ";NU1605") at /usr/local/share/dotnet/sdk/9.0.200/Sdks/Microsoft.NET.Sdk/targets/Microsoft.NET.Sdk.CSharp.targets (48,5)
       Property reassignment: $(PackageDescription)="Package Description" (previous value: "") at /usr/local/share/dotnet/sdk/9.0.200/Sdks/NuGet.Build.Tasks.Pack/build/NuGet.Build.Tasks.Pack.targets (34,5)
       Property reassignment: $(GenerateNuspecDependsOn)="Build;_LoadPackInputItems; _GetTargetFrameworksOutput; _WalkEachTargetPerFramework; _GetPackageFiles; " (previous value: "_LoadPackInputItems; _GetTargetFrameworksOutput; _WalkEachTargetPerFramework; _GetPackageFiles; ") at /usr/local/share/dotnet/sdk/9.0.200/Sdks/NuGet.Build.Tasks.Pack/build/NuGet.Build.Tasks.Pack.targets (59,5)
       Property reassignment: $(_IsNotSetContainersTargetsDir)="true" (previous value: "false") at /usr/local/share/dotnet/sdk/9.0.200/Sdks/Microsoft.NET.Sdk/Sdk/Sdk.targets (60,5)
       Property reassignment: $(_IsSDKContainerAllowedVersion)="true" (previous value: "false") at /usr/local/share/dotnet/sdk/9.0.200/Containers/build/Microsoft.NET.Build.Containers.targets (5,5)
       Property reassignment: $(_ContainerIsTargetingNet8TFM)="true" (previous value: "false") at /usr/local/share/dotnet/sdk/9.0.200/Containers/build/Microsoft.NET.Build.Containers.targets (15,5)
       Property reassignment: $(OutputType)="Exe" (previous value: "Library") at /Users/dacanetdev/.nuget/packages/microsoft.net.test.sdk/17.8.0/build/netcoreapp3.1/Microsoft.NET.Test.Sdk.targets (20,5)
       Property reassignment: $(_CoverletSourceRootTargetName)="InitializeSourceRootMappedPaths" (previous value: "CoverletGetPathMap") at /Users/dacanetdev/.nuget/packages/coverlet.collector/6.0.0/build/netstandard1.0/coverlet.collector.targets (31,5)
       The SDK "Microsoft.NET.Sdk.Publish" was successfully resolved by the "DefaultSdkResolver" resolver to location "/usr/local/share/dotnet/sdk/9.0.200/Sdks/Microsoft.NET.Sdk.Publish/Sdk" and version "".
       Property reassignment: $(OutputType)="Exe" (previous value: "Library") at /usr/local/share/dotnet/sdk/9.0.200/Sdks/Microsoft.NET.Sdk.Web.ProjectSystem/targets/Microsoft.NET.Sdk.Web.ProjectSystem.props (16,5)
       Property reassignment: $(_GenerateToolsSettingsFileCacheFile)="/Users/dacanetdev/Dev/AIGenerated/RoadmapSkills/src/DeventSoft.RoadmapSkills.Api/obj/Debug/net8.0/DeventSoft.RoadmapSkills.Api.toolssettingsinput.cache" (previous value: "obj\Debug/net8.0/DeventSoft.RoadmapSkills.Api.toolssettingsinput.cache") at /usr/local/share/dotnet/sdk/9.0.200/Sdks/Microsoft.NET.Sdk/targets/Microsoft.NET.PackTool.targets (68,5)
       Property reassignment: $(HasRuntimeOutput)="true" (previous value: "") at /usr/local/share/dotnet/sdk/9.0.200/Sdks/Microsoft.NET.Sdk/targets/Microsoft.NET.Sdk.Common.targets (37,5)
       Property reassignment: $(ProjectAssetsCacheFile)="/Users/dacanetdev/Dev/AIGenerated/RoadmapSkills/tests/Modules/Users/DeventSoft.RoadmapSkills.Users.UnitTests/obj/Debug/net8.0/DeventSoft.RoadmapSkills.Users.UnitTests.assets.cache" (previous value: "obj\Debug/net8.0/DeventSoft.RoadmapSkills.Users.UnitTests.assets.cache") at /usr/local/share/dotnet/sdk/9.0.200/Sdks/Microsoft.NET.Sdk/targets/Microsoft.PackageDependencyResolution.targets (29,5)
       Property reassignment: $(ResolveAssemblyReferencesDependsOn)="
             
             ResolveProjectReferences;
             FindInvalidProjectReferences;
             GetFrameworkPaths;
             GetReferenceAssemblyPaths;
             PrepareForBuild;
             ResolveSDKReferences;
             ExpandSDKReferences;
           ;
             ResolvePackageDependenciesForBuild;
             _HandlePackageFileConflicts;
           " (previous value: "
             ResolveProjectReferences;
             FindInvalidProjectReferences;
             GetFrameworkPaths;
             GetReferenceAssemblyPaths;
             PrepareForBuild;
             ResolveSDKReferences;
             ExpandSDKReferences;
           ") at /usr/local/share/dotnet/sdk/9.0.200/Sdks/Microsoft.NET.Sdk/targets/Microsoft.PackageDependencyResolution.targets (80,5)
       Property reassignment: $(PrepareResourcesDependsOn)="
             ResolvePackageDependenciesForBuild;
             _HandlePackageFileConflicts;
             
             ;
             PrepareResourceNames;
             ResGen;
             CompileLicxFiles
           
           " (previous value: "
             ;
             PrepareResourceNames;
             ResGen;
             CompileLicxFiles
           ") at /usr/local/share/dotnet/sdk/9.0.200/Sdks/Microsoft.NET.Sdk/targets/Microsoft.PackageDependencyResolution.targets (86,5)
       Property reassignment: $(DefaultItemExcludes)=";bin\Debug//**;obj\Debug//**;bin\/**" (previous value: ";bin\Debug//**;obj\Debug//**") at /usr/local/share/dotnet/sdk/9.0.200/Sdks/Microsoft.NET.Sdk/targets/Microsoft.NET.Sdk.DefaultItems.targets (27,5)
       Property reassignment: $(DefaultItemExcludes)=";bin\Debug//**;obj\Debug//**;bin\/**;obj\/**" (previous value: ";bin\Debug//**;obj\Debug//**;bin\/**") at /usr/local/share/dotnet/sdk/9.0.200/Sdks/Microsoft.NET.Sdk/targets/Microsoft.NET.Sdk.DefaultItems.targets (29,5)
       Property reassignment: $(DefaultItemExcludes)=";bin\Debug//**;obj\Debug//**;bin\/**;obj\/**;**/*.user" (previous value: ";bin\Debug//**;obj\Debug//**;bin\/**;obj\/**") at /usr/local/share/dotnet/sdk/9.0.200/Sdks/Microsoft.NET.Sdk/targets/Microsoft.NET.Sdk.DefaultItems.targets (32,5)
       Property reassignment: $(DefaultItemExcludes)=";bin\Debug//**;obj\Debug//**;bin\/**;obj\/**;**/*.user;**/*.*proj" (previous value: ";bin\Debug//**;obj\Debug//**;bin\/**;obj\/**;**/*.user") at /usr/local/share/dotnet/sdk/9.0.200/Sdks/Microsoft.NET.Sdk/targets/Microsoft.NET.Sdk.DefaultItems.targets (33,5)
       Property reassignment: $(_ShimInputCacheFile)="/Users/dacanetdev/Dev/AIGenerated/RoadmapSkills/src/DeventSoft.RoadmapSkills.Api/obj/Debug/net8.0/DeventSoft.RoadmapSkills.Api.shiminput.cache" (previous value: "obj\Debug/net8.0/DeventSoft.RoadmapSkills.Api.shiminput.cache") at /usr/local/share/dotnet/sdk/9.0.200/Sdks/Microsoft.NET.Sdk/targets/Microsoft.NET.PackTool.targets (137,5)
       Property reassignment: $(_ShimCreatedSentinelFile)="/Users/dacanetdev/Dev/AIGenerated/RoadmapSkills/src/DeventSoft.RoadmapSkills.Api/obj/Debug/net8.0/DeventSoft.RoadmapSkills.Api.shimcreated.sentinel" (previous value: "obj\Debug/net8.0/DeventSoft.RoadmapSkills.Api.shimcreated.sentinel") at /usr/local/share/dotnet/sdk/9.0.200/Sdks/Microsoft.NET.Sdk/targets/Microsoft.NET.PackTool.targets (139,5)
       Property reassignment: $(DefineConstants)="TRACE;DEBUG" (previous value: "TRACE") at /usr/local/share/dotnet/sdk/9.0.200/Sdks/Microsoft.NET.Sdk/targets/Microsoft.NET.Sdk.CSharp.targets (31,5)
       Property reassignment: $(DefineConstants)="TRACE;DEBUG;NET;NET8_0;NETCOREAPP" (previous value: "TRACE;DEBUG") at /usr/local/share/dotnet/sdk/9.0.200/Sdks/Microsoft.NET.Sdk/targets/Microsoft.NET.Sdk.CSharp.targets (34,5)
       Property reassignment: $(WarningsAsErrors)=";NU1605;SYSLIB0011" (previous value: ";NU1605") at /usr/local/share/dotnet/sdk/9.0.200/Sdks/Microsoft.NET.Sdk/targets/Microsoft.NET.Sdk.CSharp.targets (48,5)
       Property reassignment: $(PackageDescription)="Package Description" (previous value: "") at /usr/local/share/dotnet/sdk/9.0.200/Sdks/NuGet.Build.Tasks.Pack/build/NuGet.Build.Tasks.Pack.targets (34,5)
       Property reassignment: $(ProjectAssetsCacheFile)="/Users/dacanetdev/Dev/AIGenerated/RoadmapSkills/src/Modules/Users/DeventSoft.RoadmapSkills.Users.Application/obj/Debug/net8.0/DeventSoft.RoadmapSkills.Users.Application.assets.cache" (previous value: "obj\Debug/net8.0/DeventSoft.RoadmapSkills.Users.Application.assets.cache") at /usr/local/share/dotnet/sdk/9.0.200/Sdks/Microsoft.NET.Sdk/targets/Microsoft.PackageDependencyResolution.targets (29,5)
       Property reassignment: $(GenerateNuspecDependsOn)="Build;_LoadPackInputItems; _GetTargetFrameworksOutput; _WalkEachTargetPerFramework; _GetPackageFiles; " (previous value: "_LoadPackInputItems; _GetTargetFrameworksOutput; _WalkEachTargetPerFramework; _GetPackageFiles; ") at /usr/local/share/dotnet/sdk/9.0.200/Sdks/NuGet.Build.Tasks.Pack/build/NuGet.Build.Tasks.Pack.targets (59,5)
       Property reassignment: $(_IsNotSetContainersTargetsDir)="true" (previous value: "false") at /usr/local/share/dotnet/sdk/9.0.200/Sdks/Microsoft.NET.Sdk/Sdk/Sdk.targets (60,5)
       Property reassignment: $(ResolveAssemblyReferencesDependsOn)="
             
             ResolveProjectReferences;
             FindInvalidProjectReferences;
             GetFrameworkPaths;
             GetReferenceAssemblyPaths;
             PrepareForBuild;
             ResolveSDKReferences;
             ExpandSDKReferences;
           ;
             ResolvePackageDependenciesForBuild;
             _HandlePackageFileConflicts;
           " (previous value: "
             ResolveProjectReferences;
             FindInvalidProjectReferences;
             GetFrameworkPaths;
             GetReferenceAssemblyPaths;
             PrepareForBuild;
             ResolveSDKReferences;
             ExpandSDKReferences;
           ") at /usr/local/share/dotnet/sdk/9.0.200/Sdks/Microsoft.NET.Sdk/targets/Microsoft.PackageDependencyResolution.targets (80,5)
       Property reassignment: $(PrepareResourcesDependsOn)="
             ResolvePackageDependenciesForBuild;
             _HandlePackageFileConflicts;
             
             ;
             PrepareResourceNames;
             ResGen;
             CompileLicxFiles
           
           " (previous value: "
             ;
             PrepareResourceNames;
             ResGen;
             CompileLicxFiles
           ") at /usr/local/share/dotnet/sdk/9.0.200/Sdks/Microsoft.NET.Sdk/targets/Microsoft.PackageDependencyResolution.targets (86,5)
       Property reassignment: $(PackageDescription)="Package Description" (previous value: "") at /usr/local/share/dotnet/sdk/9.0.200/Sdks/NuGet.Build.Tasks.Pack/build/NuGet.Build.Tasks.Pack.targets (34,5)
       Property reassignment: $(DefaultItemExcludes)=";bin\Debug//**;obj\Debug//**;bin\/**" (previous value: ";bin\Debug//**;obj\Debug//**") at /usr/local/share/dotnet/sdk/9.0.200/Sdks/Microsoft.NET.Sdk/targets/Microsoft.NET.Sdk.DefaultItems.targets (27,5)
       Property reassignment: $(DefaultItemExcludes)=";bin\Debug//**;obj\Debug//**;bin\/**;obj\/**" (previous value: ";bin\Debug//**;obj\Debug//**;bin\/**") at /usr/local/share/dotnet/sdk/9.0.200/Sdks/Microsoft.NET.Sdk/targets/Microsoft.NET.Sdk.DefaultItems.targets (29,5)
       Property reassignment: $(GenerateNuspecDependsOn)="Build;_LoadPackInputItems; _GetTargetFrameworksOutput; _WalkEachTargetPerFramework; _GetPackageFiles; " (previous value: "_LoadPackInputItems; _GetTargetFrameworksOutput; _WalkEachTargetPerFramework; _GetPackageFiles; ") at /usr/local/share/dotnet/sdk/9.0.200/Sdks/NuGet.Build.Tasks.Pack/build/NuGet.Build.Tasks.Pack.targets (59,5)
       Property reassignment: $(DefaultItemExcludes)=";bin\Debug//**;obj\Debug//**;bin\/**;obj\/**;**/*.user" (previous value: ";bin\Debug//**;obj\Debug//**;bin\/**;obj\/**") at /usr/local/share/dotnet/sdk/9.0.200/Sdks/Microsoft.NET.Sdk/targets/Microsoft.NET.Sdk.DefaultItems.targets (32,5)
       Property reassignment: $(DefaultItemExcludes)=";bin\Debug//**;obj\Debug//**;bin\/**;obj\/**;**/*.user;**/*.*proj" (previous value: ";bin\Debug//**;obj\Debug//**;bin\/**;obj\/**;**/*.user") at /usr/local/share/dotnet/sdk/9.0.200/Sdks/Microsoft.NET.Sdk/targets/Microsoft.NET.Sdk.DefaultItems.targets (33,5)
       Property reassignment: $(_IsNotSetContainersTargetsDir)="true" (previous value: "false") at /usr/local/share/dotnet/sdk/9.0.200/Sdks/Microsoft.NET.Sdk/Sdk/Sdk.targets (60,5)
       Property reassignment: $(DefaultItemExcludes)=";bin\Debug//**;obj\Debug//**;bin\/**;obj\/**;**/*.user;**/*.*proj;**/*.sln" (previous value: ";bin\Debug//**;obj\Debug//**;bin\/**;obj\/**;**/*.user;**/*.*proj") at /usr/local/share/dotnet/sdk/9.0.200/Sdks/Microsoft.NET.Sdk/targets/Microsoft.NET.Sdk.DefaultItems.targets (34,5)
       Property reassignment: $(DefaultItemExcludes)=";bin\Debug//**;obj\Debug//**;bin\/**;obj\/**;**/*.user;**/*.*proj;**/*.sln;**/*.vssscc" (previous value: ";bin\Debug//**;obj\Debug//**;bin\/**;obj\/**;**/*.user;**/*.*proj;**/*.sln") at /usr/local/share/dotnet/sdk/9.0.200/Sdks/Microsoft.NET.Sdk/targets/Microsoft.NET.Sdk.DefaultItems.targets (35,5)
       Property reassignment: $(_IsSDKContainerAllowedVersion)="true" (previous value: "false") at /usr/local/share/dotnet/sdk/9.0.200/Containers/build/Microsoft.NET.Build.Containers.targets (5,5)
       Property reassignment: $(DefaultItemExcludes)=";bin\Debug//**;obj\Debug//**;bin\/**;obj\/**;**/*.user;**/*.*proj;**/*.sln;**/*.vssscc;**/.DS_Store" (previous value: ";bin\Debug//**;obj\Debug//**;bin\/**;obj\/**;**/*.user;**/*.*proj;**/*.sln;**/*.vssscc") at /usr/local/share/dotnet/sdk/9.0.200/Sdks/Microsoft.NET.Sdk/targets/Microsoft.NET.Sdk.DefaultItems.targets (36,5)
       Property reassignment: $(ResolveAssemblyReferencesDependsOn)="
             
             
             ResolveProjectReferences;
             FindInvalidProjectReferences;
             GetFrameworkPaths;
             GetReferenceAssemblyPaths;
             PrepareForBuild;
             ResolveSDKReferences;
             ExpandSDKReferences;
           ;
             ResolvePackageDependenciesForBuild;
             _HandlePackageFileConflicts;
           ;
             ResolveTargetingPackAssets;
           " (previous value: "
             
             ResolveProjectReferences;
             FindInvalidProjectReferences;
             GetFrameworkPaths;
             GetReferenceAssemblyPaths;
             PrepareForBuild;
             ResolveSDKReferences;
             ExpandSDKReferences;
           ;
             ResolvePackageDependenciesForBuild;
             _HandlePackageFileConflicts;
           ") at /usr/local/share/dotnet/sdk/9.0.200/Sdks/Microsoft.NET.Sdk/targets/Microsoft.NET.Sdk.FrameworkReferenceResolution.targets (14,5)
       Property reassignment: $(_ContainerIsTargetingNet8TFM)="true" (previous value: "false") at /usr/local/share/dotnet/sdk/9.0.200/Containers/build/Microsoft.NET.Build.Containers.targets (15,5)
       Property reassignment: $(_GenerateRuntimeConfigurationPropertyInputsCache)="/Users/dacanetdev/Dev/AIGenerated/RoadmapSkills/src/Modules/Users/DeventSoft.RoadmapSkills.Users.Application/obj/Debug/net8.0/DeventSoft.RoadmapSkills.Users.Application.genruntimeconfig.cache" (previous value: "obj\Debug/net8.0/DeventSoft.RoadmapSkills.Users.Application.genruntimeconfig.cache") at /usr/local/share/dotnet/sdk/9.0.200/Sdks/Microsoft.NET.Sdk/targets/Microsoft.NET.Sdk.targets (44,5)
       Property reassignment: $(_GeneratePublishDependencyFilePropertyInputsCache)="/Users/dacanetdev/Dev/AIGenerated/RoadmapSkills/src/Modules/Users/DeventSoft.RoadmapSkills.Users.Application/obj/Debug/net8.0/DeventSoft.RoadmapSkills.Users.Application.genpublishdeps.cache" (previous value: "obj\Debug/net8.0/DeventSoft.RoadmapSkills.Users.Application.genpublishdeps.cache") at /usr/local/share/dotnet/sdk/9.0.200/Sdks/Microsoft.NET.Sdk/targets/Microsoft.NET.Sdk.targets (46,5)
       Property reassignment: $(DefaultItemExcludes)=";bin\Debug//**;obj\Debug//**;bin\/**;obj\/**;**/*.user;**/*.*proj;**/*.sln" (previous value: ";bin\Debug//**;obj\Debug//**;bin\/**;obj\/**;**/*.user;**/*.*proj") at /usr/local/share/dotnet/sdk/9.0.200/Sdks/Microsoft.NET.Sdk/targets/Microsoft.NET.Sdk.DefaultItems.targets (34,5)
       Property reassignment: $(DefaultItemExcludes)=";bin\Debug//**;obj\Debug//**;bin\/**;obj\/**;**/*.user;**/*.*proj;**/*.sln;**/*.vssscc" (previous value: ";bin\Debug//**;obj\Debug//**;bin\/**;obj\/**;**/*.user;**/*.*proj;**/*.sln") at /usr/local/share/dotnet/sdk/9.0.200/Sdks/Microsoft.NET.Sdk/targets/Microsoft.NET.Sdk.DefaultItems.targets (35,5)
       Property reassignment: $(ProjectAssetsCacheFile)="/Users/dacanetdev/Dev/AIGenerated/RoadmapSkills/src/Modules/Users/DeventSoft.RoadmapSkills.Users.Domain/obj/Debug/net8.0/DeventSoft.RoadmapSkills.Users.Domain.assets.cache" (previous value: "obj\Debug/net8.0/DeventSoft.RoadmapSkills.Users.Domain.assets.cache") at /usr/local/share/dotnet/sdk/9.0.200/Sdks/Microsoft.NET.Sdk/targets/Microsoft.PackageDependencyResolution.targets (29,5)
       Property reassignment: $(ResolveAssemblyReferencesDependsOn)="
             
             ResolveProjectReferences;
             FindInvalidProjectReferences;
             GetFrameworkPaths;
             GetReferenceAssemblyPaths;
             PrepareForBuild;
             ResolveSDKReferences;
             ExpandSDKReferences;
           ;
             ResolvePackageDependenciesForBuild;
             _HandlePackageFileConflicts;
           " (previous value: "
             ResolveProjectReferences;
             FindInvalidProjectReferences;
             GetFrameworkPaths;
             GetReferenceAssemblyPaths;
             PrepareForBuild;
             ResolveSDKReferences;
             ExpandSDKReferences;
           ") at /usr/local/share/dotnet/sdk/9.0.200/Sdks/Microsoft.NET.Sdk/targets/Microsoft.PackageDependencyResolution.targets (80,5)
       Property reassignment: $(PrepareResourcesDependsOn)="
             ResolvePackageDependenciesForBuild;
             _HandlePackageFileConflicts;
             
             ;
             PrepareResourceNames;
             ResGen;
             CompileLicxFiles
           
           " (previous value: "
             ;
             PrepareResourceNames;
             ResGen;
             CompileLicxFiles
           ") at /usr/local/share/dotnet/sdk/9.0.200/Sdks/Microsoft.NET.Sdk/targets/Microsoft.PackageDependencyResolution.targets (86,5)
       Property reassignment: $(DefaultItemExcludes)=";bin\Debug//**;obj\Debug//**;bin\/**" (previous value: ";bin\Debug//**;obj\Debug//**") at /usr/local/share/dotnet/sdk/9.0.200/Sdks/Microsoft.NET.Sdk/targets/Microsoft.NET.Sdk.DefaultItems.targets (27,5)
       Property reassignment: $(DefaultItemExcludes)=";bin\Debug//**;obj\Debug//**;bin\/**;obj\/**" (previous value: ";bin\Debug//**;obj\Debug//**;bin\/**") at /usr/local/share/dotnet/sdk/9.0.200/Sdks/Microsoft.NET.Sdk/targets/Microsoft.NET.Sdk.DefaultItems.targets (29,5)
       Property reassignment: $(DefaultItemExcludes)=";bin\Debug//**;obj\Debug//**;bin\/**;obj\/**;**/*.user" (previous value: ";bin\Debug//**;obj\Debug//**;bin\/**;obj\/**") at /usr/local/share/dotnet/sdk/9.0.200/Sdks/Microsoft.NET.Sdk/targets/Microsoft.NET.Sdk.DefaultItems.targets (32,5)
       Property reassignment: $(DefaultItemExcludes)=";bin\Debug//**;obj\Debug//**;bin\/**;obj\/**;**/*.user;**/*.*proj" (previous value: ";bin\Debug//**;obj\Debug//**;bin\/**;obj\/**;**/*.user") at /usr/local/share/dotnet/sdk/9.0.200/Sdks/Microsoft.NET.Sdk/targets/Microsoft.NET.Sdk.DefaultItems.targets (33,5)
       Property reassignment: $(DefaultItemExcludes)=";bin\Debug//**;obj\Debug//**;bin\/**;obj\/**;**/*.user;**/*.*proj;**/*.sln" (previous value: ";bin\Debug//**;obj\Debug//**;bin\/**;obj\/**;**/*.user;**/*.*proj") at /usr/local/share/dotnet/sdk/9.0.200/Sdks/Microsoft.NET.Sdk/targets/Microsoft.NET.Sdk.DefaultItems.targets (34,5)
       Property reassignment: $(DefaultItemExcludes)=";bin\Debug//**;obj\Debug//**;bin\/**;obj\/**;**/*.user;**/*.*proj;**/*.sln;**/*.vssscc" (previous value: ";bin\Debug//**;obj\Debug//**;bin\/**;obj\/**;**/*.user;**/*.*proj;**/*.sln") at /usr/local/share/dotnet/sdk/9.0.200/Sdks/Microsoft.NET.Sdk/targets/Microsoft.NET.Sdk.DefaultItems.targets (35,5)
       Property reassignment: $(DefaultItemExcludes)=";bin\Debug//**;obj\Debug//**;bin\/**;obj\/**;**/*.user;**/*.*proj;**/*.sln;**/*.vssscc;**/.DS_Store" (previous value: ";bin\Debug//**;obj\Debug//**;bin\/**;obj\/**;**/*.user;**/*.*proj;**/*.sln;**/*.vssscc") at /usr/local/share/dotnet/sdk/9.0.200/Sdks/Microsoft.NET.Sdk/targets/Microsoft.NET.Sdk.DefaultItems.targets (36,5)
       Property reassignment: $(ResolveAssemblyReferencesDependsOn)="
             
             
             ResolveProjectReferences;
             FindInvalidProjectReferences;
             GetFrameworkPaths;
             GetReferenceAssemblyPaths;
             PrepareForBuild;
             ResolveSDKReferences;
             ExpandSDKReferences;
           ;
             ResolvePackageDependenciesForBuild;
             _HandlePackageFileConflicts;
           ;
             ResolveTargetingPackAssets;
           " (previous value: "
             
             ResolveProjectReferences;
             FindInvalidProjectReferences;
             GetFrameworkPaths;
             GetReferenceAssemblyPaths;
             PrepareForBuild;
             ResolveSDKReferences;
             ExpandSDKReferences;
           ;
             ResolvePackageDependenciesForBuild;
             _HandlePackageFileConflicts;
           ") at /usr/local/share/dotnet/sdk/9.0.200/Sdks/Microsoft.NET.Sdk/targets/Microsoft.NET.Sdk.FrameworkReferenceResolution.targets (14,5)
       Property reassignment: $(DefaultItemExcludes)=";bin\Debug//**;obj\Debug//**;bin\/**;obj\/**;**/*.user;**/*.*proj;**/*.sln;**/*.vssscc;**/.DS_Store" (previous value: ";bin\Debug//**;obj\Debug//**;bin\/**;obj\/**;**/*.user;**/*.*proj;**/*.sln;**/*.vssscc") at /usr/local/share/dotnet/sdk/9.0.200/Sdks/Microsoft.NET.Sdk/targets/Microsoft.NET.Sdk.DefaultItems.targets (36,5)
       Property reassignment: $(ResolveAssemblyReferencesDependsOn)="
             
             
             ResolveProjectReferences;
             FindInvalidProjectReferences;
             GetFrameworkPaths;
             GetReferenceAssemblyPaths;
             PrepareForBuild;
             ResolveSDKReferences;
             ExpandSDKReferences;
           ;
             ResolvePackageDependenciesForBuild;
             _HandlePackageFileConflicts;
           ;
             ResolveTargetingPackAssets;
           " (previous value: "
             
             ResolveProjectReferences;
             FindInvalidProjectReferences;
             GetFrameworkPaths;
             GetReferenceAssemblyPaths;
             PrepareForBuild;
             ResolveSDKReferences;
             ExpandSDKReferences;
           ;
             ResolvePackageDependenciesForBuild;
             _HandlePackageFileConflicts;
           ") at /usr/local/share/dotnet/sdk/9.0.200/Sdks/Microsoft.NET.Sdk/targets/Microsoft.NET.Sdk.FrameworkReferenceResolution.targets (14,5)
       Property reassignment: $(_IsSDKContainerAllowedVersion)="true" (previous value: "false") at /usr/local/share/dotnet/sdk/9.0.200/Containers/build/Microsoft.NET.Build.Containers.targets (5,5)
       Property reassignment: $(_GenerateSingleFileBundlePropertyInputsCache)="/Users/dacanetdev/Dev/AIGenerated/RoadmapSkills/src/Modules/Users/DeventSoft.RoadmapSkills.Users.Application/obj/Debug/net8.0/DeventSoft.RoadmapSkills.Users.Application.genbundle.cache" (previous value: "obj\Debug/net8.0/DeventSoft.RoadmapSkills.Users.Application.genbundle.cache") at /usr/local/share/dotnet/sdk/9.0.200/Sdks/Microsoft.NET.Sdk/targets/Microsoft.NET.Sdk.targets (48,5)
       Property reassignment: $(_ContainerIsTargetingNet8TFM)="true" (previous value: "false") at /usr/local/share/dotnet/sdk/9.0.200/Containers/build/Microsoft.NET.Build.Containers.targets (15,5)
       Property reassignment: $(GenerateRuntimeConfigDevFile)="false" (previous value: "true") at /usr/local/share/dotnet/sdk/9.0.200/Sdks/Microsoft.NET.Sdk/targets/Microsoft.NET.Sdk.targets (81,5)
       Property reassignment: $(_GenerateRuntimeConfigurationPropertyInputsCache)="/Users/dacanetdev/Dev/AIGenerated/RoadmapSkills/src/Modules/Users/DeventSoft.RoadmapSkills.Users.Domain/obj/Debug/net8.0/DeventSoft.RoadmapSkills.Users.Domain.genruntimeconfig.cache" (previous value: "obj\Debug/net8.0/DeventSoft.RoadmapSkills.Users.Domain.genruntimeconfig.cache") at /usr/local/share/dotnet/sdk/9.0.200/Sdks/Microsoft.NET.Sdk/targets/Microsoft.NET.Sdk.targets (44,5)
       Property reassignment: $(_GeneratePublishDependencyFilePropertyInputsCache)="/Users/dacanetdev/Dev/AIGenerated/RoadmapSkills/src/Modules/Users/DeventSoft.RoadmapSkills.Users.Domain/obj/Debug/net8.0/DeventSoft.RoadmapSkills.Users.Domain.genpublishdeps.cache" (previous value: "obj\Debug/net8.0/DeventSoft.RoadmapSkills.Users.Domain.genpublishdeps.cache") at /usr/local/share/dotnet/sdk/9.0.200/Sdks/Microsoft.NET.Sdk/targets/Microsoft.NET.Sdk.targets (46,5)
       /usr/local/share/dotnet/sdk/9.0.200/Sdks/Microsoft.NET.Sdk/targets/Microsoft.NET.Sdk.targets(96,5): message : Property 'HOME' with value '/Users/dacanetdev' expanded from the environment.
       Property reassignment: $(_DefaultUserProfileRuntimeStorePath)="/Users/dacanetdev/.dotnet/store" (previous value: "/Users/dacanetdev") at /usr/local/share/dotnet/sdk/9.0.200/Sdks/Microsoft.NET.Sdk/targets/Microsoft.NET.Sdk.targets (98,5)
       Property reassignment: $(AvailablePlatforms)="Any CPU,x86,x64,ARM32" (previous value: "Any CPU,x86,x64") at /usr/local/share/dotnet/sdk/9.0.200/Sdks/Microsoft.NET.Sdk/targets/Microsoft.NET.Sdk.targets (140,5)
       Property reassignment: $(AvailablePlatforms)="Any CPU,x86,x64,ARM32,ARM64" (previous value: "Any CPU,x86,x64,ARM32") at /usr/local/share/dotnet/sdk/9.0.200/Sdks/Microsoft.NET.Sdk/targets/Microsoft.NET.Sdk.targets (144,5)
       Property reassignment: $(CoreBuildDependsOn)="
             _CheckForBuildWithNoBuild;
             
             BuildOnlySettings;
             PrepareForBuild;
             PreBuildEvent;
             ResolveReferences;
             PrepareResources;
             ResolveKeySource;
             Compile;
             ExportWindowsMDFile;
             UnmanagedUnregistration;
             GenerateSerializationAssemblies;
             CreateSatelliteAssemblies;
             GenerateManifests;
             GetTargetPath;
             PrepareForRun;
             UnmanagedRegistration;
             IncrementalClean;
             PostBuildEvent
           ;
             GenerateBuildDependencyFile;
             GenerateBuildRuntimeConfigurationFiles
           " (previous value: "
             BuildOnlySettings;
             PrepareForBuild;
             PreBuildEvent;
             ResolveReferences;
             PrepareResources;
             ResolveKeySource;
             Compile;
             ExportWindowsMDFile;
             UnmanagedUnregistration;
             GenerateSerializationAssemblies;
             CreateSatelliteAssemblies;
             GenerateManifests;
             GetTargetPath;
             PrepareForRun;
             UnmanagedRegistration;
             IncrementalClean;
             PostBuildEvent
           ") at /usr/local/share/dotnet/sdk/9.0.200/Sdks/Microsoft.NET.Sdk/targets/Microsoft.NET.Sdk.targets (201,5)
       Property reassignment: $(CoreCleanDependsOn)="
             _SdkBeforeClean;
             
           " (previous value: "") at /usr/local/share/dotnet/sdk/9.0.200/Sdks/Microsoft.NET.Sdk/targets/Microsoft.NET.Sdk.targets (210,5)
       Property reassignment: $(RebuildDependsOn)="
             _SdkBeforeRebuild;
             
             BeforeRebuild;
             Clean;
             Build;
             AfterRebuild;
           
           " (previous value: "
             BeforeRebuild;
             Clean;
             Build;
             AfterRebuild;
           ") at /usr/local/share/dotnet/sdk/9.0.200/Sdks/Microsoft.NET.Sdk/targets/Microsoft.NET.Sdk.targets (217,5)
       Property reassignment: $(CompileDependsOn)="
             
             ResolveReferences;
             ResolveKeySource;
             SetWin32ManifestProperties;
             _SetPreferNativeArm64Win32ManifestProperties;
             FindReferenceAssembliesForReferences;
             _GenerateCompileInputs;
             BeforeCompile;
             _TimeStampBeforeCompile;
             _GenerateCompileDependencyCache;
             CoreCompile;
             _TimeStampAfterCompile;
             AfterCompile;
           ;
             _CreateAppHost;
             _CreateComHost;
             _GetIjwHostPaths;
           " (previous value: "
             ResolveReferences;
             ResolveKeySource;
             SetWin32ManifestProperties;
             _SetPreferNativeArm64Win32ManifestProperties;
             FindReferenceAssembliesForReferences;
             _GenerateCompileInputs;
             BeforeCompile;
             _TimeStampBeforeCompile;
             _GenerateCompileDependencyCache;
             CoreCompile;
             _TimeStampAfterCompile;
             AfterCompile;
           ") at /usr/local/share/dotnet/sdk/9.0.200/Sdks/Microsoft.NET.Sdk/targets/Microsoft.NET.Sdk.targets (784,5)
       Property reassignment: $(CreateSatelliteAssembliesDependsOn)="
             
             ;
             _GenerateSatelliteAssemblyInputs;
             ComputeIntermediateSatelliteAssemblies;
             GenerateSatelliteAssemblies
           ;
             CoreGenerateSatelliteAssemblies
           " (previous value: "
             ;
             _GenerateSatelliteAssemblyInputs;
             ComputeIntermediateSatelliteAssemblies;
             GenerateSatelliteAssemblies
           ") at /usr/local/share/dotnet/sdk/9.0.200/Sdks/Microsoft.NET.Sdk/targets/Microsoft.NET.Sdk.targets (1184,5)
       /usr/local/share/dotnet/sdk/9.0.200/Sdks/Microsoft.NET.Sdk.StaticWebAssets/targets/Sdk.StaticWebAssets.CurrentVersion.targets(37,18): message : Property 'DOTNET_HOST_PATH' with value '/usr/local/share/dotnet/dotnet' expanded from the environment.
       Property reassignment: $(PrepareForRunDependsOn)="StaticWebAssetsPrepareForRun;
             CopyFilesToOutputDirectory
           " (previous value: "
             CopyFilesToOutputDirectory
           ") at /usr/local/share/dotnet/sdk/9.0.200/Sdks/Microsoft.NET.Sdk.StaticWebAssets/targets/Microsoft.NET.Sdk.StaticWebAssets.targets (286,5)
       Property reassignment: $(GetCopyToOutputDirectoryItemsDependsOn)="
             AssignTargetPaths;
             
             AssignProjectConfiguration;
             _SplitProjectReferencesByFileExistence
           ;
             _GetProjectReferenceTargetFrameworkProperties;
             _PopulateCommonStateForGetCopyToOutputDirectoryItems
           ;AddStaticWebAssetsManifest;AddStaticWebAssetEndpointsBuildManifest" (previous value: "
             AssignTargetPaths;
             
             AssignProjectConfiguration;
             _SplitProjectReferencesByFileExistence
           ;
             _GetProjectReferenceTargetFrameworkProperties;
             _PopulateCommonStateForGetCopyToOutputDirectoryItems
           ") at /usr/local/share/dotnet/sdk/9.0.200/Sdks/Microsoft.NET.Sdk.StaticWebAssets/targets/Microsoft.NET.Sdk.StaticWebAssets.targets (323,5)
       Property reassignment: $(GenerateNuspecDependsOn)="
             IncludeStaticWebAssetsPackItems;
             Build;_LoadPackInputItems; _GetTargetFrameworksOutput; _WalkEachTargetPerFramework; _GetPackageFiles; ;
           " (previous value: "Build;_LoadPackInputItems; _GetTargetFrameworksOutput; _WalkEachTargetPerFramework; _GetPackageFiles; ") at /usr/local/share/dotnet/sdk/9.0.200/Sdks/Microsoft.NET.Sdk.StaticWebAssets/targets/Microsoft.NET.Sdk.StaticWebAssets.Pack.targets (46,5)
       Property reassignment: $(IncludeStaticWebAssetsPackItemsDependsOn)="
             Build;
             ResolveStaticWebAssetsConfiguration;LoadStaticWebAssetsBuildManifest
           ;
           " (previous value: "
             ResolveStaticWebAssetsConfiguration;LoadStaticWebAssetsBuildManifest
           ") at /usr/local/share/dotnet/sdk/9.0.200/Sdks/Microsoft.NET.Sdk.StaticWebAssets/targets/Microsoft.NET.Sdk.StaticWebAssets.Pack.targets (55,5)
       Property reassignment: $(ResolveStaticWebAssetsInputsDependsOn)="
           
             ResolveCoreStaticWebAssets;
             GenerateComputedBuildStaticWebAssets;
             
           ;
           ResolveScopedCssAssets;
         " (previous value: "
             ResolveCoreStaticWebAssets;
             GenerateComputedBuildStaticWebAssets;
             
           ") at /usr/local/share/dotnet/sdk/9.0.200/Sdks/Microsoft.NET.Sdk.StaticWebAssets/targets/Microsoft.NET.Sdk.StaticWebAssets.ScopedCss.targets (55,3)
       Property reassignment: $(GenerateComputedBuildStaticWebAssetsDependsOn)="
           ResolveCoreStaticWebAssets;;
           BundleScopedCssFiles;
         " (previous value: "ResolveCoreStaticWebAssets;") at /usr/local/share/dotnet/sdk/9.0.200/Sdks/Microsoft.NET.Sdk.StaticWebAssets/targets/Microsoft.NET.Sdk.StaticWebAssets.ScopedCss.targets (88,3)
       The SDK "Microsoft.NET.SDK.WorkloadAutoImportPropsLocator" was successfully resolved by the "Microsoft.DotNet.MSBuildWorkloadSdkResolver" resolver to location "null" and version "null".
       Property reassignment: $(ResolveCoreStaticWebAssetsDependsOn)="
             
             UpdateExistingPackageStaticWebAssets;
             ResolveProjectStaticWebAssets;
             ResolveEmbeddedProjectsStaticWebAssets;
             ResolveReferencedProjectsStaticWebAssets;
             ;
           ;
             ResolveJsInitializerModuleStaticWebAssets;
           " (previous value: "
             UpdateExistingPackageStaticWebAssets;
             ResolveProjectStaticWebAssets;
             ResolveEmbeddedProjectsStaticWebAssets;
             ResolveReferencedProjectsStaticWebAssets;
             ;
           ") at /usr/local/share/dotnet/sdk/9.0.200/Sdks/Microsoft.NET.Sdk.StaticWebAssets/targets/Microsoft.NET.Sdk.StaticWebAssets.JSModules.targets (37,5)
       Property reassignment: $(ResolveCoreStaticWebAssetsDependsOn)="
             
             
             UpdateExistingPackageStaticWebAssets;
             ResolveProjectStaticWebAssets;
             ResolveEmbeddedProjectsStaticWebAssets;
             ResolveReferencedProjectsStaticWebAssets;
             ;
           ;
             ResolveJsInitializerModuleStaticWebAssets;
           ;
             ResolveJSModuleStaticWebAssets;
           " (previous value: "
             
             UpdateExistingPackageStaticWebAssets;
             ResolveProjectStaticWebAssets;
             ResolveEmbeddedProjectsStaticWebAssets;
             ResolveReferencedProjectsStaticWebAssets;
             ;
           ;
             ResolveJsInitializerModuleStaticWebAssets;
           ") at /usr/local/share/dotnet/sdk/9.0.200/Sdks/Microsoft.NET.Sdk.StaticWebAssets/targets/Microsoft.NET.Sdk.StaticWebAssets.JSModules.targets (42,5)
       Property reassignment: $(ResolveStaticWebAssetsInputsDependsOn)="
             ResolveJSModuleManifestBuildStaticWebAssets;
             
           
             ResolveCoreStaticWebAssets;
             GenerateComputedBuildStaticWebAssets;
             
           ;
           ResolveScopedCssAssets;
         
           " (previous value: "
           
             ResolveCoreStaticWebAssets;
             GenerateComputedBuildStaticWebAssets;
             
           ;
           ResolveScopedCssAssets;
         ") at /usr/local/share/dotnet/sdk/9.0.200/Sdks/Microsoft.NET.Sdk.StaticWebAssets/targets/Microsoft.NET.Sdk.StaticWebAssets.JSModules.targets (57,5)
       Property reassignment: $(ResolvePublishStaticWebAssetsDependsOn)="
             ResolveJSModuleManifestPublishStaticWebAssets;
             
             ResolveCorePublishStaticWebAssets;
             GenerateComputedPublishStaticWebAssets;
             ;
           
           " (previous value: "
             ResolveCorePublishStaticWebAssets;
             GenerateComputedPublishStaticWebAssets;
             ;
           ") at /usr/local/share/dotnet/sdk/9.0.200/Sdks/Microsoft.NET.Sdk.StaticWebAssets/targets/Microsoft.NET.Sdk.StaticWebAssets.JSModules.targets (76,5)
       Property reassignment: $(ResolveBuildRelatedStaticWebAssetsDependsOn)="
             ResolveBuildCompressedStaticWebAssets;
             
             ResolveStaticWebAssetsInputs;
             
           
           " (previous value: "
             ResolveStaticWebAssetsInputs;
             
           ") at /usr/local/share/dotnet/sdk/9.0.200/Sdks/Microsoft.NET.Sdk.StaticWebAssets/targets/Microsoft.NET.Sdk.StaticWebAssets.Compression.targets (179,5)
       Property reassignment: $(ResolvePublishRelatedStaticWebAssetsDependsOn)="
             ResolvePublishCompressedStaticWebAssets;
             
           " (previous value: "") at /usr/local/share/dotnet/sdk/9.0.200/Sdks/Microsoft.NET.Sdk.StaticWebAssets/targets/Microsoft.NET.Sdk.StaticWebAssets.Compression.targets (198,5)
       Property reassignment: $(_GenerateRuntimeConfigurationPropertyInputsCache)="/Users/dacanetdev/Dev/AIGenerated/RoadmapSkills/tests/Modules/Users/DeventSoft.RoadmapSkills.Users.UnitTests/obj/Debug/net8.0/DeventSoft.RoadmapSkills.Users.UnitTests.genruntimeconfig.cache" (previous value: "obj\Debug/net8.0/DeventSoft.RoadmapSkills.Users.UnitTests.genruntimeconfig.cache") at /usr/local/share/dotnet/sdk/9.0.200/Sdks/Microsoft.NET.Sdk/targets/Microsoft.NET.Sdk.targets (44,5)
       Property reassignment: $(_GeneratePublishDependencyFilePropertyInputsCache)="/Users/dacanetdev/Dev/AIGenerated/RoadmapSkills/tests/Modules/Users/DeventSoft.RoadmapSkills.Users.UnitTests/obj/Debug/net8.0/DeventSoft.RoadmapSkills.Users.UnitTests.genpublishdeps.cache" (previous value: "obj\Debug/net8.0/DeventSoft.RoadmapSkills.Users.UnitTests.genpublishdeps.cache") at /usr/local/share/dotnet/sdk/9.0.200/Sdks/Microsoft.NET.Sdk/targets/Microsoft.NET.Sdk.targets (46,5)
       Property reassignment: $(_GenerateSingleFileBundlePropertyInputsCache)="/Users/dacanetdev/Dev/AIGenerated/RoadmapSkills/tests/Modules/Users/DeventSoft.RoadmapSkills.Users.UnitTests/obj/Debug/net8.0/DeventSoft.RoadmapSkills.Users.UnitTests.genbundle.cache" (previous value: "obj\Debug/net8.0/DeventSoft.RoadmapSkills.Users.UnitTests.genbundle.cache") at /usr/local/share/dotnet/sdk/9.0.200/Sdks/Microsoft.NET.Sdk/targets/Microsoft.NET.Sdk.targets (48,5)
       Property reassignment: $(GenerateRuntimeConfigDevFile)="false" (previous value: "true") at /usr/local/share/dotnet/sdk/9.0.200/Sdks/Microsoft.NET.Sdk/targets/Microsoft.NET.Sdk.targets (81,5)
       Property reassignment: $(_GenerateSingleFileBundlePropertyInputsCache)="/Users/dacanetdev/Dev/AIGenerated/RoadmapSkills/src/Modules/Users/DeventSoft.RoadmapSkills.Users.Domain/obj/Debug/net8.0/DeventSoft.RoadmapSkills.Users.Domain.genbundle.cache" (previous value: "obj\Debug/net8.0/DeventSoft.RoadmapSkills.Users.Domain.genbundle.cache") at /usr/local/share/dotnet/sdk/9.0.200/Sdks/Microsoft.NET.Sdk/targets/Microsoft.NET.Sdk.targets (48,5)
       Property reassignment: $(GenerateRuntimeConfigDevFile)="false" (previous value: "true") at /usr/local/share/dotnet/sdk/9.0.200/Sdks/Microsoft.NET.Sdk/targets/Microsoft.NET.Sdk.targets (81,5)
       /usr/local/share/dotnet/sdk/9.0.200/Sdks/Microsoft.NET.Sdk/targets/Microsoft.NET.Sdk.targets(96,5): message : Property 'HOME' with value '/Users/dacanetdev' expanded from the environment.
       Property reassignment: $(_DefaultUserProfileRuntimeStorePath)="/Users/dacanetdev/.dotnet/store" (previous value: "/Users/dacanetdev") at /usr/local/share/dotnet/sdk/9.0.200/Sdks/Microsoft.NET.Sdk/targets/Microsoft.NET.Sdk.targets (98,5)
       Property reassignment: $(AvailablePlatforms)="Any CPU,x86,x64,ARM32" (previous value: "Any CPU,x86,x64") at /usr/local/share/dotnet/sdk/9.0.200/Sdks/Microsoft.NET.Sdk/targets/Microsoft.NET.Sdk.targets (140,5)
       Property reassignment: $(AvailablePlatforms)="Any CPU,x86,x64,ARM32,ARM64" (previous value: "Any CPU,x86,x64,ARM32") at /usr/local/share/dotnet/sdk/9.0.200/Sdks/Microsoft.NET.Sdk/targets/Microsoft.NET.Sdk.targets (144,5)
       Property reassignment: $(CoreBuildDependsOn)="
             _CheckForBuildWithNoBuild;
             
             BuildOnlySettings;
             PrepareForBuild;
             PreBuildEvent;
             ResolveReferences;
             PrepareResources;
             ResolveKeySource;
             Compile;
             ExportWindowsMDFile;
             UnmanagedUnregistration;
             GenerateSerializationAssemblies;
             CreateSatelliteAssemblies;
             GenerateManifests;
             GetTargetPath;
             PrepareForRun;
             UnmanagedRegistration;
             IncrementalClean;
             PostBuildEvent
           ;
             GenerateBuildDependencyFile;
             GenerateBuildRuntimeConfigurationFiles
           " (previous value: "
             BuildOnlySettings;
             PrepareForBuild;
             PreBuildEvent;
             ResolveReferences;
             PrepareResources;
             ResolveKeySource;
             Compile;
             ExportWindowsMDFile;
             UnmanagedUnregistration;
             GenerateSerializationAssemblies;
             CreateSatelliteAssemblies;
             GenerateManifests;
             GetTargetPath;
             PrepareForRun;
             UnmanagedRegistration;
             IncrementalClean;
             PostBuildEvent
           ") at /usr/local/share/dotnet/sdk/9.0.200/Sdks/Microsoft.NET.Sdk/targets/Microsoft.NET.Sdk.targets (201,5)
       Property reassignment: $(CoreCleanDependsOn)="
             _SdkBeforeClean;
             
           " (previous value: "") at /usr/local/share/dotnet/sdk/9.0.200/Sdks/Microsoft.NET.Sdk/targets/Microsoft.NET.Sdk.targets (210,5)
       Property reassignment: $(RebuildDependsOn)="
             _SdkBeforeRebuild;
             
             BeforeRebuild;
             Clean;
             Build;
             AfterRebuild;
           
           " (previous value: "
             BeforeRebuild;
             Clean;
             Build;
             AfterRebuild;
           ") at /usr/local/share/dotnet/sdk/9.0.200/Sdks/Microsoft.NET.Sdk/targets/Microsoft.NET.Sdk.targets (217,5)
       Property reassignment: $(CompileDependsOn)="
             
             ResolveReferences;
             ResolveKeySource;
             SetWin32ManifestProperties;
             _SetPreferNativeArm64Win32ManifestProperties;
             FindReferenceAssembliesForReferences;
             _GenerateCompileInputs;
             BeforeCompile;
             _TimeStampBeforeCompile;
             _GenerateCompileDependencyCache;
             CoreCompile;
             _TimeStampAfterCompile;
             AfterCompile;
           ;
             _CreateAppHost;
             _CreateComHost;
             _GetIjwHostPaths;
           " (previous value: "
             ResolveReferences;
             ResolveKeySource;
             SetWin32ManifestProperties;
             _SetPreferNativeArm64Win32ManifestProperties;
             FindReferenceAssembliesForReferences;
             _GenerateCompileInputs;
             BeforeCompile;
             _TimeStampBeforeCompile;
             _GenerateCompileDependencyCache;
             CoreCompile;
             _TimeStampAfterCompile;
             AfterCompile;
           ") at /usr/local/share/dotnet/sdk/9.0.200/Sdks/Microsoft.NET.Sdk/targets/Microsoft.NET.Sdk.targets (784,5)
       Property reassignment: $(CreateSatelliteAssembliesDependsOn)="
             
             ;
             _GenerateSatelliteAssemblyInputs;
             ComputeIntermediateSatelliteAssemblies;
             GenerateSatelliteAssemblies
           ;
             CoreGenerateSatelliteAssemblies
           " (previous value: "
             ;
             _GenerateSatelliteAssemblyInputs;
             ComputeIntermediateSatelliteAssemblies;
             GenerateSatelliteAssemblies
           ") at /usr/local/share/dotnet/sdk/9.0.200/Sdks/Microsoft.NET.Sdk/targets/Microsoft.NET.Sdk.targets (1184,5)
       Property reassignment: $(DebugSymbolsProjectOutputGroupDependsOn)="
             ;
             _RazorAddDebugSymbolsProjectOutputGroupOutput
           " (previous value: "") at /usr/local/share/dotnet/sdk/9.0.200/Sdks/Microsoft.NET.Sdk.Razor/targets/Sdk.Razor.CurrentVersion.targets (205,5)
       Property reassignment: $(PrepareForBuildDependsOn)="
             ;GetFrameworkPaths;GetReferenceAssemblyPaths;AssignLinkMetadata;
             ResolveRazorGenerateInputs
           " (previous value: ";GetFrameworkPaths;GetReferenceAssemblyPaths;AssignLinkMetadata") at /usr/local/share/dotnet/sdk/9.0.200/Sdks/Microsoft.NET.Sdk.Razor/targets/Sdk.Razor.CurrentVersion.targets (210,5)
       Property reassignment: $(GenerateNuspecDependsOn)="
             ResolveRazorGenerateInputs;
             
             IncludeStaticWebAssetsPackItems;
             Build;_LoadPackInputItems; _GetTargetFrameworksOutput; _WalkEachTargetPerFramework; _GetPackageFiles; ;
           
           " (previous value: "
             IncludeStaticWebAssetsPackItems;
             Build;_LoadPackInputItems; _GetTargetFrameworksOutput; _WalkEachTargetPerFramework; _GetPackageFiles; ;
           ") at /usr/local/share/dotnet/sdk/9.0.200/Sdks/Microsoft.NET.Sdk.Razor/targets/Sdk.Razor.CurrentVersion.targets (215,5)
       Property reassignment: $(PrepareForRunDependsOn)="
             _RazorPrepareForRun;
             StaticWebAssetsPrepareForRun;
             CopyFilesToOutputDirectory
           
           " (previous value: "StaticWebAssetsPrepareForRun;
             CopyFilesToOutputDirectory
           ") at /usr/local/share/dotnet/sdk/9.0.200/Sdks/Microsoft.NET.Sdk.Razor/targets/Sdk.Razor.CurrentVersion.targets (220,5)
       Property reassignment: $(UseRazorBuildServer)="true" (previous value: "") at /usr/local/share/dotnet/sdk/9.0.200/Sdks/Microsoft.NET.Sdk.Razor/targets/Sdk.Razor.CurrentVersion.targets (311,5)
       Property reassignment: $(_RazorDebugSymbolsProduced)="true" (previous value: "false") at /usr/local/share/dotnet/sdk/9.0.200/Sdks/Microsoft.NET.Sdk.Razor/targets/Sdk.Razor.CurrentVersion.targets (317,5)
       /usr/local/share/dotnet/sdk/9.0.200/Sdks/Microsoft.NET.Sdk/targets/Microsoft.NET.Sdk.targets(96,5): message : Property 'HOME' with value '/Users/dacanetdev' expanded from the environment.
       Property reassignment: $(_DefaultUserProfileRuntimeStorePath)="/Users/dacanetdev/.dotnet/store" (previous value: "/Users/dacanetdev") at /usr/local/share/dotnet/sdk/9.0.200/Sdks/Microsoft.NET.Sdk/targets/Microsoft.NET.Sdk.targets (98,5)
       Property reassignment: $(AvailablePlatforms)="Any CPU,x86,x64,ARM32" (previous value: "Any CPU,x86,x64") at /usr/local/share/dotnet/sdk/9.0.200/Sdks/Microsoft.NET.Sdk/targets/Microsoft.NET.Sdk.targets (140,5)
       Property reassignment: $(AvailablePlatforms)="Any CPU,x86,x64,ARM32,ARM64" (previous value: "Any CPU,x86,x64,ARM32") at /usr/local/share/dotnet/sdk/9.0.200/Sdks/Microsoft.NET.Sdk/targets/Microsoft.NET.Sdk.targets (144,5)
       Property reassignment: $(SourceLinkUrlInitializerTargets)=";_InitializeGitHubSourceLinkUrl;_InitializeGitLabSourceLinkUrl" (previous value: ";_InitializeGitHubSourceLinkUrl") at /usr/local/share/dotnet/sdk/9.0.200/Sdks/Microsoft.SourceLink.GitLab/build/Microsoft.SourceLink.GitLab.targets (12,5)
       Property reassignment: $(CoreBuildDependsOn)="
             _CheckForBuildWithNoBuild;
             
             BuildOnlySettings;
             PrepareForBuild;
             PreBuildEvent;
             ResolveReferences;
             PrepareResources;
             ResolveKeySource;
             Compile;
             ExportWindowsMDFile;
             UnmanagedUnregistration;
             GenerateSerializationAssemblies;
             CreateSatelliteAssemblies;
             GenerateManifests;
             GetTargetPath;
             PrepareForRun;
             UnmanagedRegistration;
             IncrementalClean;
             PostBuildEvent
           ;
             GenerateBuildDependencyFile;
             GenerateBuildRuntimeConfigurationFiles
           " (previous value: "
             BuildOnlySettings;
             PrepareForBuild;
             PreBuildEvent;
             ResolveReferences;
             PrepareResources;
             ResolveKeySource;
             Compile;
             ExportWindowsMDFile;
             UnmanagedUnregistration;
             GenerateSerializationAssemblies;
             CreateSatelliteAssemblies;
             GenerateManifests;
             GetTargetPath;
             PrepareForRun;
             UnmanagedRegistration;
             IncrementalClean;
             PostBuildEvent
           ") at /usr/local/share/dotnet/sdk/9.0.200/Sdks/Microsoft.NET.Sdk/targets/Microsoft.NET.Sdk.targets (201,5)
       Property reassignment: $(SourceControlManagerUrlTranslationTargets)=";TranslateGitHubUrlsInSourceControlInformation;TranslateGitLabUrlsInSourceControlInformation" (previous value: ";TranslateGitHubUrlsInSourceControlInformation") at /usr/local/share/dotnet/sdk/9.0.200/Sdks/Microsoft.SourceLink.GitLab/build/Microsoft.SourceLink.GitLab.targets (13,5)
       Property reassignment: $(SourceLinkUrlInitializerTargets)=";_InitializeGitHubSourceLinkUrl;_InitializeGitLabSourceLinkUrl" (previous value: ";_InitializeGitHubSourceLinkUrl") at /usr/local/share/dotnet/sdk/9.0.200/Sdks/Microsoft.SourceLink.GitLab/build/Microsoft.SourceLink.GitLab.targets (12,5)
       Property reassignment: $(CoreCleanDependsOn)="
             _SdkBeforeClean;
             
           " (previous value: "") at /usr/local/share/dotnet/sdk/9.0.200/Sdks/Microsoft.NET.Sdk/targets/Microsoft.NET.Sdk.targets (210,5)
       Property reassignment: $(SourceControlManagerUrlTranslationTargets)=";TranslateGitHubUrlsInSourceControlInformation;TranslateGitLabUrlsInSourceControlInformation" (previous value: ";TranslateGitHubUrlsInSourceControlInformation") at /usr/local/share/dotnet/sdk/9.0.200/Sdks/Microsoft.SourceLink.GitLab/build/Microsoft.SourceLink.GitLab.targets (13,5)
       Property reassignment: $(RebuildDependsOn)="
             _SdkBeforeRebuild;
             
             BeforeRebuild;
             Clean;
             Build;
             AfterRebuild;
           
           " (previous value: "
             BeforeRebuild;
             Clean;
             Build;
             AfterRebuild;
           ") at /usr/local/share/dotnet/sdk/9.0.200/Sdks/Microsoft.NET.Sdk/targets/Microsoft.NET.Sdk.targets (217,5)
       Property reassignment: $(SourceLinkUrlInitializerTargets)=";_InitializeGitHubSourceLinkUrl;_InitializeGitLabSourceLinkUrl;_InitializeAzureReposGitSourceLinkUrl" (previous value: ";_InitializeGitHubSourceLinkUrl;_InitializeGitLabSourceLinkUrl") at /usr/local/share/dotnet/sdk/9.0.200/Sdks/Microsoft.SourceLink.AzureRepos.Git/build/Microsoft.SourceLink.AzureRepos.Git.targets (12,5)
       Property reassignment: $(CompileDependsOn)="
             
             ResolveReferences;
             ResolveKeySource;
             SetWin32ManifestProperties;
             _SetPreferNativeArm64Win32ManifestProperties;
             FindReferenceAssembliesForReferences;
             _GenerateCompileInputs;
             BeforeCompile;
             _TimeStampBeforeCompile;
             _GenerateCompileDependencyCache;
             CoreCompile;
             _TimeStampAfterCompile;
             AfterCompile;
           ;
             _CreateAppHost;
             _CreateComHost;
             _GetIjwHostPaths;
           " (previous value: "
             ResolveReferences;
             ResolveKeySource;
             SetWin32ManifestProperties;
             _SetPreferNativeArm64Win32ManifestProperties;
             FindReferenceAssembliesForReferences;
             _GenerateCompileInputs;
             BeforeCompile;
             _TimeStampBeforeCompile;
             _GenerateCompileDependencyCache;
             CoreCompile;
             _TimeStampAfterCompile;
             AfterCompile;
           ") at /usr/local/share/dotnet/sdk/9.0.200/Sdks/Microsoft.NET.Sdk/targets/Microsoft.NET.Sdk.targets (784,5)
       Property reassignment: $(SourceControlManagerUrlTranslationTargets)=";TranslateGitHubUrlsInSourceControlInformation;TranslateGitLabUrlsInSourceControlInformation;TranslateAzureReposGitUrlsInSourceControlInformation" (previous value: ";TranslateGitHubUrlsInSourceControlInformation;TranslateGitLabUrlsInSourceControlInformation") at /usr/local/share/dotnet/sdk/9.0.200/Sdks/Microsoft.SourceLink.AzureRepos.Git/build/Microsoft.SourceLink.AzureRepos.Git.targets (13,5)
       Property reassignment: $(CreateSatelliteAssembliesDependsOn)="
             
             ;
             _GenerateSatelliteAssemblyInputs;
             ComputeIntermediateSatelliteAssemblies;
             GenerateSatelliteAssemblies
           ;
             CoreGenerateSatelliteAssemblies
           " (previous value: "
             ;
             _GenerateSatelliteAssemblyInputs;
             ComputeIntermediateSatelliteAssemblies;
             GenerateSatelliteAssemblies
           ") at /usr/local/share/dotnet/sdk/9.0.200/Sdks/Microsoft.NET.Sdk/targets/Microsoft.NET.Sdk.targets (1184,5)
       Property reassignment: $(SourceLinkUrlInitializerTargets)=";_InitializeGitHubSourceLinkUrl;_InitializeGitLabSourceLinkUrl;_InitializeAzureReposGitSourceLinkUrl;_InitializeBitbucketGitSourceLinkUrl" (previous value: ";_InitializeGitHubSourceLinkUrl;_InitializeGitLabSourceLinkUrl;_InitializeAzureReposGitSourceLinkUrl") at /usr/local/share/dotnet/sdk/9.0.200/Sdks/Microsoft.SourceLink.Bitbucket.Git/build/Microsoft.SourceLink.Bitbucket.Git.targets (12,5)
       Property reassignment: $(SourceControlManagerUrlTranslationTargets)=";TranslateGitHubUrlsInSourceControlInformation;TranslateGitLabUrlsInSourceControlInformation;TranslateAzureReposGitUrlsInSourceControlInformation;TranslateBitbucketGitUrlsInSourceControlInformation" (previous value: ";TranslateGitHubUrlsInSourceControlInformation;TranslateGitLabUrlsInSourceControlInformation;TranslateAzureReposGitUrlsInSourceControlInformation") at /usr/local/share/dotnet/sdk/9.0.200/Sdks/Microsoft.SourceLink.Bitbucket.Git/build/Microsoft.SourceLink.Bitbucket.Git.targets (13,5)
       Property reassignment: $(DesignerRuntimeImplementationProjectOutputGroupDependsOn)="
             
             ;
             
             ;
             BuildOnlySettings;
             PrepareForBuild;
             AssignTargetPaths;
             ResolveReferences
           
           ;
             _GenerateDesignerDepsFile;
             _GenerateDesignerRuntimeConfigFile;
             GetCopyToOutputDirectoryItems;
             _GatherDesignerShadowCopyFiles;
           " (previous value: "
             ;
             
             ;
             BuildOnlySettings;
             PrepareForBuild;
             AssignTargetPaths;
             ResolveReferences
           
           ") at /usr/local/share/dotnet/sdk/9.0.200/Sdks/Microsoft.NET.Sdk/targets/Microsoft.NET.DesignerSupport.targets (21,5)
       Property reassignment: $(GenerateRazorTargetAssemblyInfoDependsOn)="
             _ResolveMvcAssemblyAttributes;
             
             GetRazorTargetAssemblyAttributes;
             _CreateRazorTargetAssemblyInfoInputsCacheFile;
             CoreGenerateRazorTargetAssemblyInfo
           
           " (previous value: "
             GetRazorTargetAssemblyAttributes;
             _CreateRazorTargetAssemblyInfoInputsCacheFile;
             CoreGenerateRazorTargetAssemblyInfo
           ") at /usr/local/share/dotnet/sdk/9.0.200/Sdks/Microsoft.NET.Sdk.Razor/targets/Microsoft.NET.Sdk.Razor.GenerateAssemblyInfo.targets (36,5)
       Property reassignment: $(SourceLinkUrlInitializerTargets)=";_InitializeGitHubSourceLinkUrl;_InitializeGitLabSourceLinkUrl;_InitializeAzureReposGitSourceLinkUrl" (previous value: ";_InitializeGitHubSourceLinkUrl;_InitializeGitLabSourceLinkUrl") at /usr/local/share/dotnet/sdk/9.0.200/Sdks/Microsoft.SourceLink.AzureRepos.Git/build/Microsoft.SourceLink.AzureRepos.Git.targets (12,5)
       Property reassignment: $(SourceControlManagerUrlTranslationTargets)=";TranslateGitHubUrlsInSourceControlInformation;TranslateGitLabUrlsInSourceControlInformation;TranslateAzureReposGitUrlsInSourceControlInformation" (previous value: ";TranslateGitHubUrlsInSourceControlInformation;TranslateGitLabUrlsInSourceControlInformation") at /usr/local/share/dotnet/sdk/9.0.200/Sdks/Microsoft.SourceLink.AzureRepos.Git/build/Microsoft.SourceLink.AzureRepos.Git.targets (13,5)
       Property reassignment: $(CoreCompileDependsOn)="
             ;_ComputeNonExistentFileProperty;ResolveCodeAnalysisRuleSet;
             _GenerateRazorAssemblyInfo
           " (previous value: ";_ComputeNonExistentFileProperty;ResolveCodeAnalysisRuleSet") at /usr/local/share/dotnet/sdk/9.0.200/Sdks/Microsoft.NET.Sdk.Razor/targets/Microsoft.NET.Sdk.Razor.GenerateAssemblyInfo.targets (181,5)
       Property reassignment: $(_GenerateRazorAssemblyInfoDependsOn)="
             _ResolveMvcAssemblyAttributes;
             RazorGetAssemblyAttributes;PrepareForBuild;_CoreGenerateRazorAssemblyInfo;
           " (previous value: "RazorGetAssemblyAttributes;PrepareForBuild;_CoreGenerateRazorAssemblyInfo") at /usr/local/share/dotnet/sdk/9.0.200/Sdks/Microsoft.NET.Sdk.Razor/targets/Microsoft.NET.Sdk.Razor.GenerateAssemblyInfo.targets (189,5)
       Property reassignment: $(SourceLinkUrlInitializerTargets)=";_InitializeGitHubSourceLinkUrl;_InitializeGitLabSourceLinkUrl;_InitializeAzureReposGitSourceLinkUrl;_InitializeBitbucketGitSourceLinkUrl" (previous value: ";_InitializeGitHubSourceLinkUrl;_InitializeGitLabSourceLinkUrl;_InitializeAzureReposGitSourceLinkUrl") at /usr/local/share/dotnet/sdk/9.0.200/Sdks/Microsoft.SourceLink.Bitbucket.Git/build/Microsoft.SourceLink.Bitbucket.Git.targets (12,5)
       Property reassignment: $(CoreCompileDependsOn)="
             _DiscoverMvcApplicationParts;
             
             ;_ComputeNonExistentFileProperty;ResolveCodeAnalysisRuleSet;
             _GenerateRazorAssemblyInfo
           ;
           " (previous value: "
             ;_ComputeNonExistentFileProperty;ResolveCodeAnalysisRuleSet;
             _GenerateRazorAssemblyInfo
           ") at /usr/local/share/dotnet/sdk/9.0.200/Sdks/Microsoft.NET.Sdk.Razor/targets/Microsoft.NET.Sdk.Razor.MvcApplicationPartsDiscovery.targets (22,5)
       Property reassignment: $(SourceControlManagerUrlTranslationTargets)=";TranslateGitHubUrlsInSourceControlInformation;TranslateGitLabUrlsInSourceControlInformation;TranslateAzureReposGitUrlsInSourceControlInformation;TranslateBitbucketGitUrlsInSourceControlInformation" (previous value: ";TranslateGitHubUrlsInSourceControlInformation;TranslateGitLabUrlsInSourceControlInformation;TranslateAzureReposGitUrlsInSourceControlInformation") at /usr/local/share/dotnet/sdk/9.0.200/Sdks/Microsoft.SourceLink.Bitbucket.Git/build/Microsoft.SourceLink.Bitbucket.Git.targets (13,5)
       Property reassignment: $(DesignerRuntimeImplementationProjectOutputGroupDependsOn)="
             
             ;
             
             ;
             BuildOnlySettings;
             PrepareForBuild;
             AssignTargetPaths;
             ResolveReferences
           
           ;
             _GenerateDesignerDepsFile;
             _GenerateDesignerRuntimeConfigFile;
             GetCopyToOutputDirectoryItems;
             _GatherDesignerShadowCopyFiles;
           " (previous value: "
             ;
             
             ;
             BuildOnlySettings;
             PrepareForBuild;
             AssignTargetPaths;
             ResolveReferences
           
           ") at /usr/local/share/dotnet/sdk/9.0.200/Sdks/Microsoft.NET.Sdk/targets/Microsoft.NET.DesignerSupport.targets (21,5)
       Property reassignment: $(RazorDesignTimeTargets)="/usr/local/share/dotnet/sdk/9.0.200/Sdks/Microsoft.NET.Sdk.Razor/targets/Microsoft.NET.Sdk.Razor.DesignTime.targets" (previous value: "/usr/local/share/dotnet/sdk/9.0.200/Microsoft/VisualStudio/Razor/Microsoft.NET.Sdk.Razor.DesignTime.targets") at /usr/local/share/dotnet/sdk/9.0.200/Sdks/Microsoft.NET.Sdk.Razor/targets/Sdk.Razor.CurrentVersion.targets (791,5)
       Property reassignment: $(_GenerateToolsSettingsFileCacheFile)="/Users/dacanetdev/Dev/AIGenerated/RoadmapSkills/src/Modules/Users/DeventSoft.RoadmapSkills.Users.Application/obj/Debug/net8.0/DeventSoft.RoadmapSkills.Users.Application.toolssettingsinput.cache" (previous value: "obj\Debug/net8.0/DeventSoft.RoadmapSkills.Users.Application.toolssettingsinput.cache") at /usr/local/share/dotnet/sdk/9.0.200/Sdks/Microsoft.NET.Sdk/targets/Microsoft.NET.PackTool.targets (68,5)
       Property reassignment: $(SourceLinkUrlInitializerTargets)=";_InitializeGitHubSourceLinkUrl;_InitializeGitLabSourceLinkUrl" (previous value: ";_InitializeGitHubSourceLinkUrl") at /usr/local/share/dotnet/sdk/9.0.200/Sdks/Microsoft.SourceLink.GitLab/build/Microsoft.SourceLink.GitLab.targets (12,5)
       Property reassignment: $(_ShimInputCacheFile)="/Users/dacanetdev/Dev/AIGenerated/RoadmapSkills/src/Modules/Users/DeventSoft.RoadmapSkills.Users.Application/obj/Debug/net8.0/DeventSoft.RoadmapSkills.Users.Application.shiminput.cache" (previous value: "obj\Debug/net8.0/DeventSoft.RoadmapSkills.Users.Application.shiminput.cache") at /usr/local/share/dotnet/sdk/9.0.200/Sdks/Microsoft.NET.Sdk/targets/Microsoft.NET.PackTool.targets (137,5)
       Property reassignment: $(_ShimCreatedSentinelFile)="/Users/dacanetdev/Dev/AIGenerated/RoadmapSkills/src/Modules/Users/DeventSoft.RoadmapSkills.Users.Application/obj/Debug/net8.0/DeventSoft.RoadmapSkills.Users.Application.shimcreated.sentinel" (previous value: "obj\Debug/net8.0/DeventSoft.RoadmapSkills.Users.Application.shimcreated.sentinel") at /usr/local/share/dotnet/sdk/9.0.200/Sdks/Microsoft.NET.Sdk/targets/Microsoft.NET.PackTool.targets (139,5)
       Property reassignment: $(SourceControlManagerUrlTranslationTargets)=";TranslateGitHubUrlsInSourceControlInformation;TranslateGitLabUrlsInSourceControlInformation" (previous value: ";TranslateGitHubUrlsInSourceControlInformation") at /usr/local/share/dotnet/sdk/9.0.200/Sdks/Microsoft.SourceLink.GitLab/build/Microsoft.SourceLink.GitLab.targets (13,5)
       Property reassignment: $(SourceLinkUrlInitializerTargets)=";_InitializeGitHubSourceLinkUrl;_InitializeGitLabSourceLinkUrl;_InitializeAzureReposGitSourceLinkUrl" (previous value: ";_InitializeGitHubSourceLinkUrl;_InitializeGitLabSourceLinkUrl") at /usr/local/share/dotnet/sdk/9.0.200/Sdks/Microsoft.SourceLink.AzureRepos.Git/build/Microsoft.SourceLink.AzureRepos.Git.targets (12,5)
       Property reassignment: $(SourceControlManagerUrlTranslationTargets)=";TranslateGitHubUrlsInSourceControlInformation;TranslateGitLabUrlsInSourceControlInformation;TranslateAzureReposGitUrlsInSourceControlInformation" (previous value: ";TranslateGitHubUrlsInSourceControlInformation;TranslateGitLabUrlsInSourceControlInformation") at /usr/local/share/dotnet/sdk/9.0.200/Sdks/Microsoft.SourceLink.AzureRepos.Git/build/Microsoft.SourceLink.AzureRepos.Git.targets (13,5)
       Property reassignment: $(SourceLinkUrlInitializerTargets)=";_InitializeGitHubSourceLinkUrl;_InitializeGitLabSourceLinkUrl;_InitializeAzureReposGitSourceLinkUrl;_InitializeBitbucketGitSourceLinkUrl" (previous value: ";_InitializeGitHubSourceLinkUrl;_InitializeGitLabSourceLinkUrl;_InitializeAzureReposGitSourceLinkUrl") at /usr/local/share/dotnet/sdk/9.0.200/Sdks/Microsoft.SourceLink.Bitbucket.Git/build/Microsoft.SourceLink.Bitbucket.Git.targets (12,5)
       Property reassignment: $(SourceControlManagerUrlTranslationTargets)=";TranslateGitHubUrlsInSourceControlInformation;TranslateGitLabUrlsInSourceControlInformation;TranslateAzureReposGitUrlsInSourceControlInformation;TranslateBitbucketGitUrlsInSourceControlInformation" (previous value: ";TranslateGitHubUrlsInSourceControlInformation;TranslateGitLabUrlsInSourceControlInformation;TranslateAzureReposGitUrlsInSourceControlInformation") at /usr/local/share/dotnet/sdk/9.0.200/Sdks/Microsoft.SourceLink.Bitbucket.Git/build/Microsoft.SourceLink.Bitbucket.Git.targets (13,5)
       The "Configuration" property is a global property, and cannot be modified.
       The "Platform" property is a global property, and cannot be modified.
       Property reassignment: $(PublishProfileImported)="false" (previous value: "true") at /usr/local/share/dotnet/sdk/9.0.200/Sdks/Microsoft.NET.Sdk/targets/Microsoft.NET.Sdk.ImportPublishProfile.targets (28,5)
       Property reassignment: $(TargetPlatformVersion)="" (previous value: "0.0") at /usr/local/share/dotnet/sdk/9.0.200/Sdks/Microsoft.NET.Sdk/targets/Microsoft.NET.TargetFrameworkInference.targets (69,5)
       Property reassignment: $(DesignerRuntimeImplementationProjectOutputGroupDependsOn)="
             
             ;
             
             ;
             BuildOnlySettings;
             PrepareForBuild;
             AssignTargetPaths;
             ResolveReferences
           
           ;
             _GenerateDesignerDepsFile;
             _GenerateDesignerRuntimeConfigFile;
             GetCopyToOutputDirectoryItems;
             _GatherDesignerShadowCopyFiles;
           " (previous value: "
             ;
             
             ;
             BuildOnlySettings;
             PrepareForBuild;
             AssignTargetPaths;
             ResolveReferences
           
           ") at /usr/local/share/dotnet/sdk/9.0.200/Sdks/Microsoft.NET.Sdk/targets/Microsoft.NET.DesignerSupport.targets (21,5)
       Property reassignment: $(DefineConstants)="TRACE;DEBUG" (previous value: "TRACE") at /usr/local/share/dotnet/sdk/9.0.200/Sdks/Microsoft.NET.Sdk/targets/Microsoft.NET.Sdk.CSharp.targets (31,5)
       Property reassignment: $(DefineConstants)="TRACE;DEBUG;NET;NET8_0;NETCOREAPP" (previous value: "TRACE;DEBUG") at /usr/local/share/dotnet/sdk/9.0.200/Sdks/Microsoft.NET.Sdk/targets/Microsoft.NET.Sdk.CSharp.targets (34,5)
       Property reassignment: $(WarningsAsErrors)=";NU1605;SYSLIB0011" (previous value: ";NU1605") at /usr/local/share/dotnet/sdk/9.0.200/Sdks/Microsoft.NET.Sdk/targets/Microsoft.NET.Sdk.CSharp.targets (48,5)
       Property reassignment: $(RunWorkingDirectory)="/Users/dacanetdev/Dev/AIGenerated/RoadmapSkills/src/DeventSoft.RoadmapSkills.Api" (previous value: "") at /usr/local/share/dotnet/sdk/9.0.200/Sdks/Microsoft.NET.Sdk.Web.ProjectSystem/targets/Microsoft.NET.Sdk.Web.ProjectSystem.targets (21,5)
       Property reassignment: $(DefaultItemExcludes)=";**\node_modules\**;node_modules\**;**\jspm_packages\**;jspm_packages\**;**\bower_components\**;bower_components\**;**\packages.lock.json;bin\Debug//**" (previous value: ";**\node_modules\**;node_modules\**;**\jspm_packages\**;jspm_packages\**;**\bower_components\**;bower_components\**;**\packages.lock.json") at /usr/local/share/dotnet/sdk/9.0.200/Sdks/Microsoft.NET.Sdk/targets/Microsoft.NET.DefaultOutputPaths.targets (121,5)
       Property reassignment: $(DefaultItemExcludes)=";**\node_modules\**;node_modules\**;**\jspm_packages\**;jspm_packages\**;**\bower_components\**;bower_components\**;**\packages.lock.json;bin\Debug//**;obj\Debug//**" (previous value: ";**\node_modules\**;node_modules\**;**\jspm_packages\**;jspm_packages\**;**\bower_components\**;bower_components\**;**\packages.lock.json;bin\Debug//**") at /usr/local/share/dotnet/sdk/9.0.200/Sdks/Microsoft.NET.Sdk/targets/Microsoft.NET.DefaultOutputPaths.targets (122,5)
       Property reassignment: $(OutputPath)="bin\Debug/net8.0/" (previous value: "bin\Debug/") at /usr/local/share/dotnet/sdk/9.0.200/Sdks/Microsoft.NET.Sdk/targets/Microsoft.NET.DefaultOutputPaths.targets (137,5)
       Property reassignment: $(IntermediateOutputPath)="obj\Debug/net8.0/" (previous value: "obj\Debug/") at /usr/local/share/dotnet/sdk/9.0.200/Sdks/Microsoft.NET.Sdk/targets/Microsoft.NET.DefaultOutputPaths.targets (142,5)
       Property reassignment: $(PackageDescription)="Package Description" (previous value: "") at /usr/local/share/dotnet/sdk/9.0.200/Sdks/NuGet.Build.Tasks.Pack/build/NuGet.Build.Tasks.Pack.targets (34,5)
       Property reassignment: $(GenerateNuspecDependsOn)="Build;_LoadPackInputItems; _GetTargetFrameworksOutput; _WalkEachTargetPerFramework; _GetPackageFiles; " (previous value: "_LoadPackInputItems; _GetTargetFrameworksOutput; _WalkEachTargetPerFramework; _GetPackageFiles; ") at /usr/local/share/dotnet/sdk/9.0.200/Sdks/NuGet.Build.Tasks.Pack/build/NuGet.Build.Tasks.Pack.targets (59,5)
       Property reassignment: $(_GenerateToolsSettingsFileCacheFile)="/Users/dacanetdev/Dev/AIGenerated/RoadmapSkills/src/Modules/Users/DeventSoft.RoadmapSkills.Users.Domain/obj/Debug/net8.0/DeventSoft.RoadmapSkills.Users.Domain.toolssettingsinput.cache" (previous value: "obj\Debug/net8.0/DeventSoft.RoadmapSkills.Users.Domain.toolssettingsinput.cache") at /usr/local/share/dotnet/sdk/9.0.200/Sdks/Microsoft.NET.Sdk/targets/Microsoft.NET.PackTool.targets (68,5)
       Property reassignment: $(_ShimInputCacheFile)="/Users/dacanetdev/Dev/AIGenerated/RoadmapSkills/src/Modules/Users/DeventSoft.RoadmapSkills.Users.Domain/obj/Debug/net8.0/DeventSoft.RoadmapSkills.Users.Domain.shiminput.cache" (previous value: "obj\Debug/net8.0/DeventSoft.RoadmapSkills.Users.Domain.shiminput.cache") at /usr/local/share/dotnet/sdk/9.0.200/Sdks/Microsoft.NET.Sdk/targets/Microsoft.NET.PackTool.targets (137,5)
       Property reassignment: $(_IsNotSetContainersTargetsDir)="true" (previous value: "false") at /usr/local/share/dotnet/sdk/9.0.200/Sdks/Microsoft.NET.Sdk/Sdk/Sdk.targets (60,5)
       Property reassignment: $(_ShimCreatedSentinelFile)="/Users/dacanetdev/Dev/AIGenerated/RoadmapSkills/src/Modules/Users/DeventSoft.RoadmapSkills.Users.Domain/obj/Debug/net8.0/DeventSoft.RoadmapSkills.Users.Domain.shimcreated.sentinel" (previous value: "obj\Debug/net8.0/DeventSoft.RoadmapSkills.Users.Domain.shimcreated.sentinel") at /usr/local/share/dotnet/sdk/9.0.200/Sdks/Microsoft.NET.Sdk/targets/Microsoft.NET.PackTool.targets (139,5)
       Property reassignment: $(PublishProfileImported)="true" (previous value: "false") at /usr/local/share/dotnet/sdk/9.0.200/Sdks/Microsoft.NET.Sdk.Publish/targets/Microsoft.NET.Sdk.Publish.targets (60,5)
       Property reassignment: $(PublishConfiguration)="Debug" (previous value: "") at /usr/local/share/dotnet/sdk/9.0.200/Sdks/Microsoft.NET.Sdk.Publish/targets/Microsoft.NET.Sdk.Publish.targets (81,5)
       Property reassignment: $(BaseIntermediateOutputPath)="/Users/dacanetdev/Dev/AIGenerated/RoadmapSkills/src/DeventSoft.RoadmapSkills.Api/obj/" (previous value: "obj\") at /usr/local/share/dotnet/sdk/9.0.200/Sdks/Microsoft.NET.Sdk.Publish/targets/Microsoft.NET.Sdk.Publish.targets (87,5)
       Property reassignment: $(_GenerateToolsSettingsFileCacheFile)="/Users/dacanetdev/Dev/AIGenerated/RoadmapSkills/tests/Modules/Users/DeventSoft.RoadmapSkills.Users.UnitTests/obj/Debug/net8.0/DeventSoft.RoadmapSkills.Users.UnitTests.toolssettingsinput.cache" (previous value: "obj\Debug/net8.0/DeventSoft.RoadmapSkills.Users.UnitTests.toolssettingsinput.cache") at /usr/local/share/dotnet/sdk/9.0.200/Sdks/Microsoft.NET.Sdk/targets/Microsoft.NET.PackTool.targets (68,5)
       Property reassignment: $(_ShimInputCacheFile)="/Users/dacanetdev/Dev/AIGenerated/RoadmapSkills/tests/Modules/Users/DeventSoft.RoadmapSkills.Users.UnitTests/obj/Debug/net8.0/DeventSoft.RoadmapSkills.Users.UnitTests.shiminput.cache" (previous value: "obj\Debug/net8.0/DeventSoft.RoadmapSkills.Users.UnitTests.shiminput.cache") at /usr/local/share/dotnet/sdk/9.0.200/Sdks/Microsoft.NET.Sdk/targets/Microsoft.NET.PackTool.targets (137,5)
       Property reassignment: $(TargetsForTfmSpecificContentInPackage)=";PackTool;_PackProjectToolValidation" (previous value: ";PackTool") at /usr/local/share/dotnet/sdk/9.0.200/Sdks/Microsoft.NET.Sdk/targets/Microsoft.NET.PackProjectTool.props (15,5)
       Property reassignment: $(DefineConstants)="TRACE;DEBUG" (previous value: "TRACE") at /usr/local/share/dotnet/sdk/9.0.200/Sdks/Microsoft.NET.Sdk/targets/Microsoft.NET.Sdk.CSharp.targets (31,5)
       Property reassignment: $(DefineConstants)="TRACE;DEBUG;NET;NET8_0;NETCOREAPP" (previous value: "TRACE;DEBUG") at /usr/local/share/dotnet/sdk/9.0.200/Sdks/Microsoft.NET.Sdk/targets/Microsoft.NET.Sdk.CSharp.targets (34,5)
       Property reassignment: $(WarningsAsErrors)=";NU1605;SYSLIB0011" (previous value: ";NU1605") at /usr/local/share/dotnet/sdk/9.0.200/Sdks/Microsoft.NET.Sdk/targets/Microsoft.NET.Sdk.CSharp.targets (48,5)
       Property reassignment: $(_ShimCreatedSentinelFile)="/Users/dacanetdev/Dev/AIGenerated/RoadmapSkills/tests/Modules/Users/DeventSoft.RoadmapSkills.Users.UnitTests/obj/Debug/net8.0/DeventSoft.RoadmapSkills.Users.UnitTests.shimcreated.sentinel" (previous value: "obj\Debug/net8.0/DeventSoft.RoadmapSkills.Users.UnitTests.shimcreated.sentinel") at /usr/local/share/dotnet/sdk/9.0.200/Sdks/Microsoft.NET.Sdk/targets/Microsoft.NET.PackTool.targets (139,5)
       Property reassignment: $(DefineConstants)="TRACE;DEBUG" (previous value: "TRACE") at /usr/local/share/dotnet/sdk/9.0.200/Sdks/Microsoft.NET.Sdk/targets/Microsoft.NET.Sdk.CSharp.targets (31,5)
       Property reassignment: $(DefineConstants)="TRACE;DEBUG;NET;NET8_0;NETCOREAPP" (previous value: "TRACE;DEBUG") at /usr/local/share/dotnet/sdk/9.0.200/Sdks/Microsoft.NET.Sdk/targets/Microsoft.NET.Sdk.CSharp.targets (34,5)
       Property reassignment: $(WarningsAsErrors)=";NU1605;SYSLIB0011" (previous value: ";NU1605") at /usr/local/share/dotnet/sdk/9.0.200/Sdks/Microsoft.NET.Sdk/targets/Microsoft.NET.Sdk.CSharp.targets (48,5)
       Property reassignment: $(_IsSDKContainerAllowedVersion)="true" (previous value: "false") at /usr/local/share/dotnet/sdk/9.0.200/Containers/build/Microsoft.NET.Build.Containers.targets (5,5)
       Property reassignment: $(_ContainerIsTargetingNet8TFM)="true" (previous value: "false") at /usr/local/share/dotnet/sdk/9.0.200/Containers/build/Microsoft.NET.Build.Containers.targets (15,5)
       Property reassignment: $(_FrameworkIdentifierForImplicitDefine)="NET" (previous value: "NETCOREAPP") at /usr/local/share/dotnet/sdk/9.0.200/Sdks/Microsoft.NET.Sdk/targets/Microsoft.NET.Sdk.BeforeCommon.targets (187,5)
       Property reassignment: $(_FrameworkVersionForImplicitDefine)="8_0" (previous value: "8.0") at /usr/local/share/dotnet/sdk/9.0.200/Sdks/Microsoft.NET.Sdk/targets/Microsoft.NET.Sdk.BeforeCommon.targets (192,5)
       Property reassignment: $(CommandLineArgsForDesignTimeEvaluation)="-langversion:12.0 -define:TRACE" (previous value: "-langversion:12.0") at /usr/local/share/dotnet/sdk/9.0.200/Roslyn/Microsoft.CSharp.Core.targets (200,5)
       Property reassignment: $(PackageDescription)="Package Description" (previous value: "") at /usr/local/share/dotnet/sdk/9.0.200/Sdks/NuGet.Build.Tasks.Pack/build/NuGet.Build.Tasks.Pack.targets (34,5)
       Property reassignment: $(GenerateNuspecDependsOn)="Build;_LoadPackInputItems; _GetTargetFrameworksOutput; _WalkEachTargetPerFramework; _GetPackageFiles; " (previous value: "_LoadPackInputItems; _GetTargetFrameworksOutput; _WalkEachTargetPerFramework; _GetPackageFiles; ") at /usr/local/share/dotnet/sdk/9.0.200/Sdks/NuGet.Build.Tasks.Pack/build/NuGet.Build.Tasks.Pack.targets (59,5)
       Property reassignment: $(_IsNotSetContainersTargetsDir)="true" (previous value: "false") at /usr/local/share/dotnet/sdk/9.0.200/Sdks/Microsoft.NET.Sdk/Sdk/Sdk.targets (60,5)
       Property reassignment: $(_IsSDKContainerAllowedVersion)="true" (previous value: "false") at /usr/local/share/dotnet/sdk/9.0.200/Containers/build/Microsoft.NET.Build.Containers.targets (5,5)
       Property reassignment: $(_ContainerIsTargetingNet8TFM)="true" (previous value: "false") at /usr/local/share/dotnet/sdk/9.0.200/Containers/build/Microsoft.NET.Build.Containers.targets (15,5)
       The "Platform" property is a global property, and cannot be modified.
       Property reassignment: $(PackageDescription)="Package Description" (previous value: "") at /usr/local/share/dotnet/sdk/9.0.200/Sdks/NuGet.Build.Tasks.Pack/build/NuGet.Build.Tasks.Pack.targets (34,5)
       The "Configuration" property is a global property, and cannot be modified.
       Property reassignment: $(GenerateNuspecDependsOn)="Build;_LoadPackInputItems; _GetTargetFrameworksOutput; _WalkEachTargetPerFramework; _GetPackageFiles; " (previous value: "_LoadPackInputItems; _GetTargetFrameworksOutput; _WalkEachTargetPerFramework; _GetPackageFiles; ") at /usr/local/share/dotnet/sdk/9.0.200/Sdks/NuGet.Build.Tasks.Pack/build/NuGet.Build.Tasks.Pack.targets (59,5)
       Property reassignment: $(_IsNotSetContainersTargetsDir)="true" (previous value: "false") at /usr/local/share/dotnet/sdk/9.0.200/Sdks/Microsoft.NET.Sdk/Sdk/Sdk.targets (60,5)
       Property reassignment: $(_IsSDKContainerAllowedVersion)="true" (previous value: "false") at /usr/local/share/dotnet/sdk/9.0.200/Containers/build/Microsoft.NET.Build.Containers.targets (5,5)
       Property reassignment: $(_DebugSymbolsProduced)="true" (previous value: "false") at /usr/local/share/dotnet/sdk/9.0.200/Microsoft.Common.CurrentVersion.targets (175,5)
       Property reassignment: $(_DocumentationFileProduced)="false" (previous value: "true") at /usr/local/share/dotnet/sdk/9.0.200/Microsoft.Common.CurrentVersion.targets (185,5)
       Property reassignment: $(_ContainerIsTargetingNet8TFM)="true" (previous value: "false") at /usr/local/share/dotnet/sdk/9.0.200/Containers/build/Microsoft.NET.Build.Containers.targets (15,5)
       The "SolutionName" property is a global property, and cannot be modified.
       The "SolutionFileName" property is a global property, and cannot be modified.
       The "SolutionPath" property is a global property, and cannot be modified.
       The "SolutionDir" property is a global property, and cannot be modified.
       The "SolutionExt" property is a global property, and cannot be modified.
       Property reassignment: $(MSBuildCopyMarkerName)="DeventSo.54B819C2" (previous value: "DeventSoft.RoadmapSkills.Users.Api.csproj") at /usr/local/share/dotnet/sdk/9.0.200/Microsoft.Common.CurrentVersion.targets (392,5)
       Property reassignment: $(MSBuildCopyMarkerName)="DeventSo.54B819C2.Up2Date" (previous value: "DeventSo.54B819C2") at /usr/local/share/dotnet/sdk/9.0.200/Microsoft.Common.CurrentVersion.targets (393,5)
       Property reassignment: $(DefaultItemExcludes)=";**\node_modules\**;node_modules\**;**\jspm_packages\**;jspm_packages\**" (previous value: ";**\node_modules\**;node_modules\**") at /usr/local/share/dotnet/sdk/9.0.200/Sdks/Microsoft.NET.Sdk.StaticWebAssets/Sdk/Sdk.StaticWebAssets.StaticAssets.ProjectSystem.props (23,5)
       Property reassignment: $(ProcessorArchitecture)="msil" (previous value: "") at /usr/local/share/dotnet/sdk/9.0.200/Microsoft.Common.CurrentVersion.targets (541,5)
       Property reassignment: $(DelaySign)="" (previous value: "false") at /usr/local/share/dotnet/sdk/9.0.200/Microsoft.Common.CurrentVersion.targets (580,5)
       Property reassignment: $(DefaultItemExcludes)=";**\node_modules\**;node_modules\**;**\jspm_packages\**;jspm_packages\**;**\bower_components\**;bower_components\**" (previous value: ";**\node_modules\**;node_modules\**;**\jspm_packages\**;jspm_packages\**") at /usr/local/share/dotnet/sdk/9.0.200/Sdks/Microsoft.NET.Sdk.StaticWebAssets/Sdk/Sdk.StaticWebAssets.StaticAssets.ProjectSystem.props (24,5)
       /usr/local/share/dotnet/sdk/9.0.200/Microsoft.Common.CurrentVersion.targets(2590,5): message : Property 'LocalAppData' with value '/Users/dacanetdev/Library/Application Support' expanded from the environment.
       Property reassignment: $(_SGenGenerateSerializationAssembliesConfig)="Auto" (previous value: "") at /usr/local/share/dotnet/sdk/9.0.200/Microsoft.Common.CurrentVersion.targets (3916,5)
       Property reassignment: $(_SGenGenerateSerializationAssembliesConfig)="Off" (previous value: "Auto") at /usr/local/share/dotnet/sdk/9.0.200/Microsoft.Common.CurrentVersion.targets (3917,5)
       Property reassignment: $(_TargetsThatPrepareProjectReferences)="
             AssignProjectConfiguration;
             _SplitProjectReferencesByFileExistence
           " (previous value: "_SplitProjectReferencesByFileExistence") at /usr/local/share/dotnet/sdk/9.0.200/Microsoft.Common.CurrentVersion.targets (5128,5)
       /usr/local/share/dotnet/sdk/9.0.200/Microsoft.Common.CurrentVersion.targets(6923,5): message : Property 'MSBuildExtensionsPath32' with value '/usr/local/share/dotnet/sdk/9.0.200' expanded from the environment.
       Property reassignment: $(DefaultItemExcludes)=";**\node_modules\**;node_modules\**;**\jspm_packages\**;jspm_packages\**;**\bower_components\**;bower_components\**;**\packages.lock.json" (previous value: ";**\node_modules\**;node_modules\**;**\jspm_packages\**;jspm_packages\**;**\bower_components\**;bower_components\**") at /usr/local/share/dotnet/sdk/9.0.200/Sdks/Microsoft.NET.Sdk.StaticWebAssets/Sdk/Sdk.StaticWebAssets.StaticAssets.ProjectSystem.props (25,5)
       Property reassignment: $(OpenApiGenerateDocuments)="true" (previous value: "") at /Users/dacanetdev/.nuget/packages/microsoft.extensions.apidescription.server/6.0.5/build/Microsoft.Extensions.ApiDescription.Server.targets (9,5)
       Property reassignment: $(OutputType)="Exe" (previous value: "Library") at /usr/local/share/dotnet/sdk/9.0.200/Sdks/Microsoft.NET.Sdk.Web.ProjectSystem/targets/Microsoft.NET.Sdk.Web.ProjectSystem.props (16,5)
       Overriding target "ResolveFrameworkReferences" in project "/usr/local/share/dotnet/sdk/9.0.200/Microsoft.Common.CurrentVersion.targets" with target "ResolveFrameworkReferences" from project "/usr/local/share/dotnet/sdk/9.0.200/Sdks/Microsoft.NET.Sdk/targets/Microsoft.NET.Sdk.FrameworkReferenceResolution.targets".
       Overriding target "Run" in project "/usr/local/share/dotnet/sdk/9.0.200/Microsoft.Common.CurrentVersion.targets" with target "Run" from project "/usr/local/share/dotnet/sdk/9.0.200/Sdks/Microsoft.NET.Sdk/targets/Microsoft.NET.Sdk.targets".
       Overriding target "GenerateSupportedTargetFrameworkAlias" in project "/usr/local/share/dotnet/sdk/9.0.200/Microsoft.Common.CurrentVersion.targets" with target "GenerateSupportedTargetFrameworkAlias" from project "/usr/local/share/dotnet/sdk/9.0.200/Sdks/Microsoft.NET.Sdk/targets/Microsoft.NET.Sdk.targets".
       Overriding target "GetReferenceAssemblyPaths" in project "/usr/local/share/dotnet/sdk/9.0.200/Microsoft.Common.CurrentVersion.targets" with target "GetReferenceAssemblyPaths" from project "/usr/local/share/dotnet/sdk/9.0.200/Sdks/Microsoft.NET.Sdk/targets/Microsoft.NET.DisableStandardFrameworkResolution.targets".
       Overriding target "GetFrameworkPaths" in project "/usr/local/share/dotnet/sdk/9.0.200/Microsoft.Common.CurrentVersion.targets" with target "GetFrameworkPaths" from project "/usr/local/share/dotnet/sdk/9.0.200/Sdks/Microsoft.NET.Sdk/targets/Microsoft.NET.DisableStandardFrameworkResolution.targets".
       Overriding target "DesignerRuntimeImplementationProjectOutputGroup" in project "/usr/local/share/dotnet/sdk/9.0.200/Microsoft.Common.CurrentVersion.targets" with target "DesignerRuntimeImplementationProjectOutputGroup" from project "/usr/local/share/dotnet/sdk/9.0.200/Sdks/Microsoft.NET.Sdk/targets/Microsoft.NET.DesignerSupport.targets".
       Overriding target "Publish" in project "/usr/local/share/dotnet/sdk/9.0.200/Microsoft.Common.CurrentVersion.targets" with target "Publish" from project "/usr/local/share/dotnet/sdk/9.0.200/Sdks/Microsoft.NET.Sdk/targets/Microsoft.NET.Publish.targets".
       Overriding target "ResolveReadyToRunCompilers" in project "/usr/local/share/dotnet/sdk/9.0.200/Sdks/Microsoft.NET.Sdk/targets/Microsoft.NET.CrossGen.targets" with target "ResolveReadyToRunCompilers" from project "/usr/local/share/dotnet/sdk/9.0.200/Sdks/Microsoft.NET.Sdk/targets/Microsoft.NET.Publish.targets".
       Overriding target "GetCopyToPublishDirectoryItems" in project "/usr/local/share/dotnet/sdk/9.0.200/Microsoft.Common.CurrentVersion.targets" with target "GetCopyToPublishDirectoryItems" from project "/usr/local/share/dotnet/sdk/9.0.200/Sdks/Microsoft.NET.Sdk/targets/Microsoft.NET.Publish.targets".
       Overriding target "ResolveFrameworkReferences" in project "/usr/local/share/dotnet/sdk/9.0.200/Microsoft.Common.CurrentVersion.targets" with target "ResolveFrameworkReferences" from project "/usr/local/share/dotnet/sdk/9.0.200/Sdks/Microsoft.NET.Sdk/targets/Microsoft.NET.Sdk.FrameworkReferenceResolution.targets".
       Overriding target "Run" in project "/usr/local/share/dotnet/sdk/9.0.200/Microsoft.Common.CurrentVersion.targets" with target "Run" from project "/usr/local/share/dotnet/sdk/9.0.200/Sdks/Microsoft.NET.Sdk/targets/Microsoft.NET.Sdk.targets".
       Overriding target "GenerateSupportedTargetFrameworkAlias" in project "/usr/local/share/dotnet/sdk/9.0.200/Microsoft.Common.CurrentVersion.targets" with target "GenerateSupportedTargetFrameworkAlias" from project "/usr/local/share/dotnet/sdk/9.0.200/Sdks/Microsoft.NET.Sdk/targets/Microsoft.NET.Sdk.targets".
       Overriding target "GetReferenceAssemblyPaths" in project "/usr/local/share/dotnet/sdk/9.0.200/Microsoft.Common.CurrentVersion.targets" with target "GetReferenceAssemblyPaths" from project "/usr/local/share/dotnet/sdk/9.0.200/Sdks/Microsoft.NET.Sdk/targets/Microsoft.NET.DisableStandardFrameworkResolution.targets".
       Overriding target "GetFrameworkPaths" in project "/usr/local/share/dotnet/sdk/9.0.200/Microsoft.Common.CurrentVersion.targets" with target "GetFrameworkPaths" from project "/usr/local/share/dotnet/sdk/9.0.200/Sdks/Microsoft.NET.Sdk/targets/Microsoft.NET.DisableStandardFrameworkResolution.targets".
       Overriding target "DesignerRuntimeImplementationProjectOutputGroup" in project "/usr/local/share/dotnet/sdk/9.0.200/Microsoft.Common.CurrentVersion.targets" with target "DesignerRuntimeImplementationProjectOutputGroup" from project "/usr/local/share/dotnet/sdk/9.0.200/Sdks/Microsoft.NET.Sdk/targets/Microsoft.NET.DesignerSupport.targets".
       Overriding target "Publish" in project "/usr/local/share/dotnet/sdk/9.0.200/Microsoft.Common.CurrentVersion.targets" with target "Publish" from project "/usr/local/share/dotnet/sdk/9.0.200/Sdks/Microsoft.NET.Sdk/targets/Microsoft.NET.Publish.targets".
       Overriding target "ResolveReadyToRunCompilers" in project "/usr/local/share/dotnet/sdk/9.0.200/Sdks/Microsoft.NET.Sdk/targets/Microsoft.NET.CrossGen.targets" with target "ResolveReadyToRunCompilers" from project "/usr/local/share/dotnet/sdk/9.0.200/Sdks/Microsoft.NET.Sdk/targets/Microsoft.NET.Publish.targets".
       Overriding target "GetCopyToPublishDirectoryItems" in project "/usr/local/share/dotnet/sdk/9.0.200/Microsoft.Common.CurrentVersion.targets" with target "GetCopyToPublishDirectoryItems" from project "/usr/local/share/dotnet/sdk/9.0.200/Sdks/Microsoft.NET.Sdk/targets/Microsoft.NET.Publish.targets".
       The target "ResolveNuGetPackageAssets" listed in an AfterTargets attribute at "/Users/dacanetdev/.nuget/packages/system.text.json/9.0.3/buildTransitive/net8.0/System.Text.Json.targets (11,11)" does not exist in the project, and will be ignored.
       The target "ResolveNuGetPackageAssets" listed in an AfterTargets attribute at "/Users/dacanetdev/.nuget/packages/system.text.json/9.0.3/buildTransitive/net8.0/System.Text.Json.targets (23,11)" does not exist in the project, and will be ignored.
       The target "ResolveNuGetPackageAssets" listed in an AfterTargets attribute at "/Users/dacanetdev/.nuget/packages/microsoft.extensions.options/9.0.3/buildTransitive/net8.0/Microsoft.Extensions.Options.targets (11,11)" does not exist in the project, and will be ignored.
       The target "ResolveNuGetPackageAssets" listed in an AfterTargets attribute at "/Users/dacanetdev/.nuget/packages/microsoft.extensions.options/9.0.3/buildTransitive/net8.0/Microsoft.Extensions.Options.targets (23,11)" does not exist in the project, and will be ignored.
       The target "ResolveNuGetPackageAssets" listed in an AfterTargets attribute at "/Users/dacanetdev/.nuget/packages/microsoft.extensions.logging.abstractions/9.0.3/buildTransitive/net8.0/Microsoft.Extensions.Logging.Abstractions.targets (11,11)" does not exist in the project, and will be ignored.
       The target "ResolveNuGetPackageAssets" listed in an AfterTargets attribute at "/Users/dacanetdev/.nuget/packages/microsoft.extensions.logging.abstractions/9.0.3/buildTransitive/net8.0/Microsoft.Extensions.Logging.Abstractions.targets (23,11)" does not exist in the project, and will be ignored.
       Property reassignment: $(ProjectAssetsCacheFile)="/Users/dacanetdev/Dev/AIGenerated/RoadmapSkills/src/Modules/Users/DeventSoft.RoadmapSkills.Users.Api/obj/Debug/net8.0/DeventSoft.RoadmapSkills.Users.Api.assets.cache" (previous value: "obj\Debug/net8.0/DeventSoft.RoadmapSkills.Users.Api.assets.cache") at /usr/local/share/dotnet/sdk/9.0.200/Sdks/Microsoft.NET.Sdk/targets/Microsoft.PackageDependencyResolution.targets (29,5)
       Property reassignment: $(ResolveAssemblyReferencesDependsOn)="
             
             ResolveProjectReferences;
             FindInvalidProjectReferences;
             GetFrameworkPaths;
             GetReferenceAssemblyPaths;
             PrepareForBuild;
             ResolveSDKReferences;
             ExpandSDKReferences;
           ;
             ResolvePackageDependenciesForBuild;
             _HandlePackageFileConflicts;
           " (previous value: "
             ResolveProjectReferences;
             FindInvalidProjectReferences;
             GetFrameworkPaths;
             GetReferenceAssemblyPaths;
             PrepareForBuild;
             ResolveSDKReferences;
             ExpandSDKReferences;
           ") at /usr/local/share/dotnet/sdk/9.0.200/Sdks/Microsoft.NET.Sdk/targets/Microsoft.PackageDependencyResolution.targets (80,5)
       Property reassignment: $(PrepareResourcesDependsOn)="
             ResolvePackageDependenciesForBuild;
             _HandlePackageFileConflicts;
             
             ;
             PrepareResourceNames;
             ResGen;
             CompileLicxFiles
           
           " (previous value: "
             ;
             PrepareResourceNames;
             ResGen;
             CompileLicxFiles
           ") at /usr/local/share/dotnet/sdk/9.0.200/Sdks/Microsoft.NET.Sdk/targets/Microsoft.PackageDependencyResolution.targets (86,5)
       Property reassignment: $(DefaultItemExcludes)=";**\node_modules\**;node_modules\**;**\jspm_packages\**;jspm_packages\**;**\bower_components\**;bower_components\**;**\packages.lock.json;bin\Debug//**;obj\Debug//**;bin\/**" (previous value: ";**\node_modules\**;node_modules\**;**\jspm_packages\**;jspm_packages\**;**\bower_components\**;bower_components\**;**\packages.lock.json;bin\Debug//**;obj\Debug//**") at /usr/local/share/dotnet/sdk/9.0.200/Sdks/Microsoft.NET.Sdk/targets/Microsoft.NET.Sdk.DefaultItems.targets (27,5)
       Property reassignment: $(DefaultItemExcludes)=";**\node_modules\**;node_modules\**;**\jspm_packages\**;jspm_packages\**;**\bower_components\**;bower_components\**;**\packages.lock.json;bin\Debug//**;obj\Debug//**;bin\/**;obj\/**" (previous value: ";**\node_modules\**;node_modules\**;**\jspm_packages\**;jspm_packages\**;**\bower_components\**;bower_components\**;**\packages.lock.json;bin\Debug//**;obj\Debug//**;bin\/**") at /usr/local/share/dotnet/sdk/9.0.200/Sdks/Microsoft.NET.Sdk/targets/Microsoft.NET.Sdk.DefaultItems.targets (29,5)
       Property reassignment: $(DefaultItemExcludes)=";**\node_modules\**;node_modules\**;**\jspm_packages\**;jspm_packages\**;**\bower_components\**;bower_components\**;**\packages.lock.json;bin\Debug//**;obj\Debug//**;bin\/**;obj\/**;**/*.user" (previous value: ";**\node_modules\**;node_modules\**;**\jspm_packages\**;jspm_packages\**;**\bower_components\**;bower_components\**;**\packages.lock.json;bin\Debug//**;obj\Debug//**;bin\/**;obj\/**") at /usr/local/share/dotnet/sdk/9.0.200/Sdks/Microsoft.NET.Sdk/targets/Microsoft.NET.Sdk.DefaultItems.targets (32,5)
       Property reassignment: $(DefaultItemExcludes)=";**\node_modules\**;node_modules\**;**\jspm_packages\**;jspm_packages\**;**\bower_components\**;bower_components\**;**\packages.lock.json;bin\Debug//**;obj\Debug//**;bin\/**;obj\/**;**/*.user;**/*.*proj" (previous value: ";**\node_modules\**;node_modules\**;**\jspm_packages\**;jspm_packages\**;**\bower_components\**;bower_components\**;**\packages.lock.json;bin\Debug//**;obj\Debug//**;bin\/**;obj\/**;**/*.user") at /usr/local/share/dotnet/sdk/9.0.200/Sdks/Microsoft.NET.Sdk/targets/Microsoft.NET.Sdk.DefaultItems.targets (33,5)
       Property reassignment: $(DefaultItemExcludes)=";**\node_modules\**;node_modules\**;**\jspm_packages\**;jspm_packages\**;**\bower_components\**;bower_components\**;**\packages.lock.json;bin\Debug//**;obj\Debug//**;bin\/**;obj\/**;**/*.user;**/*.*proj;**/*.sln" (previous value: ";**\node_modules\**;node_modules\**;**\jspm_packages\**;jspm_packages\**;**\bower_components\**;bower_components\**;**\packages.lock.json;bin\Debug//**;obj\Debug//**;bin\/**;obj\/**;**/*.user;**/*.*proj") at /usr/local/share/dotnet/sdk/9.0.200/Sdks/Microsoft.NET.Sdk/targets/Microsoft.NET.Sdk.DefaultItems.targets (34,5)
       Property reassignment: $(DefaultItemExcludes)=";**\node_modules\**;node_modules\**;**\jspm_packages\**;jspm_packages\**;**\bower_components\**;bower_components\**;**\packages.lock.json;bin\Debug//**;obj\Debug//**;bin\/**;obj\/**;**/*.user;**/*.*proj;**/*.sln;**/*.vssscc" (previous value: ";**\node_modules\**;node_modules\**;**\jspm_packages\**;jspm_packages\**;**\bower_components\**;bower_components\**;**\packages.lock.json;bin\Debug//**;obj\Debug//**;bin\/**;obj\/**;**/*.user;**/*.*proj;**/*.sln") at /usr/local/share/dotnet/sdk/9.0.200/Sdks/Microsoft.NET.Sdk/targets/Microsoft.NET.Sdk.DefaultItems.targets (35,5)
       Property reassignment: $(DefaultItemExcludes)=";**\node_modules\**;node_modules\**;**\jspm_packages\**;jspm_packages\**;**\bower_components\**;bower_components\**;**\packages.lock.json;bin\Debug//**;obj\Debug//**;bin\/**;obj\/**;**/*.user;**/*.*proj;**/*.sln;**/*.vssscc;**/.DS_Store" (previous value: ";**\node_modules\**;node_modules\**;**\jspm_packages\**;jspm_packages\**;**\bower_components\**;bower_components\**;**\packages.lock.json;bin\Debug//**;obj\Debug//**;bin\/**;obj\/**;**/*.user;**/*.*proj;**/*.sln;**/*.vssscc") at /usr/local/share/dotnet/sdk/9.0.200/Sdks/Microsoft.NET.Sdk/targets/Microsoft.NET.Sdk.DefaultItems.targets (36,5)
       Property reassignment: $(ResolveAssemblyReferencesDependsOn)="
             
             
             ResolveProjectReferences;
             FindInvalidProjectReferences;
             GetFrameworkPaths;
             GetReferenceAssemblyPaths;
             PrepareForBuild;
             ResolveSDKReferences;
             ExpandSDKReferences;
           ;
             ResolvePackageDependenciesForBuild;
             _HandlePackageFileConflicts;
           ;
             ResolveTargetingPackAssets;
           " (previous value: "
             
             ResolveProjectReferences;
             FindInvalidProjectReferences;
             GetFrameworkPaths;
             GetReferenceAssemblyPaths;
             PrepareForBuild;
             ResolveSDKReferences;
             ExpandSDKReferences;
           ;
             ResolvePackageDependenciesForBuild;
             _HandlePackageFileConflicts;
           ") at /usr/local/share/dotnet/sdk/9.0.200/Sdks/Microsoft.NET.Sdk/targets/Microsoft.NET.Sdk.FrameworkReferenceResolution.targets (14,5)
       Property reassignment: $(_GenerateRuntimeConfigurationPropertyInputsCache)="/Users/dacanetdev/Dev/AIGenerated/RoadmapSkills/src/Modules/Users/DeventSoft.RoadmapSkills.Users.Api/obj/Debug/net8.0/DeventSoft.RoadmapSkills.Users.Api.genruntimeconfig.cache" (previous value: "obj\Debug/net8.0/DeventSoft.RoadmapSkills.Users.Api.genruntimeconfig.cache") at /usr/local/share/dotnet/sdk/9.0.200/Sdks/Microsoft.NET.Sdk/targets/Microsoft.NET.Sdk.targets (44,5)
       Property reassignment: $(_GeneratePublishDependencyFilePropertyInputsCache)="/Users/dacanetdev/Dev/AIGenerated/RoadmapSkills/src/Modules/Users/DeventSoft.RoadmapSkills.Users.Api/obj/Debug/net8.0/DeventSoft.RoadmapSkills.Users.Api.genpublishdeps.cache" (previous value: "obj\Debug/net8.0/DeventSoft.RoadmapSkills.Users.Api.genpublishdeps.cache") at /usr/local/share/dotnet/sdk/9.0.200/Sdks/Microsoft.NET.Sdk/targets/Microsoft.NET.Sdk.targets (46,5)
       Property reassignment: $(_GenerateSingleFileBundlePropertyInputsCache)="/Users/dacanetdev/Dev/AIGenerated/RoadmapSkills/src/Modules/Users/DeventSoft.RoadmapSkills.Users.Api/obj/Debug/net8.0/DeventSoft.RoadmapSkills.Users.Api.genbundle.cache" (previous value: "obj\Debug/net8.0/DeventSoft.RoadmapSkills.Users.Api.genbundle.cache") at /usr/local/share/dotnet/sdk/9.0.200/Sdks/Microsoft.NET.Sdk/targets/Microsoft.NET.Sdk.targets (48,5)
       Property reassignment: $(GenerateRuntimeConfigDevFile)="false" (previous value: "true") at /usr/local/share/dotnet/sdk/9.0.200/Sdks/Microsoft.NET.Sdk/targets/Microsoft.NET.Sdk.targets (81,5)
       /usr/local/share/dotnet/sdk/9.0.200/Sdks/Microsoft.NET.Sdk/targets/Microsoft.NET.Sdk.targets(96,5): message : Property 'HOME' with value '/Users/dacanetdev' expanded from the environment.
       Property reassignment: $(_DefaultUserProfileRuntimeStorePath)="/Users/dacanetdev/.dotnet/store" (previous value: "/Users/dacanetdev") at /usr/local/share/dotnet/sdk/9.0.200/Sdks/Microsoft.NET.Sdk/targets/Microsoft.NET.Sdk.targets (98,5)
       Property reassignment: $(AvailablePlatforms)="Any CPU,x86,x64,ARM32" (previous value: "Any CPU,x86,x64") at /usr/local/share/dotnet/sdk/9.0.200/Sdks/Microsoft.NET.Sdk/targets/Microsoft.NET.Sdk.targets (140,5)
       Property reassignment: $(AvailablePlatforms)="Any CPU,x86,x64,ARM32,ARM64" (previous value: "Any CPU,x86,x64,ARM32") at /usr/local/share/dotnet/sdk/9.0.200/Sdks/Microsoft.NET.Sdk/targets/Microsoft.NET.Sdk.targets (144,5)
       Property reassignment: $(CoreBuildDependsOn)="
             _CheckForBuildWithNoBuild;
             
             BuildOnlySettings;
             PrepareForBuild;
             PreBuildEvent;
             ResolveReferences;
             PrepareResources;
             ResolveKeySource;
             Compile;
             ExportWindowsMDFile;
             UnmanagedUnregistration;
             GenerateSerializationAssemblies;
             CreateSatelliteAssemblies;
             GenerateManifests;
             GetTargetPath;
             PrepareForRun;
             UnmanagedRegistration;
             IncrementalClean;
             PostBuildEvent
           ;
             GenerateBuildDependencyFile;
             GenerateBuildRuntimeConfigurationFiles
           " (previous value: "
             BuildOnlySettings;
             PrepareForBuild;
             PreBuildEvent;
             ResolveReferences;
             PrepareResources;
             ResolveKeySource;
             Compile;
             ExportWindowsMDFile;
             UnmanagedUnregistration;
             GenerateSerializationAssemblies;
             CreateSatelliteAssemblies;
             GenerateManifests;
             GetTargetPath;
             PrepareForRun;
             UnmanagedRegistration;
             IncrementalClean;
             PostBuildEvent
           ") at /usr/local/share/dotnet/sdk/9.0.200/Sdks/Microsoft.NET.Sdk/targets/Microsoft.NET.Sdk.targets (201,5)
       Property reassignment: $(CoreCleanDependsOn)="
             _SdkBeforeClean;
             
           " (previous value: "") at /usr/local/share/dotnet/sdk/9.0.200/Sdks/Microsoft.NET.Sdk/targets/Microsoft.NET.Sdk.targets (210,5)
       Property reassignment: $(RebuildDependsOn)="
             _SdkBeforeRebuild;
             
             BeforeRebuild;
             Clean;
             Build;
             AfterRebuild;
           
           " (previous value: "
             BeforeRebuild;
             Clean;
             Build;
             AfterRebuild;
           ") at /usr/local/share/dotnet/sdk/9.0.200/Sdks/Microsoft.NET.Sdk/targets/Microsoft.NET.Sdk.targets (217,5)
       Property reassignment: $(CompileDependsOn)="
             
             ResolveReferences;
             ResolveKeySource;
             SetWin32ManifestProperties;
             _SetPreferNativeArm64Win32ManifestProperties;
             FindReferenceAssembliesForReferences;
             _GenerateCompileInputs;
             BeforeCompile;
             _TimeStampBeforeCompile;
             _GenerateCompileDependencyCache;
             CoreCompile;
             _TimeStampAfterCompile;
             AfterCompile;
           ;
             _CreateAppHost;
             _CreateComHost;
             _GetIjwHostPaths;
           " (previous value: "
             ResolveReferences;
             ResolveKeySource;
             SetWin32ManifestProperties;
             _SetPreferNativeArm64Win32ManifestProperties;
             FindReferenceAssembliesForReferences;
             _GenerateCompileInputs;
             BeforeCompile;
             _TimeStampBeforeCompile;
             _GenerateCompileDependencyCache;
             CoreCompile;
             _TimeStampAfterCompile;
             AfterCompile;
           ") at /usr/local/share/dotnet/sdk/9.0.200/Sdks/Microsoft.NET.Sdk/targets/Microsoft.NET.Sdk.targets (784,5)
       Property reassignment: $(CreateSatelliteAssembliesDependsOn)="
             
             ;
             _GenerateSatelliteAssemblyInputs;
             ComputeIntermediateSatelliteAssemblies;
             GenerateSatelliteAssemblies
           ;
             CoreGenerateSatelliteAssemblies
           " (previous value: "
             ;
             _GenerateSatelliteAssemblyInputs;
             ComputeIntermediateSatelliteAssemblies;
             GenerateSatelliteAssemblies
           ") at /usr/local/share/dotnet/sdk/9.0.200/Sdks/Microsoft.NET.Sdk/targets/Microsoft.NET.Sdk.targets (1184,5)
       Property reassignment: $(SourceLinkUrlInitializerTargets)=";_InitializeGitHubSourceLinkUrl;_InitializeGitLabSourceLinkUrl" (previous value: ";_InitializeGitHubSourceLinkUrl") at /usr/local/share/dotnet/sdk/9.0.200/Sdks/Microsoft.SourceLink.GitLab/build/Microsoft.SourceLink.GitLab.targets (12,5)
       Property reassignment: $(SourceControlManagerUrlTranslationTargets)=";TranslateGitHubUrlsInSourceControlInformation;TranslateGitLabUrlsInSourceControlInformation" (previous value: ";TranslateGitHubUrlsInSourceControlInformation") at /usr/local/share/dotnet/sdk/9.0.200/Sdks/Microsoft.SourceLink.GitLab/build/Microsoft.SourceLink.GitLab.targets (13,5)
       Overriding target "ResolveFrameworkReferences" in project "/usr/local/share/dotnet/sdk/9.0.200/Microsoft.Common.CurrentVersion.targets" with target "ResolveFrameworkReferences" from project "/usr/local/share/dotnet/sdk/9.0.200/Sdks/Microsoft.NET.Sdk/targets/Microsoft.NET.Sdk.FrameworkReferenceResolution.targets".
       Overriding target "Run" in project "/usr/local/share/dotnet/sdk/9.0.200/Microsoft.Common.CurrentVersion.targets" with target "Run" from project "/usr/local/share/dotnet/sdk/9.0.200/Sdks/Microsoft.NET.Sdk/targets/Microsoft.NET.Sdk.targets".
       Overriding target "GenerateSupportedTargetFrameworkAlias" in project "/usr/local/share/dotnet/sdk/9.0.200/Microsoft.Common.CurrentVersion.targets" with target "GenerateSupportedTargetFrameworkAlias" from project "/usr/local/share/dotnet/sdk/9.0.200/Sdks/Microsoft.NET.Sdk/targets/Microsoft.NET.Sdk.targets".
       Overriding target "GetReferenceAssemblyPaths" in project "/usr/local/share/dotnet/sdk/9.0.200/Microsoft.Common.CurrentVersion.targets" with target "GetReferenceAssemblyPaths" from project "/usr/local/share/dotnet/sdk/9.0.200/Sdks/Microsoft.NET.Sdk/targets/Microsoft.NET.DisableStandardFrameworkResolution.targets".
       Overriding target "GetFrameworkPaths" in project "/usr/local/share/dotnet/sdk/9.0.200/Microsoft.Common.CurrentVersion.targets" with target "GetFrameworkPaths" from project "/usr/local/share/dotnet/sdk/9.0.200/Sdks/Microsoft.NET.Sdk/targets/Microsoft.NET.DisableStandardFrameworkResolution.targets".
       Overriding target "DesignerRuntimeImplementationProjectOutputGroup" in project "/usr/local/share/dotnet/sdk/9.0.200/Microsoft.Common.CurrentVersion.targets" with target "DesignerRuntimeImplementationProjectOutputGroup" from project "/usr/local/share/dotnet/sdk/9.0.200/Sdks/Microsoft.NET.Sdk/targets/Microsoft.NET.DesignerSupport.targets".
       Overriding target "Publish" in project "/usr/local/share/dotnet/sdk/9.0.200/Microsoft.Common.CurrentVersion.targets" with target "Publish" from project "/usr/local/share/dotnet/sdk/9.0.200/Sdks/Microsoft.NET.Sdk/targets/Microsoft.NET.Publish.targets".
       Overriding target "ResolveReadyToRunCompilers" in project "/usr/local/share/dotnet/sdk/9.0.200/Sdks/Microsoft.NET.Sdk/targets/Microsoft.NET.CrossGen.targets" with target "ResolveReadyToRunCompilers" from project "/usr/local/share/dotnet/sdk/9.0.200/Sdks/Microsoft.NET.Sdk/targets/Microsoft.NET.Publish.targets".
       Overriding target "GetCopyToPublishDirectoryItems" in project "/usr/local/share/dotnet/sdk/9.0.200/Microsoft.Common.CurrentVersion.targets" with target "GetCopyToPublishDirectoryItems" from project "/usr/local/share/dotnet/sdk/9.0.200/Sdks/Microsoft.NET.Sdk/targets/Microsoft.NET.Publish.targets".
       The "Configuration" property is a global property, and cannot be modified.
       The "Platform" property is a global property, and cannot be modified.
       Property reassignment: $(PublishProfileImported)="false" (previous value: "true") at /usr/local/share/dotnet/sdk/9.0.200/Sdks/Microsoft.NET.Sdk/targets/Microsoft.NET.Sdk.ImportPublishProfile.targets (28,5)
       Property reassignment: $(SourceLinkUrlInitializerTargets)=";_InitializeGitHubSourceLinkUrl;_InitializeGitLabSourceLinkUrl;_InitializeAzureReposGitSourceLinkUrl" (previous value: ";_InitializeGitHubSourceLinkUrl;_InitializeGitLabSourceLinkUrl") at /usr/local/share/dotnet/sdk/9.0.200/Sdks/Microsoft.SourceLink.AzureRepos.Git/build/Microsoft.SourceLink.AzureRepos.Git.targets (12,5)
       Property reassignment: $(SourceControlManagerUrlTranslationTargets)=";TranslateGitHubUrlsInSourceControlInformation;TranslateGitLabUrlsInSourceControlInformation;TranslateAzureReposGitUrlsInSourceControlInformation" (previous value: ";TranslateGitHubUrlsInSourceControlInformation;TranslateGitLabUrlsInSourceControlInformation") at /usr/local/share/dotnet/sdk/9.0.200/Sdks/Microsoft.SourceLink.AzureRepos.Git/build/Microsoft.SourceLink.AzureRepos.Git.targets (13,5)
       Property reassignment: $(SourceLinkUrlInitializerTargets)=";_InitializeGitHubSourceLinkUrl;_InitializeGitLabSourceLinkUrl;_InitializeAzureReposGitSourceLinkUrl;_InitializeBitbucketGitSourceLinkUrl" (previous value: ";_InitializeGitHubSourceLinkUrl;_InitializeGitLabSourceLinkUrl;_InitializeAzureReposGitSourceLinkUrl") at /usr/local/share/dotnet/sdk/9.0.200/Sdks/Microsoft.SourceLink.Bitbucket.Git/build/Microsoft.SourceLink.Bitbucket.Git.targets (12,5)
       Property reassignment: $(SourceControlManagerUrlTranslationTargets)=";TranslateGitHubUrlsInSourceControlInformation;TranslateGitLabUrlsInSourceControlInformation;TranslateAzureReposGitUrlsInSourceControlInformation;TranslateBitbucketGitUrlsInSourceControlInformation" (previous value: ";TranslateGitHubUrlsInSourceControlInformation;TranslateGitLabUrlsInSourceControlInformation;TranslateAzureReposGitUrlsInSourceControlInformation") at /usr/local/share/dotnet/sdk/9.0.200/Sdks/Microsoft.SourceLink.Bitbucket.Git/build/Microsoft.SourceLink.Bitbucket.Git.targets (13,5)
       Property reassignment: $(DesignerRuntimeImplementationProjectOutputGroupDependsOn)="
             
             ;
             
             ;
             BuildOnlySettings;
             PrepareForBuild;
             AssignTargetPaths;
             ResolveReferences
           
           ;
             _GenerateDesignerDepsFile;
             _GenerateDesignerRuntimeConfigFile;
             GetCopyToOutputDirectoryItems;
             _GatherDesignerShadowCopyFiles;
           " (previous value: "
             ;
             
             ;
             BuildOnlySettings;
             PrepareForBuild;
             AssignTargetPaths;
             ResolveReferences
           
           ") at /usr/local/share/dotnet/sdk/9.0.200/Sdks/Microsoft.NET.Sdk/targets/Microsoft.NET.DesignerSupport.targets (21,5)
       Property reassignment: $(_GenerateToolsSettingsFileCacheFile)="/Users/dacanetdev/Dev/AIGenerated/RoadmapSkills/src/Modules/Users/DeventSoft.RoadmapSkills.Users.Api/obj/Debug/net8.0/DeventSoft.RoadmapSkills.Users.Api.toolssettingsinput.cache" (previous value: "obj\Debug/net8.0/DeventSoft.RoadmapSkills.Users.Api.toolssettingsinput.cache") at /usr/local/share/dotnet/sdk/9.0.200/Sdks/Microsoft.NET.Sdk/targets/Microsoft.NET.PackTool.targets (68,5)
       Property reassignment: $(_ShimInputCacheFile)="/Users/dacanetdev/Dev/AIGenerated/RoadmapSkills/src/Modules/Users/DeventSoft.RoadmapSkills.Users.Api/obj/Debug/net8.0/DeventSoft.RoadmapSkills.Users.Api.shiminput.cache" (previous value: "obj\Debug/net8.0/DeventSoft.RoadmapSkills.Users.Api.shiminput.cache") at /usr/local/share/dotnet/sdk/9.0.200/Sdks/Microsoft.NET.Sdk/targets/Microsoft.NET.PackTool.targets (137,5)
       Property reassignment: $(_ShimCreatedSentinelFile)="/Users/dacanetdev/Dev/AIGenerated/RoadmapSkills/src/Modules/Users/DeventSoft.RoadmapSkills.Users.Api/obj/Debug/net8.0/DeventSoft.RoadmapSkills.Users.Api.shimcreated.sentinel" (previous value: "obj\Debug/net8.0/DeventSoft.RoadmapSkills.Users.Api.shimcreated.sentinel") at /usr/local/share/dotnet/sdk/9.0.200/Sdks/Microsoft.NET.Sdk/targets/Microsoft.NET.PackTool.targets (139,5)
       Property reassignment: $(DefineConstants)="TRACE;DEBUG" (previous value: "TRACE") at /usr/local/share/dotnet/sdk/9.0.200/Sdks/Microsoft.NET.Sdk/targets/Microsoft.NET.Sdk.CSharp.targets (31,5)
       Property reassignment: $(DefineConstants)="TRACE;DEBUG;NET;NET8_0;NETCOREAPP" (previous value: "TRACE;DEBUG") at /usr/local/share/dotnet/sdk/9.0.200/Sdks/Microsoft.NET.Sdk/targets/Microsoft.NET.Sdk.CSharp.targets (34,5)
       Property reassignment: $(WarningsAsErrors)=";NU1605;SYSLIB0011" (previous value: ";NU1605") at /usr/local/share/dotnet/sdk/9.0.200/Sdks/Microsoft.NET.Sdk/targets/Microsoft.NET.Sdk.CSharp.targets (48,5)
       Property reassignment: $(PackageDescription)="Package Description" (previous value: "") at /usr/local/share/dotnet/sdk/9.0.200/Sdks/NuGet.Build.Tasks.Pack/build/NuGet.Build.Tasks.Pack.targets (34,5)
       Property reassignment: $(GenerateNuspecDependsOn)="Build;_LoadPackInputItems; _GetTargetFrameworksOutput; _WalkEachTargetPerFramework; _GetPackageFiles; " (previous value: "_LoadPackInputItems; _GetTargetFrameworksOutput; _WalkEachTargetPerFramework; _GetPackageFiles; ") at /usr/local/share/dotnet/sdk/9.0.200/Sdks/NuGet.Build.Tasks.Pack/build/NuGet.Build.Tasks.Pack.targets (59,5)
       Property reassignment: $(_IsNotSetContainersTargetsDir)="true" (previous value: "false") at /usr/local/share/dotnet/sdk/9.0.200/Sdks/Microsoft.NET.Sdk/Sdk/Sdk.targets (60,5)
       Property reassignment: $(_IsSDKContainerAllowedVersion)="true" (previous value: "false") at /usr/local/share/dotnet/sdk/9.0.200/Containers/build/Microsoft.NET.Build.Containers.targets (5,5)
       Property reassignment: $(_ContainerIsTargetingNet8TFM)="true" (previous value: "false") at /usr/local/share/dotnet/sdk/9.0.200/Containers/build/Microsoft.NET.Build.Containers.targets (15,5)
       /usr/local/share/dotnet/sdk/9.0.200/Sdks/Microsoft.NET.Sdk.StaticWebAssets/targets/Sdk.StaticWebAssets.CurrentVersion.targets(37,18): message : Property 'DOTNET_HOST_PATH' with value '/usr/local/share/dotnet/dotnet' expanded from the environment.
       Property reassignment: $(PrepareForRunDependsOn)="StaticWebAssetsPrepareForRun;
             CopyFilesToOutputDirectory
           " (previous value: "
             CopyFilesToOutputDirectory
           ") at /usr/local/share/dotnet/sdk/9.0.200/Sdks/Microsoft.NET.Sdk.StaticWebAssets/targets/Microsoft.NET.Sdk.StaticWebAssets.targets (286,5)
       Property reassignment: $(GetCopyToOutputDirectoryItemsDependsOn)="
             AssignTargetPaths;
             
             AssignProjectConfiguration;
             _SplitProjectReferencesByFileExistence
           ;
             _GetProjectReferenceTargetFrameworkProperties;
             _PopulateCommonStateForGetCopyToOutputDirectoryItems
           ;AddStaticWebAssetsManifest;AddStaticWebAssetEndpointsBuildManifest" (previous value: "
             AssignTargetPaths;
             
             AssignProjectConfiguration;
             _SplitProjectReferencesByFileExistence
           ;
             _GetProjectReferenceTargetFrameworkProperties;
             _PopulateCommonStateForGetCopyToOutputDirectoryItems
           ") at /usr/local/share/dotnet/sdk/9.0.200/Sdks/Microsoft.NET.Sdk.StaticWebAssets/targets/Microsoft.NET.Sdk.StaticWebAssets.targets (323,5)
       Property reassignment: $(GenerateNuspecDependsOn)="
             IncludeStaticWebAssetsPackItems;
             Build;_LoadPackInputItems; _GetTargetFrameworksOutput; _WalkEachTargetPerFramework; _GetPackageFiles; ;
           " (previous value: "Build;_LoadPackInputItems; _GetTargetFrameworksOutput; _WalkEachTargetPerFramework; _GetPackageFiles; ") at /usr/local/share/dotnet/sdk/9.0.200/Sdks/Microsoft.NET.Sdk.StaticWebAssets/targets/Microsoft.NET.Sdk.StaticWebAssets.Pack.targets (46,5)
       Property reassignment: $(IncludeStaticWebAssetsPackItemsDependsOn)="
             Build;
             ResolveStaticWebAssetsConfiguration;LoadStaticWebAssetsBuildManifest
           ;
           " (previous value: "
             ResolveStaticWebAssetsConfiguration;LoadStaticWebAssetsBuildManifest
           ") at /usr/local/share/dotnet/sdk/9.0.200/Sdks/Microsoft.NET.Sdk.StaticWebAssets/targets/Microsoft.NET.Sdk.StaticWebAssets.Pack.targets (55,5)
       Property reassignment: $(ResolveStaticWebAssetsInputsDependsOn)="
           
             ResolveCoreStaticWebAssets;
             GenerateComputedBuildStaticWebAssets;
             
           ;
           ResolveScopedCssAssets;
         " (previous value: "
             ResolveCoreStaticWebAssets;
             GenerateComputedBuildStaticWebAssets;
             
           ") at /usr/local/share/dotnet/sdk/9.0.200/Sdks/Microsoft.NET.Sdk.StaticWebAssets/targets/Microsoft.NET.Sdk.StaticWebAssets.ScopedCss.targets (55,3)
       Property reassignment: $(GenerateComputedBuildStaticWebAssetsDependsOn)="
           ResolveCoreStaticWebAssets;;
           BundleScopedCssFiles;
         " (previous value: "ResolveCoreStaticWebAssets;") at /usr/local/share/dotnet/sdk/9.0.200/Sdks/Microsoft.NET.Sdk.StaticWebAssets/targets/Microsoft.NET.Sdk.StaticWebAssets.ScopedCss.targets (88,3)
       Property reassignment: $(ResolveCoreStaticWebAssetsDependsOn)="
             
             UpdateExistingPackageStaticWebAssets;
             ResolveProjectStaticWebAssets;
             ResolveEmbeddedProjectsStaticWebAssets;
             ResolveReferencedProjectsStaticWebAssets;
             ;
           ;
             ResolveJsInitializerModuleStaticWebAssets;
           " (previous value: "
             UpdateExistingPackageStaticWebAssets;
             ResolveProjectStaticWebAssets;
             ResolveEmbeddedProjectsStaticWebAssets;
             ResolveReferencedProjectsStaticWebAssets;
             ;
           ") at /usr/local/share/dotnet/sdk/9.0.200/Sdks/Microsoft.NET.Sdk.StaticWebAssets/targets/Microsoft.NET.Sdk.StaticWebAssets.JSModules.targets (37,5)
       Property reassignment: $(ResolveCoreStaticWebAssetsDependsOn)="
             
             
             UpdateExistingPackageStaticWebAssets;
             ResolveProjectStaticWebAssets;
             ResolveEmbeddedProjectsStaticWebAssets;
             ResolveReferencedProjectsStaticWebAssets;
             ;
           ;
             ResolveJsInitializerModuleStaticWebAssets;
           ;
             ResolveJSModuleStaticWebAssets;
           " (previous value: "
             
             UpdateExistingPackageStaticWebAssets;
             ResolveProjectStaticWebAssets;
             ResolveEmbeddedProjectsStaticWebAssets;
             ResolveReferencedProjectsStaticWebAssets;
             ;
           ;
             ResolveJsInitializerModuleStaticWebAssets;
           ") at /usr/local/share/dotnet/sdk/9.0.200/Sdks/Microsoft.NET.Sdk.StaticWebAssets/targets/Microsoft.NET.Sdk.StaticWebAssets.JSModules.targets (42,5)
       Property reassignment: $(ResolveStaticWebAssetsInputsDependsOn)="
             ResolveJSModuleManifestBuildStaticWebAssets;
             
           
             ResolveCoreStaticWebAssets;
             GenerateComputedBuildStaticWebAssets;
             
           ;
           ResolveScopedCssAssets;
         
           " (previous value: "
           
             ResolveCoreStaticWebAssets;
             GenerateComputedBuildStaticWebAssets;
             
           ;
           ResolveScopedCssAssets;
         ") at /usr/local/share/dotnet/sdk/9.0.200/Sdks/Microsoft.NET.Sdk.StaticWebAssets/targets/Microsoft.NET.Sdk.StaticWebAssets.JSModules.targets (57,5)
       Property reassignment: $(ResolvePublishStaticWebAssetsDependsOn)="
             ResolveJSModuleManifestPublishStaticWebAssets;
             
             ResolveCorePublishStaticWebAssets;
             GenerateComputedPublishStaticWebAssets;
             ;
           
           " (previous value: "
             ResolveCorePublishStaticWebAssets;
             GenerateComputedPublishStaticWebAssets;
             ;
           ") at /usr/local/share/dotnet/sdk/9.0.200/Sdks/Microsoft.NET.Sdk.StaticWebAssets/targets/Microsoft.NET.Sdk.StaticWebAssets.JSModules.targets (76,5)
       Property reassignment: $(ResolveBuildRelatedStaticWebAssetsDependsOn)="
             ResolveBuildCompressedStaticWebAssets;
             
             ResolveStaticWebAssetsInputs;
             
           
           " (previous value: "
             ResolveStaticWebAssetsInputs;
             
           ") at /usr/local/share/dotnet/sdk/9.0.200/Sdks/Microsoft.NET.Sdk.StaticWebAssets/targets/Microsoft.NET.Sdk.StaticWebAssets.Compression.targets (179,5)
       Property reassignment: $(ResolvePublishRelatedStaticWebAssetsDependsOn)="
             ResolvePublishCompressedStaticWebAssets;
             
           " (previous value: "") at /usr/local/share/dotnet/sdk/9.0.200/Sdks/Microsoft.NET.Sdk.StaticWebAssets/targets/Microsoft.NET.Sdk.StaticWebAssets.Compression.targets (198,5)
       Property reassignment: $(DebugSymbolsProjectOutputGroupDependsOn)="
             ;
             _RazorAddDebugSymbolsProjectOutputGroupOutput
           " (previous value: "") at /usr/local/share/dotnet/sdk/9.0.200/Sdks/Microsoft.NET.Sdk.Razor/targets/Sdk.Razor.CurrentVersion.targets (205,5)
       Property reassignment: $(PrepareForBuildDependsOn)="
             ;GetFrameworkPaths;GetReferenceAssemblyPaths;AssignLinkMetadata;
             ResolveRazorGenerateInputs
           " (previous value: ";GetFrameworkPaths;GetReferenceAssemblyPaths;AssignLinkMetadata") at /usr/local/share/dotnet/sdk/9.0.200/Sdks/Microsoft.NET.Sdk.Razor/targets/Sdk.Razor.CurrentVersion.targets (210,5)
       Property reassignment: $(GenerateNuspecDependsOn)="
             ResolveRazorGenerateInputs;
             
             IncludeStaticWebAssetsPackItems;
             Build;_LoadPackInputItems; _GetTargetFrameworksOutput; _WalkEachTargetPerFramework; _GetPackageFiles; ;
           
           " (previous value: "
             IncludeStaticWebAssetsPackItems;
             Build;_LoadPackInputItems; _GetTargetFrameworksOutput; _WalkEachTargetPerFramework; _GetPackageFiles; ;
           ") at /usr/local/share/dotnet/sdk/9.0.200/Sdks/Microsoft.NET.Sdk.Razor/targets/Sdk.Razor.CurrentVersion.targets (215,5)
       Property reassignment: $(PrepareForRunDependsOn)="
             _RazorPrepareForRun;
             StaticWebAssetsPrepareForRun;
             CopyFilesToOutputDirectory
           
           " (previous value: "StaticWebAssetsPrepareForRun;
             CopyFilesToOutputDirectory
           ") at /usr/local/share/dotnet/sdk/9.0.200/Sdks/Microsoft.NET.Sdk.Razor/targets/Sdk.Razor.CurrentVersion.targets (220,5)
       Property reassignment: $(UseRazorBuildServer)="true" (previous value: "") at /usr/local/share/dotnet/sdk/9.0.200/Sdks/Microsoft.NET.Sdk.Razor/targets/Sdk.Razor.CurrentVersion.targets (311,5)
       Property reassignment: $(_RazorDebugSymbolsProduced)="true" (previous value: "false") at /usr/local/share/dotnet/sdk/9.0.200/Sdks/Microsoft.NET.Sdk.Razor/targets/Sdk.Razor.CurrentVersion.targets (317,5)
       Property reassignment: $(GenerateRazorTargetAssemblyInfoDependsOn)="
             _ResolveMvcAssemblyAttributes;
             
             GetRazorTargetAssemblyAttributes;
             _CreateRazorTargetAssemblyInfoInputsCacheFile;
             CoreGenerateRazorTargetAssemblyInfo
           
           " (previous value: "
             GetRazorTargetAssemblyAttributes;
             _CreateRazorTargetAssemblyInfoInputsCacheFile;
             CoreGenerateRazorTargetAssemblyInfo
           ") at /usr/local/share/dotnet/sdk/9.0.200/Sdks/Microsoft.NET.Sdk.Razor/targets/Microsoft.NET.Sdk.Razor.GenerateAssemblyInfo.targets (36,5)
       Property reassignment: $(CoreCompileDependsOn)="
             ;_ComputeNonExistentFileProperty;ResolveCodeAnalysisRuleSet;
             _GenerateRazorAssemblyInfo
           " (previous value: ";_ComputeNonExistentFileProperty;ResolveCodeAnalysisRuleSet") at /usr/local/share/dotnet/sdk/9.0.200/Sdks/Microsoft.NET.Sdk.Razor/targets/Microsoft.NET.Sdk.Razor.GenerateAssemblyInfo.targets (181,5)
       Property reassignment: $(_GenerateRazorAssemblyInfoDependsOn)="
             _ResolveMvcAssemblyAttributes;
             RazorGetAssemblyAttributes;PrepareForBuild;_CoreGenerateRazorAssemblyInfo;
           " (previous value: "RazorGetAssemblyAttributes;PrepareForBuild;_CoreGenerateRazorAssemblyInfo") at /usr/local/share/dotnet/sdk/9.0.200/Sdks/Microsoft.NET.Sdk.Razor/targets/Microsoft.NET.Sdk.Razor.GenerateAssemblyInfo.targets (189,5)
       Property reassignment: $(CoreCompileDependsOn)="
             _DiscoverMvcApplicationParts;
             
             ;_ComputeNonExistentFileProperty;ResolveCodeAnalysisRuleSet;
             _GenerateRazorAssemblyInfo
           ;
           " (previous value: "
             ;_ComputeNonExistentFileProperty;ResolveCodeAnalysisRuleSet;
             _GenerateRazorAssemblyInfo
           ") at /usr/local/share/dotnet/sdk/9.0.200/Sdks/Microsoft.NET.Sdk.Razor/targets/Microsoft.NET.Sdk.Razor.MvcApplicationPartsDiscovery.targets (22,5)
       Property reassignment: $(RazorDesignTimeTargets)="/usr/local/share/dotnet/sdk/9.0.200/Sdks/Microsoft.NET.Sdk.Razor/targets/Microsoft.NET.Sdk.Razor.DesignTime.targets" (previous value: "/usr/local/share/dotnet/sdk/9.0.200/Microsoft/VisualStudio/Razor/Microsoft.NET.Sdk.Razor.DesignTime.targets") at /usr/local/share/dotnet/sdk/9.0.200/Sdks/Microsoft.NET.Sdk.Razor/targets/Sdk.Razor.CurrentVersion.targets (791,5)
       Property reassignment: $(RunWorkingDirectory)="/Users/dacanetdev/Dev/AIGenerated/RoadmapSkills/src/Modules/Users/DeventSoft.RoadmapSkills.Users.Api" (previous value: "") at /usr/local/share/dotnet/sdk/9.0.200/Sdks/Microsoft.NET.Sdk.Web.ProjectSystem/targets/Microsoft.NET.Sdk.Web.ProjectSystem.targets (21,5)
       Property reassignment: $(PublishProfileImported)="true" (previous value: "false") at /usr/local/share/dotnet/sdk/9.0.200/Sdks/Microsoft.NET.Sdk.Publish/targets/Microsoft.NET.Sdk.Publish.targets (60,5)
       Property reassignment: $(PublishConfiguration)="Debug" (previous value: "") at /usr/local/share/dotnet/sdk/9.0.200/Sdks/Microsoft.NET.Sdk.Publish/targets/Microsoft.NET.Sdk.Publish.targets (81,5)
       Property reassignment: $(BaseIntermediateOutputPath)="/Users/dacanetdev/Dev/AIGenerated/RoadmapSkills/src/Modules/Users/DeventSoft.RoadmapSkills.Users.Api/obj/" (previous value: "obj\") at /usr/local/share/dotnet/sdk/9.0.200/Sdks/Microsoft.NET.Sdk.Publish/targets/Microsoft.NET.Sdk.Publish.targets (87,5)
       Property reassignment: $(TargetPlatformVersion)="" (previous value: "0.0") at /usr/local/share/dotnet/sdk/9.0.200/Sdks/Microsoft.NET.Sdk/targets/Microsoft.NET.TargetFrameworkInference.targets (69,5)
       Overriding target "ResolveFrameworkReferences" in project "/usr/local/share/dotnet/sdk/9.0.200/Microsoft.Common.CurrentVersion.targets" with target "ResolveFrameworkReferences" from project "/usr/local/share/dotnet/sdk/9.0.200/Sdks/Microsoft.NET.Sdk/targets/Microsoft.NET.Sdk.FrameworkReferenceResolution.targets".
       Overriding target "Run" in project "/usr/local/share/dotnet/sdk/9.0.200/Microsoft.Common.CurrentVersion.targets" with target "Run" from project "/usr/local/share/dotnet/sdk/9.0.200/Sdks/Microsoft.NET.Sdk/targets/Microsoft.NET.Sdk.targets".
       Overriding target "GenerateSupportedTargetFrameworkAlias" in project "/usr/local/share/dotnet/sdk/9.0.200/Microsoft.Common.CurrentVersion.targets" with target "GenerateSupportedTargetFrameworkAlias" from project "/usr/local/share/dotnet/sdk/9.0.200/Sdks/Microsoft.NET.Sdk/targets/Microsoft.NET.Sdk.targets".
       Overriding target "GetReferenceAssemblyPaths" in project "/usr/local/share/dotnet/sdk/9.0.200/Microsoft.Common.CurrentVersion.targets" with target "GetReferenceAssemblyPaths" from project "/usr/local/share/dotnet/sdk/9.0.200/Sdks/Microsoft.NET.Sdk/targets/Microsoft.NET.DisableStandardFrameworkResolution.targets".
       Overriding target "GetFrameworkPaths" in project "/usr/local/share/dotnet/sdk/9.0.200/Microsoft.Common.CurrentVersion.targets" with target "GetFrameworkPaths" from project "/usr/local/share/dotnet/sdk/9.0.200/Sdks/Microsoft.NET.Sdk/targets/Microsoft.NET.DisableStandardFrameworkResolution.targets".
       Overriding target "DesignerRuntimeImplementationProjectOutputGroup" in project "/usr/local/share/dotnet/sdk/9.0.200/Microsoft.Common.CurrentVersion.targets" with target "DesignerRuntimeImplementationProjectOutputGroup" from project "/usr/local/share/dotnet/sdk/9.0.200/Sdks/Microsoft.NET.Sdk/targets/Microsoft.NET.DesignerSupport.targets".
       Overriding target "Publish" in project "/usr/local/share/dotnet/sdk/9.0.200/Microsoft.Common.CurrentVersion.targets" with target "Publish" from project "/usr/local/share/dotnet/sdk/9.0.200/Sdks/Microsoft.NET.Sdk/targets/Microsoft.NET.Publish.targets".
       Overriding target "ResolveReadyToRunCompilers" in project "/usr/local/share/dotnet/sdk/9.0.200/Sdks/Microsoft.NET.Sdk/targets/Microsoft.NET.CrossGen.targets" with target "ResolveReadyToRunCompilers" from project "/usr/local/share/dotnet/sdk/9.0.200/Sdks/Microsoft.NET.Sdk/targets/Microsoft.NET.Publish.targets".
       Overriding target "GetCopyToPublishDirectoryItems" in project "/usr/local/share/dotnet/sdk/9.0.200/Microsoft.Common.CurrentVersion.targets" with target "GetCopyToPublishDirectoryItems" from project "/usr/local/share/dotnet/sdk/9.0.200/Sdks/Microsoft.NET.Sdk/targets/Microsoft.NET.Publish.targets".
       Overriding target "ResolveFrameworkReferences" in project "/usr/local/share/dotnet/sdk/9.0.200/Microsoft.Common.CurrentVersion.targets" with target "ResolveFrameworkReferences" from project "/usr/local/share/dotnet/sdk/9.0.200/Sdks/Microsoft.NET.Sdk/targets/Microsoft.NET.Sdk.FrameworkReferenceResolution.targets".
       Overriding target "Run" in project "/usr/local/share/dotnet/sdk/9.0.200/Microsoft.Common.CurrentVersion.targets" with target "Run" from project "/usr/local/share/dotnet/sdk/9.0.200/Sdks/Microsoft.NET.Sdk/targets/Microsoft.NET.Sdk.targets".
       Overriding target "GenerateSupportedTargetFrameworkAlias" in project "/usr/local/share/dotnet/sdk/9.0.200/Microsoft.Common.CurrentVersion.targets" with target "GenerateSupportedTargetFrameworkAlias" from project "/usr/local/share/dotnet/sdk/9.0.200/Sdks/Microsoft.NET.Sdk/targets/Microsoft.NET.Sdk.targets".
       Overriding target "GetReferenceAssemblyPaths" in project "/usr/local/share/dotnet/sdk/9.0.200/Microsoft.Common.CurrentVersion.targets" with target "GetReferenceAssemblyPaths" from project "/usr/local/share/dotnet/sdk/9.0.200/Sdks/Microsoft.NET.Sdk/targets/Microsoft.NET.DisableStandardFrameworkResolution.targets".
       Overriding target "GetFrameworkPaths" in project "/usr/local/share/dotnet/sdk/9.0.200/Microsoft.Common.CurrentVersion.targets" with target "GetFrameworkPaths" from project "/usr/local/share/dotnet/sdk/9.0.200/Sdks/Microsoft.NET.Sdk/targets/Microsoft.NET.DisableStandardFrameworkResolution.targets".
       Overriding target "DesignerRuntimeImplementationProjectOutputGroup" in project "/usr/local/share/dotnet/sdk/9.0.200/Microsoft.Common.CurrentVersion.targets" with target "DesignerRuntimeImplementationProjectOutputGroup" from project "/usr/local/share/dotnet/sdk/9.0.200/Sdks/Microsoft.NET.Sdk/targets/Microsoft.NET.DesignerSupport.targets".
       Overriding target "Publish" in project "/usr/local/share/dotnet/sdk/9.0.200/Microsoft.Common.CurrentVersion.targets" with target "Publish" from project "/usr/local/share/dotnet/sdk/9.0.200/Sdks/Microsoft.NET.Sdk/targets/Microsoft.NET.Publish.targets".
       Overriding target "ResolveReadyToRunCompilers" in project "/usr/local/share/dotnet/sdk/9.0.200/Sdks/Microsoft.NET.Sdk/targets/Microsoft.NET.CrossGen.targets" with target "ResolveReadyToRunCompilers" from project "/usr/local/share/dotnet/sdk/9.0.200/Sdks/Microsoft.NET.Sdk/targets/Microsoft.NET.Publish.targets".
       Overriding target "GetCopyToPublishDirectoryItems" in project "/usr/local/share/dotnet/sdk/9.0.200/Microsoft.Common.CurrentVersion.targets" with target "GetCopyToPublishDirectoryItems" from project "/usr/local/share/dotnet/sdk/9.0.200/Sdks/Microsoft.NET.Sdk/targets/Microsoft.NET.Publish.targets".
   1:2>Project "/Users/dacanetdev/Dev/AIGenerated/RoadmapSkills/RoadmapSkills.sln" (1:2) is building "/Users/dacanetdev/Dev/AIGenerated/RoadmapSkills/src/Modules/Users/DeventSoft.RoadmapSkills.Users.Infrastructure/DeventSoft.RoadmapSkills.Users.Infrastructure.csproj" (4:7) on node 2 (default targets).
   4:7>Target "NETStandardCompatError_Mono_TextTemplating_net6_0" in file "/Users/dacanetdev/.nuget/packages/mono.texttemplating/3.0.0/buildTransitive/Mono.TextTemplating.targets" from project "/Users/dacanetdev/Dev/AIGenerated/RoadmapSkills/src/Modules/Users/DeventSoft.RoadmapSkills.Users.Infrastructure/DeventSoft.RoadmapSkills.Users.Infrastructure.csproj" (entry point):
   4:7>Task "Warning" skipped, due to false condition; ('$(_Mono_TextTemplating_Warn_Compat_Tfm)' != '') was evaluated as ('' != '').
   4:7>Done building target "NETStandardCompatError_Mono_TextTemplating_net6_0" in project "DeventSoft.RoadmapSkills.Users.Infrastructure.csproj".
       Target "_CheckForUnsupportedTargetFramework" skipped, due to false condition; ('$(_UnsupportedTargetFrameworkError)' == 'true') was evaluated as ('' == 'true').
   4:7>Target "_CollectTargetFrameworkForTelemetry" in file "/usr/local/share/dotnet/sdk/9.0.200/Sdks/Microsoft.NET.Sdk/targets/Microsoft.NET.TargetFrameworkInference.targets" from project "/Users/dacanetdev/Dev/AIGenerated/RoadmapSkills/src/Modules/Users/DeventSoft.RoadmapSkills.Users.Infrastructure/DeventSoft.RoadmapSkills.Users.Infrastructure.csproj" (target "_CheckForInvalidConfigurationAndPlatform" depends on it):
       Using "AllowEmptyTelemetry" task from assembly "/usr/local/share/dotnet/sdk/9.0.200/Sdks/Microsoft.NET.Sdk/targets/../tools/net9.0/Microsoft.NET.Build.Tasks.dll".
       Task "AllowEmptyTelemetry"
       Done executing task "AllowEmptyTelemetry".
   4:7>Done building target "_CollectTargetFrameworkForTelemetry" in project "DeventSoft.RoadmapSkills.Users.Infrastructure.csproj".
       Target "_CheckForUnsupportedTargetPlatformIdentifier" skipped, due to false condition; ('$(TargetPlatformIdentifier)' != '' and '$(TargetFrameworkIdentifier)' == '.NETCoreApp' and $([MSBuild]::VersionGreaterThanOrEquals($(TargetFrameworkVersion), 5.0)) And ('$(DesignTimeBuild)' != 'true' Or '@(MissingWorkloadPack)' == '')) was evaluated as ('' != '' and '.NETCoreApp' == '.NETCoreApp' and True And ('' != 'true' Or '' == '')).
       Target "_CheckForMissingWorkload" skipped, due to false condition; ('@(MissingWorkloadPack)' != '' And '$(DesignTimeBuild)' != 'true') was evaluated as ('' != '' And '' != 'true').
   4:7>Target "_CheckForUnsupportedNETCoreVersion" in file "/usr/local/share/dotnet/sdk/9.0.200/Sdks/Microsoft.NET.Sdk/targets/Microsoft.NET.TargetFrameworkInference.targets" from project "/Users/dacanetdev/Dev/AIGenerated/RoadmapSkills/src/Modules/Users/DeventSoft.RoadmapSkills.Users.Infrastructure/DeventSoft.RoadmapSkills.Users.Infrastructure.csproj" (target "_CheckForInvalidConfigurationAndPlatform" depends on it):
       Task "NETSdkError" skipped, due to false condition; ('$(_TargetFrameworkVersionWithoutV)' > '$(NETCoreAppMaximumVersion)' and '$(DisplayVSMessage)' != 'true') was evaluated as ('8.0' > '9.0' and '' != 'true').
       Task "NETSdkError" skipped, due to false condition; ('$(DisplayVSMessage)' == 'true') was evaluated as ('' == 'true').
   4:7>Done building target "_CheckForUnsupportedNETCoreVersion" in project "DeventSoft.RoadmapSkills.Users.Infrastructure.csproj".
       Target "_CheckForEolTargetFrameworks" skipped, due to false condition; ('@(_EolNetCoreTargetFrameworkVersions->AnyHaveMetadataValue('Identity', '$(_TargetFrameworkVersionWithoutV)'))' and '$(TargetFrameworkIdentifier)' == '.NETCoreApp' and '$(CheckEolTargetFramework)' == 'true') was evaluated as ('false' and '.NETCoreApp' == '.NETCoreApp' and '' == 'true').
       Target "_CheckForEolWorkloads" skipped, due to false condition; ('@(EolWorkload)' != '' and '$(CheckEolWorkloads)' == 'true') was evaluated as ('' != '' and 'true' == 'true').
       Target "_CheckForNotRecommendedNETStandardVersion" skipped, due to false condition; ('$(TargetFrameworkIdentifier)' == '.NETStandard' and $([MSBuild]::VersionLessThan($(TargetFrameworkVersion), '2.0'))) was evaluated as ('.NETCoreApp' == '.NETStandard' and False).
   4:7>Target "_CheckForUnsupportedCppNETCoreVersion" in file "/usr/local/share/dotnet/sdk/9.0.200/Sdks/Microsoft.NET.Sdk/targets/Microsoft.NET.TargetFrameworkInference.targets" from project "/Users/dacanetdev/Dev/AIGenerated/RoadmapSkills/src/Modules/Users/DeventSoft.RoadmapSkills.Users.Infrastructure/DeventSoft.RoadmapSkills.Users.Infrastructure.csproj" (target "_CheckForInvalidConfigurationAndPlatform" depends on it):
       Task "NETSdkError" skipped, due to false condition; ('$(TargetFrameworkIdentifier)' == '.NETCoreApp' and '$(_TargetFrameworkVersionWithoutV)' < '3.1' and ('$(Language)' == 'C++' and '$(_EnablePackageReferencesInVCProjects)' != 'true')) was evaluated as ('.NETCoreApp' == '.NETCoreApp' and '8.0' < '3.1' and ('C#' == 'C++' and '' != 'true')).
   4:7>Done building target "_CheckForUnsupportedCppNETCoreVersion" in project "DeventSoft.RoadmapSkills.Users.Infrastructure.csproj".
       Target "_CheckForUnsupportedNETStandardVersion" skipped, due to false condition; ('$(TargetFrameworkIdentifier)' == '.NETStandard' And '$(NETStandardMaximumVersion)' != '') was evaluated as ('.NETCoreApp' == '.NETStandard' And '' != '').
       Target "_CheckForUnsupportedTargetFrameworkAndFeatureCombination" skipped, due to false condition; ('$(TargetFrameworkIdentifier)' == '.NETFramework') was evaluated as ('.NETCoreApp' == '.NETFramework').
       Target "_CheckForSupportedOSPlatformVersionHigherThanTargetPlatformVersion" skipped, due to false condition; ('$(TargetPlatformVersion)' != '' and '$(TargetFrameworkIdentifier)' == '.NETCoreApp' and $([MSBuild]::VersionGreaterThanOrEquals($(TargetFrameworkVersion), 5.0))) was evaluated as ('' != '' and '.NETCoreApp' == '.NETCoreApp' and True).
       Target "_CheckForInvalidTargetPlatformVersion" skipped, due to false condition; ('$(TargetPlatformVersion)' != '' and '$(TargetFrameworkIdentifier)' == '.NETCoreApp' and $([MSBuild]::VersionGreaterThanOrEquals($(TargetFrameworkVersion), 5.0)) and ('$(Language)' != 'C++' or '$(_EnablePackageReferencesInVCProjects)' == 'true')) was evaluated as ('' != '' and '.NETCoreApp' == '.NETCoreApp' and True and ('C#' != 'C++' or '' == 'true')).
   4:7>Target "_CheckForUnsupportedArtifactsPath" in file "/usr/local/share/dotnet/sdk/9.0.200/Sdks/Microsoft.NET.Sdk/targets/Microsoft.NET.DefaultOutputPaths.targets" from project "/Users/dacanetdev/Dev/AIGenerated/RoadmapSkills/src/Modules/Users/DeventSoft.RoadmapSkills.Users.Infrastructure/DeventSoft.RoadmapSkills.Users.Infrastructure.csproj" (target "_CheckForInvalidConfigurationAndPlatform" depends on it):
       Task "NetSdkError" skipped, due to false condition; ('$(UseArtifactsOutput)' == 'true' and '$(_ArtifactsPathSetEarly)' != 'true') was evaluated as ('' == 'true' and '' != 'true').
       Task "NetSdkError" skipped, due to false condition; ('$(_ArtifactsPathLocationType)' == 'ProjectFolder') was evaluated as ('' == 'ProjectFolder').
   4:7>Done building target "_CheckForUnsupportedArtifactsPath" in project "DeventSoft.RoadmapSkills.Users.Infrastructure.csproj".
       Target "_CheckForMissingWorkload" skipped, due to false condition; ('@(MissingWorkloadPack)' != '' And '$(DesignTimeBuild)' != 'true') was evaluated as ('' != '' And '' != 'true').
       Target "_CheckForUnsupportedAppHostUsage" skipped, due to false condition; ('$(TargetFrameworkIdentifier)' == '.NETCoreApp' and '$(HasRuntimeOutput)' == 'true') was evaluated as ('.NETCoreApp' == '.NETCoreApp' and '' == 'true').
   4:7>Target "_CheckForUnsupportedHostingUsage" in file "/usr/local/share/dotnet/sdk/9.0.200/Sdks/Microsoft.NET.Sdk/targets/Microsoft.NET.RuntimeIdentifierInference.targets" from project "/Users/dacanetdev/Dev/AIGenerated/RoadmapSkills/src/Modules/Users/DeventSoft.RoadmapSkills.Users.Infrastructure/DeventSoft.RoadmapSkills.Users.Infrastructure.csproj" (target "_CheckForInvalidConfigurationAndPlatform" depends on it):
       Task "NETSdkWarning" skipped, due to false condition; ('$(SelfContained)' == 'true' and '$(EnableComHosting)' == 'true') was evaluated as ('' == 'true' and '' == 'true').
   4:7>Done building target "_CheckForUnsupportedHostingUsage" in project "DeventSoft.RoadmapSkills.Users.Infrastructure.csproj".
   4:7>Target "_CheckAndUnsetUnsupportedPrefer32Bit" in file "/usr/local/share/dotnet/sdk/9.0.200/Sdks/Microsoft.NET.Sdk/targets/Microsoft.NET.RuntimeIdentifierInference.targets" from project "/Users/dacanetdev/Dev/AIGenerated/RoadmapSkills/src/Modules/Users/DeventSoft.RoadmapSkills.Users.Infrastructure/DeventSoft.RoadmapSkills.Users.Infrastructure.csproj" (target "_CheckForInvalidConfigurationAndPlatform" depends on it):
       Task "NETSdkWarning" skipped, due to false condition; ('$(Prefer32Bit)' == 'true') was evaluated as ('false' == 'true').
   4:7>Done building target "_CheckAndUnsetUnsupportedPrefer32Bit" in project "DeventSoft.RoadmapSkills.Users.Infrastructure.csproj".
   1:2>Project "/Users/dacanetdev/Dev/AIGenerated/RoadmapSkills/RoadmapSkills.sln" (1:2) is building "/Users/dacanetdev/Dev/AIGenerated/RoadmapSkills/tests/Modules/Users/DeventSoft.RoadmapSkills.Users.IntegrationTests/DeventSoft.RoadmapSkills.Users.IntegrationTests.csproj" (2:6) on node 6 (default targets).
   2:6>Target "GenerateProgramFile" in file "/Users/dacanetdev/.nuget/packages/microsoft.net.test.sdk/17.8.0/build/netcoreapp3.1/Microsoft.NET.Test.Sdk.targets" from project "/Users/dacanetdev/Dev/AIGenerated/RoadmapSkills/tests/Modules/Users/DeventSoft.RoadmapSkills.Users.IntegrationTests/DeventSoft.RoadmapSkills.Users.IntegrationTests.csproj" (entry point):
   2:6>Task "Warning" skipped, due to false condition; (@(ProgramCompiles->Count()) != 0) was evaluated as (0 != 0).
   2:6>Done building target "GenerateProgramFile" in project "DeventSoft.RoadmapSkills.Users.IntegrationTests.csproj".
       Target "_CheckForUnsupportedTargetFramework" skipped, due to false condition; ('$(_UnsupportedTargetFrameworkError)' == 'true') was evaluated as ('' == 'true').
   2:6>Target "_CollectTargetFrameworkForTelemetry" in file "/usr/local/share/dotnet/sdk/9.0.200/Sdks/Microsoft.NET.Sdk/targets/Microsoft.NET.TargetFrameworkInference.targets" from project "/Users/dacanetdev/Dev/AIGenerated/RoadmapSkills/tests/Modules/Users/DeventSoft.RoadmapSkills.Users.IntegrationTests/DeventSoft.RoadmapSkills.Users.IntegrationTests.csproj" (target "_CheckForInvalidConfigurationAndPlatform" depends on it):
       Using "AllowEmptyTelemetry" task from assembly "/usr/local/share/dotnet/sdk/9.0.200/Sdks/Microsoft.NET.Sdk/targets/../tools/net9.0/Microsoft.NET.Build.Tasks.dll".
       Task "AllowEmptyTelemetry"
       Done executing task "AllowEmptyTelemetry".
   2:6>Done building target "_CollectTargetFrameworkForTelemetry" in project "DeventSoft.RoadmapSkills.Users.IntegrationTests.csproj".
       Target "_CheckForUnsupportedTargetPlatformIdentifier" skipped, due to false condition; ('$(TargetPlatformIdentifier)' != '' and '$(TargetFrameworkIdentifier)' == '.NETCoreApp' and $([MSBuild]::VersionGreaterThanOrEquals($(TargetFrameworkVersion), 5.0)) And ('$(DesignTimeBuild)' != 'true' Or '@(MissingWorkloadPack)' == '')) was evaluated as ('' != '' and '.NETCoreApp' == '.NETCoreApp' and True And ('' != 'true' Or '' == '')).
       Target "_CheckForMissingWorkload" skipped, due to false condition; ('@(MissingWorkloadPack)' != '' And '$(DesignTimeBuild)' != 'true') was evaluated as ('' != '' And '' != 'true').
   2:6>Target "_CheckForUnsupportedNETCoreVersion" in file "/usr/local/share/dotnet/sdk/9.0.200/Sdks/Microsoft.NET.Sdk/targets/Microsoft.NET.TargetFrameworkInference.targets" from project "/Users/dacanetdev/Dev/AIGenerated/RoadmapSkills/tests/Modules/Users/DeventSoft.RoadmapSkills.Users.IntegrationTests/DeventSoft.RoadmapSkills.Users.IntegrationTests.csproj" (target "_CheckForInvalidConfigurationAndPlatform" depends on it):
       Task "NETSdkError" skipped, due to false condition; ('$(_TargetFrameworkVersionWithoutV)' > '$(NETCoreAppMaximumVersion)' and '$(DisplayVSMessage)' != 'true') was evaluated as ('8.0' > '9.0' and '' != 'true').
     0>Property reassignment: $(DefaultItemExcludes)=";**\node_modules\**;node_modules\**;**\jspm_packages\**;jspm_packages\**;**\bower_components\**;bower_components\**;**\packages.lock.json;bin\Debug//**" (previous value: ";**\node_modules\**;node_modules\**;**\jspm_packages\**;jspm_packages\**;**\bower_components\**;bower_components\**;**\packages.lock.json") at /usr/local/share/dotnet/sdk/9.0.200/Sdks/Microsoft.NET.Sdk/targets/Microsoft.NET.DefaultOutputPaths.targets (121,5)
   2:6>_CheckForUnsupportedNETCoreVersion:
       Task "NETSdkError" skipped, due to false condition; ('$(DisplayVSMessage)' == 'true') was evaluated as ('' == 'true').
   2:6>Done building target "_CheckForUnsupportedNETCoreVersion" in project "DeventSoft.RoadmapSkills.Users.IntegrationTests.csproj".
       Target "_CheckForEolTargetFrameworks" skipped, due to false condition; ('@(_EolNetCoreTargetFrameworkVersions->AnyHaveMetadataValue('Identity', '$(_TargetFrameworkVersionWithoutV)'))' and '$(TargetFrameworkIdentifier)' == '.NETCoreApp' and '$(CheckEolTargetFramework)' == 'true') was evaluated as ('false' and '.NETCoreApp' == '.NETCoreApp' and '' == 'true').
     0>Property reassignment: $(DefaultItemExcludes)=";**\node_modules\**;node_modules\**;**\jspm_packages\**;jspm_packages\**;**\bower_components\**;bower_components\**;**\packages.lock.json;bin\Debug//**;obj\Debug//**" (previous value: ";**\node_modules\**;node_modules\**;**\jspm_packages\**;jspm_packages\**;**\bower_components\**;bower_components\**;**\packages.lock.json;bin\Debug//**") at /usr/local/share/dotnet/sdk/9.0.200/Sdks/Microsoft.NET.Sdk/targets/Microsoft.NET.DefaultOutputPaths.targets (122,5)
   2:6>Target "_CheckForEolWorkloads" skipped, due to false condition; ('@(EolWorkload)' != '' and '$(CheckEolWorkloads)' == 'true') was evaluated as ('' != '' and 'true' == 'true').
       Target "_CheckForNotRecommendedNETStandardVersion" skipped, due to false condition; ('$(TargetFrameworkIdentifier)' == '.NETStandard' and $([MSBuild]::VersionLessThan($(TargetFrameworkVersion), '2.0'))) was evaluated as ('.NETCoreApp' == '.NETStandard' and False).
   2:6>Target "_CheckForUnsupportedCppNETCoreVersion" in file "/usr/local/share/dotnet/sdk/9.0.200/Sdks/Microsoft.NET.Sdk/targets/Microsoft.NET.TargetFrameworkInference.targets" from project "/Users/dacanetdev/Dev/AIGenerated/RoadmapSkills/tests/Modules/Users/DeventSoft.RoadmapSkills.Users.IntegrationTests/DeventSoft.RoadmapSkills.Users.IntegrationTests.csproj" (target "_CheckForInvalidConfigurationAndPlatform" depends on it):
       Task "NETSdkError" skipped, due to false condition; ('$(TargetFrameworkIdentifier)' == '.NETCoreApp' and '$(_TargetFrameworkVersionWithoutV)' < '3.1' and ('$(Language)' == 'C++' and '$(_EnablePackageReferencesInVCProjects)' != 'true')) was evaluated as ('.NETCoreApp' == '.NETCoreApp' and '8.0' < '3.1' and ('C#' == 'C++' and '' != 'true')).
   2:6>Done building target "_CheckForUnsupportedCppNETCoreVersion" in project "DeventSoft.RoadmapSkills.Users.IntegrationTests.csproj".
       Target "_CheckForUnsupportedNETStandardVersion" skipped, due to false condition; ('$(TargetFrameworkIdentifier)' == '.NETStandard' And '$(NETStandardMaximumVersion)' != '') was evaluated as ('.NETCoreApp' == '.NETStandard' And '' != '').
     0>Property reassignment: $(OutputPath)="bin\Debug/net8.0/" (previous value: "bin\Debug/") at /usr/local/share/dotnet/sdk/9.0.200/Sdks/Microsoft.NET.Sdk/targets/Microsoft.NET.DefaultOutputPaths.targets (137,5)
   2:6>Target "_CheckForUnsupportedTargetFrameworkAndFeatureCombination" skipped, due to false condition; ('$(TargetFrameworkIdentifier)' == '.NETFramework') was evaluated as ('.NETCoreApp' == '.NETFramework').
       Target "_CheckForSupportedOSPlatformVersionHigherThanTargetPlatformVersion" skipped, due to false condition; ('$(TargetPlatformVersion)' != '' and '$(TargetFrameworkIdentifier)' == '.NETCoreApp' and $([MSBuild]::VersionGreaterThanOrEquals($(TargetFrameworkVersion), 5.0))) was evaluated as ('' != '' and '.NETCoreApp' == '.NETCoreApp' and True).
       Target "_CheckForInvalidTargetPlatformVersion" skipped, due to false condition; ('$(TargetPlatformVersion)' != '' and '$(TargetFrameworkIdentifier)' == '.NETCoreApp' and $([MSBuild]::VersionGreaterThanOrEquals($(TargetFrameworkVersion), 5.0)) and ('$(Language)' != 'C++' or '$(_EnablePackageReferencesInVCProjects)' == 'true')) was evaluated as ('' != '' and '.NETCoreApp' == '.NETCoreApp' and True and ('C#' != 'C++' or '' == 'true')).
     0>Property reassignment: $(IntermediateOutputPath)="obj\Debug/net8.0/" (previous value: "obj\Debug/") at /usr/local/share/dotnet/sdk/9.0.200/Sdks/Microsoft.NET.Sdk/targets/Microsoft.NET.DefaultOutputPaths.targets (142,5)
   2:6>Target "_CheckForUnsupportedArtifactsPath" in file "/usr/local/share/dotnet/sdk/9.0.200/Sdks/Microsoft.NET.Sdk/targets/Microsoft.NET.DefaultOutputPaths.targets" from project "/Users/dacanetdev/Dev/AIGenerated/RoadmapSkills/tests/Modules/Users/DeventSoft.RoadmapSkills.Users.IntegrationTests/DeventSoft.RoadmapSkills.Users.IntegrationTests.csproj" (target "_CheckForInvalidConfigurationAndPlatform" depends on it):
   2:6>Task "NetSdkError" skipped, due to false condition; ('$(UseArtifactsOutput)' == 'true' and '$(_ArtifactsPathSetEarly)' != 'true') was evaluated as ('' == 'true' and '' != 'true').
       Task "NetSdkError" skipped, due to false condition; ('$(_ArtifactsPathLocationType)' == 'ProjectFolder') was evaluated as ('' == 'ProjectFolder').
   2:6>Done building target "_CheckForUnsupportedArtifactsPath" in project "DeventSoft.RoadmapSkills.Users.IntegrationTests.csproj".
       Target "_CheckForMissingWorkload" skipped, due to false condition; ('@(MissingWorkloadPack)' != '' And '$(DesignTimeBuild)' != 'true') was evaluated as ('' != '' And '' != 'true').
   2:6>Target "_CheckForUnsupportedAppHostUsage" in file "/usr/local/share/dotnet/sdk/9.0.200/Sdks/Microsoft.NET.Sdk/targets/Microsoft.NET.RuntimeIdentifierInference.targets" from project "/Users/dacanetdev/Dev/AIGenerated/RoadmapSkills/tests/Modules/Users/DeventSoft.RoadmapSkills.Users.IntegrationTests/DeventSoft.RoadmapSkills.Users.IntegrationTests.csproj" (target "_CheckForInvalidConfigurationAndPlatform" depends on it):
       Task "NETSdkError" skipped, due to false condition; ('$(SelfContained)' == 'true' and '$(RuntimeIdentifier)' == '' and '$(AllowSelfContainedWithoutRuntimeIdentifier)' != 'true') was evaluated as ('' == 'true' and '' == '' and '' != 'true').
       Task "NETSdkError" skipped, due to false condition; ('$(PublishReadyToRun)' == 'true' and '$(RuntimeIdentifier)' == '' and '$(_IsPublishing)' == 'true') was evaluated as ('' == 'true' and '' == '' and '' == 'true').
       Task "NETSdkError" skipped, due to false condition; ('$(PublishSingleFile)' == 'true' and '$(RuntimeIdentifier)' == '' and '$(_IsPublishing)' == 'true') was evaluated as ('' == 'true' and '' == '' and '' == 'true').
       Task "NETSdkError" skipped, due to false condition; ('$(PublishAot)' == 'true' and '$(RuntimeIdentifier)' == '' and '$(_IsPublishing)' == 'true' and '$(AllowPublishAotWithoutRuntimeIdentifier)' != 'true') was evaluated as ('' == 'true' and '' == '' and '' == 'true' and '' != 'true').
     0>The "DefaultSdkResolver" resolver attempted to resolve the SDK "Microsoft.NET.SDK.WorkloadManifestTargetsLocator".
Warnings: null
Errors: MSB4276: The default SDK resolver failed to resolve SDK "Microsoft.NET.SDK.WorkloadManifestTargetsLocator" because directory "/usr/local/share/dotnet/sdk/9.0.200/Sdks/Microsoft.NET.SDK.WorkloadManifestTargetsLocator/Sdk" did not exist.
   1:2>Project "/Users/dacanetdev/Dev/AIGenerated/RoadmapSkills/RoadmapSkills.sln" (1:2) is building "/Users/dacanetdev/Dev/AIGenerated/RoadmapSkills/src/Modules/Users/DeventSoft.RoadmapSkills.Users.Application/DeventSoft.RoadmapSkills.Users.Application.csproj" (3:7) on node 7 (default targets).
   3:7>Target "_CheckForUnsupportedTargetFramework" skipped, due to false condition; ('$(_UnsupportedTargetFrameworkError)' == 'true') was evaluated as ('' == 'true').
   3:7>Target "_CollectTargetFrameworkForTelemetry" in file "/usr/local/share/dotnet/sdk/9.0.200/Sdks/Microsoft.NET.Sdk/targets/Microsoft.NET.TargetFrameworkInference.targets" from project "/Users/dacanetdev/Dev/AIGenerated/RoadmapSkills/src/Modules/Users/DeventSoft.RoadmapSkills.Users.Application/DeventSoft.RoadmapSkills.Users.Application.csproj" (target "_CheckForInvalidConfigurationAndPlatform" depends on it):
       Using "AllowEmptyTelemetry" task from assembly "/usr/local/share/dotnet/sdk/9.0.200/Sdks/Microsoft.NET.Sdk/targets/../tools/net9.0/Microsoft.NET.Build.Tasks.dll".
       Task "AllowEmptyTelemetry"
       Done executing task "AllowEmptyTelemetry".
   3:7>Done building target "_CollectTargetFrameworkForTelemetry" in project "DeventSoft.RoadmapSkills.Users.Application.csproj".
       Target "_CheckForUnsupportedTargetPlatformIdentifier" skipped, due to false condition; ('$(TargetPlatformIdentifier)' != '' and '$(TargetFrameworkIdentifier)' == '.NETCoreApp' and $([MSBuild]::VersionGreaterThanOrEquals($(TargetFrameworkVersion), 5.0)) And ('$(DesignTimeBuild)' != 'true' Or '@(MissingWorkloadPack)' == '')) was evaluated as ('' != '' and '.NETCoreApp' == '.NETCoreApp' and True And ('' != 'true' Or '' == '')).
       Target "_CheckForMissingWorkload" skipped, due to false condition; ('@(MissingWorkloadPack)' != '' And '$(DesignTimeBuild)' != 'true') was evaluated as ('' != '' And '' != 'true').
   3:7>Target "_CheckForUnsupportedNETCoreVersion" in file "/usr/local/share/dotnet/sdk/9.0.200/Sdks/Microsoft.NET.Sdk/targets/Microsoft.NET.TargetFrameworkInference.targets" from project "/Users/dacanetdev/Dev/AIGenerated/RoadmapSkills/src/Modules/Users/DeventSoft.RoadmapSkills.Users.Application/DeventSoft.RoadmapSkills.Users.Application.csproj" (target "_CheckForInvalidConfigurationAndPlatform" depends on it):
       Task "NETSdkError" skipped, due to false condition; ('$(_TargetFrameworkVersionWithoutV)' > '$(NETCoreAppMaximumVersion)' and '$(DisplayVSMessage)' != 'true') was evaluated as ('8.0' > '9.0' and '' != 'true').
       Task "NETSdkError" skipped, due to false condition; ('$(DisplayVSMessage)' == 'true') was evaluated as ('' == 'true').
   3:7>Done building target "_CheckForUnsupportedNETCoreVersion" in project "DeventSoft.RoadmapSkills.Users.Application.csproj".
       Target "_CheckForEolTargetFrameworks" skipped, due to false condition; ('@(_EolNetCoreTargetFrameworkVersions->AnyHaveMetadataValue('Identity', '$(_TargetFrameworkVersionWithoutV)'))' and '$(TargetFrameworkIdentifier)' == '.NETCoreApp' and '$(CheckEolTargetFramework)' == 'true') was evaluated as ('false' and '.NETCoreApp' == '.NETCoreApp' and '' == 'true').
       Target "_CheckForEolWorkloads" skipped, due to false condition; ('@(EolWorkload)' != '' and '$(CheckEolWorkloads)' == 'true') was evaluated as ('' != '' and 'true' == 'true').
       Target "_CheckForNotRecommendedNETStandardVersion" skipped, due to false condition; ('$(TargetFrameworkIdentifier)' == '.NETStandard' and $([MSBuild]::VersionLessThan($(TargetFrameworkVersion), '2.0'))) was evaluated as ('.NETCoreApp' == '.NETStandard' and False).
   3:7>Target "_CheckForUnsupportedCppNETCoreVersion" in file "/usr/local/share/dotnet/sdk/9.0.200/Sdks/Microsoft.NET.Sdk/targets/Microsoft.NET.TargetFrameworkInference.targets" from project "/Users/dacanetdev/Dev/AIGenerated/RoadmapSkills/src/Modules/Users/DeventSoft.RoadmapSkills.Users.Application/DeventSoft.RoadmapSkills.Users.Application.csproj" (target "_CheckForInvalidConfigurationAndPlatform" depends on it):
       Task "NETSdkError" skipped, due to false condition; ('$(TargetFrameworkIdentifier)' == '.NETCoreApp' and '$(_TargetFrameworkVersionWithoutV)' < '3.1' and ('$(Language)' == 'C++' and '$(_EnablePackageReferencesInVCProjects)' != 'true')) was evaluated as ('.NETCoreApp' == '.NETCoreApp' and '8.0' < '3.1' and ('C#' == 'C++' and '' != 'true')).
   3:7>Done building target "_CheckForUnsupportedCppNETCoreVersion" in project "DeventSoft.RoadmapSkills.Users.Application.csproj".
       Target "_CheckForUnsupportedNETStandardVersion" skipped, due to false condition; ('$(TargetFrameworkIdentifier)' == '.NETStandard' And '$(NETStandardMaximumVersion)' != '') was evaluated as ('.NETCoreApp' == '.NETStandard' And '' != '').
       Target "_CheckForUnsupportedTargetFrameworkAndFeatureCombination" skipped, due to false condition; ('$(TargetFrameworkIdentifier)' == '.NETFramework') was evaluated as ('.NETCoreApp' == '.NETFramework').
       Target "_CheckForSupportedOSPlatformVersionHigherThanTargetPlatformVersion" skipped, due to false condition; ('$(TargetPlatformVersion)' != '' and '$(TargetFrameworkIdentifier)' == '.NETCoreApp' and $([MSBuild]::VersionGreaterThanOrEquals($(TargetFrameworkVersion), 5.0))) was evaluated as ('' != '' and '.NETCoreApp' == '.NETCoreApp' and True).
       Target "_CheckForInvalidTargetPlatformVersion" skipped, due to false condition; ('$(TargetPlatformVersion)' != '' and '$(TargetFrameworkIdentifier)' == '.NETCoreApp' and $([MSBuild]::VersionGreaterThanOrEquals($(TargetFrameworkVersion), 5.0)) and ('$(Language)' != 'C++' or '$(_EnablePackageReferencesInVCProjects)' == 'true')) was evaluated as ('' != '' and '.NETCoreApp' == '.NETCoreApp' and True and ('C#' != 'C++' or '' == 'true')).
   3:7>Target "_CheckForUnsupportedArtifactsPath" in file "/usr/local/share/dotnet/sdk/9.0.200/Sdks/Microsoft.NET.Sdk/targets/Microsoft.NET.DefaultOutputPaths.targets" from project "/Users/dacanetdev/Dev/AIGenerated/RoadmapSkills/src/Modules/Users/DeventSoft.RoadmapSkills.Users.Application/DeventSoft.RoadmapSkills.Users.Application.csproj" (target "_CheckForInvalidConfigurationAndPlatform" depends on it):
       Task "NetSdkError" skipped, due to false condition; ('$(UseArtifactsOutput)' == 'true' and '$(_ArtifactsPathSetEarly)' != 'true') was evaluated as ('' == 'true' and '' != 'true').
       Task "NetSdkError" skipped, due to false condition; ('$(_ArtifactsPathLocationType)' == 'ProjectFolder') was evaluated as ('' == 'ProjectFolder').
   3:7>Done building target "_CheckForUnsupportedArtifactsPath" in project "DeventSoft.RoadmapSkills.Users.Application.csproj".
       Target "_CheckForMissingWorkload" skipped, due to false condition; ('@(MissingWorkloadPack)' != '' And '$(DesignTimeBuild)' != 'true') was evaluated as ('' != '' And '' != 'true').
   1:2>Project "/Users/dacanetdev/Dev/AIGenerated/RoadmapSkills/RoadmapSkills.sln" (1:2) is building "/Users/dacanetdev/Dev/AIGenerated/RoadmapSkills/src/Modules/Users/DeventSoft.RoadmapSkills.Users.Domain/DeventSoft.RoadmapSkills.Users.Domain.csproj" (9:7) on node 8 (default targets).
   9:7>Target "_CheckForUnsupportedTargetFramework" skipped, due to false condition; ('$(_UnsupportedTargetFrameworkError)' == 'true') was evaluated as ('' == 'true').
   3:7>Target "_CheckForUnsupportedAppHostUsage" skipped, due to false condition; ('$(TargetFrameworkIdentifier)' == '.NETCoreApp' and '$(HasRuntimeOutput)' == 'true') was evaluated as ('.NETCoreApp' == '.NETCoreApp' and '' == 'true').
   3:7>Target "_CheckForUnsupportedHostingUsage" in file "/usr/local/share/dotnet/sdk/9.0.200/Sdks/Microsoft.NET.Sdk/targets/Microsoft.NET.RuntimeIdentifierInference.targets" from project "/Users/dacanetdev/Dev/AIGenerated/RoadmapSkills/src/Modules/Users/DeventSoft.RoadmapSkills.Users.Application/DeventSoft.RoadmapSkills.Users.Application.csproj" (target "_CheckForInvalidConfigurationAndPlatform" depends on it):
       Task "NETSdkWarning" skipped, due to false condition; ('$(SelfContained)' == 'true' and '$(EnableComHosting)' == 'true') was evaluated as ('' == 'true' and '' == 'true').
   9:7>Target "_CollectTargetFrameworkForTelemetry" in file "/usr/local/share/dotnet/sdk/9.0.200/Sdks/Microsoft.NET.Sdk/targets/Microsoft.NET.TargetFrameworkInference.targets" from project "/Users/dacanetdev/Dev/AIGenerated/RoadmapSkills/src/Modules/Users/DeventSoft.RoadmapSkills.Users.Domain/DeventSoft.RoadmapSkills.Users.Domain.csproj" (target "_CheckForInvalidConfigurationAndPlatform" depends on it):
   9:7>Using "AllowEmptyTelemetry" task from assembly "/usr/local/share/dotnet/sdk/9.0.200/Sdks/Microsoft.NET.Sdk/targets/../tools/net9.0/Microsoft.NET.Build.Tasks.dll".
   3:7>Done building target "_CheckForUnsupportedHostingUsage" in project "DeventSoft.RoadmapSkills.Users.Application.csproj".
   9:7>Task "AllowEmptyTelemetry"
   1:2>Project "/Users/dacanetdev/Dev/AIGenerated/RoadmapSkills/RoadmapSkills.sln" (1:2) is building "/Users/dacanetdev/Dev/AIGenerated/RoadmapSkills/tests/Modules/Users/DeventSoft.RoadmapSkills.Users.UnitTests/DeventSoft.RoadmapSkills.Users.UnitTests.csproj" (5:6) on node 5 (default targets).
   5:6>Target "GenerateProgramFile" in file "/Users/dacanetdev/.nuget/packages/microsoft.net.test.sdk/17.8.0/build/netcoreapp3.1/Microsoft.NET.Test.Sdk.targets" from project "/Users/dacanetdev/Dev/AIGenerated/RoadmapSkills/tests/Modules/Users/DeventSoft.RoadmapSkills.Users.UnitTests/DeventSoft.RoadmapSkills.Users.UnitTests.csproj" (entry point):
   5:6>Task "Warning" skipped, due to false condition; (@(ProgramCompiles->Count()) != 0) was evaluated as (0 != 0).
   3:7>Target "_CheckAndUnsetUnsupportedPrefer32Bit" in file "/usr/local/share/dotnet/sdk/9.0.200/Sdks/Microsoft.NET.Sdk/targets/Microsoft.NET.RuntimeIdentifierInference.targets" from project "/Users/dacanetdev/Dev/AIGenerated/RoadmapSkills/src/Modules/Users/DeventSoft.RoadmapSkills.Users.Application/DeventSoft.RoadmapSkills.Users.Application.csproj" (target "_CheckForInvalidConfigurationAndPlatform" depends on it):
   3:7>Task "NETSdkWarning" skipped, due to false condition; ('$(Prefer32Bit)' == 'true') was evaluated as ('false' == 'true').
   5:6>Done building target "GenerateProgramFile" in project "DeventSoft.RoadmapSkills.Users.UnitTests.csproj".
       Target "_CheckForUnsupportedTargetFramework" skipped, due to false condition; ('$(_UnsupportedTargetFrameworkError)' == 'true') was evaluated as ('' == 'true').
   3:7>Done building target "_CheckAndUnsetUnsupportedPrefer32Bit" in project "DeventSoft.RoadmapSkills.Users.Application.csproj".
       Target "_CheckAndUnsetUnsupportedPreferNativeArm64" skipped, due to false condition; ('$(TargetFrameworkIdentifier)' == '.NETCoreApp' and '$(PreferNativeArm64)' == 'true') was evaluated as ('.NETCoreApp' == '.NETCoreApp' and 'false' == 'true').
   5:6>Target "_CollectTargetFrameworkForTelemetry" in file "/usr/local/share/dotnet/sdk/9.0.200/Sdks/Microsoft.NET.Sdk/targets/Microsoft.NET.TargetFrameworkInference.targets" from project "/Users/dacanetdev/Dev/AIGenerated/RoadmapSkills/tests/Modules/Users/DeventSoft.RoadmapSkills.Users.UnitTests/DeventSoft.RoadmapSkills.Users.UnitTests.csproj" (target "_CheckForInvalidConfigurationAndPlatform" depends on it):
   5:6>Using "AllowEmptyTelemetry" task from assembly "/usr/local/share/dotnet/sdk/9.0.200/Sdks/Microsoft.NET.Sdk/targets/../tools/net9.0/Microsoft.NET.Build.Tasks.dll".
       Task "AllowEmptyTelemetry"
   3:7>Target "_CheckForMismatchingPlatform" skipped, due to false condition; ('$(RuntimeIdentifier)' != '' and '$(PlatformTarget)' != '') was evaluated as ('' != '' and '' != '').
   9:7>Done executing task "AllowEmptyTelemetry".
   3:7>Target "_CheckForLanguageAndFeatureCombinationSupport" in file "/usr/local/share/dotnet/sdk/9.0.200/Sdks/Microsoft.NET.Sdk/targets/Microsoft.NET.RuntimeIdentifierInference.targets" from project "/Users/dacanetdev/Dev/AIGenerated/RoadmapSkills/src/Modules/Users/DeventSoft.RoadmapSkills.Users.Application/DeventSoft.RoadmapSkills.Users.Application.csproj" (target "_CheckForInvalidConfigurationAndPlatform" depends on it):
   3:7>Task "NETSdkError" skipped, due to false condition; (('$(Language)' == 'C++' and '$(_EnablePackageReferencesInVCProjects)' != 'true') and $(OutputType) != 'library' and '$(TargetFrameworkIdentifier)' == '.NETCoreApp') was evaluated as (('C#' == 'C++' and '' != 'true') and Library != 'library' and '.NETCoreApp' == '.NETCoreApp').
   5:6>Done executing task "AllowEmptyTelemetry".
   3:7>_CheckForLanguageAndFeatureCombinationSupport:
       Task "NETSdkError" skipped, due to false condition; (('$(Language)' == 'C++' and '$(_EnablePackageReferencesInVCProjects)' != 'true') and $(EnableComHosting) == 'true') was evaluated as (('C#' == 'C++' and '' != 'true') and  == 'true').
   9:7>Done building target "_CollectTargetFrameworkForTelemetry" in project "DeventSoft.RoadmapSkills.Users.Domain.csproj".
   5:6>Done building target "_CollectTargetFrameworkForTelemetry" in project "DeventSoft.RoadmapSkills.Users.UnitTests.csproj".
   3:7>_CheckForLanguageAndFeatureCombinationSupport:
       Task "NETSdkError" skipped, due to false condition; (('$(Language)' == 'C++' and '$(_EnablePackageReferencesInVCProjects)' != 'true') and $(SelfContained) == 'true') was evaluated as (('C#' == 'C++' and '' != 'true') and  == 'true').
   9:7>Target "_CheckForUnsupportedTargetPlatformIdentifier" skipped, due to false condition; ('$(TargetPlatformIdentifier)' != '' and '$(TargetFrameworkIdentifier)' == '.NETCoreApp' and $([MSBuild]::VersionGreaterThanOrEquals($(TargetFrameworkVersion), 5.0)) And ('$(DesignTimeBuild)' != 'true' Or '@(MissingWorkloadPack)' == '')) was evaluated as ('' != '' and '.NETCoreApp' == '.NETCoreApp' and True And ('' != 'true' Or '' == '')).
   5:6>Target "_CheckForUnsupportedTargetPlatformIdentifier" skipped, due to false condition; ('$(TargetPlatformIdentifier)' != '' and '$(TargetFrameworkIdentifier)' == '.NETCoreApp' and $([MSBuild]::VersionGreaterThanOrEquals($(TargetFrameworkVersion), 5.0)) And ('$(DesignTimeBuild)' != 'true' Or '@(MissingWorkloadPack)' == '')) was evaluated as ('' != '' and '.NETCoreApp' == '.NETCoreApp' and True And ('' != 'true' Or '' == '')).
   3:7>Done building target "_CheckForLanguageAndFeatureCombinationSupport" in project "DeventSoft.RoadmapSkills.Users.Application.csproj".
   9:7>Target "_CheckForMissingWorkload" skipped, due to false condition; ('@(MissingWorkloadPack)' != '' And '$(DesignTimeBuild)' != 'true') was evaluated as ('' != '' And '' != 'true').
   5:6>Target "_CheckForMissingWorkload" skipped, due to false condition; ('@(MissingWorkloadPack)' != '' And '$(DesignTimeBuild)' != 'true') was evaluated as ('' != '' And '' != 'true').
   3:7>Target "_CheckForNETCoreSdkIsPreview" skipped, due to false condition; ( '$(_NETCoreSdkIsPreview)' == 'true' AND '$(SuppressNETCoreSdkPreviewMessage)' != 'true' ) was evaluated as ( 'false' == 'true' AND '' != 'true' ).
   5:6>Target "_CheckForUnsupportedNETCoreVersion" in file "/usr/local/share/dotnet/sdk/9.0.200/Sdks/Microsoft.NET.Sdk/targets/Microsoft.NET.TargetFrameworkInference.targets" from project "/Users/dacanetdev/Dev/AIGenerated/RoadmapSkills/tests/Modules/Users/DeventSoft.RoadmapSkills.Users.UnitTests/DeventSoft.RoadmapSkills.Users.UnitTests.csproj" (target "_CheckForInvalidConfigurationAndPlatform" depends on it):
   5:6>Task "NETSdkError" skipped, due to false condition; ('$(_TargetFrameworkVersionWithoutV)' > '$(NETCoreAppMaximumVersion)' and '$(DisplayVSMessage)' != 'true') was evaluated as ('8.0' > '9.0' and '' != 'true').
   9:7>Target "_CheckForUnsupportedNETCoreVersion" in file "/usr/local/share/dotnet/sdk/9.0.200/Sdks/Microsoft.NET.Sdk/targets/Microsoft.NET.TargetFrameworkInference.targets" from project "/Users/dacanetdev/Dev/AIGenerated/RoadmapSkills/src/Modules/Users/DeventSoft.RoadmapSkills.Users.Domain/DeventSoft.RoadmapSkills.Users.Domain.csproj" (target "_CheckForInvalidConfigurationAndPlatform" depends on it):
   9:7>Task "NETSdkError" skipped, due to false condition; ('$(_TargetFrameworkVersionWithoutV)' > '$(NETCoreAppMaximumVersion)' and '$(DisplayVSMessage)' != 'true') was evaluated as ('8.0' > '9.0' and '' != 'true').
   3:7>Target "_GetProjectJsonPath" in file "/usr/local/share/dotnet/sdk/9.0.200/NuGet.targets" from project "/Users/dacanetdev/Dev/AIGenerated/RoadmapSkills/src/Modules/Users/DeventSoft.RoadmapSkills.Users.Application/DeventSoft.RoadmapSkills.Users.Application.csproj" (target "_GetRestoreProjectStyle" depends on it):
   3:7>Task "GetRestoreProjectJsonPathTask" skipped, due to false condition; ( '$(RestoreProjectStyle)' == 'ProjectJson' OR '$(RestoreProjectStyle)' == '' ) was evaluated as ( 'PackageReference' == 'ProjectJson' OR 'PackageReference' == '' ).
   5:6>_CheckForUnsupportedNETCoreVersion:
       Task "NETSdkError" skipped, due to false condition; ('$(DisplayVSMessage)' == 'true') was evaluated as ('' == 'true').
   9:7>_CheckForUnsupportedNETCoreVersion:
       Task "NETSdkError" skipped, due to false condition; ('$(DisplayVSMessage)' == 'true') was evaluated as ('' == 'true').
   3:7>Done building target "_GetProjectJsonPath" in project "DeventSoft.RoadmapSkills.Users.Application.csproj".
   5:6>Done building target "_CheckForUnsupportedNETCoreVersion" in project "DeventSoft.RoadmapSkills.Users.UnitTests.csproj".
   9:7>Done building target "_CheckForUnsupportedNETCoreVersion" in project "DeventSoft.RoadmapSkills.Users.Domain.csproj".
   3:7>Target "_CheckForUnsupportedTargetPlatformIdentifier" skipped, due to false condition; ('$(TargetPlatformIdentifier)' != '' and '$(TargetFrameworkIdentifier)' == '.NETCoreApp' and $([MSBuild]::VersionGreaterThanOrEquals($(TargetFrameworkVersion), 5.0)) And ('$(DesignTimeBuild)' != 'true' Or '@(MissingWorkloadPack)' == '')) was evaluated as ('' != '' and '.NETCoreApp' == '.NETCoreApp' and True And ('' != 'true' Or '' == '')).
   5:6>Target "_CheckForEolTargetFrameworks" skipped, due to false condition; ('@(_EolNetCoreTargetFrameworkVersions->AnyHaveMetadataValue('Identity', '$(_TargetFrameworkVersionWithoutV)'))' and '$(TargetFrameworkIdentifier)' == '.NETCoreApp' and '$(CheckEolTargetFramework)' == 'true') was evaluated as ('false' and '.NETCoreApp' == '.NETCoreApp' and '' == 'true').
   9:7>Target "_CheckForEolTargetFrameworks" skipped, due to false condition; ('@(_EolNetCoreTargetFrameworkVersions->AnyHaveMetadataValue('Identity', '$(_TargetFrameworkVersionWithoutV)'))' and '$(TargetFrameworkIdentifier)' == '.NETCoreApp' and '$(CheckEolTargetFramework)' == 'true') was evaluated as ('false' and '.NETCoreApp' == '.NETCoreApp' and '' == 'true').
   3:7>Target "_CheckForMissingWorkload" skipped, due to false condition; ('@(MissingWorkloadPack)' != '' And '$(DesignTimeBuild)' != 'true') was evaluated as ('' != '' And '' != 'true').
   5:6>Target "_CheckForEolWorkloads" skipped, due to false condition; ('@(EolWorkload)' != '' and '$(CheckEolWorkloads)' == 'true') was evaluated as ('' != '' and 'true' == 'true').
   9:7>Target "_CheckForEolWorkloads" skipped, due to false condition; ('@(EolWorkload)' != '' and '$(CheckEolWorkloads)' == 'true') was evaluated as ('' != '' and 'true' == 'true').
   3:7>Target "_CheckForNotRecommendedNETStandardVersion" skipped, due to false condition; ('$(TargetFrameworkIdentifier)' == '.NETStandard' and $([MSBuild]::VersionLessThan($(TargetFrameworkVersion), '2.0'))) was evaluated as ('.NETCoreApp' == '.NETStandard' and False).
   9:7>Target "_CheckForNotRecommendedNETStandardVersion" skipped, due to false condition; ('$(TargetFrameworkIdentifier)' == '.NETStandard' and $([MSBuild]::VersionLessThan($(TargetFrameworkVersion), '2.0'))) was evaluated as ('.NETCoreApp' == '.NETStandard' and False).
   5:6>Target "_CheckForNotRecommendedNETStandardVersion" skipped, due to false condition; ('$(TargetFrameworkIdentifier)' == '.NETStandard' and $([MSBuild]::VersionLessThan($(TargetFrameworkVersion), '2.0'))) was evaluated as ('.NETCoreApp' == '.NETStandard' and False).
   3:7>Target "_CheckForUnsupportedNETStandardVersion" skipped, due to false condition; ('$(TargetFrameworkIdentifier)' == '.NETStandard' And '$(NETStandardMaximumVersion)' != '') was evaluated as ('.NETCoreApp' == '.NETStandard' And '' != '').
   9:7>Target "_CheckForUnsupportedCppNETCoreVersion" in file "/usr/local/share/dotnet/sdk/9.0.200/Sdks/Microsoft.NET.Sdk/targets/Microsoft.NET.TargetFrameworkInference.targets" from project "/Users/dacanetdev/Dev/AIGenerated/RoadmapSkills/src/Modules/Users/DeventSoft.RoadmapSkills.Users.Domain/DeventSoft.RoadmapSkills.Users.Domain.csproj" (target "_CheckForInvalidConfigurationAndPlatform" depends on it):
   9:7>Task "NETSdkError" skipped, due to false condition; ('$(TargetFrameworkIdentifier)' == '.NETCoreApp' and '$(_TargetFrameworkVersionWithoutV)' < '3.1' and ('$(Language)' == 'C++' and '$(_EnablePackageReferencesInVCProjects)' != 'true')) was evaluated as ('.NETCoreApp' == '.NETCoreApp' and '8.0' < '3.1' and ('C#' == 'C++' and '' != 'true')).
   3:7>Target "_CheckForUnsupportedTargetFrameworkAndFeatureCombination" skipped, due to false condition; ('$(TargetFrameworkIdentifier)' == '.NETFramework') was evaluated as ('.NETCoreApp' == '.NETFramework').
   5:6>Target "_CheckForUnsupportedCppNETCoreVersion" in file "/usr/local/share/dotnet/sdk/9.0.200/Sdks/Microsoft.NET.Sdk/targets/Microsoft.NET.TargetFrameworkInference.targets" from project "/Users/dacanetdev/Dev/AIGenerated/RoadmapSkills/tests/Modules/Users/DeventSoft.RoadmapSkills.Users.UnitTests/DeventSoft.RoadmapSkills.Users.UnitTests.csproj" (target "_CheckForInvalidConfigurationAndPlatform" depends on it):
   5:6>Task "NETSdkError" skipped, due to false condition; ('$(TargetFrameworkIdentifier)' == '.NETCoreApp' and '$(_TargetFrameworkVersionWithoutV)' < '3.1' and ('$(Language)' == 'C++' and '$(_EnablePackageReferencesInVCProjects)' != 'true')) was evaluated as ('.NETCoreApp' == '.NETCoreApp' and '8.0' < '3.1' and ('C#' == 'C++' and '' != 'true')).
   9:7>Done building target "_CheckForUnsupportedCppNETCoreVersion" in project "DeventSoft.RoadmapSkills.Users.Domain.csproj".
   3:7>Target "ApplyImplicitVersions" skipped, due to false condition; ('@(PackageReference)' != '') was evaluated as ('' != '').
   5:6>Done building target "_CheckForUnsupportedCppNETCoreVersion" in project "DeventSoft.RoadmapSkills.Users.UnitTests.csproj".
   9:7>Target "_CheckForUnsupportedNETStandardVersion" skipped, due to false condition; ('$(TargetFrameworkIdentifier)' == '.NETStandard' And '$(NETStandardMaximumVersion)' != '') was evaluated as ('.NETCoreApp' == '.NETStandard' And '' != '').
   3:7>Target "IncludeTargetingPackReference" skipped, due to false condition; ('$(TargetFrameworkMoniker)' != '' and '$(TargetFrameworkIdentifier)' == '.NETFramework' and '$(AutomaticallyUseReferenceAssemblyPackages)' == 'true') was evaluated as ('.NETCoreApp,Version=v8.0' != '' and '.NETCoreApp' == '.NETFramework' and 'true' == 'true').
   5:6>Target "_CheckForUnsupportedNETStandardVersion" skipped, due to false condition; ('$(TargetFrameworkIdentifier)' == '.NETStandard' And '$(NETStandardMaximumVersion)' != '') was evaluated as ('.NETCoreApp' == '.NETStandard' And '' != '').
   9:7>Target "_CheckForUnsupportedTargetFrameworkAndFeatureCombination" skipped, due to false condition; ('$(TargetFrameworkIdentifier)' == '.NETFramework') was evaluated as ('.NETCoreApp' == '.NETFramework').
   5:6>Target "_CheckForUnsupportedTargetFrameworkAndFeatureCombination" skipped, due to false condition; ('$(TargetFrameworkIdentifier)' == '.NETFramework') was evaluated as ('.NETCoreApp' == '.NETFramework').
   3:7>Target "CheckForImplicitPackageReferenceOverrides" in file "/usr/local/share/dotnet/sdk/9.0.200/Sdks/Microsoft.NET.Sdk/targets/Microsoft.NET.Sdk.DefaultItems.Shared.targets" from project "/Users/dacanetdev/Dev/AIGenerated/RoadmapSkills/src/Modules/Users/DeventSoft.RoadmapSkills.Users.Application/DeventSoft.RoadmapSkills.Users.Application.csproj" (target "CollectPackageReferences" depends on it):
   3:7>Using "CheckForImplicitPackageReferenceOverrides" task from assembly "/usr/local/share/dotnet/sdk/9.0.200/Sdks/Microsoft.NET.Sdk/targets/../tools/net9.0/Microsoft.NET.Build.Tasks.dll".
   9:7>Target "_CheckForSupportedOSPlatformVersionHigherThanTargetPlatformVersion" skipped, due to false condition; ('$(TargetPlatformVersion)' != '' and '$(TargetFrameworkIdentifier)' == '.NETCoreApp' and $([MSBuild]::VersionGreaterThanOrEquals($(TargetFrameworkVersion), 5.0))) was evaluated as ('' != '' and '.NETCoreApp' == '.NETCoreApp' and True).
   5:6>Target "_CheckForSupportedOSPlatformVersionHigherThanTargetPlatformVersion" skipped, due to false condition; ('$(TargetPlatformVersion)' != '' and '$(TargetFrameworkIdentifier)' == '.NETCoreApp' and $([MSBuild]::VersionGreaterThanOrEquals($(TargetFrameworkVersion), 5.0))) was evaluated as ('' != '' and '.NETCoreApp' == '.NETCoreApp' and True).
   3:7>Task "CheckForImplicitPackageReferenceOverrides"
   9:7>Target "_CheckForInvalidTargetPlatformVersion" skipped, due to false condition; ('$(TargetPlatformVersion)' != '' and '$(TargetFrameworkIdentifier)' == '.NETCoreApp' and $([MSBuild]::VersionGreaterThanOrEquals($(TargetFrameworkVersion), 5.0)) and ('$(Language)' != 'C++' or '$(_EnablePackageReferencesInVCProjects)' == 'true')) was evaluated as ('' != '' and '.NETCoreApp' == '.NETCoreApp' and True and ('C#' != 'C++' or '' == 'true')).
   5:6>Target "_CheckForInvalidTargetPlatformVersion" skipped, due to false condition; ('$(TargetPlatformVersion)' != '' and '$(TargetFrameworkIdentifier)' == '.NETCoreApp' and $([MSBuild]::VersionGreaterThanOrEquals($(TargetFrameworkVersion), 5.0)) and ('$(Language)' != 'C++' or '$(_EnablePackageReferencesInVCProjects)' == 'true')) was evaluated as ('' != '' and '.NETCoreApp' == '.NETCoreApp' and True and ('C#' != 'C++' or '' == 'true')).
   3:7>Done executing task "CheckForImplicitPackageReferenceOverrides".
   3:7>Done building target "CheckForImplicitPackageReferenceOverrides" in project "DeventSoft.RoadmapSkills.Users.Application.csproj".
   9:7>Target "_CheckForUnsupportedArtifactsPath" in file "/usr/local/share/dotnet/sdk/9.0.200/Sdks/Microsoft.NET.Sdk/targets/Microsoft.NET.DefaultOutputPaths.targets" from project "/Users/dacanetdev/Dev/AIGenerated/RoadmapSkills/src/Modules/Users/DeventSoft.RoadmapSkills.Users.Domain/DeventSoft.RoadmapSkills.Users.Domain.csproj" (target "_CheckForInvalidConfigurationAndPlatform" depends on it):
   9:7>Task "NetSdkError" skipped, due to false condition; ('$(UseArtifactsOutput)' == 'true' and '$(_ArtifactsPathSetEarly)' != 'true') was evaluated as ('' == 'true' and '' != 'true').
   5:6>Target "_CheckForUnsupportedArtifactsPath" in file "/usr/local/share/dotnet/sdk/9.0.200/Sdks/Microsoft.NET.Sdk/targets/Microsoft.NET.DefaultOutputPaths.targets" from project "/Users/dacanetdev/Dev/AIGenerated/RoadmapSkills/tests/Modules/Users/DeventSoft.RoadmapSkills.Users.UnitTests/DeventSoft.RoadmapSkills.Users.UnitTests.csproj" (target "_CheckForInvalidConfigurationAndPlatform" depends on it):
   5:6>Task "NetSdkError" skipped, due to false condition; ('$(UseArtifactsOutput)' == 'true' and '$(_ArtifactsPathSetEarly)' != 'true') was evaluated as ('' == 'true' and '' != 'true').
   9:7>_CheckForUnsupportedArtifactsPath:
       Task "NetSdkError" skipped, due to false condition; ('$(_ArtifactsPathLocationType)' == 'ProjectFolder') was evaluated as ('' == 'ProjectFolder').
   3:7>Target "AddWindowsSdkKnownFrameworkReferences" skipped, due to false condition; ('$(TargetFrameworkIdentifier)' == '.NETCoreApp' And '$(TargetPlatformIdentifier)' == 'Windows'
                     And ('$(Language)' != 'C++' Or '$(IncludeWindowsSDKRefFrameworkReferences)' == 'true')) was evaluated as ('.NETCoreApp' == '.NETCoreApp' And '' == 'Windows'
                     And ('C#' != 'C++' Or '' == 'true')).
   5:6>_CheckForUnsupportedArtifactsPath:
       Task "NetSdkError" skipped, due to false condition; ('$(_ArtifactsPathLocationType)' == 'ProjectFolder') was evaluated as ('' == 'ProjectFolder').
   9:7>Done building target "_CheckForUnsupportedArtifactsPath" in project "DeventSoft.RoadmapSkills.Users.Domain.csproj".
   3:7>Target "_NormalizeTargetPlatformVersion" skipped, due to false condition; ('$(TargetPlatformVersion)' != '' and '$(TargetFrameworkIdentifier)' == '.NETCoreApp' and $([MSBuild]::VersionGreaterThanOrEquals($(TargetFrameworkVersion), 5.0)) and ('$(Language)' != 'C++' or '$(_EnablePackageReferencesInVCProjects)' == 'true')) was evaluated as ('' != '' and '.NETCoreApp' == '.NETCoreApp' and True and ('C#' != 'C++' or '' == 'true')).
       Target "ApplyImplicitVersions" skipped, due to false condition; ('@(PackageReference)' != '') was evaluated as ('' != '').
   5:6>Done building target "_CheckForUnsupportedArtifactsPath" in project "DeventSoft.RoadmapSkills.Users.UnitTests.csproj".
       Target "_CheckForMissingWorkload" skipped, due to false condition; ('@(MissingWorkloadPack)' != '' And '$(DesignTimeBuild)' != 'true') was evaluated as ('' != '' And '' != 'true').
   3:7>Target "_ComputeToolPackInputsToProcessFrameworkReferences" in file "/usr/local/share/dotnet/sdk/9.0.200/Sdks/Microsoft.NET.Sdk/targets/Microsoft.NET.Publish.targets" from project "/Users/dacanetdev/Dev/AIGenerated/RoadmapSkills/src/Modules/Users/DeventSoft.RoadmapSkills.Users.Application/DeventSoft.RoadmapSkills.Users.Application.csproj" (target "ProcessFrameworkReferences" depends on it):
   3:7>Done building target "_ComputeToolPackInputsToProcessFrameworkReferences" in project "DeventSoft.RoadmapSkills.Users.Application.csproj".
   5:6>Target "_CheckForUnsupportedAppHostUsage" in file "/usr/local/share/dotnet/sdk/9.0.200/Sdks/Microsoft.NET.Sdk/targets/Microsoft.NET.RuntimeIdentifierInference.targets" from project "/Users/dacanetdev/Dev/AIGenerated/RoadmapSkills/tests/Modules/Users/DeventSoft.RoadmapSkills.Users.UnitTests/DeventSoft.RoadmapSkills.Users.UnitTests.csproj" (target "_CheckForInvalidConfigurationAndPlatform" depends on it):
   5:6>Task "NETSdkError" skipped, due to false condition; ('$(SelfContained)' == 'true' and '$(RuntimeIdentifier)' == '' and '$(AllowSelfContainedWithoutRuntimeIdentifier)' != 'true') was evaluated as ('' == 'true' and '' == '' and '' != 'true').
   9:7>Target "_CheckForMissingWorkload" skipped, due to false condition; ('@(MissingWorkloadPack)' != '' And '$(DesignTimeBuild)' != 'true') was evaluated as ('' != '' And '' != 'true').
   5:6>_CheckForUnsupportedAppHostUsage:
       Task "NETSdkError" skipped, due to false condition; ('$(PublishReadyToRun)' == 'true' and '$(RuntimeIdentifier)' == '' and '$(_IsPublishing)' == 'true') was evaluated as ('' == 'true' and '' == '' and '' == 'true').
   3:7>Target "ProcessFrameworkReferences" in file "/usr/local/share/dotnet/sdk/9.0.200/Sdks/Microsoft.NET.Sdk/targets/Microsoft.NET.Sdk.FrameworkReferenceResolution.targets" from project "/Users/dacanetdev/Dev/AIGenerated/RoadmapSkills/src/Modules/Users/DeventSoft.RoadmapSkills.Users.Application/DeventSoft.RoadmapSkills.Users.Application.csproj" (target "CollectPackageReferences" depends on it):
   3:7>Using "CheckForDuplicateFrameworkReferences" task from assembly "/usr/local/share/dotnet/sdk/9.0.200/Sdks/Microsoft.NET.Sdk/targets/../tools/net9.0/Microsoft.NET.Build.Tasks.dll".
   9:7>Target "_CheckForUnsupportedAppHostUsage" skipped, due to false condition; ('$(TargetFrameworkIdentifier)' == '.NETCoreApp' and '$(HasRuntimeOutput)' == 'true') was evaluated as ('.NETCoreApp' == '.NETCoreApp' and '' == 'true').
   5:6>_CheckForUnsupportedAppHostUsage:
       Task "NETSdkError" skipped, due to false condition; ('$(PublishSingleFile)' == 'true' and '$(RuntimeIdentifier)' == '' and '$(_IsPublishing)' == 'true') was evaluated as ('' == 'true' and '' == '' and '' == 'true').
   3:7>Task "CheckForDuplicateFrameworkReferences"
   5:6>_CheckForUnsupportedAppHostUsage:
       Task "NETSdkError" skipped, due to false condition; ('$(PublishAot)' == 'true' and '$(RuntimeIdentifier)' == '' and '$(_IsPublishing)' == 'true' and '$(AllowPublishAotWithoutRuntimeIdentifier)' != 'true') was evaluated as ('' == 'true' and '' == '' and '' == 'true' and '' != 'true').
   3:7>Done executing task "CheckForDuplicateFrameworkReferences".
   5:6>_CheckForUnsupportedAppHostUsage:
       Task "NETSdkError" skipped, due to false condition; ('$(PublishSelfContained)' != 'true' and '$(PublishSelfContained)' != 'false' and '$(PublishSelfContained)' != '') was evaluated as ('' != 'true' and '' != 'false' and '' != '').
   9:7>Target "_CheckForUnsupportedHostingUsage" in file "/usr/local/share/dotnet/sdk/9.0.200/Sdks/Microsoft.NET.Sdk/targets/Microsoft.NET.RuntimeIdentifierInference.targets" from project "/Users/dacanetdev/Dev/AIGenerated/RoadmapSkills/src/Modules/Users/DeventSoft.RoadmapSkills.Users.Domain/DeventSoft.RoadmapSkills.Users.Domain.csproj" (target "_CheckForInvalidConfigurationAndPlatform" depends on it):
   9:7>Task "NETSdkWarning" skipped, due to false condition; ('$(SelfContained)' == 'true' and '$(EnableComHosting)' == 'true') was evaluated as ('' == 'true' and '' == 'true').
   5:6>_CheckForUnsupportedAppHostUsage:
       Task "NETSdkError" skipped, due to false condition; ('$(SelfContained)' == 'true' and '$(UseAppHost)' != 'true' and '$(_RuntimeIdentifierUsesAppHost)' == 'true') was evaluated as ('' == 'true' and '' != 'true' and '' == 'true').
   3:7>ProcessFrameworkReferences:
       Using "ProcessFrameworkReferences" task from assembly "/usr/local/share/dotnet/sdk/9.0.200/Sdks/Microsoft.NET.Sdk/targets/../tools/net9.0/Microsoft.NET.Build.Tasks.dll".
   9:7>Done building target "_CheckForUnsupportedHostingUsage" in project "DeventSoft.RoadmapSkills.Users.Domain.csproj".
   3:7>Task "ProcessFrameworkReferences"
   5:6>_CheckForUnsupportedAppHostUsage:
       Task "NETSdkError" skipped, due to false condition; ('$(SelfContained)' != 'true' and '$(UseAppHost)' == 'true' and '$(_TargetFrameworkVersionWithoutV)' < '2.1') was evaluated as ('' != 'true' and '' == 'true' and '8.0' < '2.1').
   3:7>Done executing task "ProcessFrameworkReferences".
   5:6>_CheckForUnsupportedAppHostUsage:
       Task "NETSdkError" skipped, due to false condition; ('$(PublishSingleFile)' == 'true' and '$(_TargetFrameworkVersionWithoutV)' < '3.0') was evaluated as ('' == 'true' and '8.0' < '3.0').
   3:7>ProcessFrameworkReferences:
       Using "ResolveAppHosts" task from assembly "/usr/local/share/dotnet/sdk/9.0.200/Sdks/Microsoft.NET.Sdk/targets/../tools/net9.0/Microsoft.NET.Build.Tasks.dll".
   5:6>_CheckForUnsupportedAppHostUsage:
       Task "NETSdkWarning" skipped, due to false condition; ('$(PublishReadyToRun)' == 'true' and '$(_TargetFrameworkVersionWithoutV)' < '3.0') was evaluated as ('' == 'true' and '8.0' < '3.0').
   9:7>Target "_CheckAndUnsetUnsupportedPrefer32Bit" in file "/usr/local/share/dotnet/sdk/9.0.200/Sdks/Microsoft.NET.Sdk/targets/Microsoft.NET.RuntimeIdentifierInference.targets" from project "/Users/dacanetdev/Dev/AIGenerated/RoadmapSkills/src/Modules/Users/DeventSoft.RoadmapSkills.Users.Domain/DeventSoft.RoadmapSkills.Users.Domain.csproj" (target "_CheckForInvalidConfigurationAndPlatform" depends on it):
   9:7>Task "NETSdkWarning" skipped, due to false condition; ('$(Prefer32Bit)' == 'true') was evaluated as ('false' == 'true').
   3:7>Task "ResolveAppHosts"
   5:6>_CheckForUnsupportedAppHostUsage:
       Task "NETSdkWarning" skipped, due to false condition; ('$(RuntimeIdentifier)' != '' and '$(_TargetFrameworkVersionWithoutV)' != '' and $([MSBuild]::VersionLessThan($(_TargetFrameworkVersionWithoutV), '8.0')) and '$(_SelfContainedWasSpecified)' != 'true') was evaluated as ('' != '' and '8.0' != '' and False and '' != 'true').
   9:7>Done building target "_CheckAndUnsetUnsupportedPrefer32Bit" in project "DeventSoft.RoadmapSkills.Users.Domain.csproj".
   5:6>_CheckForUnsupportedAppHostUsage:
       Task "NetSdkError" skipped, due to false condition; (('$(UseWindowsForms)' == 'true') and ('$(PublishTrimmed)' == 'true') and ('$(_SuppressWinFormsTrimError)' != 'true')) was evaluated as (('' == 'true') and ('' == 'true') and ('' != 'true')).
   3:7>Done executing task "ResolveAppHosts".
   9:7>Target "_CheckAndUnsetUnsupportedPreferNativeArm64" skipped, due to false condition; ('$(TargetFrameworkIdentifier)' == '.NETCoreApp' and '$(PreferNativeArm64)' == 'true') was evaluated as ('.NETCoreApp' == '.NETCoreApp' and 'false' == 'true').
   2:6>_CheckForUnsupportedAppHostUsage:
       Task "NETSdkError" skipped, due to false condition; ('$(PublishSelfContained)' != 'true' and '$(PublishSelfContained)' != 'false' and '$(PublishSelfContained)' != '') was evaluated as ('' != 'true' and '' != 'false' and '' != '').
   5:6>_CheckForUnsupportedAppHostUsage:
       Task "NetSdkError" skipped, due to false condition; (('$(UseWpf)' == 'true') and ('$(PublishTrimmed)' == 'true') and ('$(_SuppressWpfTrimError)' != 'true')) was evaluated as (('' == 'true') and ('' == 'true') and ('' != 'true')).
   9:7>Target "_CheckForMismatchingPlatform" skipped, due to false condition; ('$(RuntimeIdentifier)' != '' and '$(PlatformTarget)' != '') was evaluated as ('' != '' and '' != '').
   3:7>Done building target "ProcessFrameworkReferences" in project "DeventSoft.RoadmapSkills.Users.Application.csproj".
   2:6>_CheckForUnsupportedAppHostUsage:
       Task "NETSdkError" skipped, due to false condition; ('$(SelfContained)' == 'true' and '$(UseAppHost)' != 'true' and '$(_RuntimeIdentifierUsesAppHost)' == 'true') was evaluated as ('' == 'true' and '' != 'true' and '' == 'true').
   9:7>Target "_CheckForLanguageAndFeatureCombinationSupport" in file "/usr/local/share/dotnet/sdk/9.0.200/Sdks/Microsoft.NET.Sdk/targets/Microsoft.NET.RuntimeIdentifierInference.targets" from project "/Users/dacanetdev/Dev/AIGenerated/RoadmapSkills/src/Modules/Users/DeventSoft.RoadmapSkills.Users.Domain/DeventSoft.RoadmapSkills.Users.Domain.csproj" (target "_CheckForInvalidConfigurationAndPlatform" depends on it):
   9:7>Task "NETSdkError" skipped, due to false condition; (('$(Language)' == 'C++' and '$(_EnablePackageReferencesInVCProjects)' != 'true') and $(OutputType) != 'library' and '$(TargetFrameworkIdentifier)' == '.NETCoreApp') was evaluated as (('C#' == 'C++' and '' != 'true') and Library != 'library' and '.NETCoreApp' == '.NETCoreApp').
   3:7>Target "IncludeTargetingPackReference" skipped, due to false condition; ('$(TargetFrameworkMoniker)' != '' and '$(TargetFrameworkIdentifier)' == '.NETFramework' and '$(AutomaticallyUseReferenceAssemblyPackages)' == 'true') was evaluated as ('.NETCoreApp,Version=v8.0' != '' and '.NETCoreApp' == '.NETFramework' and 'true' == 'true').
   5:6>Done building target "_CheckForUnsupportedAppHostUsage" in project "DeventSoft.RoadmapSkills.Users.UnitTests.csproj".
   2:6>_CheckForUnsupportedAppHostUsage:
       Task "NETSdkError" skipped, due to false condition; ('$(SelfContained)' != 'true' and '$(UseAppHost)' == 'true' and '$(_TargetFrameworkVersionWithoutV)' < '2.1') was evaluated as ('' != 'true' and '' == 'true' and '8.0' < '2.1').
   9:7>_CheckForLanguageAndFeatureCombinationSupport:
       Task "NETSdkError" skipped, due to false condition; (('$(Language)' == 'C++' and '$(_EnablePackageReferencesInVCProjects)' != 'true') and $(EnableComHosting) == 'true') was evaluated as (('C#' == 'C++' and '' != 'true') and  == 'true').
   2:6>_CheckForUnsupportedAppHostUsage:
       Task "NETSdkError" skipped, due to false condition; ('$(PublishSingleFile)' == 'true' and '$(_TargetFrameworkVersionWithoutV)' < '3.0') was evaluated as ('' == 'true' and '8.0' < '3.0').
   3:7>Target "_CheckMicrosoftNetCompilersToolsetFrameworkPackageReference" skipped, due to false condition; ('$(MSBuildRuntimeType)' == 'Full') was evaluated as ('Core' == 'Full').
   2:6>_CheckForUnsupportedAppHostUsage:
       Task "NETSdkWarning" skipped, due to false condition; ('$(PublishReadyToRun)' == 'true' and '$(_TargetFrameworkVersionWithoutV)' < '3.0') was evaluated as ('' == 'true' and '8.0' < '3.0').
       Task "NETSdkWarning" skipped, due to false condition; ('$(RuntimeIdentifier)' != '' and '$(_TargetFrameworkVersionWithoutV)' != '' and $([MSBuild]::VersionLessThan($(_TargetFrameworkVersionWithoutV), '8.0')) and '$(_SelfContainedWasSpecified)' != 'true') was evaluated as ('' != '' and '8.0' != '' and False and '' != 'true').
   9:7>_CheckForLanguageAndFeatureCombinationSupport:
       Task "NETSdkError" skipped, due to false condition; (('$(Language)' == 'C++' and '$(_EnablePackageReferencesInVCProjects)' != 'true') and $(SelfContained) == 'true') was evaluated as (('C#' == 'C++' and '' != 'true') and  == 'true').
   2:6>_CheckForUnsupportedAppHostUsage:
       Task "NetSdkError" skipped, due to false condition; (('$(UseWindowsForms)' == 'true') and ('$(PublishTrimmed)' == 'true') and ('$(_SuppressWinFormsTrimError)' != 'true')) was evaluated as (('' == 'true') and ('' == 'true') and ('' != 'true')).
       Task "NetSdkError" skipped, due to false condition; (('$(UseWpf)' == 'true') and ('$(PublishTrimmed)' == 'true') and ('$(_SuppressWpfTrimError)' != 'true')) was evaluated as (('' == 'true') and ('' == 'true') and ('' != 'true')).
   3:7>Target "_CheckForObsoleteDotNetCliToolReferences" in file "/usr/local/share/dotnet/sdk/9.0.200/Sdks/Microsoft.NET.Sdk/targets/Microsoft.NET.ObsoleteReferences.targets" from project "/Users/dacanetdev/Dev/AIGenerated/RoadmapSkills/src/Modules/Users/DeventSoft.RoadmapSkills.Users.Application/DeventSoft.RoadmapSkills.Users.Application.csproj" (target "CollectPackageReferences" depends on it):
   3:7>Task "NETSdkWarning" skipped, due to false condition; ( '%(_ReferenceToObsoleteDotNetCliTool.Identity)' != '' ) was evaluated as ( '' != '' ).
   9:7>Done building target "_CheckForLanguageAndFeatureCombinationSupport" in project "DeventSoft.RoadmapSkills.Users.Domain.csproj".
   2:6>Done building target "_CheckForUnsupportedAppHostUsage" in project "DeventSoft.RoadmapSkills.Users.IntegrationTests.csproj".
   3:7>Done building target "_CheckForObsoleteDotNetCliToolReferences" in project "DeventSoft.RoadmapSkills.Users.Application.csproj".
   9:7>Target "_CheckForNETCoreSdkIsPreview" skipped, due to false condition; ( '$(_NETCoreSdkIsPreview)' == 'true' AND '$(SuppressNETCoreSdkPreviewMessage)' != 'true' ) was evaluated as ( 'false' == 'true' AND '' != 'true' ).
   3:7>Target "CollectPackageReferences" in file "/usr/local/share/dotnet/sdk/9.0.200/NuGet.targets" from project "/Users/dacanetdev/Dev/AIGenerated/RoadmapSkills/src/Modules/Users/DeventSoft.RoadmapSkills.Users.Application/DeventSoft.RoadmapSkills.Users.Application.csproj" (target "_GetRestoreProjectStyle" depends on it):
   3:7>Using "CheckForDuplicateNuGetItemsTask" task from assembly "/usr/local/share/dotnet/sdk/9.0.200/NuGet.Build.Tasks.dll".
   2:6>Target "_CheckForUnsupportedHostingUsage" in file "/usr/local/share/dotnet/sdk/9.0.200/Sdks/Microsoft.NET.Sdk/targets/Microsoft.NET.RuntimeIdentifierInference.targets" from project "/Users/dacanetdev/Dev/AIGenerated/RoadmapSkills/tests/Modules/Users/DeventSoft.RoadmapSkills.Users.IntegrationTests/DeventSoft.RoadmapSkills.Users.IntegrationTests.csproj" (target "_CheckForInvalidConfigurationAndPlatform" depends on it):
   2:6>Task "NETSdkWarning" skipped, due to false condition; ('$(SelfContained)' == 'true' and '$(EnableComHosting)' == 'true') was evaluated as ('' == 'true' and '' == 'true').
   9:7>Target "_GetProjectJsonPath" in file "/usr/local/share/dotnet/sdk/9.0.200/NuGet.targets" from project "/Users/dacanetdev/Dev/AIGenerated/RoadmapSkills/src/Modules/Users/DeventSoft.RoadmapSkills.Users.Domain/DeventSoft.RoadmapSkills.Users.Domain.csproj" (target "_GetRestoreProjectStyle" depends on it):
   9:7>Task "GetRestoreProjectJsonPathTask" skipped, due to false condition; ( '$(RestoreProjectStyle)' == 'ProjectJson' OR '$(RestoreProjectStyle)' == '' ) was evaluated as ( 'PackageReference' == 'ProjectJson' OR 'PackageReference' == '' ).
   3:7>Task "CheckForDuplicateNuGetItemsTask"
   2:6>Done building target "_CheckForUnsupportedHostingUsage" in project "DeventSoft.RoadmapSkills.Users.IntegrationTests.csproj".
   9:7>Done building target "_GetProjectJsonPath" in project "DeventSoft.RoadmapSkills.Users.Domain.csproj".
   3:7>Done executing task "CheckForDuplicateNuGetItemsTask".
   9:7>Target "_CheckForUnsupportedTargetPlatformIdentifier" skipped, due to false condition; ('$(TargetPlatformIdentifier)' != '' and '$(TargetFrameworkIdentifier)' == '.NETCoreApp' and $([MSBuild]::VersionGreaterThanOrEquals($(TargetFrameworkVersion), 5.0)) And ('$(DesignTimeBuild)' != 'true' Or '@(MissingWorkloadPack)' == '')) was evaluated as ('' != '' and '.NETCoreApp' == '.NETCoreApp' and True And ('' != 'true' Or '' == '')).
       Target "_CheckForMissingWorkload" skipped, due to false condition; ('@(MissingWorkloadPack)' != '' And '$(DesignTimeBuild)' != 'true') was evaluated as ('' != '' And '' != 'true').
   2:6>Target "_CheckAndUnsetUnsupportedPrefer32Bit" in file "/usr/local/share/dotnet/sdk/9.0.200/Sdks/Microsoft.NET.Sdk/targets/Microsoft.NET.RuntimeIdentifierInference.targets" from project "/Users/dacanetdev/Dev/AIGenerated/RoadmapSkills/tests/Modules/Users/DeventSoft.RoadmapSkills.Users.IntegrationTests/DeventSoft.RoadmapSkills.Users.IntegrationTests.csproj" (target "_CheckForInvalidConfigurationAndPlatform" depends on it):
   2:6>Task "NETSdkWarning" skipped, due to false condition; ('$(Prefer32Bit)' == 'true') was evaluated as ('false' == 'true').
   3:7>Done building target "CollectPackageReferences" in project "DeventSoft.RoadmapSkills.Users.Application.csproj".
   9:7>Target "_CheckForNotRecommendedNETStandardVersion" skipped, due to false condition; ('$(TargetFrameworkIdentifier)' == '.NETStandard' and $([MSBuild]::VersionLessThan($(TargetFrameworkVersion), '2.0'))) was evaluated as ('.NETCoreApp' == '.NETStandard' and False).
   2:6>Done building target "_CheckAndUnsetUnsupportedPrefer32Bit" in project "DeventSoft.RoadmapSkills.Users.IntegrationTests.csproj".
   9:7>Target "_CheckForUnsupportedNETStandardVersion" skipped, due to false condition; ('$(TargetFrameworkIdentifier)' == '.NETStandard' And '$(NETStandardMaximumVersion)' != '') was evaluated as ('.NETCoreApp' == '.NETStandard' And '' != '').
   2:6>Target "_CheckAndUnsetUnsupportedPreferNativeArm64" skipped, due to false condition; ('$(TargetFrameworkIdentifier)' == '.NETCoreApp' and '$(PreferNativeArm64)' == 'true') was evaluated as ('.NETCoreApp' == '.NETCoreApp' and 'false' == 'true').
   9:7>Target "_CheckForUnsupportedTargetFrameworkAndFeatureCombination" skipped, due to false condition; ('$(TargetFrameworkIdentifier)' == '.NETFramework') was evaluated as ('.NETCoreApp' == '.NETFramework').
   3:7>Target "_GetRestoreProjectStyle" in file "/usr/local/share/dotnet/sdk/9.0.200/NuGet.targets" from project "/Users/dacanetdev/Dev/AIGenerated/RoadmapSkills/src/Modules/Users/DeventSoft.RoadmapSkills.Users.Application/DeventSoft.RoadmapSkills.Users.Application.csproj" (target "EnableIntermediateOutputPathMismatchWarning" depends on it):
   3:7>Using "GetRestoreProjectStyleTask" task from assembly "/usr/local/share/dotnet/sdk/9.0.200/NuGet.Build.Tasks.dll".
   2:6>Target "_CheckForMismatchingPlatform" skipped, due to false condition; ('$(RuntimeIdentifier)' != '' and '$(PlatformTarget)' != '') was evaluated as ('' != '' and '' != '').
   3:7>Task "GetRestoreProjectStyleTask"
   9:7>Target "ApplyImplicitVersions" skipped, due to false condition; ('@(PackageReference)' != '') was evaluated as ('' != '').
   3:7>Done executing task "GetRestoreProjectStyleTask".
   2:6>Target "_CheckForLanguageAndFeatureCombinationSupport" in file "/usr/local/share/dotnet/sdk/9.0.200/Sdks/Microsoft.NET.Sdk/targets/Microsoft.NET.RuntimeIdentifierInference.targets" from project "/Users/dacanetdev/Dev/AIGenerated/RoadmapSkills/tests/Modules/Users/DeventSoft.RoadmapSkills.Users.IntegrationTests/DeventSoft.RoadmapSkills.Users.IntegrationTests.csproj" (target "_CheckForInvalidConfigurationAndPlatform" depends on it):
   2:6>Task "NETSdkError" skipped, due to false condition; (('$(Language)' == 'C++' and '$(_EnablePackageReferencesInVCProjects)' != 'true') and $(OutputType) != 'library' and '$(TargetFrameworkIdentifier)' == '.NETCoreApp') was evaluated as (('C#' == 'C++' and '' != 'true') and Exe != 'library' and '.NETCoreApp' == '.NETCoreApp').
   9:7>Target "IncludeTargetingPackReference" skipped, due to false condition; ('$(TargetFrameworkMoniker)' != '' and '$(TargetFrameworkIdentifier)' == '.NETFramework' and '$(AutomaticallyUseReferenceAssemblyPackages)' == 'true') was evaluated as ('.NETCoreApp,Version=v8.0' != '' and '.NETCoreApp' == '.NETFramework' and 'true' == 'true').
   3:7>Done building target "_GetRestoreProjectStyle" in project "DeventSoft.RoadmapSkills.Users.Application.csproj".
   2:6>_CheckForLanguageAndFeatureCombinationSupport:
       Task "NETSdkError" skipped, due to false condition; (('$(Language)' == 'C++' and '$(_EnablePackageReferencesInVCProjects)' != 'true') and $(EnableComHosting) == 'true') was evaluated as (('C#' == 'C++' and '' != 'true') and  == 'true').
       Task "NETSdkError" skipped, due to false condition; (('$(Language)' == 'C++' and '$(_EnablePackageReferencesInVCProjects)' != 'true') and $(SelfContained) == 'true') was evaluated as (('C#' == 'C++' and '' != 'true') and  == 'true').
   9:7>Target "CheckForImplicitPackageReferenceOverrides" in file "/usr/local/share/dotnet/sdk/9.0.200/Sdks/Microsoft.NET.Sdk/targets/Microsoft.NET.Sdk.DefaultItems.Shared.targets" from project "/Users/dacanetdev/Dev/AIGenerated/RoadmapSkills/src/Modules/Users/DeventSoft.RoadmapSkills.Users.Domain/DeventSoft.RoadmapSkills.Users.Domain.csproj" (target "CollectPackageReferences" depends on it):
   9:7>Using "CheckForImplicitPackageReferenceOverrides" task from assembly "/usr/local/share/dotnet/sdk/9.0.200/Sdks/Microsoft.NET.Sdk/targets/../tools/net9.0/Microsoft.NET.Build.Tasks.dll".
   3:7>Target "EnableIntermediateOutputPathMismatchWarning" in file "/usr/local/share/dotnet/sdk/9.0.200/NuGet.targets" from project "/Users/dacanetdev/Dev/AIGenerated/RoadmapSkills/src/Modules/Users/DeventSoft.RoadmapSkills.Users.Application/DeventSoft.RoadmapSkills.Users.Application.csproj" (target "_CheckForInvalidConfigurationAndPlatform" depends on it):
   3:7>Done building target "EnableIntermediateOutputPathMismatchWarning" in project "DeventSoft.RoadmapSkills.Users.Application.csproj".
   2:6>Done building target "_CheckForLanguageAndFeatureCombinationSupport" in project "DeventSoft.RoadmapSkills.Users.IntegrationTests.csproj".
   9:7>Task "CheckForImplicitPackageReferenceOverrides"
   3:7>Target "ApplyImplicitVersions" skipped, due to false condition; ('@(PackageReference)' != '') was evaluated as ('' != '').
   2:6>Target "_CheckForNETCoreSdkIsPreview" skipped, due to false condition; ( '$(_NETCoreSdkIsPreview)' == 'true' AND '$(SuppressNETCoreSdkPreviewMessage)' != 'true' ) was evaluated as ( 'false' == 'true' AND '' != 'true' ).
   9:7>Done executing task "CheckForImplicitPackageReferenceOverrides".
   3:7>Target "CheckForImplicitPackageReferenceOverrides" skipped. Previously built successfully.
   9:7>Done building target "CheckForImplicitPackageReferenceOverrides" in project "DeventSoft.RoadmapSkills.Users.Domain.csproj".
   5:6>Target "_CheckForUnsupportedHostingUsage" in file "/usr/local/share/dotnet/sdk/9.0.200/Sdks/Microsoft.NET.Sdk/targets/Microsoft.NET.RuntimeIdentifierInference.targets" from project "/Users/dacanetdev/Dev/AIGenerated/RoadmapSkills/tests/Modules/Users/DeventSoft.RoadmapSkills.Users.UnitTests/DeventSoft.RoadmapSkills.Users.UnitTests.csproj" (target "_CheckForInvalidConfigurationAndPlatform" depends on it):
   5:6>Task "NETSdkWarning" skipped, due to false condition; ('$(SelfContained)' == 'true' and '$(EnableComHosting)' == 'true') was evaluated as ('' == 'true' and '' == 'true').
   5:6>Done building target "_CheckForUnsupportedHostingUsage" in project "DeventSoft.RoadmapSkills.Users.UnitTests.csproj".
   9:7>Target "AddWindowsSdkKnownFrameworkReferences" skipped, due to false condition; ('$(TargetFrameworkIdentifier)' == '.NETCoreApp' And '$(TargetPlatformIdentifier)' == 'Windows'
                     And ('$(Language)' != 'C++' Or '$(IncludeWindowsSDKRefFrameworkReferences)' == 'true')) was evaluated as ('.NETCoreApp' == '.NETCoreApp' And '' == 'Windows'
                     And ('C#' != 'C++' Or '' == 'true')).
   2:6>Target "_GetProjectJsonPath" in file "/usr/local/share/dotnet/sdk/9.0.200/NuGet.targets" from project "/Users/dacanetdev/Dev/AIGenerated/RoadmapSkills/tests/Modules/Users/DeventSoft.RoadmapSkills.Users.IntegrationTests/DeventSoft.RoadmapSkills.Users.IntegrationTests.csproj" (target "_GetRestoreProjectStyle" depends on it):
   2:6>Task "GetRestoreProjectJsonPathTask" skipped, due to false condition; ( '$(RestoreProjectStyle)' == 'ProjectJson' OR '$(RestoreProjectStyle)' == '' ) was evaluated as ( 'PackageReference' == 'ProjectJson' OR 'PackageReference' == '' ).
   3:7>Target "CheckForDuplicateItems" in file "/usr/local/share/dotnet/sdk/9.0.200/Sdks/Microsoft.NET.Sdk/targets/Microsoft.NET.Sdk.DefaultItems.Shared.targets" from project "/Users/dacanetdev/Dev/AIGenerated/RoadmapSkills/src/Modules/Users/DeventSoft.RoadmapSkills.Users.Application/DeventSoft.RoadmapSkills.Users.Application.csproj" (target "_CheckForInvalidConfigurationAndPlatform" depends on it):
   3:7>Using "CheckForDuplicateItems" task from assembly "/usr/local/share/dotnet/sdk/9.0.200/Sdks/Microsoft.NET.Sdk/targets/../tools/net9.0/Microsoft.NET.Build.Tasks.dll".
   2:6>Done building target "_GetProjectJsonPath" in project "DeventSoft.RoadmapSkills.Users.IntegrationTests.csproj".
   3:7>Task "CheckForDuplicateItems"
   5:6>Target "_CheckAndUnsetUnsupportedPrefer32Bit" in file "/usr/local/share/dotnet/sdk/9.0.200/Sdks/Microsoft.NET.Sdk/targets/Microsoft.NET.RuntimeIdentifierInference.targets" from project "/Users/dacanetdev/Dev/AIGenerated/RoadmapSkills/tests/Modules/Users/DeventSoft.RoadmapSkills.Users.UnitTests/DeventSoft.RoadmapSkills.Users.UnitTests.csproj" (target "_CheckForInvalidConfigurationAndPlatform" depends on it):
   5:6>Task "NETSdkWarning" skipped, due to false condition; ('$(Prefer32Bit)' == 'true') was evaluated as ('false' == 'true').
   2:6>Target "_CheckForUnsupportedTargetPlatformIdentifier" skipped, due to false condition; ('$(TargetPlatformIdentifier)' != '' and '$(TargetFrameworkIdentifier)' == '.NETCoreApp' and $([MSBuild]::VersionGreaterThanOrEquals($(TargetFrameworkVersion), 5.0)) And ('$(DesignTimeBuild)' != 'true' Or '@(MissingWorkloadPack)' == '')) was evaluated as ('' != '' and '.NETCoreApp' == '.NETCoreApp' and True And ('' != 'true' Or '' == '')).
   3:7>Done executing task "CheckForDuplicateItems".
   5:6>Done building target "_CheckAndUnsetUnsupportedPrefer32Bit" in project "DeventSoft.RoadmapSkills.Users.UnitTests.csproj".
   2:6>Target "_CheckForMissingWorkload" skipped, due to false condition; ('@(MissingWorkloadPack)' != '' And '$(DesignTimeBuild)' != 'true') was evaluated as ('' != '' And '' != 'true').
   3:7>Task "CheckForDuplicateItems"
   5:6>Target "_CheckAndUnsetUnsupportedPreferNativeArm64" skipped, due to false condition; ('$(TargetFrameworkIdentifier)' == '.NETCoreApp' and '$(PreferNativeArm64)' == 'true') was evaluated as ('.NETCoreApp' == '.NETCoreApp' and 'false' == 'true').
   9:7>Target "_NormalizeTargetPlatformVersion" skipped, due to false condition; ('$(TargetPlatformVersion)' != '' and '$(TargetFrameworkIdentifier)' == '.NETCoreApp' and $([MSBuild]::VersionGreaterThanOrEquals($(TargetFrameworkVersion), 5.0)) and ('$(Language)' != 'C++' or '$(_EnablePackageReferencesInVCProjects)' == 'true')) was evaluated as ('' != '' and '.NETCoreApp' == '.NETCoreApp' and True and ('C#' != 'C++' or '' == 'true')).
   2:6>Target "_CheckForNotRecommendedNETStandardVersion" skipped, due to false condition; ('$(TargetFrameworkIdentifier)' == '.NETStandard' and $([MSBuild]::VersionLessThan($(TargetFrameworkVersion), '2.0'))) was evaluated as ('.NETCoreApp' == '.NETStandard' and False).
   3:7>Done executing task "CheckForDuplicateItems".
   2:6>Target "_CheckForUnsupportedNETStandardVersion" skipped, due to false condition; ('$(TargetFrameworkIdentifier)' == '.NETStandard' And '$(NETStandardMaximumVersion)' != '') was evaluated as ('.NETCoreApp' == '.NETStandard' And '' != '').
   3:7>Task "CheckForDuplicateItems"
   5:6>Target "_CheckForMismatchingPlatform" skipped, due to false condition; ('$(RuntimeIdentifier)' != '' and '$(PlatformTarget)' != '') was evaluated as ('' != '' and '' != '').
   9:7>Target "ApplyImplicitVersions" skipped, due to false condition; ('@(PackageReference)' != '') was evaluated as ('' != '').
   2:6>Target "_CheckForUnsupportedTargetFrameworkAndFeatureCombination" skipped, due to false condition; ('$(TargetFrameworkIdentifier)' == '.NETFramework') was evaluated as ('.NETCoreApp' == '.NETFramework').
   3:7>Done executing task "CheckForDuplicateItems".
   3:7>Done building target "CheckForDuplicateItems" in project "DeventSoft.RoadmapSkills.Users.Application.csproj".
   5:6>Target "_CheckForLanguageAndFeatureCombinationSupport" in file "/usr/local/share/dotnet/sdk/9.0.200/Sdks/Microsoft.NET.Sdk/targets/Microsoft.NET.RuntimeIdentifierInference.targets" from project "/Users/dacanetdev/Dev/AIGenerated/RoadmapSkills/tests/Modules/Users/DeventSoft.RoadmapSkills.Users.UnitTests/DeventSoft.RoadmapSkills.Users.UnitTests.csproj" (target "_CheckForInvalidConfigurationAndPlatform" depends on it):
   5:6>Task "NETSdkError" skipped, due to false condition; (('$(Language)' == 'C++' and '$(_EnablePackageReferencesInVCProjects)' != 'true') and $(OutputType) != 'library' and '$(TargetFrameworkIdentifier)' == '.NETCoreApp') was evaluated as (('C#' == 'C++' and '' != 'true') and Exe != 'library' and '.NETCoreApp' == '.NETCoreApp').
   2:6>Target "UpdateAspNetToFrameworkReference" in file "/usr/local/share/dotnet/sdk/9.0.200/Sdks/Microsoft.NET.Sdk/targets/Microsoft.NET.Sdk.DefaultItems.Shared.targets" from project "/Users/dacanetdev/Dev/AIGenerated/RoadmapSkills/tests/Modules/Users/DeventSoft.RoadmapSkills.Users.IntegrationTests/DeventSoft.RoadmapSkills.Users.IntegrationTests.csproj" (target "ApplyImplicitVersions" depends on it):
   2:6>Using "CheckIfPackageReferenceShouldBeFrameworkReference" task from assembly "/usr/local/share/dotnet/sdk/9.0.200/Sdks/Microsoft.NET.Sdk/targets/../tools/net9.0/Microsoft.NET.Build.Tasks.dll".
   5:6>_CheckForLanguageAndFeatureCombinationSupport:
       Task "NETSdkError" skipped, due to false condition; (('$(Language)' == 'C++' and '$(_EnablePackageReferencesInVCProjects)' != 'true') and $(EnableComHosting) == 'true') was evaluated as (('C#' == 'C++' and '' != 'true') and  == 'true').
   3:7>Target "WarnForExplicitVersions" skipped, due to false condition; ('@(SdkBuildWarning)' != '') was evaluated as ('' != '').
   9:7>Target "_ComputeToolPackInputsToProcessFrameworkReferences" in file "/usr/local/share/dotnet/sdk/9.0.200/Sdks/Microsoft.NET.Sdk/targets/Microsoft.NET.Publish.targets" from project "/Users/dacanetdev/Dev/AIGenerated/RoadmapSkills/src/Modules/Users/DeventSoft.RoadmapSkills.Users.Domain/DeventSoft.RoadmapSkills.Users.Domain.csproj" (target "ProcessFrameworkReferences" depends on it):
   9:7>Done building target "_ComputeToolPackInputsToProcessFrameworkReferences" in project "DeventSoft.RoadmapSkills.Users.Domain.csproj".
   4:7>Target "_CheckAndUnsetUnsupportedPreferNativeArm64" skipped, due to false condition; ('$(TargetFrameworkIdentifier)' == '.NETCoreApp' and '$(PreferNativeArm64)' == 'true') was evaluated as ('.NETCoreApp' == '.NETCoreApp' and 'false' == 'true').
   2:6>Task "CheckIfPackageReferenceShouldBeFrameworkReference"
   3:7>Target "_CheckForFailedSDKResolution" skipped, due to false condition; ('$(SdkResolverHonoredGlobalJson)' == 'false') was evaluated as ('' == 'false').
   2:6>Done executing task "CheckIfPackageReferenceShouldBeFrameworkReference".
   5:6>_CheckForLanguageAndFeatureCombinationSupport:
       Task "NETSdkError" skipped, due to false condition; (('$(Language)' == 'C++' and '$(_EnablePackageReferencesInVCProjects)' != 'true') and $(SelfContained) == 'true') was evaluated as (('C#' == 'C++' and '' != 'true') and  == 'true').
   9:7>Target "ProcessFrameworkReferences" in file "/usr/local/share/dotnet/sdk/9.0.200/Sdks/Microsoft.NET.Sdk/targets/Microsoft.NET.Sdk.FrameworkReferenceResolution.targets" from project "/Users/dacanetdev/Dev/AIGenerated/RoadmapSkills/src/Modules/Users/DeventSoft.RoadmapSkills.Users.Domain/DeventSoft.RoadmapSkills.Users.Domain.csproj" (target "CollectPackageReferences" depends on it):
   9:7>Using "CheckForDuplicateFrameworkReferences" task from assembly "/usr/local/share/dotnet/sdk/9.0.200/Sdks/Microsoft.NET.Sdk/targets/../tools/net9.0/Microsoft.NET.Build.Tasks.dll".
   3:7>Target "_WarnWhenUsingNET9AndVSPriorTo1712" skipped, due to false condition; ($([MSBuild]::VersionLessThan($(MSBuildVersion), '17.12.0')) and '$(TargetFrameworkIdentifier)' == '.NETCoreApp' and $([MSBuild]::VersionGreaterThanOrEquals($(_TargetFrameworkVersionWithoutV), '9.0'))) was evaluated as (False and '.NETCoreApp' == '.NETCoreApp' and False).
   2:6>UpdateAspNetToFrameworkReference:
       Task "NETSdkError" skipped, due to false condition; ('$(_ShouldRemoveAspNetCoreAll)' == 'true') was evaluated as ('False' == 'true').
   5:6>Done building target "_CheckForLanguageAndFeatureCombinationSupport" in project "DeventSoft.RoadmapSkills.Users.UnitTests.csproj".
   9:7>Task "CheckForDuplicateFrameworkReferences"
   2:6>Task "CheckIfPackageReferenceShouldBeFrameworkReference"
   3:7>Target "_CheckForInvalidWindowsDesktopTargetingConfiguration" skipped, due to false condition; ('$(TargetFrameworkIdentifier)' == '.NETCoreApp' and $([MSBuild]::VersionGreaterThanOrEquals($(_TargetFrameworkVersionWithoutV), '5.0')) and ('$(UseWindowsForms)' == 'true' or '$(UseWPF)' == 'true')) was evaluated as ('.NETCoreApp' == '.NETCoreApp' and True and ('' == 'true' or '' == 'true')).
   4:7>Target "_CheckForMismatchingPlatform" skipped, due to false condition; ('$(RuntimeIdentifier)' != '' and '$(PlatformTarget)' != '') was evaluated as ('' != '' and '' != '').
   9:7>Done executing task "CheckForDuplicateFrameworkReferences".
   5:6>Target "_CheckForNETCoreSdkIsPreview" skipped, due to false condition; ( '$(_NETCoreSdkIsPreview)' == 'true' AND '$(SuppressNETCoreSdkPreviewMessage)' != 'true' ) was evaluated as ( 'false' == 'true' AND '' != 'true' ).
   2:6>Done executing task "CheckIfPackageReferenceShouldBeFrameworkReference".
   3:7>Target "_CheckForUnnecessaryWindowsDesktopSDK" skipped, due to false condition; ('$(TargetFrameworkIdentifier)' == '.NETCoreApp' and $([MSBuild]::VersionGreaterThanOrEquals($(_TargetFrameworkVersionWithoutV), '5.0')) and '$(_MicrosoftWindowsDesktopSdkImported)' == 'true' and '$(TargetFrameworks)' == '') was evaluated as ('.NETCoreApp' == '.NETCoreApp' and True and '' == 'true' and '' == '').
   9:7>ProcessFrameworkReferences:
       Using "ProcessFrameworkReferences" task from assembly "/usr/local/share/dotnet/sdk/9.0.200/Sdks/Microsoft.NET.Sdk/targets/../tools/net9.0/Microsoft.NET.Build.Tasks.dll".
   2:6>UpdateAspNetToFrameworkReference:
       Task "NETSdkWarning" skipped, due to false condition; ('$(_ShouldRemoveAspNetCoreApp)' == 'true') was evaluated as ('False' == 'true').
   3:7>Target "ProcessFrameworkReferences" skipped. Previously built successfully.
   9:7>Task "ProcessFrameworkReferences"
   4:7>Target "_CheckForLanguageAndFeatureCombinationSupport" in file "/usr/local/share/dotnet/sdk/9.0.200/Sdks/Microsoft.NET.Sdk/targets/Microsoft.NET.RuntimeIdentifierInference.targets" from project "/Users/dacanetdev/Dev/AIGenerated/RoadmapSkills/src/Modules/Users/DeventSoft.RoadmapSkills.Users.Infrastructure/DeventSoft.RoadmapSkills.Users.Infrastructure.csproj" (target "_CheckForInvalidConfigurationAndPlatform" depends on it):
   4:7>Task "NETSdkError" skipped, due to false condition; (('$(Language)' == 'C++' and '$(_EnablePackageReferencesInVCProjects)' != 'true') and $(OutputType) != 'library' and '$(TargetFrameworkIdentifier)' == '.NETCoreApp') was evaluated as (('C#' == 'C++' and '' != 'true') and Library != 'library' and '.NETCoreApp' == '.NETCoreApp').
     0>The SDK "Microsoft.NET.SDK.WorkloadManifestTargetsLocator" was successfully resolved by the "Microsoft.DotNet.MSBuildWorkloadSdkResolver" resolver to location "/usr/local/share/dotnet/sdk-manifests/9.0.100/microsoft.net.sdk.android/35.0.7" and version "null".
   2:6>Done building target "UpdateAspNetToFrameworkReference" in project "DeventSoft.RoadmapSkills.Users.IntegrationTests.csproj".
       Target "IncludeTargetingPackReference" skipped, due to false condition; ('$(TargetFrameworkMoniker)' != '' and '$(TargetFrameworkIdentifier)' == '.NETFramework' and '$(AutomaticallyUseReferenceAssemblyPackages)' == 'true') was evaluated as ('.NETCoreApp,Version=v8.0' != '' and '.NETCoreApp' == '.NETFramework' and 'true' == 'true').
   2:6>Target "CheckForImplicitPackageReferenceOverrides" in file "/usr/local/share/dotnet/sdk/9.0.200/Sdks/Microsoft.NET.Sdk/targets/Microsoft.NET.Sdk.DefaultItems.Shared.targets" from project "/Users/dacanetdev/Dev/AIGenerated/RoadmapSkills/tests/Modules/Users/DeventSoft.RoadmapSkills.Users.IntegrationTests/DeventSoft.RoadmapSkills.Users.IntegrationTests.csproj" (target "ApplyImplicitVersions" depends on it):
       Using "CheckForImplicitPackageReferenceOverrides" task from assembly "/usr/local/share/dotnet/sdk/9.0.200/Sdks/Microsoft.NET.Sdk/targets/../tools/net9.0/Microsoft.NET.Build.Tasks.dll".
       Task "CheckForImplicitPackageReferenceOverrides"
       Done executing task "CheckForImplicitPackageReferenceOverrides".
   2:6>Done building target "CheckForImplicitPackageReferenceOverrides" in project "DeventSoft.RoadmapSkills.Users.IntegrationTests.csproj".
   2:6>Target "ApplyImplicitVersions" in file "/usr/local/share/dotnet/sdk/9.0.200/Sdks/Microsoft.NET.Sdk/targets/Microsoft.NET.Sdk.DefaultItems.Shared.targets" from project "/Users/dacanetdev/Dev/AIGenerated/RoadmapSkills/tests/Modules/Users/DeventSoft.RoadmapSkills.Users.IntegrationTests/DeventSoft.RoadmapSkills.Users.IntegrationTests.csproj" (target "CollectPackageReferences" depends on it):
       Using "ApplyImplicitVersions" task from assembly "/usr/local/share/dotnet/sdk/9.0.200/Sdks/Microsoft.NET.Sdk/targets/../tools/net9.0/Microsoft.NET.Build.Tasks.dll".
       Task "ApplyImplicitVersions"
       Done executing task "ApplyImplicitVersions".
   2:6>Done building target "ApplyImplicitVersions" in project "DeventSoft.RoadmapSkills.Users.IntegrationTests.csproj".
       Target "CheckForImplicitPackageReferenceOverrides" skipped. Previously built successfully.
       Target "AddWindowsSdkKnownFrameworkReferences" skipped, due to false condition; ('$(TargetFrameworkIdentifier)' == '.NETCoreApp' And '$(TargetPlatformIdentifier)' == 'Windows'
                            And ('$(Language)' != 'C++' Or '$(IncludeWindowsSDKRefFrameworkReferences)' == 'true')) was evaluated as ('.NETCoreApp' == '.NETCoreApp' And '' == 'Windows'
                            And ('C#' != 'C++' Or '' == 'true')).
       Target "_NormalizeTargetPlatformVersion" skipped, due to false condition; ('$(TargetPlatformVersion)' != '' and '$(TargetFrameworkIdentifier)' == '.NETCoreApp' and $([MSBuild]::VersionGreaterThanOrEquals($(TargetFrameworkVersion), 5.0)) and ('$(Language)' != 'C++' or '$(_EnablePackageReferencesInVCProjects)' == 'true')) was evaluated as ('' != '' and '.NETCoreApp' == '.NETCoreApp' and True and ('C#' != 'C++' or '' == 'true')).
   2:6>Target "_ComputeToolPackInputsToProcessFrameworkReferences" in file "/usr/local/share/dotnet/sdk/9.0.200/Sdks/Microsoft.NET.Sdk/targets/Microsoft.NET.Publish.targets" from project "/Users/dacanetdev/Dev/AIGenerated/RoadmapSkills/tests/Modules/Users/DeventSoft.RoadmapSkills.Users.IntegrationTests/DeventSoft.RoadmapSkills.Users.IntegrationTests.csproj" (target "ProcessFrameworkReferences" depends on it):
   2:6>Done building target "_ComputeToolPackInputsToProcessFrameworkReferences" in project "DeventSoft.RoadmapSkills.Users.IntegrationTests.csproj".
   2:6>Target "ProcessFrameworkReferences" in file "/usr/local/share/dotnet/sdk/9.0.200/Sdks/Microsoft.NET.Sdk/targets/Microsoft.NET.Sdk.FrameworkReferenceResolution.targets" from project "/Users/dacanetdev/Dev/AIGenerated/RoadmapSkills/tests/Modules/Users/DeventSoft.RoadmapSkills.Users.IntegrationTests/DeventSoft.RoadmapSkills.Users.IntegrationTests.csproj" (target "CollectPackageReferences" depends on it):
       Using "CheckForDuplicateFrameworkReferences" task from assembly "/usr/local/share/dotnet/sdk/9.0.200/Sdks/Microsoft.NET.Sdk/targets/../tools/net9.0/Microsoft.NET.Build.Tasks.dll".
       Task "CheckForDuplicateFrameworkReferences"
       Done executing task "CheckForDuplicateFrameworkReferences".
       Using "ProcessFrameworkReferences" task from assembly "/usr/local/share/dotnet/sdk/9.0.200/Sdks/Microsoft.NET.Sdk/targets/../tools/net9.0/Microsoft.NET.Build.Tasks.dll".
   3:7>Target "IncludeTargetingPackReference" skipped, due to false condition; ('$(TargetFrameworkMoniker)' != '' and '$(TargetFrameworkIdentifier)' == '.NETFramework' and '$(AutomaticallyUseReferenceAssemblyPackages)' == 'true') was evaluated as ('.NETCoreApp,Version=v8.0' != '' and '.NETCoreApp' == '.NETFramework' and 'true' == 'true').
   2:6>Task "ProcessFrameworkReferences"
   3:7>Target "_CheckForInvalidConfigurationAndPlatform" in file "/usr/local/share/dotnet/sdk/9.0.200/Microsoft.Common.CurrentVersion.targets" from project "/Users/dacanetdev/Dev/AIGenerated/RoadmapSkills/src/Modules/Users/DeventSoft.RoadmapSkills.Users.Application/DeventSoft.RoadmapSkills.Users.Application.csproj" (target "BeforeBuild" depends on it):
   3:7>Task "MSBuildInternalMessage" skipped, due to false condition; ('$(_InvalidConfigurationMessageSeverity)' != '') was evaluated as ('' != '').
       Task "Message"
   2:6>Done executing task "ProcessFrameworkReferences".
   3:7>_CheckForInvalidConfigurationAndPlatform:
         Configuration=Debug
   2:6>ProcessFrameworkReferences:
       Using "ResolveAppHosts" task from assembly "/usr/local/share/dotnet/sdk/9.0.200/Sdks/Microsoft.NET.Sdk/targets/../tools/net9.0/Microsoft.NET.Build.Tasks.dll".
   3:7>Done executing task "Message".
   2:6>Task "ResolveAppHosts"
       Done executing task "ResolveAppHosts".
   3:7>Task "Message"
         Platform=AnyCPU
   2:6>Done building target "ProcessFrameworkReferences" in project "DeventSoft.RoadmapSkills.Users.IntegrationTests.csproj".
   3:7>Done executing task "Message".
   2:6>Target "IncludeTargetingPackReference" skipped, due to false condition; ('$(TargetFrameworkMoniker)' != '' and '$(TargetFrameworkIdentifier)' == '.NETFramework' and '$(AutomaticallyUseReferenceAssemblyPackages)' == 'true') was evaluated as ('.NETCoreApp,Version=v8.0' != '' and '.NETCoreApp' == '.NETFramework' and 'true' == 'true').
   3:7>_CheckForInvalidConfigurationAndPlatform:
       Task "MSBuildInternalMessage" skipped, due to false condition; ('$(OutDir)' != '' and !HasTrailingSlash('$(OutDir)')) was evaluated as ('bin/Debug/net8.0/' != '' and !HasTrailingSlash('bin/Debug/net8.0/')).
   2:6>Target "_CheckMicrosoftNetCompilersToolsetFrameworkPackageReference" skipped, due to false condition; ('$(MSBuildRuntimeType)' == 'Full') was evaluated as ('Core' == 'Full').
   3:7>_CheckForInvalidConfigurationAndPlatform:
       Task "MSBuildInternalMessage" skipped, due to false condition; ('$(IntermediateOutputPath)' != '' and !HasTrailingSlash('$(IntermediateOutputPath)')) was evaluated as ('obj/Debug/net8.0/' != '' and !HasTrailingSlash('obj/Debug/net8.0/')).
       Task "MSBuildInternalMessage" skipped, due to false condition; ('$(BaseIntermediateOutputPath)' != '' and !HasTrailingSlash('$(BaseIntermediateOutputPath)')) was evaluated as ('obj/' != '' and !HasTrailingSlash('obj/')).
   2:6>Target "_CheckForObsoleteDotNetCliToolReferences" in file "/usr/local/share/dotnet/sdk/9.0.200/Sdks/Microsoft.NET.Sdk/targets/Microsoft.NET.ObsoleteReferences.targets" from project "/Users/dacanetdev/Dev/AIGenerated/RoadmapSkills/tests/Modules/Users/DeventSoft.RoadmapSkills.Users.IntegrationTests/DeventSoft.RoadmapSkills.Users.IntegrationTests.csproj" (target "CollectPackageReferences" depends on it):
   2:6>Task "NETSdkWarning" skipped, due to false condition; ( '%(_ReferenceToObsoleteDotNetCliTool.Identity)' != '' ) was evaluated as ( '' != '' ).
   2:6>Done building target "_CheckForObsoleteDotNetCliToolReferences" in project "DeventSoft.RoadmapSkills.Users.IntegrationTests.csproj".
   3:7>_CheckForInvalidConfigurationAndPlatform:
       Task "MSBuildInternalMessage" skipped, due to false condition; ( '$(Prefer32Bit)' == 'true' and '$(PreferNativeArm64)' == 'true' ) was evaluated as ( 'false' == 'true' and 'false' == 'true' ).
       Task "MSBuildInternalMessage" skipped, due to false condition; ( '$(NoWin32Manifest)' == 'true' and '$(PreferNativeArm64)' == 'true' ) was evaluated as ( '' == 'true' and 'false' == 'true' ).
   2:6>Target "CollectPackageReferences" in file "/usr/local/share/dotnet/sdk/9.0.200/NuGet.targets" from project "/Users/dacanetdev/Dev/AIGenerated/RoadmapSkills/tests/Modules/Users/DeventSoft.RoadmapSkills.Users.IntegrationTests/DeventSoft.RoadmapSkills.Users.IntegrationTests.csproj" (target "_GetRestoreProjectStyle" depends on it):
   2:6>Using "CheckForDuplicateNuGetItemsTask" task from assembly "/usr/local/share/dotnet/sdk/9.0.200/NuGet.Build.Tasks.dll".
   3:7>_CheckForInvalidConfigurationAndPlatform:
       Task "MSBuildInternalMessage" skipped, due to false condition; ( '$(PreferNativeArm64)' == 'true' and '$(Platform)' != 'AnyCPU' ) was evaluated as ( 'false' == 'true' and 'AnyCPU' != 'AnyCPU' ).
   2:6>Task "CheckForDuplicateNuGetItemsTask"
       Done executing task "CheckForDuplicateNuGetItemsTask".
   3:7>_CheckForInvalidConfigurationAndPlatform:
       Task "MSBuildInternalMessage" skipped, due to false condition; ( '$(_InitialMSBuildProjectExtensionsPath)' != '' And '$(MSBuildProjectExtensionsPath)' != '$(_InitialMSBuildProjectExtensionsPath)' ) was evaluated as ( '/Users/dacanetdev/Dev/AIGenerated/RoadmapSkills/src/Modules/Users/DeventSoft.RoadmapSkills.Users.Application/obj/' != '' And '/Users/dacanetdev/Dev/AIGenerated/RoadmapSkills/src/Modules/Users/DeventSoft.RoadmapSkills.Users.Application/obj/' != '/Users/dacanetdev/Dev/AIGenerated/RoadmapSkills/src/Modules/Users/DeventSoft.RoadmapSkills.Users.Application/obj/' ).
   2:6>Done building target "CollectPackageReferences" in project "DeventSoft.RoadmapSkills.Users.IntegrationTests.csproj".
   3:7>_CheckForInvalidConfigurationAndPlatform:
       Task "MSBuildInternalMessage" skipped, due to false condition; ( '$(EnableBaseIntermediateOutputPathMismatchWarning)' == 'true' And '$(_InitialBaseIntermediateOutputPath)' != '$(BaseIntermediateOutputPath)' And '$(BaseIntermediateOutputPath)' != '$(MSBuildProjectExtensionsPath)' ) was evaluated as ( 'true' == 'true' And 'obj/' != 'obj/' And 'obj/' != '/Users/dacanetdev/Dev/AIGenerated/RoadmapSkills/src/Modules/Users/DeventSoft.RoadmapSkills.Users.Application/obj/' ).
   3:7>Done building target "_CheckForInvalidConfigurationAndPlatform" in project "DeventSoft.RoadmapSkills.Users.Application.csproj".
   2:6>Target "_GetRestoreProjectStyle" in file "/usr/local/share/dotnet/sdk/9.0.200/NuGet.targets" from project "/Users/dacanetdev/Dev/AIGenerated/RoadmapSkills/tests/Modules/Users/DeventSoft.RoadmapSkills.Users.IntegrationTests/DeventSoft.RoadmapSkills.Users.IntegrationTests.csproj" (target "EnableIntermediateOutputPathMismatchWarning" depends on it):
   2:6>Using "GetRestoreProjectStyleTask" task from assembly "/usr/local/share/dotnet/sdk/9.0.200/NuGet.Build.Tasks.dll".
       Task "GetRestoreProjectStyleTask"
   3:7>Target "ValidateCommandLineProperties" in file "/usr/local/share/dotnet/sdk/9.0.200/Sdks/Microsoft.NET.Sdk/targets/Microsoft.NET.Sdk.targets" from project "/Users/dacanetdev/Dev/AIGenerated/RoadmapSkills/src/Modules/Users/DeventSoft.RoadmapSkills.Users.Application/DeventSoft.RoadmapSkills.Users.Application.csproj" (target "BeforeBuild" depends on it):
   3:7>Done building target "ValidateCommandLineProperties" in project "DeventSoft.RoadmapSkills.Users.Application.csproj".
   2:6>Done executing task "GetRestoreProjectStyleTask".
   2:6>Done building target "_GetRestoreProjectStyle" in project "DeventSoft.RoadmapSkills.Users.IntegrationTests.csproj".
   3:7>Target "BeforeBuild" in file "/usr/local/share/dotnet/sdk/9.0.200/Microsoft.Common.CurrentVersion.targets" from project "/Users/dacanetdev/Dev/AIGenerated/RoadmapSkills/src/Modules/Users/DeventSoft.RoadmapSkills.Users.Application/DeventSoft.RoadmapSkills.Users.Application.csproj" (target "Build" depends on it):
   3:7>Done building target "BeforeBuild" in project "DeventSoft.RoadmapSkills.Users.Application.csproj".
   2:6>Target "EnableIntermediateOutputPathMismatchWarning" in file "/usr/local/share/dotnet/sdk/9.0.200/NuGet.targets" from project "/Users/dacanetdev/Dev/AIGenerated/RoadmapSkills/tests/Modules/Users/DeventSoft.RoadmapSkills.Users.IntegrationTests/DeventSoft.RoadmapSkills.Users.IntegrationTests.csproj" (target "_CheckForInvalidConfigurationAndPlatform" depends on it):
   2:6>Done building target "EnableIntermediateOutputPathMismatchWarning" in project "DeventSoft.RoadmapSkills.Users.IntegrationTests.csproj".
   3:7>Target "_CheckForBuildWithNoBuild" skipped, due to false condition; ('$(NoBuild)' == 'true' and '$(GeneratePackageOnBuild)' != 'true') was evaluated as ('' == 'true' and 'false' != 'true').
   9:7>Done executing task "ProcessFrameworkReferences".
   2:6>Target "ApplyImplicitVersions" skipped. Previously built successfully.
       Target "CheckForImplicitPackageReferenceOverrides" skipped. Previously built successfully.
   9:7>ProcessFrameworkReferences:
       Using "ResolveAppHosts" task from assembly "/usr/local/share/dotnet/sdk/9.0.200/Sdks/Microsoft.NET.Sdk/targets/../tools/net9.0/Microsoft.NET.Build.Tasks.dll".
   3:7>Target "BuildOnlySettings" in file "/usr/local/share/dotnet/sdk/9.0.200/Microsoft.Common.CurrentVersion.targets" from project "/Users/dacanetdev/Dev/AIGenerated/RoadmapSkills/src/Modules/Users/DeventSoft.RoadmapSkills.Users.Application/DeventSoft.RoadmapSkills.Users.Application.csproj" (target "CoreBuild" depends on it):
   3:7>Done building target "BuildOnlySettings" in project "DeventSoft.RoadmapSkills.Users.Application.csproj".
   9:7>Task "ResolveAppHosts"
   3:7>Target "_CheckForUnsupportedTargetFramework" skipped, due to false condition; ('$(_UnsupportedTargetFrameworkError)' == 'true') was evaluated as ('' == 'true').
   2:6>Target "CheckForDuplicateItems" in file "/usr/local/share/dotnet/sdk/9.0.200/Sdks/Microsoft.NET.Sdk/targets/Microsoft.NET.Sdk.DefaultItems.Shared.targets" from project "/Users/dacanetdev/Dev/AIGenerated/RoadmapSkills/tests/Modules/Users/DeventSoft.RoadmapSkills.Users.IntegrationTests/DeventSoft.RoadmapSkills.Users.IntegrationTests.csproj" (target "_CheckForInvalidConfigurationAndPlatform" depends on it):
   2:6>Using "CheckForDuplicateItems" task from assembly "/usr/local/share/dotnet/sdk/9.0.200/Sdks/Microsoft.NET.Sdk/targets/../tools/net9.0/Microsoft.NET.Build.Tasks.dll".
   9:7>Done executing task "ResolveAppHosts".
   2:6>Task "CheckForDuplicateItems"
   3:7>Target "_CheckForUnsupportedTargetPlatformIdentifier" skipped, due to false condition; ('$(TargetPlatformIdentifier)' != '' and '$(TargetFrameworkIdentifier)' == '.NETCoreApp' and $([MSBuild]::VersionGreaterThanOrEquals($(TargetFrameworkVersion), 5.0)) And ('$(DesignTimeBuild)' != 'true' Or '@(MissingWorkloadPack)' == '')) was evaluated as ('' != '' and '.NETCoreApp' == '.NETCoreApp' and True And ('' != 'true' Or '' == '')).
   2:6>Done executing task "CheckForDuplicateItems".
   3:7>Target "_CheckForMissingWorkload" skipped, due to false condition; ('@(MissingWorkloadPack)' != '' And '$(DesignTimeBuild)' != 'true') was evaluated as ('' != '' And '' != 'true').
   2:6>Task "CheckForDuplicateItems"
       Done executing task "CheckForDuplicateItems".
   9:7>Done building target "ProcessFrameworkReferences" in project "DeventSoft.RoadmapSkills.Users.Domain.csproj".
   3:7>Target "GetFrameworkPaths" in file "/usr/local/share/dotnet/sdk/9.0.200/Sdks/Microsoft.NET.Sdk/targets/Microsoft.NET.DisableStandardFrameworkResolution.targets" from project "/Users/dacanetdev/Dev/AIGenerated/RoadmapSkills/src/Modules/Users/DeventSoft.RoadmapSkills.Users.Application/DeventSoft.RoadmapSkills.Users.Application.csproj" (target "PrepareForBuild" depends on it):
   3:7>Done building target "GetFrameworkPaths" in project "DeventSoft.RoadmapSkills.Users.Application.csproj".
   2:6>Task "CheckForDuplicateItems"
   9:7>Target "IncludeTargetingPackReference" skipped, due to false condition; ('$(TargetFrameworkMoniker)' != '' and '$(TargetFrameworkIdentifier)' == '.NETFramework' and '$(AutomaticallyUseReferenceAssemblyPackages)' == 'true') was evaluated as ('.NETCoreApp,Version=v8.0' != '' and '.NETCoreApp' == '.NETFramework' and 'true' == 'true').
   2:6>Done executing task "CheckForDuplicateItems".
   3:7>Target "_CheckForUnsupportedTargetFramework" skipped, due to false condition; ('$(_UnsupportedTargetFrameworkError)' == 'true') was evaluated as ('' == 'true').
   9:7>Target "_CheckMicrosoftNetCompilersToolsetFrameworkPackageReference" skipped, due to false condition; ('$(MSBuildRuntimeType)' == 'Full') was evaluated as ('Core' == 'Full').
   3:7>Target "_CheckForUnsupportedTargetPlatformIdentifier" skipped, due to false condition; ('$(TargetPlatformIdentifier)' != '' and '$(TargetFrameworkIdentifier)' == '.NETCoreApp' and $([MSBuild]::VersionGreaterThanOrEquals($(TargetFrameworkVersion), 5.0)) And ('$(DesignTimeBuild)' != 'true' Or '@(MissingWorkloadPack)' == '')) was evaluated as ('' != '' and '.NETCoreApp' == '.NETCoreApp' and True And ('' != 'true' Or '' == '')).
       Target "_CheckForMissingWorkload" skipped, due to false condition; ('@(MissingWorkloadPack)' != '' And '$(DesignTimeBuild)' != 'true') was evaluated as ('' != '' And '' != 'true').
   3:7>Target "GetReferenceAssemblyPaths" in file "/usr/local/share/dotnet/sdk/9.0.200/Sdks/Microsoft.NET.Sdk/targets/Microsoft.NET.DisableStandardFrameworkResolution.targets" from project "/Users/dacanetdev/Dev/AIGenerated/RoadmapSkills/src/Modules/Users/DeventSoft.RoadmapSkills.Users.Application/DeventSoft.RoadmapSkills.Users.Application.csproj" (target "PrepareForBuild" depends on it):
   3:7>Done building target "GetReferenceAssemblyPaths" in project "DeventSoft.RoadmapSkills.Users.Application.csproj".
   2:6>Done building target "CheckForDuplicateItems" in project "DeventSoft.RoadmapSkills.Users.IntegrationTests.csproj".
   3:7>Target "AssignLinkMetadata" skipped, due to false condition; ( '$(SynthesizeLinkMetadata)' == 'true' ) was evaluated as ( '' == 'true' ).
   2:6>Target "WarnForExplicitVersions" skipped, due to false condition; ('@(SdkBuildWarning)' != '') was evaluated as ('' != '').
   3:7>Target "_VerifyPackReleaseConfigurations" skipped, due to false condition; ('$(_IsPacking)' == 'true' and '$(DOTNET_CLI_DISABLE_PUBLISH_AND_PACK_RELEASE)' != 'true' and '$(DOTNET_CLI_LAZY_PUBLISH_AND_PACK_RELEASE_FOR_SOLUTIONS)' == 'true') was evaluated as ('' == 'true' and '' != 'true' and '' == 'true').
   9:7>Target "_CheckForObsoleteDotNetCliToolReferences" in file "/usr/local/share/dotnet/sdk/9.0.200/Sdks/Microsoft.NET.Sdk/targets/Microsoft.NET.ObsoleteReferences.targets" from project "/Users/dacanetdev/Dev/AIGenerated/RoadmapSkills/src/Modules/Users/DeventSoft.RoadmapSkills.Users.Domain/DeventSoft.RoadmapSkills.Users.Domain.csproj" (target "CollectPackageReferences" depends on it):
   9:7>Task "NETSdkWarning" skipped, due to false condition; ( '%(_ReferenceToObsoleteDotNetCliTool.Identity)' != '' ) was evaluated as ( '' != '' ).
   2:6>Target "_CheckForFailedSDKResolution" skipped, due to false condition; ('$(SdkResolverHonoredGlobalJson)' == 'false') was evaluated as ('' == 'false').
   9:7>Done building target "_CheckForObsoleteDotNetCliToolReferences" in project "DeventSoft.RoadmapSkills.Users.Domain.csproj".
   3:7>Target "PrepareForBuild" in file "/usr/local/share/dotnet/sdk/9.0.200/Microsoft.Common.CurrentVersion.targets" from project "/Users/dacanetdev/Dev/AIGenerated/RoadmapSkills/src/Modules/Users/DeventSoft.RoadmapSkills.Users.Application/DeventSoft.RoadmapSkills.Users.Application.csproj" (target "CoreBuild" depends on it):
   3:7>Using "FindAppConfigFile" task from assembly "Microsoft.Build.Tasks.Core, Version=15.1.0.0, Culture=neutral, PublicKeyToken=b03f5f7f11d50a3a".
   2:6>Target "_WarnWhenUsingNET9AndVSPriorTo1712" skipped, due to false condition; ($([MSBuild]::VersionLessThan($(MSBuildVersion), '17.12.0')) and '$(TargetFrameworkIdentifier)' == '.NETCoreApp' and $([MSBuild]::VersionGreaterThanOrEquals($(_TargetFrameworkVersionWithoutV), '9.0'))) was evaluated as (False and '.NETCoreApp' == '.NETCoreApp' and False).
   3:7>Task "FindAppConfigFile"
   2:6>Target "_CheckForInvalidWindowsDesktopTargetingConfiguration" skipped, due to false condition; ('$(TargetFrameworkIdentifier)' == '.NETCoreApp' and $([MSBuild]::VersionGreaterThanOrEquals($(_TargetFrameworkVersionWithoutV), '5.0')) and ('$(UseWindowsForms)' == 'true' or '$(UseWPF)' == 'true')) was evaluated as ('.NETCoreApp' == '.NETCoreApp' and True and ('' == 'true' or '' == 'true')).
   3:7>Done executing task "FindAppConfigFile".
   2:6>Target "_CheckForUnnecessaryWindowsDesktopSDK" skipped, due to false condition; ('$(TargetFrameworkIdentifier)' == '.NETCoreApp' and $([MSBuild]::VersionGreaterThanOrEquals($(_TargetFrameworkVersionWithoutV), '5.0')) and '$(_MicrosoftWindowsDesktopSdkImported)' == 'true' and '$(TargetFrameworks)' == '') was evaluated as ('.NETCoreApp' == '.NETCoreApp' and True and '' == 'true' and '' == '').
       Target "ProcessFrameworkReferences" skipped. Previously built successfully.
   9:7>Target "CollectPackageReferences" in file "/usr/local/share/dotnet/sdk/9.0.200/NuGet.targets" from project "/Users/dacanetdev/Dev/AIGenerated/RoadmapSkills/src/Modules/Users/DeventSoft.RoadmapSkills.Users.Domain/DeventSoft.RoadmapSkills.Users.Domain.csproj" (target "_GetRestoreProjectStyle" depends on it):
   9:7>Using "CheckForDuplicateNuGetItemsTask" task from assembly "/usr/local/share/dotnet/sdk/9.0.200/NuGet.Build.Tasks.dll".
       Task "CheckForDuplicateNuGetItemsTask"
   3:7>PrepareForBuild:
       Using "MakeDir" task from assembly "Microsoft.Build.Tasks.Core, Version=15.1.0.0, Culture=neutral, PublicKeyToken=b03f5f7f11d50a3a".
   9:7>Done executing task "CheckForDuplicateNuGetItemsTask".
   3:7>Task "MakeDir"
   9:7>Done building target "CollectPackageReferences" in project "DeventSoft.RoadmapSkills.Users.Domain.csproj".
   3:7>Done executing task "MakeDir".
   4:7>_CheckForLanguageAndFeatureCombinationSupport:
       Task "NETSdkError" skipped, due to false condition; (('$(Language)' == 'C++' and '$(_EnablePackageReferencesInVCProjects)' != 'true') and $(EnableComHosting) == 'true') was evaluated as (('C#' == 'C++' and '' != 'true') and  == 'true').
   3:7>Done building target "PrepareForBuild" in project "DeventSoft.RoadmapSkills.Users.Application.csproj".
   9:7>Target "_GetRestoreProjectStyle" in file "/usr/local/share/dotnet/sdk/9.0.200/NuGet.targets" from project "/Users/dacanetdev/Dev/AIGenerated/RoadmapSkills/src/Modules/Users/DeventSoft.RoadmapSkills.Users.Domain/DeventSoft.RoadmapSkills.Users.Domain.csproj" (target "EnableIntermediateOutputPathMismatchWarning" depends on it):
   9:7>Using "GetRestoreProjectStyleTask" task from assembly "/usr/local/share/dotnet/sdk/9.0.200/NuGet.Build.Tasks.dll".
   3:7>Target "GenerateGlobalUsings" in file "/usr/local/share/dotnet/sdk/9.0.200/Sdks/Microsoft.NET.Sdk/targets/Microsoft.NET.GenerateGlobalUsings.targets" from project "/Users/dacanetdev/Dev/AIGenerated/RoadmapSkills/src/Modules/Users/DeventSoft.RoadmapSkills.Users.Application/DeventSoft.RoadmapSkills.Users.Application.csproj" (target "CoreBuild" depends on it):
   3:7>Using "GenerateGlobalUsings" task from assembly "/usr/local/share/dotnet/sdk/9.0.200/Sdks/Microsoft.NET.Sdk/targets/../tools/net9.0/Microsoft.NET.Build.Tasks.dll".
   5:6>Target "_GetProjectJsonPath" in file "/usr/local/share/dotnet/sdk/9.0.200/NuGet.targets" from project "/Users/dacanetdev/Dev/AIGenerated/RoadmapSkills/tests/Modules/Users/DeventSoft.RoadmapSkills.Users.UnitTests/DeventSoft.RoadmapSkills.Users.UnitTests.csproj" (target "_GetRestoreProjectStyle" depends on it):
   5:6>Task "GetRestoreProjectJsonPathTask" skipped, due to false condition; ( '$(RestoreProjectStyle)' == 'ProjectJson' OR '$(RestoreProjectStyle)' == '' ) was evaluated as ( 'PackageReference' == 'ProjectJson' OR 'PackageReference' == '' ).
   9:7>Task "GetRestoreProjectStyleTask"
   3:7>Task "GenerateGlobalUsings"
   5:6>Done building target "_GetProjectJsonPath" in project "DeventSoft.RoadmapSkills.Users.UnitTests.csproj".
       Target "_CheckForUnsupportedTargetPlatformIdentifier" skipped, due to false condition; ('$(TargetPlatformIdentifier)' != '' and '$(TargetFrameworkIdentifier)' == '.NETCoreApp' and $([MSBuild]::VersionGreaterThanOrEquals($(TargetFrameworkVersion), 5.0)) And ('$(DesignTimeBuild)' != 'true' Or '@(MissingWorkloadPack)' == '')) was evaluated as ('' != '' and '.NETCoreApp' == '.NETCoreApp' and True And ('' != 'true' Or '' == '')).
   9:7>Done executing task "GetRestoreProjectStyleTask".
   5:6>Target "_CheckForMissingWorkload" skipped, due to false condition; ('@(MissingWorkloadPack)' != '' And '$(DesignTimeBuild)' != 'true') was evaluated as ('' != '' And '' != 'true').
   2:6>Target "IncludeTargetingPackReference" skipped, due to false condition; ('$(TargetFrameworkMoniker)' != '' and '$(TargetFrameworkIdentifier)' == '.NETFramework' and '$(AutomaticallyUseReferenceAssemblyPackages)' == 'true') was evaluated as ('.NETCoreApp,Version=v8.0' != '' and '.NETCoreApp' == '.NETFramework' and 'true' == 'true').
   5:6>Target "_CheckForNotRecommendedNETStandardVersion" skipped, due to false condition; ('$(TargetFrameworkIdentifier)' == '.NETStandard' and $([MSBuild]::VersionLessThan($(TargetFrameworkVersion), '2.0'))) was evaluated as ('.NETCoreApp' == '.NETStandard' and False).
       Target "_CheckForUnsupportedNETStandardVersion" skipped, due to false condition; ('$(TargetFrameworkIdentifier)' == '.NETStandard' And '$(NETStandardMaximumVersion)' != '') was evaluated as ('.NETCoreApp' == '.NETStandard' And '' != '').
   2:6>Target "_CheckForInvalidConfigurationAndPlatform" in file "/usr/local/share/dotnet/sdk/9.0.200/Microsoft.Common.CurrentVersion.targets" from project "/Users/dacanetdev/Dev/AIGenerated/RoadmapSkills/tests/Modules/Users/DeventSoft.RoadmapSkills.Users.IntegrationTests/DeventSoft.RoadmapSkills.Users.IntegrationTests.csproj" (target "BeforeBuild" depends on it):
   2:6>Task "MSBuildInternalMessage" skipped, due to false condition; ('$(_InvalidConfigurationMessageSeverity)' != '') was evaluated as ('' != '').
   5:6>Target "_CheckForUnsupportedTargetFrameworkAndFeatureCombination" skipped, due to false condition; ('$(TargetFrameworkIdentifier)' == '.NETFramework') was evaluated as ('.NETCoreApp' == '.NETFramework').
   2:6>Task "Message"
   9:7>Done building target "_GetRestoreProjectStyle" in project "DeventSoft.RoadmapSkills.Users.Domain.csproj".
   5:6>Target "UpdateAspNetToFrameworkReference" in file "/usr/local/share/dotnet/sdk/9.0.200/Sdks/Microsoft.NET.Sdk/targets/Microsoft.NET.Sdk.DefaultItems.Shared.targets" from project "/Users/dacanetdev/Dev/AIGenerated/RoadmapSkills/tests/Modules/Users/DeventSoft.RoadmapSkills.Users.UnitTests/DeventSoft.RoadmapSkills.Users.UnitTests.csproj" (target "ApplyImplicitVersions" depends on it):
   5:6>Using "CheckIfPackageReferenceShouldBeFrameworkReference" task from assembly "/usr/local/share/dotnet/sdk/9.0.200/Sdks/Microsoft.NET.Sdk/targets/../tools/net9.0/Microsoft.NET.Build.Tasks.dll".
   2:6>_CheckForInvalidConfigurationAndPlatform:
         Configuration=Debug
   5:6>Task "CheckIfPackageReferenceShouldBeFrameworkReference"
   2:6>Done executing task "Message".
   5:6>Done executing task "CheckIfPackageReferenceShouldBeFrameworkReference".
   9:7>Target "EnableIntermediateOutputPathMismatchWarning" in file "/usr/local/share/dotnet/sdk/9.0.200/NuGet.targets" from project "/Users/dacanetdev/Dev/AIGenerated/RoadmapSkills/src/Modules/Users/DeventSoft.RoadmapSkills.Users.Domain/DeventSoft.RoadmapSkills.Users.Domain.csproj" (target "_CheckForInvalidConfigurationAndPlatform" depends on it):
   9:7>Done building target "EnableIntermediateOutputPathMismatchWarning" in project "DeventSoft.RoadmapSkills.Users.Domain.csproj".
   2:6>Task "Message"
   5:6>UpdateAspNetToFrameworkReference:
       Task "NETSdkError" skipped, due to false condition; ('$(_ShouldRemoveAspNetCoreAll)' == 'true') was evaluated as ('False' == 'true').
   9:7>Target "ApplyImplicitVersions" skipped, due to false condition; ('@(PackageReference)' != '') was evaluated as ('' != '').
   2:6>_CheckForInvalidConfigurationAndPlatform:
         Platform=AnyCPU
   5:6>Task "CheckIfPackageReferenceShouldBeFrameworkReference"
   9:7>Target "CheckForImplicitPackageReferenceOverrides" skipped. Previously built successfully.
   2:6>Done executing task "Message".
   5:6>Done executing task "CheckIfPackageReferenceShouldBeFrameworkReference".
   2:6>_CheckForInvalidConfigurationAndPlatform:
       Task "MSBuildInternalMessage" skipped, due to false condition; ('$(OutDir)' != '' and !HasTrailingSlash('$(OutDir)')) was evaluated as ('bin/Debug/net8.0/' != '' and !HasTrailingSlash('bin/Debug/net8.0/')).
   5:6>UpdateAspNetToFrameworkReference:
       Task "NETSdkWarning" skipped, due to false condition; ('$(_ShouldRemoveAspNetCoreApp)' == 'true') was evaluated as ('False' == 'true').
   2:6>_CheckForInvalidConfigurationAndPlatform:
       Task "MSBuildInternalMessage" skipped, due to false condition; ('$(IntermediateOutputPath)' != '' and !HasTrailingSlash('$(IntermediateOutputPath)')) was evaluated as ('obj/Debug/net8.0/' != '' and !HasTrailingSlash('obj/Debug/net8.0/')).
   9:7>Target "CheckForDuplicateItems" in file "/usr/local/share/dotnet/sdk/9.0.200/Sdks/Microsoft.NET.Sdk/targets/Microsoft.NET.Sdk.DefaultItems.Shared.targets" from project "/Users/dacanetdev/Dev/AIGenerated/RoadmapSkills/src/Modules/Users/DeventSoft.RoadmapSkills.Users.Domain/DeventSoft.RoadmapSkills.Users.Domain.csproj" (target "_CheckForInvalidConfigurationAndPlatform" depends on it):
   9:7>Using "CheckForDuplicateItems" task from assembly "/usr/local/share/dotnet/sdk/9.0.200/Sdks/Microsoft.NET.Sdk/targets/../tools/net9.0/Microsoft.NET.Build.Tasks.dll".
   5:6>Done building target "UpdateAspNetToFrameworkReference" in project "DeventSoft.RoadmapSkills.Users.UnitTests.csproj".
   2:6>_CheckForInvalidConfigurationAndPlatform:
       Task "MSBuildInternalMessage" skipped, due to false condition; ('$(BaseIntermediateOutputPath)' != '' and !HasTrailingSlash('$(BaseIntermediateOutputPath)')) was evaluated as ('obj/' != '' and !HasTrailingSlash('obj/')).
   9:7>Task "CheckForDuplicateItems"
   5:6>Target "IncludeTargetingPackReference" skipped, due to false condition; ('$(TargetFrameworkMoniker)' != '' and '$(TargetFrameworkIdentifier)' == '.NETFramework' and '$(AutomaticallyUseReferenceAssemblyPackages)' == 'true') was evaluated as ('.NETCoreApp,Version=v8.0' != '' and '.NETCoreApp' == '.NETFramework' and 'true' == 'true').
   2:6>_CheckForInvalidConfigurationAndPlatform:
       Task "MSBuildInternalMessage" skipped, due to false condition; ( '$(Prefer32Bit)' == 'true' and '$(PreferNativeArm64)' == 'true' ) was evaluated as ( 'false' == 'true' and 'false' == 'true' ).
   9:7>Done executing task "CheckForDuplicateItems".
   2:6>_CheckForInvalidConfigurationAndPlatform:
       Task "MSBuildInternalMessage" skipped, due to false condition; ( '$(NoWin32Manifest)' == 'true' and '$(PreferNativeArm64)' == 'true' ) was evaluated as ( '' == 'true' and 'false' == 'true' ).
   9:7>Task "CheckForDuplicateItems"
   5:6>Target "CheckForImplicitPackageReferenceOverrides" in file "/usr/local/share/dotnet/sdk/9.0.200/Sdks/Microsoft.NET.Sdk/targets/Microsoft.NET.Sdk.DefaultItems.Shared.targets" from project "/Users/dacanetdev/Dev/AIGenerated/RoadmapSkills/tests/Modules/Users/DeventSoft.RoadmapSkills.Users.UnitTests/DeventSoft.RoadmapSkills.Users.UnitTests.csproj" (target "ApplyImplicitVersions" depends on it):
   5:6>Using "CheckForImplicitPackageReferenceOverrides" task from assembly "/usr/local/share/dotnet/sdk/9.0.200/Sdks/Microsoft.NET.Sdk/targets/../tools/net9.0/Microsoft.NET.Build.Tasks.dll".
   9:7>Done executing task "CheckForDuplicateItems".
   2:6>_CheckForInvalidConfigurationAndPlatform:
       Task "MSBuildInternalMessage" skipped, due to false condition; ( '$(PreferNativeArm64)' == 'true' and '$(Platform)' != 'AnyCPU' ) was evaluated as ( 'false' == 'true' and 'AnyCPU' != 'AnyCPU' ).
   5:6>Task "CheckForImplicitPackageReferenceOverrides"
   9:7>Task "CheckForDuplicateItems"
   5:6>Done executing task "CheckForImplicitPackageReferenceOverrides".
   2:6>_CheckForInvalidConfigurationAndPlatform:
       Task "MSBuildInternalMessage" skipped, due to false condition; ( '$(_InitialMSBuildProjectExtensionsPath)' != '' And '$(MSBuildProjectExtensionsPath)' != '$(_InitialMSBuildProjectExtensionsPath)' ) was evaluated as ( '/Users/dacanetdev/Dev/AIGenerated/RoadmapSkills/tests/Modules/Users/DeventSoft.RoadmapSkills.Users.IntegrationTests/obj/' != '' And '/Users/dacanetdev/Dev/AIGenerated/RoadmapSkills/tests/Modules/Users/DeventSoft.RoadmapSkills.Users.IntegrationTests/obj/' != '/Users/dacanetdev/Dev/AIGenerated/RoadmapSkills/tests/Modules/Users/DeventSoft.RoadmapSkills.Users.IntegrationTests/obj/' ).
   9:7>Done executing task "CheckForDuplicateItems".
   5:6>Done building target "CheckForImplicitPackageReferenceOverrides" in project "DeventSoft.RoadmapSkills.Users.UnitTests.csproj".
   2:6>_CheckForInvalidConfigurationAndPlatform:
       Task "MSBuildInternalMessage" skipped, due to false condition; ( '$(EnableBaseIntermediateOutputPathMismatchWarning)' == 'true' And '$(_InitialBaseIntermediateOutputPath)' != '$(BaseIntermediateOutputPath)' And '$(BaseIntermediateOutputPath)' != '$(MSBuildProjectExtensionsPath)' ) was evaluated as ( 'true' == 'true' And 'obj/' != 'obj/' And 'obj/' != '/Users/dacanetdev/Dev/AIGenerated/RoadmapSkills/tests/Modules/Users/DeventSoft.RoadmapSkills.Users.IntegrationTests/obj/' ).
   9:7>Done building target "CheckForDuplicateItems" in project "DeventSoft.RoadmapSkills.Users.Domain.csproj".
   2:6>Done building target "_CheckForInvalidConfigurationAndPlatform" in project "DeventSoft.RoadmapSkills.Users.IntegrationTests.csproj".
   5:6>Target "ApplyImplicitVersions" in file "/usr/local/share/dotnet/sdk/9.0.200/Sdks/Microsoft.NET.Sdk/targets/Microsoft.NET.Sdk.DefaultItems.Shared.targets" from project "/Users/dacanetdev/Dev/AIGenerated/RoadmapSkills/tests/Modules/Users/DeventSoft.RoadmapSkills.Users.UnitTests/DeventSoft.RoadmapSkills.Users.UnitTests.csproj" (target "CollectPackageReferences" depends on it):
   5:6>Using "ApplyImplicitVersions" task from assembly "/usr/local/share/dotnet/sdk/9.0.200/Sdks/Microsoft.NET.Sdk/targets/../tools/net9.0/Microsoft.NET.Build.Tasks.dll".
   9:7>Target "WarnForExplicitVersions" skipped, due to false condition; ('@(SdkBuildWarning)' != '') was evaluated as ('' != '').
   5:6>Task "ApplyImplicitVersions"
   9:7>Target "_CheckForFailedSDKResolution" skipped, due to false condition; ('$(SdkResolverHonoredGlobalJson)' == 'false') was evaluated as ('' == 'false').
   2:6>Target "ValidateCommandLineProperties" in file "/usr/local/share/dotnet/sdk/9.0.200/Sdks/Microsoft.NET.Sdk/targets/Microsoft.NET.Sdk.targets" from project "/Users/dacanetdev/Dev/AIGenerated/RoadmapSkills/tests/Modules/Users/DeventSoft.RoadmapSkills.Users.IntegrationTests/DeventSoft.RoadmapSkills.Users.IntegrationTests.csproj" (target "BeforeBuild" depends on it):
   2:6>Done building target "ValidateCommandLineProperties" in project "DeventSoft.RoadmapSkills.Users.IntegrationTests.csproj".
   5:6>Done executing task "ApplyImplicitVersions".
   5:6>Done building target "ApplyImplicitVersions" in project "DeventSoft.RoadmapSkills.Users.UnitTests.csproj".
   9:7>Target "_WarnWhenUsingNET9AndVSPriorTo1712" skipped, due to false condition; ($([MSBuild]::VersionLessThan($(MSBuildVersion), '17.12.0')) and '$(TargetFrameworkIdentifier)' == '.NETCoreApp' and $([MSBuild]::VersionGreaterThanOrEquals($(_TargetFrameworkVersionWithoutV), '9.0'))) was evaluated as (False and '.NETCoreApp' == '.NETCoreApp' and False).
   5:6>Target "CheckForImplicitPackageReferenceOverrides" skipped. Previously built successfully.
   2:6>Target "BeforeBuild" in file "/usr/local/share/dotnet/sdk/9.0.200/Microsoft.Common.CurrentVersion.targets" from project "/Users/dacanetdev/Dev/AIGenerated/RoadmapSkills/tests/Modules/Users/DeventSoft.RoadmapSkills.Users.IntegrationTests/DeventSoft.RoadmapSkills.Users.IntegrationTests.csproj" (target "Build" depends on it):
   2:6>Done building target "BeforeBuild" in project "DeventSoft.RoadmapSkills.Users.IntegrationTests.csproj".
   9:7>Target "_CheckForInvalidWindowsDesktopTargetingConfiguration" skipped, due to false condition; ('$(TargetFrameworkIdentifier)' == '.NETCoreApp' and $([MSBuild]::VersionGreaterThanOrEquals($(_TargetFrameworkVersionWithoutV), '5.0')) and ('$(UseWindowsForms)' == 'true' or '$(UseWPF)' == 'true')) was evaluated as ('.NETCoreApp' == '.NETCoreApp' and True and ('' == 'true' or '' == 'true')).
   5:6>Target "AddWindowsSdkKnownFrameworkReferences" skipped, due to false condition; ('$(TargetFrameworkIdentifier)' == '.NETCoreApp' And '$(TargetPlatformIdentifier)' == 'Windows'
                     And ('$(Language)' != 'C++' Or '$(IncludeWindowsSDKRefFrameworkReferences)' == 'true')) was evaluated as ('.NETCoreApp' == '.NETCoreApp' And '' == 'Windows'
                     And ('C#' != 'C++' Or '' == 'true')).
   2:6>Target "_CheckForBuildWithNoBuild" skipped, due to false condition; ('$(NoBuild)' == 'true' and '$(GeneratePackageOnBuild)' != 'true') was evaluated as ('' == 'true' and 'false' != 'true').
   5:6>Target "_NormalizeTargetPlatformVersion" skipped, due to false condition; ('$(TargetPlatformVersion)' != '' and '$(TargetFrameworkIdentifier)' == '.NETCoreApp' and $([MSBuild]::VersionGreaterThanOrEquals($(TargetFrameworkVersion), 5.0)) and ('$(Language)' != 'C++' or '$(_EnablePackageReferencesInVCProjects)' == 'true')) was evaluated as ('' != '' and '.NETCoreApp' == '.NETCoreApp' and True and ('C#' != 'C++' or '' == 'true')).
   9:7>Target "_CheckForUnnecessaryWindowsDesktopSDK" skipped, due to false condition; ('$(TargetFrameworkIdentifier)' == '.NETCoreApp' and $([MSBuild]::VersionGreaterThanOrEquals($(_TargetFrameworkVersionWithoutV), '5.0')) and '$(_MicrosoftWindowsDesktopSdkImported)' == 'true' and '$(TargetFrameworks)' == '') was evaluated as ('.NETCoreApp' == '.NETCoreApp' and True and '' == 'true' and '' == '').
   2:6>Target "BuildOnlySettings" in file "/usr/local/share/dotnet/sdk/9.0.200/Microsoft.Common.CurrentVersion.targets" from project "/Users/dacanetdev/Dev/AIGenerated/RoadmapSkills/tests/Modules/Users/DeventSoft.RoadmapSkills.Users.IntegrationTests/DeventSoft.RoadmapSkills.Users.IntegrationTests.csproj" (target "CoreBuild" depends on it):
   2:6>Done building target "BuildOnlySettings" in project "DeventSoft.RoadmapSkills.Users.IntegrationTests.csproj".
   5:6>Target "_ComputeToolPackInputsToProcessFrameworkReferences" in file "/usr/local/share/dotnet/sdk/9.0.200/Sdks/Microsoft.NET.Sdk/targets/Microsoft.NET.Publish.targets" from project "/Users/dacanetdev/Dev/AIGenerated/RoadmapSkills/tests/Modules/Users/DeventSoft.RoadmapSkills.Users.UnitTests/DeventSoft.RoadmapSkills.Users.UnitTests.csproj" (target "ProcessFrameworkReferences" depends on it):
   5:6>Done building target "_ComputeToolPackInputsToProcessFrameworkReferences" in project "DeventSoft.RoadmapSkills.Users.UnitTests.csproj".
   9:7>Target "ProcessFrameworkReferences" skipped. Previously built successfully.
   4:7>_CheckForLanguageAndFeatureCombinationSupport:
       Task "NETSdkError" skipped, due to false condition; (('$(Language)' == 'C++' and '$(_EnablePackageReferencesInVCProjects)' != 'true') and $(SelfContained) == 'true') was evaluated as (('C#' == 'C++' and '' != 'true') and  == 'true').
   2:6>Target "_CheckForUnsupportedTargetFramework" skipped, due to false condition; ('$(_UnsupportedTargetFrameworkError)' == 'true') was evaluated as ('' == 'true').
   9:7>Target "IncludeTargetingPackReference" skipped, due to false condition; ('$(TargetFrameworkMoniker)' != '' and '$(TargetFrameworkIdentifier)' == '.NETFramework' and '$(AutomaticallyUseReferenceAssemblyPackages)' == 'true') was evaluated as ('.NETCoreApp,Version=v8.0' != '' and '.NETCoreApp' == '.NETFramework' and 'true' == 'true').
   2:6>Target "_CheckForUnsupportedTargetPlatformIdentifier" skipped, due to false condition; ('$(TargetPlatformIdentifier)' != '' and '$(TargetFrameworkIdentifier)' == '.NETCoreApp' and $([MSBuild]::VersionGreaterThanOrEquals($(TargetFrameworkVersion), 5.0)) And ('$(DesignTimeBuild)' != 'true' Or '@(MissingWorkloadPack)' == '')) was evaluated as ('' != '' and '.NETCoreApp' == '.NETCoreApp' and True And ('' != 'true' Or '' == '')).
   3:7>Done executing task "GenerateGlobalUsings".
   2:6>Target "_CheckForMissingWorkload" skipped, due to false condition; ('@(MissingWorkloadPack)' != '' And '$(DesignTimeBuild)' != 'true') was evaluated as ('' != '' And '' != 'true').
   9:7>Target "_CheckForInvalidConfigurationAndPlatform" in file "/usr/local/share/dotnet/sdk/9.0.200/Microsoft.Common.CurrentVersion.targets" from project "/Users/dacanetdev/Dev/AIGenerated/RoadmapSkills/src/Modules/Users/DeventSoft.RoadmapSkills.Users.Domain/DeventSoft.RoadmapSkills.Users.Domain.csproj" (target "BeforeBuild" depends on it):
   9:7>Task "MSBuildInternalMessage" skipped, due to false condition; ('$(_InvalidConfigurationMessageSeverity)' != '') was evaluated as ('' != '').
   3:7>GenerateGlobalUsings:
       Using "WriteLinesToFile" task from assembly "Microsoft.Build.Tasks.Core, Version=15.1.0.0, Culture=neutral, PublicKeyToken=b03f5f7f11d50a3a".
   2:6>Target "GetFrameworkPaths" in file "/usr/local/share/dotnet/sdk/9.0.200/Sdks/Microsoft.NET.Sdk/targets/Microsoft.NET.DisableStandardFrameworkResolution.targets" from project "/Users/dacanetdev/Dev/AIGenerated/RoadmapSkills/tests/Modules/Users/DeventSoft.RoadmapSkills.Users.IntegrationTests/DeventSoft.RoadmapSkills.Users.IntegrationTests.csproj" (target "PrepareForBuild" depends on it):
   2:6>Done building target "GetFrameworkPaths" in project "DeventSoft.RoadmapSkills.Users.IntegrationTests.csproj".
   5:6>Target "ProcessFrameworkReferences" in file "/usr/local/share/dotnet/sdk/9.0.200/Sdks/Microsoft.NET.Sdk/targets/Microsoft.NET.Sdk.FrameworkReferenceResolution.targets" from project "/Users/dacanetdev/Dev/AIGenerated/RoadmapSkills/tests/Modules/Users/DeventSoft.RoadmapSkills.Users.UnitTests/DeventSoft.RoadmapSkills.Users.UnitTests.csproj" (target "CollectPackageReferences" depends on it):
   5:6>Using "CheckForDuplicateFrameworkReferences" task from assembly "/usr/local/share/dotnet/sdk/9.0.200/Sdks/Microsoft.NET.Sdk/targets/../tools/net9.0/Microsoft.NET.Build.Tasks.dll".
   9:7>Task "Message"
   2:6>Target "_CheckForUnsupportedTargetFramework" skipped, due to false condition; ('$(_UnsupportedTargetFrameworkError)' == 'true') was evaluated as ('' == 'true').
   3:7>Task "WriteLinesToFile"
   9:7>_CheckForInvalidConfigurationAndPlatform:
         Configuration=Debug
   4:7>Done building target "_CheckForLanguageAndFeatureCombinationSupport" in project "DeventSoft.RoadmapSkills.Users.Infrastructure.csproj".
   3:7>GenerateGlobalUsings:
         Skipping write to file "obj/Debug/net8.0/DeventSoft.RoadmapSkills.Users.Application.GlobalUsings.g.cs" because content would not change.
   9:7>Done executing task "Message".
   3:7>Done executing task "WriteLinesToFile".
   4:7>Target "_CheckForNETCoreSdkIsPreview" skipped, due to false condition; ( '$(_NETCoreSdkIsPreview)' == 'true' AND '$(SuppressNETCoreSdkPreviewMessage)' != 'true' ) was evaluated as ( 'false' == 'true' AND '' != 'true' ).
   2:6>Target "_CheckForUnsupportedTargetPlatformIdentifier" skipped, due to false condition; ('$(TargetPlatformIdentifier)' != '' and '$(TargetFrameworkIdentifier)' == '.NETCoreApp' and $([MSBuild]::VersionGreaterThanOrEquals($(TargetFrameworkVersion), 5.0)) And ('$(DesignTimeBuild)' != 'true' Or '@(MissingWorkloadPack)' == '')) was evaluated as ('' != '' and '.NETCoreApp' == '.NETCoreApp' and True And ('' != 'true' Or '' == '')).
   3:7>Done building target "GenerateGlobalUsings" in project "DeventSoft.RoadmapSkills.Users.Application.csproj".
   2:6>Target "_CheckForMissingWorkload" skipped, due to false condition; ('@(MissingWorkloadPack)' != '' And '$(DesignTimeBuild)' != 'true') was evaluated as ('' != '' And '' != 'true').
   5:6>Task "CheckForDuplicateFrameworkReferences"
   3:7>Target "PreBuildEvent" skipped, due to false condition; ('$(PreBuildEvent)'!='') was evaluated as (''!='').
   4:7>Target "_GetProjectJsonPath" in file "/usr/local/share/dotnet/sdk/9.0.200/NuGet.targets" from project "/Users/dacanetdev/Dev/AIGenerated/RoadmapSkills/src/Modules/Users/DeventSoft.RoadmapSkills.Users.Infrastructure/DeventSoft.RoadmapSkills.Users.Infrastructure.csproj" (target "_GetRestoreProjectStyle" depends on it):
   4:7>Task "GetRestoreProjectJsonPathTask" skipped, due to false condition; ( '$(RestoreProjectStyle)' == 'ProjectJson' OR '$(RestoreProjectStyle)' == '' ) was evaluated as ( 'PackageReference' == 'ProjectJson' OR 'PackageReference' == '' ).
   5:6>Done executing task "CheckForDuplicateFrameworkReferences".
   4:7>Done building target "_GetProjectJsonPath" in project "DeventSoft.RoadmapSkills.Users.Infrastructure.csproj".
   3:7>Target "BeforeResolveReferences" in file "/usr/local/share/dotnet/sdk/9.0.200/Microsoft.Common.CurrentVersion.targets" from project "/Users/dacanetdev/Dev/AIGenerated/RoadmapSkills/src/Modules/Users/DeventSoft.RoadmapSkills.Users.Application/DeventSoft.RoadmapSkills.Users.Application.csproj" (target "ResolveReferences" depends on it):
   3:7>Done building target "BeforeResolveReferences" in project "DeventSoft.RoadmapSkills.Users.Application.csproj".
   2:6>Target "GetReferenceAssemblyPaths" in file "/usr/local/share/dotnet/sdk/9.0.200/Sdks/Microsoft.NET.Sdk/targets/Microsoft.NET.DisableStandardFrameworkResolution.targets" from project "/Users/dacanetdev/Dev/AIGenerated/RoadmapSkills/tests/Modules/Users/DeventSoft.RoadmapSkills.Users.IntegrationTests/DeventSoft.RoadmapSkills.Users.IntegrationTests.csproj" (target "PrepareForBuild" depends on it):
   2:6>Done building target "GetReferenceAssemblyPaths" in project "DeventSoft.RoadmapSkills.Users.IntegrationTests.csproj".
   5:6>ProcessFrameworkReferences:
       Using "ProcessFrameworkReferences" task from assembly "/usr/local/share/dotnet/sdk/9.0.200/Sdks/Microsoft.NET.Sdk/targets/../tools/net9.0/Microsoft.NET.Build.Tasks.dll".
   3:7>Target "IgnoreJavaScriptOutputAssembly" in file "/usr/local/share/dotnet/sdk/9.0.200/Microsoft.Common.CurrentVersion.targets" from project "/Users/dacanetdev/Dev/AIGenerated/RoadmapSkills/src/Modules/Users/DeventSoft.RoadmapSkills.Users.Application/DeventSoft.RoadmapSkills.Users.Application.csproj" (target "AssignProjectConfiguration" depends on it):
   3:7>Done building target "IgnoreJavaScriptOutputAssembly" in project "DeventSoft.RoadmapSkills.Users.Application.csproj".
   2:6>Target "AssignLinkMetadata" skipped, due to false condition; ( '$(SynthesizeLinkMetadata)' == 'true' ) was evaluated as ( '' == 'true' ).
   5:6>Task "ProcessFrameworkReferences"
   3:7>Target "ProcessFrameworkReferences" skipped. Previously built successfully.
   2:6>Target "_VerifyPackReleaseConfigurations" skipped, due to false condition; ('$(_IsPacking)' == 'true' and '$(DOTNET_CLI_DISABLE_PUBLISH_AND_PACK_RELEASE)' != 'true' and '$(DOTNET_CLI_LAZY_PUBLISH_AND_PACK_RELEASE_FOR_SOLUTIONS)' == 'true') was evaluated as ('' == 'true' and '' != 'true' and '' == 'true').
   4:7>Target "_CheckForUnsupportedTargetPlatformIdentifier" skipped, due to false condition; ('$(TargetPlatformIdentifier)' != '' and '$(TargetFrameworkIdentifier)' == '.NETCoreApp' and $([MSBuild]::VersionGreaterThanOrEquals($(TargetFrameworkVersion), 5.0)) And ('$(DesignTimeBuild)' != 'true' Or '@(MissingWorkloadPack)' == '')) was evaluated as ('' != '' and '.NETCoreApp' == '.NETCoreApp' and True And ('' != 'true' Or '' == '')).
   3:7>Target "_DefaultMicrosoftNETPlatformLibrary" in file "/usr/local/share/dotnet/sdk/9.0.200/Sdks/Microsoft.NET.Sdk/targets/Microsoft.NET.Sdk.Shared.targets" from project "/Users/dacanetdev/Dev/AIGenerated/RoadmapSkills/src/Modules/Users/DeventSoft.RoadmapSkills.Users.Application/DeventSoft.RoadmapSkills.Users.Application.csproj" (target "ResolvePackageAssets" depends on it):
   3:7>Done building target "_DefaultMicrosoftNETPlatformLibrary" in project "DeventSoft.RoadmapSkills.Users.Application.csproj".
   5:6>Done executing task "ProcessFrameworkReferences".
   4:7>Target "_CheckForMissingWorkload" skipped, due to false condition; ('@(MissingWorkloadPack)' != '' And '$(DesignTimeBuild)' != 'true') was evaluated as ('' != '' And '' != 'true').
   2:6>Target "PrepareForBuild" in file "/usr/local/share/dotnet/sdk/9.0.200/Microsoft.Common.CurrentVersion.targets" from project "/Users/dacanetdev/Dev/AIGenerated/RoadmapSkills/tests/Modules/Users/DeventSoft.RoadmapSkills.Users.IntegrationTests/DeventSoft.RoadmapSkills.Users.IntegrationTests.csproj" (target "CoreBuild" depends on it):
   2:6>Using "FindAppConfigFile" task from assembly "Microsoft.Build.Tasks.Core, Version=15.1.0.0, Culture=neutral, PublicKeyToken=b03f5f7f11d50a3a".
   5:6>ProcessFrameworkReferences:
       Using "ResolveAppHosts" task from assembly "/usr/local/share/dotnet/sdk/9.0.200/Sdks/Microsoft.NET.Sdk/targets/../tools/net9.0/Microsoft.NET.Build.Tasks.dll".
   3:7>Target "_ComputePackageReferencePublish" in file "/usr/local/share/dotnet/sdk/9.0.200/Sdks/Microsoft.NET.Sdk/targets/Microsoft.NET.Sdk.Shared.targets" from project "/Users/dacanetdev/Dev/AIGenerated/RoadmapSkills/src/Modules/Users/DeventSoft.RoadmapSkills.Users.Application/DeventSoft.RoadmapSkills.Users.Application.csproj" (target "ResolvePackageAssets" depends on it):
   3:7>Done building target "_ComputePackageReferencePublish" in project "DeventSoft.RoadmapSkills.Users.Application.csproj".
   2:6>Task "FindAppConfigFile"
   5:6>Task "ResolveAppHosts"
   3:7>Target "_ResolveCompilerVersion" skipped, due to false condition; ('$(CompilerApiVersion)' == '' And
                     ('$(Language)' == 'C#' Or '$(Language)' == 'VB') And
                     Exists('$(RoslynTargetsPath)\Microsoft.Build.Tasks.CodeAnalysis.dll')) was evaluated as ('roslyn4.13' == '' And
                     ('C#' == 'C#' Or 'C#' == 'VB') And
                     Exists('/usr/local/share/dotnet/sdk/9.0.200/Roslyn\Microsoft.Build.Tasks.CodeAnalysis.dll')).
   2:6>Done executing task "FindAppConfigFile".
   4:7>Target "_CheckForNotRecommendedNETStandardVersion" skipped, due to false condition; ('$(TargetFrameworkIdentifier)' == '.NETStandard' and $([MSBuild]::VersionLessThan($(TargetFrameworkVersion), '2.0'))) was evaluated as ('.NETCoreApp' == '.NETStandard' and False).
   2:6>PrepareForBuild:
       Using "MakeDir" task from assembly "Microsoft.Build.Tasks.Core, Version=15.1.0.0, Culture=neutral, PublicKeyToken=b03f5f7f11d50a3a".
   9:7>Task "Message"
   5:6>Done executing task "ResolveAppHosts".
   4:7>Target "_CheckForUnsupportedNETStandardVersion" skipped, due to false condition; ('$(TargetFrameworkIdentifier)' == '.NETStandard' And '$(NETStandardMaximumVersion)' != '') was evaluated as ('.NETCoreApp' == '.NETStandard' And '' != '').
       Target "_CheckForUnsupportedTargetFrameworkAndFeatureCombination" skipped, due to false condition; ('$(TargetFrameworkIdentifier)' == '.NETFramework') was evaluated as ('.NETCoreApp' == '.NETFramework').
   4:7>Target "UpdateAspNetToFrameworkReference" in file "/usr/local/share/dotnet/sdk/9.0.200/Sdks/Microsoft.NET.Sdk/targets/Microsoft.NET.Sdk.DefaultItems.Shared.targets" from project "/Users/dacanetdev/Dev/AIGenerated/RoadmapSkills/src/Modules/Users/DeventSoft.RoadmapSkills.Users.Infrastructure/DeventSoft.RoadmapSkills.Users.Infrastructure.csproj" (target "ApplyImplicitVersions" depends on it):
       Using "CheckIfPackageReferenceShouldBeFrameworkReference" task from assembly "/usr/local/share/dotnet/sdk/9.0.200/Sdks/Microsoft.NET.Sdk/targets/../tools/net9.0/Microsoft.NET.Build.Tasks.dll".
       Task "CheckIfPackageReferenceShouldBeFrameworkReference"
       Done executing task "CheckIfPackageReferenceShouldBeFrameworkReference".
   2:6>Task "MakeDir"
       Done executing task "MakeDir".
   4:7>UpdateAspNetToFrameworkReference:
       Task "NETSdkError" skipped, due to false condition; ('$(_ShouldRemoveAspNetCoreAll)' == 'true') was evaluated as ('False' == 'true').
   9:7>_CheckForInvalidConfigurationAndPlatform:
         Platform=AnyCPU
   4:7>Task "CheckIfPackageReferenceShouldBeFrameworkReference"
   2:6>Done building target "PrepareForBuild" in project "DeventSoft.RoadmapSkills.Users.IntegrationTests.csproj".
   9:7>Done executing task "Message".
   4:7>Done executing task "CheckIfPackageReferenceShouldBeFrameworkReference".
   9:7>_CheckForInvalidConfigurationAndPlatform:
       Task "MSBuildInternalMessage" skipped, due to false condition; ('$(OutDir)' != '' and !HasTrailingSlash('$(OutDir)')) was evaluated as ('bin/Debug/net8.0/' != '' and !HasTrailingSlash('bin/Debug/net8.0/')).
   4:7>UpdateAspNetToFrameworkReference:
       Task "NETSdkWarning" skipped, due to false condition; ('$(_ShouldRemoveAspNetCoreApp)' == 'true') was evaluated as ('False' == 'true').
   2:6>Target "GenerateGlobalUsings" in file "/usr/local/share/dotnet/sdk/9.0.200/Sdks/Microsoft.NET.Sdk/targets/Microsoft.NET.GenerateGlobalUsings.targets" from project "/Users/dacanetdev/Dev/AIGenerated/RoadmapSkills/tests/Modules/Users/DeventSoft.RoadmapSkills.Users.IntegrationTests/DeventSoft.RoadmapSkills.Users.IntegrationTests.csproj" (target "CoreBuild" depends on it):
   2:6>Using "GenerateGlobalUsings" task from assembly "/usr/local/share/dotnet/sdk/9.0.200/Sdks/Microsoft.NET.Sdk/targets/../tools/net9.0/Microsoft.NET.Build.Tasks.dll".
   9:7>_CheckForInvalidConfigurationAndPlatform:
       Task "MSBuildInternalMessage" skipped, due to false condition; ('$(IntermediateOutputPath)' != '' and !HasTrailingSlash('$(IntermediateOutputPath)')) was evaluated as ('obj/Debug/net8.0/' != '' and !HasTrailingSlash('obj/Debug/net8.0/')).
   4:7>Done building target "UpdateAspNetToFrameworkReference" in project "DeventSoft.RoadmapSkills.Users.Infrastructure.csproj".
   2:6>Task "GenerateGlobalUsings"
       Done executing task "GenerateGlobalUsings".
   9:7>_CheckForInvalidConfigurationAndPlatform:
       Task "MSBuildInternalMessage" skipped, due to false condition; ('$(BaseIntermediateOutputPath)' != '' and !HasTrailingSlash('$(BaseIntermediateOutputPath)')) was evaluated as ('obj/' != '' and !HasTrailingSlash('obj/')).
   5:6>Done building target "ProcessFrameworkReferences" in project "DeventSoft.RoadmapSkills.Users.UnitTests.csproj".
   2:6>GenerateGlobalUsings:
       Using "WriteLinesToFile" task from assembly "Microsoft.Build.Tasks.Core, Version=15.1.0.0, Culture=neutral, PublicKeyToken=b03f5f7f11d50a3a".
   9:7>_CheckForInvalidConfigurationAndPlatform:
       Task "MSBuildInternalMessage" skipped, due to false condition; ( '$(Prefer32Bit)' == 'true' and '$(PreferNativeArm64)' == 'true' ) was evaluated as ( 'false' == 'true' and 'false' == 'true' ).
   3:7>Target "ResolvePackageAssets" in file "/usr/local/share/dotnet/sdk/9.0.200/Sdks/Microsoft.NET.Sdk/targets/Microsoft.PackageDependencyResolution.targets" from project "/Users/dacanetdev/Dev/AIGenerated/RoadmapSkills/src/Modules/Users/DeventSoft.RoadmapSkills.Users.Application/DeventSoft.RoadmapSkills.Users.Application.csproj" (target "ResolveLockFileReferences" depends on it):
   3:7>Using "ResolvePackageAssets" task from assembly "/usr/local/share/dotnet/sdk/9.0.200/Sdks/Microsoft.NET.Sdk/targets/../tools/net9.0/Microsoft.NET.Build.Tasks.dll".
   2:6>Task "WriteLinesToFile"
   9:7>_CheckForInvalidConfigurationAndPlatform:
       Task "MSBuildInternalMessage" skipped, due to false condition; ( '$(NoWin32Manifest)' == 'true' and '$(PreferNativeArm64)' == 'true' ) was evaluated as ( '' == 'true' and 'false' == 'true' ).
   5:6>Target "IncludeTargetingPackReference" skipped, due to false condition; ('$(TargetFrameworkMoniker)' != '' and '$(TargetFrameworkIdentifier)' == '.NETFramework' and '$(AutomaticallyUseReferenceAssemblyPackages)' == 'true') was evaluated as ('.NETCoreApp,Version=v8.0' != '' and '.NETCoreApp' == '.NETFramework' and 'true' == 'true').
   3:7>Task "ResolvePackageAssets"
   2:6>GenerateGlobalUsings:
         Skipping write to file "obj/Debug/net8.0/DeventSoft.RoadmapSkills.Users.IntegrationTests.GlobalUsings.g.cs" because content would not change.
   4:7>Target "IncludeTargetingPackReference" skipped, due to false condition; ('$(TargetFrameworkMoniker)' != '' and '$(TargetFrameworkIdentifier)' == '.NETFramework' and '$(AutomaticallyUseReferenceAssemblyPackages)' == 'true') was evaluated as ('.NETCoreApp,Version=v8.0' != '' and '.NETCoreApp' == '.NETFramework' and 'true' == 'true').
   9:7>_CheckForInvalidConfigurationAndPlatform:
       Task "MSBuildInternalMessage" skipped, due to false condition; ( '$(PreferNativeArm64)' == 'true' and '$(Platform)' != 'AnyCPU' ) was evaluated as ( 'false' == 'true' and 'AnyCPU' != 'AnyCPU' ).
   3:7>Done executing task "ResolvePackageAssets".
   5:6>Target "_CheckMicrosoftNetCompilersToolsetFrameworkPackageReference" skipped, due to false condition; ('$(MSBuildRuntimeType)' == 'Full') was evaluated as ('Core' == 'Full').
   2:6>Done executing task "WriteLinesToFile".
   2:6>Done building target "GenerateGlobalUsings" in project "DeventSoft.RoadmapSkills.Users.IntegrationTests.csproj".
   9:7>_CheckForInvalidConfigurationAndPlatform:
       Task "MSBuildInternalMessage" skipped, due to false condition; ( '$(_InitialMSBuildProjectExtensionsPath)' != '' And '$(MSBuildProjectExtensionsPath)' != '$(_InitialMSBuildProjectExtensionsPath)' ) was evaluated as ( '/Users/dacanetdev/Dev/AIGenerated/RoadmapSkills/src/Modules/Users/DeventSoft.RoadmapSkills.Users.Domain/obj/' != '' And '/Users/dacanetdev/Dev/AIGenerated/RoadmapSkills/src/Modules/Users/DeventSoft.RoadmapSkills.Users.Domain/obj/' != '/Users/dacanetdev/Dev/AIGenerated/RoadmapSkills/src/Modules/Users/DeventSoft.RoadmapSkills.Users.Domain/obj/' ).
   3:7>Done building target "ResolvePackageAssets" in project "DeventSoft.RoadmapSkills.Users.Application.csproj".
   4:7>Target "CheckForImplicitPackageReferenceOverrides" in file "/usr/local/share/dotnet/sdk/9.0.200/Sdks/Microsoft.NET.Sdk/targets/Microsoft.NET.Sdk.DefaultItems.Shared.targets" from project "/Users/dacanetdev/Dev/AIGenerated/RoadmapSkills/src/Modules/Users/DeventSoft.RoadmapSkills.Users.Infrastructure/DeventSoft.RoadmapSkills.Users.Infrastructure.csproj" (target "ApplyImplicitVersions" depends on it):
   4:7>Using "CheckForImplicitPackageReferenceOverrides" task from assembly "/usr/local/share/dotnet/sdk/9.0.200/Sdks/Microsoft.NET.Sdk/targets/../tools/net9.0/Microsoft.NET.Build.Tasks.dll".
   2:6>Target "PreBuildEvent" skipped, due to false condition; ('$(PreBuildEvent)'!='') was evaluated as (''!='').
   4:7>Task "CheckForImplicitPackageReferenceOverrides"
   9:7>_CheckForInvalidConfigurationAndPlatform:
       Task "MSBuildInternalMessage" skipped, due to false condition; ( '$(EnableBaseIntermediateOutputPathMismatchWarning)' == 'true' And '$(_InitialBaseIntermediateOutputPath)' != '$(BaseIntermediateOutputPath)' And '$(BaseIntermediateOutputPath)' != '$(MSBuildProjectExtensionsPath)' ) was evaluated as ( 'true' == 'true' And 'obj/' != 'obj/' And 'obj/' != '/Users/dacanetdev/Dev/AIGenerated/RoadmapSkills/src/Modules/Users/DeventSoft.RoadmapSkills.Users.Domain/obj/' ).
   4:7>Done executing task "CheckForImplicitPackageReferenceOverrides".
   9:7>Done building target "_CheckForInvalidConfigurationAndPlatform" in project "DeventSoft.RoadmapSkills.Users.Domain.csproj".
   2:6>Target "BeforeResolveReferences" in file "/usr/local/share/dotnet/sdk/9.0.200/Microsoft.Common.CurrentVersion.targets" from project "/Users/dacanetdev/Dev/AIGenerated/RoadmapSkills/tests/Modules/Users/DeventSoft.RoadmapSkills.Users.IntegrationTests/DeventSoft.RoadmapSkills.Users.IntegrationTests.csproj" (target "ResolveReferences" depends on it):
   2:6>Done building target "BeforeResolveReferences" in project "DeventSoft.RoadmapSkills.Users.IntegrationTests.csproj".
   4:7>Done building target "CheckForImplicitPackageReferenceOverrides" in project "DeventSoft.RoadmapSkills.Users.Infrastructure.csproj".
   2:6>Target "IgnoreJavaScriptOutputAssembly" in file "/usr/local/share/dotnet/sdk/9.0.200/Microsoft.Common.CurrentVersion.targets" from project "/Users/dacanetdev/Dev/AIGenerated/RoadmapSkills/tests/Modules/Users/DeventSoft.RoadmapSkills.Users.IntegrationTests/DeventSoft.RoadmapSkills.Users.IntegrationTests.csproj" (target "AssignProjectConfiguration" depends on it):
   2:6>Done building target "IgnoreJavaScriptOutputAssembly" in project "DeventSoft.RoadmapSkills.Users.IntegrationTests.csproj".
   9:7>Target "ValidateCommandLineProperties" in file "/usr/local/share/dotnet/sdk/9.0.200/Sdks/Microsoft.NET.Sdk/targets/Microsoft.NET.Sdk.targets" from project "/Users/dacanetdev/Dev/AIGenerated/RoadmapSkills/src/Modules/Users/DeventSoft.RoadmapSkills.Users.Domain/DeventSoft.RoadmapSkills.Users.Domain.csproj" (target "BeforeBuild" depends on it):
   9:7>Done building target "ValidateCommandLineProperties" in project "DeventSoft.RoadmapSkills.Users.Domain.csproj".
   3:7>Target "AdjustDefaultPlatformTargetForNetFrameworkExeWithNoNativeCopyLocalItems" skipped, due to false condition; ('$(_UsingDefaultPlatformTarget)' == 'true' and
                     '$(_UsingDefaultRuntimeIdentifier)' == 'true') was evaluated as ('true' == 'true' and
                     '' == 'true').
   2:6>Target "ProcessFrameworkReferences" skipped. Previously built successfully.
   3:7>Target "_CheckForTransitiveWindowsDesktopDependencies" skipped, due to false condition; ('$(TargetFrameworkIdentifier)' == '.NETCoreApp' and $([MSBuild]::VersionGreaterThanOrEquals($(_TargetFrameworkVersionWithoutV), '5.0')) and '$(TargetPlatformIdentifier)' != 'Windows' and '@(TransitiveFrameworkReference)' != '') was evaluated as ('.NETCoreApp' == '.NETCoreApp' and True and '' != 'Windows' and '' != '').
   9:7>Target "BeforeBuild" in file "/usr/local/share/dotnet/sdk/9.0.200/Microsoft.Common.CurrentVersion.targets" from project "/Users/dacanetdev/Dev/AIGenerated/RoadmapSkills/src/Modules/Users/DeventSoft.RoadmapSkills.Users.Domain/DeventSoft.RoadmapSkills.Users.Domain.csproj" (target "Build" depends on it):
   9:7>Done building target "BeforeBuild" in project "DeventSoft.RoadmapSkills.Users.Domain.csproj".
   2:6>Target "_DefaultMicrosoftNETPlatformLibrary" in file "/usr/local/share/dotnet/sdk/9.0.200/Sdks/Microsoft.NET.Sdk/targets/Microsoft.NET.Sdk.Shared.targets" from project "/Users/dacanetdev/Dev/AIGenerated/RoadmapSkills/tests/Modules/Users/DeventSoft.RoadmapSkills.Users.IntegrationTests/DeventSoft.RoadmapSkills.Users.IntegrationTests.csproj" (target "ResolvePackageAssets" depends on it):
   2:6>Done building target "_DefaultMicrosoftNETPlatformLibrary" in project "DeventSoft.RoadmapSkills.Users.IntegrationTests.csproj".
   3:7>Target "AddTransitiveFrameworkReferences" skipped, due to false condition; ('@(TransitiveFrameworkReference)' != '') was evaluated as ('' != '').
   4:7>Target "ApplyImplicitVersions" in file "/usr/local/share/dotnet/sdk/9.0.200/Sdks/Microsoft.NET.Sdk/targets/Microsoft.NET.Sdk.DefaultItems.Shared.targets" from project "/Users/dacanetdev/Dev/AIGenerated/RoadmapSkills/src/Modules/Users/DeventSoft.RoadmapSkills.Users.Infrastructure/DeventSoft.RoadmapSkills.Users.Infrastructure.csproj" (target "CollectPackageReferences" depends on it):
   4:7>Using "ApplyImplicitVersions" task from assembly "/usr/local/share/dotnet/sdk/9.0.200/Sdks/Microsoft.NET.Sdk/targets/../tools/net9.0/Microsoft.NET.Build.Tasks.dll".
   3:7>Target "ResolveLockFileReferences" in file "/usr/local/share/dotnet/sdk/9.0.200/Sdks/Microsoft.NET.Sdk/targets/Microsoft.PackageDependencyResolution.targets" from project "/Users/dacanetdev/Dev/AIGenerated/RoadmapSkills/src/Modules/Users/DeventSoft.RoadmapSkills.Users.Application/DeventSoft.RoadmapSkills.Users.Application.csproj" (target "ResolvePackageDependenciesForBuild" depends on it):
   3:7>Using "JoinItems" task from assembly "/usr/local/share/dotnet/sdk/9.0.200/Sdks/Microsoft.NET.Sdk/targets/../tools/net9.0/Microsoft.NET.Build.Tasks.dll".
   4:7>Task "ApplyImplicitVersions"
       Done executing task "ApplyImplicitVersions".
   5:6>Target "_CheckForObsoleteDotNetCliToolReferences" in file "/usr/local/share/dotnet/sdk/9.0.200/Sdks/Microsoft.NET.Sdk/targets/Microsoft.NET.ObsoleteReferences.targets" from project "/Users/dacanetdev/Dev/AIGenerated/RoadmapSkills/tests/Modules/Users/DeventSoft.RoadmapSkills.Users.UnitTests/DeventSoft.RoadmapSkills.Users.UnitTests.csproj" (target "CollectPackageReferences" depends on it):
   5:6>Task "NETSdkWarning" skipped, due to false condition; ( '%(_ReferenceToObsoleteDotNetCliTool.Identity)' != '' ) was evaluated as ( '' != '' ).
   4:7>Done building target "ApplyImplicitVersions" in project "DeventSoft.RoadmapSkills.Users.Infrastructure.csproj".
   3:7>Task "JoinItems"
   4:7>Target "CheckForImplicitPackageReferenceOverrides" skipped. Previously built successfully.
   9:7>Target "_CheckForBuildWithNoBuild" skipped, due to false condition; ('$(NoBuild)' == 'true' and '$(GeneratePackageOnBuild)' != 'true') was evaluated as ('' == 'true' and 'false' != 'true').
   3:7>Done executing task "JoinItems".
   4:7>Target "AddWindowsSdkKnownFrameworkReferences" skipped, due to false condition; ('$(TargetFrameworkIdentifier)' == '.NETCoreApp' And '$(TargetPlatformIdentifier)' == 'Windows'
                     And ('$(Language)' != 'C++' Or '$(IncludeWindowsSDKRefFrameworkReferences)' == 'true')) was evaluated as ('.NETCoreApp' == '.NETCoreApp' And '' == 'Windows'
                     And ('C#' != 'C++' Or '' == 'true')).
   3:7>Done building target "ResolveLockFileReferences" in project "DeventSoft.RoadmapSkills.Users.Application.csproj".
   2:6>Target "_ComputePackageReferencePublish" in file "/usr/local/share/dotnet/sdk/9.0.200/Sdks/Microsoft.NET.Sdk/targets/Microsoft.NET.Sdk.Shared.targets" from project "/Users/dacanetdev/Dev/AIGenerated/RoadmapSkills/tests/Modules/Users/DeventSoft.RoadmapSkills.Users.IntegrationTests/DeventSoft.RoadmapSkills.Users.IntegrationTests.csproj" (target "ResolvePackageAssets" depends on it):
   2:6>Done building target "_ComputePackageReferencePublish" in project "DeventSoft.RoadmapSkills.Users.IntegrationTests.csproj".
   5:6>Done building target "_CheckForObsoleteDotNetCliToolReferences" in project "DeventSoft.RoadmapSkills.Users.UnitTests.csproj".
   4:7>Target "_NormalizeTargetPlatformVersion" skipped, due to false condition; ('$(TargetPlatformVersion)' != '' and '$(TargetFrameworkIdentifier)' == '.NETCoreApp' and $([MSBuild]::VersionGreaterThanOrEquals($(TargetFrameworkVersion), 5.0)) and ('$(Language)' != 'C++' or '$(_EnablePackageReferencesInVCProjects)' == 'true')) was evaluated as ('' != '' and '.NETCoreApp' == '.NETCoreApp' and True and ('C#' != 'C++' or '' == 'true')).
   3:7>Target "ResolvePackageAssets" skipped. Previously built successfully.
   9:7>Target "BuildOnlySettings" in file "/usr/local/share/dotnet/sdk/9.0.200/Microsoft.Common.CurrentVersion.targets" from project "/Users/dacanetdev/Dev/AIGenerated/RoadmapSkills/src/Modules/Users/DeventSoft.RoadmapSkills.Users.Domain/DeventSoft.RoadmapSkills.Users.Domain.csproj" (target "CoreBuild" depends on it):
   9:7>Done building target "BuildOnlySettings" in project "DeventSoft.RoadmapSkills.Users.Domain.csproj".
   2:6>Target "_ResolveCompilerVersion" skipped, due to false condition; ('$(CompilerApiVersion)' == '' And
                     ('$(Language)' == 'C#' Or '$(Language)' == 'VB') And
                     Exists('$(RoslynTargetsPath)\Microsoft.Build.Tasks.CodeAnalysis.dll')) was evaluated as ('roslyn4.13' == '' And
                     ('C#' == 'C#' Or 'C#' == 'VB') And
                     Exists('/usr/local/share/dotnet/sdk/9.0.200/Roslyn\Microsoft.Build.Tasks.CodeAnalysis.dll')).
   3:7>Target "ResolveLockFileAnalyzers" in file "/usr/local/share/dotnet/sdk/9.0.200/Sdks/Microsoft.NET.Sdk/targets/Microsoft.PackageDependencyResolution.targets" from project "/Users/dacanetdev/Dev/AIGenerated/RoadmapSkills/src/Modules/Users/DeventSoft.RoadmapSkills.Users.Application/DeventSoft.RoadmapSkills.Users.Application.csproj" (target "ResolvePackageDependenciesForBuild" depends on it):
   3:7>Done building target "ResolveLockFileAnalyzers" in project "DeventSoft.RoadmapSkills.Users.Application.csproj".
   9:7>Target "_CheckForUnsupportedTargetFramework" skipped, due to false condition; ('$(_UnsupportedTargetFrameworkError)' == 'true') was evaluated as ('' == 'true').
   5:6>Target "CollectPackageReferences" in file "/usr/local/share/dotnet/sdk/9.0.200/NuGet.targets" from project "/Users/dacanetdev/Dev/AIGenerated/RoadmapSkills/tests/Modules/Users/DeventSoft.RoadmapSkills.Users.UnitTests/DeventSoft.RoadmapSkills.Users.UnitTests.csproj" (target "_GetRestoreProjectStyle" depends on it):
   5:6>Using "CheckForDuplicateNuGetItemsTask" task from assembly "/usr/local/share/dotnet/sdk/9.0.200/NuGet.Build.Tasks.dll".
   3:7>Target "ResolvePackageAssets" skipped. Previously built successfully.
   9:7>Target "_CheckForUnsupportedTargetPlatformIdentifier" skipped, due to false condition; ('$(TargetPlatformIdentifier)' != '' and '$(TargetFrameworkIdentifier)' == '.NETCoreApp' and $([MSBuild]::VersionGreaterThanOrEquals($(TargetFrameworkVersion), 5.0)) And ('$(DesignTimeBuild)' != 'true' Or '@(MissingWorkloadPack)' == '')) was evaluated as ('' != '' and '.NETCoreApp' == '.NETCoreApp' and True And ('' != 'true' Or '' == '')).
   5:6>Task "CheckForDuplicateNuGetItemsTask"
   2:6>Target "ResolvePackageAssets" in file "/usr/local/share/dotnet/sdk/9.0.200/Sdks/Microsoft.NET.Sdk/targets/Microsoft.PackageDependencyResolution.targets" from project "/Users/dacanetdev/Dev/AIGenerated/RoadmapSkills/tests/Modules/Users/DeventSoft.RoadmapSkills.Users.IntegrationTests/DeventSoft.RoadmapSkills.Users.IntegrationTests.csproj" (target "ResolveLockFileReferences" depends on it):
   2:6>Using "ResolvePackageAssets" task from assembly "/usr/local/share/dotnet/sdk/9.0.200/Sdks/Microsoft.NET.Sdk/targets/../tools/net9.0/Microsoft.NET.Build.Tasks.dll".
   3:7>Target "RunProduceContentAssets" skipped, due to false condition; ('@(_ContentFilesToPreprocess)' != '' and '$(_CleaningWithoutRebuilding)' != 'true') was evaluated as ('' != '' and '' != 'true').
   5:6>Done executing task "CheckForDuplicateNuGetItemsTask".
   9:7>Target "_CheckForMissingWorkload" skipped, due to false condition; ('@(MissingWorkloadPack)' != '' And '$(DesignTimeBuild)' != 'true') was evaluated as ('' != '' And '' != 'true').
   2:6>Task "ResolvePackageAssets"
   4:7>Target "_ComputeToolPackInputsToProcessFrameworkReferences" in file "/usr/local/share/dotnet/sdk/9.0.200/Sdks/Microsoft.NET.Sdk/targets/Microsoft.NET.Publish.targets" from project "/Users/dacanetdev/Dev/AIGenerated/RoadmapSkills/src/Modules/Users/DeventSoft.RoadmapSkills.Users.Infrastructure/DeventSoft.RoadmapSkills.Users.Infrastructure.csproj" (target "ProcessFrameworkReferences" depends on it):
   4:7>Done building target "_ComputeToolPackInputsToProcessFrameworkReferences" in project "DeventSoft.RoadmapSkills.Users.Infrastructure.csproj".
   5:6>Done building target "CollectPackageReferences" in project "DeventSoft.RoadmapSkills.Users.UnitTests.csproj".
   2:6>Done executing task "ResolvePackageAssets".
   3:7>Target "ResolveLockFileCopyLocalFiles" in file "/usr/local/share/dotnet/sdk/9.0.200/Sdks/Microsoft.NET.Sdk/targets/Microsoft.PackageDependencyResolution.targets" from project "/Users/dacanetdev/Dev/AIGenerated/RoadmapSkills/src/Modules/Users/DeventSoft.RoadmapSkills.Users.Application/DeventSoft.RoadmapSkills.Users.Application.csproj" (target "ResolvePackageDependenciesForBuild" depends on it):
   3:7>Done building target "ResolveLockFileCopyLocalFiles" in project "DeventSoft.RoadmapSkills.Users.Application.csproj".
   2:6>Done building target "ResolvePackageAssets" in project "DeventSoft.RoadmapSkills.Users.IntegrationTests.csproj".
   3:7>Target "ResolveRuntimePackAssets" skipped, due to false condition; ('@(RuntimePack)' != '') was evaluated as ('' != '').
   2:6>Target "AdjustDefaultPlatformTargetForNetFrameworkExeWithNoNativeCopyLocalItems" skipped, due to false condition; ('$(_UsingDefaultPlatformTarget)' == 'true' and
                     '$(_UsingDefaultRuntimeIdentifier)' == 'true') was evaluated as ('true' == 'true' and
                     '' == 'true').
   3:7>Target "RunProduceContentAssets" skipped, due to false condition; ('@(_ContentFilesToPreprocess)' != '' and '$(_CleaningWithoutRebuilding)' != 'true') was evaluated as ('' != '' and '' != 'true').
   5:6>Target "_GetRestoreProjectStyle" in file "/usr/local/share/dotnet/sdk/9.0.200/NuGet.targets" from project "/Users/dacanetdev/Dev/AIGenerated/RoadmapSkills/tests/Modules/Users/DeventSoft.RoadmapSkills.Users.UnitTests/DeventSoft.RoadmapSkills.Users.UnitTests.csproj" (target "EnableIntermediateOutputPathMismatchWarning" depends on it):
   5:6>Using "GetRestoreProjectStyleTask" task from assembly "/usr/local/share/dotnet/sdk/9.0.200/NuGet.Build.Tasks.dll".
   2:6>Target "_CheckForTransitiveWindowsDesktopDependencies" skipped, due to false condition; ('$(TargetFrameworkIdentifier)' == '.NETCoreApp' and $([MSBuild]::VersionGreaterThanOrEquals($(_TargetFrameworkVersionWithoutV), '5.0')) and '$(TargetPlatformIdentifier)' != 'Windows' and '@(TransitiveFrameworkReference)' != '') was evaluated as ('.NETCoreApp' == '.NETCoreApp' and True and '' != 'Windows' and '' != '').
   3:7>Target "ResolvePackageAssets" skipped. Previously built successfully.
   2:6>Target "AddTransitiveFrameworkReferences" skipped, due to false condition; ('@(TransitiveFrameworkReference)' != '') was evaluated as ('' != '').
   2:6>Target "ResolveLockFileReferences" in file "/usr/local/share/dotnet/sdk/9.0.200/Sdks/Microsoft.NET.Sdk/targets/Microsoft.PackageDependencyResolution.targets" from project "/Users/dacanetdev/Dev/AIGenerated/RoadmapSkills/tests/Modules/Users/DeventSoft.RoadmapSkills.Users.IntegrationTests/DeventSoft.RoadmapSkills.Users.IntegrationTests.csproj" (target "ResolvePackageDependenciesForBuild" depends on it):
       Using "JoinItems" task from assembly "/usr/local/share/dotnet/sdk/9.0.200/Sdks/Microsoft.NET.Sdk/targets/../tools/net9.0/Microsoft.NET.Build.Tasks.dll".
   3:7>Target "IncludeTransitiveProjectReferences" in file "/usr/local/share/dotnet/sdk/9.0.200/Sdks/Microsoft.NET.Sdk/targets/Microsoft.PackageDependencyResolution.targets" from project "/Users/dacanetdev/Dev/AIGenerated/RoadmapSkills/src/Modules/Users/DeventSoft.RoadmapSkills.Users.Application/DeventSoft.RoadmapSkills.Users.Application.csproj" (target "ResolvePackageDependenciesForBuild" depends on it):
   3:7>Done building target "IncludeTransitiveProjectReferences" in project "DeventSoft.RoadmapSkills.Users.Application.csproj".
   5:6>Task "GetRestoreProjectStyleTask"
   2:6>Task "JoinItems"
   5:6>Done executing task "GetRestoreProjectStyleTask".
   2:6>Done executing task "JoinItems".
   3:7>Target "ResolvePackageDependenciesForBuild" in file "/usr/local/share/dotnet/sdk/9.0.200/Sdks/Microsoft.NET.Sdk/targets/Microsoft.PackageDependencyResolution.targets" from project "/Users/dacanetdev/Dev/AIGenerated/RoadmapSkills/src/Modules/Users/DeventSoft.RoadmapSkills.Users.Application/DeventSoft.RoadmapSkills.Users.Application.csproj" (target "AssignProjectConfiguration" depends on it):
   3:7>Done building target "ResolvePackageDependenciesForBuild" in project "DeventSoft.RoadmapSkills.Users.Application.csproj".
   9:7>Target "GetFrameworkPaths" in file "/usr/local/share/dotnet/sdk/9.0.200/Sdks/Microsoft.NET.Sdk/targets/Microsoft.NET.DisableStandardFrameworkResolution.targets" from project "/Users/dacanetdev/Dev/AIGenerated/RoadmapSkills/src/Modules/Users/DeventSoft.RoadmapSkills.Users.Domain/DeventSoft.RoadmapSkills.Users.Domain.csproj" (target "PrepareForBuild" depends on it):
   9:7>Done building target "GetFrameworkPaths" in project "DeventSoft.RoadmapSkills.Users.Domain.csproj".
   5:6>Done building target "_GetRestoreProjectStyle" in project "DeventSoft.RoadmapSkills.Users.UnitTests.csproj".
   2:6>Done building target "ResolveLockFileReferences" in project "DeventSoft.RoadmapSkills.Users.IntegrationTests.csproj".
   9:7>Target "_CheckForUnsupportedTargetFramework" skipped, due to false condition; ('$(_UnsupportedTargetFrameworkError)' == 'true') was evaluated as ('' == 'true').
   2:6>Target "ResolvePackageAssets" skipped. Previously built successfully.
   3:7>Target "AssignProjectConfiguration" in file "/usr/local/share/dotnet/sdk/9.0.200/Microsoft.Common.CurrentVersion.targets" from project "/Users/dacanetdev/Dev/AIGenerated/RoadmapSkills/src/Modules/Users/DeventSoft.RoadmapSkills.Users.Application/DeventSoft.RoadmapSkills.Users.Application.csproj" (target "ResolveReferences" depends on it):
   3:7>Using "AssignProjectConfiguration" task from assembly "Microsoft.Build.Tasks.Core, Version=15.1.0.0, Culture=neutral, PublicKeyToken=b03f5f7f11d50a3a".
   9:7>Target "_CheckForUnsupportedTargetPlatformIdentifier" skipped, due to false condition; ('$(TargetPlatformIdentifier)' != '' and '$(TargetFrameworkIdentifier)' == '.NETCoreApp' and $([MSBuild]::VersionGreaterThanOrEquals($(TargetFrameworkVersion), 5.0)) And ('$(DesignTimeBuild)' != 'true' Or '@(MissingWorkloadPack)' == '')) was evaluated as ('' != '' and '.NETCoreApp' == '.NETCoreApp' and True And ('' != 'true' Or '' == '')).
   2:6>Target "ResolveLockFileAnalyzers" in file "/usr/local/share/dotnet/sdk/9.0.200/Sdks/Microsoft.NET.Sdk/targets/Microsoft.PackageDependencyResolution.targets" from project "/Users/dacanetdev/Dev/AIGenerated/RoadmapSkills/tests/Modules/Users/DeventSoft.RoadmapSkills.Users.IntegrationTests/DeventSoft.RoadmapSkills.Users.IntegrationTests.csproj" (target "ResolvePackageDependenciesForBuild" depends on it):
   2:6>Done building target "ResolveLockFileAnalyzers" in project "DeventSoft.RoadmapSkills.Users.IntegrationTests.csproj".
   3:7>Task "AssignProjectConfiguration"
   2:6>Target "ResolvePackageAssets" skipped. Previously built successfully.
   3:7>AssignProjectConfiguration:
         Project reference "../DeventSoft.RoadmapSkills.Users.Domain/DeventSoft.RoadmapSkills.Users.Domain.csproj" has been assigned the "Debug|AnyCPU" configuration.
   5:6>Target "EnableIntermediateOutputPathMismatchWarning" in file "/usr/local/share/dotnet/sdk/9.0.200/NuGet.targets" from project "/Users/dacanetdev/Dev/AIGenerated/RoadmapSkills/tests/Modules/Users/DeventSoft.RoadmapSkills.Users.UnitTests/DeventSoft.RoadmapSkills.Users.UnitTests.csproj" (target "_CheckForInvalidConfigurationAndPlatform" depends on it):
   5:6>Done building target "EnableIntermediateOutputPathMismatchWarning" in project "DeventSoft.RoadmapSkills.Users.UnitTests.csproj".
   2:6>Target "RunProduceContentAssets" skipped, due to false condition; ('@(_ContentFilesToPreprocess)' != '' and '$(_CleaningWithoutRebuilding)' != 'true') was evaluated as ('' != '' and '' != 'true').
   3:7>AssignProjectConfiguration:
         Project reference "../../../Shared/DeventSoft.RoadmapSkills.Shared.Domain/DeventSoft.RoadmapSkills.Shared.Domain.csproj" has not been resolved.
   4:7>Target "ProcessFrameworkReferences" in file "/usr/local/share/dotnet/sdk/9.0.200/Sdks/Microsoft.NET.Sdk/targets/Microsoft.NET.Sdk.FrameworkReferenceResolution.targets" from project "/Users/dacanetdev/Dev/AIGenerated/RoadmapSkills/src/Modules/Users/DeventSoft.RoadmapSkills.Users.Infrastructure/DeventSoft.RoadmapSkills.Users.Infrastructure.csproj" (target "CollectPackageReferences" depends on it):
   4:7>Using "CheckForDuplicateFrameworkReferences" task from assembly "/usr/local/share/dotnet/sdk/9.0.200/Sdks/Microsoft.NET.Sdk/targets/../tools/net9.0/Microsoft.NET.Build.Tasks.dll".
   5:6>Target "ApplyImplicitVersions" skipped. Previously built successfully.
   3:7>Done executing task "AssignProjectConfiguration".
   2:6>Target "ResolveLockFileCopyLocalFiles" in file "/usr/local/share/dotnet/sdk/9.0.200/Sdks/Microsoft.NET.Sdk/targets/Microsoft.PackageDependencyResolution.targets" from project "/Users/dacanetdev/Dev/AIGenerated/RoadmapSkills/tests/Modules/Users/DeventSoft.RoadmapSkills.Users.IntegrationTests/DeventSoft.RoadmapSkills.Users.IntegrationTests.csproj" (target "ResolvePackageDependenciesForBuild" depends on it):
   2:6>Done building target "ResolveLockFileCopyLocalFiles" in project "DeventSoft.RoadmapSkills.Users.IntegrationTests.csproj".
   3:7>Done building target "AssignProjectConfiguration" in project "DeventSoft.RoadmapSkills.Users.Application.csproj".
   5:6>Target "CheckForImplicitPackageReferenceOverrides" skipped. Previously built successfully.
   4:7>Task "CheckForDuplicateFrameworkReferences"
   3:7>Target "AssignProjectConfiguration" skipped. Previously built successfully.
   2:6>Target "ResolveRuntimePackAssets" skipped, due to false condition; ('@(RuntimePack)' != '') was evaluated as ('' != '').
       Target "RunProduceContentAssets" skipped, due to false condition; ('@(_ContentFilesToPreprocess)' != '' and '$(_CleaningWithoutRebuilding)' != 'true') was evaluated as ('' != '' and '' != 'true').
   4:7>Done executing task "CheckForDuplicateFrameworkReferences".
   5:6>Target "CheckForDuplicateItems" in file "/usr/local/share/dotnet/sdk/9.0.200/Sdks/Microsoft.NET.Sdk/targets/Microsoft.NET.Sdk.DefaultItems.Shared.targets" from project "/Users/dacanetdev/Dev/AIGenerated/RoadmapSkills/tests/Modules/Users/DeventSoft.RoadmapSkills.Users.UnitTests/DeventSoft.RoadmapSkills.Users.UnitTests.csproj" (target "_CheckForInvalidConfigurationAndPlatform" depends on it):
   5:6>Using "CheckForDuplicateItems" task from assembly "/usr/local/share/dotnet/sdk/9.0.200/Sdks/Microsoft.NET.Sdk/targets/../tools/net9.0/Microsoft.NET.Build.Tasks.dll".
   3:7>Target "_SplitProjectReferencesByFileExistence" in file "/usr/local/share/dotnet/sdk/9.0.200/Microsoft.Common.CurrentVersion.targets" from project "/Users/dacanetdev/Dev/AIGenerated/RoadmapSkills/src/Modules/Users/DeventSoft.RoadmapSkills.Users.Application/DeventSoft.RoadmapSkills.Users.Application.csproj" (target "PrepareProjectReferences" depends on it):
   3:7>Task "ResolveNonMSBuildProjectOutput" skipped, due to false condition; ('$(BuildingInsideVisualStudio)'=='true' and '@(ProjectReferenceWithConfiguration)'!='') was evaluated as (''=='true' and '../DeventSoft.RoadmapSkills.Users.Domain/DeventSoft.RoadmapSkills.Users.Domain.csproj;../../../Shared/DeventSoft.RoadmapSkills.Shared.Domain/DeventSoft.RoadmapSkills.Shared.Domain.csproj'!='').
   2:6>Target "ResolvePackageAssets" skipped. Previously built successfully.
   3:7>Done building target "_SplitProjectReferencesByFileExistence" in project "DeventSoft.RoadmapSkills.Users.Application.csproj".
   9:7>Target "_CheckForMissingWorkload" skipped, due to false condition; ('@(MissingWorkloadPack)' != '' And '$(DesignTimeBuild)' != 'true') was evaluated as ('' != '' And '' != 'true').
   2:6>Target "IncludeTransitiveProjectReferences" in file "/usr/local/share/dotnet/sdk/9.0.200/Sdks/Microsoft.NET.Sdk/targets/Microsoft.PackageDependencyResolution.targets" from project "/Users/dacanetdev/Dev/AIGenerated/RoadmapSkills/tests/Modules/Users/DeventSoft.RoadmapSkills.Users.IntegrationTests/DeventSoft.RoadmapSkills.Users.IntegrationTests.csproj" (target "ResolvePackageDependenciesForBuild" depends on it):
   2:6>Done building target "IncludeTransitiveProjectReferences" in project "DeventSoft.RoadmapSkills.Users.IntegrationTests.csproj".
   4:7>ProcessFrameworkReferences:
       Using "ProcessFrameworkReferences" task from assembly "/usr/local/share/dotnet/sdk/9.0.200/Sdks/Microsoft.NET.Sdk/targets/../tools/net9.0/Microsoft.NET.Build.Tasks.dll".
   3:7>Target "_AddOutputPathToGlobalPropertiesToRemove" in file "/usr/local/share/dotnet/sdk/9.0.200/Microsoft.Common.CurrentVersion.targets" from project "/Users/dacanetdev/Dev/AIGenerated/RoadmapSkills/src/Modules/Users/DeventSoft.RoadmapSkills.Users.Application/DeventSoft.RoadmapSkills.Users.Application.csproj" (target "_GetProjectReferenceTargetFrameworkProperties" depends on it):
   3:7>Done building target "_AddOutputPathToGlobalPropertiesToRemove" in project "DeventSoft.RoadmapSkills.Users.Application.csproj".
   4:7>Task "ProcessFrameworkReferences"
   2:6>Target "ResolvePackageDependenciesForBuild" in file "/usr/local/share/dotnet/sdk/9.0.200/Sdks/Microsoft.NET.Sdk/targets/Microsoft.PackageDependencyResolution.targets" from project "/Users/dacanetdev/Dev/AIGenerated/RoadmapSkills/tests/Modules/Users/DeventSoft.RoadmapSkills.Users.IntegrationTests/DeventSoft.RoadmapSkills.Users.IntegrationTests.csproj" (target "AssignProjectConfiguration" depends on it):
   2:6>Done building target "ResolvePackageDependenciesForBuild" in project "DeventSoft.RoadmapSkills.Users.IntegrationTests.csproj".
   9:7>Target "GetReferenceAssemblyPaths" in file "/usr/local/share/dotnet/sdk/9.0.200/Sdks/Microsoft.NET.Sdk/targets/Microsoft.NET.DisableStandardFrameworkResolution.targets" from project "/Users/dacanetdev/Dev/AIGenerated/RoadmapSkills/src/Modules/Users/DeventSoft.RoadmapSkills.Users.Domain/DeventSoft.RoadmapSkills.Users.Domain.csproj" (target "PrepareForBuild" depends on it):
   9:7>Done building target "GetReferenceAssemblyPaths" in project "DeventSoft.RoadmapSkills.Users.Domain.csproj".
   3:7>Target "_GetProjectReferenceTargetFrameworkProperties" in file "/usr/local/share/dotnet/sdk/9.0.200/Microsoft.Common.CurrentVersion.targets" from project "/Users/dacanetdev/Dev/AIGenerated/RoadmapSkills/src/Modules/Users/DeventSoft.RoadmapSkills.Users.Application/DeventSoft.RoadmapSkills.Users.Application.csproj" (target "PrepareProjectReferences" depends on it):
   3:7>Task "MSBuild"
   2:6>Target "AssignProjectConfiguration" in file "/usr/local/share/dotnet/sdk/9.0.200/Microsoft.Common.CurrentVersion.targets" from project "/Users/dacanetdev/Dev/AIGenerated/RoadmapSkills/tests/Modules/Users/DeventSoft.RoadmapSkills.Users.IntegrationTests/DeventSoft.RoadmapSkills.Users.IntegrationTests.csproj" (target "ResolveReferences" depends on it):
   2:6>Using "AssignProjectConfiguration" task from assembly "Microsoft.Build.Tasks.Core, Version=15.1.0.0, Culture=neutral, PublicKeyToken=b03f5f7f11d50a3a".
       Task "AssignProjectConfiguration"
   3:7>_GetProjectReferenceTargetFrameworkProperties:
         Global Properties:
   9:7>Target "AssignLinkMetadata" skipped, due to false condition; ( '$(SynthesizeLinkMetadata)' == 'true' ) was evaluated as ( '' == 'true' ).
   2:6>Done executing task "AssignProjectConfiguration".
   3:7>_GetProjectReferenceTargetFrameworkProperties:
           Configuration=Debug
   5:6>Task "CheckForDuplicateItems"
   3:7>_GetProjectReferenceTargetFrameworkProperties:
           Platform=AnyCPU
   2:6>Done building target "AssignProjectConfiguration" in project "DeventSoft.RoadmapSkills.Users.IntegrationTests.csproj".
   5:6>Done executing task "CheckForDuplicateItems".
   9:7>Target "_VerifyPackReleaseConfigurations" skipped, due to false condition; ('$(_IsPacking)' == 'true' and '$(DOTNET_CLI_DISABLE_PUBLISH_AND_PACK_RELEASE)' != 'true' and '$(DOTNET_CLI_LAZY_PUBLISH_AND_PACK_RELEASE_FOR_SOLUTIONS)' == 'true') was evaluated as ('' == 'true' and '' != 'true' and '' == 'true').
   3:7>_GetProjectReferenceTargetFrameworkProperties:
         Removing Properties:
   5:6>Task "CheckForDuplicateItems"
   2:6>Target "AssignProjectConfiguration" skipped. Previously built successfully.
   3:7>_GetProjectReferenceTargetFrameworkProperties:
           TargetFramework
   5:6>Done executing task "CheckForDuplicateItems".
   3:7>_GetProjectReferenceTargetFrameworkProperties:
           RuntimeIdentifier
   5:6>Task "CheckForDuplicateItems"
   2:6>Target "_SplitProjectReferencesByFileExistence" in file "/usr/local/share/dotnet/sdk/9.0.200/Microsoft.Common.CurrentVersion.targets" from project "/Users/dacanetdev/Dev/AIGenerated/RoadmapSkills/tests/Modules/Users/DeventSoft.RoadmapSkills.Users.IntegrationTests/DeventSoft.RoadmapSkills.Users.IntegrationTests.csproj" (target "PrepareProjectReferences" depends on it):
   2:6>Task "ResolveNonMSBuildProjectOutput" skipped, due to false condition; ('$(BuildingInsideVisualStudio)'=='true' and '@(ProjectReferenceWithConfiguration)'!='') was evaluated as (''=='true' and ''!='').
   3:7>_GetProjectReferenceTargetFrameworkProperties:
           SelfContained
   4:7>Done executing task "ProcessFrameworkReferences".
   2:6>Done building target "_SplitProjectReferencesByFileExistence" in project "DeventSoft.RoadmapSkills.Users.IntegrationTests.csproj".
   5:6>Done executing task "CheckForDuplicateItems".
   5:6>Done building target "CheckForDuplicateItems" in project "DeventSoft.RoadmapSkills.Users.UnitTests.csproj".
   4:7>ProcessFrameworkReferences:
       Using "ResolveAppHosts" task from assembly "/usr/local/share/dotnet/sdk/9.0.200/Sdks/Microsoft.NET.Sdk/targets/../tools/net9.0/Microsoft.NET.Build.Tasks.dll".
   2:6>Target "_AddOutputPathToGlobalPropertiesToRemove" in file "/usr/local/share/dotnet/sdk/9.0.200/Microsoft.Common.CurrentVersion.targets" from project "/Users/dacanetdev/Dev/AIGenerated/RoadmapSkills/tests/Modules/Users/DeventSoft.RoadmapSkills.Users.IntegrationTests/DeventSoft.RoadmapSkills.Users.IntegrationTests.csproj" (target "_GetProjectReferenceTargetFrameworkProperties" depends on it):
   2:6>Done building target "_AddOutputPathToGlobalPropertiesToRemove" in project "DeventSoft.RoadmapSkills.Users.IntegrationTests.csproj".
   5:6>Target "WarnForExplicitVersions" skipped, due to false condition; ('@(SdkBuildWarning)' != '') was evaluated as ('' != '').
   2:6>Target "_GetProjectReferenceTargetFrameworkProperties" in file "/usr/local/share/dotnet/sdk/9.0.200/Microsoft.Common.CurrentVersion.targets" from project "/Users/dacanetdev/Dev/AIGenerated/RoadmapSkills/tests/Modules/Users/DeventSoft.RoadmapSkills.Users.IntegrationTests/DeventSoft.RoadmapSkills.Users.IntegrationTests.csproj" (target "PrepareProjectReferences" depends on it):
   2:6>Task "MSBuild"
   5:6>Target "_CheckForFailedSDKResolution" skipped, due to false condition; ('$(SdkResolverHonoredGlobalJson)' == 'false') was evaluated as ('' == 'false').
   4:7>Task "ResolveAppHosts"
   2:6>Done executing task "MSBuild".
   5:6>Target "_WarnWhenUsingNET9AndVSPriorTo1712" skipped, due to false condition; ($([MSBuild]::VersionLessThan($(MSBuildVersion), '17.12.0')) and '$(TargetFrameworkIdentifier)' == '.NETCoreApp' and $([MSBuild]::VersionGreaterThanOrEquals($(_TargetFrameworkVersionWithoutV), '9.0'))) was evaluated as (False and '.NETCoreApp' == '.NETCoreApp' and False).
   9:7>Target "PrepareForBuild" in file "/usr/local/share/dotnet/sdk/9.0.200/Microsoft.Common.CurrentVersion.targets" from project "/Users/dacanetdev/Dev/AIGenerated/RoadmapSkills/src/Modules/Users/DeventSoft.RoadmapSkills.Users.Domain/DeventSoft.RoadmapSkills.Users.Domain.csproj" (target "CoreBuild" depends on it):
   9:7>Using "FindAppConfigFile" task from assembly "Microsoft.Build.Tasks.Core, Version=15.1.0.0, Culture=neutral, PublicKeyToken=b03f5f7f11d50a3a".
   4:7>Done executing task "ResolveAppHosts".
   5:6>Target "_CheckForInvalidWindowsDesktopTargetingConfiguration" skipped, due to false condition; ('$(TargetFrameworkIdentifier)' == '.NETCoreApp' and $([MSBuild]::VersionGreaterThanOrEquals($(_TargetFrameworkVersionWithoutV), '5.0')) and ('$(UseWindowsForms)' == 'true' or '$(UseWPF)' == 'true')) was evaluated as ('.NETCoreApp' == '.NETCoreApp' and True and ('' == 'true' or '' == 'true')).
   9:7>Task "FindAppConfigFile"
   2:6>_GetProjectReferenceTargetFrameworkProperties:
       Task "MSBuild" skipped, due to false condition; ('%(_MSBuildProjectReferenceExistent.SkipGetTargetFrameworkProperties)' != 'true' and '$(EnableDynamicPlatformResolution)' == 'true') was evaluated as ('' != 'true' and '' == 'true').
   5:6>Target "_CheckForUnnecessaryWindowsDesktopSDK" skipped, due to false condition; ('$(TargetFrameworkIdentifier)' == '.NETCoreApp' and $([MSBuild]::VersionGreaterThanOrEquals($(_TargetFrameworkVersionWithoutV), '5.0')) and '$(_MicrosoftWindowsDesktopSdkImported)' == 'true' and '$(TargetFrameworks)' == '') was evaluated as ('.NETCoreApp' == '.NETCoreApp' and True and '' == 'true' and '' == '').
   4:7>Done building target "ProcessFrameworkReferences" in project "DeventSoft.RoadmapSkills.Users.Infrastructure.csproj".
   9:7>Done executing task "FindAppConfigFile".
   2:6>_GetProjectReferenceTargetFrameworkProperties:
       Task "GetReferenceNearestTargetFrameworkTask" skipped, due to false condition; ('@(_ProjectReferenceTargetFrameworkPossibilities)' != '' and '$(ReferringTargetFrameworkForProjectReferences)' != ''
                                                               And '$(GetReferenceNearestTargetFrameworkTaskSupportsTargetPlatformParameter)' == 'true' and '%(_ProjectReferenceTargetFrameworkPossibilities.IsVcxOrNativeProj)' != 'true') was evaluated as ('' != '' and '.NETCoreApp,Version=v8.0' != ''
                                                               And 'true' == 'true' and '' != 'true').
   5:6>Target "ProcessFrameworkReferences" skipped. Previously built successfully.
   4:7>Target "IncludeTargetingPackReference" skipped, due to false condition; ('$(TargetFrameworkMoniker)' != '' and '$(TargetFrameworkIdentifier)' == '.NETFramework' and '$(AutomaticallyUseReferenceAssemblyPackages)' == 'true') was evaluated as ('.NETCoreApp,Version=v8.0' != '' and '.NETCoreApp' == '.NETFramework' and 'true' == 'true').
   9:7>PrepareForBuild:
       Using "MakeDir" task from assembly "Microsoft.Build.Tasks.Core, Version=15.1.0.0, Culture=neutral, PublicKeyToken=b03f5f7f11d50a3a".
   5:6>Target "IncludeTargetingPackReference" skipped, due to false condition; ('$(TargetFrameworkMoniker)' != '' and '$(TargetFrameworkIdentifier)' == '.NETFramework' and '$(AutomaticallyUseReferenceAssemblyPackages)' == 'true') was evaluated as ('.NETCoreApp,Version=v8.0' != '' and '.NETCoreApp' == '.NETFramework' and 'true' == 'true').
   2:6>_GetProjectReferenceTargetFrameworkProperties:
       Task "GetReferenceNearestTargetFrameworkTask" skipped, due to false condition; ('@(_ProjectReferenceTargetFrameworkPossibilities)' != '' and '$(ReferringTargetFrameworkForProjectReferences)' != ''
                                                               And '$(GetReferenceNearestTargetFrameworkTaskSupportsTargetPlatformParameter)' != 'true' and '%(_ProjectReferenceTargetFrameworkPossibilities.IsVcxOrNativeProj)' != 'true') was evaluated as ('' != '' and '.NETCoreApp,Version=v8.0' != ''
                                                               And 'true' != 'true' and '' != 'true').
   9:7>Task "MakeDir"
   4:7>Target "_CheckMicrosoftNetCompilersToolsetFrameworkPackageReference" skipped, due to false condition; ('$(MSBuildRuntimeType)' == 'Full') was evaluated as ('Core' == 'Full').
   2:6>_GetProjectReferenceTargetFrameworkProperties:
       Using "SetRidAgnosticValueForProjects" task from assembly "Microsoft.Build.Tasks.Core, Version=15.1.0.0, Culture=neutral, PublicKeyToken=b03f5f7f11d50a3a".
   9:7>Done executing task "MakeDir".
   5:6>Target "_CheckForInvalidConfigurationAndPlatform" in file "/usr/local/share/dotnet/sdk/9.0.200/Microsoft.Common.CurrentVersion.targets" from project "/Users/dacanetdev/Dev/AIGenerated/RoadmapSkills/tests/Modules/Users/DeventSoft.RoadmapSkills.Users.UnitTests/DeventSoft.RoadmapSkills.Users.UnitTests.csproj" (target "BeforeBuild" depends on it):
   5:6>Task "MSBuildInternalMessage" skipped, due to false condition; ('$(_InvalidConfigurationMessageSeverity)' != '') was evaluated as ('' != '').
   2:6>Task "SetRidAgnosticValueForProjects"
   4:7>Target "_CheckForObsoleteDotNetCliToolReferences" in file "/usr/local/share/dotnet/sdk/9.0.200/Sdks/Microsoft.NET.Sdk/targets/Microsoft.NET.ObsoleteReferences.targets" from project "/Users/dacanetdev/Dev/AIGenerated/RoadmapSkills/src/Modules/Users/DeventSoft.RoadmapSkills.Users.Infrastructure/DeventSoft.RoadmapSkills.Users.Infrastructure.csproj" (target "CollectPackageReferences" depends on it):
   4:7>Task "NETSdkWarning" skipped, due to false condition; ( '%(_ReferenceToObsoleteDotNetCliTool.Identity)' != '' ) was evaluated as ( '' != '' ).
   9:7>Done building target "PrepareForBuild" in project "DeventSoft.RoadmapSkills.Users.Domain.csproj".
   5:6>Task "Message"
   2:6>Done executing task "SetRidAgnosticValueForProjects".
   4:7>Done building target "_CheckForObsoleteDotNetCliToolReferences" in project "DeventSoft.RoadmapSkills.Users.Infrastructure.csproj".
   5:6>_CheckForInvalidConfigurationAndPlatform:
         Configuration=Debug
   2:6>Done building target "_GetProjectReferenceTargetFrameworkProperties" in project "DeventSoft.RoadmapSkills.Users.IntegrationTests.csproj".
   9:7>Target "GenerateGlobalUsings" in file "/usr/local/share/dotnet/sdk/9.0.200/Sdks/Microsoft.NET.Sdk/targets/Microsoft.NET.GenerateGlobalUsings.targets" from project "/Users/dacanetdev/Dev/AIGenerated/RoadmapSkills/src/Modules/Users/DeventSoft.RoadmapSkills.Users.Domain/DeventSoft.RoadmapSkills.Users.Domain.csproj" (target "CoreBuild" depends on it):
   9:7>Using "GenerateGlobalUsings" task from assembly "/usr/local/share/dotnet/sdk/9.0.200/Sdks/Microsoft.NET.Sdk/targets/../tools/net9.0/Microsoft.NET.Build.Tasks.dll".
   5:6>Done executing task "Message".
   2:6>Target "ValidateExecutableReferences" skipped, due to false condition; ('$(ValidateExecutableReferencesMatchSelfContained)' != 'false') was evaluated as ('false' != 'false').
   4:7>Target "CollectPackageReferences" in file "/usr/local/share/dotnet/sdk/9.0.200/NuGet.targets" from project "/Users/dacanetdev/Dev/AIGenerated/RoadmapSkills/src/Modules/Users/DeventSoft.RoadmapSkills.Users.Infrastructure/DeventSoft.RoadmapSkills.Users.Infrastructure.csproj" (target "_GetRestoreProjectStyle" depends on it):
   4:7>Using "CheckForDuplicateNuGetItemsTask" task from assembly "/usr/local/share/dotnet/sdk/9.0.200/NuGet.Build.Tasks.dll".
   5:6>Task "Message"
   9:7>Task "GenerateGlobalUsings"
   2:6>Target "_GetProjectReferencePlatformProperties" skipped, due to false condition; ('$(EnableDynamicPlatformResolution)' == 'true'
                     and '@(_MSBuildProjectReferenceExistent)' != '') was evaluated as ('' == 'true'
                     and '' != '').
   5:6>_CheckForInvalidConfigurationAndPlatform:
         Platform=AnyCPU
   4:7>Task "CheckForDuplicateNuGetItemsTask"
   9:7>Done executing task "GenerateGlobalUsings".
   5:6>Done executing task "Message".
   9:7>GenerateGlobalUsings:
       Using "WriteLinesToFile" task from assembly "Microsoft.Build.Tasks.Core, Version=15.1.0.0, Culture=neutral, PublicKeyToken=b03f5f7f11d50a3a".
   4:7>Done executing task "CheckForDuplicateNuGetItemsTask".
   5:6>_CheckForInvalidConfigurationAndPlatform:
       Task "MSBuildInternalMessage" skipped, due to false condition; ('$(OutDir)' != '' and !HasTrailingSlash('$(OutDir)')) was evaluated as ('bin/Debug/net8.0/' != '' and !HasTrailingSlash('bin/Debug/net8.0/')).
   2:6>Target "PrepareProjectReferences" in file "/usr/local/share/dotnet/sdk/9.0.200/Microsoft.Common.CurrentVersion.targets" from project "/Users/dacanetdev/Dev/AIGenerated/RoadmapSkills/tests/Modules/Users/DeventSoft.RoadmapSkills.Users.IntegrationTests/DeventSoft.RoadmapSkills.Users.IntegrationTests.csproj" (target "ResolveProjectReferences" depends on it):
   2:6>Done building target "PrepareProjectReferences" in project "DeventSoft.RoadmapSkills.Users.IntegrationTests.csproj".
   4:7>Done building target "CollectPackageReferences" in project "DeventSoft.RoadmapSkills.Users.Infrastructure.csproj".
   9:7>Task "WriteLinesToFile"
   5:6>_CheckForInvalidConfigurationAndPlatform:
       Task "MSBuildInternalMessage" skipped, due to false condition; ('$(IntermediateOutputPath)' != '' and !HasTrailingSlash('$(IntermediateOutputPath)')) was evaluated as ('obj/Debug/net8.0/' != '' and !HasTrailingSlash('obj/Debug/net8.0/')).
       Task "MSBuildInternalMessage" skipped, due to false condition; ('$(BaseIntermediateOutputPath)' != '' and !HasTrailingSlash('$(BaseIntermediateOutputPath)')) was evaluated as ('obj/' != '' and !HasTrailingSlash('obj/')).
   2:6>Target "ResolveProjectReferences" in file "/usr/local/share/dotnet/sdk/9.0.200/Microsoft.Common.CurrentVersion.targets" from project "/Users/dacanetdev/Dev/AIGenerated/RoadmapSkills/tests/Modules/Users/DeventSoft.RoadmapSkills.Users.IntegrationTests/DeventSoft.RoadmapSkills.Users.IntegrationTests.csproj" (target "ResolveReferences" depends on it):
   2:6>Task "MSBuild" skipped, due to false condition; ('%(_MSBuildProjectReferenceExistent.BuildReference)' == 'true' and '@(ProjectReferenceWithConfiguration)' != '' and ('$(BuildingInsideVisualStudio)' == 'true' or '$(BuildProjectReferences)' != 'true') and '$(VisualStudioVersion)' != '10.0' and '@(_MSBuildProjectReferenceExistent)' != '') was evaluated as ('' == 'true' and '' != '' and ('' == 'true' or 'true' != 'true') and '17.0' != '10.0' and '' != '').
       Task "MSBuild" skipped, due to false condition; ('%(_MSBuildProjectReferenceExistent.BuildReference)' == 'true' and '@(ProjectReferenceWithConfiguration)' != '' and '$(BuildingInsideVisualStudio)' != 'true' and '$(BuildProjectReferences)' == 'true' and '@(_MSBuildProjectReferenceExistent)' != '') was evaluated as ('' == 'true' and '' != '' and '' != 'true' and 'true' == 'true' and '' != '').
       Task "MSBuild" skipped, due to false condition; ('%(_MSBuildProjectReferenceExistent.BuildReference)' == 'true' and '@(ProjectReferenceWithConfiguration)' != '' and '$(BuildingProject)' == 'true' and '@(_MSBuildProjectReferenceExistent)' != '') was evaluated as ('' == 'true' and '' != '' and 'true' == 'true' and '' != '').
   5:6>_CheckForInvalidConfigurationAndPlatform:
       Task "MSBuildInternalMessage" skipped, due to false condition; ( '$(Prefer32Bit)' == 'true' and '$(PreferNativeArm64)' == 'true' ) was evaluated as ( 'false' == 'true' and 'false' == 'true' ).
   2:6>ResolveProjectReferences:
       Task "MSBuildInternalMessage" skipped, due to false condition; ('$(_NonExistentProjectReferenceSeverity)' != '') was evaluated as ('' != '').
   2:6>Done building target "ResolveProjectReferences" in project "DeventSoft.RoadmapSkills.Users.IntegrationTests.csproj".
   5:6>_CheckForInvalidConfigurationAndPlatform:
       Task "MSBuildInternalMessage" skipped, due to false condition; ( '$(NoWin32Manifest)' == 'true' and '$(PreferNativeArm64)' == 'true' ) was evaluated as ( '' == 'true' and 'false' == 'true' ).
   4:7>Target "_GetRestoreProjectStyle" in file "/usr/local/share/dotnet/sdk/9.0.200/NuGet.targets" from project "/Users/dacanetdev/Dev/AIGenerated/RoadmapSkills/src/Modules/Users/DeventSoft.RoadmapSkills.Users.Infrastructure/DeventSoft.RoadmapSkills.Users.Infrastructure.csproj" (target "EnableIntermediateOutputPathMismatchWarning" depends on it):
   4:7>Using "GetRestoreProjectStyleTask" task from assembly "/usr/local/share/dotnet/sdk/9.0.200/NuGet.Build.Tasks.dll".
   2:6>Target "FindInvalidProjectReferences" skipped, due to false condition; ('$(FindInvalidProjectReferences)' == 'true') was evaluated as ('' == 'true').
   5:6>_CheckForInvalidConfigurationAndPlatform:
       Task "MSBuildInternalMessage" skipped, due to false condition; ( '$(PreferNativeArm64)' == 'true' and '$(Platform)' != 'AnyCPU' ) was evaluated as ( 'false' == 'true' and 'AnyCPU' != 'AnyCPU' ).
   4:7>Task "GetRestoreProjectStyleTask"
       Done executing task "GetRestoreProjectStyleTask".
   5:6>_CheckForInvalidConfigurationAndPlatform:
       Task "MSBuildInternalMessage" skipped, due to false condition; ( '$(_InitialMSBuildProjectExtensionsPath)' != '' And '$(MSBuildProjectExtensionsPath)' != '$(_InitialMSBuildProjectExtensionsPath)' ) was evaluated as ( '/Users/dacanetdev/Dev/AIGenerated/RoadmapSkills/tests/Modules/Users/DeventSoft.RoadmapSkills.Users.UnitTests/obj/' != '' And '/Users/dacanetdev/Dev/AIGenerated/RoadmapSkills/tests/Modules/Users/DeventSoft.RoadmapSkills.Users.UnitTests/obj/' != '/Users/dacanetdev/Dev/AIGenerated/RoadmapSkills/tests/Modules/Users/DeventSoft.RoadmapSkills.Users.UnitTests/obj/' ).
   4:7>Done building target "_GetRestoreProjectStyle" in project "DeventSoft.RoadmapSkills.Users.Infrastructure.csproj".
   2:6>Target "ResolveNativeReferences" skipped, due to false condition; ('@(NativeReference)'!='') was evaluated as (''!='').
   5:6>_CheckForInvalidConfigurationAndPlatform:
       Task "MSBuildInternalMessage" skipped, due to false condition; ( '$(EnableBaseIntermediateOutputPathMismatchWarning)' == 'true' And '$(_InitialBaseIntermediateOutputPath)' != '$(BaseIntermediateOutputPath)' And '$(BaseIntermediateOutputPath)' != '$(MSBuildProjectExtensionsPath)' ) was evaluated as ( 'true' == 'true' And 'obj/' != 'obj/' And 'obj/' != '/Users/dacanetdev/Dev/AIGenerated/RoadmapSkills/tests/Modules/Users/DeventSoft.RoadmapSkills.Users.UnitTests/obj/' ).
   5:6>Done building target "_CheckForInvalidConfigurationAndPlatform" in project "DeventSoft.RoadmapSkills.Users.UnitTests.csproj".
   2:6>Target "ResolveProjectReferences" skipped. Previously built successfully.
   9:7>GenerateGlobalUsings:
         Skipping write to file "obj/Debug/net8.0/DeventSoft.RoadmapSkills.Users.Domain.GlobalUsings.g.cs" because content would not change.
   4:7>Target "EnableIntermediateOutputPathMismatchWarning" in file "/usr/local/share/dotnet/sdk/9.0.200/NuGet.targets" from project "/Users/dacanetdev/Dev/AIGenerated/RoadmapSkills/src/Modules/Users/DeventSoft.RoadmapSkills.Users.Infrastructure/DeventSoft.RoadmapSkills.Users.Infrastructure.csproj" (target "_CheckForInvalidConfigurationAndPlatform" depends on it):
   4:7>Done building target "EnableIntermediateOutputPathMismatchWarning" in project "DeventSoft.RoadmapSkills.Users.Infrastructure.csproj".
   2:6>Target "FindInvalidProjectReferences" skipped, due to false condition; ('$(FindInvalidProjectReferences)' == 'true') was evaluated as ('' == 'true').
   9:7>Done executing task "WriteLinesToFile".
   4:7>Target "ApplyImplicitVersions" skipped. Previously built successfully.
   5:6>Target "ValidateCommandLineProperties" in file "/usr/local/share/dotnet/sdk/9.0.200/Sdks/Microsoft.NET.Sdk/targets/Microsoft.NET.Sdk.targets" from project "/Users/dacanetdev/Dev/AIGenerated/RoadmapSkills/tests/Modules/Users/DeventSoft.RoadmapSkills.Users.UnitTests/DeventSoft.RoadmapSkills.Users.UnitTests.csproj" (target "BeforeBuild" depends on it):
   5:6>Done building target "ValidateCommandLineProperties" in project "DeventSoft.RoadmapSkills.Users.UnitTests.csproj".
   2:6>Target "GetFrameworkPaths" skipped. Previously built successfully.
   9:7>Done building target "GenerateGlobalUsings" in project "DeventSoft.RoadmapSkills.Users.Domain.csproj".
   4:7>Target "CheckForImplicitPackageReferenceOverrides" skipped. Previously built successfully.
   2:6>Target "GetReferenceAssemblyPaths" skipped. Previously built successfully.
   9:7>Target "PreBuildEvent" skipped, due to false condition; ('$(PreBuildEvent)'!='') was evaluated as (''!='').
   5:6>Target "BeforeBuild" in file "/usr/local/share/dotnet/sdk/9.0.200/Microsoft.Common.CurrentVersion.targets" from project "/Users/dacanetdev/Dev/AIGenerated/RoadmapSkills/tests/Modules/Users/DeventSoft.RoadmapSkills.Users.UnitTests/DeventSoft.RoadmapSkills.Users.UnitTests.csproj" (target "Build" depends on it):
   5:6>Done building target "BeforeBuild" in project "DeventSoft.RoadmapSkills.Users.UnitTests.csproj".
   2:6>Target "PrepareForBuild" skipped. Previously built successfully.
   4:7>Target "CheckForDuplicateItems" in file "/usr/local/share/dotnet/sdk/9.0.200/Sdks/Microsoft.NET.Sdk/targets/Microsoft.NET.Sdk.DefaultItems.Shared.targets" from project "/Users/dacanetdev/Dev/AIGenerated/RoadmapSkills/src/Modules/Users/DeventSoft.RoadmapSkills.Users.Infrastructure/DeventSoft.RoadmapSkills.Users.Infrastructure.csproj" (target "_CheckForInvalidConfigurationAndPlatform" depends on it):
   4:7>Using "CheckForDuplicateItems" task from assembly "/usr/local/share/dotnet/sdk/9.0.200/Sdks/Microsoft.NET.Sdk/targets/../tools/net9.0/Microsoft.NET.Build.Tasks.dll".
   5:6>Target "_CheckForBuildWithNoBuild" skipped, due to false condition; ('$(NoBuild)' == 'true' and '$(GeneratePackageOnBuild)' != 'true') was evaluated as ('' == 'true' and 'false' != 'true').
   2:6>Target "GetInstalledSDKLocations" skipped, due to false condition; ('@(SDKReference)' != '') was evaluated as ('' != '').
   4:7>Task "CheckForDuplicateItems"
   9:7>Target "BeforeResolveReferences" in file "/usr/local/share/dotnet/sdk/9.0.200/Microsoft.Common.CurrentVersion.targets" from project "/Users/dacanetdev/Dev/AIGenerated/RoadmapSkills/src/Modules/Users/DeventSoft.RoadmapSkills.Users.Domain/DeventSoft.RoadmapSkills.Users.Domain.csproj" (target "ResolveReferences" depends on it):
   9:7>Done building target "BeforeResolveReferences" in project "DeventSoft.RoadmapSkills.Users.Domain.csproj".
   4:7>Done executing task "CheckForDuplicateItems".
   5:6>Target "BuildOnlySettings" in file "/usr/local/share/dotnet/sdk/9.0.200/Microsoft.Common.CurrentVersion.targets" from project "/Users/dacanetdev/Dev/AIGenerated/RoadmapSkills/tests/Modules/Users/DeventSoft.RoadmapSkills.Users.UnitTests/DeventSoft.RoadmapSkills.Users.UnitTests.csproj" (target "CoreBuild" depends on it):
   5:6>Done building target "BuildOnlySettings" in project "DeventSoft.RoadmapSkills.Users.UnitTests.csproj".
   2:6>Target "ResolveSDKReferences" in file "/usr/local/share/dotnet/sdk/9.0.200/Microsoft.Common.CurrentVersion.targets" from project "/Users/dacanetdev/Dev/AIGenerated/RoadmapSkills/tests/Modules/Users/DeventSoft.RoadmapSkills.Users.IntegrationTests/DeventSoft.RoadmapSkills.Users.IntegrationTests.csproj" (target "ResolveAssemblyReferences" depends on it):
   2:6>Task "ResolveSDKReference" skipped, due to false condition; ('@(SDKReference)'!='') was evaluated as (''!='').
   5:6>Target "_CheckForUnsupportedTargetFramework" skipped, due to false condition; ('$(_UnsupportedTargetFrameworkError)' == 'true') was evaluated as ('' == 'true').
   2:6>Done building target "ResolveSDKReferences" in project "DeventSoft.RoadmapSkills.Users.IntegrationTests.csproj".
   9:7>Target "IgnoreJavaScriptOutputAssembly" in file "/usr/local/share/dotnet/sdk/9.0.200/Microsoft.Common.CurrentVersion.targets" from project "/Users/dacanetdev/Dev/AIGenerated/RoadmapSkills/src/Modules/Users/DeventSoft.RoadmapSkills.Users.Domain/DeventSoft.RoadmapSkills.Users.Domain.csproj" (target "AssignProjectConfiguration" depends on it):
   9:7>Done building target "IgnoreJavaScriptOutputAssembly" in project "DeventSoft.RoadmapSkills.Users.Domain.csproj".
   5:6>Target "_CheckForUnsupportedTargetPlatformIdentifier" skipped, due to false condition; ('$(TargetPlatformIdentifier)' != '' and '$(TargetFrameworkIdentifier)' == '.NETCoreApp' and $([MSBuild]::VersionGreaterThanOrEquals($(TargetFrameworkVersion), 5.0)) And ('$(DesignTimeBuild)' != 'true' Or '@(MissingWorkloadPack)' == '')) was evaluated as ('' != '' and '.NETCoreApp' == '.NETCoreApp' and True And ('' != 'true' Or '' == '')).
   2:6>Target "ResolveSDKReferences" skipped. Previously built successfully.
   9:7>Target "ProcessFrameworkReferences" skipped. Previously built successfully.
   5:6>Target "_CheckForMissingWorkload" skipped, due to false condition; ('@(MissingWorkloadPack)' != '' And '$(DesignTimeBuild)' != 'true') was evaluated as ('' != '' And '' != 'true').
   2:6>Target "ExpandSDKReferences" in file "/usr/local/share/dotnet/sdk/9.0.200/Microsoft.Common.CurrentVersion.targets" from project "/Users/dacanetdev/Dev/AIGenerated/RoadmapSkills/tests/Modules/Users/DeventSoft.RoadmapSkills.Users.IntegrationTests/DeventSoft.RoadmapSkills.Users.IntegrationTests.csproj" (target "ResolveAssemblyReferences" depends on it):
   2:6>Task "GetSDKReferenceFiles" skipped, due to false condition; ('@(ResolvedSDKReference)'!='') was evaluated as (''!='').
   5:6>Target "GetFrameworkPaths" in file "/usr/local/share/dotnet/sdk/9.0.200/Sdks/Microsoft.NET.Sdk/targets/Microsoft.NET.DisableStandardFrameworkResolution.targets" from project "/Users/dacanetdev/Dev/AIGenerated/RoadmapSkills/tests/Modules/Users/DeventSoft.RoadmapSkills.Users.UnitTests/DeventSoft.RoadmapSkills.Users.UnitTests.csproj" (target "PrepareForBuild" depends on it):
   5:6>Done building target "GetFrameworkPaths" in project "DeventSoft.RoadmapSkills.Users.UnitTests.csproj".
   9:7>Target "_DefaultMicrosoftNETPlatformLibrary" in file "/usr/local/share/dotnet/sdk/9.0.200/Sdks/Microsoft.NET.Sdk/targets/Microsoft.NET.Sdk.Shared.targets" from project "/Users/dacanetdev/Dev/AIGenerated/RoadmapSkills/src/Modules/Users/DeventSoft.RoadmapSkills.Users.Domain/DeventSoft.RoadmapSkills.Users.Domain.csproj" (target "ResolvePackageAssets" depends on it):
   9:7>Done building target "_DefaultMicrosoftNETPlatformLibrary" in project "DeventSoft.RoadmapSkills.Users.Domain.csproj".
   4:7>Task "CheckForDuplicateItems"
   2:6>Done building target "ExpandSDKReferences" in project "DeventSoft.RoadmapSkills.Users.IntegrationTests.csproj".
   5:6>Target "_CheckForUnsupportedTargetFramework" skipped, due to false condition; ('$(_UnsupportedTargetFrameworkError)' == 'true') was evaluated as ('' == 'true').
   4:7>Done executing task "CheckForDuplicateItems".
   9:7>Target "_ComputePackageReferencePublish" in file "/usr/local/share/dotnet/sdk/9.0.200/Sdks/Microsoft.NET.Sdk/targets/Microsoft.NET.Sdk.Shared.targets" from project "/Users/dacanetdev/Dev/AIGenerated/RoadmapSkills/src/Modules/Users/DeventSoft.RoadmapSkills.Users.Domain/DeventSoft.RoadmapSkills.Users.Domain.csproj" (target "ResolvePackageAssets" depends on it):
   9:7>Done building target "_ComputePackageReferencePublish" in project "DeventSoft.RoadmapSkills.Users.Domain.csproj".
   2:6>Target "ResolvePackageDependenciesForBuild" skipped. Previously built successfully.
   5:6>Target "_CheckForUnsupportedTargetPlatformIdentifier" skipped, due to false condition; ('$(TargetPlatformIdentifier)' != '' and '$(TargetFrameworkIdentifier)' == '.NETCoreApp' and $([MSBuild]::VersionGreaterThanOrEquals($(TargetFrameworkVersion), 5.0)) And ('$(DesignTimeBuild)' != 'true' Or '@(MissingWorkloadPack)' == '')) was evaluated as ('' != '' and '.NETCoreApp' == '.NETCoreApp' and True And ('' != 'true' Or '' == '')).
   4:7>Task "CheckForDuplicateItems"
   9:7>Target "_ResolveCompilerVersion" skipped, due to false condition; ('$(CompilerApiVersion)' == '' And
                     ('$(Language)' == 'C#' Or '$(Language)' == 'VB') And
                     Exists('$(RoslynTargetsPath)\Microsoft.Build.Tasks.CodeAnalysis.dll')) was evaluated as ('roslyn4.13' == '' And
                     ('C#' == 'C#' Or 'C#' == 'VB') And
                     Exists('/usr/local/share/dotnet/sdk/9.0.200/Roslyn\Microsoft.Build.Tasks.CodeAnalysis.dll')).
   2:6>Target "GetFrameworkPaths" skipped. Previously built successfully.
   5:6>Target "_CheckForMissingWorkload" skipped, due to false condition; ('@(MissingWorkloadPack)' != '' And '$(DesignTimeBuild)' != 'true') was evaluated as ('' != '' And '' != 'true').
   4:7>Done executing task "CheckForDuplicateItems".
   2:6>Target "GetReferenceAssemblyPaths" skipped. Previously built successfully.
   4:7>Done building target "CheckForDuplicateItems" in project "DeventSoft.RoadmapSkills.Users.Infrastructure.csproj".
   9:7>Target "ResolvePackageAssets" in file "/usr/local/share/dotnet/sdk/9.0.200/Sdks/Microsoft.NET.Sdk/targets/Microsoft.PackageDependencyResolution.targets" from project "/Users/dacanetdev/Dev/AIGenerated/RoadmapSkills/src/Modules/Users/DeventSoft.RoadmapSkills.Users.Domain/DeventSoft.RoadmapSkills.Users.Domain.csproj" (target "ResolveLockFileReferences" depends on it):
   9:7>Using "ResolvePackageAssets" task from assembly "/usr/local/share/dotnet/sdk/9.0.200/Sdks/Microsoft.NET.Sdk/targets/../tools/net9.0/Microsoft.NET.Build.Tasks.dll".
   2:6>Target "ProcessFrameworkReferences" skipped. Previously built successfully.
   9:7>Task "ResolvePackageAssets"
   4:7>Target "WarnForExplicitVersions" skipped, due to false condition; ('@(SdkBuildWarning)' != '') was evaluated as ('' != '').
   2:6>Target "ResolvePackageAssets" skipped. Previously built successfully.
   5:6>Target "GetReferenceAssemblyPaths" in file "/usr/local/share/dotnet/sdk/9.0.200/Sdks/Microsoft.NET.Sdk/targets/Microsoft.NET.DisableStandardFrameworkResolution.targets" from project "/Users/dacanetdev/Dev/AIGenerated/RoadmapSkills/tests/Modules/Users/DeventSoft.RoadmapSkills.Users.UnitTests/DeventSoft.RoadmapSkills.Users.UnitTests.csproj" (target "PrepareForBuild" depends on it):
   5:6>Done building target "GetReferenceAssemblyPaths" in project "DeventSoft.RoadmapSkills.Users.UnitTests.csproj".
   9:7>Done executing task "ResolvePackageAssets".
   4:7>Target "_CheckForFailedSDKResolution" skipped, due to false condition; ('$(SdkResolverHonoredGlobalJson)' == 'false') was evaluated as ('' == 'false').
   5:6>Target "AssignLinkMetadata" skipped, due to false condition; ( '$(SynthesizeLinkMetadata)' == 'true' ) was evaluated as ( '' == 'true' ).
   4:7>Target "_WarnWhenUsingNET9AndVSPriorTo1712" skipped, due to false condition; ($([MSBuild]::VersionLessThan($(MSBuildVersion), '17.12.0')) and '$(TargetFrameworkIdentifier)' == '.NETCoreApp' and $([MSBuild]::VersionGreaterThanOrEquals($(_TargetFrameworkVersionWithoutV), '9.0'))) was evaluated as (False and '.NETCoreApp' == '.NETCoreApp' and False).
   2:6>Target "ResolveFrameworkReferences" in file "/usr/local/share/dotnet/sdk/9.0.200/Sdks/Microsoft.NET.Sdk/targets/Microsoft.NET.Sdk.FrameworkReferenceResolution.targets" from project "/Users/dacanetdev/Dev/AIGenerated/RoadmapSkills/tests/Modules/Users/DeventSoft.RoadmapSkills.Users.IntegrationTests/DeventSoft.RoadmapSkills.Users.IntegrationTests.csproj" (target "ResolveTargetingPackAssets" depends on it):
   2:6>Using "GetPackageDirectory" task from assembly "/usr/local/share/dotnet/sdk/9.0.200/Sdks/Microsoft.NET.Sdk/targets/../tools/net9.0/Microsoft.NET.Build.Tasks.dll".
   9:7>Done building target "ResolvePackageAssets" in project "DeventSoft.RoadmapSkills.Users.Domain.csproj".
   4:7>Target "_CheckForInvalidWindowsDesktopTargetingConfiguration" skipped, due to false condition; ('$(TargetFrameworkIdentifier)' == '.NETCoreApp' and $([MSBuild]::VersionGreaterThanOrEquals($(_TargetFrameworkVersionWithoutV), '5.0')) and ('$(UseWindowsForms)' == 'true' or '$(UseWPF)' == 'true')) was evaluated as ('.NETCoreApp' == '.NETCoreApp' and True and ('' == 'true' or '' == 'true')).
   2:6>Task "GetPackageDirectory"
   9:7>Target "AdjustDefaultPlatformTargetForNetFrameworkExeWithNoNativeCopyLocalItems" skipped, due to false condition; ('$(_UsingDefaultPlatformTarget)' == 'true' and
                     '$(_UsingDefaultRuntimeIdentifier)' == 'true') was evaluated as ('true' == 'true' and
                     '' == 'true').
   4:7>Target "_CheckForUnnecessaryWindowsDesktopSDK" skipped, due to false condition; ('$(TargetFrameworkIdentifier)' == '.NETCoreApp' and $([MSBuild]::VersionGreaterThanOrEquals($(_TargetFrameworkVersionWithoutV), '5.0')) and '$(_MicrosoftWindowsDesktopSdkImported)' == 'true' and '$(TargetFrameworks)' == '') was evaluated as ('.NETCoreApp' == '.NETCoreApp' and True and '' == 'true' and '' == '').
   2:6>Done executing task "GetPackageDirectory".
   5:6>Target "_VerifyPackReleaseConfigurations" skipped, due to false condition; ('$(_IsPacking)' == 'true' and '$(DOTNET_CLI_DISABLE_PUBLISH_AND_PACK_RELEASE)' != 'true' and '$(DOTNET_CLI_LAZY_PUBLISH_AND_PACK_RELEASE_FOR_SOLUTIONS)' == 'true') was evaluated as ('' == 'true' and '' != 'true' and '' == 'true').
   9:7>Target "_CheckForTransitiveWindowsDesktopDependencies" skipped, due to false condition; ('$(TargetFrameworkIdentifier)' == '.NETCoreApp' and $([MSBuild]::VersionGreaterThanOrEquals($(_TargetFrameworkVersionWithoutV), '5.0')) and '$(TargetPlatformIdentifier)' != 'Windows' and '@(TransitiveFrameworkReference)' != '') was evaluated as ('.NETCoreApp' == '.NETCoreApp' and True and '' != 'Windows' and '' != '').
   4:7>Target "ProcessFrameworkReferences" skipped. Previously built successfully.
   2:6>Task "GetPackageDirectory"
   9:7>Target "AddTransitiveFrameworkReferences" skipped, due to false condition; ('@(TransitiveFrameworkReference)' != '') was evaluated as ('' != '').
   4:7>Target "IncludeTargetingPackReference" skipped, due to false condition; ('$(TargetFrameworkMoniker)' != '' and '$(TargetFrameworkIdentifier)' == '.NETFramework' and '$(AutomaticallyUseReferenceAssemblyPackages)' == 'true') was evaluated as ('.NETCoreApp,Version=v8.0' != '' and '.NETCoreApp' == '.NETFramework' and 'true' == 'true').
   2:6>Done executing task "GetPackageDirectory".
       Task "GetPackageDirectory"
   4:7>Target "_CheckForInvalidConfigurationAndPlatform" in file "/usr/local/share/dotnet/sdk/9.0.200/Microsoft.Common.CurrentVersion.targets" from project "/Users/dacanetdev/Dev/AIGenerated/RoadmapSkills/src/Modules/Users/DeventSoft.RoadmapSkills.Users.Infrastructure/DeventSoft.RoadmapSkills.Users.Infrastructure.csproj" (target "BeforeBuild" depends on it):
   4:7>Task "MSBuildInternalMessage" skipped, due to false condition; ('$(_InvalidConfigurationMessageSeverity)' != '') was evaluated as ('' != '').
   2:6>Done executing task "GetPackageDirectory".
   9:7>Target "ResolveLockFileReferences" in file "/usr/local/share/dotnet/sdk/9.0.200/Sdks/Microsoft.NET.Sdk/targets/Microsoft.PackageDependencyResolution.targets" from project "/Users/dacanetdev/Dev/AIGenerated/RoadmapSkills/src/Modules/Users/DeventSoft.RoadmapSkills.Users.Domain/DeventSoft.RoadmapSkills.Users.Domain.csproj" (target "ResolvePackageDependenciesForBuild" depends on it):
   9:7>Using "JoinItems" task from assembly "/usr/local/share/dotnet/sdk/9.0.200/Sdks/Microsoft.NET.Sdk/targets/../tools/net9.0/Microsoft.NET.Build.Tasks.dll".
   4:7>Task "Message"
   5:6>Target "PrepareForBuild" in file "/usr/local/share/dotnet/sdk/9.0.200/Microsoft.Common.CurrentVersion.targets" from project "/Users/dacanetdev/Dev/AIGenerated/RoadmapSkills/tests/Modules/Users/DeventSoft.RoadmapSkills.Users.UnitTests/DeventSoft.RoadmapSkills.Users.UnitTests.csproj" (target "CoreBuild" depends on it):
   5:6>Using "FindAppConfigFile" task from assembly "Microsoft.Build.Tasks.Core, Version=15.1.0.0, Culture=neutral, PublicKeyToken=b03f5f7f11d50a3a".
   2:6>Task "GetPackageDirectory"
   4:7>_CheckForInvalidConfigurationAndPlatform:
         Configuration=Debug
   2:6>Done executing task "GetPackageDirectory".
   5:6>Task "FindAppConfigFile"
   4:7>Done executing task "Message".
   9:7>Task "JoinItems"
   2:6>Task "GetPackageDirectory"
   4:7>Task "Message"
   2:6>Done executing task "GetPackageDirectory".
   5:6>Done executing task "FindAppConfigFile".
   4:7>_CheckForInvalidConfigurationAndPlatform:
         Platform=AnyCPU
   9:7>Done executing task "JoinItems".
   4:7>Done executing task "Message".
       Task "MSBuildInternalMessage" skipped, due to false condition; ('$(OutDir)' != '' and !HasTrailingSlash('$(OutDir)')) was evaluated as ('bin/Debug/net8.0/' != '' and !HasTrailingSlash('bin/Debug/net8.0/')).
       Task "MSBuildInternalMessage" skipped, due to false condition; ('$(IntermediateOutputPath)' != '' and !HasTrailingSlash('$(IntermediateOutputPath)')) was evaluated as ('obj/Debug/net8.0/' != '' and !HasTrailingSlash('obj/Debug/net8.0/')).
   2:6>Task "GetPackageDirectory"
   5:6>PrepareForBuild:
       Using "MakeDir" task from assembly "Microsoft.Build.Tasks.Core, Version=15.1.0.0, Culture=neutral, PublicKeyToken=b03f5f7f11d50a3a".
   9:7>Done building target "ResolveLockFileReferences" in project "DeventSoft.RoadmapSkills.Users.Domain.csproj".
   4:7>_CheckForInvalidConfigurationAndPlatform:
       Task "MSBuildInternalMessage" skipped, due to false condition; ('$(BaseIntermediateOutputPath)' != '' and !HasTrailingSlash('$(BaseIntermediateOutputPath)')) was evaluated as ('obj/' != '' and !HasTrailingSlash('obj/')).
   2:6>Done executing task "GetPackageDirectory".
   5:6>Task "MakeDir"
   4:7>_CheckForInvalidConfigurationAndPlatform:
       Task "MSBuildInternalMessage" skipped, due to false condition; ( '$(Prefer32Bit)' == 'true' and '$(PreferNativeArm64)' == 'true' ) was evaluated as ( 'false' == 'true' and 'false' == 'true' ).
       Task "MSBuildInternalMessage" skipped, due to false condition; ( '$(NoWin32Manifest)' == 'true' and '$(PreferNativeArm64)' == 'true' ) was evaluated as ( '' == 'true' and 'false' == 'true' ).
   2:6>Task "GetPackageDirectory"
   9:7>Target "ResolvePackageAssets" skipped. Previously built successfully.
   5:6>Done executing task "MakeDir".
   4:7>_CheckForInvalidConfigurationAndPlatform:
       Task "MSBuildInternalMessage" skipped, due to false condition; ( '$(PreferNativeArm64)' == 'true' and '$(Platform)' != 'AnyCPU' ) was evaluated as ( 'false' == 'true' and 'AnyCPU' != 'AnyCPU' ).
   2:6>Done executing task "GetPackageDirectory".
   5:6>Done building target "PrepareForBuild" in project "DeventSoft.RoadmapSkills.Users.UnitTests.csproj".
   4:7>_CheckForInvalidConfigurationAndPlatform:
       Task "MSBuildInternalMessage" skipped, due to false condition; ( '$(_InitialMSBuildProjectExtensionsPath)' != '' And '$(MSBuildProjectExtensionsPath)' != '$(_InitialMSBuildProjectExtensionsPath)' ) was evaluated as ( '/Users/dacanetdev/Dev/AIGenerated/RoadmapSkills/src/Modules/Users/DeventSoft.RoadmapSkills.Users.Infrastructure/obj/' != '' And '/Users/dacanetdev/Dev/AIGenerated/RoadmapSkills/src/Modules/Users/DeventSoft.RoadmapSkills.Users.Infrastructure/obj/' != '/Users/dacanetdev/Dev/AIGenerated/RoadmapSkills/src/Modules/Users/DeventSoft.RoadmapSkills.Users.Infrastructure/obj/' ).
   2:6>Task "GetPackageDirectory"
   4:7>_CheckForInvalidConfigurationAndPlatform:
       Task "MSBuildInternalMessage" skipped, due to false condition; ( '$(EnableBaseIntermediateOutputPathMismatchWarning)' == 'true' And '$(_InitialBaseIntermediateOutputPath)' != '$(BaseIntermediateOutputPath)' And '$(BaseIntermediateOutputPath)' != '$(MSBuildProjectExtensionsPath)' ) was evaluated as ( 'true' == 'true' And 'obj/' != 'obj/' And 'obj/' != '/Users/dacanetdev/Dev/AIGenerated/RoadmapSkills/src/Modules/Users/DeventSoft.RoadmapSkills.Users.Infrastructure/obj/' ).
   2:6>Done executing task "GetPackageDirectory".
   4:7>Done building target "_CheckForInvalidConfigurationAndPlatform" in project "DeventSoft.RoadmapSkills.Users.Infrastructure.csproj".
   2:6>Task "GetPackageDirectory"
   9:7>Target "ResolveLockFileAnalyzers" in file "/usr/local/share/dotnet/sdk/9.0.200/Sdks/Microsoft.NET.Sdk/targets/Microsoft.PackageDependencyResolution.targets" from project "/Users/dacanetdev/Dev/AIGenerated/RoadmapSkills/src/Modules/Users/DeventSoft.RoadmapSkills.Users.Domain/DeventSoft.RoadmapSkills.Users.Domain.csproj" (target "ResolvePackageDependenciesForBuild" depends on it):
   9:7>Done building target "ResolveLockFileAnalyzers" in project "DeventSoft.RoadmapSkills.Users.Domain.csproj".
       Target "ResolvePackageAssets" skipped. Previously built successfully.
   5:6>Target "GenerateGlobalUsings" in file "/usr/local/share/dotnet/sdk/9.0.200/Sdks/Microsoft.NET.Sdk/targets/Microsoft.NET.GenerateGlobalUsings.targets" from project "/Users/dacanetdev/Dev/AIGenerated/RoadmapSkills/tests/Modules/Users/DeventSoft.RoadmapSkills.Users.UnitTests/DeventSoft.RoadmapSkills.Users.UnitTests.csproj" (target "CoreBuild" depends on it):
   5:6>Using "GenerateGlobalUsings" task from assembly "/usr/local/share/dotnet/sdk/9.0.200/Sdks/Microsoft.NET.Sdk/targets/../tools/net9.0/Microsoft.NET.Build.Tasks.dll".
   4:7>Target "ValidateCommandLineProperties" in file "/usr/local/share/dotnet/sdk/9.0.200/Sdks/Microsoft.NET.Sdk/targets/Microsoft.NET.Sdk.targets" from project "/Users/dacanetdev/Dev/AIGenerated/RoadmapSkills/src/Modules/Users/DeventSoft.RoadmapSkills.Users.Infrastructure/DeventSoft.RoadmapSkills.Users.Infrastructure.csproj" (target "BeforeBuild" depends on it):
   4:7>Done building target "ValidateCommandLineProperties" in project "DeventSoft.RoadmapSkills.Users.Infrastructure.csproj".
   9:7>Target "RunProduceContentAssets" skipped, due to false condition; ('@(_ContentFilesToPreprocess)' != '' and '$(_CleaningWithoutRebuilding)' != 'true') was evaluated as ('' != '' and '' != 'true').
   5:6>Task "GenerateGlobalUsings"
   2:6>Done executing task "GetPackageDirectory".
   4:7>Target "BeforeBuild" in file "/usr/local/share/dotnet/sdk/9.0.200/Microsoft.Common.CurrentVersion.targets" from project "/Users/dacanetdev/Dev/AIGenerated/RoadmapSkills/src/Modules/Users/DeventSoft.RoadmapSkills.Users.Infrastructure/DeventSoft.RoadmapSkills.Users.Infrastructure.csproj" (target "Build" depends on it):
   4:7>Done building target "BeforeBuild" in project "DeventSoft.RoadmapSkills.Users.Infrastructure.csproj".
   5:6>Done executing task "GenerateGlobalUsings".
   9:7>Target "ResolveLockFileCopyLocalFiles" in file "/usr/local/share/dotnet/sdk/9.0.200/Sdks/Microsoft.NET.Sdk/targets/Microsoft.PackageDependencyResolution.targets" from project "/Users/dacanetdev/Dev/AIGenerated/RoadmapSkills/src/Modules/Users/DeventSoft.RoadmapSkills.Users.Domain/DeventSoft.RoadmapSkills.Users.Domain.csproj" (target "ResolvePackageDependenciesForBuild" depends on it):
   9:7>Done building target "ResolveLockFileCopyLocalFiles" in project "DeventSoft.RoadmapSkills.Users.Domain.csproj".
   4:7>Target "_CheckForBuildWithNoBuild" skipped, due to false condition; ('$(NoBuild)' == 'true' and '$(GeneratePackageOnBuild)' != 'true') was evaluated as ('' == 'true' and 'false' != 'true').
   2:6>Task "GetPackageDirectory"
   5:6>GenerateGlobalUsings:
       Using "WriteLinesToFile" task from assembly "Microsoft.Build.Tasks.Core, Version=15.1.0.0, Culture=neutral, PublicKeyToken=b03f5f7f11d50a3a".
   9:7>Target "ResolveRuntimePackAssets" skipped, due to false condition; ('@(RuntimePack)' != '') was evaluated as ('' != '').
   2:6>Done executing task "GetPackageDirectory".
   9:7>Target "RunProduceContentAssets" skipped, due to false condition; ('@(_ContentFilesToPreprocess)' != '' and '$(_CleaningWithoutRebuilding)' != 'true') was evaluated as ('' != '' and '' != 'true').
   5:6>Task "WriteLinesToFile"
   4:7>Target "BuildOnlySettings" in file "/usr/local/share/dotnet/sdk/9.0.200/Microsoft.Common.CurrentVersion.targets" from project "/Users/dacanetdev/Dev/AIGenerated/RoadmapSkills/src/Modules/Users/DeventSoft.RoadmapSkills.Users.Infrastructure/DeventSoft.RoadmapSkills.Users.Infrastructure.csproj" (target "CoreBuild" depends on it):
   4:7>Done building target "BuildOnlySettings" in project "DeventSoft.RoadmapSkills.Users.Infrastructure.csproj".
   2:6>ResolveFrameworkReferences:
       Using "ResolveFrameworkReferences" task from assembly "/usr/local/share/dotnet/sdk/9.0.200/Sdks/Microsoft.NET.Sdk/targets/../tools/net9.0/Microsoft.NET.Build.Tasks.dll".
   9:7>Target "ResolvePackageAssets" skipped. Previously built successfully.
   5:6>GenerateGlobalUsings:
         Skipping write to file "obj/Debug/net8.0/DeventSoft.RoadmapSkills.Users.UnitTests.GlobalUsings.g.cs" because content would not change.
   4:7>Target "_CheckForUnsupportedTargetFramework" skipped, due to false condition; ('$(_UnsupportedTargetFrameworkError)' == 'true') was evaluated as ('' == 'true').
   2:6>Task "ResolveFrameworkReferences"
   5:6>Done executing task "WriteLinesToFile".
   4:7>Target "_CheckForUnsupportedTargetPlatformIdentifier" skipped, due to false condition; ('$(TargetPlatformIdentifier)' != '' and '$(TargetFrameworkIdentifier)' == '.NETCoreApp' and $([MSBuild]::VersionGreaterThanOrEquals($(TargetFrameworkVersion), 5.0)) And ('$(DesignTimeBuild)' != 'true' Or '@(MissingWorkloadPack)' == '')) was evaluated as ('' != '' and '.NETCoreApp' == '.NETCoreApp' and True And ('' != 'true' Or '' == '')).
   2:6>Done executing task "ResolveFrameworkReferences".
   4:7>Target "_CheckForMissingWorkload" skipped, due to false condition; ('@(MissingWorkloadPack)' != '' And '$(DesignTimeBuild)' != 'true') was evaluated as ('' != '' And '' != 'true').
   5:6>Done building target "GenerateGlobalUsings" in project "DeventSoft.RoadmapSkills.Users.UnitTests.csproj".
       Target "PreBuildEvent" skipped, due to false condition; ('$(PreBuildEvent)'!='') was evaluated as (''!='').
   2:6>Done building target "ResolveFrameworkReferences" in project "DeventSoft.RoadmapSkills.Users.IntegrationTests.csproj".
   9:7>Target "IncludeTransitiveProjectReferences" in file "/usr/local/share/dotnet/sdk/9.0.200/Sdks/Microsoft.NET.Sdk/targets/Microsoft.PackageDependencyResolution.targets" from project "/Users/dacanetdev/Dev/AIGenerated/RoadmapSkills/src/Modules/Users/DeventSoft.RoadmapSkills.Users.Domain/DeventSoft.RoadmapSkills.Users.Domain.csproj" (target "ResolvePackageDependenciesForBuild" depends on it):
   9:7>Done building target "IncludeTransitiveProjectReferences" in project "DeventSoft.RoadmapSkills.Users.Domain.csproj".
   4:7>Target "GetFrameworkPaths" in file "/usr/local/share/dotnet/sdk/9.0.200/Sdks/Microsoft.NET.Sdk/targets/Microsoft.NET.DisableStandardFrameworkResolution.targets" from project "/Users/dacanetdev/Dev/AIGenerated/RoadmapSkills/src/Modules/Users/DeventSoft.RoadmapSkills.Users.Infrastructure/DeventSoft.RoadmapSkills.Users.Infrastructure.csproj" (target "PrepareForBuild" depends on it):
   4:7>Done building target "GetFrameworkPaths" in project "DeventSoft.RoadmapSkills.Users.Infrastructure.csproj".
   5:6>Target "BeforeResolveReferences" in file "/usr/local/share/dotnet/sdk/9.0.200/Microsoft.Common.CurrentVersion.targets" from project "/Users/dacanetdev/Dev/AIGenerated/RoadmapSkills/tests/Modules/Users/DeventSoft.RoadmapSkills.Users.UnitTests/DeventSoft.RoadmapSkills.Users.UnitTests.csproj" (target "ResolveReferences" depends on it):
   5:6>Done building target "BeforeResolveReferences" in project "DeventSoft.RoadmapSkills.Users.UnitTests.csproj".
   4:7>Target "_CheckForUnsupportedTargetFramework" skipped, due to false condition; ('$(_UnsupportedTargetFrameworkError)' == 'true') was evaluated as ('' == 'true').
   2:6>Target "ResolveTargetingPackAssets" in file "/usr/local/share/dotnet/sdk/9.0.200/Sdks/Microsoft.NET.Sdk/targets/Microsoft.NET.Sdk.FrameworkReferenceResolution.targets" from project "/Users/dacanetdev/Dev/AIGenerated/RoadmapSkills/tests/Modules/Users/DeventSoft.RoadmapSkills.Users.IntegrationTests/DeventSoft.RoadmapSkills.Users.IntegrationTests.csproj" (target "_HandlePackageFileConflicts" depends on it):
   2:6>Using "ResolveTargetingPackAssets" task from assembly "/usr/local/share/dotnet/sdk/9.0.200/Sdks/Microsoft.NET.Sdk/targets/../tools/net9.0/Microsoft.NET.Build.Tasks.dll".
       Task "ResolveTargetingPackAssets"
   4:7>Target "_CheckForUnsupportedTargetPlatformIdentifier" skipped, due to false condition; ('$(TargetPlatformIdentifier)' != '' and '$(TargetFrameworkIdentifier)' == '.NETCoreApp' and $([MSBuild]::VersionGreaterThanOrEquals($(TargetFrameworkVersion), 5.0)) And ('$(DesignTimeBuild)' != 'true' Or '@(MissingWorkloadPack)' == '')) was evaluated as ('' != '' and '.NETCoreApp' == '.NETCoreApp' and True And ('' != 'true' Or '' == '')).
   5:6>Target "IgnoreJavaScriptOutputAssembly" in file "/usr/local/share/dotnet/sdk/9.0.200/Microsoft.Common.CurrentVersion.targets" from project "/Users/dacanetdev/Dev/AIGenerated/RoadmapSkills/tests/Modules/Users/DeventSoft.RoadmapSkills.Users.UnitTests/DeventSoft.RoadmapSkills.Users.UnitTests.csproj" (target "AssignProjectConfiguration" depends on it):
   5:6>Done building target "IgnoreJavaScriptOutputAssembly" in project "DeventSoft.RoadmapSkills.Users.UnitTests.csproj".
   9:7>Target "ResolvePackageDependenciesForBuild" in file "/usr/local/share/dotnet/sdk/9.0.200/Sdks/Microsoft.NET.Sdk/targets/Microsoft.PackageDependencyResolution.targets" from project "/Users/dacanetdev/Dev/AIGenerated/RoadmapSkills/src/Modules/Users/DeventSoft.RoadmapSkills.Users.Domain/DeventSoft.RoadmapSkills.Users.Domain.csproj" (target "AssignProjectConfiguration" depends on it):
   9:7>Done building target "ResolvePackageDependenciesForBuild" in project "DeventSoft.RoadmapSkills.Users.Domain.csproj".
   5:6>Target "ProcessFrameworkReferences" skipped. Previously built successfully.
   4:7>Target "_CheckForMissingWorkload" skipped, due to false condition; ('@(MissingWorkloadPack)' != '' And '$(DesignTimeBuild)' != 'true') was evaluated as ('' != '' And '' != 'true').
   5:6>Target "_DefaultMicrosoftNETPlatformLibrary" in file "/usr/local/share/dotnet/sdk/9.0.200/Sdks/Microsoft.NET.Sdk/targets/Microsoft.NET.Sdk.Shared.targets" from project "/Users/dacanetdev/Dev/AIGenerated/RoadmapSkills/tests/Modules/Users/DeventSoft.RoadmapSkills.Users.UnitTests/DeventSoft.RoadmapSkills.Users.UnitTests.csproj" (target "ResolvePackageAssets" depends on it):
   5:6>Done building target "_DefaultMicrosoftNETPlatformLibrary" in project "DeventSoft.RoadmapSkills.Users.UnitTests.csproj".
   4:7>Target "GetReferenceAssemblyPaths" in file "/usr/local/share/dotnet/sdk/9.0.200/Sdks/Microsoft.NET.Sdk/targets/Microsoft.NET.DisableStandardFrameworkResolution.targets" from project "/Users/dacanetdev/Dev/AIGenerated/RoadmapSkills/src/Modules/Users/DeventSoft.RoadmapSkills.Users.Infrastructure/DeventSoft.RoadmapSkills.Users.Infrastructure.csproj" (target "PrepareForBuild" depends on it):
   4:7>Done building target "GetReferenceAssemblyPaths" in project "DeventSoft.RoadmapSkills.Users.Infrastructure.csproj".
   9:7>Target "AssignProjectConfiguration" in file "/usr/local/share/dotnet/sdk/9.0.200/Microsoft.Common.CurrentVersion.targets" from project "/Users/dacanetdev/Dev/AIGenerated/RoadmapSkills/src/Modules/Users/DeventSoft.RoadmapSkills.Users.Domain/DeventSoft.RoadmapSkills.Users.Domain.csproj" (target "ResolveReferences" depends on it):
   9:7>Using "AssignProjectConfiguration" task from assembly "Microsoft.Build.Tasks.Core, Version=15.1.0.0, Culture=neutral, PublicKeyToken=b03f5f7f11d50a3a".
   5:6>Target "_ComputePackageReferencePublish" in file "/usr/local/share/dotnet/sdk/9.0.200/Sdks/Microsoft.NET.Sdk/targets/Microsoft.NET.Sdk.Shared.targets" from project "/Users/dacanetdev/Dev/AIGenerated/RoadmapSkills/tests/Modules/Users/DeventSoft.RoadmapSkills.Users.UnitTests/DeventSoft.RoadmapSkills.Users.UnitTests.csproj" (target "ResolvePackageAssets" depends on it):
   5:6>Done building target "_ComputePackageReferencePublish" in project "DeventSoft.RoadmapSkills.Users.UnitTests.csproj".
   4:7>Target "AssignLinkMetadata" skipped, due to false condition; ( '$(SynthesizeLinkMetadata)' == 'true' ) was evaluated as ( '' == 'true' ).
   9:7>Task "AssignProjectConfiguration"
   5:6>Target "_ResolveCompilerVersion" skipped, due to false condition; ('$(CompilerApiVersion)' == '' And
                     ('$(Language)' == 'C#' Or '$(Language)' == 'VB') And
                     Exists('$(RoslynTargetsPath)\Microsoft.Build.Tasks.CodeAnalysis.dll')) was evaluated as ('roslyn4.13' == '' And
                     ('C#' == 'C#' Or 'C#' == 'VB') And
                     Exists('/usr/local/share/dotnet/sdk/9.0.200/Roslyn\Microsoft.Build.Tasks.CodeAnalysis.dll')).
   4:7>Target "_VerifyPackReleaseConfigurations" skipped, due to false condition; ('$(_IsPacking)' == 'true' and '$(DOTNET_CLI_DISABLE_PUBLISH_AND_PACK_RELEASE)' != 'true' and '$(DOTNET_CLI_LAZY_PUBLISH_AND_PACK_RELEASE_FOR_SOLUTIONS)' == 'true') was evaluated as ('' == 'true' and '' != 'true' and '' == 'true').
   9:7>AssignProjectConfiguration:
         Project reference "../../../Shared/DeventSoft.RoadmapSkills.Shared.Domain/DeventSoft.RoadmapSkills.Shared.Domain.csproj" has not been resolved.
   4:7>Target "PrepareForBuild" in file "/usr/local/share/dotnet/sdk/9.0.200/Microsoft.Common.CurrentVersion.targets" from project "/Users/dacanetdev/Dev/AIGenerated/RoadmapSkills/src/Modules/Users/DeventSoft.RoadmapSkills.Users.Infrastructure/DeventSoft.RoadmapSkills.Users.Infrastructure.csproj" (target "CoreBuild" depends on it):
   4:7>Using "FindAppConfigFile" task from assembly "Microsoft.Build.Tasks.Core, Version=15.1.0.0, Culture=neutral, PublicKeyToken=b03f5f7f11d50a3a".
   5:6>Target "ResolvePackageAssets" in file "/usr/local/share/dotnet/sdk/9.0.200/Sdks/Microsoft.NET.Sdk/targets/Microsoft.PackageDependencyResolution.targets" from project "/Users/dacanetdev/Dev/AIGenerated/RoadmapSkills/tests/Modules/Users/DeventSoft.RoadmapSkills.Users.UnitTests/DeventSoft.RoadmapSkills.Users.UnitTests.csproj" (target "ResolveLockFileReferences" depends on it):
   5:6>Using "ResolvePackageAssets" task from assembly "/usr/local/share/dotnet/sdk/9.0.200/Sdks/Microsoft.NET.Sdk/targets/../tools/net9.0/Microsoft.NET.Build.Tasks.dll".
   4:7>Task "FindAppConfigFile"
   9:7>Done executing task "AssignProjectConfiguration".
   5:6>Task "ResolvePackageAssets"
   4:7>Done executing task "FindAppConfigFile".
   9:7>Done building target "AssignProjectConfiguration" in project "DeventSoft.RoadmapSkills.Users.Domain.csproj".
   5:6>Done executing task "ResolvePackageAssets".
   4:7>PrepareForBuild:
       Using "MakeDir" task from assembly "Microsoft.Build.Tasks.Core, Version=15.1.0.0, Culture=neutral, PublicKeyToken=b03f5f7f11d50a3a".
   9:7>Target "AssignProjectConfiguration" skipped. Previously built successfully.
   5:6>Done building target "ResolvePackageAssets" in project "DeventSoft.RoadmapSkills.Users.UnitTests.csproj".
   4:7>Task "MakeDir"
       Done executing task "MakeDir".
   4:7>Done building target "PrepareForBuild" in project "DeventSoft.RoadmapSkills.Users.Infrastructure.csproj".
   9:7>Target "_SplitProjectReferencesByFileExistence" in file "/usr/local/share/dotnet/sdk/9.0.200/Microsoft.Common.CurrentVersion.targets" from project "/Users/dacanetdev/Dev/AIGenerated/RoadmapSkills/src/Modules/Users/DeventSoft.RoadmapSkills.Users.Domain/DeventSoft.RoadmapSkills.Users.Domain.csproj" (target "PrepareProjectReferences" depends on it):
   9:7>Task "ResolveNonMSBuildProjectOutput" skipped, due to false condition; ('$(BuildingInsideVisualStudio)'=='true' and '@(ProjectReferenceWithConfiguration)'!='') was evaluated as (''=='true' and '../../../Shared/DeventSoft.RoadmapSkills.Shared.Domain/DeventSoft.RoadmapSkills.Shared.Domain.csproj'!='').
   5:6>Target "AdjustDefaultPlatformTargetForNetFrameworkExeWithNoNativeCopyLocalItems" skipped, due to false condition; ('$(_UsingDefaultPlatformTarget)' == 'true' and
                     '$(_UsingDefaultRuntimeIdentifier)' == 'true') was evaluated as ('true' == 'true' and
                     '' == 'true').
   9:7>Done building target "_SplitProjectReferencesByFileExistence" in project "DeventSoft.RoadmapSkills.Users.Domain.csproj".
   4:7>Target "GenerateGlobalUsings" in file "/usr/local/share/dotnet/sdk/9.0.200/Sdks/Microsoft.NET.Sdk/targets/Microsoft.NET.GenerateGlobalUsings.targets" from project "/Users/dacanetdev/Dev/AIGenerated/RoadmapSkills/src/Modules/Users/DeventSoft.RoadmapSkills.Users.Infrastructure/DeventSoft.RoadmapSkills.Users.Infrastructure.csproj" (target "CoreBuild" depends on it):
   4:7>Using "GenerateGlobalUsings" task from assembly "/usr/local/share/dotnet/sdk/9.0.200/Sdks/Microsoft.NET.Sdk/targets/../tools/net9.0/Microsoft.NET.Build.Tasks.dll".
       Task "GenerateGlobalUsings"
       Done executing task "GenerateGlobalUsings".
   9:7>Target "_AddOutputPathToGlobalPropertiesToRemove" in file "/usr/local/share/dotnet/sdk/9.0.200/Microsoft.Common.CurrentVersion.targets" from project "/Users/dacanetdev/Dev/AIGenerated/RoadmapSkills/src/Modules/Users/DeventSoft.RoadmapSkills.Users.Domain/DeventSoft.RoadmapSkills.Users.Domain.csproj" (target "_GetProjectReferenceTargetFrameworkProperties" depends on it):
   9:7>Done building target "_AddOutputPathToGlobalPropertiesToRemove" in project "DeventSoft.RoadmapSkills.Users.Domain.csproj".
   5:6>Target "_CheckForTransitiveWindowsDesktopDependencies" skipped, due to false condition; ('$(TargetFrameworkIdentifier)' == '.NETCoreApp' and $([MSBuild]::VersionGreaterThanOrEquals($(_TargetFrameworkVersionWithoutV), '5.0')) and '$(TargetPlatformIdentifier)' != 'Windows' and '@(TransitiveFrameworkReference)' != '') was evaluated as ('.NETCoreApp' == '.NETCoreApp' and True and '' != 'Windows' and '' != '').
   4:7>GenerateGlobalUsings:
       Using "WriteLinesToFile" task from assembly "Microsoft.Build.Tasks.Core, Version=15.1.0.0, Culture=neutral, PublicKeyToken=b03f5f7f11d50a3a".
   5:6>Target "AddTransitiveFrameworkReferences" skipped, due to false condition; ('@(TransitiveFrameworkReference)' != '') was evaluated as ('' != '').
   4:7>Task "WriteLinesToFile"
         Skipping write to file "obj/Debug/net8.0/DeventSoft.RoadmapSkills.Users.Infrastructure.GlobalUsings.g.cs" because content would not change.
   9:7>Target "_GetProjectReferenceTargetFrameworkProperties" in file "/usr/local/share/dotnet/sdk/9.0.200/Microsoft.Common.CurrentVersion.targets" from project "/Users/dacanetdev/Dev/AIGenerated/RoadmapSkills/src/Modules/Users/DeventSoft.RoadmapSkills.Users.Domain/DeventSoft.RoadmapSkills.Users.Domain.csproj" (target "PrepareProjectReferences" depends on it):
   9:7>Task "MSBuild"
   4:7>Done executing task "WriteLinesToFile".
   9:7>_GetProjectReferenceTargetFrameworkProperties:
         Removing Properties:
   4:7>Done building target "GenerateGlobalUsings" in project "DeventSoft.RoadmapSkills.Users.Infrastructure.csproj".
   9:7>_GetProjectReferenceTargetFrameworkProperties:
           Configuration
           Platform
   4:7>Target "PreBuildEvent" skipped, due to false condition; ('$(PreBuildEvent)'!='') was evaluated as (''!='').
   9:7>_GetProjectReferenceTargetFrameworkProperties:
           TargetFramework
           RuntimeIdentifier
   4:7>Target "BeforeResolveReferences" in file "/usr/local/share/dotnet/sdk/9.0.200/Microsoft.Common.CurrentVersion.targets" from project "/Users/dacanetdev/Dev/AIGenerated/RoadmapSkills/src/Modules/Users/DeventSoft.RoadmapSkills.Users.Infrastructure/DeventSoft.RoadmapSkills.Users.Infrastructure.csproj" (target "ResolveReferences" depends on it):
   4:7>Done building target "BeforeResolveReferences" in project "DeventSoft.RoadmapSkills.Users.Infrastructure.csproj".
   9:7>_GetProjectReferenceTargetFrameworkProperties:
           SelfContained
   5:6>Target "ResolveLockFileReferences" in file "/usr/local/share/dotnet/sdk/9.0.200/Sdks/Microsoft.NET.Sdk/targets/Microsoft.PackageDependencyResolution.targets" from project "/Users/dacanetdev/Dev/AIGenerated/RoadmapSkills/tests/Modules/Users/DeventSoft.RoadmapSkills.Users.UnitTests/DeventSoft.RoadmapSkills.Users.UnitTests.csproj" (target "ResolvePackageDependenciesForBuild" depends on it):
   5:6>Using "JoinItems" task from assembly "/usr/local/share/dotnet/sdk/9.0.200/Sdks/Microsoft.NET.Sdk/targets/../tools/net9.0/Microsoft.NET.Build.Tasks.dll".
       Task "JoinItems"
       Done executing task "JoinItems".
   5:6>Done building target "ResolveLockFileReferences" in project "DeventSoft.RoadmapSkills.Users.UnitTests.csproj".
       Target "ResolvePackageAssets" skipped. Previously built successfully.
   4:7>Target "IgnoreJavaScriptOutputAssembly" in file "/usr/local/share/dotnet/sdk/9.0.200/Microsoft.Common.CurrentVersion.targets" from project "/Users/dacanetdev/Dev/AIGenerated/RoadmapSkills/src/Modules/Users/DeventSoft.RoadmapSkills.Users.Infrastructure/DeventSoft.RoadmapSkills.Users.Infrastructure.csproj" (target "AssignProjectConfiguration" depends on it):
   4:7>Done building target "IgnoreJavaScriptOutputAssembly" in project "DeventSoft.RoadmapSkills.Users.Infrastructure.csproj".
   5:6>Target "ResolveLockFileAnalyzers" in file "/usr/local/share/dotnet/sdk/9.0.200/Sdks/Microsoft.NET.Sdk/targets/Microsoft.PackageDependencyResolution.targets" from project "/Users/dacanetdev/Dev/AIGenerated/RoadmapSkills/tests/Modules/Users/DeventSoft.RoadmapSkills.Users.UnitTests/DeventSoft.RoadmapSkills.Users.UnitTests.csproj" (target "ResolvePackageDependenciesForBuild" depends on it):
   5:6>Done building target "ResolveLockFileAnalyzers" in project "DeventSoft.RoadmapSkills.Users.UnitTests.csproj".
   4:7>Target "ProcessFrameworkReferences" skipped. Previously built successfully.
   5:6>Target "ResolvePackageAssets" skipped. Previously built successfully.
       Target "RunProduceContentAssets" skipped, due to false condition; ('@(_ContentFilesToPreprocess)' != '' and '$(_CleaningWithoutRebuilding)' != 'true') was evaluated as ('' != '' and '' != 'true').
   4:7>Target "_DefaultMicrosoftNETPlatformLibrary" in file "/usr/local/share/dotnet/sdk/9.0.200/Sdks/Microsoft.NET.Sdk/targets/Microsoft.NET.Sdk.Shared.targets" from project "/Users/dacanetdev/Dev/AIGenerated/RoadmapSkills/src/Modules/Users/DeventSoft.RoadmapSkills.Users.Infrastructure/DeventSoft.RoadmapSkills.Users.Infrastructure.csproj" (target "ResolvePackageAssets" depends on it):
   4:7>Done building target "_DefaultMicrosoftNETPlatformLibrary" in project "DeventSoft.RoadmapSkills.Users.Infrastructure.csproj".
   5:6>Target "ResolveLockFileCopyLocalFiles" in file "/usr/local/share/dotnet/sdk/9.0.200/Sdks/Microsoft.NET.Sdk/targets/Microsoft.PackageDependencyResolution.targets" from project "/Users/dacanetdev/Dev/AIGenerated/RoadmapSkills/tests/Modules/Users/DeventSoft.RoadmapSkills.Users.UnitTests/DeventSoft.RoadmapSkills.Users.UnitTests.csproj" (target "ResolvePackageDependenciesForBuild" depends on it):
   5:6>Done building target "ResolveLockFileCopyLocalFiles" in project "DeventSoft.RoadmapSkills.Users.UnitTests.csproj".
   2:6>Done executing task "ResolveTargetingPackAssets".
   4:7>Target "_ComputePackageReferencePublish" in file "/usr/local/share/dotnet/sdk/9.0.200/Sdks/Microsoft.NET.Sdk/targets/Microsoft.NET.Sdk.Shared.targets" from project "/Users/dacanetdev/Dev/AIGenerated/RoadmapSkills/src/Modules/Users/DeventSoft.RoadmapSkills.Users.Infrastructure/DeventSoft.RoadmapSkills.Users.Infrastructure.csproj" (target "ResolvePackageAssets" depends on it):
   4:7>Done building target "_ComputePackageReferencePublish" in project "DeventSoft.RoadmapSkills.Users.Infrastructure.csproj".
   5:6>Target "ResolveRuntimePackAssets" skipped, due to false condition; ('@(RuntimePack)' != '') was evaluated as ('' != '').
   2:6>Done building target "ResolveTargetingPackAssets" in project "DeventSoft.RoadmapSkills.Users.IntegrationTests.csproj".
   4:7>Target "_ResolveCompilerVersion" skipped, due to false condition; ('$(CompilerApiVersion)' == '' And
                     ('$(Language)' == 'C#' Or '$(Language)' == 'VB') And
                     Exists('$(RoslynTargetsPath)\Microsoft.Build.Tasks.CodeAnalysis.dll')) was evaluated as ('roslyn4.13' == '' And
                     ('C#' == 'C#' Or 'C#' == 'VB') And
                     Exists('/usr/local/share/dotnet/sdk/9.0.200/Roslyn\Microsoft.Build.Tasks.CodeAnalysis.dll')).
   5:6>Target "RunProduceContentAssets" skipped, due to false condition; ('@(_ContentFilesToPreprocess)' != '' and '$(_CleaningWithoutRebuilding)' != 'true') was evaluated as ('' != '' and '' != 'true').
       Target "ResolvePackageAssets" skipped. Previously built successfully.
   2:6>Target "ResolveOffByDefaultAnalyzers" in file "/usr/local/share/dotnet/sdk/9.0.200/Sdks/Microsoft.NET.Sdk/targets/Microsoft.NET.Sdk.FrameworkReferenceResolution.targets" from project "/Users/dacanetdev/Dev/AIGenerated/RoadmapSkills/tests/Modules/Users/DeventSoft.RoadmapSkills.Users.IntegrationTests/DeventSoft.RoadmapSkills.Users.IntegrationTests.csproj" (target "_HandlePackageFileConflicts" depends on it):
   2:6>Done building target "ResolveOffByDefaultAnalyzers" in project "DeventSoft.RoadmapSkills.Users.IntegrationTests.csproj".
   4:7>Target "ResolvePackageAssets" in file "/usr/local/share/dotnet/sdk/9.0.200/Sdks/Microsoft.NET.Sdk/targets/Microsoft.PackageDependencyResolution.targets" from project "/Users/dacanetdev/Dev/AIGenerated/RoadmapSkills/src/Modules/Users/DeventSoft.RoadmapSkills.Users.Infrastructure/DeventSoft.RoadmapSkills.Users.Infrastructure.csproj" (target "ResolveLockFileReferences" depends on it):
   4:7>Using "ResolvePackageAssets" task from assembly "/usr/local/share/dotnet/sdk/9.0.200/Sdks/Microsoft.NET.Sdk/targets/../tools/net9.0/Microsoft.NET.Build.Tasks.dll".
       Task "ResolvePackageAssets"
   5:6>Target "IncludeTransitiveProjectReferences" in file "/usr/local/share/dotnet/sdk/9.0.200/Sdks/Microsoft.NET.Sdk/targets/Microsoft.PackageDependencyResolution.targets" from project "/Users/dacanetdev/Dev/AIGenerated/RoadmapSkills/tests/Modules/Users/DeventSoft.RoadmapSkills.Users.UnitTests/DeventSoft.RoadmapSkills.Users.UnitTests.csproj" (target "ResolvePackageDependenciesForBuild" depends on it):
   5:6>Done building target "IncludeTransitiveProjectReferences" in project "DeventSoft.RoadmapSkills.Users.UnitTests.csproj".
   5:6>Target "ResolvePackageDependenciesForBuild" in file "/usr/local/share/dotnet/sdk/9.0.200/Sdks/Microsoft.NET.Sdk/targets/Microsoft.PackageDependencyResolution.targets" from project "/Users/dacanetdev/Dev/AIGenerated/RoadmapSkills/tests/Modules/Users/DeventSoft.RoadmapSkills.Users.UnitTests/DeventSoft.RoadmapSkills.Users.UnitTests.csproj" (target "AssignProjectConfiguration" depends on it):
   5:6>Done building target "ResolvePackageDependenciesForBuild" in project "DeventSoft.RoadmapSkills.Users.UnitTests.csproj".
   5:6>Target "AssignProjectConfiguration" in file "/usr/local/share/dotnet/sdk/9.0.200/Microsoft.Common.CurrentVersion.targets" from project "/Users/dacanetdev/Dev/AIGenerated/RoadmapSkills/tests/Modules/Users/DeventSoft.RoadmapSkills.Users.UnitTests/DeventSoft.RoadmapSkills.Users.UnitTests.csproj" (target "ResolveReferences" depends on it):
       Using "AssignProjectConfiguration" task from assembly "Microsoft.Build.Tasks.Core, Version=15.1.0.0, Culture=neutral, PublicKeyToken=b03f5f7f11d50a3a".
       Task "AssignProjectConfiguration"
       Done executing task "AssignProjectConfiguration".
   5:6>Done building target "AssignProjectConfiguration" in project "DeventSoft.RoadmapSkills.Users.UnitTests.csproj".
       Target "AssignProjectConfiguration" skipped. Previously built successfully.
   5:6>Target "_SplitProjectReferencesByFileExistence" in file "/usr/local/share/dotnet/sdk/9.0.200/Microsoft.Common.CurrentVersion.targets" from project "/Users/dacanetdev/Dev/AIGenerated/RoadmapSkills/tests/Modules/Users/DeventSoft.RoadmapSkills.Users.UnitTests/DeventSoft.RoadmapSkills.Users.UnitTests.csproj" (target "PrepareProjectReferences" depends on it):
       Task "ResolveNonMSBuildProjectOutput" skipped, due to false condition; ('$(BuildingInsideVisualStudio)'=='true' and '@(ProjectReferenceWithConfiguration)'!='') was evaluated as (''=='true' and ''!='').
   5:6>Done building target "_SplitProjectReferencesByFileExistence" in project "DeventSoft.RoadmapSkills.Users.UnitTests.csproj".
   5:6>Target "_AddOutputPathToGlobalPropertiesToRemove" in file "/usr/local/share/dotnet/sdk/9.0.200/Microsoft.Common.CurrentVersion.targets" from project "/Users/dacanetdev/Dev/AIGenerated/RoadmapSkills/tests/Modules/Users/DeventSoft.RoadmapSkills.Users.UnitTests/DeventSoft.RoadmapSkills.Users.UnitTests.csproj" (target "_GetProjectReferenceTargetFrameworkProperties" depends on it):
   5:6>Done building target "_AddOutputPathToGlobalPropertiesToRemove" in project "DeventSoft.RoadmapSkills.Users.UnitTests.csproj".
   5:6>Target "_GetProjectReferenceTargetFrameworkProperties" in file "/usr/local/share/dotnet/sdk/9.0.200/Microsoft.Common.CurrentVersion.targets" from project "/Users/dacanetdev/Dev/AIGenerated/RoadmapSkills/tests/Modules/Users/DeventSoft.RoadmapSkills.Users.UnitTests/DeventSoft.RoadmapSkills.Users.UnitTests.csproj" (target "PrepareProjectReferences" depends on it):
       Task "MSBuild"
       Done executing task "MSBuild".
       Task "MSBuild" skipped, due to false condition; ('%(_MSBuildProjectReferenceExistent.SkipGetTargetFrameworkProperties)' != 'true' and '$(EnableDynamicPlatformResolution)' == 'true') was evaluated as ('' != 'true' and '' == 'true').
       Task "GetReferenceNearestTargetFrameworkTask" skipped, due to false condition; ('@(_ProjectReferenceTargetFrameworkPossibilities)' != '' and '$(ReferringTargetFrameworkForProjectReferences)' != ''
                                                               And '$(GetReferenceNearestTargetFrameworkTaskSupportsTargetPlatformParameter)' == 'true' and '%(_ProjectReferenceTargetFrameworkPossibilities.IsVcxOrNativeProj)' != 'true') was evaluated as ('' != '' and '.NETCoreApp,Version=v8.0' != ''
                                                               And 'true' == 'true' and '' != 'true').
       Task "GetReferenceNearestTargetFrameworkTask" skipped, due to false condition; ('@(_ProjectReferenceTargetFrameworkPossibilities)' != '' and '$(ReferringTargetFrameworkForProjectReferences)' != ''
                                                               And '$(GetReferenceNearestTargetFrameworkTaskSupportsTargetPlatformParameter)' != 'true' and '%(_ProjectReferenceTargetFrameworkPossibilities.IsVcxOrNativeProj)' != 'true') was evaluated as ('' != '' and '.NETCoreApp,Version=v8.0' != ''
                                                               And 'true' != 'true' and '' != 'true').
       Using "SetRidAgnosticValueForProjects" task from assembly "Microsoft.Build.Tasks.Core, Version=15.1.0.0, Culture=neutral, PublicKeyToken=b03f5f7f11d50a3a".
       Task "SetRidAgnosticValueForProjects"
       Done executing task "SetRidAgnosticValueForProjects".
   5:6>Done building target "_GetProjectReferenceTargetFrameworkProperties" in project "DeventSoft.RoadmapSkills.Users.UnitTests.csproj".
       Target "ValidateExecutableReferences" skipped, due to false condition; ('$(ValidateExecutableReferencesMatchSelfContained)' != 'false') was evaluated as ('false' != 'false').
       Target "_GetProjectReferencePlatformProperties" skipped, due to false condition; ('$(EnableDynamicPlatformResolution)' == 'true'
                            and '@(_MSBuildProjectReferenceExistent)' != '') was evaluated as ('' == 'true'
                            and '' != '').
   5:6>Target "PrepareProjectReferences" in file "/usr/local/share/dotnet/sdk/9.0.200/Microsoft.Common.CurrentVersion.targets" from project "/Users/dacanetdev/Dev/AIGenerated/RoadmapSkills/tests/Modules/Users/DeventSoft.RoadmapSkills.Users.UnitTests/DeventSoft.RoadmapSkills.Users.UnitTests.csproj" (target "ResolveProjectReferences" depends on it):
   5:6>Done building target "PrepareProjectReferences" in project "DeventSoft.RoadmapSkills.Users.UnitTests.csproj".
   5:6>Target "ResolveProjectReferences" in file "/usr/local/share/dotnet/sdk/9.0.200/Microsoft.Common.CurrentVersion.targets" from project "/Users/dacanetdev/Dev/AIGenerated/RoadmapSkills/tests/Modules/Users/DeventSoft.RoadmapSkills.Users.UnitTests/DeventSoft.RoadmapSkills.Users.UnitTests.csproj" (target "ResolveReferences" depends on it):
       Task "MSBuild" skipped, due to false condition; ('%(_MSBuildProjectReferenceExistent.BuildReference)' == 'true' and '@(ProjectReferenceWithConfiguration)' != '' and ('$(BuildingInsideVisualStudio)' == 'true' or '$(BuildProjectReferences)' != 'true') and '$(VisualStudioVersion)' != '10.0' and '@(_MSBuildProjectReferenceExistent)' != '') was evaluated as ('' == 'true' and '' != '' and ('' == 'true' or 'true' != 'true') and '17.0' != '10.0' and '' != '').
       Task "MSBuild" skipped, due to false condition; ('%(_MSBuildProjectReferenceExistent.BuildReference)' == 'true' and '@(ProjectReferenceWithConfiguration)' != '' and '$(BuildingInsideVisualStudio)' != 'true' and '$(BuildProjectReferences)' == 'true' and '@(_MSBuildProjectReferenceExistent)' != '') was evaluated as ('' == 'true' and '' != '' and '' != 'true' and 'true' == 'true' and '' != '').
       Task "MSBuild" skipped, due to false condition; ('%(_MSBuildProjectReferenceExistent.BuildReference)' == 'true' and '@(ProjectReferenceWithConfiguration)' != '' and '$(BuildingProject)' == 'true' and '@(_MSBuildProjectReferenceExistent)' != '') was evaluated as ('' == 'true' and '' != '' and 'true' == 'true' and '' != '').
       Task "MSBuildInternalMessage" skipped, due to false condition; ('$(_NonExistentProjectReferenceSeverity)' != '') was evaluated as ('' != '').
   2:6>Target "_HandlePackageFileConflicts" in file "/usr/local/share/dotnet/sdk/9.0.200/Sdks/Microsoft.NET.Sdk/targets/Microsoft.NET.ConflictResolution.targets" from project "/Users/dacanetdev/Dev/AIGenerated/RoadmapSkills/tests/Modules/Users/DeventSoft.RoadmapSkills.Users.IntegrationTests/DeventSoft.RoadmapSkills.Users.IntegrationTests.csproj" (target "ResolveAssemblyReferences" depends on it):
   2:6>Using "ResolvePackageFileConflicts" task from assembly "/usr/local/share/dotnet/sdk/9.0.200/Sdks/Microsoft.NET.Sdk/targets/../tools/net9.0/Microsoft.NET.Build.Tasks.dll".
   5:6>Done building target "ResolveProjectReferences" in project "DeventSoft.RoadmapSkills.Users.UnitTests.csproj".
   2:6>Task "ResolvePackageFileConflicts"
   5:6>Target "FindInvalidProjectReferences" skipped, due to false condition; ('$(FindInvalidProjectReferences)' == 'true') was evaluated as ('' == 'true').
       Target "ResolveNativeReferences" skipped, due to false condition; ('@(NativeReference)'!='') was evaluated as (''!='').
       Target "ResolveProjectReferences" skipped. Previously built successfully.
       Target "FindInvalidProjectReferences" skipped, due to false condition; ('$(FindInvalidProjectReferences)' == 'true') was evaluated as ('' == 'true').
       Target "GetFrameworkPaths" skipped. Previously built successfully.
       Target "GetReferenceAssemblyPaths" skipped. Previously built successfully.
       Target "PrepareForBuild" skipped. Previously built successfully.
       Target "GetInstalledSDKLocations" skipped, due to false condition; ('@(SDKReference)' != '') was evaluated as ('' != '').
   5:6>Target "ResolveSDKReferences" in file "/usr/local/share/dotnet/sdk/9.0.200/Microsoft.Common.CurrentVersion.targets" from project "/Users/dacanetdev/Dev/AIGenerated/RoadmapSkills/tests/Modules/Users/DeventSoft.RoadmapSkills.Users.UnitTests/DeventSoft.RoadmapSkills.Users.UnitTests.csproj" (target "ResolveAssemblyReferences" depends on it):
       Task "ResolveSDKReference" skipped, due to false condition; ('@(SDKReference)'!='') was evaluated as (''!='').
   5:6>Done building target "ResolveSDKReferences" in project "DeventSoft.RoadmapSkills.Users.UnitTests.csproj".
       Target "ResolveSDKReferences" skipped. Previously built successfully.
   5:6>Target "ExpandSDKReferences" in file "/usr/local/share/dotnet/sdk/9.0.200/Microsoft.Common.CurrentVersion.targets" from project "/Users/dacanetdev/Dev/AIGenerated/RoadmapSkills/tests/Modules/Users/DeventSoft.RoadmapSkills.Users.UnitTests/DeventSoft.RoadmapSkills.Users.UnitTests.csproj" (target "ResolveAssemblyReferences" depends on it):
       Task "GetSDKReferenceFiles" skipped, due to false condition; ('@(ResolvedSDKReference)'!='') was evaluated as (''!='').
   5:6>Done building target "ExpandSDKReferences" in project "DeventSoft.RoadmapSkills.Users.UnitTests.csproj".
       Target "ResolvePackageDependenciesForBuild" skipped. Previously built successfully.
       Target "GetFrameworkPaths" skipped. Previously built successfully.
       Target "GetReferenceAssemblyPaths" skipped. Previously built successfully.
       Target "ProcessFrameworkReferences" skipped. Previously built successfully.
       Target "ResolvePackageAssets" skipped. Previously built successfully.
   5:6>Target "ResolveFrameworkReferences" in file "/usr/local/share/dotnet/sdk/9.0.200/Sdks/Microsoft.NET.Sdk/targets/Microsoft.NET.Sdk.FrameworkReferenceResolution.targets" from project "/Users/dacanetdev/Dev/AIGenerated/RoadmapSkills/tests/Modules/Users/DeventSoft.RoadmapSkills.Users.UnitTests/DeventSoft.RoadmapSkills.Users.UnitTests.csproj" (target "ResolveTargetingPackAssets" depends on it):
       Using "GetPackageDirectory" task from assembly "/usr/local/share/dotnet/sdk/9.0.200/Sdks/Microsoft.NET.Sdk/targets/../tools/net9.0/Microsoft.NET.Build.Tasks.dll".
       Task "GetPackageDirectory"
       Done executing task "GetPackageDirectory".
       Task "GetPackageDirectory"
       Done executing task "GetPackageDirectory".
       Task "GetPackageDirectory"
   4:7>Done executing task "ResolvePackageAssets".
     0>/usr/local/share/dotnet/sdk/9.0.200/Sdks/Microsoft.NET.Sdk/Sdk/Sdk.props(49,11): message : Property 'MSBuildExtensionsPath' with value '/usr/local/share/dotnet/sdk/9.0.200/' expanded from the environment.
   4:7>Done building target "ResolvePackageAssets" in project "DeventSoft.RoadmapSkills.Users.Infrastructure.csproj".
       Target "AdjustDefaultPlatformTargetForNetFrameworkExeWithNoNativeCopyLocalItems" skipped, due to false condition; ('$(_UsingDefaultPlatformTarget)' == 'true' and
                            '$(_UsingDefaultRuntimeIdentifier)' == 'true') was evaluated as ('true' == 'true' and
                            '' == 'true').
       Target "_CheckForTransitiveWindowsDesktopDependencies" skipped, due to false condition; ('$(TargetFrameworkIdentifier)' == '.NETCoreApp' and $([MSBuild]::VersionGreaterThanOrEquals($(_TargetFrameworkVersionWithoutV), '5.0')) and '$(TargetPlatformIdentifier)' != 'Windows' and '@(TransitiveFrameworkReference)' != '') was evaluated as ('.NETCoreApp' == '.NETCoreApp' and True and '' != 'Windows' and '' != '').
       Target "AddTransitiveFrameworkReferences" skipped, due to false condition; ('@(TransitiveFrameworkReference)' != '') was evaluated as ('' != '').
   4:7>Target "ResolveLockFileReferences" in file "/usr/local/share/dotnet/sdk/9.0.200/Sdks/Microsoft.NET.Sdk/targets/Microsoft.PackageDependencyResolution.targets" from project "/Users/dacanetdev/Dev/AIGenerated/RoadmapSkills/src/Modules/Users/DeventSoft.RoadmapSkills.Users.Infrastructure/DeventSoft.RoadmapSkills.Users.Infrastructure.csproj" (target "ResolvePackageDependenciesForBuild" depends on it):
       Using "JoinItems" task from assembly "/usr/local/share/dotnet/sdk/9.0.200/Sdks/Microsoft.NET.Sdk/targets/../tools/net9.0/Microsoft.NET.Build.Tasks.dll".
       Task "JoinItems"
     0>Property reassignment: $(_FrameworkIdentifierForImplicitDefine)="NET" (previous value: "NETCOREAPP") at /usr/local/share/dotnet/sdk/9.0.200/Sdks/Microsoft.NET.Sdk/targets/Microsoft.NET.Sdk.BeforeCommon.targets (187,5)
       Property reassignment: $(_FrameworkVersionForImplicitDefine)="8_0" (previous value: "8.0") at /usr/local/share/dotnet/sdk/9.0.200/Sdks/Microsoft.NET.Sdk/targets/Microsoft.NET.Sdk.BeforeCommon.targets (192,5)
       Property reassignment: $(MSBuildProjectExtensionsPath)="/Users/dacanetdev/Dev/AIGenerated/RoadmapSkills/src/Shared/DeventSoft.RoadmapSkills.Shared.Domain/obj/" (previous value: "obj\") at /usr/local/share/dotnet/sdk/9.0.200/Current/Microsoft.Common.props (60,5)
   4:7>Done executing task "JoinItems".
   4:7>Done building target "ResolveLockFileReferences" in project "DeventSoft.RoadmapSkills.Users.Infrastructure.csproj".
       Target "ResolvePackageAssets" skipped. Previously built successfully.
   4:7>Target "ResolveLockFileAnalyzers" in file "/usr/local/share/dotnet/sdk/9.0.200/Sdks/Microsoft.NET.Sdk/targets/Microsoft.PackageDependencyResolution.targets" from project "/Users/dacanetdev/Dev/AIGenerated/RoadmapSkills/src/Modules/Users/DeventSoft.RoadmapSkills.Users.Infrastructure/DeventSoft.RoadmapSkills.Users.Infrastructure.csproj" (target "ResolvePackageDependenciesForBuild" depends on it):
   4:7>Done building target "ResolveLockFileAnalyzers" in project "DeventSoft.RoadmapSkills.Users.Infrastructure.csproj".
       Target "ResolvePackageAssets" skipped. Previously built successfully.
       Target "RunProduceContentAssets" skipped, due to false condition; ('@(_ContentFilesToPreprocess)' != '' and '$(_CleaningWithoutRebuilding)' != 'true') was evaluated as ('' != '' and '' != 'true').
     0>/usr/local/share/dotnet/sdk/9.0.200/Current/Microsoft.Common.props(84,119): message : Property 'MSBuildUserExtensionsPath' with value '/Users/dacanetdev/Library/Application Support/Microsoft\MSBuild' expanded from the environment.
   4:7>Target "ResolveLockFileCopyLocalFiles" in file "/usr/local/share/dotnet/sdk/9.0.200/Sdks/Microsoft.NET.Sdk/targets/Microsoft.PackageDependencyResolution.targets" from project "/Users/dacanetdev/Dev/AIGenerated/RoadmapSkills/src/Modules/Users/DeventSoft.RoadmapSkills.Users.Infrastructure/DeventSoft.RoadmapSkills.Users.Infrastructure.csproj" (target "ResolvePackageDependenciesForBuild" depends on it):
   4:7>Done building target "ResolveLockFileCopyLocalFiles" in project "DeventSoft.RoadmapSkills.Users.Infrastructure.csproj".
       Target "ResolveRuntimePackAssets" skipped, due to false condition; ('@(RuntimePack)' != '') was evaluated as ('' != '').
       Target "RunProduceContentAssets" skipped, due to false condition; ('@(_ContentFilesToPreprocess)' != '' and '$(_CleaningWithoutRebuilding)' != 'true') was evaluated as ('' != '' and '' != 'true').
       Target "ResolvePackageAssets" skipped. Previously built successfully.
   4:7>Target "IncludeTransitiveProjectReferences" in file "/usr/local/share/dotnet/sdk/9.0.200/Sdks/Microsoft.NET.Sdk/targets/Microsoft.PackageDependencyResolution.targets" from project "/Users/dacanetdev/Dev/AIGenerated/RoadmapSkills/src/Modules/Users/DeventSoft.RoadmapSkills.Users.Infrastructure/DeventSoft.RoadmapSkills.Users.Infrastructure.csproj" (target "ResolvePackageDependenciesForBuild" depends on it):
   4:7>Done building target "IncludeTransitiveProjectReferences" in project "DeventSoft.RoadmapSkills.Users.Infrastructure.csproj".
   4:7>Target "ResolvePackageDependenciesForBuild" in file "/usr/local/share/dotnet/sdk/9.0.200/Sdks/Microsoft.NET.Sdk/targets/Microsoft.PackageDependencyResolution.targets" from project "/Users/dacanetdev/Dev/AIGenerated/RoadmapSkills/src/Modules/Users/DeventSoft.RoadmapSkills.Users.Infrastructure/DeventSoft.RoadmapSkills.Users.Infrastructure.csproj" (target "AssignProjectConfiguration" depends on it):
   4:7>Done building target "ResolvePackageDependenciesForBuild" in project "DeventSoft.RoadmapSkills.Users.Infrastructure.csproj".
       Target "_System_Text_JsonAnalyzerMultiTargeting" skipped, due to false condition; ('$(SupportsRoslynComponentVersioning)' != 'true') was evaluated as ('true' != 'true').
       Target "_System_Text_JsonRemoveAnalyzers" skipped, due to false condition; ('$(DisableSystemTextJsonSourceGenerator)' == 'true') was evaluated as ('' == 'true').
       Target "_Microsoft_Extensions_OptionsAnalyzerMultiTargeting" skipped, due to false condition; ('$(SupportsRoslynComponentVersioning)' != 'true') was evaluated as ('true' != 'true').
       Target "_Microsoft_Extensions_OptionsRemoveAnalyzers" skipped, due to false condition; ('$(DisableMicrosoftExtensionsOptionsSourceGenerator)' == 'true') was evaluated as ('' == 'true').
       Target "_Microsoft_Extensions_Logging_AbstractionsAnalyzerMultiTargeting" skipped, due to false condition; ('$(SupportsRoslynComponentVersioning)' != 'true') was evaluated as ('true' != 'true').
       Target "_Microsoft_Extensions_Logging_AbstractionsRemoveAnalyzers" skipped, due to false condition; ('$(DisableMicrosoftExtensionsLoggingSourceGenerator)' == 'true') was evaluated as ('' == 'true').
   4:7>Target "AssignProjectConfiguration" in file "/usr/local/share/dotnet/sdk/9.0.200/Microsoft.Common.CurrentVersion.targets" from project "/Users/dacanetdev/Dev/AIGenerated/RoadmapSkills/src/Modules/Users/DeventSoft.RoadmapSkills.Users.Infrastructure/DeventSoft.RoadmapSkills.Users.Infrastructure.csproj" (target "ResolveReferences" depends on it):
       Using "AssignProjectConfiguration" task from assembly "Microsoft.Build.Tasks.Core, Version=15.1.0.0, Culture=neutral, PublicKeyToken=b03f5f7f11d50a3a".
       Task "AssignProjectConfiguration"
     0>Property reassignment: $(AssemblySearchPaths)="{CandidateAssemblyFiles};{HintPathFromItem}" (previous value: "{CandidateAssemblyFiles}") at /usr/local/share/dotnet/sdk/9.0.200/Sdks/Microsoft.NET.Sdk/targets/Microsoft.NET.Sdk.props (90,5)
       Property reassignment: $(AssemblySearchPaths)="{CandidateAssemblyFiles};{HintPathFromItem};{TargetFrameworkDirectory}" (previous value: "{CandidateAssemblyFiles};{HintPathFromItem}") at /usr/local/share/dotnet/sdk/9.0.200/Sdks/Microsoft.NET.Sdk/targets/Microsoft.NET.Sdk.props (91,5)
       Property reassignment: $(AssemblySearchPaths)="{CandidateAssemblyFiles};{HintPathFromItem};{TargetFrameworkDirectory};{RawFileName}" (previous value: "{CandidateAssemblyFiles};{HintPathFromItem};{TargetFrameworkDirectory}") at /usr/local/share/dotnet/sdk/9.0.200/Sdks/Microsoft.NET.Sdk/targets/Microsoft.NET.Sdk.props (92,5)
   4:7>AssignProjectConfiguration:
         Project reference "../DeventSoft.RoadmapSkills.Users.Application/DeventSoft.RoadmapSkills.Users.Application.csproj" has been assigned the "Debug|AnyCPU" configuration.
         Project reference "../../../Shared/DeventSoft.RoadmapSkills.Shared.Domain/DeventSoft.RoadmapSkills.Shared.Domain.csproj" has not been resolved.
         Project reference "../DeventSoft.RoadmapSkills.Users.Domain/DeventSoft.RoadmapSkills.Users.Domain.csproj" has been assigned the "Debug|AnyCPU" configuration.
       Done executing task "AssignProjectConfiguration".
   4:7>Done building target "AssignProjectConfiguration" in project "DeventSoft.RoadmapSkills.Users.Infrastructure.csproj".
       Target "AssignProjectConfiguration" skipped. Previously built successfully.
   4:7>Target "_SplitProjectReferencesByFileExistence" in file "/usr/local/share/dotnet/sdk/9.0.200/Microsoft.Common.CurrentVersion.targets" from project "/Users/dacanetdev/Dev/AIGenerated/RoadmapSkills/src/Modules/Users/DeventSoft.RoadmapSkills.Users.Infrastructure/DeventSoft.RoadmapSkills.Users.Infrastructure.csproj" (target "PrepareProjectReferences" depends on it):
       Task "ResolveNonMSBuildProjectOutput" skipped, due to false condition; ('$(BuildingInsideVisualStudio)'=='true' and '@(ProjectReferenceWithConfiguration)'!='') was evaluated as (''=='true' and '../DeventSoft.RoadmapSkills.Users.Application/DeventSoft.RoadmapSkills.Users.Application.csproj;../DeventSoft.RoadmapSkills.Users.Domain/DeventSoft.RoadmapSkills.Users.Domain.csproj;../../../Shared/DeventSoft.RoadmapSkills.Shared.Domain/DeventSoft.RoadmapSkills.Shared.Domain.csproj'!='').
   4:7>Done building target "_SplitProjectReferencesByFileExistence" in project "DeventSoft.RoadmapSkills.Users.Infrastructure.csproj".
   4:7>Target "_AddOutputPathToGlobalPropertiesToRemove" in file "/usr/local/share/dotnet/sdk/9.0.200/Microsoft.Common.CurrentVersion.targets" from project "/Users/dacanetdev/Dev/AIGenerated/RoadmapSkills/src/Modules/Users/DeventSoft.RoadmapSkills.Users.Infrastructure/DeventSoft.RoadmapSkills.Users.Infrastructure.csproj" (target "_GetProjectReferenceTargetFrameworkProperties" depends on it):
   4:7>Done building target "_AddOutputPathToGlobalPropertiesToRemove" in project "DeventSoft.RoadmapSkills.Users.Infrastructure.csproj".
   4:7>Target "_GetProjectReferenceTargetFrameworkProperties" in file "/usr/local/share/dotnet/sdk/9.0.200/Microsoft.Common.CurrentVersion.targets" from project "/Users/dacanetdev/Dev/AIGenerated/RoadmapSkills/src/Modules/Users/DeventSoft.RoadmapSkills.Users.Infrastructure/DeventSoft.RoadmapSkills.Users.Infrastructure.csproj" (target "PrepareProjectReferences" depends on it):
       Task "MSBuild"
     0>Property reassignment: $(TargetsForTfmSpecificContentInPackage)=";PackTool;_PackProjectToolValidation" (previous value: ";PackTool") at /usr/local/share/dotnet/sdk/9.0.200/Sdks/Microsoft.NET.Sdk/targets/Microsoft.NET.PackProjectTool.props (15,5)
   4:7>_GetProjectReferenceTargetFrameworkProperties:
         Global Properties:
           Configuration=Debug
           Platform=AnyCPU
         Removing Properties:
           TargetFramework
           RuntimeIdentifier
           SelfContained
     0>Property reassignment: $(PublishProfileImported)="false" (previous value: "true") at /usr/local/share/dotnet/sdk/9.0.200/Sdks/Microsoft.NET.Sdk/targets/Microsoft.NET.Sdk.ImportPublishProfile.targets (28,5)
       Property reassignment: $(TargetPlatformVersion)="" (previous value: "0.0") at /usr/local/share/dotnet/sdk/9.0.200/Sdks/Microsoft.NET.Sdk/targets/Microsoft.NET.TargetFrameworkInference.targets (69,5)
   2:6>_HandlePackageFileConflicts:
         Encountered conflict between 'Reference:/Users/dacanetdev/.nuget/packages/system.reflection.metadata/1.6.0/lib/netstandard2.0/System.Reflection.Metadata.dll' and 'Reference:/Users/dacanetdev/.nuget/packages/microsoft.netcore.app.ref/8.0.13/ref/net8.0/System.Reflection.Metadata.dll'. Choosing 'Reference:/Users/dacanetdev/.nuget/packages/microsoft.netcore.app.ref/8.0.13/ref/net8.0/System.Reflection.Metadata.dll' because AssemblyVersion '8.0.0.0' is greater than '1.4.3.0'.
         Encountered conflict between 'Reference:/Users/dacanetdev/.nuget/packages/microsoft.testplatform.objectmodel/17.8.0/lib/netcoreapp3.1/Microsoft.TestPlatform.CoreUtilities.dll' and 'Reference:/Users/dacanetdev/.nuget/packages/microsoft.testplatform.testhost/17.8.0/lib/netcoreapp3.1/Microsoft.TestPlatform.CoreUtilities.dll'. Could not determine winner due to equal file and assembly versions.
         Encountered conflict between 'Reference:/Users/dacanetdev/.nuget/packages/microsoft.testplatform.objectmodel/17.8.0/lib/netcoreapp3.1/Microsoft.TestPlatform.PlatformAbstractions.dll' and 'Reference:/Users/dacanetdev/.nuget/packages/microsoft.testplatform.testhost/17.8.0/lib/netcoreapp3.1/Microsoft.TestPlatform.PlatformAbstractions.dll'. Could not determine winner due to equal file and assembly versions.
         Encountered conflict between 'Reference:/Users/dacanetdev/.nuget/packages/microsoft.testplatform.objectmodel/17.8.0/lib/netcoreapp3.1/Microsoft.VisualStudio.TestPlatform.ObjectModel.dll' and 'Reference:/Users/dacanetdev/.nuget/packages/microsoft.testplatform.testhost/17.8.0/lib/netcoreapp3.1/Microsoft.VisualStudio.TestPlatform.ObjectModel.dll'. Could not determine winner due to equal file and assembly versions.
     0>Property reassignment: $(DefaultItemExcludes)=";bin\Debug//**;obj\Debug//**" (previous value: ";bin\Debug//**") at /usr/local/share/dotnet/sdk/9.0.200/Sdks/Microsoft.NET.Sdk/targets/Microsoft.NET.DefaultOutputPaths.targets (122,5)
       Property reassignment: $(OutputPath)="bin\Debug/net8.0/" (previous value: "bin\Debug/") at /usr/local/share/dotnet/sdk/9.0.200/Sdks/Microsoft.NET.Sdk/targets/Microsoft.NET.DefaultOutputPaths.targets (137,5)
       Property reassignment: $(IntermediateOutputPath)="obj\Debug/net8.0/" (previous value: "obj\Debug/") at /usr/local/share/dotnet/sdk/9.0.200/Sdks/Microsoft.NET.Sdk/targets/Microsoft.NET.DefaultOutputPaths.targets (142,5)
       Overriding target "ResolveFrameworkReferences" in project "/usr/local/share/dotnet/sdk/9.0.200/Microsoft.Common.CurrentVersion.targets" with target "ResolveFrameworkReferences" from project "/usr/local/share/dotnet/sdk/9.0.200/Sdks/Microsoft.NET.Sdk/targets/Microsoft.NET.Sdk.FrameworkReferenceResolution.targets".
       Overriding target "Run" in project "/usr/local/share/dotnet/sdk/9.0.200/Microsoft.Common.CurrentVersion.targets" with target "Run" from project "/usr/local/share/dotnet/sdk/9.0.200/Sdks/Microsoft.NET.Sdk/targets/Microsoft.NET.Sdk.targets".
       Overriding target "GenerateSupportedTargetFrameworkAlias" in project "/usr/local/share/dotnet/sdk/9.0.200/Microsoft.Common.CurrentVersion.targets" with target "GenerateSupportedTargetFrameworkAlias" from project "/usr/local/share/dotnet/sdk/9.0.200/Sdks/Microsoft.NET.Sdk/targets/Microsoft.NET.Sdk.targets".
       Overriding target "GetReferenceAssemblyPaths" in project "/usr/local/share/dotnet/sdk/9.0.200/Microsoft.Common.CurrentVersion.targets" with target "GetReferenceAssemblyPaths" from project "/usr/local/share/dotnet/sdk/9.0.200/Sdks/Microsoft.NET.Sdk/targets/Microsoft.NET.DisableStandardFrameworkResolution.targets".
       Overriding target "GetFrameworkPaths" in project "/usr/local/share/dotnet/sdk/9.0.200/Microsoft.Common.CurrentVersion.targets" with target "GetFrameworkPaths" from project "/usr/local/share/dotnet/sdk/9.0.200/Sdks/Microsoft.NET.Sdk/targets/Microsoft.NET.DisableStandardFrameworkResolution.targets".
       Overriding target "DesignerRuntimeImplementationProjectOutputGroup" in project "/usr/local/share/dotnet/sdk/9.0.200/Microsoft.Common.CurrentVersion.targets" with target "DesignerRuntimeImplementationProjectOutputGroup" from project "/usr/local/share/dotnet/sdk/9.0.200/Sdks/Microsoft.NET.Sdk/targets/Microsoft.NET.DesignerSupport.targets".
       Overriding target "Publish" in project "/usr/local/share/dotnet/sdk/9.0.200/Microsoft.Common.CurrentVersion.targets" with target "Publish" from project "/usr/local/share/dotnet/sdk/9.0.200/Sdks/Microsoft.NET.Sdk/targets/Microsoft.NET.Publish.targets".
       Overriding target "ResolveReadyToRunCompilers" in project "/usr/local/share/dotnet/sdk/9.0.200/Sdks/Microsoft.NET.Sdk/targets/Microsoft.NET.CrossGen.targets" with target "ResolveReadyToRunCompilers" from project "/usr/local/share/dotnet/sdk/9.0.200/Sdks/Microsoft.NET.Sdk/targets/Microsoft.NET.Publish.targets".
       Overriding target "GetCopyToPublishDirectoryItems" in project "/usr/local/share/dotnet/sdk/9.0.200/Microsoft.Common.CurrentVersion.targets" with target "GetCopyToPublishDirectoryItems" from project "/usr/local/share/dotnet/sdk/9.0.200/Sdks/Microsoft.NET.Sdk/targets/Microsoft.NET.Publish.targets".
       Overriding target "BeforePublish" in project "/usr/local/share/dotnet/sdk/9.0.200/Microsoft.Common.CurrentVersion.targets" with target "BeforePublish" from project "/usr/local/share/dotnet/sdk/9.0.200/Sdks/Microsoft.NET.Sdk.Publish/targets/Microsoft.NET.Sdk.Publish.targets".
       Property reassignment: $(CommandLineArgsForDesignTimeEvaluation)="-langversion:12.0 -define:TRACE" (previous value: "-langversion:12.0") at /usr/local/share/dotnet/sdk/9.0.200/Roslyn/Microsoft.CSharp.Core.targets (200,5)
       Overriding target "AfterPublish" in project "/usr/local/share/dotnet/sdk/9.0.200/Microsoft.Common.CurrentVersion.targets" with target "AfterPublish" from project "/usr/local/share/dotnet/sdk/9.0.200/Sdks/Microsoft.NET.Sdk.Publish/targets/Microsoft.NET.Sdk.Publish.targets".
   5:6>Done executing task "GetPackageDirectory".
   4:7>Project "/Users/dacanetdev/Dev/AIGenerated/RoadmapSkills/src/Modules/Users/DeventSoft.RoadmapSkills.Users.Infrastructure/DeventSoft.RoadmapSkills.Users.Infrastructure.csproj" (4:7) is building "/Users/dacanetdev/Dev/AIGenerated/RoadmapSkills/src/Modules/Users/DeventSoft.RoadmapSkills.Users.Application/DeventSoft.RoadmapSkills.Users.Application.csproj" (3:8) on node 7 (GetTargetFrameworks target(s)).
   3:8>Target "GetTargetFrameworksWithPlatformForSingleTargetFramework" in file "/usr/local/share/dotnet/sdk/9.0.200/Microsoft.Common.CurrentVersion.targets" from project "/Users/dacanetdev/Dev/AIGenerated/RoadmapSkills/src/Modules/Users/DeventSoft.RoadmapSkills.Users.Application/DeventSoft.RoadmapSkills.Users.Application.csproj" (target "GetTargetFrameworks" depends on it):
   3:8>Using "CombineTargetFrameworkInfoProperties" task from assembly "Microsoft.Build.Tasks.Core, Version=15.1.0.0, Culture=neutral, PublicKeyToken=b03f5f7f11d50a3a".
   2:6>_HandlePackageFileConflicts:
         Encountered conflict between 'CopyLocal:/Users/dacanetdev/.nuget/packages/microsoft.testplatform.objectmodel/17.8.0/lib/netcoreapp3.1/Microsoft.TestPlatform.CoreUtilities.dll' and 'CopyLocal:/Users/dacanetdev/.nuget/packages/microsoft.testplatform.testhost/17.8.0/lib/netcoreapp3.1/Microsoft.TestPlatform.CoreUtilities.dll'. Choosing 'CopyLocal:/Users/dacanetdev/.nuget/packages/microsoft.testplatform.objectmodel/17.8.0/lib/netcoreapp3.1/Microsoft.TestPlatform.CoreUtilities.dll' arbitrarily as both items are copy-local and have equal file and assembly versions.
   5:6>Task "GetPackageDirectory"
   3:8>Task "CombineTargetFrameworkInfoProperties"
   5:6>Done executing task "GetPackageDirectory".
   2:6>_HandlePackageFileConflicts:
         Encountered conflict between 'CopyLocal:/Users/dacanetdev/.nuget/packages/microsoft.testplatform.objectmodel/17.8.0/lib/netcoreapp3.1/Microsoft.TestPlatform.PlatformAbstractions.dll' and 'CopyLocal:/Users/dacanetdev/.nuget/packages/microsoft.testplatform.testhost/17.8.0/lib/netcoreapp3.1/Microsoft.TestPlatform.PlatformAbstractions.dll'. Choosing 'CopyLocal:/Users/dacanetdev/.nuget/packages/microsoft.testplatform.objectmodel/17.8.0/lib/netcoreapp3.1/Microsoft.TestPlatform.PlatformAbstractions.dll' arbitrarily as both items are copy-local and have equal file and assembly versions.
   5:6>Task "GetPackageDirectory"
   2:6>_HandlePackageFileConflicts:
         Encountered conflict between 'CopyLocal:/Users/dacanetdev/.nuget/packages/microsoft.testplatform.objectmodel/17.8.0/lib/netcoreapp3.1/Microsoft.VisualStudio.TestPlatform.ObjectModel.dll' and 'CopyLocal:/Users/dacanetdev/.nuget/packages/microsoft.testplatform.testhost/17.8.0/lib/netcoreapp3.1/Microsoft.VisualStudio.TestPlatform.ObjectModel.dll'. Choosing 'CopyLocal:/Users/dacanetdev/.nuget/packages/microsoft.testplatform.objectmodel/17.8.0/lib/netcoreapp3.1/Microsoft.VisualStudio.TestPlatform.ObjectModel.dll' arbitrarily as both items are copy-local and have equal file and assembly versions.
   5:6>Done executing task "GetPackageDirectory".
       Task "GetPackageDirectory"
     0>Property reassignment: $(_FrameworkIdentifierForImplicitDefine)="NET" (previous value: "NETCOREAPP") at /usr/local/share/dotnet/sdk/9.0.200/Sdks/Microsoft.NET.Sdk/targets/Microsoft.NET.Sdk.BeforeCommon.targets (187,5)
   5:6>Done executing task "GetPackageDirectory".
     0>Property reassignment: $(_FrameworkVersionForImplicitDefine)="8_0" (previous value: "8.0") at /usr/local/share/dotnet/sdk/9.0.200/Sdks/Microsoft.NET.Sdk/targets/Microsoft.NET.Sdk.BeforeCommon.targets (192,5)
   5:6>Task "GetPackageDirectory"
       Done executing task "GetPackageDirectory".
       Task "GetPackageDirectory"
       Done executing task "GetPackageDirectory".
       Task "GetPackageDirectory"
       Done executing task "GetPackageDirectory".
       Task "GetPackageDirectory"
       Done executing task "GetPackageDirectory".
       Using "ResolveFrameworkReferences" task from assembly "/usr/local/share/dotnet/sdk/9.0.200/Sdks/Microsoft.NET.Sdk/targets/../tools/net9.0/Microsoft.NET.Build.Tasks.dll".
       Task "ResolveFrameworkReferences"
   3:8>Done executing task "CombineTargetFrameworkInfoProperties".
   3:8>Done building target "GetTargetFrameworksWithPlatformForSingleTargetFramework" in project "DeventSoft.RoadmapSkills.Users.Application.csproj".
   5:6>Done executing task "ResolveFrameworkReferences".
   5:6>Done building target "ResolveFrameworkReferences" in project "DeventSoft.RoadmapSkills.Users.UnitTests.csproj".
   3:8>Target "GetTargetFrameworks" in file "/usr/local/share/dotnet/sdk/9.0.200/Microsoft.Common.CurrentVersion.targets" from project "/Users/dacanetdev/Dev/AIGenerated/RoadmapSkills/src/Modules/Users/DeventSoft.RoadmapSkills.Users.Application/DeventSoft.RoadmapSkills.Users.Application.csproj" (entry point):
   3:8>Task "MSBuildInternalMessage" skipped, due to false condition; ('$(IsCrossTargetingBuild)' == 'true') was evaluated as ('' == 'true').
       Using "CombineXmlElements" task from assembly "Microsoft.Build.Tasks.Core, Version=15.1.0.0, Culture=neutral, PublicKeyToken=b03f5f7f11d50a3a".
       Task "CombineXmlElements"
     0>Property reassignment: $(CommandLineArgsForDesignTimeEvaluation)="-langversion:12.0 -define:TRACE" (previous value: "-langversion:12.0") at /usr/local/share/dotnet/sdk/9.0.200/Roslyn/Microsoft.CSharp.Core.targets (200,5)
   5:6>Target "ResolveTargetingPackAssets" in file "/usr/local/share/dotnet/sdk/9.0.200/Sdks/Microsoft.NET.Sdk/targets/Microsoft.NET.Sdk.FrameworkReferenceResolution.targets" from project "/Users/dacanetdev/Dev/AIGenerated/RoadmapSkills/tests/Modules/Users/DeventSoft.RoadmapSkills.Users.UnitTests/DeventSoft.RoadmapSkills.Users.UnitTests.csproj" (target "_HandlePackageFileConflicts" depends on it):
   5:6>Using "ResolveTargetingPackAssets" task from assembly "/usr/local/share/dotnet/sdk/9.0.200/Sdks/Microsoft.NET.Sdk/targets/../tools/net9.0/Microsoft.NET.Build.Tasks.dll".
       Task "ResolveTargetingPackAssets"
   3:8>Done executing task "CombineXmlElements".
   3:8>Done building target "GetTargetFrameworks" in project "DeventSoft.RoadmapSkills.Users.Application.csproj".
   3:8>Done Building Project "/Users/dacanetdev/Dev/AIGenerated/RoadmapSkills/src/Modules/Users/DeventSoft.RoadmapSkills.Users.Application/DeventSoft.RoadmapSkills.Users.Application.csproj" (GetTargetFrameworks target(s)).
   2:6>_HandlePackageFileConflicts:
         Encountered conflict between 'Platform:System.Reflection.Metadata.dll' and 'CopyLocal:/Users/dacanetdev/.nuget/packages/system.reflection.metadata/1.6.0/lib/netstandard2.0/System.Reflection.Metadata.dll'. Choosing 'Platform:System.Reflection.Metadata.dll' because AssemblyVersion '8.0.0.0' is greater than '1.4.3.0'.
         Encountered conflict between 'Platform:mscorlib.dll' and 'Platform:mscorlib.dll'. Could not determine winner due to equal file and assembly versions.
         Encountered conflict between 'Platform:Microsoft.VisualBasic.dll' and 'Platform:Microsoft.VisualBasic.dll'. Could not determine winner due to equal file and assembly versions.
         Encountered conflict between 'Platform:System.dll' and 'Platform:System.dll'. Could not determine winner due to equal file and assembly versions.
         Encountered conflict between 'Platform:System.ComponentModel.DataAnnotations.dll' and 'Platform:System.ComponentModel.DataAnnotations.dll'. Could not determine winner due to equal file and assembly versions.
         Encountered conflict between 'Platform:System.Configuration.dll' and 'Platform:System.Configuration.dll'. Could not determine winner due to equal file and assembly versions.
   5:6>Done executing task "ResolveTargetingPackAssets".
   2:6>_HandlePackageFileConflicts:
         Encountered conflict between 'Platform:System.Core.dll' and 'Platform:System.Core.dll'. Could not determine winner due to equal file and assembly versions.
         Encountered conflict between 'Platform:System.Data.dll' and 'Platform:System.Data.dll'. Could not determine winner due to equal file and assembly versions.
         Encountered conflict between 'Platform:System.Drawing.dll' and 'Platform:System.Drawing.dll'. Could not determine winner due to equal file and assembly versions.
         Encountered conflict between 'Platform:System.IO.Compression.FileSystem.dll' and 'Platform:System.IO.Compression.FileSystem.dll'. Could not determine winner due to equal file and assembly versions.
         Encountered conflict between 'Platform:System.Net.dll' and 'Platform:System.Net.dll'. Could not determine winner due to equal file and assembly versions.
         Encountered conflict between 'Platform:System.Numerics.dll' and 'Platform:System.Numerics.dll'. Could not determine winner due to equal file and assembly versions.
         Encountered conflict between 'Platform:System.Runtime.Serialization.dll' and 'Platform:System.Runtime.Serialization.dll'. Could not determine winner due to equal file and assembly versions.
         Encountered conflict between 'Platform:System.Security.dll' and 'Platform:System.Security.dll'. Could not determine winner due to equal file and assembly versions.
     0>Property reassignment: $(_DebugSymbolsProduced)="true" (previous value: "false") at /usr/local/share/dotnet/sdk/9.0.200/Microsoft.Common.CurrentVersion.targets (175,5)
   2:6>_HandlePackageFileConflicts:
         Encountered conflict between 'Platform:System.ServiceProcess.dll' and 'Platform:System.ServiceProcess.dll'. Could not determine winner due to equal file and assembly versions.
         Encountered conflict between 'Platform:System.ServiceModel.Web.dll' and 'Platform:System.ServiceModel.Web.dll'. Could not determine winner due to equal file and assembly versions.
     0>Property reassignment: $(_DocumentationFileProduced)="false" (previous value: "true") at /usr/local/share/dotnet/sdk/9.0.200/Microsoft.Common.CurrentVersion.targets (185,5)
   2:6>_HandlePackageFileConflicts:
         Encountered conflict between 'Platform:System.Transactions.dll' and 'Platform:System.Transactions.dll'. Could not determine winner due to equal file and assembly versions.
         Encountered conflict between 'Platform:System.Web.dll' and 'Platform:System.Web.dll'. Could not determine winner due to equal file and assembly versions.
   5:6>Done building target "ResolveTargetingPackAssets" in project "DeventSoft.RoadmapSkills.Users.UnitTests.csproj".
   2:6>_HandlePackageFileConflicts:
         Encountered conflict between 'Platform:System.Windows.dll' and 'Platform:System.Windows.dll'. Could not determine winner due to equal file and assembly versions.
         Encountered conflict between 'Platform:System.Xml.dll' and 'Platform:System.Xml.dll'. Could not determine winner due to equal file and assembly versions.
         Encountered conflict between 'Platform:System.Xml.Serialization.dll' and 'Platform:System.Xml.Serialization.dll'. Could not determine winner due to equal file and assembly versions.
   5:6>Target "ResolveOffByDefaultAnalyzers" in file "/usr/local/share/dotnet/sdk/9.0.200/Sdks/Microsoft.NET.Sdk/targets/Microsoft.NET.Sdk.FrameworkReferenceResolution.targets" from project "/Users/dacanetdev/Dev/AIGenerated/RoadmapSkills/tests/Modules/Users/DeventSoft.RoadmapSkills.Users.UnitTests/DeventSoft.RoadmapSkills.Users.UnitTests.csproj" (target "_HandlePackageFileConflicts" depends on it):
   5:6>Done building target "ResolveOffByDefaultAnalyzers" in project "DeventSoft.RoadmapSkills.Users.UnitTests.csproj".
   2:6>_HandlePackageFileConflicts:
         Encountered conflict between 'Platform:System.Xml.Linq.dll' and 'Platform:System.Xml.Linq.dll'. Could not determine winner due to equal file and assembly versions.
         Encountered conflict between 'Platform:WindowsBase.dll' and 'Platform:WindowsBase.dll'. Could not determine winner due to equal file and assembly versions.
         Encountered conflict between 'Platform:netstandard.dll' and 'Platform:netstandard.dll'. Could not determine winner due to equal file and assembly versions.
         Encountered conflict between 'Platform:System.Private.CoreLib.dll' and 'Platform:System.Private.CoreLib.dll'. Could not determine winner due to equal file and assembly versions.
         Encountered conflict between 'Platform:System.Private.DataContractSerialization.dll' and 'Platform:System.Private.DataContractSerialization.dll'. Could not determine winner due to equal file and assembly versions.
         Encountered conflict between 'Platform:System.Private.Uri.dll' and 'Platform:System.Private.Uri.dll'. Could not determine winner due to equal file and assembly versions.
         Encountered conflict between 'Platform:System.Private.Xml.dll' and 'Platform:System.Private.Xml.dll'. Could not determine winner due to equal file and assembly versions.
         Encountered conflict between 'Platform:System.Private.Xml.Linq.dll' and 'Platform:System.Private.Xml.Linq.dll'. Could not determine winner due to equal file and assembly versions.
         Encountered conflict between 'Platform:mscordaccore_amd64_amd64_8.0.1325.6609.dll' and 'Platform:mscordaccore_amd64_amd64_8.0.1325.6609.dll'. Could not determine winner due to equal file and assembly versions.
       Done executing task "ResolvePackageFileConflicts".
   5:6>Target "_HandlePackageFileConflicts" in file "/usr/local/share/dotnet/sdk/9.0.200/Sdks/Microsoft.NET.Sdk/targets/Microsoft.NET.ConflictResolution.targets" from project "/Users/dacanetdev/Dev/AIGenerated/RoadmapSkills/tests/Modules/Users/DeventSoft.RoadmapSkills.Users.UnitTests/DeventSoft.RoadmapSkills.Users.UnitTests.csproj" (target "ResolveAssemblyReferences" depends on it):
   5:6>Using "ResolvePackageFileConflicts" task from assembly "/usr/local/share/dotnet/sdk/9.0.200/Sdks/Microsoft.NET.Sdk/targets/../tools/net9.0/Microsoft.NET.Build.Tasks.dll".
       Task "ResolvePackageFileConflicts"
     0>The "SolutionName" property is a global property, and cannot be modified.
       The "SolutionFileName" property is a global property, and cannot be modified.
       The "SolutionPath" property is a global property, and cannot be modified.
       The "SolutionDir" property is a global property, and cannot be modified.
       The "SolutionExt" property is a global property, and cannot be modified.
       Property reassignment: $(MSBuildCopyMarkerName)="DeventSo.56CE3848" (previous value: "DeventSoft.RoadmapSkills.Shared.Domain.csproj") at /usr/local/share/dotnet/sdk/9.0.200/Microsoft.Common.CurrentVersion.targets (392,5)
       Property reassignment: $(MSBuildCopyMarkerName)="DeventSo.56CE3848.Up2Date" (previous value: "DeventSo.56CE3848") at /usr/local/share/dotnet/sdk/9.0.200/Microsoft.Common.CurrentVersion.targets (393,5)
       Property reassignment: $(ProcessorArchitecture)="msil" (previous value: "") at /usr/local/share/dotnet/sdk/9.0.200/Microsoft.Common.CurrentVersion.targets (541,5)
       Property reassignment: $(DelaySign)="" (previous value: "false") at /usr/local/share/dotnet/sdk/9.0.200/Microsoft.Common.CurrentVersion.targets (580,5)
       /usr/local/share/dotnet/sdk/9.0.200/Microsoft.Common.CurrentVersion.targets(2590,5): message : Property 'LocalAppData' with value '/Users/dacanetdev/Library/Application Support' expanded from the environment.
   5:6>_HandlePackageFileConflicts:
         Encountered conflict between 'Reference:/Users/dacanetdev/.nuget/packages/system.reflection.metadata/1.6.0/lib/netstandard2.0/System.Reflection.Metadata.dll' and 'Reference:/Users/dacanetdev/.nuget/packages/microsoft.netcore.app.ref/8.0.13/ref/net8.0/System.Reflection.Metadata.dll'. Choosing 'Reference:/Users/dacanetdev/.nuget/packages/microsoft.netcore.app.ref/8.0.13/ref/net8.0/System.Reflection.Metadata.dll' because AssemblyVersion '8.0.0.0' is greater than '1.4.3.0'.
   2:6>Done building target "_HandlePackageFileConflicts" in project "DeventSoft.RoadmapSkills.Users.IntegrationTests.csproj".
       Target "ResolveTargetingPackAssets" skipped. Previously built successfully.
     0>Property reassignment: $(_SGenGenerateSerializationAssembliesConfig)="Auto" (previous value: "") at /usr/local/share/dotnet/sdk/9.0.200/Microsoft.Common.CurrentVersion.targets (3916,5)
       Property reassignment: $(_SGenGenerateSerializationAssembliesConfig)="Off" (previous value: "Auto") at /usr/local/share/dotnet/sdk/9.0.200/Microsoft.Common.CurrentVersion.targets (3917,5)
   2:6>Target "ResolveAssemblyReferences" in file "/usr/local/share/dotnet/sdk/9.0.200/Microsoft.Common.CurrentVersion.targets" from project "/Users/dacanetdev/Dev/AIGenerated/RoadmapSkills/tests/Modules/Users/DeventSoft.RoadmapSkills.Users.IntegrationTests/DeventSoft.RoadmapSkills.Users.IntegrationTests.csproj" (target "ResolveReferences" depends on it):
   2:6>Using "ResolveAssemblyReference" task from assembly "Microsoft.Build.Tasks.Core, Version=15.1.0.0, Culture=neutral, PublicKeyToken=b03f5f7f11d50a3a".
     0>Property reassignment: $(_TargetsThatPrepareProjectReferences)="
      AssignProjectConfiguration;
      _SplitProjectReferencesByFileExistence
    " (previous value: "_SplitProjectReferencesByFileExistence") at /usr/local/share/dotnet/sdk/9.0.200/Microsoft.Common.CurrentVersion.targets (5128,5)
       /usr/local/share/dotnet/sdk/9.0.200/Microsoft.Common.CurrentVersion.targets(6923,5): message : Property 'MSBuildExtensionsPath32' with value '/usr/local/share/dotnet/sdk/9.0.200' expanded from the environment.
   2:6>Task "ResolveAssemblyReference"
         TargetFrameworkMoniker:
             .NETCoreApp,Version=v8.0
         TargetFrameworkMonikerDisplayName:
   5:6>_HandlePackageFileConflicts:
         Encountered conflict between 'Reference:/Users/dacanetdev/.nuget/packages/microsoft.testplatform.objectmodel/17.8.0/lib/netcoreapp3.1/Microsoft.TestPlatform.CoreUtilities.dll' and 'Reference:/Users/dacanetdev/.nuget/packages/microsoft.testplatform.testhost/17.8.0/lib/netcoreapp3.1/Microsoft.TestPlatform.CoreUtilities.dll'. Could not determine winner due to equal file and assembly versions.
   2:6>ResolveAssemblyReferences:
             .NET 8.0
         TargetedRuntimeVersion:
             
         Assemblies:
             /Users/dacanetdev/.nuget/packages/microsoft.codecoverage/17.8.0/lib/netcoreapp3.1/Microsoft.VisualStudio.CodeCoverage.Shim.dll
                 Private = 'false'
                 HintPath = '/Users/dacanetdev/.nuget/packages/microsoft.codecoverage/17.8.0/lib/netcoreapp3.1/Microsoft.VisualStudio.CodeCoverage.Shim.dll'
   5:6>_HandlePackageFileConflicts:
         Encountered conflict between 'Reference:/Users/dacanetdev/.nuget/packages/microsoft.testplatform.objectmodel/17.8.0/lib/netcoreapp3.1/Microsoft.TestPlatform.PlatformAbstractions.dll' and 'Reference:/Users/dacanetdev/.nuget/packages/microsoft.testplatform.testhost/17.8.0/lib/netcoreapp3.1/Microsoft.TestPlatform.PlatformAbstractions.dll'. Could not determine winner due to equal file and assembly versions.
   2:6>ResolveAssemblyReferences:
             /Users/dacanetdev/.nuget/packages/microsoft.testplatform.objectmodel/17.8.0/lib/netcoreapp3.1/Microsoft.TestPlatform.CoreUtilities.dll
   5:6>_HandlePackageFileConflicts:
         Encountered conflict between 'Reference:/Users/dacanetdev/.nuget/packages/microsoft.testplatform.objectmodel/17.8.0/lib/netcoreapp3.1/Microsoft.VisualStudio.TestPlatform.ObjectModel.dll' and 'Reference:/Users/dacanetdev/.nuget/packages/microsoft.testplatform.testhost/17.8.0/lib/netcoreapp3.1/Microsoft.VisualStudio.TestPlatform.ObjectModel.dll'. Could not determine winner due to equal file and assembly versions.
   2:6>ResolveAssemblyReferences:
                 Private = 'false'
   5:6>_HandlePackageFileConflicts:
         Encountered conflict between 'CopyLocal:/Users/dacanetdev/.nuget/packages/microsoft.testplatform.objectmodel/17.8.0/lib/netcoreapp3.1/Microsoft.TestPlatform.CoreUtilities.dll' and 'CopyLocal:/Users/dacanetdev/.nuget/packages/microsoft.testplatform.testhost/17.8.0/lib/netcoreapp3.1/Microsoft.TestPlatform.CoreUtilities.dll'. Choosing 'CopyLocal:/Users/dacanetdev/.nuget/packages/microsoft.testplatform.objectmodel/17.8.0/lib/netcoreapp3.1/Microsoft.TestPlatform.CoreUtilities.dll' arbitrarily as both items are copy-local and have equal file and assembly versions.
   2:6>ResolveAssemblyReferences:
                 HintPath = '/Users/dacanetdev/.nuget/packages/microsoft.testplatform.objectmodel/17.8.0/lib/netcoreapp3.1/Microsoft.TestPlatform.CoreUtilities.dll'
   5:6>_HandlePackageFileConflicts:
         Encountered conflict between 'CopyLocal:/Users/dacanetdev/.nuget/packages/microsoft.testplatform.objectmodel/17.8.0/lib/netcoreapp3.1/Microsoft.TestPlatform.PlatformAbstractions.dll' and 'CopyLocal:/Users/dacanetdev/.nuget/packages/microsoft.testplatform.testhost/17.8.0/lib/netcoreapp3.1/Microsoft.TestPlatform.PlatformAbstractions.dll'. Choosing 'CopyLocal:/Users/dacanetdev/.nuget/packages/microsoft.testplatform.objectmodel/17.8.0/lib/netcoreapp3.1/Microsoft.TestPlatform.PlatformAbstractions.dll' arbitrarily as both items are copy-local and have equal file and assembly versions.
   2:6>ResolveAssemblyReferences:
             /Users/dacanetdev/.nuget/packages/microsoft.testplatform.objectmodel/17.8.0/lib/netcoreapp3.1/Microsoft.TestPlatform.PlatformAbstractions.dll
   5:6>_HandlePackageFileConflicts:
         Encountered conflict between 'CopyLocal:/Users/dacanetdev/.nuget/packages/microsoft.testplatform.objectmodel/17.8.0/lib/netcoreapp3.1/Microsoft.VisualStudio.TestPlatform.ObjectModel.dll' and 'CopyLocal:/Users/dacanetdev/.nuget/packages/microsoft.testplatform.testhost/17.8.0/lib/netcoreapp3.1/Microsoft.VisualStudio.TestPlatform.ObjectModel.dll'. Choosing 'CopyLocal:/Users/dacanetdev/.nuget/packages/microsoft.testplatform.objectmodel/17.8.0/lib/netcoreapp3.1/Microsoft.VisualStudio.TestPlatform.ObjectModel.dll' arbitrarily as both items are copy-local and have equal file and assembly versions.
   2:6>ResolveAssemblyReferences:
                 Private = 'false'
   5:6>_HandlePackageFileConflicts:
         Encountered conflict between 'Platform:System.Reflection.Metadata.dll' and 'CopyLocal:/Users/dacanetdev/.nuget/packages/system.reflection.metadata/1.6.0/lib/netstandard2.0/System.Reflection.Metadata.dll'. Choosing 'Platform:System.Reflection.Metadata.dll' because AssemblyVersion '8.0.0.0' is greater than '1.4.3.0'.
   2:6>ResolveAssemblyReferences:
                 HintPath = '/Users/dacanetdev/.nuget/packages/microsoft.testplatform.objectmodel/17.8.0/lib/netcoreapp3.1/Microsoft.TestPlatform.PlatformAbstractions.dll'
   5:6>_HandlePackageFileConflicts:
         Encountered conflict between 'Platform:mscorlib.dll' and 'Platform:mscorlib.dll'. Could not determine winner due to equal file and assembly versions.
   2:6>ResolveAssemblyReferences:
             /Users/dacanetdev/.nuget/packages/microsoft.testplatform.objectmodel/17.8.0/lib/netcoreapp3.1/Microsoft.VisualStudio.TestPlatform.ObjectModel.dll
   5:6>_HandlePackageFileConflicts:
         Encountered conflict between 'Platform:Microsoft.VisualBasic.dll' and 'Platform:Microsoft.VisualBasic.dll'. Could not determine winner due to equal file and assembly versions.
   2:6>ResolveAssemblyReferences:
                 Private = 'false'
   5:6>_HandlePackageFileConflicts:
         Encountered conflict between 'Platform:System.dll' and 'Platform:System.dll'. Could not determine winner due to equal file and assembly versions.
   2:6>ResolveAssemblyReferences:
                 HintPath = '/Users/dacanetdev/.nuget/packages/microsoft.testplatform.objectmodel/17.8.0/lib/netcoreapp3.1/Microsoft.VisualStudio.TestPlatform.ObjectModel.dll'
     0>Property reassignment: $(ProjectAssetsCacheFile)="/Users/dacanetdev/Dev/AIGenerated/RoadmapSkills/src/Shared/DeventSoft.RoadmapSkills.Shared.Domain/obj/Debug/net8.0/DeventSoft.RoadmapSkills.Shared.Domain.assets.cache" (previous value: "obj\Debug/net8.0/DeventSoft.RoadmapSkills.Shared.Domain.assets.cache") at /usr/local/share/dotnet/sdk/9.0.200/Sdks/Microsoft.NET.Sdk/targets/Microsoft.PackageDependencyResolution.targets (29,5)
   2:6>ResolveAssemblyReferences:
             /Users/dacanetdev/.nuget/packages/microsoft.testplatform.testhost/17.8.0/lib/netcoreapp3.1/Microsoft.TestPlatform.CommunicationUtilities.dll
   5:6>_HandlePackageFileConflicts:
         Encountered conflict between 'Platform:System.ComponentModel.DataAnnotations.dll' and 'Platform:System.ComponentModel.DataAnnotations.dll'. Could not determine winner due to equal file and assembly versions.
     0>Property reassignment: $(ResolveAssemblyReferencesDependsOn)="
      
      ResolveProjectReferences;
      FindInvalidProjectReferences;
      GetFrameworkPaths;
      GetReferenceAssemblyPaths;
      PrepareForBuild;
      ResolveSDKReferences;
      ExpandSDKReferences;
    ;
      ResolvePackageDependenciesForBuild;
      _HandlePackageFileConflicts;
    " (previous value: "
      ResolveProjectReferences;
      FindInvalidProjectReferences;
      GetFrameworkPaths;
      GetReferenceAssemblyPaths;
      PrepareForBuild;
      ResolveSDKReferences;
      ExpandSDKReferences;
    ") at /usr/local/share/dotnet/sdk/9.0.200/Sdks/Microsoft.NET.Sdk/targets/Microsoft.PackageDependencyResolution.targets (80,5)
   2:6>ResolveAssemblyReferences:
                 Private = 'false'
   5:6>_HandlePackageFileConflicts:
         Encountered conflict between 'Platform:System.Configuration.dll' and 'Platform:System.Configuration.dll'. Could not determine winner due to equal file and assembly versions.
     0>Property reassignment: $(PrepareResourcesDependsOn)="
      ResolvePackageDependenciesForBuild;
      _HandlePackageFileConflicts;
      
      ;
      PrepareResourceNames;
      ResGen;
      CompileLicxFiles
    
    " (previous value: "
      ;
      PrepareResourceNames;
      ResGen;
      CompileLicxFiles
    ") at /usr/local/share/dotnet/sdk/9.0.200/Sdks/Microsoft.NET.Sdk/targets/Microsoft.PackageDependencyResolution.targets (86,5)
   5:6>_HandlePackageFileConflicts:
         Encountered conflict between 'Platform:System.Core.dll' and 'Platform:System.Core.dll'. Could not determine winner due to equal file and assembly versions.
         Encountered conflict between 'Platform:System.Data.dll' and 'Platform:System.Data.dll'. Could not determine winner due to equal file and assembly versions.
   2:6>ResolveAssemblyReferences:
                 HintPath = '/Users/dacanetdev/.nuget/packages/microsoft.testplatform.testhost/17.8.0/lib/netcoreapp3.1/Microsoft.TestPlatform.CommunicationUtilities.dll'
     0>Property reassignment: $(DefaultItemExcludes)=";bin\Debug//**;obj\Debug//**;bin\/**" (previous value: ";bin\Debug//**;obj\Debug//**") at /usr/local/share/dotnet/sdk/9.0.200/Sdks/Microsoft.NET.Sdk/targets/Microsoft.NET.Sdk.DefaultItems.targets (27,5)
   5:6>_HandlePackageFileConflicts:
         Encountered conflict between 'Platform:System.Drawing.dll' and 'Platform:System.Drawing.dll'. Could not determine winner due to equal file and assembly versions.
   2:6>ResolveAssemblyReferences:
             /Users/dacanetdev/.nuget/packages/microsoft.testplatform.testhost/17.8.0/lib/netcoreapp3.1/Microsoft.TestPlatform.CoreUtilities.dll
     0>Property reassignment: $(DefaultItemExcludes)=";bin\Debug//**;obj\Debug//**;bin\/**;obj\/**" (previous value: ";bin\Debug//**;obj\Debug//**;bin\/**") at /usr/local/share/dotnet/sdk/9.0.200/Sdks/Microsoft.NET.Sdk/targets/Microsoft.NET.Sdk.DefaultItems.targets (29,5)
   5:6>_HandlePackageFileConflicts:
         Encountered conflict between 'Platform:System.IO.Compression.FileSystem.dll' and 'Platform:System.IO.Compression.FileSystem.dll'. Could not determine winner due to equal file and assembly versions.
   2:6>ResolveAssemblyReferences:
                 Private = 'false'
     0>Property reassignment: $(DefaultItemExcludes)=";bin\Debug//**;obj\Debug//**;bin\/**;obj\/**;**/*.user" (previous value: ";bin\Debug//**;obj\Debug//**;bin\/**;obj\/**") at /usr/local/share/dotnet/sdk/9.0.200/Sdks/Microsoft.NET.Sdk/targets/Microsoft.NET.Sdk.DefaultItems.targets (32,5)
   5:6>_HandlePackageFileConflicts:
         Encountered conflict between 'Platform:System.Net.dll' and 'Platform:System.Net.dll'. Could not determine winner due to equal file and assembly versions.
   2:6>ResolveAssemblyReferences:
                 HintPath = '/Users/dacanetdev/.nuget/packages/microsoft.testplatform.testhost/17.8.0/lib/netcoreapp3.1/Microsoft.TestPlatform.CoreUtilities.dll'
             /Users/dacanetdev/.nuget/packages/microsoft.testplatform.testhost/17.8.0/lib/netcoreapp3.1/Microsoft.TestPlatform.CrossPlatEngine.dll
     0>Property reassignment: $(DefaultItemExcludes)=";bin\Debug//**;obj\Debug//**;bin\/**;obj\/**;**/*.user;**/*.*proj" (previous value: ";bin\Debug//**;obj\Debug//**;bin\/**;obj\/**;**/*.user") at /usr/local/share/dotnet/sdk/9.0.200/Sdks/Microsoft.NET.Sdk/targets/Microsoft.NET.Sdk.DefaultItems.targets (33,5)
   5:6>_HandlePackageFileConflicts:
         Encountered conflict between 'Platform:System.Numerics.dll' and 'Platform:System.Numerics.dll'. Could not determine winner due to equal file and assembly versions.
   2:6>ResolveAssemblyReferences:
                 Private = 'false'
   5:6>_HandlePackageFileConflicts:
         Encountered conflict between 'Platform:System.Runtime.Serialization.dll' and 'Platform:System.Runtime.Serialization.dll'. Could not determine winner due to equal file and assembly versions.
     0>Property reassignment: $(DefaultItemExcludes)=";bin\Debug//**;obj\Debug//**;bin\/**;obj\/**;**/*.user;**/*.*proj;**/*.sln" (previous value: ";bin\Debug//**;obj\Debug//**;bin\/**;obj\/**;**/*.user;**/*.*proj") at /usr/local/share/dotnet/sdk/9.0.200/Sdks/Microsoft.NET.Sdk/targets/Microsoft.NET.Sdk.DefaultItems.targets (34,5)
   2:6>ResolveAssemblyReferences:
                 HintPath = '/Users/dacanetdev/.nuget/packages/microsoft.testplatform.testhost/17.8.0/lib/netcoreapp3.1/Microsoft.TestPlatform.CrossPlatEngine.dll'
   5:6>_HandlePackageFileConflicts:
         Encountered conflict between 'Platform:System.Security.dll' and 'Platform:System.Security.dll'. Could not determine winner due to equal file and assembly versions.
   2:6>ResolveAssemblyReferences:
             /Users/dacanetdev/.nuget/packages/microsoft.testplatform.testhost/17.8.0/lib/netcoreapp3.1/Microsoft.TestPlatform.PlatformAbstractions.dll
     0>Property reassignment: $(DefaultItemExcludes)=";bin\Debug//**;obj\Debug//**;bin\/**;obj\/**;**/*.user;**/*.*proj;**/*.sln;**/*.vssscc" (previous value: ";bin\Debug//**;obj\Debug//**;bin\/**;obj\/**;**/*.user;**/*.*proj;**/*.sln") at /usr/local/share/dotnet/sdk/9.0.200/Sdks/Microsoft.NET.Sdk/targets/Microsoft.NET.Sdk.DefaultItems.targets (35,5)
   5:6>_HandlePackageFileConflicts:
         Encountered conflict between 'Platform:System.ServiceProcess.dll' and 'Platform:System.ServiceProcess.dll'. Could not determine winner due to equal file and assembly versions.
   2:6>ResolveAssemblyReferences:
                 Private = 'false'
   5:6>_HandlePackageFileConflicts:
         Encountered conflict between 'Platform:System.ServiceModel.Web.dll' and 'Platform:System.ServiceModel.Web.dll'. Could not determine winner due to equal file and assembly versions.
     0>Property reassignment: $(DefaultItemExcludes)=";bin\Debug//**;obj\Debug//**;bin\/**;obj\/**;**/*.user;**/*.*proj;**/*.sln;**/*.vssscc;**/.DS_Store" (previous value: ";bin\Debug//**;obj\Debug//**;bin\/**;obj\/**;**/*.user;**/*.*proj;**/*.sln;**/*.vssscc") at /usr/local/share/dotnet/sdk/9.0.200/Sdks/Microsoft.NET.Sdk/targets/Microsoft.NET.Sdk.DefaultItems.targets (36,5)
       Property reassignment: $(ResolveAssemblyReferencesDependsOn)="
             
             
             ResolveProjectReferences;
             FindInvalidProjectReferences;
             GetFrameworkPaths;
             GetReferenceAssemblyPaths;
             PrepareForBuild;
             ResolveSDKReferences;
             ExpandSDKReferences;
           ;
             ResolvePackageDependenciesForBuild;
             _HandlePackageFileConflicts;
           ;
             ResolveTargetingPackAssets;
           " (previous value: "
             
             ResolveProjectReferences;
             FindInvalidProjectReferences;
             GetFrameworkPaths;
             GetReferenceAssemblyPaths;
             PrepareForBuild;
             ResolveSDKReferences;
             ExpandSDKReferences;
           ;
             ResolvePackageDependenciesForBuild;
             _HandlePackageFileConflicts;
           ") at /usr/local/share/dotnet/sdk/9.0.200/Sdks/Microsoft.NET.Sdk/targets/Microsoft.NET.Sdk.FrameworkReferenceResolution.targets (14,5)
   2:6>ResolveAssemblyReferences:
                 HintPath = '/Users/dacanetdev/.nuget/packages/microsoft.testplatform.testhost/17.8.0/lib/netcoreapp3.1/Microsoft.TestPlatform.PlatformAbstractions.dll'
     0>Property reassignment: $(_GenerateRuntimeConfigurationPropertyInputsCache)="/Users/dacanetdev/Dev/AIGenerated/RoadmapSkills/src/Shared/DeventSoft.RoadmapSkills.Shared.Domain/obj/Debug/net8.0/DeventSoft.RoadmapSkills.Shared.Domain.genruntimeconfig.cache" (previous value: "obj\Debug/net8.0/DeventSoft.RoadmapSkills.Shared.Domain.genruntimeconfig.cache") at /usr/local/share/dotnet/sdk/9.0.200/Sdks/Microsoft.NET.Sdk/targets/Microsoft.NET.Sdk.targets (44,5)
   2:6>ResolveAssemblyReferences:
             /Users/dacanetdev/.nuget/packages/microsoft.testplatform.testhost/17.8.0/lib/netcoreapp3.1/Microsoft.TestPlatform.Utilities.dll
   5:6>_HandlePackageFileConflicts:
         Encountered conflict between 'Platform:System.Transactions.dll' and 'Platform:System.Transactions.dll'. Could not determine winner due to equal file and assembly versions.
   2:6>ResolveAssemblyReferences:
                 Private = 'false'
     0>The target "CollectUpToDateCheckInputDesignTime" listed in a BeforeTargets attribute at "/usr/local/share/dotnet/sdk/9.0.200/Sdks/Microsoft.NET.Sdk.StaticWebAssets/targets/Microsoft.NET.Sdk.StaticWebAssets.ScopedCss.targets (171,5)" does not exist in the project, and will be ignored.
       Property reassignment: $(_GeneratePublishDependencyFilePropertyInputsCache)="/Users/dacanetdev/Dev/AIGenerated/RoadmapSkills/src/Shared/DeventSoft.RoadmapSkills.Shared.Domain/obj/Debug/net8.0/DeventSoft.RoadmapSkills.Shared.Domain.genpublishdeps.cache" (previous value: "obj\Debug/net8.0/DeventSoft.RoadmapSkills.Shared.Domain.genpublishdeps.cache") at /usr/local/share/dotnet/sdk/9.0.200/Sdks/Microsoft.NET.Sdk/targets/Microsoft.NET.Sdk.targets (46,5)
   5:6>_HandlePackageFileConflicts:
         Encountered conflict between 'Platform:System.Web.dll' and 'Platform:System.Web.dll'. Could not determine winner due to equal file and assembly versions.
   2:6>ResolveAssemblyReferences:
                 HintPath = '/Users/dacanetdev/.nuget/packages/microsoft.testplatform.testhost/17.8.0/lib/netcoreapp3.1/Microsoft.TestPlatform.Utilities.dll'
   5:6>_HandlePackageFileConflicts:
         Encountered conflict between 'Platform:System.Windows.dll' and 'Platform:System.Windows.dll'. Could not determine winner due to equal file and assembly versions.
     0>The target "CollectUpToDateCheckBuiltDesignTime" listed in a BeforeTargets attribute at "/usr/local/share/dotnet/sdk/9.0.200/Sdks/Microsoft.NET.Sdk.StaticWebAssets/targets/Microsoft.NET.Sdk.StaticWebAssets.ScopedCss.targets (171,5)" does not exist in the project, and will be ignored.
       Property reassignment: $(_GenerateSingleFileBundlePropertyInputsCache)="/Users/dacanetdev/Dev/AIGenerated/RoadmapSkills/src/Shared/DeventSoft.RoadmapSkills.Shared.Domain/obj/Debug/net8.0/DeventSoft.RoadmapSkills.Shared.Domain.genbundle.cache" (previous value: "obj\Debug/net8.0/DeventSoft.RoadmapSkills.Shared.Domain.genbundle.cache") at /usr/local/share/dotnet/sdk/9.0.200/Sdks/Microsoft.NET.Sdk/targets/Microsoft.NET.Sdk.targets (48,5)
   2:6>ResolveAssemblyReferences:
             /Users/dacanetdev/.nuget/packages/microsoft.testplatform.testhost/17.8.0/lib/netcoreapp3.1/Microsoft.VisualStudio.TestPlatform.Common.dll
   5:6>_HandlePackageFileConflicts:
         Encountered conflict between 'Platform:System.Xml.dll' and 'Platform:System.Xml.dll'. Could not determine winner due to equal file and assembly versions.
   2:6>ResolveAssemblyReferences:
                 Private = 'false'
   5:6>_HandlePackageFileConflicts:
         Encountered conflict between 'Platform:System.Xml.Serialization.dll' and 'Platform:System.Xml.Serialization.dll'. Could not determine winner due to equal file and assembly versions.
     0>Property reassignment: $(GenerateRuntimeConfigDevFile)="false" (previous value: "true") at /usr/local/share/dotnet/sdk/9.0.200/Sdks/Microsoft.NET.Sdk/targets/Microsoft.NET.Sdk.targets (81,5)
       The target "RazorGenerateComponentDeclaration" listed in an AfterTargets attribute at "/usr/local/share/dotnet/sdk/9.0.200/Sdks/Microsoft.NET.Sdk.Razor/targets/Microsoft.NET.Sdk.Razor.DesignTime.targets (55,53)" does not exist in the project, and will be ignored.
   2:6>ResolveAssemblyReferences:
                 HintPath = '/Users/dacanetdev/.nuget/packages/microsoft.testplatform.testhost/17.8.0/lib/netcoreapp3.1/Microsoft.VisualStudio.TestPlatform.Common.dll'
   5:6>_HandlePackageFileConflicts:
         Encountered conflict between 'Platform:System.Xml.Linq.dll' and 'Platform:System.Xml.Linq.dll'. Could not determine winner due to equal file and assembly versions.
     0>/usr/local/share/dotnet/sdk/9.0.200/Sdks/Microsoft.NET.Sdk/targets/Microsoft.NET.Sdk.targets(96,5): message : Property 'HOME' with value '/Users/dacanetdev' expanded from the environment.
   2:6>ResolveAssemblyReferences:
             /Users/dacanetdev/.nuget/packages/microsoft.testplatform.testhost/17.8.0/lib/netcoreapp3.1/Microsoft.VisualStudio.TestPlatform.ObjectModel.dll
   5:6>_HandlePackageFileConflicts:
         Encountered conflict between 'Platform:WindowsBase.dll' and 'Platform:WindowsBase.dll'. Could not determine winner due to equal file and assembly versions.
   2:6>ResolveAssemblyReferences:
                 Private = 'false'
   5:6>_HandlePackageFileConflicts:
         Encountered conflict between 'Platform:netstandard.dll' and 'Platform:netstandard.dll'. Could not determine winner due to equal file and assembly versions.
     0>Property reassignment: $(_DefaultUserProfileRuntimeStorePath)="/Users/dacanetdev/.dotnet/store" (previous value: "/Users/dacanetdev") at /usr/local/share/dotnet/sdk/9.0.200/Sdks/Microsoft.NET.Sdk/targets/Microsoft.NET.Sdk.targets (98,5)
   2:6>ResolveAssemblyReferences:
                 HintPath = '/Users/dacanetdev/.nuget/packages/microsoft.testplatform.testhost/17.8.0/lib/netcoreapp3.1/Microsoft.VisualStudio.TestPlatform.ObjectModel.dll'
   5:6>_HandlePackageFileConflicts:
         Encountered conflict between 'Platform:System.Private.CoreLib.dll' and 'Platform:System.Private.CoreLib.dll'. Could not determine winner due to equal file and assembly versions.
     0>Property reassignment: $(AvailablePlatforms)="Any CPU,x86,x64,ARM32" (previous value: "Any CPU,x86,x64") at /usr/local/share/dotnet/sdk/9.0.200/Sdks/Microsoft.NET.Sdk/targets/Microsoft.NET.Sdk.targets (140,5)
   2:6>ResolveAssemblyReferences:
             /Users/dacanetdev/.nuget/packages/microsoft.testplatform.testhost/17.8.0/lib/netcoreapp3.1/testhost.dll
   5:6>_HandlePackageFileConflicts:
         Encountered conflict between 'Platform:System.Private.DataContractSerialization.dll' and 'Platform:System.Private.DataContractSerialization.dll'. Could not determine winner due to equal file and assembly versions.
     0>Property reassignment: $(AvailablePlatforms)="Any CPU,x86,x64,ARM32,ARM64" (previous value: "Any CPU,x86,x64,ARM32") at /usr/local/share/dotnet/sdk/9.0.200/Sdks/Microsoft.NET.Sdk/targets/Microsoft.NET.Sdk.targets (144,5)
   2:6>ResolveAssemblyReferences:
                 Private = 'false'
   5:6>_HandlePackageFileConflicts:
         Encountered conflict between 'Platform:System.Private.Uri.dll' and 'Platform:System.Private.Uri.dll'. Could not determine winner due to equal file and assembly versions.
   2:6>ResolveAssemblyReferences:
                 HintPath = '/Users/dacanetdev/.nuget/packages/microsoft.testplatform.testhost/17.8.0/lib/netcoreapp3.1/testhost.dll'
     0>Property reassignment: $(CoreBuildDependsOn)="
      _CheckForBuildWithNoBuild;
      
      BuildOnlySettings;
      PrepareForBuild;
      PreBuildEvent;
      ResolveReferences;
      PrepareResources;
      ResolveKeySource;
      Compile;
      ExportWindowsMDFile;
      UnmanagedUnregistration;
      GenerateSerializationAssemblies;
      CreateSatelliteAssemblies;
      GenerateManifests;
      GetTargetPath;
      PrepareForRun;
      UnmanagedRegistration;
      IncrementalClean;
      PostBuildEvent
    ;
      GenerateBuildDependencyFile;
      GenerateBuildRuntimeConfigurationFiles
    " (previous value: "
      BuildOnlySettings;
      PrepareForBuild;
      PreBuildEvent;
      ResolveReferences;
      PrepareResources;
      ResolveKeySource;
      Compile;
      ExportWindowsMDFile;
      UnmanagedUnregistration;
      GenerateSerializationAssemblies;
      CreateSatelliteAssemblies;
      GenerateManifests;
      GetTargetPath;
      PrepareForRun;
      UnmanagedRegistration;
      IncrementalClean;
      PostBuildEvent
    ") at /usr/local/share/dotnet/sdk/9.0.200/Sdks/Microsoft.NET.Sdk/targets/Microsoft.NET.Sdk.targets (201,5)
   5:6>_HandlePackageFileConflicts:
         Encountered conflict between 'Platform:System.Private.Xml.dll' and 'Platform:System.Private.Xml.dll'. Could not determine winner due to equal file and assembly versions.
   2:6>ResolveAssemblyReferences:
             /Users/dacanetdev/.nuget/packages/newtonsoft.json/13.0.1/lib/netstandard2.0/Newtonsoft.Json.dll
     0>Property reassignment: $(CoreCleanDependsOn)="
      _SdkBeforeClean;
      
    " (previous value: "") at /usr/local/share/dotnet/sdk/9.0.200/Sdks/Microsoft.NET.Sdk/targets/Microsoft.NET.Sdk.targets (210,5)
   2:6>ResolveAssemblyReferences:
                 Private = 'false'
     0>Property reassignment: $(RebuildDependsOn)="
      _SdkBeforeRebuild;
      
      BeforeRebuild;
      Clean;
      Build;
      AfterRebuild;
    
    " (previous value: "
      BeforeRebuild;
      Clean;
      Build;
      AfterRebuild;
    ") at /usr/local/share/dotnet/sdk/9.0.200/Sdks/Microsoft.NET.Sdk/targets/Microsoft.NET.Sdk.targets (217,5)
   2:6>ResolveAssemblyReferences:
                 HintPath = '/Users/dacanetdev/.nuget/packages/newtonsoft.json/13.0.1/lib/netstandard2.0/Newtonsoft.Json.dll'
             /Users/dacanetdev/.nuget/packages/nuget.frameworks/6.5.0/lib/netstandard2.0/NuGet.Frameworks.dll
     0>Property reassignment: $(CompileDependsOn)="
      
      ResolveReferences;
      ResolveKeySource;
      SetWin32ManifestProperties;
      _SetPreferNativeArm64Win32ManifestProperties;
      FindReferenceAssembliesForReferences;
      _GenerateCompileInputs;
      BeforeCompile;
      _TimeStampBeforeCompile;
      _GenerateCompileDependencyCache;
      CoreCompile;
      _TimeStampAfterCompile;
      AfterCompile;
    ;
      _CreateAppHost;
      _CreateComHost;
      _GetIjwHostPaths;
    " (previous value: "
      ResolveReferences;
      ResolveKeySource;
      SetWin32ManifestProperties;
      _SetPreferNativeArm64Win32ManifestProperties;
      FindReferenceAssembliesForReferences;
      _GenerateCompileInputs;
      BeforeCompile;
      _TimeStampBeforeCompile;
      _GenerateCompileDependencyCache;
      CoreCompile;
      _TimeStampAfterCompile;
      AfterCompile;
    ") at /usr/local/share/dotnet/sdk/9.0.200/Sdks/Microsoft.NET.Sdk/targets/Microsoft.NET.Sdk.targets (784,5)
   2:6>ResolveAssemblyReferences:
                 Private = 'false'
     0>Property reassignment: $(CreateSatelliteAssembliesDependsOn)="
      
      ;
      _GenerateSatelliteAssemblyInputs;
      ComputeIntermediateSatelliteAssemblies;
      GenerateSatelliteAssemblies
    ;
      CoreGenerateSatelliteAssemblies
    " (previous value: "
      ;
      _GenerateSatelliteAssemblyInputs;
      ComputeIntermediateSatelliteAssemblies;
      GenerateSatelliteAssemblies
    ") at /usr/local/share/dotnet/sdk/9.0.200/Sdks/Microsoft.NET.Sdk/targets/Microsoft.NET.Sdk.targets (1184,5)
       Overriding target "ResolveFrameworkReferences" in project "/usr/local/share/dotnet/sdk/9.0.200/Microsoft.Common.CurrentVersion.targets" with target "ResolveFrameworkReferences" from project "/usr/local/share/dotnet/sdk/9.0.200/Sdks/Microsoft.NET.Sdk/targets/Microsoft.NET.Sdk.FrameworkReferenceResolution.targets".
   2:6>ResolveAssemblyReferences:
                 HintPath = '/Users/dacanetdev/.nuget/packages/nuget.frameworks/6.5.0/lib/netstandard2.0/NuGet.Frameworks.dll'
     0>Property reassignment: $(SourceLinkUrlInitializerTargets)=";_InitializeGitHubSourceLinkUrl;_InitializeGitLabSourceLinkUrl" (previous value: ";_InitializeGitHubSourceLinkUrl") at /usr/local/share/dotnet/sdk/9.0.200/Sdks/Microsoft.SourceLink.GitLab/build/Microsoft.SourceLink.GitLab.targets (12,5)
   2:6>ResolveAssemblyReferences:
             /Users/dacanetdev/.nuget/packages/xunit.abstractions/2.0.3/lib/netstandard2.0/xunit.abstractions.dll
     0>Overriding target "Run" in project "/usr/local/share/dotnet/sdk/9.0.200/Microsoft.Common.CurrentVersion.targets" with target "Run" from project "/usr/local/share/dotnet/sdk/9.0.200/Sdks/Microsoft.NET.Sdk/targets/Microsoft.NET.Sdk.targets".
   2:6>ResolveAssemblyReferences:
                 Private = 'false'
     0>Property reassignment: $(SourceControlManagerUrlTranslationTargets)=";TranslateGitHubUrlsInSourceControlInformation;TranslateGitLabUrlsInSourceControlInformation" (previous value: ";TranslateGitHubUrlsInSourceControlInformation") at /usr/local/share/dotnet/sdk/9.0.200/Sdks/Microsoft.SourceLink.GitLab/build/Microsoft.SourceLink.GitLab.targets (13,5)
       Overriding target "GenerateSupportedTargetFrameworkAlias" in project "/usr/local/share/dotnet/sdk/9.0.200/Microsoft.Common.CurrentVersion.targets" with target "GenerateSupportedTargetFrameworkAlias" from project "/usr/local/share/dotnet/sdk/9.0.200/Sdks/Microsoft.NET.Sdk/targets/Microsoft.NET.Sdk.targets".
   2:6>ResolveAssemblyReferences:
                 HintPath = '/Users/dacanetdev/.nuget/packages/xunit.abstractions/2.0.3/lib/netstandard2.0/xunit.abstractions.dll'
   5:6>_HandlePackageFileConflicts:
         Encountered conflict between 'Platform:System.Private.Xml.Linq.dll' and 'Platform:System.Private.Xml.Linq.dll'. Could not determine winner due to equal file and assembly versions.
     0>Property reassignment: $(SourceLinkUrlInitializerTargets)=";_InitializeGitHubSourceLinkUrl;_InitializeGitLabSourceLinkUrl;_InitializeAzureReposGitSourceLinkUrl" (previous value: ";_InitializeGitHubSourceLinkUrl;_InitializeGitLabSourceLinkUrl") at /usr/local/share/dotnet/sdk/9.0.200/Sdks/Microsoft.SourceLink.AzureRepos.Git/build/Microsoft.SourceLink.AzureRepos.Git.targets (12,5)
   2:6>ResolveAssemblyReferences:
             /Users/dacanetdev/.nuget/packages/xunit.assert/2.5.3/lib/netstandard1.1/xunit.assert.dll
     0>Overriding target "GetReferenceAssemblyPaths" in project "/usr/local/share/dotnet/sdk/9.0.200/Microsoft.Common.CurrentVersion.targets" with target "GetReferenceAssemblyPaths" from project "/usr/local/share/dotnet/sdk/9.0.200/Sdks/Microsoft.NET.Sdk/targets/Microsoft.NET.DisableStandardFrameworkResolution.targets".
   2:6>ResolveAssemblyReferences:
                 Private = 'false'
     0>Property reassignment: $(SourceControlManagerUrlTranslationTargets)=";TranslateGitHubUrlsInSourceControlInformation;TranslateGitLabUrlsInSourceControlInformation;TranslateAzureReposGitUrlsInSourceControlInformation" (previous value: ";TranslateGitHubUrlsInSourceControlInformation;TranslateGitLabUrlsInSourceControlInformation") at /usr/local/share/dotnet/sdk/9.0.200/Sdks/Microsoft.SourceLink.AzureRepos.Git/build/Microsoft.SourceLink.AzureRepos.Git.targets (13,5)
   5:6>_HandlePackageFileConflicts:
         Encountered conflict between 'Platform:mscordaccore_amd64_amd64_8.0.1325.6609.dll' and 'Platform:mscordaccore_amd64_amd64_8.0.1325.6609.dll'. Could not determine winner due to equal file and assembly versions.
   2:6>ResolveAssemblyReferences:
                 HintPath = '/Users/dacanetdev/.nuget/packages/xunit.assert/2.5.3/lib/netstandard1.1/xunit.assert.dll'
     0>Overriding target "GetFrameworkPaths" in project "/usr/local/share/dotnet/sdk/9.0.200/Microsoft.Common.CurrentVersion.targets" with target "GetFrameworkPaths" from project "/usr/local/share/dotnet/sdk/9.0.200/Sdks/Microsoft.NET.Sdk/targets/Microsoft.NET.DisableStandardFrameworkResolution.targets".
       Property reassignment: $(SourceLinkUrlInitializerTargets)=";_InitializeGitHubSourceLinkUrl;_InitializeGitLabSourceLinkUrl;_InitializeAzureReposGitSourceLinkUrl;_InitializeBitbucketGitSourceLinkUrl" (previous value: ";_InitializeGitHubSourceLinkUrl;_InitializeGitLabSourceLinkUrl;_InitializeAzureReposGitSourceLinkUrl") at /usr/local/share/dotnet/sdk/9.0.200/Sdks/Microsoft.SourceLink.Bitbucket.Git/build/Microsoft.SourceLink.Bitbucket.Git.targets (12,5)
   5:6>Done executing task "ResolvePackageFileConflicts".
   2:6>ResolveAssemblyReferences:
             /Users/dacanetdev/.nuget/packages/xunit.extensibility.core/2.5.3/lib/netstandard1.1/xunit.core.dll
     0>Overriding target "DesignerRuntimeImplementationProjectOutputGroup" in project "/usr/local/share/dotnet/sdk/9.0.200/Microsoft.Common.CurrentVersion.targets" with target "DesignerRuntimeImplementationProjectOutputGroup" from project "/usr/local/share/dotnet/sdk/9.0.200/Sdks/Microsoft.NET.Sdk/targets/Microsoft.NET.DesignerSupport.targets".
   2:6>ResolveAssemblyReferences:
                 Private = 'false'
     0>Property reassignment: $(SourceControlManagerUrlTranslationTargets)=";TranslateGitHubUrlsInSourceControlInformation;TranslateGitLabUrlsInSourceControlInformation;TranslateAzureReposGitUrlsInSourceControlInformation;TranslateBitbucketGitUrlsInSourceControlInformation" (previous value: ";TranslateGitHubUrlsInSourceControlInformation;TranslateGitLabUrlsInSourceControlInformation;TranslateAzureReposGitUrlsInSourceControlInformation") at /usr/local/share/dotnet/sdk/9.0.200/Sdks/Microsoft.SourceLink.Bitbucket.Git/build/Microsoft.SourceLink.Bitbucket.Git.targets (13,5)
   5:6>Done building target "_HandlePackageFileConflicts" in project "DeventSoft.RoadmapSkills.Users.UnitTests.csproj".
     0>Overriding target "Publish" in project "/usr/local/share/dotnet/sdk/9.0.200/Microsoft.Common.CurrentVersion.targets" with target "Publish" from project "/usr/local/share/dotnet/sdk/9.0.200/Sdks/Microsoft.NET.Sdk/targets/Microsoft.NET.Publish.targets".
   2:6>ResolveAssemblyReferences:
                 HintPath = '/Users/dacanetdev/.nuget/packages/xunit.extensibility.core/2.5.3/lib/netstandard1.1/xunit.core.dll'
     0>Property reassignment: $(DesignerRuntimeImplementationProjectOutputGroupDependsOn)="
      
      ;
      
      ;
      BuildOnlySettings;
      PrepareForBuild;
      AssignTargetPaths;
      ResolveReferences
    
    ;
      _GenerateDesignerDepsFile;
      _GenerateDesignerRuntimeConfigFile;
      GetCopyToOutputDirectoryItems;
      _GatherDesignerShadowCopyFiles;
    " (previous value: "
      ;
      
      ;
      BuildOnlySettings;
      PrepareForBuild;
      AssignTargetPaths;
      ResolveReferences
    
    ") at /usr/local/share/dotnet/sdk/9.0.200/Sdks/Microsoft.NET.Sdk/targets/Microsoft.NET.DesignerSupport.targets (21,5)
   2:6>ResolveAssemblyReferences:
             /Users/dacanetdev/.nuget/packages/xunit.extensibility.execution/2.5.3/lib/netstandard1.1/xunit.execution.dotnet.dll
   5:6>Target "ResolveTargetingPackAssets" skipped. Previously built successfully.
     0>Overriding target "ResolveReadyToRunCompilers" in project "/usr/local/share/dotnet/sdk/9.0.200/Sdks/Microsoft.NET.Sdk/targets/Microsoft.NET.CrossGen.targets" with target "ResolveReadyToRunCompilers" from project "/usr/local/share/dotnet/sdk/9.0.200/Sdks/Microsoft.NET.Sdk/targets/Microsoft.NET.Publish.targets".
   2:6>ResolveAssemblyReferences:
                 Private = 'false'
     0>Overriding target "GetCopyToPublishDirectoryItems" in project "/usr/local/share/dotnet/sdk/9.0.200/Microsoft.Common.CurrentVersion.targets" with target "GetCopyToPublishDirectoryItems" from project "/usr/local/share/dotnet/sdk/9.0.200/Sdks/Microsoft.NET.Sdk/targets/Microsoft.NET.Publish.targets".
   2:6>ResolveAssemblyReferences:
                 HintPath = '/Users/dacanetdev/.nuget/packages/xunit.extensibility.execution/2.5.3/lib/netstandard1.1/xunit.execution.dotnet.dll'
     0>Overriding target "BeforePublish" in project "/usr/local/share/dotnet/sdk/9.0.200/Microsoft.Common.CurrentVersion.targets" with target "BeforePublish" from project "/usr/local/share/dotnet/sdk/9.0.200/Sdks/Microsoft.NET.Sdk.Publish/targets/Microsoft.NET.Sdk.Publish.targets".
   2:6>ResolveAssemblyReferences:
             /Users/dacanetdev/.nuget/packages/microsoft.netcore.app.ref/8.0.13/ref/net8.0/Microsoft.CSharp.dll
                 Private = 'false'
     0>Overriding target "AfterPublish" in project "/usr/local/share/dotnet/sdk/9.0.200/Microsoft.Common.CurrentVersion.targets" with target "AfterPublish" from project "/usr/local/share/dotnet/sdk/9.0.200/Sdks/Microsoft.NET.Sdk.Publish/targets/Microsoft.NET.Sdk.Publish.targets".
   5:6>Target "ResolveAssemblyReferences" in file "/usr/local/share/dotnet/sdk/9.0.200/Microsoft.Common.CurrentVersion.targets" from project "/Users/dacanetdev/Dev/AIGenerated/RoadmapSkills/tests/Modules/Users/DeventSoft.RoadmapSkills.Users.UnitTests/DeventSoft.RoadmapSkills.Users.UnitTests.csproj" (target "ResolveReferences" depends on it):
   5:6>Using "ResolveAssemblyReference" task from assembly "Microsoft.Build.Tasks.Core, Version=15.1.0.0, Culture=neutral, PublicKeyToken=b03f5f7f11d50a3a".
   2:6>ResolveAssemblyReferences:
             /Users/dacanetdev/.nuget/packages/microsoft.netcore.app.ref/8.0.13/ref/net8.0/Microsoft.VisualBasic.Core.dll
     0>The target "ResolveNuGetPackageAssets" listed in an AfterTargets attribute at "/Users/dacanetdev/.nuget/packages/system.text.json/9.0.3/buildTransitive/net8.0/System.Text.Json.targets (11,11)" does not exist in the project, and will be ignored.
   2:6>ResolveAssemblyReferences:
                 Private = 'false'
     0>The target "ResolveNuGetPackageAssets" listed in an AfterTargets attribute at "/Users/dacanetdev/.nuget/packages/system.text.json/9.0.3/buildTransitive/net8.0/System.Text.Json.targets (23,11)" does not exist in the project, and will be ignored.
   2:6>ResolveAssemblyReferences:
             /Users/dacanetdev/.nuget/packages/microsoft.netcore.app.ref/8.0.13/ref/net8.0/Microsoft.VisualBasic.dll
     0>The target "ResolveNuGetPackageAssets" listed in an AfterTargets attribute at "/Users/dacanetdev/.nuget/packages/microsoft.extensions.options/9.0.3/buildTransitive/net8.0/Microsoft.Extensions.Options.targets (11,11)" does not exist in the project, and will be ignored.
   2:6>ResolveAssemblyReferences:
                 Private = 'false'
   5:6>Task "ResolveAssemblyReference"
     0>The target "ResolveNuGetPackageAssets" listed in an AfterTargets attribute at "/Users/dacanetdev/.nuget/packages/microsoft.extensions.options/9.0.3/buildTransitive/net8.0/Microsoft.Extensions.Options.targets (23,11)" does not exist in the project, and will be ignored.
   5:6>ResolveAssemblyReferences:
         TargetFrameworkMoniker:
     0>Property reassignment: $(_GenerateToolsSettingsFileCacheFile)="/Users/dacanetdev/Dev/AIGenerated/RoadmapSkills/src/Shared/DeventSoft.RoadmapSkills.Shared.Domain/obj/Debug/net8.0/DeventSoft.RoadmapSkills.Shared.Domain.toolssettingsinput.cache" (previous value: "obj\Debug/net8.0/DeventSoft.RoadmapSkills.Shared.Domain.toolssettingsinput.cache") at /usr/local/share/dotnet/sdk/9.0.200/Sdks/Microsoft.NET.Sdk/targets/Microsoft.NET.PackTool.targets (68,5)
   5:6>ResolveAssemblyReferences:
             .NETCoreApp,Version=v8.0
     0>The target "ResolveNuGetPackageAssets" listed in an AfterTargets attribute at "/Users/dacanetdev/.nuget/packages/microsoft.extensions.logging.abstractions/9.0.3/buildTransitive/net8.0/Microsoft.Extensions.Logging.Abstractions.targets (11,11)" does not exist in the project, and will be ignored.
       Property reassignment: $(_ShimInputCacheFile)="/Users/dacanetdev/Dev/AIGenerated/RoadmapSkills/src/Shared/DeventSoft.RoadmapSkills.Shared.Domain/obj/Debug/net8.0/DeventSoft.RoadmapSkills.Shared.Domain.shiminput.cache" (previous value: "obj\Debug/net8.0/DeventSoft.RoadmapSkills.Shared.Domain.shiminput.cache") at /usr/local/share/dotnet/sdk/9.0.200/Sdks/Microsoft.NET.Sdk/targets/Microsoft.NET.PackTool.targets (137,5)
   5:6>ResolveAssemblyReferences:
         TargetFrameworkMonikerDisplayName:
     0>The target "ResolveNuGetPackageAssets" listed in an AfterTargets attribute at "/Users/dacanetdev/.nuget/packages/microsoft.extensions.logging.abstractions/9.0.3/buildTransitive/net8.0/Microsoft.Extensions.Logging.Abstractions.targets (23,11)" does not exist in the project, and will be ignored.
       Property reassignment: $(_ShimCreatedSentinelFile)="/Users/dacanetdev/Dev/AIGenerated/RoadmapSkills/src/Shared/DeventSoft.RoadmapSkills.Shared.Domain/obj/Debug/net8.0/DeventSoft.RoadmapSkills.Shared.Domain.shimcreated.sentinel" (previous value: "obj\Debug/net8.0/DeventSoft.RoadmapSkills.Shared.Domain.shimcreated.sentinel") at /usr/local/share/dotnet/sdk/9.0.200/Sdks/Microsoft.NET.Sdk/targets/Microsoft.NET.PackTool.targets (139,5)
   5:6>ResolveAssemblyReferences:
             .NET 8.0
     0>The target "CollectUpToDateCheckInputDesignTime" listed in a BeforeTargets attribute at "/usr/local/share/dotnet/sdk/9.0.200/Sdks/Microsoft.NET.Sdk.StaticWebAssets/targets/Microsoft.NET.Sdk.StaticWebAssets.ScopedCss.targets (171,5)" does not exist in the project, and will be ignored.
       Property reassignment: $(DefineConstants)="TRACE;DEBUG" (previous value: "TRACE") at /usr/local/share/dotnet/sdk/9.0.200/Sdks/Microsoft.NET.Sdk/targets/Microsoft.NET.Sdk.CSharp.targets (31,5)
   5:6>ResolveAssemblyReferences:
         TargetedRuntimeVersion:
     0>The target "CollectUpToDateCheckBuiltDesignTime" listed in a BeforeTargets attribute at "/usr/local/share/dotnet/sdk/9.0.200/Sdks/Microsoft.NET.Sdk.StaticWebAssets/targets/Microsoft.NET.Sdk.StaticWebAssets.ScopedCss.targets (171,5)" does not exist in the project, and will be ignored.
       Property reassignment: $(DefineConstants)="TRACE;DEBUG;NET;NET8_0;NETCOREAPP" (previous value: "TRACE;DEBUG") at /usr/local/share/dotnet/sdk/9.0.200/Sdks/Microsoft.NET.Sdk/targets/Microsoft.NET.Sdk.CSharp.targets (34,5)
   5:6>ResolveAssemblyReferences:
             
     0>The target "RazorGenerateComponentDeclaration" listed in an AfterTargets attribute at "/usr/local/share/dotnet/sdk/9.0.200/Sdks/Microsoft.NET.Sdk.Razor/targets/Microsoft.NET.Sdk.Razor.DesignTime.targets (55,53)" does not exist in the project, and will be ignored.
       Property reassignment: $(WarningsAsErrors)=";NU1605;SYSLIB0011" (previous value: ";NU1605") at /usr/local/share/dotnet/sdk/9.0.200/Sdks/Microsoft.NET.Sdk/targets/Microsoft.NET.Sdk.CSharp.targets (48,5)
   5:6>ResolveAssemblyReferences:
         Assemblies:
             /Users/dacanetdev/.nuget/packages/microsoft.codecoverage/17.8.0/lib/netcoreapp3.1/Microsoft.VisualStudio.CodeCoverage.Shim.dll
                 Private = 'false'
                 HintPath = '/Users/dacanetdev/.nuget/packages/microsoft.codecoverage/17.8.0/lib/netcoreapp3.1/Microsoft.VisualStudio.CodeCoverage.Shim.dll'
   2:6>ResolveAssemblyReferences:
             /Users/dacanetdev/.nuget/packages/microsoft.netcore.app.ref/8.0.13/ref/net8.0/Microsoft.Win32.Primitives.dll
   5:6>ResolveAssemblyReferences:
             /Users/dacanetdev/.nuget/packages/microsoft.testplatform.objectmodel/17.8.0/lib/netcoreapp3.1/Microsoft.TestPlatform.CoreUtilities.dll
   2:6>ResolveAssemblyReferences:
                 Private = 'false'
   5:6>ResolveAssemblyReferences:
                 Private = 'false'
     0>Property reassignment: $(PackageDescription)="Package Description" (previous value: "") at /usr/local/share/dotnet/sdk/9.0.200/Sdks/NuGet.Build.Tasks.Pack/build/NuGet.Build.Tasks.Pack.targets (34,5)
   5:6>ResolveAssemblyReferences:
                 HintPath = '/Users/dacanetdev/.nuget/packages/microsoft.testplatform.objectmodel/17.8.0/lib/netcoreapp3.1/Microsoft.TestPlatform.CoreUtilities.dll'
   2:6>ResolveAssemblyReferences:
             /Users/dacanetdev/.nuget/packages/microsoft.netcore.app.ref/8.0.13/ref/net8.0/Microsoft.Win32.Registry.dll
     0>Property reassignment: $(GenerateNuspecDependsOn)="Build;_LoadPackInputItems; _GetTargetFrameworksOutput; _WalkEachTargetPerFramework; _GetPackageFiles; " (previous value: "_LoadPackInputItems; _GetTargetFrameworksOutput; _WalkEachTargetPerFramework; _GetPackageFiles; ") at /usr/local/share/dotnet/sdk/9.0.200/Sdks/NuGet.Build.Tasks.Pack/build/NuGet.Build.Tasks.Pack.targets (59,5)
   5:6>ResolveAssemblyReferences:
             /Users/dacanetdev/.nuget/packages/microsoft.testplatform.objectmodel/17.8.0/lib/netcoreapp3.1/Microsoft.TestPlatform.PlatformAbstractions.dll
   2:6>ResolveAssemblyReferences:
                 Private = 'false'
   5:6>ResolveAssemblyReferences:
                 Private = 'false'
     0>Property reassignment: $(_IsNotSetContainersTargetsDir)="true" (previous value: "false") at /usr/local/share/dotnet/sdk/9.0.200/Sdks/Microsoft.NET.Sdk/Sdk/Sdk.targets (60,5)
   2:6>ResolveAssemblyReferences:
             /Users/dacanetdev/.nuget/packages/microsoft.netcore.app.ref/8.0.13/ref/net8.0/System.AppContext.dll
     0>Property reassignment: $(_IsSDKContainerAllowedVersion)="true" (previous value: "false") at /usr/local/share/dotnet/sdk/9.0.200/Containers/build/Microsoft.NET.Build.Containers.targets (5,5)
   5:6>ResolveAssemblyReferences:
                 HintPath = '/Users/dacanetdev/.nuget/packages/microsoft.testplatform.objectmodel/17.8.0/lib/netcoreapp3.1/Microsoft.TestPlatform.PlatformAbstractions.dll'
   2:6>ResolveAssemblyReferences:
                 Private = 'false'
     0>Property reassignment: $(_ContainerIsTargetingNet8TFM)="true" (previous value: "false") at /usr/local/share/dotnet/sdk/9.0.200/Containers/build/Microsoft.NET.Build.Containers.targets (15,5)
   5:6>ResolveAssemblyReferences:
             /Users/dacanetdev/.nuget/packages/microsoft.testplatform.objectmodel/17.8.0/lib/netcoreapp3.1/Microsoft.VisualStudio.TestPlatform.ObjectModel.dll
   2:6>ResolveAssemblyReferences:
             /Users/dacanetdev/.nuget/packages/microsoft.netcore.app.ref/8.0.13/ref/net8.0/System.Buffers.dll
   5:6>ResolveAssemblyReferences:
                 Private = 'false'
   2:6>ResolveAssemblyReferences:
                 Private = 'false'
   5:6>ResolveAssemblyReferences:
                 HintPath = '/Users/dacanetdev/.nuget/packages/microsoft.testplatform.objectmodel/17.8.0/lib/netcoreapp3.1/Microsoft.VisualStudio.TestPlatform.ObjectModel.dll'
   2:6>ResolveAssemblyReferences:
             /Users/dacanetdev/.nuget/packages/microsoft.netcore.app.ref/8.0.13/ref/net8.0/System.Collections.Concurrent.dll
   5:6>ResolveAssemblyReferences:
             /Users/dacanetdev/.nuget/packages/microsoft.testplatform.testhost/17.8.0/lib/netcoreapp3.1/Microsoft.TestPlatform.CommunicationUtilities.dll
   2:6>ResolveAssemblyReferences:
                 Private = 'false'
   5:6>ResolveAssemblyReferences:
                 Private = 'false'
   2:6>ResolveAssemblyReferences:
             /Users/dacanetdev/.nuget/packages/microsoft.netcore.app.ref/8.0.13/ref/net8.0/System.Collections.Immutable.dll
   5:6>ResolveAssemblyReferences:
                 HintPath = '/Users/dacanetdev/.nuget/packages/microsoft.testplatform.testhost/17.8.0/lib/netcoreapp3.1/Microsoft.TestPlatform.CommunicationUtilities.dll'
   2:6>ResolveAssemblyReferences:
                 Private = 'false'
   5:6>ResolveAssemblyReferences:
             /Users/dacanetdev/.nuget/packages/microsoft.testplatform.testhost/17.8.0/lib/netcoreapp3.1/Microsoft.TestPlatform.CoreUtilities.dll
   2:6>ResolveAssemblyReferences:
             /Users/dacanetdev/.nuget/packages/microsoft.netcore.app.ref/8.0.13/ref/net8.0/System.Collections.NonGeneric.dll
   5:6>ResolveAssemblyReferences:
                 Private = 'false'
   2:6>ResolveAssemblyReferences:
                 Private = 'false'
   5:6>ResolveAssemblyReferences:
                 HintPath = '/Users/dacanetdev/.nuget/packages/microsoft.testplatform.testhost/17.8.0/lib/netcoreapp3.1/Microsoft.TestPlatform.CoreUtilities.dll'
   2:6>ResolveAssemblyReferences:
             /Users/dacanetdev/.nuget/packages/microsoft.netcore.app.ref/8.0.13/ref/net8.0/System.Collections.Specialized.dll
   5:6>ResolveAssemblyReferences:
             /Users/dacanetdev/.nuget/packages/microsoft.testplatform.testhost/17.8.0/lib/netcoreapp3.1/Microsoft.TestPlatform.CrossPlatEngine.dll
   2:6>ResolveAssemblyReferences:
                 Private = 'false'
   5:6>ResolveAssemblyReferences:
                 Private = 'false'
   2:6>ResolveAssemblyReferences:
             /Users/dacanetdev/.nuget/packages/microsoft.netcore.app.ref/8.0.13/ref/net8.0/System.Collections.dll
   5:6>ResolveAssemblyReferences:
                 HintPath = '/Users/dacanetdev/.nuget/packages/microsoft.testplatform.testhost/17.8.0/lib/netcoreapp3.1/Microsoft.TestPlatform.CrossPlatEngine.dll'
   2:6>ResolveAssemblyReferences:
                 Private = 'false'
   5:6>ResolveAssemblyReferences:
             /Users/dacanetdev/.nuget/packages/microsoft.testplatform.testhost/17.8.0/lib/netcoreapp3.1/Microsoft.TestPlatform.PlatformAbstractions.dll
                 Private = 'false'
                 HintPath = '/Users/dacanetdev/.nuget/packages/microsoft.testplatform.testhost/17.8.0/lib/netcoreapp3.1/Microsoft.TestPlatform.PlatformAbstractions.dll'
             /Users/dacanetdev/.nuget/packages/microsoft.testplatform.testhost/17.8.0/lib/netcoreapp3.1/Microsoft.TestPlatform.Utilities.dll
                 Private = 'false'
                 HintPath = '/Users/dacanetdev/.nuget/packages/microsoft.testplatform.testhost/17.8.0/lib/netcoreapp3.1/Microsoft.TestPlatform.Utilities.dll'
             /Users/dacanetdev/.nuget/packages/microsoft.testplatform.testhost/17.8.0/lib/netcoreapp3.1/Microsoft.VisualStudio.TestPlatform.Common.dll
   2:6>ResolveAssemblyReferences:
             /Users/dacanetdev/.nuget/packages/microsoft.netcore.app.ref/8.0.13/ref/net8.0/System.ComponentModel.Annotations.dll
   5:6>ResolveAssemblyReferences:
                 Private = 'false'
   2:6>ResolveAssemblyReferences:
                 Private = 'false'
   5:6>ResolveAssemblyReferences:
                 HintPath = '/Users/dacanetdev/.nuget/packages/microsoft.testplatform.testhost/17.8.0/lib/netcoreapp3.1/Microsoft.VisualStudio.TestPlatform.Common.dll'
   2:6>ResolveAssemblyReferences:
             /Users/dacanetdev/.nuget/packages/microsoft.netcore.app.ref/8.0.13/ref/net8.0/System.ComponentModel.DataAnnotations.dll
   5:6>ResolveAssemblyReferences:
             /Users/dacanetdev/.nuget/packages/microsoft.testplatform.testhost/17.8.0/lib/netcoreapp3.1/Microsoft.VisualStudio.TestPlatform.ObjectModel.dll
   2:6>ResolveAssemblyReferences:
                 Private = 'false'
   5:6>ResolveAssemblyReferences:
                 Private = 'false'
   2:6>ResolveAssemblyReferences:
             /Users/dacanetdev/.nuget/packages/microsoft.netcore.app.ref/8.0.13/ref/net8.0/System.ComponentModel.EventBasedAsync.dll
   5:6>ResolveAssemblyReferences:
                 HintPath = '/Users/dacanetdev/.nuget/packages/microsoft.testplatform.testhost/17.8.0/lib/netcoreapp3.1/Microsoft.VisualStudio.TestPlatform.ObjectModel.dll'
   2:6>ResolveAssemblyReferences:
                 Private = 'false'
   5:6>ResolveAssemblyReferences:
             /Users/dacanetdev/.nuget/packages/microsoft.testplatform.testhost/17.8.0/lib/netcoreapp3.1/testhost.dll
   2:6>ResolveAssemblyReferences:
             /Users/dacanetdev/.nuget/packages/microsoft.netcore.app.ref/8.0.13/ref/net8.0/System.ComponentModel.Primitives.dll
                 Private = 'false'
   5:6>ResolveAssemblyReferences:
                 Private = 'false'
   2:6>ResolveAssemblyReferences:
             /Users/dacanetdev/.nuget/packages/microsoft.netcore.app.ref/8.0.13/ref/net8.0/System.ComponentModel.TypeConverter.dll
   5:6>ResolveAssemblyReferences:
                 HintPath = '/Users/dacanetdev/.nuget/packages/microsoft.testplatform.testhost/17.8.0/lib/netcoreapp3.1/testhost.dll'
   2:6>ResolveAssemblyReferences:
                 Private = 'false'
   5:6>ResolveAssemblyReferences:
             /Users/dacanetdev/.nuget/packages/newtonsoft.json/13.0.1/lib/netstandard2.0/Newtonsoft.Json.dll
   2:6>ResolveAssemblyReferences:
             /Users/dacanetdev/.nuget/packages/microsoft.netcore.app.ref/8.0.13/ref/net8.0/System.ComponentModel.dll
   5:6>ResolveAssemblyReferences:
                 Private = 'false'
   2:6>ResolveAssemblyReferences:
                 Private = 'false'
             /Users/dacanetdev/.nuget/packages/microsoft.netcore.app.ref/8.0.13/ref/net8.0/System.Configuration.dll
   5:6>ResolveAssemblyReferences:
                 HintPath = '/Users/dacanetdev/.nuget/packages/newtonsoft.json/13.0.1/lib/netstandard2.0/Newtonsoft.Json.dll'
   2:6>ResolveAssemblyReferences:
                 Private = 'false'
   5:6>ResolveAssemblyReferences:
             /Users/dacanetdev/.nuget/packages/nuget.frameworks/6.5.0/lib/netstandard2.0/NuGet.Frameworks.dll
   2:6>ResolveAssemblyReferences:
             /Users/dacanetdev/.nuget/packages/microsoft.netcore.app.ref/8.0.13/ref/net8.0/System.Console.dll
   5:6>ResolveAssemblyReferences:
                 Private = 'false'
   2:6>ResolveAssemblyReferences:
                 Private = 'false'
   5:6>ResolveAssemblyReferences:
                 HintPath = '/Users/dacanetdev/.nuget/packages/nuget.frameworks/6.5.0/lib/netstandard2.0/NuGet.Frameworks.dll'
   2:6>ResolveAssemblyReferences:
             /Users/dacanetdev/.nuget/packages/microsoft.netcore.app.ref/8.0.13/ref/net8.0/System.Core.dll
   5:6>ResolveAssemblyReferences:
             /Users/dacanetdev/.nuget/packages/xunit.abstractions/2.0.3/lib/netstandard2.0/xunit.abstractions.dll
   2:6>ResolveAssemblyReferences:
                 Private = 'false'
   5:6>ResolveAssemblyReferences:
                 Private = 'false'
   2:6>ResolveAssemblyReferences:
             /Users/dacanetdev/.nuget/packages/microsoft.netcore.app.ref/8.0.13/ref/net8.0/System.Data.Common.dll
   5:6>ResolveAssemblyReferences:
                 HintPath = '/Users/dacanetdev/.nuget/packages/xunit.abstractions/2.0.3/lib/netstandard2.0/xunit.abstractions.dll'
   2:6>ResolveAssemblyReferences:
                 Private = 'false'
   5:6>ResolveAssemblyReferences:
             /Users/dacanetdev/.nuget/packages/xunit.assert/2.5.3/lib/netstandard1.1/xunit.assert.dll
   2:6>ResolveAssemblyReferences:
             /Users/dacanetdev/.nuget/packages/microsoft.netcore.app.ref/8.0.13/ref/net8.0/System.Data.DataSetExtensions.dll
   5:6>ResolveAssemblyReferences:
                 Private = 'false'
   2:6>ResolveAssemblyReferences:
                 Private = 'false'
   5:6>ResolveAssemblyReferences:
                 HintPath = '/Users/dacanetdev/.nuget/packages/xunit.assert/2.5.3/lib/netstandard1.1/xunit.assert.dll'
   2:6>ResolveAssemblyReferences:
             /Users/dacanetdev/.nuget/packages/microsoft.netcore.app.ref/8.0.13/ref/net8.0/System.Data.dll
   5:6>ResolveAssemblyReferences:
             /Users/dacanetdev/.nuget/packages/xunit.extensibility.core/2.5.3/lib/netstandard1.1/xunit.core.dll
   2:6>ResolveAssemblyReferences:
                 Private = 'false'
   5:6>ResolveAssemblyReferences:
                 Private = 'false'
   2:6>ResolveAssemblyReferences:
             /Users/dacanetdev/.nuget/packages/microsoft.netcore.app.ref/8.0.13/ref/net8.0/System.Diagnostics.Contracts.dll
   5:6>ResolveAssemblyReferences:
                 HintPath = '/Users/dacanetdev/.nuget/packages/xunit.extensibility.core/2.5.3/lib/netstandard1.1/xunit.core.dll'
   2:6>ResolveAssemblyReferences:
                 Private = 'false'
             /Users/dacanetdev/.nuget/packages/microsoft.netcore.app.ref/8.0.13/ref/net8.0/System.Diagnostics.Debug.dll
   5:6>ResolveAssemblyReferences:
             /Users/dacanetdev/.nuget/packages/xunit.extensibility.execution/2.5.3/lib/netstandard1.1/xunit.execution.dotnet.dll
   2:6>ResolveAssemblyReferences:
                 Private = 'false'
   5:6>ResolveAssemblyReferences:
                 Private = 'false'
   2:6>ResolveAssemblyReferences:
             /Users/dacanetdev/.nuget/packages/microsoft.netcore.app.ref/8.0.13/ref/net8.0/System.Diagnostics.DiagnosticSource.dll
   5:6>ResolveAssemblyReferences:
                 HintPath = '/Users/dacanetdev/.nuget/packages/xunit.extensibility.execution/2.5.3/lib/netstandard1.1/xunit.execution.dotnet.dll'
             /Users/dacanetdev/.nuget/packages/microsoft.netcore.app.ref/8.0.13/ref/net8.0/Microsoft.CSharp.dll
   2:6>ResolveAssemblyReferences:
                 Private = 'false'
   5:6>ResolveAssemblyReferences:
                 Private = 'false'
   2:6>ResolveAssemblyReferences:
             /Users/dacanetdev/.nuget/packages/microsoft.netcore.app.ref/8.0.13/ref/net8.0/System.Diagnostics.FileVersionInfo.dll
   5:6>ResolveAssemblyReferences:
             /Users/dacanetdev/.nuget/packages/microsoft.netcore.app.ref/8.0.13/ref/net8.0/Microsoft.VisualBasic.Core.dll
   2:6>ResolveAssemblyReferences:
                 Private = 'false'
   5:6>ResolveAssemblyReferences:
                 Private = 'false'
   2:6>ResolveAssemblyReferences:
             /Users/dacanetdev/.nuget/packages/microsoft.netcore.app.ref/8.0.13/ref/net8.0/System.Diagnostics.Process.dll
   5:6>ResolveAssemblyReferences:
             /Users/dacanetdev/.nuget/packages/microsoft.netcore.app.ref/8.0.13/ref/net8.0/Microsoft.VisualBasic.dll
   2:6>ResolveAssemblyReferences:
                 Private = 'false'
   5:6>ResolveAssemblyReferences:
                 Private = 'false'
   2:6>ResolveAssemblyReferences:
             /Users/dacanetdev/.nuget/packages/microsoft.netcore.app.ref/8.0.13/ref/net8.0/System.Diagnostics.StackTrace.dll
   5:6>ResolveAssemblyReferences:
             /Users/dacanetdev/.nuget/packages/microsoft.netcore.app.ref/8.0.13/ref/net8.0/Microsoft.Win32.Primitives.dll
   2:6>ResolveAssemblyReferences:
                 Private = 'false'
   5:6>ResolveAssemblyReferences:
                 Private = 'false'
   2:6>ResolveAssemblyReferences:
             /Users/dacanetdev/.nuget/packages/microsoft.netcore.app.ref/8.0.13/ref/net8.0/System.Diagnostics.TextWriterTraceListener.dll
   5:6>ResolveAssemblyReferences:
             /Users/dacanetdev/.nuget/packages/microsoft.netcore.app.ref/8.0.13/ref/net8.0/Microsoft.Win32.Registry.dll
   2:6>ResolveAssemblyReferences:
                 Private = 'false'
   5:6>ResolveAssemblyReferences:
                 Private = 'false'
   2:6>ResolveAssemblyReferences:
             /Users/dacanetdev/.nuget/packages/microsoft.netcore.app.ref/8.0.13/ref/net8.0/System.Diagnostics.Tools.dll
   5:6>ResolveAssemblyReferences:
             /Users/dacanetdev/.nuget/packages/microsoft.netcore.app.ref/8.0.13/ref/net8.0/System.AppContext.dll
   2:6>ResolveAssemblyReferences:
                 Private = 'false'
   5:6>ResolveAssemblyReferences:
                 Private = 'false'
   2:6>ResolveAssemblyReferences:
             /Users/dacanetdev/.nuget/packages/microsoft.netcore.app.ref/8.0.13/ref/net8.0/System.Diagnostics.TraceSource.dll
   5:6>ResolveAssemblyReferences:
             /Users/dacanetdev/.nuget/packages/microsoft.netcore.app.ref/8.0.13/ref/net8.0/System.Buffers.dll
   2:6>ResolveAssemblyReferences:
                 Private = 'false'
   5:6>ResolveAssemblyReferences:
                 Private = 'false'
   2:6>ResolveAssemblyReferences:
             /Users/dacanetdev/.nuget/packages/microsoft.netcore.app.ref/8.0.13/ref/net8.0/System.Diagnostics.Tracing.dll
   5:6>ResolveAssemblyReferences:
             /Users/dacanetdev/.nuget/packages/microsoft.netcore.app.ref/8.0.13/ref/net8.0/System.Collections.Concurrent.dll
                 Private = 'false'
   2:6>ResolveAssemblyReferences:
                 Private = 'false'
   5:6>ResolveAssemblyReferences:
             /Users/dacanetdev/.nuget/packages/microsoft.netcore.app.ref/8.0.13/ref/net8.0/System.Collections.Immutable.dll
   2:6>ResolveAssemblyReferences:
             /Users/dacanetdev/.nuget/packages/microsoft.netcore.app.ref/8.0.13/ref/net8.0/System.Drawing.Primitives.dll
   5:6>ResolveAssemblyReferences:
                 Private = 'false'
   2:6>ResolveAssemblyReferences:
                 Private = 'false'
   5:6>ResolveAssemblyReferences:
             /Users/dacanetdev/.nuget/packages/microsoft.netcore.app.ref/8.0.13/ref/net8.0/System.Collections.NonGeneric.dll
   2:6>ResolveAssemblyReferences:
             /Users/dacanetdev/.nuget/packages/microsoft.netcore.app.ref/8.0.13/ref/net8.0/System.Drawing.dll
   5:6>ResolveAssemblyReferences:
                 Private = 'false'
   2:6>ResolveAssemblyReferences:
                 Private = 'false'
   5:6>ResolveAssemblyReferences:
             /Users/dacanetdev/.nuget/packages/microsoft.netcore.app.ref/8.0.13/ref/net8.0/System.Collections.Specialized.dll
                 Private = 'false'
   2:6>ResolveAssemblyReferences:
             /Users/dacanetdev/.nuget/packages/microsoft.netcore.app.ref/8.0.13/ref/net8.0/System.Dynamic.Runtime.dll
   5:6>ResolveAssemblyReferences:
             /Users/dacanetdev/.nuget/packages/microsoft.netcore.app.ref/8.0.13/ref/net8.0/System.Collections.dll
   2:6>ResolveAssemblyReferences:
                 Private = 'false'
   5:6>ResolveAssemblyReferences:
                 Private = 'false'
   2:6>ResolveAssemblyReferences:
             /Users/dacanetdev/.nuget/packages/microsoft.netcore.app.ref/8.0.13/ref/net8.0/System.Formats.Asn1.dll
   5:6>ResolveAssemblyReferences:
             /Users/dacanetdev/.nuget/packages/microsoft.netcore.app.ref/8.0.13/ref/net8.0/System.ComponentModel.Annotations.dll
   2:6>ResolveAssemblyReferences:
                 Private = 'false'
   5:6>ResolveAssemblyReferences:
                 Private = 'false'
   2:6>ResolveAssemblyReferences:
             /Users/dacanetdev/.nuget/packages/microsoft.netcore.app.ref/8.0.13/ref/net8.0/System.Formats.Tar.dll
   5:6>ResolveAssemblyReferences:
             /Users/dacanetdev/.nuget/packages/microsoft.netcore.app.ref/8.0.13/ref/net8.0/System.ComponentModel.DataAnnotations.dll
   2:6>ResolveAssemblyReferences:
                 Private = 'false'
             /Users/dacanetdev/.nuget/packages/microsoft.netcore.app.ref/8.0.13/ref/net8.0/System.Globalization.Calendars.dll
                 Private = 'false'
   5:6>ResolveAssemblyReferences:
                 Private = 'false'
   2:6>ResolveAssemblyReferences:
             /Users/dacanetdev/.nuget/packages/microsoft.netcore.app.ref/8.0.13/ref/net8.0/System.Globalization.Extensions.dll
   5:6>ResolveAssemblyReferences:
             /Users/dacanetdev/.nuget/packages/microsoft.netcore.app.ref/8.0.13/ref/net8.0/System.ComponentModel.EventBasedAsync.dll
   2:6>ResolveAssemblyReferences:
                 Private = 'false'
   5:6>ResolveAssemblyReferences:
                 Private = 'false'
   2:6>ResolveAssemblyReferences:
             /Users/dacanetdev/.nuget/packages/microsoft.netcore.app.ref/8.0.13/ref/net8.0/System.Globalization.dll
   5:6>ResolveAssemblyReferences:
             /Users/dacanetdev/.nuget/packages/microsoft.netcore.app.ref/8.0.13/ref/net8.0/System.ComponentModel.Primitives.dll
   2:6>ResolveAssemblyReferences:
                 Private = 'false'
   5:6>ResolveAssemblyReferences:
                 Private = 'false'
   2:6>ResolveAssemblyReferences:
             /Users/dacanetdev/.nuget/packages/microsoft.netcore.app.ref/8.0.13/ref/net8.0/System.IO.Compression.Brotli.dll
   5:6>ResolveAssemblyReferences:
             /Users/dacanetdev/.nuget/packages/microsoft.netcore.app.ref/8.0.13/ref/net8.0/System.ComponentModel.TypeConverter.dll
                 Private = 'false'
   2:6>ResolveAssemblyReferences:
                 Private = 'false'
   5:6>ResolveAssemblyReferences:
             /Users/dacanetdev/.nuget/packages/microsoft.netcore.app.ref/8.0.13/ref/net8.0/System.ComponentModel.dll
                 Private = 'false'
             /Users/dacanetdev/.nuget/packages/microsoft.netcore.app.ref/8.0.13/ref/net8.0/System.Configuration.dll
                 Private = 'false'
             /Users/dacanetdev/.nuget/packages/microsoft.netcore.app.ref/8.0.13/ref/net8.0/System.Console.dll
   2:6>ResolveAssemblyReferences:
             /Users/dacanetdev/.nuget/packages/microsoft.netcore.app.ref/8.0.13/ref/net8.0/System.IO.Compression.FileSystem.dll
   5:6>ResolveAssemblyReferences:
                 Private = 'false'
   2:6>ResolveAssemblyReferences:
                 Private = 'false'
             /Users/dacanetdev/.nuget/packages/microsoft.netcore.app.ref/8.0.13/ref/net8.0/System.IO.Compression.ZipFile.dll
   5:6>ResolveAssemblyReferences:
             /Users/dacanetdev/.nuget/packages/microsoft.netcore.app.ref/8.0.13/ref/net8.0/System.Core.dll
   2:6>ResolveAssemblyReferences:
                 Private = 'false'
   5:6>ResolveAssemblyReferences:
                 Private = 'false'
   2:6>ResolveAssemblyReferences:
             /Users/dacanetdev/.nuget/packages/microsoft.netcore.app.ref/8.0.13/ref/net8.0/System.IO.Compression.dll
   5:6>ResolveAssemblyReferences:
             /Users/dacanetdev/.nuget/packages/microsoft.netcore.app.ref/8.0.13/ref/net8.0/System.Data.Common.dll
   2:6>ResolveAssemblyReferences:
                 Private = 'false'
   5:6>ResolveAssemblyReferences:
                 Private = 'false'
   2:6>ResolveAssemblyReferences:
             /Users/dacanetdev/.nuget/packages/microsoft.netcore.app.ref/8.0.13/ref/net8.0/System.IO.FileSystem.AccessControl.dll
   5:6>ResolveAssemblyReferences:
             /Users/dacanetdev/.nuget/packages/microsoft.netcore.app.ref/8.0.13/ref/net8.0/System.Data.DataSetExtensions.dll
   2:6>ResolveAssemblyReferences:
                 Private = 'false'
             /Users/dacanetdev/.nuget/packages/microsoft.netcore.app.ref/8.0.13/ref/net8.0/System.IO.FileSystem.DriveInfo.dll
   5:6>ResolveAssemblyReferences:
                 Private = 'false'
   2:6>ResolveAssemblyReferences:
                 Private = 'false'
   5:6>ResolveAssemblyReferences:
             /Users/dacanetdev/.nuget/packages/microsoft.netcore.app.ref/8.0.13/ref/net8.0/System.Data.dll
   2:6>ResolveAssemblyReferences:
             /Users/dacanetdev/.nuget/packages/microsoft.netcore.app.ref/8.0.13/ref/net8.0/System.IO.FileSystem.Primitives.dll
   5:6>ResolveAssemblyReferences:
                 Private = 'false'
   2:6>ResolveAssemblyReferences:
                 Private = 'false'
   5:6>ResolveAssemblyReferences:
             /Users/dacanetdev/.nuget/packages/microsoft.netcore.app.ref/8.0.13/ref/net8.0/System.Diagnostics.Contracts.dll
   2:6>ResolveAssemblyReferences:
             /Users/dacanetdev/.nuget/packages/microsoft.netcore.app.ref/8.0.13/ref/net8.0/System.IO.FileSystem.Watcher.dll
   5:6>ResolveAssemblyReferences:
                 Private = 'false'
   2:6>ResolveAssemblyReferences:
                 Private = 'false'
             /Users/dacanetdev/.nuget/packages/microsoft.netcore.app.ref/8.0.13/ref/net8.0/System.IO.FileSystem.dll
   5:6>ResolveAssemblyReferences:
             /Users/dacanetdev/.nuget/packages/microsoft.netcore.app.ref/8.0.13/ref/net8.0/System.Diagnostics.Debug.dll
   2:6>ResolveAssemblyReferences:
                 Private = 'false'
   5:6>ResolveAssemblyReferences:
                 Private = 'false'
   2:6>ResolveAssemblyReferences:
             /Users/dacanetdev/.nuget/packages/microsoft.netcore.app.ref/8.0.13/ref/net8.0/System.IO.IsolatedStorage.dll
   5:6>ResolveAssemblyReferences:
             /Users/dacanetdev/.nuget/packages/microsoft.netcore.app.ref/8.0.13/ref/net8.0/System.Diagnostics.DiagnosticSource.dll
   2:6>ResolveAssemblyReferences:
                 Private = 'false'
   5:6>ResolveAssemblyReferences:
                 Private = 'false'
   2:6>ResolveAssemblyReferences:
             /Users/dacanetdev/.nuget/packages/microsoft.netcore.app.ref/8.0.13/ref/net8.0/System.IO.MemoryMappedFiles.dll
   5:6>ResolveAssemblyReferences:
             /Users/dacanetdev/.nuget/packages/microsoft.netcore.app.ref/8.0.13/ref/net8.0/System.Diagnostics.FileVersionInfo.dll
   2:6>ResolveAssemblyReferences:
                 Private = 'false'
             /Users/dacanetdev/.nuget/packages/microsoft.netcore.app.ref/8.0.13/ref/net8.0/System.IO.Pipes.AccessControl.dll
   5:6>ResolveAssemblyReferences:
                 Private = 'false'
   2:6>ResolveAssemblyReferences:
                 Private = 'false'
   5:6>ResolveAssemblyReferences:
             /Users/dacanetdev/.nuget/packages/microsoft.netcore.app.ref/8.0.13/ref/net8.0/System.Diagnostics.Process.dll
   2:6>ResolveAssemblyReferences:
             /Users/dacanetdev/.nuget/packages/microsoft.netcore.app.ref/8.0.13/ref/net8.0/System.IO.Pipes.dll
   5:6>ResolveAssemblyReferences:
                 Private = 'false'
   2:6>ResolveAssemblyReferences:
                 Private = 'false'
   5:6>ResolveAssemblyReferences:
             /Users/dacanetdev/.nuget/packages/microsoft.netcore.app.ref/8.0.13/ref/net8.0/System.Diagnostics.StackTrace.dll
   2:6>ResolveAssemblyReferences:
             /Users/dacanetdev/.nuget/packages/microsoft.netcore.app.ref/8.0.13/ref/net8.0/System.IO.UnmanagedMemoryStream.dll
                 Private = 'false'
   5:6>ResolveAssemblyReferences:
                 Private = 'false'
   2:6>ResolveAssemblyReferences:
             /Users/dacanetdev/.nuget/packages/microsoft.netcore.app.ref/8.0.13/ref/net8.0/System.IO.dll
   5:6>ResolveAssemblyReferences:
             /Users/dacanetdev/.nuget/packages/microsoft.netcore.app.ref/8.0.13/ref/net8.0/System.Diagnostics.TextWriterTraceListener.dll
   2:6>ResolveAssemblyReferences:
                 Private = 'false'
   5:6>ResolveAssemblyReferences:
                 Private = 'false'
   2:6>ResolveAssemblyReferences:
             /Users/dacanetdev/.nuget/packages/microsoft.netcore.app.ref/8.0.13/ref/net8.0/System.Linq.Expressions.dll
   5:6>ResolveAssemblyReferences:
             /Users/dacanetdev/.nuget/packages/microsoft.netcore.app.ref/8.0.13/ref/net8.0/System.Diagnostics.Tools.dll
   2:6>ResolveAssemblyReferences:
                 Private = 'false'
   5:6>ResolveAssemblyReferences:
                 Private = 'false'
   2:6>ResolveAssemblyReferences:
             /Users/dacanetdev/.nuget/packages/microsoft.netcore.app.ref/8.0.13/ref/net8.0/System.Linq.Parallel.dll
   5:6>ResolveAssemblyReferences:
             /Users/dacanetdev/.nuget/packages/microsoft.netcore.app.ref/8.0.13/ref/net8.0/System.Diagnostics.TraceSource.dll
                 Private = 'false'
   2:6>ResolveAssemblyReferences:
                 Private = 'false'
             /Users/dacanetdev/.nuget/packages/microsoft.netcore.app.ref/8.0.13/ref/net8.0/System.Linq.Queryable.dll
   5:6>ResolveAssemblyReferences:
             /Users/dacanetdev/.nuget/packages/microsoft.netcore.app.ref/8.0.13/ref/net8.0/System.Diagnostics.Tracing.dll
   2:6>ResolveAssemblyReferences:
                 Private = 'false'
   5:6>ResolveAssemblyReferences:
                 Private = 'false'
             /Users/dacanetdev/.nuget/packages/microsoft.netcore.app.ref/8.0.13/ref/net8.0/System.Drawing.Primitives.dll
   2:6>ResolveAssemblyReferences:
             /Users/dacanetdev/.nuget/packages/microsoft.netcore.app.ref/8.0.13/ref/net8.0/System.Linq.dll
   5:6>ResolveAssemblyReferences:
                 Private = 'false'
             /Users/dacanetdev/.nuget/packages/microsoft.netcore.app.ref/8.0.13/ref/net8.0/System.Drawing.dll
   2:6>ResolveAssemblyReferences:
                 Private = 'false'
   5:6>ResolveAssemblyReferences:
                 Private = 'false'
             /Users/dacanetdev/.nuget/packages/microsoft.netcore.app.ref/8.0.13/ref/net8.0/System.Dynamic.Runtime.dll
   2:6>ResolveAssemblyReferences:
             /Users/dacanetdev/.nuget/packages/microsoft.netcore.app.ref/8.0.13/ref/net8.0/System.Memory.dll
   5:6>ResolveAssemblyReferences:
                 Private = 'false'
             /Users/dacanetdev/.nuget/packages/microsoft.netcore.app.ref/8.0.13/ref/net8.0/System.Formats.Asn1.dll
   2:6>ResolveAssemblyReferences:
                 Private = 'false'
   5:6>ResolveAssemblyReferences:
                 Private = 'false'
             /Users/dacanetdev/.nuget/packages/microsoft.netcore.app.ref/8.0.13/ref/net8.0/System.Formats.Tar.dll
   2:6>ResolveAssemblyReferences:
             /Users/dacanetdev/.nuget/packages/microsoft.netcore.app.ref/8.0.13/ref/net8.0/System.Net.Http.Json.dll
   5:6>ResolveAssemblyReferences:
                 Private = 'false'
             /Users/dacanetdev/.nuget/packages/microsoft.netcore.app.ref/8.0.13/ref/net8.0/System.Globalization.Calendars.dll
   2:6>ResolveAssemblyReferences:
                 Private = 'false'
   5:6>ResolveAssemblyReferences:
                 Private = 'false'
   2:6>ResolveAssemblyReferences:
             /Users/dacanetdev/.nuget/packages/microsoft.netcore.app.ref/8.0.13/ref/net8.0/System.Net.Http.dll
   5:6>ResolveAssemblyReferences:
             /Users/dacanetdev/.nuget/packages/microsoft.netcore.app.ref/8.0.13/ref/net8.0/System.Globalization.Extensions.dll
   2:6>ResolveAssemblyReferences:
                 Private = 'false'
   5:6>ResolveAssemblyReferences:
                 Private = 'false'
   2:6>ResolveAssemblyReferences:
             /Users/dacanetdev/.nuget/packages/microsoft.netcore.app.ref/8.0.13/ref/net8.0/System.Net.HttpListener.dll
                 Private = 'false'
   5:6>ResolveAssemblyReferences:
             /Users/dacanetdev/.nuget/packages/microsoft.netcore.app.ref/8.0.13/ref/net8.0/System.Globalization.dll
   2:6>ResolveAssemblyReferences:
             /Users/dacanetdev/.nuget/packages/microsoft.netcore.app.ref/8.0.13/ref/net8.0/System.Net.Mail.dll
                 Private = 'false'
   5:6>ResolveAssemblyReferences:
                 Private = 'false'
   2:6>ResolveAssemblyReferences:
             /Users/dacanetdev/.nuget/packages/microsoft.netcore.app.ref/8.0.13/ref/net8.0/System.Net.NameResolution.dll
   5:6>ResolveAssemblyReferences:
             /Users/dacanetdev/.nuget/packages/microsoft.netcore.app.ref/8.0.13/ref/net8.0/System.IO.Compression.Brotli.dll
   2:6>ResolveAssemblyReferences:
                 Private = 'false'
             /Users/dacanetdev/.nuget/packages/microsoft.netcore.app.ref/8.0.13/ref/net8.0/System.Net.NetworkInformation.dll
   5:6>ResolveAssemblyReferences:
                 Private = 'false'
   2:6>ResolveAssemblyReferences:
                 Private = 'false'
             /Users/dacanetdev/.nuget/packages/microsoft.netcore.app.ref/8.0.13/ref/net8.0/System.Net.Ping.dll
                 Private = 'false'
   5:6>ResolveAssemblyReferences:
             /Users/dacanetdev/.nuget/packages/microsoft.netcore.app.ref/8.0.13/ref/net8.0/System.IO.Compression.FileSystem.dll
   2:6>ResolveAssemblyReferences:
             /Users/dacanetdev/.nuget/packages/microsoft.netcore.app.ref/8.0.13/ref/net8.0/System.Net.Primitives.dll
                 Private = 'false'
   5:6>ResolveAssemblyReferences:
                 Private = 'false'
   2:6>ResolveAssemblyReferences:
             /Users/dacanetdev/.nuget/packages/microsoft.netcore.app.ref/8.0.13/ref/net8.0/System.Net.Quic.dll
                 Private = 'false'
   5:6>ResolveAssemblyReferences:
             /Users/dacanetdev/.nuget/packages/microsoft.netcore.app.ref/8.0.13/ref/net8.0/System.IO.Compression.ZipFile.dll
   2:6>ResolveAssemblyReferences:
             /Users/dacanetdev/.nuget/packages/microsoft.netcore.app.ref/8.0.13/ref/net8.0/System.Net.Requests.dll
                 Private = 'false'
   5:6>ResolveAssemblyReferences:
                 Private = 'false'
   2:6>ResolveAssemblyReferences:
             /Users/dacanetdev/.nuget/packages/microsoft.netcore.app.ref/8.0.13/ref/net8.0/System.Net.Security.dll
   5:6>ResolveAssemblyReferences:
             /Users/dacanetdev/.nuget/packages/microsoft.netcore.app.ref/8.0.13/ref/net8.0/System.IO.Compression.dll
   2:6>ResolveAssemblyReferences:
                 Private = 'false'
   5:6>ResolveAssemblyReferences:
                 Private = 'false'
   2:6>ResolveAssemblyReferences:
             /Users/dacanetdev/.nuget/packages/microsoft.netcore.app.ref/8.0.13/ref/net8.0/System.Net.ServicePoint.dll
   5:6>ResolveAssemblyReferences:
             /Users/dacanetdev/.nuget/packages/microsoft.netcore.app.ref/8.0.13/ref/net8.0/System.IO.FileSystem.AccessControl.dll
   2:6>ResolveAssemblyReferences:
                 Private = 'false'
   5:6>ResolveAssemblyReferences:
                 Private = 'false'
   2:6>ResolveAssemblyReferences:
             /Users/dacanetdev/.nuget/packages/microsoft.netcore.app.ref/8.0.13/ref/net8.0/System.Net.Sockets.dll
                 Private = 'false'
             /Users/dacanetdev/.nuget/packages/microsoft.netcore.app.ref/8.0.13/ref/net8.0/System.Net.WebClient.dll
                 Private = 'false'
   5:6>ResolveAssemblyReferences:
             /Users/dacanetdev/.nuget/packages/microsoft.netcore.app.ref/8.0.13/ref/net8.0/System.IO.FileSystem.DriveInfo.dll
   2:6>ResolveAssemblyReferences:
             /Users/dacanetdev/.nuget/packages/microsoft.netcore.app.ref/8.0.13/ref/net8.0/System.Net.WebHeaderCollection.dll
   5:6>ResolveAssemblyReferences:
                 Private = 'false'
   2:6>ResolveAssemblyReferences:
                 Private = 'false'
   5:6>ResolveAssemblyReferences:
             /Users/dacanetdev/.nuget/packages/microsoft.netcore.app.ref/8.0.13/ref/net8.0/System.IO.FileSystem.Primitives.dll
   2:6>ResolveAssemblyReferences:
             /Users/dacanetdev/.nuget/packages/microsoft.netcore.app.ref/8.0.13/ref/net8.0/System.Net.WebProxy.dll
   5:6>ResolveAssemblyReferences:
                 Private = 'false'
   2:6>ResolveAssemblyReferences:
                 Private = 'false'
             /Users/dacanetdev/.nuget/packages/microsoft.netcore.app.ref/8.0.13/ref/net8.0/System.Net.WebSockets.Client.dll
   5:6>ResolveAssemblyReferences:
             /Users/dacanetdev/.nuget/packages/microsoft.netcore.app.ref/8.0.13/ref/net8.0/System.IO.FileSystem.Watcher.dll
   2:6>ResolveAssemblyReferences:
                 Private = 'false'
   5:6>ResolveAssemblyReferences:
                 Private = 'false'
             /Users/dacanetdev/.nuget/packages/microsoft.netcore.app.ref/8.0.13/ref/net8.0/System.IO.FileSystem.dll
   2:6>ResolveAssemblyReferences:
             /Users/dacanetdev/.nuget/packages/microsoft.netcore.app.ref/8.0.13/ref/net8.0/System.Net.WebSockets.dll
   5:6>ResolveAssemblyReferences:
                 Private = 'false'
   2:6>ResolveAssemblyReferences:
                 Private = 'false'
             /Users/dacanetdev/.nuget/packages/microsoft.netcore.app.ref/8.0.13/ref/net8.0/System.Net.dll
                 Private = 'false'
             /Users/dacanetdev/.nuget/packages/microsoft.netcore.app.ref/8.0.13/ref/net8.0/System.Numerics.Vectors.dll
   5:6>ResolveAssemblyReferences:
             /Users/dacanetdev/.nuget/packages/microsoft.netcore.app.ref/8.0.13/ref/net8.0/System.IO.IsolatedStorage.dll
   2:6>ResolveAssemblyReferences:
                 Private = 'false'
   5:6>ResolveAssemblyReferences:
                 Private = 'false'
   2:6>ResolveAssemblyReferences:
             /Users/dacanetdev/.nuget/packages/microsoft.netcore.app.ref/8.0.13/ref/net8.0/System.Numerics.dll
   5:6>ResolveAssemblyReferences:
             /Users/dacanetdev/.nuget/packages/microsoft.netcore.app.ref/8.0.13/ref/net8.0/System.IO.MemoryMappedFiles.dll
   2:6>ResolveAssemblyReferences:
                 Private = 'false'
   5:6>ResolveAssemblyReferences:
                 Private = 'false'
   2:6>ResolveAssemblyReferences:
             /Users/dacanetdev/.nuget/packages/microsoft.netcore.app.ref/8.0.13/ref/net8.0/System.ObjectModel.dll
                 Private = 'false'
             /Users/dacanetdev/.nuget/packages/microsoft.netcore.app.ref/8.0.13/ref/net8.0/System.Reflection.DispatchProxy.dll
                 Private = 'false'
             /Users/dacanetdev/.nuget/packages/microsoft.netcore.app.ref/8.0.13/ref/net8.0/System.Reflection.Emit.ILGeneration.dll
   5:6>ResolveAssemblyReferences:
             /Users/dacanetdev/.nuget/packages/microsoft.netcore.app.ref/8.0.13/ref/net8.0/System.IO.Pipes.AccessControl.dll
   2:6>ResolveAssemblyReferences:
                 Private = 'false'
   5:6>ResolveAssemblyReferences:
                 Private = 'false'
   2:6>ResolveAssemblyReferences:
             /Users/dacanetdev/.nuget/packages/microsoft.netcore.app.ref/8.0.13/ref/net8.0/System.Reflection.Emit.Lightweight.dll
                 Private = 'false'
   5:6>ResolveAssemblyReferences:
             /Users/dacanetdev/.nuget/packages/microsoft.netcore.app.ref/8.0.13/ref/net8.0/System.IO.Pipes.dll
   2:6>ResolveAssemblyReferences:
             /Users/dacanetdev/.nuget/packages/microsoft.netcore.app.ref/8.0.13/ref/net8.0/System.Reflection.Emit.dll
   5:6>ResolveAssemblyReferences:
                 Private = 'false'
   2:6>ResolveAssemblyReferences:
                 Private = 'false'
   5:6>ResolveAssemblyReferences:
             /Users/dacanetdev/.nuget/packages/microsoft.netcore.app.ref/8.0.13/ref/net8.0/System.IO.UnmanagedMemoryStream.dll
   2:6>ResolveAssemblyReferences:
             /Users/dacanetdev/.nuget/packages/microsoft.netcore.app.ref/8.0.13/ref/net8.0/System.Reflection.Extensions.dll
   5:6>ResolveAssemblyReferences:
                 Private = 'false'
             /Users/dacanetdev/.nuget/packages/microsoft.netcore.app.ref/8.0.13/ref/net8.0/System.IO.dll
   2:6>ResolveAssemblyReferences:
                 Private = 'false'
   5:6>ResolveAssemblyReferences:
                 Private = 'false'
   2:6>ResolveAssemblyReferences:
             /Users/dacanetdev/.nuget/packages/microsoft.netcore.app.ref/8.0.13/ref/net8.0/System.Reflection.Metadata.dll
   5:6>ResolveAssemblyReferences:
             /Users/dacanetdev/.nuget/packages/microsoft.netcore.app.ref/8.0.13/ref/net8.0/System.Linq.Expressions.dll
   2:6>ResolveAssemblyReferences:
                 Private = 'false'
   5:6>ResolveAssemblyReferences:
                 Private = 'false'
   2:6>ResolveAssemblyReferences:
             /Users/dacanetdev/.nuget/packages/microsoft.netcore.app.ref/8.0.13/ref/net8.0/System.Reflection.Primitives.dll
   5:6>ResolveAssemblyReferences:
             /Users/dacanetdev/.nuget/packages/microsoft.netcore.app.ref/8.0.13/ref/net8.0/System.Linq.Parallel.dll
   2:6>ResolveAssemblyReferences:
                 Private = 'false'
   5:6>ResolveAssemblyReferences:
                 Private = 'false'
             /Users/dacanetdev/.nuget/packages/microsoft.netcore.app.ref/8.0.13/ref/net8.0/System.Linq.Queryable.dll
   2:6>ResolveAssemblyReferences:
             /Users/dacanetdev/.nuget/packages/microsoft.netcore.app.ref/8.0.13/ref/net8.0/System.Reflection.TypeExtensions.dll
                 Private = 'false'
   5:6>ResolveAssemblyReferences:
                 Private = 'false'
   2:6>ResolveAssemblyReferences:
             /Users/dacanetdev/.nuget/packages/microsoft.netcore.app.ref/8.0.13/ref/net8.0/System.Reflection.dll
   5:6>ResolveAssemblyReferences:
             /Users/dacanetdev/.nuget/packages/microsoft.netcore.app.ref/8.0.13/ref/net8.0/System.Linq.dll
   2:6>ResolveAssemblyReferences:
                 Private = 'false'
   5:6>ResolveAssemblyReferences:
                 Private = 'false'
   2:6>ResolveAssemblyReferences:
             /Users/dacanetdev/.nuget/packages/microsoft.netcore.app.ref/8.0.13/ref/net8.0/System.Resources.Reader.dll
   5:6>ResolveAssemblyReferences:
             /Users/dacanetdev/.nuget/packages/microsoft.netcore.app.ref/8.0.13/ref/net8.0/System.Memory.dll
   2:6>ResolveAssemblyReferences:
                 Private = 'false'
   5:6>ResolveAssemblyReferences:
                 Private = 'false'
   2:6>ResolveAssemblyReferences:
             /Users/dacanetdev/.nuget/packages/microsoft.netcore.app.ref/8.0.13/ref/net8.0/System.Resources.ResourceManager.dll
   5:6>ResolveAssemblyReferences:
             /Users/dacanetdev/.nuget/packages/microsoft.netcore.app.ref/8.0.13/ref/net8.0/System.Net.Http.Json.dll
   2:6>ResolveAssemblyReferences:
                 Private = 'false'
   5:6>ResolveAssemblyReferences:
                 Private = 'false'
   2:6>ResolveAssemblyReferences:
             /Users/dacanetdev/.nuget/packages/microsoft.netcore.app.ref/8.0.13/ref/net8.0/System.Resources.Writer.dll
   5:6>ResolveAssemblyReferences:
             /Users/dacanetdev/.nuget/packages/microsoft.netcore.app.ref/8.0.13/ref/net8.0/System.Net.Http.dll
   2:6>ResolveAssemblyReferences:
                 Private = 'false'
   5:6>ResolveAssemblyReferences:
                 Private = 'false'
   2:6>ResolveAssemblyReferences:
             /Users/dacanetdev/.nuget/packages/microsoft.netcore.app.ref/8.0.13/ref/net8.0/System.Runtime.CompilerServices.Unsafe.dll
   5:6>ResolveAssemblyReferences:
             /Users/dacanetdev/.nuget/packages/microsoft.netcore.app.ref/8.0.13/ref/net8.0/System.Net.HttpListener.dll
   2:6>ResolveAssemblyReferences:
                 Private = 'false'
   5:6>ResolveAssemblyReferences:
                 Private = 'false'
   2:6>ResolveAssemblyReferences:
             /Users/dacanetdev/.nuget/packages/microsoft.netcore.app.ref/8.0.13/ref/net8.0/System.Runtime.CompilerServices.VisualC.dll
   5:6>ResolveAssemblyReferences:
             /Users/dacanetdev/.nuget/packages/microsoft.netcore.app.ref/8.0.13/ref/net8.0/System.Net.Mail.dll
   2:6>ResolveAssemblyReferences:
                 Private = 'false'
   5:6>ResolveAssemblyReferences:
                 Private = 'false'
   2:6>ResolveAssemblyReferences:
             /Users/dacanetdev/.nuget/packages/microsoft.netcore.app.ref/8.0.13/ref/net8.0/System.Runtime.Extensions.dll
   5:6>ResolveAssemblyReferences:
             /Users/dacanetdev/.nuget/packages/microsoft.netcore.app.ref/8.0.13/ref/net8.0/System.Net.NameResolution.dll
   2:6>ResolveAssemblyReferences:
                 Private = 'false'
   5:6>ResolveAssemblyReferences:
                 Private = 'false'
   2:6>ResolveAssemblyReferences:
             /Users/dacanetdev/.nuget/packages/microsoft.netcore.app.ref/8.0.13/ref/net8.0/System.Runtime.Handles.dll
   5:6>ResolveAssemblyReferences:
             /Users/dacanetdev/.nuget/packages/microsoft.netcore.app.ref/8.0.13/ref/net8.0/System.Net.NetworkInformation.dll
   2:6>ResolveAssemblyReferences:
                 Private = 'false'
   5:6>ResolveAssemblyReferences:
                 Private = 'false'
   2:6>ResolveAssemblyReferences:
             /Users/dacanetdev/.nuget/packages/microsoft.netcore.app.ref/8.0.13/ref/net8.0/System.Runtime.InteropServices.JavaScript.dll
   5:6>ResolveAssemblyReferences:
             /Users/dacanetdev/.nuget/packages/microsoft.netcore.app.ref/8.0.13/ref/net8.0/System.Net.Ping.dll
   2:6>ResolveAssemblyReferences:
                 Private = 'false'
   5:6>ResolveAssemblyReferences:
                 Private = 'false'
   2:6>ResolveAssemblyReferences:
             /Users/dacanetdev/.nuget/packages/microsoft.netcore.app.ref/8.0.13/ref/net8.0/System.Runtime.InteropServices.RuntimeInformation.dll
   5:6>ResolveAssemblyReferences:
             /Users/dacanetdev/.nuget/packages/microsoft.netcore.app.ref/8.0.13/ref/net8.0/System.Net.Primitives.dll
   2:6>ResolveAssemblyReferences:
                 Private = 'false'
   5:6>ResolveAssemblyReferences:
                 Private = 'false'
   2:6>ResolveAssemblyReferences:
             /Users/dacanetdev/.nuget/packages/microsoft.netcore.app.ref/8.0.13/ref/net8.0/System.Runtime.InteropServices.dll
   5:6>ResolveAssemblyReferences:
             /Users/dacanetdev/.nuget/packages/microsoft.netcore.app.ref/8.0.13/ref/net8.0/System.Net.Quic.dll
   2:6>ResolveAssemblyReferences:
                 Private = 'false'
   5:6>ResolveAssemblyReferences:
                 Private = 'false'
   2:6>ResolveAssemblyReferences:
             /Users/dacanetdev/.nuget/packages/microsoft.netcore.app.ref/8.0.13/ref/net8.0/System.Runtime.Intrinsics.dll
   5:6>ResolveAssemblyReferences:
             /Users/dacanetdev/.nuget/packages/microsoft.netcore.app.ref/8.0.13/ref/net8.0/System.Net.Requests.dll
   2:6>ResolveAssemblyReferences:
                 Private = 'false'
   5:6>ResolveAssemblyReferences:
                 Private = 'false'
   2:6>ResolveAssemblyReferences:
             /Users/dacanetdev/.nuget/packages/microsoft.netcore.app.ref/8.0.13/ref/net8.0/System.Runtime.Loader.dll
                 Private = 'false'
             /Users/dacanetdev/.nuget/packages/microsoft.netcore.app.ref/8.0.13/ref/net8.0/System.Runtime.Numerics.dll
   5:6>ResolveAssemblyReferences:
             /Users/dacanetdev/.nuget/packages/microsoft.netcore.app.ref/8.0.13/ref/net8.0/System.Net.Security.dll
                 Private = 'false'
             /Users/dacanetdev/.nuget/packages/microsoft.netcore.app.ref/8.0.13/ref/net8.0/System.Net.ServicePoint.dll
   2:6>ResolveAssemblyReferences:
                 Private = 'false'
   5:6>ResolveAssemblyReferences:
                 Private = 'false'
             /Users/dacanetdev/.nuget/packages/microsoft.netcore.app.ref/8.0.13/ref/net8.0/System.Net.Sockets.dll
   2:6>ResolveAssemblyReferences:
             /Users/dacanetdev/.nuget/packages/microsoft.netcore.app.ref/8.0.13/ref/net8.0/System.Runtime.Serialization.Formatters.dll
                 Private = 'false'
   5:6>ResolveAssemblyReferences:
                 Private = 'false'
   2:6>ResolveAssemblyReferences:
             /Users/dacanetdev/.nuget/packages/microsoft.netcore.app.ref/8.0.13/ref/net8.0/System.Runtime.Serialization.Json.dll
   5:6>ResolveAssemblyReferences:
             /Users/dacanetdev/.nuget/packages/microsoft.netcore.app.ref/8.0.13/ref/net8.0/System.Net.WebClient.dll
   2:6>ResolveAssemblyReferences:
                 Private = 'false'
   5:6>ResolveAssemblyReferences:
                 Private = 'false'
   2:6>ResolveAssemblyReferences:
             /Users/dacanetdev/.nuget/packages/microsoft.netcore.app.ref/8.0.13/ref/net8.0/System.Runtime.Serialization.Primitives.dll
   5:6>ResolveAssemblyReferences:
             /Users/dacanetdev/.nuget/packages/microsoft.netcore.app.ref/8.0.13/ref/net8.0/System.Net.WebHeaderCollection.dll
   2:6>ResolveAssemblyReferences:
                 Private = 'false'
   5:6>ResolveAssemblyReferences:
                 Private = 'false'
   2:6>ResolveAssemblyReferences:
             /Users/dacanetdev/.nuget/packages/microsoft.netcore.app.ref/8.0.13/ref/net8.0/System.Runtime.Serialization.Xml.dll
   5:6>ResolveAssemblyReferences:
             /Users/dacanetdev/.nuget/packages/microsoft.netcore.app.ref/8.0.13/ref/net8.0/System.Net.WebProxy.dll
   2:6>ResolveAssemblyReferences:
                 Private = 'false'
             /Users/dacanetdev/.nuget/packages/microsoft.netcore.app.ref/8.0.13/ref/net8.0/System.Runtime.Serialization.dll
   5:6>ResolveAssemblyReferences:
                 Private = 'false'
   2:6>ResolveAssemblyReferences:
                 Private = 'false'
   5:6>ResolveAssemblyReferences:
             /Users/dacanetdev/.nuget/packages/microsoft.netcore.app.ref/8.0.13/ref/net8.0/System.Net.WebSockets.Client.dll
   2:6>ResolveAssemblyReferences:
             /Users/dacanetdev/.nuget/packages/microsoft.netcore.app.ref/8.0.13/ref/net8.0/System.Runtime.dll
   5:6>ResolveAssemblyReferences:
                 Private = 'false'
   2:6>ResolveAssemblyReferences:
                 Private = 'false'
   5:6>ResolveAssemblyReferences:
             /Users/dacanetdev/.nuget/packages/microsoft.netcore.app.ref/8.0.13/ref/net8.0/System.Net.WebSockets.dll
   2:6>ResolveAssemblyReferences:
             /Users/dacanetdev/.nuget/packages/microsoft.netcore.app.ref/8.0.13/ref/net8.0/System.Security.AccessControl.dll
   5:6>ResolveAssemblyReferences:
                 Private = 'false'
   2:6>ResolveAssemblyReferences:
                 Private = 'false'
   5:6>ResolveAssemblyReferences:
             /Users/dacanetdev/.nuget/packages/microsoft.netcore.app.ref/8.0.13/ref/net8.0/System.Net.dll
   2:6>ResolveAssemblyReferences:
             /Users/dacanetdev/.nuget/packages/microsoft.netcore.app.ref/8.0.13/ref/net8.0/System.Security.Claims.dll
   5:6>ResolveAssemblyReferences:
                 Private = 'false'
   2:6>ResolveAssemblyReferences:
                 Private = 'false'
             /Users/dacanetdev/.nuget/packages/microsoft.netcore.app.ref/8.0.13/ref/net8.0/System.Security.Cryptography.Algorithms.dll
   5:6>ResolveAssemblyReferences:
             /Users/dacanetdev/.nuget/packages/microsoft.netcore.app.ref/8.0.13/ref/net8.0/System.Numerics.Vectors.dll
   2:6>ResolveAssemblyReferences:
                 Private = 'false'
   5:6>ResolveAssemblyReferences:
                 Private = 'false'
   2:6>ResolveAssemblyReferences:
             /Users/dacanetdev/.nuget/packages/microsoft.netcore.app.ref/8.0.13/ref/net8.0/System.Security.Cryptography.Cng.dll
   5:6>ResolveAssemblyReferences:
             /Users/dacanetdev/.nuget/packages/microsoft.netcore.app.ref/8.0.13/ref/net8.0/System.Numerics.dll
   2:6>ResolveAssemblyReferences:
                 Private = 'false'
   5:6>ResolveAssemblyReferences:
                 Private = 'false'
             /Users/dacanetdev/.nuget/packages/microsoft.netcore.app.ref/8.0.13/ref/net8.0/System.ObjectModel.dll
   2:6>ResolveAssemblyReferences:
             /Users/dacanetdev/.nuget/packages/microsoft.netcore.app.ref/8.0.13/ref/net8.0/System.Security.Cryptography.Csp.dll
                 Private = 'false'
   5:6>ResolveAssemblyReferences:
                 Private = 'false'
   2:6>ResolveAssemblyReferences:
             /Users/dacanetdev/.nuget/packages/microsoft.netcore.app.ref/8.0.13/ref/net8.0/System.Security.Cryptography.Encoding.dll
   5:6>ResolveAssemblyReferences:
             /Users/dacanetdev/.nuget/packages/microsoft.netcore.app.ref/8.0.13/ref/net8.0/System.Reflection.DispatchProxy.dll
   2:6>ResolveAssemblyReferences:
                 Private = 'false'
   5:6>ResolveAssemblyReferences:
                 Private = 'false'
   2:6>ResolveAssemblyReferences:
             /Users/dacanetdev/.nuget/packages/microsoft.netcore.app.ref/8.0.13/ref/net8.0/System.Security.Cryptography.OpenSsl.dll
   5:6>ResolveAssemblyReferences:
             /Users/dacanetdev/.nuget/packages/microsoft.netcore.app.ref/8.0.13/ref/net8.0/System.Reflection.Emit.ILGeneration.dll
   2:6>ResolveAssemblyReferences:
                 Private = 'false'
   5:6>ResolveAssemblyReferences:
                 Private = 'false'
   2:6>ResolveAssemblyReferences:
             /Users/dacanetdev/.nuget/packages/microsoft.netcore.app.ref/8.0.13/ref/net8.0/System.Security.Cryptography.Primitives.dll
   5:6>ResolveAssemblyReferences:
             /Users/dacanetdev/.nuget/packages/microsoft.netcore.app.ref/8.0.13/ref/net8.0/System.Reflection.Emit.Lightweight.dll
   2:6>ResolveAssemblyReferences:
                 Private = 'false'
   5:6>ResolveAssemblyReferences:
                 Private = 'false'
   2:6>ResolveAssemblyReferences:
             /Users/dacanetdev/.nuget/packages/microsoft.netcore.app.ref/8.0.13/ref/net8.0/System.Security.Cryptography.X509Certificates.dll
                 Private = 'false'
   5:6>ResolveAssemblyReferences:
             /Users/dacanetdev/.nuget/packages/microsoft.netcore.app.ref/8.0.13/ref/net8.0/System.Reflection.Emit.dll
   2:6>ResolveAssemblyReferences:
             /Users/dacanetdev/.nuget/packages/microsoft.netcore.app.ref/8.0.13/ref/net8.0/System.Security.Cryptography.dll
                 Private = 'false'
   5:6>ResolveAssemblyReferences:
                 Private = 'false'
   2:6>ResolveAssemblyReferences:
             /Users/dacanetdev/.nuget/packages/microsoft.netcore.app.ref/8.0.13/ref/net8.0/System.Security.Principal.Windows.dll
   5:6>ResolveAssemblyReferences:
             /Users/dacanetdev/.nuget/packages/microsoft.netcore.app.ref/8.0.13/ref/net8.0/System.Reflection.Extensions.dll
   2:6>ResolveAssemblyReferences:
                 Private = 'false'
   5:6>ResolveAssemblyReferences:
                 Private = 'false'
   2:6>ResolveAssemblyReferences:
             /Users/dacanetdev/.nuget/packages/microsoft.netcore.app.ref/8.0.13/ref/net8.0/System.Security.Principal.dll
                 Private = 'false'
   5:6>ResolveAssemblyReferences:
             /Users/dacanetdev/.nuget/packages/microsoft.netcore.app.ref/8.0.13/ref/net8.0/System.Reflection.Metadata.dll
   2:6>ResolveAssemblyReferences:
             /Users/dacanetdev/.nuget/packages/microsoft.netcore.app.ref/8.0.13/ref/net8.0/System.Security.SecureString.dll
   5:6>ResolveAssemblyReferences:
                 Private = 'false'
             /Users/dacanetdev/.nuget/packages/microsoft.netcore.app.ref/8.0.13/ref/net8.0/System.Reflection.Primitives.dll
   2:6>ResolveAssemblyReferences:
                 Private = 'false'
   5:6>ResolveAssemblyReferences:
                 Private = 'false'
   2:6>ResolveAssemblyReferences:
             /Users/dacanetdev/.nuget/packages/microsoft.netcore.app.ref/8.0.13/ref/net8.0/System.Security.dll
   5:6>ResolveAssemblyReferences:
             /Users/dacanetdev/.nuget/packages/microsoft.netcore.app.ref/8.0.13/ref/net8.0/System.Reflection.TypeExtensions.dll
   2:6>ResolveAssemblyReferences:
                 Private = 'false'
   5:6>ResolveAssemblyReferences:
                 Private = 'false'
   2:6>ResolveAssemblyReferences:
             /Users/dacanetdev/.nuget/packages/microsoft.netcore.app.ref/8.0.13/ref/net8.0/System.ServiceModel.Web.dll
   5:6>ResolveAssemblyReferences:
             /Users/dacanetdev/.nuget/packages/microsoft.netcore.app.ref/8.0.13/ref/net8.0/System.Reflection.dll
   2:6>ResolveAssemblyReferences:
                 Private = 'false'
   5:6>ResolveAssemblyReferences:
                 Private = 'false'
   2:6>ResolveAssemblyReferences:
             /Users/dacanetdev/.nuget/packages/microsoft.netcore.app.ref/8.0.13/ref/net8.0/System.ServiceProcess.dll
   5:6>ResolveAssemblyReferences:
             /Users/dacanetdev/.nuget/packages/microsoft.netcore.app.ref/8.0.13/ref/net8.0/System.Resources.Reader.dll
                 Private = 'false'
   2:6>ResolveAssemblyReferences:
                 Private = 'false'
   5:6>ResolveAssemblyReferences:
             /Users/dacanetdev/.nuget/packages/microsoft.netcore.app.ref/8.0.13/ref/net8.0/System.Resources.ResourceManager.dll
   2:6>ResolveAssemblyReferences:
             /Users/dacanetdev/.nuget/packages/microsoft.netcore.app.ref/8.0.13/ref/net8.0/System.Text.Encoding.CodePages.dll
   5:6>ResolveAssemblyReferences:
                 Private = 'false'
   2:6>ResolveAssemblyReferences:
                 Private = 'false'
   5:6>ResolveAssemblyReferences:
             /Users/dacanetdev/.nuget/packages/microsoft.netcore.app.ref/8.0.13/ref/net8.0/System.Resources.Writer.dll
   2:6>ResolveAssemblyReferences:
             /Users/dacanetdev/.nuget/packages/microsoft.netcore.app.ref/8.0.13/ref/net8.0/System.Text.Encoding.Extensions.dll
   5:6>ResolveAssemblyReferences:
                 Private = 'false'
   2:6>ResolveAssemblyReferences:
                 Private = 'false'
   5:6>ResolveAssemblyReferences:
             /Users/dacanetdev/.nuget/packages/microsoft.netcore.app.ref/8.0.13/ref/net8.0/System.Runtime.CompilerServices.Unsafe.dll
   2:6>ResolveAssemblyReferences:
             /Users/dacanetdev/.nuget/packages/microsoft.netcore.app.ref/8.0.13/ref/net8.0/System.Text.Encoding.dll
   5:6>ResolveAssemblyReferences:
                 Private = 'false'
   2:6>ResolveAssemblyReferences:
                 Private = 'false'
   5:6>ResolveAssemblyReferences:
             /Users/dacanetdev/.nuget/packages/microsoft.netcore.app.ref/8.0.13/ref/net8.0/System.Runtime.CompilerServices.VisualC.dll
                 Private = 'false'
   2:6>ResolveAssemblyReferences:
             /Users/dacanetdev/.nuget/packages/microsoft.netcore.app.ref/8.0.13/ref/net8.0/System.Text.Encodings.Web.dll
   5:6>ResolveAssemblyReferences:
             /Users/dacanetdev/.nuget/packages/microsoft.netcore.app.ref/8.0.13/ref/net8.0/System.Runtime.Extensions.dll
   2:6>ResolveAssemblyReferences:
                 Private = 'false'
   5:6>ResolveAssemblyReferences:
                 Private = 'false'
   2:6>ResolveAssemblyReferences:
             /Users/dacanetdev/.nuget/packages/microsoft.netcore.app.ref/8.0.13/ref/net8.0/System.Text.Json.dll
   5:6>ResolveAssemblyReferences:
             /Users/dacanetdev/.nuget/packages/microsoft.netcore.app.ref/8.0.13/ref/net8.0/System.Runtime.Handles.dll
   2:6>ResolveAssemblyReferences:
                 Private = 'false'
   5:6>ResolveAssemblyReferences:
                 Private = 'false'
   2:6>ResolveAssemblyReferences:
             /Users/dacanetdev/.nuget/packages/microsoft.netcore.app.ref/8.0.13/ref/net8.0/System.Text.RegularExpressions.dll
   5:6>ResolveAssemblyReferences:
             /Users/dacanetdev/.nuget/packages/microsoft.netcore.app.ref/8.0.13/ref/net8.0/System.Runtime.InteropServices.JavaScript.dll
   2:6>ResolveAssemblyReferences:
                 Private = 'false'
   5:6>ResolveAssemblyReferences:
                 Private = 'false'
   2:6>ResolveAssemblyReferences:
             /Users/dacanetdev/.nuget/packages/microsoft.netcore.app.ref/8.0.13/ref/net8.0/System.Threading.Channels.dll
   5:6>ResolveAssemblyReferences:
             /Users/dacanetdev/.nuget/packages/microsoft.netcore.app.ref/8.0.13/ref/net8.0/System.Runtime.InteropServices.RuntimeInformation.dll
   2:6>ResolveAssemblyReferences:
                 Private = 'false'
   5:6>ResolveAssemblyReferences:
                 Private = 'false'
   2:6>ResolveAssemblyReferences:
             /Users/dacanetdev/.nuget/packages/microsoft.netcore.app.ref/8.0.13/ref/net8.0/System.Threading.Overlapped.dll
   5:6>ResolveAssemblyReferences:
             /Users/dacanetdev/.nuget/packages/microsoft.netcore.app.ref/8.0.13/ref/net8.0/System.Runtime.InteropServices.dll
                 Private = 'false'
   2:6>ResolveAssemblyReferences:
                 Private = 'false'
             /Users/dacanetdev/.nuget/packages/microsoft.netcore.app.ref/8.0.13/ref/net8.0/System.Threading.Tasks.Dataflow.dll
   5:6>ResolveAssemblyReferences:
             /Users/dacanetdev/.nuget/packages/microsoft.netcore.app.ref/8.0.13/ref/net8.0/System.Runtime.Intrinsics.dll
   2:6>ResolveAssemblyReferences:
                 Private = 'false'
   5:6>ResolveAssemblyReferences:
                 Private = 'false'
   2:6>ResolveAssemblyReferences:
             /Users/dacanetdev/.nuget/packages/microsoft.netcore.app.ref/8.0.13/ref/net8.0/System.Threading.Tasks.Extensions.dll
   5:6>ResolveAssemblyReferences:
             /Users/dacanetdev/.nuget/packages/microsoft.netcore.app.ref/8.0.13/ref/net8.0/System.Runtime.Loader.dll
   2:6>ResolveAssemblyReferences:
                 Private = 'false'
   5:6>ResolveAssemblyReferences:
                 Private = 'false'
             /Users/dacanetdev/.nuget/packages/microsoft.netcore.app.ref/8.0.13/ref/net8.0/System.Runtime.Numerics.dll
   2:6>ResolveAssemblyReferences:
             /Users/dacanetdev/.nuget/packages/microsoft.netcore.app.ref/8.0.13/ref/net8.0/System.Threading.Tasks.Parallel.dll
   5:6>ResolveAssemblyReferences:
                 Private = 'false'
             /Users/dacanetdev/.nuget/packages/microsoft.netcore.app.ref/8.0.13/ref/net8.0/System.Runtime.Serialization.Formatters.dll
   2:6>ResolveAssemblyReferences:
                 Private = 'false'
   5:6>ResolveAssemblyReferences:
                 Private = 'false'
   2:6>ResolveAssemblyReferences:
             /Users/dacanetdev/.nuget/packages/microsoft.netcore.app.ref/8.0.13/ref/net8.0/System.Threading.Tasks.dll
   5:6>ResolveAssemblyReferences:
             /Users/dacanetdev/.nuget/packages/microsoft.netcore.app.ref/8.0.13/ref/net8.0/System.Runtime.Serialization.Json.dll
                 Private = 'false'
   2:6>ResolveAssemblyReferences:
                 Private = 'false'
             /Users/dacanetdev/.nuget/packages/microsoft.netcore.app.ref/8.0.13/ref/net8.0/System.Threading.Thread.dll
                 Private = 'false'
   5:6>ResolveAssemblyReferences:
             /Users/dacanetdev/.nuget/packages/microsoft.netcore.app.ref/8.0.13/ref/net8.0/System.Runtime.Serialization.Primitives.dll
   2:6>ResolveAssemblyReferences:
             /Users/dacanetdev/.nuget/packages/microsoft.netcore.app.ref/8.0.13/ref/net8.0/System.Threading.ThreadPool.dll
   5:6>ResolveAssemblyReferences:
                 Private = 'false'
   2:6>ResolveAssemblyReferences:
                 Private = 'false'
   5:6>ResolveAssemblyReferences:
             /Users/dacanetdev/.nuget/packages/microsoft.netcore.app.ref/8.0.13/ref/net8.0/System.Runtime.Serialization.Xml.dll
   2:6>ResolveAssemblyReferences:
             /Users/dacanetdev/.nuget/packages/microsoft.netcore.app.ref/8.0.13/ref/net8.0/System.Threading.Timer.dll
   5:6>ResolveAssemblyReferences:
                 Private = 'false'
             /Users/dacanetdev/.nuget/packages/microsoft.netcore.app.ref/8.0.13/ref/net8.0/System.Runtime.Serialization.dll
   2:6>ResolveAssemblyReferences:
                 Private = 'false'
   5:6>ResolveAssemblyReferences:
                 Private = 'false'
   2:6>ResolveAssemblyReferences:
             /Users/dacanetdev/.nuget/packages/microsoft.netcore.app.ref/8.0.13/ref/net8.0/System.Threading.dll
   5:6>ResolveAssemblyReferences:
             /Users/dacanetdev/.nuget/packages/microsoft.netcore.app.ref/8.0.13/ref/net8.0/System.Runtime.dll
                 Private = 'false'
   2:6>ResolveAssemblyReferences:
                 Private = 'false'
   1:2>Project "/Users/dacanetdev/Dev/AIGenerated/RoadmapSkills/RoadmapSkills.sln" (1:2) is building "/Users/dacanetdev/Dev/AIGenerated/RoadmapSkills/src/DeventSoft.RoadmapSkills.Api/DeventSoft.RoadmapSkills.Api.csproj" (6:6) on node 4 (default targets).
   6:6>Target "_CheckForUnsupportedTargetFramework" skipped, due to false condition; ('$(_UnsupportedTargetFrameworkError)' == 'true') was evaluated as ('' == 'true').
   5:6>ResolveAssemblyReferences:
             /Users/dacanetdev/.nuget/packages/microsoft.netcore.app.ref/8.0.13/ref/net8.0/System.Security.AccessControl.dll
   2:6>ResolveAssemblyReferences:
             /Users/dacanetdev/.nuget/packages/microsoft.netcore.app.ref/8.0.13/ref/net8.0/System.Transactions.Local.dll
   5:6>ResolveAssemblyReferences:
                 Private = 'false'
             /Users/dacanetdev/.nuget/packages/microsoft.netcore.app.ref/8.0.13/ref/net8.0/System.Security.Claims.dll
   6:6>Target "_CollectTargetFrameworkForTelemetry" in file "/usr/local/share/dotnet/sdk/9.0.200/Sdks/Microsoft.NET.Sdk/targets/Microsoft.NET.TargetFrameworkInference.targets" from project "/Users/dacanetdev/Dev/AIGenerated/RoadmapSkills/src/DeventSoft.RoadmapSkills.Api/DeventSoft.RoadmapSkills.Api.csproj" (target "_CheckForInvalidConfigurationAndPlatform" depends on it):
   6:6>Using "AllowEmptyTelemetry" task from assembly "/usr/local/share/dotnet/sdk/9.0.200/Sdks/Microsoft.NET.Sdk/targets/../tools/net9.0/Microsoft.NET.Build.Tasks.dll".
   5:6>ResolveAssemblyReferences:
                 Private = 'false'
             /Users/dacanetdev/.nuget/packages/microsoft.netcore.app.ref/8.0.13/ref/net8.0/System.Security.Cryptography.Algorithms.dll
   6:6>Task "AllowEmptyTelemetry"
   5:6>ResolveAssemblyReferences:
                 Private = 'false'
             /Users/dacanetdev/.nuget/packages/microsoft.netcore.app.ref/8.0.13/ref/net8.0/System.Security.Cryptography.Cng.dll
   6:6>Done executing task "AllowEmptyTelemetry".
   5:6>ResolveAssemblyReferences:
                 Private = 'false'
             /Users/dacanetdev/.nuget/packages/microsoft.netcore.app.ref/8.0.13/ref/net8.0/System.Security.Cryptography.Csp.dll
                 Private = 'false'
   6:6>Done building target "_CollectTargetFrameworkForTelemetry" in project "DeventSoft.RoadmapSkills.Api.csproj".
   5:6>ResolveAssemblyReferences:
             /Users/dacanetdev/.nuget/packages/microsoft.netcore.app.ref/8.0.13/ref/net8.0/System.Security.Cryptography.Encoding.dll
   6:6>Target "_CheckForUnsupportedTargetPlatformIdentifier" skipped, due to false condition; ('$(TargetPlatformIdentifier)' != '' and '$(TargetFrameworkIdentifier)' == '.NETCoreApp' and $([MSBuild]::VersionGreaterThanOrEquals($(TargetFrameworkVersion), 5.0)) And ('$(DesignTimeBuild)' != 'true' Or '@(MissingWorkloadPack)' == '')) was evaluated as ('' != '' and '.NETCoreApp' == '.NETCoreApp' and True And ('' != 'true' Or '' == '')).
   5:6>ResolveAssemblyReferences:
                 Private = 'false'
   6:6>Target "_CheckForMissingWorkload" skipped, due to false condition; ('@(MissingWorkloadPack)' != '' And '$(DesignTimeBuild)' != 'true') was evaluated as ('' != '' And '' != 'true').
   5:6>ResolveAssemblyReferences:
             /Users/dacanetdev/.nuget/packages/microsoft.netcore.app.ref/8.0.13/ref/net8.0/System.Security.Cryptography.OpenSsl.dll
                 Private = 'false'
   6:6>Target "_CheckForUnsupportedNETCoreVersion" in file "/usr/local/share/dotnet/sdk/9.0.200/Sdks/Microsoft.NET.Sdk/targets/Microsoft.NET.TargetFrameworkInference.targets" from project "/Users/dacanetdev/Dev/AIGenerated/RoadmapSkills/src/DeventSoft.RoadmapSkills.Api/DeventSoft.RoadmapSkills.Api.csproj" (target "_CheckForInvalidConfigurationAndPlatform" depends on it):
   6:6>Task "NETSdkError" skipped, due to false condition; ('$(_TargetFrameworkVersionWithoutV)' > '$(NETCoreAppMaximumVersion)' and '$(DisplayVSMessage)' != 'true') was evaluated as ('8.0' > '9.0' and '' != 'true').
   5:6>ResolveAssemblyReferences:
             /Users/dacanetdev/.nuget/packages/microsoft.netcore.app.ref/8.0.13/ref/net8.0/System.Security.Cryptography.Primitives.dll
   6:6>_CheckForUnsupportedNETCoreVersion:
       Task "NETSdkError" skipped, due to false condition; ('$(DisplayVSMessage)' == 'true') was evaluated as ('' == 'true').
   5:6>ResolveAssemblyReferences:
                 Private = 'false'
             /Users/dacanetdev/.nuget/packages/microsoft.netcore.app.ref/8.0.13/ref/net8.0/System.Security.Cryptography.X509Certificates.dll
   6:6>Done building target "_CheckForUnsupportedNETCoreVersion" in project "DeventSoft.RoadmapSkills.Api.csproj".
   5:6>ResolveAssemblyReferences:
                 Private = 'false'
             /Users/dacanetdev/.nuget/packages/microsoft.netcore.app.ref/8.0.13/ref/net8.0/System.Security.Cryptography.dll
   6:6>Target "_CheckForEolTargetFrameworks" skipped, due to false condition; ('@(_EolNetCoreTargetFrameworkVersions->AnyHaveMetadataValue('Identity', '$(_TargetFrameworkVersionWithoutV)'))' and '$(TargetFrameworkIdentifier)' == '.NETCoreApp' and '$(CheckEolTargetFramework)' == 'true') was evaluated as ('false' and '.NETCoreApp' == '.NETCoreApp' and 'true' == 'true').
   5:6>ResolveAssemblyReferences:
                 Private = 'false'
   6:6>Target "_CheckForEolWorkloads" skipped, due to false condition; ('@(EolWorkload)' != '' and '$(CheckEolWorkloads)' == 'true') was evaluated as ('' != '' and 'true' == 'true').
   5:6>ResolveAssemblyReferences:
             /Users/dacanetdev/.nuget/packages/microsoft.netcore.app.ref/8.0.13/ref/net8.0/System.Security.Principal.Windows.dll
                 Private = 'false'
   6:6>Target "_CheckForNotRecommendedNETStandardVersion" skipped, due to false condition; ('$(TargetFrameworkIdentifier)' == '.NETStandard' and $([MSBuild]::VersionLessThan($(TargetFrameworkVersion), '2.0'))) was evaluated as ('.NETCoreApp' == '.NETStandard' and False).
   5:6>ResolveAssemblyReferences:
             /Users/dacanetdev/.nuget/packages/microsoft.netcore.app.ref/8.0.13/ref/net8.0/System.Security.Principal.dll
                 Private = 'false'
             /Users/dacanetdev/.nuget/packages/microsoft.netcore.app.ref/8.0.13/ref/net8.0/System.Security.SecureString.dll
                 Private = 'false'
             /Users/dacanetdev/.nuget/packages/microsoft.netcore.app.ref/8.0.13/ref/net8.0/System.Security.dll
                 Private = 'false'
   6:6>Target "_CheckForUnsupportedCppNETCoreVersion" in file "/usr/local/share/dotnet/sdk/9.0.200/Sdks/Microsoft.NET.Sdk/targets/Microsoft.NET.TargetFrameworkInference.targets" from project "/Users/dacanetdev/Dev/AIGenerated/RoadmapSkills/src/DeventSoft.RoadmapSkills.Api/DeventSoft.RoadmapSkills.Api.csproj" (target "_CheckForInvalidConfigurationAndPlatform" depends on it):
   6:6>Task "NETSdkError" skipped, due to false condition; ('$(TargetFrameworkIdentifier)' == '.NETCoreApp' and '$(_TargetFrameworkVersionWithoutV)' < '3.1' and ('$(Language)' == 'C++' and '$(_EnablePackageReferencesInVCProjects)' != 'true')) was evaluated as ('.NETCoreApp' == '.NETCoreApp' and '8.0' < '3.1' and ('C#' == 'C++' and '' != 'true')).
   6:6>Done building target "_CheckForUnsupportedCppNETCoreVersion" in project "DeventSoft.RoadmapSkills.Api.csproj".
   5:6>ResolveAssemblyReferences:
             /Users/dacanetdev/.nuget/packages/microsoft.netcore.app.ref/8.0.13/ref/net8.0/System.ServiceModel.Web.dll
   6:6>Target "_CheckForUnsupportedNETStandardVersion" skipped, due to false condition; ('$(TargetFrameworkIdentifier)' == '.NETStandard' And '$(NETStandardMaximumVersion)' != '') was evaluated as ('.NETCoreApp' == '.NETStandard' And '' != '').
   5:6>ResolveAssemblyReferences:
                 Private = 'false'
   6:6>Target "_CheckForUnsupportedTargetFrameworkAndFeatureCombination" skipped, due to false condition; ('$(TargetFrameworkIdentifier)' == '.NETFramework') was evaluated as ('.NETCoreApp' == '.NETFramework').
       Target "_CheckForSupportedOSPlatformVersionHigherThanTargetPlatformVersion" skipped, due to false condition; ('$(TargetPlatformVersion)' != '' and '$(TargetFrameworkIdentifier)' == '.NETCoreApp' and $([MSBuild]::VersionGreaterThanOrEquals($(TargetFrameworkVersion), 5.0))) was evaluated as ('' != '' and '.NETCoreApp' == '.NETCoreApp' and True).
   5:6>ResolveAssemblyReferences:
             /Users/dacanetdev/.nuget/packages/microsoft.netcore.app.ref/8.0.13/ref/net8.0/System.ServiceProcess.dll
   6:6>Target "_CheckForInvalidTargetPlatformVersion" skipped, due to false condition; ('$(TargetPlatformVersion)' != '' and '$(TargetFrameworkIdentifier)' == '.NETCoreApp' and $([MSBuild]::VersionGreaterThanOrEquals($(TargetFrameworkVersion), 5.0)) and ('$(Language)' != 'C++' or '$(_EnablePackageReferencesInVCProjects)' == 'true')) was evaluated as ('' != '' and '.NETCoreApp' == '.NETCoreApp' and True and ('C#' != 'C++' or '' == 'true')).
   5:6>ResolveAssemblyReferences:
                 Private = 'false'
             /Users/dacanetdev/.nuget/packages/microsoft.netcore.app.ref/8.0.13/ref/net8.0/System.Text.Encoding.CodePages.dll
   6:6>Target "_CheckForUnsupportedArtifactsPath" in file "/usr/local/share/dotnet/sdk/9.0.200/Sdks/Microsoft.NET.Sdk/targets/Microsoft.NET.DefaultOutputPaths.targets" from project "/Users/dacanetdev/Dev/AIGenerated/RoadmapSkills/src/DeventSoft.RoadmapSkills.Api/DeventSoft.RoadmapSkills.Api.csproj" (target "_CheckForInvalidConfigurationAndPlatform" depends on it):
   6:6>Task "NetSdkError" skipped, due to false condition; ('$(UseArtifactsOutput)' == 'true' and '$(_ArtifactsPathSetEarly)' != 'true') was evaluated as ('' == 'true' and '' != 'true').
   5:6>ResolveAssemblyReferences:
                 Private = 'false'
   6:6>_CheckForUnsupportedArtifactsPath:
       Task "NetSdkError" skipped, due to false condition; ('$(_ArtifactsPathLocationType)' == 'ProjectFolder') was evaluated as ('' == 'ProjectFolder').
   6:6>Done building target "_CheckForUnsupportedArtifactsPath" in project "DeventSoft.RoadmapSkills.Api.csproj".
   5:6>ResolveAssemblyReferences:
             /Users/dacanetdev/.nuget/packages/microsoft.netcore.app.ref/8.0.13/ref/net8.0/System.Text.Encoding.Extensions.dll
   1:2>Project "/Users/dacanetdev/Dev/AIGenerated/RoadmapSkills/RoadmapSkills.sln" (1:2) is building "/Users/dacanetdev/Dev/AIGenerated/RoadmapSkills/src/Modules/Users/DeventSoft.RoadmapSkills.Users.Api/DeventSoft.RoadmapSkills.Users.Api.csproj" (7:6) on node 3 (default targets).
   7:6>Target "_CheckForUnsupportedTargetFramework" skipped, due to false condition; ('$(_UnsupportedTargetFrameworkError)' == 'true') was evaluated as ('' == 'true').
   6:6>Target "_CheckForMissingWorkload" skipped, due to false condition; ('@(MissingWorkloadPack)' != '' And '$(DesignTimeBuild)' != 'true') was evaluated as ('' != '' And '' != 'true').
   5:6>ResolveAssemblyReferences:
                 Private = 'false'
   7:6>Target "_CollectTargetFrameworkForTelemetry" in file "/usr/local/share/dotnet/sdk/9.0.200/Sdks/Microsoft.NET.Sdk/targets/Microsoft.NET.TargetFrameworkInference.targets" from project "/Users/dacanetdev/Dev/AIGenerated/RoadmapSkills/src/Modules/Users/DeventSoft.RoadmapSkills.Users.Api/DeventSoft.RoadmapSkills.Users.Api.csproj" (target "_CheckForInvalidConfigurationAndPlatform" depends on it):
   7:6>Using "AllowEmptyTelemetry" task from assembly "/usr/local/share/dotnet/sdk/9.0.200/Sdks/Microsoft.NET.Sdk/targets/../tools/net9.0/Microsoft.NET.Build.Tasks.dll".
   6:6>Target "_CheckForUnsupportedAppHostUsage" in file "/usr/local/share/dotnet/sdk/9.0.200/Sdks/Microsoft.NET.Sdk/targets/Microsoft.NET.RuntimeIdentifierInference.targets" from project "/Users/dacanetdev/Dev/AIGenerated/RoadmapSkills/src/DeventSoft.RoadmapSkills.Api/DeventSoft.RoadmapSkills.Api.csproj" (target "_CheckForInvalidConfigurationAndPlatform" depends on it):
   6:6>Task "NETSdkError" skipped, due to false condition; ('$(SelfContained)' == 'true' and '$(RuntimeIdentifier)' == '' and '$(AllowSelfContainedWithoutRuntimeIdentifier)' != 'true') was evaluated as ('false' == 'true' and '' == '' and '' != 'true').
   5:6>ResolveAssemblyReferences:
             /Users/dacanetdev/.nuget/packages/microsoft.netcore.app.ref/8.0.13/ref/net8.0/System.Text.Encoding.dll
   7:6>Task "AllowEmptyTelemetry"
   6:6>_CheckForUnsupportedAppHostUsage:
       Task "NETSdkError" skipped, due to false condition; ('$(PublishReadyToRun)' == 'true' and '$(RuntimeIdentifier)' == '' and '$(_IsPublishing)' == 'true') was evaluated as ('' == 'true' and '' == '' and '' == 'true').
   5:6>ResolveAssemblyReferences:
                 Private = 'false'
   6:6>_CheckForUnsupportedAppHostUsage:
       Task "NETSdkError" skipped, due to false condition; ('$(PublishSingleFile)' == 'true' and '$(RuntimeIdentifier)' == '' and '$(_IsPublishing)' == 'true') was evaluated as ('' == 'true' and '' == '' and '' == 'true').
   5:6>ResolveAssemblyReferences:
             /Users/dacanetdev/.nuget/packages/microsoft.netcore.app.ref/8.0.13/ref/net8.0/System.Text.Encodings.Web.dll
   6:6>_CheckForUnsupportedAppHostUsage:
       Task "NETSdkError" skipped, due to false condition; ('$(PublishAot)' == 'true' and '$(RuntimeIdentifier)' == '' and '$(_IsPublishing)' == 'true' and '$(AllowPublishAotWithoutRuntimeIdentifier)' != 'true') was evaluated as ('' == 'true' and '' == '' and '' == 'true' and '' != 'true').
   7:6>Done executing task "AllowEmptyTelemetry".
   6:6>_CheckForUnsupportedAppHostUsage:
       Task "NETSdkError" skipped, due to false condition; ('$(PublishSelfContained)' != 'true' and '$(PublishSelfContained)' != 'false' and '$(PublishSelfContained)' != '') was evaluated as ('' != 'true' and '' != 'false' and '' != '').
   7:6>Done building target "_CollectTargetFrameworkForTelemetry" in project "DeventSoft.RoadmapSkills.Users.Api.csproj".
   5:6>ResolveAssemblyReferences:
                 Private = 'false'
   6:6>_CheckForUnsupportedAppHostUsage:
       Task "NETSdkError" skipped, due to false condition; ('$(SelfContained)' == 'true' and '$(UseAppHost)' != 'true' and '$(_RuntimeIdentifierUsesAppHost)' == 'true') was evaluated as ('false' == 'true' and 'true' != 'true' and 'true' == 'true').
   7:6>Target "_CheckForUnsupportedTargetPlatformIdentifier" skipped, due to false condition; ('$(TargetPlatformIdentifier)' != '' and '$(TargetFrameworkIdentifier)' == '.NETCoreApp' and $([MSBuild]::VersionGreaterThanOrEquals($(TargetFrameworkVersion), 5.0)) And ('$(DesignTimeBuild)' != 'true' Or '@(MissingWorkloadPack)' == '')) was evaluated as ('' != '' and '.NETCoreApp' == '.NETCoreApp' and True And ('' != 'true' Or '' == '')).
   5:6>ResolveAssemblyReferences:
             /Users/dacanetdev/.nuget/packages/microsoft.netcore.app.ref/8.0.13/ref/net8.0/System.Text.Json.dll
   6:6>_CheckForUnsupportedAppHostUsage:
       Task "NETSdkError" skipped, due to false condition; ('$(SelfContained)' != 'true' and '$(UseAppHost)' == 'true' and '$(_TargetFrameworkVersionWithoutV)' < '2.1') was evaluated as ('false' != 'true' and 'true' == 'true' and '8.0' < '2.1').
   7:6>Target "_CheckForMissingWorkload" skipped, due to false condition; ('@(MissingWorkloadPack)' != '' And '$(DesignTimeBuild)' != 'true') was evaluated as ('' != '' And '' != 'true').
   5:6>ResolveAssemblyReferences:
                 Private = 'false'
   6:6>_CheckForUnsupportedAppHostUsage:
       Task "NETSdkError" skipped, due to false condition; ('$(PublishSingleFile)' == 'true' and '$(_TargetFrameworkVersionWithoutV)' < '3.0') was evaluated as ('' == 'true' and '8.0' < '3.0').
       Task "NETSdkWarning" skipped, due to false condition; ('$(PublishReadyToRun)' == 'true' and '$(_TargetFrameworkVersionWithoutV)' < '3.0') was evaluated as ('' == 'true' and '8.0' < '3.0').
   7:6>Target "_CheckForUnsupportedNETCoreVersion" in file "/usr/local/share/dotnet/sdk/9.0.200/Sdks/Microsoft.NET.Sdk/targets/Microsoft.NET.TargetFrameworkInference.targets" from project "/Users/dacanetdev/Dev/AIGenerated/RoadmapSkills/src/Modules/Users/DeventSoft.RoadmapSkills.Users.Api/DeventSoft.RoadmapSkills.Users.Api.csproj" (target "_CheckForInvalidConfigurationAndPlatform" depends on it):
   7:6>Task "NETSdkError" skipped, due to false condition; ('$(_TargetFrameworkVersionWithoutV)' > '$(NETCoreAppMaximumVersion)' and '$(DisplayVSMessage)' != 'true') was evaluated as ('8.0' > '9.0' and '' != 'true').
   5:6>ResolveAssemblyReferences:
             /Users/dacanetdev/.nuget/packages/microsoft.netcore.app.ref/8.0.13/ref/net8.0/System.Text.RegularExpressions.dll
   7:6>_CheckForUnsupportedNETCoreVersion:
       Task "NETSdkError" skipped, due to false condition; ('$(DisplayVSMessage)' == 'true') was evaluated as ('' == 'true').
   6:6>_CheckForUnsupportedAppHostUsage:
       Task "NETSdkWarning" skipped, due to false condition; ('$(RuntimeIdentifier)' != '' and '$(_TargetFrameworkVersionWithoutV)' != '' and $([MSBuild]::VersionLessThan($(_TargetFrameworkVersionWithoutV), '8.0')) and '$(_SelfContainedWasSpecified)' != 'true') was evaluated as ('' != '' and '8.0' != '' and False and '' != 'true').
   5:6>ResolveAssemblyReferences:
                 Private = 'false'
   7:6>Done building target "_CheckForUnsupportedNETCoreVersion" in project "DeventSoft.RoadmapSkills.Users.Api.csproj".
   6:6>_CheckForUnsupportedAppHostUsage:
       Task "NetSdkError" skipped, due to false condition; (('$(UseWindowsForms)' == 'true') and ('$(PublishTrimmed)' == 'true') and ('$(_SuppressWinFormsTrimError)' != 'true')) was evaluated as (('' == 'true') and ('' == 'true') and ('' != 'true')).
   5:6>ResolveAssemblyReferences:
             /Users/dacanetdev/.nuget/packages/microsoft.netcore.app.ref/8.0.13/ref/net8.0/System.Threading.Channels.dll
   6:6>_CheckForUnsupportedAppHostUsage:
       Task "NetSdkError" skipped, due to false condition; (('$(UseWpf)' == 'true') and ('$(PublishTrimmed)' == 'true') and ('$(_SuppressWpfTrimError)' != 'true')) was evaluated as (('' == 'true') and ('' == 'true') and ('' != 'true')).
   7:6>Target "_CheckForEolTargetFrameworks" skipped, due to false condition; ('@(_EolNetCoreTargetFrameworkVersions->AnyHaveMetadataValue('Identity', '$(_TargetFrameworkVersionWithoutV)'))' and '$(TargetFrameworkIdentifier)' == '.NETCoreApp' and '$(CheckEolTargetFramework)' == 'true') was evaluated as ('false' and '.NETCoreApp' == '.NETCoreApp' and 'true' == 'true').
       Target "_CheckForEolWorkloads" skipped, due to false condition; ('@(EolWorkload)' != '' and '$(CheckEolWorkloads)' == 'true') was evaluated as ('' != '' and 'true' == 'true').
   6:6>Done building target "_CheckForUnsupportedAppHostUsage" in project "DeventSoft.RoadmapSkills.Api.csproj".
   5:6>ResolveAssemblyReferences:
                 Private = 'false'
   7:6>Target "_CheckForNotRecommendedNETStandardVersion" skipped, due to false condition; ('$(TargetFrameworkIdentifier)' == '.NETStandard' and $([MSBuild]::VersionLessThan($(TargetFrameworkVersion), '2.0'))) was evaluated as ('.NETCoreApp' == '.NETStandard' and False).
   5:6>ResolveAssemblyReferences:
             /Users/dacanetdev/.nuget/packages/microsoft.netcore.app.ref/8.0.13/ref/net8.0/System.Threading.Overlapped.dll
   6:6>Target "_CheckForUnsupportedHostingUsage" in file "/usr/local/share/dotnet/sdk/9.0.200/Sdks/Microsoft.NET.Sdk/targets/Microsoft.NET.RuntimeIdentifierInference.targets" from project "/Users/dacanetdev/Dev/AIGenerated/RoadmapSkills/src/DeventSoft.RoadmapSkills.Api/DeventSoft.RoadmapSkills.Api.csproj" (target "_CheckForInvalidConfigurationAndPlatform" depends on it):
   6:6>Task "NETSdkWarning" skipped, due to false condition; ('$(SelfContained)' == 'true' and '$(EnableComHosting)' == 'true') was evaluated as ('false' == 'true' and '' == 'true').
   7:6>Target "_CheckForUnsupportedCppNETCoreVersion" in file "/usr/local/share/dotnet/sdk/9.0.200/Sdks/Microsoft.NET.Sdk/targets/Microsoft.NET.TargetFrameworkInference.targets" from project "/Users/dacanetdev/Dev/AIGenerated/RoadmapSkills/src/Modules/Users/DeventSoft.RoadmapSkills.Users.Api/DeventSoft.RoadmapSkills.Users.Api.csproj" (target "_CheckForInvalidConfigurationAndPlatform" depends on it):
   7:6>Task "NETSdkError" skipped, due to false condition; ('$(TargetFrameworkIdentifier)' == '.NETCoreApp' and '$(_TargetFrameworkVersionWithoutV)' < '3.1' and ('$(Language)' == 'C++' and '$(_EnablePackageReferencesInVCProjects)' != 'true')) was evaluated as ('.NETCoreApp' == '.NETCoreApp' and '8.0' < '3.1' and ('C#' == 'C++' and '' != 'true')).
   5:6>ResolveAssemblyReferences:
                 Private = 'false'
   6:6>Done building target "_CheckForUnsupportedHostingUsage" in project "DeventSoft.RoadmapSkills.Api.csproj".
   7:6>Done building target "_CheckForUnsupportedCppNETCoreVersion" in project "DeventSoft.RoadmapSkills.Users.Api.csproj".
   5:6>ResolveAssemblyReferences:
             /Users/dacanetdev/.nuget/packages/microsoft.netcore.app.ref/8.0.13/ref/net8.0/System.Threading.Tasks.Dataflow.dll
   7:6>Target "_CheckForUnsupportedNETStandardVersion" skipped, due to false condition; ('$(TargetFrameworkIdentifier)' == '.NETStandard' And '$(NETStandardMaximumVersion)' != '') was evaluated as ('.NETCoreApp' == '.NETStandard' And '' != '').
   6:6>Target "_CheckAndUnsetUnsupportedPrefer32Bit" in file "/usr/local/share/dotnet/sdk/9.0.200/Sdks/Microsoft.NET.Sdk/targets/Microsoft.NET.RuntimeIdentifierInference.targets" from project "/Users/dacanetdev/Dev/AIGenerated/RoadmapSkills/src/DeventSoft.RoadmapSkills.Api/DeventSoft.RoadmapSkills.Api.csproj" (target "_CheckForInvalidConfigurationAndPlatform" depends on it):
   6:6>Task "NETSdkWarning" skipped, due to false condition; ('$(Prefer32Bit)' == 'true') was evaluated as ('false' == 'true').
   7:6>Target "_CheckForUnsupportedTargetFrameworkAndFeatureCombination" skipped, due to false condition; ('$(TargetFrameworkIdentifier)' == '.NETFramework') was evaluated as ('.NETCoreApp' == '.NETFramework').
   5:6>ResolveAssemblyReferences:
                 Private = 'false'
   6:6>Done building target "_CheckAndUnsetUnsupportedPrefer32Bit" in project "DeventSoft.RoadmapSkills.Api.csproj".
   7:6>Target "_CheckForSupportedOSPlatformVersionHigherThanTargetPlatformVersion" skipped, due to false condition; ('$(TargetPlatformVersion)' != '' and '$(TargetFrameworkIdentifier)' == '.NETCoreApp' and $([MSBuild]::VersionGreaterThanOrEquals($(TargetFrameworkVersion), 5.0))) was evaluated as ('' != '' and '.NETCoreApp' == '.NETCoreApp' and True).
   5:6>ResolveAssemblyReferences:
             /Users/dacanetdev/.nuget/packages/microsoft.netcore.app.ref/8.0.13/ref/net8.0/System.Threading.Tasks.Extensions.dll
   7:6>Target "_CheckForInvalidTargetPlatformVersion" skipped, due to false condition; ('$(TargetPlatformVersion)' != '' and '$(TargetFrameworkIdentifier)' == '.NETCoreApp' and $([MSBuild]::VersionGreaterThanOrEquals($(TargetFrameworkVersion), 5.0)) and ('$(Language)' != 'C++' or '$(_EnablePackageReferencesInVCProjects)' == 'true')) was evaluated as ('' != '' and '.NETCoreApp' == '.NETCoreApp' and True and ('C#' != 'C++' or '' == 'true')).
   5:6>ResolveAssemblyReferences:
                 Private = 'false'
   7:6>Target "_CheckForUnsupportedArtifactsPath" in file "/usr/local/share/dotnet/sdk/9.0.200/Sdks/Microsoft.NET.Sdk/targets/Microsoft.NET.DefaultOutputPaths.targets" from project "/Users/dacanetdev/Dev/AIGenerated/RoadmapSkills/src/Modules/Users/DeventSoft.RoadmapSkills.Users.Api/DeventSoft.RoadmapSkills.Users.Api.csproj" (target "_CheckForInvalidConfigurationAndPlatform" depends on it):
   7:6>Task "NetSdkError" skipped, due to false condition; ('$(UseArtifactsOutput)' == 'true' and '$(_ArtifactsPathSetEarly)' != 'true') was evaluated as ('' == 'true' and '' != 'true').
   5:6>ResolveAssemblyReferences:
             /Users/dacanetdev/.nuget/packages/microsoft.netcore.app.ref/8.0.13/ref/net8.0/System.Threading.Tasks.Parallel.dll
   7:6>_CheckForUnsupportedArtifactsPath:
       Task "NetSdkError" skipped, due to false condition; ('$(_ArtifactsPathLocationType)' == 'ProjectFolder') was evaluated as ('' == 'ProjectFolder').
   6:6>Target "_CheckAndUnsetUnsupportedPreferNativeArm64" skipped, due to false condition; ('$(TargetFrameworkIdentifier)' == '.NETCoreApp' and '$(PreferNativeArm64)' == 'true') was evaluated as ('.NETCoreApp' == '.NETCoreApp' and 'false' == 'true').
   5:6>ResolveAssemblyReferences:
                 Private = 'false'
   7:6>Done building target "_CheckForUnsupportedArtifactsPath" in project "DeventSoft.RoadmapSkills.Users.Api.csproj".
   6:6>Target "_CheckForMismatchingPlatform" skipped, due to false condition; ('$(RuntimeIdentifier)' != '' and '$(PlatformTarget)' != '') was evaluated as ('' != '' and '' != '').
   5:6>ResolveAssemblyReferences:
             /Users/dacanetdev/.nuget/packages/microsoft.netcore.app.ref/8.0.13/ref/net8.0/System.Threading.Tasks.dll
   7:6>Target "_CheckForMissingWorkload" skipped, due to false condition; ('@(MissingWorkloadPack)' != '' And '$(DesignTimeBuild)' != 'true') was evaluated as ('' != '' And '' != 'true').
   5:6>ResolveAssemblyReferences:
                 Private = 'false'
   7:6>Target "_CheckForUnsupportedAppHostUsage" in file "/usr/local/share/dotnet/sdk/9.0.200/Sdks/Microsoft.NET.Sdk/targets/Microsoft.NET.RuntimeIdentifierInference.targets" from project "/Users/dacanetdev/Dev/AIGenerated/RoadmapSkills/src/Modules/Users/DeventSoft.RoadmapSkills.Users.Api/DeventSoft.RoadmapSkills.Users.Api.csproj" (target "_CheckForInvalidConfigurationAndPlatform" depends on it):
   7:6>Task "NETSdkError" skipped, due to false condition; ('$(SelfContained)' == 'true' and '$(RuntimeIdentifier)' == '' and '$(AllowSelfContainedWithoutRuntimeIdentifier)' != 'true') was evaluated as ('false' == 'true' and '' == '' and '' != 'true').
   6:6>Target "_CheckForLanguageAndFeatureCombinationSupport" in file "/usr/local/share/dotnet/sdk/9.0.200/Sdks/Microsoft.NET.Sdk/targets/Microsoft.NET.RuntimeIdentifierInference.targets" from project "/Users/dacanetdev/Dev/AIGenerated/RoadmapSkills/src/DeventSoft.RoadmapSkills.Api/DeventSoft.RoadmapSkills.Api.csproj" (target "_CheckForInvalidConfigurationAndPlatform" depends on it):
   6:6>Task "NETSdkError" skipped, due to false condition; (('$(Language)' == 'C++' and '$(_EnablePackageReferencesInVCProjects)' != 'true') and $(OutputType) != 'library' and '$(TargetFrameworkIdentifier)' == '.NETCoreApp') was evaluated as (('C#' == 'C++' and '' != 'true') and Exe != 'library' and '.NETCoreApp' == '.NETCoreApp').
   5:6>ResolveAssemblyReferences:
             /Users/dacanetdev/.nuget/packages/microsoft.netcore.app.ref/8.0.13/ref/net8.0/System.Threading.Thread.dll
   7:6>_CheckForUnsupportedAppHostUsage:
       Task "NETSdkError" skipped, due to false condition; ('$(PublishReadyToRun)' == 'true' and '$(RuntimeIdentifier)' == '' and '$(_IsPublishing)' == 'true') was evaluated as ('' == 'true' and '' == '' and '' == 'true').
       Task "NETSdkError" skipped, due to false condition; ('$(PublishSingleFile)' == 'true' and '$(RuntimeIdentifier)' == '' and '$(_IsPublishing)' == 'true') was evaluated as ('' == 'true' and '' == '' and '' == 'true').
   6:6>_CheckForLanguageAndFeatureCombinationSupport:
       Task "NETSdkError" skipped, due to false condition; (('$(Language)' == 'C++' and '$(_EnablePackageReferencesInVCProjects)' != 'true') and $(EnableComHosting) == 'true') was evaluated as (('C#' == 'C++' and '' != 'true') and  == 'true').
   5:6>ResolveAssemblyReferences:
                 Private = 'false'
   7:6>_CheckForUnsupportedAppHostUsage:
       Task "NETSdkError" skipped, due to false condition; ('$(PublishAot)' == 'true' and '$(RuntimeIdentifier)' == '' and '$(_IsPublishing)' == 'true' and '$(AllowPublishAotWithoutRuntimeIdentifier)' != 'true') was evaluated as ('' == 'true' and '' == '' and '' == 'true' and '' != 'true').
   5:6>ResolveAssemblyReferences:
             /Users/dacanetdev/.nuget/packages/microsoft.netcore.app.ref/8.0.13/ref/net8.0/System.Threading.ThreadPool.dll
   6:6>_CheckForLanguageAndFeatureCombinationSupport:
       Task "NETSdkError" skipped, due to false condition; (('$(Language)' == 'C++' and '$(_EnablePackageReferencesInVCProjects)' != 'true') and $(SelfContained) == 'true') was evaluated as (('C#' == 'C++' and '' != 'true') and false == 'true').
   7:6>_CheckForUnsupportedAppHostUsage:
       Task "NETSdkError" skipped, due to false condition; ('$(PublishSelfContained)' != 'true' and '$(PublishSelfContained)' != 'false' and '$(PublishSelfContained)' != '') was evaluated as ('' != 'true' and '' != 'false' and '' != '').
   5:6>ResolveAssemblyReferences:
                 Private = 'false'
             /Users/dacanetdev/.nuget/packages/microsoft.netcore.app.ref/8.0.13/ref/net8.0/System.Threading.Timer.dll
   6:6>Done building target "_CheckForLanguageAndFeatureCombinationSupport" in project "DeventSoft.RoadmapSkills.Api.csproj".
   7:6>_CheckForUnsupportedAppHostUsage:
       Task "NETSdkError" skipped, due to false condition; ('$(SelfContained)' == 'true' and '$(UseAppHost)' != 'true' and '$(_RuntimeIdentifierUsesAppHost)' == 'true') was evaluated as ('false' == 'true' and 'true' != 'true' and 'true' == 'true').
   5:6>ResolveAssemblyReferences:
                 Private = 'false'
   6:6>Target "_CheckForNETCoreSdkIsPreview" skipped, due to false condition; ( '$(_NETCoreSdkIsPreview)' == 'true' AND '$(SuppressNETCoreSdkPreviewMessage)' != 'true' ) was evaluated as ( 'false' == 'true' AND '' != 'true' ).
   7:6>_CheckForUnsupportedAppHostUsage:
       Task "NETSdkError" skipped, due to false condition; ('$(SelfContained)' != 'true' and '$(UseAppHost)' == 'true' and '$(_TargetFrameworkVersionWithoutV)' < '2.1') was evaluated as ('false' != 'true' and 'true' == 'true' and '8.0' < '2.1').
   5:6>ResolveAssemblyReferences:
             /Users/dacanetdev/.nuget/packages/microsoft.netcore.app.ref/8.0.13/ref/net8.0/System.Threading.dll
   6:6>Target "_GetProjectJsonPath" in file "/usr/local/share/dotnet/sdk/9.0.200/NuGet.targets" from project "/Users/dacanetdev/Dev/AIGenerated/RoadmapSkills/src/DeventSoft.RoadmapSkills.Api/DeventSoft.RoadmapSkills.Api.csproj" (target "_GetRestoreProjectStyle" depends on it):
   6:6>Task "GetRestoreProjectJsonPathTask" skipped, due to false condition; ( '$(RestoreProjectStyle)' == 'ProjectJson' OR '$(RestoreProjectStyle)' == '' ) was evaluated as ( 'PackageReference' == 'ProjectJson' OR 'PackageReference' == '' ).
   5:6>ResolveAssemblyReferences:
                 Private = 'false'
   7:6>_CheckForUnsupportedAppHostUsage:
       Task "NETSdkError" skipped, due to false condition; ('$(PublishSingleFile)' == 'true' and '$(_TargetFrameworkVersionWithoutV)' < '3.0') was evaluated as ('' == 'true' and '8.0' < '3.0').
   6:6>Done building target "_GetProjectJsonPath" in project "DeventSoft.RoadmapSkills.Api.csproj".
       Target "_CheckForUnsupportedTargetPlatformIdentifier" skipped, due to false condition; ('$(TargetPlatformIdentifier)' != '' and '$(TargetFrameworkIdentifier)' == '.NETCoreApp' and $([MSBuild]::VersionGreaterThanOrEquals($(TargetFrameworkVersion), 5.0)) And ('$(DesignTimeBuild)' != 'true' Or '@(MissingWorkloadPack)' == '')) was evaluated as ('' != '' and '.NETCoreApp' == '.NETCoreApp' and True And ('' != 'true' Or '' == '')).
   5:6>ResolveAssemblyReferences:
             /Users/dacanetdev/.nuget/packages/microsoft.netcore.app.ref/8.0.13/ref/net8.0/System.Transactions.Local.dll
   7:6>_CheckForUnsupportedAppHostUsage:
       Task "NETSdkWarning" skipped, due to false condition; ('$(PublishReadyToRun)' == 'true' and '$(_TargetFrameworkVersionWithoutV)' < '3.0') was evaluated as ('' == 'true' and '8.0' < '3.0').
   5:6>ResolveAssemblyReferences:
                 Private = 'false'
   6:6>Target "_CheckForMissingWorkload" skipped, due to false condition; ('@(MissingWorkloadPack)' != '' And '$(DesignTimeBuild)' != 'true') was evaluated as ('' != '' And '' != 'true').
   7:6>_CheckForUnsupportedAppHostUsage:
       Task "NETSdkWarning" skipped, due to false condition; ('$(RuntimeIdentifier)' != '' and '$(_TargetFrameworkVersionWithoutV)' != '' and $([MSBuild]::VersionLessThan($(_TargetFrameworkVersionWithoutV), '8.0')) and '$(_SelfContainedWasSpecified)' != 'true') was evaluated as ('' != '' and '8.0' != '' and False and '' != 'true').
   6:6>Target "_CheckForNotRecommendedNETStandardVersion" skipped, due to false condition; ('$(TargetFrameworkIdentifier)' == '.NETStandard' and $([MSBuild]::VersionLessThan($(TargetFrameworkVersion), '2.0'))) was evaluated as ('.NETCoreApp' == '.NETStandard' and False).
   7:6>_CheckForUnsupportedAppHostUsage:
       Task "NetSdkError" skipped, due to false condition; (('$(UseWindowsForms)' == 'true') and ('$(PublishTrimmed)' == 'true') and ('$(_SuppressWinFormsTrimError)' != 'true')) was evaluated as (('' == 'true') and ('' == 'true') and ('' != 'true')).
   5:6>ResolveAssemblyReferences:
             /Users/dacanetdev/.nuget/packages/microsoft.netcore.app.ref/8.0.13/ref/net8.0/System.Transactions.dll
   7:6>_CheckForUnsupportedAppHostUsage:
       Task "NetSdkError" skipped, due to false condition; (('$(UseWpf)' == 'true') and ('$(PublishTrimmed)' == 'true') and ('$(_SuppressWpfTrimError)' != 'true')) was evaluated as (('' == 'true') and ('' == 'true') and ('' != 'true')).
   6:6>Target "_CheckForUnsupportedNETStandardVersion" skipped, due to false condition; ('$(TargetFrameworkIdentifier)' == '.NETStandard' And '$(NETStandardMaximumVersion)' != '') was evaluated as ('.NETCoreApp' == '.NETStandard' And '' != '').
   7:6>Done building target "_CheckForUnsupportedAppHostUsage" in project "DeventSoft.RoadmapSkills.Users.Api.csproj".
   6:6>Target "_CheckForUnsupportedTargetFrameworkAndFeatureCombination" skipped, due to false condition; ('$(TargetFrameworkIdentifier)' == '.NETFramework') was evaluated as ('.NETCoreApp' == '.NETFramework').
   6:6>Target "UpdateAspNetToFrameworkReference" in file "/usr/local/share/dotnet/sdk/9.0.200/Sdks/Microsoft.NET.Sdk/targets/Microsoft.NET.Sdk.DefaultItems.Shared.targets" from project "/Users/dacanetdev/Dev/AIGenerated/RoadmapSkills/src/DeventSoft.RoadmapSkills.Api/DeventSoft.RoadmapSkills.Api.csproj" (target "ApplyImplicitVersions" depends on it):
       Using "CheckIfPackageReferenceShouldBeFrameworkReference" task from assembly "/usr/local/share/dotnet/sdk/9.0.200/Sdks/Microsoft.NET.Sdk/targets/../tools/net9.0/Microsoft.NET.Build.Tasks.dll".
   5:6>ResolveAssemblyReferences:
                 Private = 'false'
   6:6>Task "CheckIfPackageReferenceShouldBeFrameworkReference"
   5:6>ResolveAssemblyReferences:
             /Users/dacanetdev/.nuget/packages/microsoft.netcore.app.ref/8.0.13/ref/net8.0/System.ValueTuple.dll
   7:6>Target "_CheckForUnsupportedHostingUsage" in file "/usr/local/share/dotnet/sdk/9.0.200/Sdks/Microsoft.NET.Sdk/targets/Microsoft.NET.RuntimeIdentifierInference.targets" from project "/Users/dacanetdev/Dev/AIGenerated/RoadmapSkills/src/Modules/Users/DeventSoft.RoadmapSkills.Users.Api/DeventSoft.RoadmapSkills.Users.Api.csproj" (target "_CheckForInvalidConfigurationAndPlatform" depends on it):
   7:6>Task "NETSdkWarning" skipped, due to false condition; ('$(SelfContained)' == 'true' and '$(EnableComHosting)' == 'true') was evaluated as ('false' == 'true' and '' == 'true').
   6:6>Done executing task "CheckIfPackageReferenceShouldBeFrameworkReference".
   5:6>ResolveAssemblyReferences:
                 Private = 'false'
   6:6>UpdateAspNetToFrameworkReference:
       Task "NETSdkError" skipped, due to false condition; ('$(_ShouldRemoveAspNetCoreAll)' == 'true') was evaluated as ('False' == 'true').
   5:6>ResolveAssemblyReferences:
             /Users/dacanetdev/.nuget/packages/microsoft.netcore.app.ref/8.0.13/ref/net8.0/System.Web.HttpUtility.dll
   7:6>Done building target "_CheckForUnsupportedHostingUsage" in project "DeventSoft.RoadmapSkills.Users.Api.csproj".
   6:6>Task "CheckIfPackageReferenceShouldBeFrameworkReference"
   5:6>ResolveAssemblyReferences:
                 Private = 'false'
   6:6>Done executing task "CheckIfPackageReferenceShouldBeFrameworkReference".
   5:6>ResolveAssemblyReferences:
             /Users/dacanetdev/.nuget/packages/microsoft.netcore.app.ref/8.0.13/ref/net8.0/System.Web.dll
   6:6>UpdateAspNetToFrameworkReference:
       Task "NETSdkWarning" skipped, due to false condition; ('$(_ShouldRemoveAspNetCoreApp)' == 'true') was evaluated as ('False' == 'true').
   5:6>ResolveAssemblyReferences:
                 Private = 'false'
   7:6>Target "_CheckAndUnsetUnsupportedPrefer32Bit" in file "/usr/local/share/dotnet/sdk/9.0.200/Sdks/Microsoft.NET.Sdk/targets/Microsoft.NET.RuntimeIdentifierInference.targets" from project "/Users/dacanetdev/Dev/AIGenerated/RoadmapSkills/src/Modules/Users/DeventSoft.RoadmapSkills.Users.Api/DeventSoft.RoadmapSkills.Users.Api.csproj" (target "_CheckForInvalidConfigurationAndPlatform" depends on it):
   7:6>Task "NETSdkWarning" skipped, due to false condition; ('$(Prefer32Bit)' == 'true') was evaluated as ('false' == 'true').
   6:6>Done building target "UpdateAspNetToFrameworkReference" in project "DeventSoft.RoadmapSkills.Api.csproj".
   5:6>ResolveAssemblyReferences:
             /Users/dacanetdev/.nuget/packages/microsoft.netcore.app.ref/8.0.13/ref/net8.0/System.Windows.dll
   7:6>Done building target "_CheckAndUnsetUnsupportedPrefer32Bit" in project "DeventSoft.RoadmapSkills.Users.Api.csproj".
   5:6>ResolveAssemblyReferences:
                 Private = 'false'
   6:6>Target "IncludeTargetingPackReference" skipped, due to false condition; ('$(TargetFrameworkMoniker)' != '' and '$(TargetFrameworkIdentifier)' == '.NETFramework' and '$(AutomaticallyUseReferenceAssemblyPackages)' == 'true') was evaluated as ('.NETCoreApp,Version=v8.0' != '' and '.NETCoreApp' == '.NETFramework' and 'true' == 'true').
   7:6>Target "_CheckAndUnsetUnsupportedPreferNativeArm64" skipped, due to false condition; ('$(TargetFrameworkIdentifier)' == '.NETCoreApp' and '$(PreferNativeArm64)' == 'true') was evaluated as ('.NETCoreApp' == '.NETCoreApp' and 'false' == 'true').
   5:6>ResolveAssemblyReferences:
             /Users/dacanetdev/.nuget/packages/microsoft.netcore.app.ref/8.0.13/ref/net8.0/System.Xml.Linq.dll
                 Private = 'false'
   7:6>Target "_CheckForMismatchingPlatform" skipped, due to false condition; ('$(RuntimeIdentifier)' != '' and '$(PlatformTarget)' != '') was evaluated as ('' != '' and '' != '').
   6:6>Target "CheckForImplicitPackageReferenceOverrides" in file "/usr/local/share/dotnet/sdk/9.0.200/Sdks/Microsoft.NET.Sdk/targets/Microsoft.NET.Sdk.DefaultItems.Shared.targets" from project "/Users/dacanetdev/Dev/AIGenerated/RoadmapSkills/src/DeventSoft.RoadmapSkills.Api/DeventSoft.RoadmapSkills.Api.csproj" (target "ApplyImplicitVersions" depends on it):
   6:6>Using "CheckForImplicitPackageReferenceOverrides" task from assembly "/usr/local/share/dotnet/sdk/9.0.200/Sdks/Microsoft.NET.Sdk/targets/../tools/net9.0/Microsoft.NET.Build.Tasks.dll".
   5:6>ResolveAssemblyReferences:
             /Users/dacanetdev/.nuget/packages/microsoft.netcore.app.ref/8.0.13/ref/net8.0/System.Xml.ReaderWriter.dll
   6:6>Task "CheckForImplicitPackageReferenceOverrides"
   5:6>ResolveAssemblyReferences:
                 Private = 'false'
   7:6>Target "_CheckForLanguageAndFeatureCombinationSupport" in file "/usr/local/share/dotnet/sdk/9.0.200/Sdks/Microsoft.NET.Sdk/targets/Microsoft.NET.RuntimeIdentifierInference.targets" from project "/Users/dacanetdev/Dev/AIGenerated/RoadmapSkills/src/Modules/Users/DeventSoft.RoadmapSkills.Users.Api/DeventSoft.RoadmapSkills.Users.Api.csproj" (target "_CheckForInvalidConfigurationAndPlatform" depends on it):
   7:6>Task "NETSdkError" skipped, due to false condition; (('$(Language)' == 'C++' and '$(_EnablePackageReferencesInVCProjects)' != 'true') and $(OutputType) != 'library' and '$(TargetFrameworkIdentifier)' == '.NETCoreApp') was evaluated as (('C#' == 'C++' and '' != 'true') and Exe != 'library' and '.NETCoreApp' == '.NETCoreApp').
   6:6>Done executing task "CheckForImplicitPackageReferenceOverrides".
   5:6>ResolveAssemblyReferences:
             /Users/dacanetdev/.nuget/packages/microsoft.netcore.app.ref/8.0.13/ref/net8.0/System.Xml.Serialization.dll
   7:6>_CheckForLanguageAndFeatureCombinationSupport:
       Task "NETSdkError" skipped, due to false condition; (('$(Language)' == 'C++' and '$(_EnablePackageReferencesInVCProjects)' != 'true') and $(EnableComHosting) == 'true') was evaluated as (('C#' == 'C++' and '' != 'true') and  == 'true').
   6:6>Done building target "CheckForImplicitPackageReferenceOverrides" in project "DeventSoft.RoadmapSkills.Api.csproj".
   5:6>ResolveAssemblyReferences:
                 Private = 'false'
   7:6>_CheckForLanguageAndFeatureCombinationSupport:
       Task "NETSdkError" skipped, due to false condition; (('$(Language)' == 'C++' and '$(_EnablePackageReferencesInVCProjects)' != 'true') and $(SelfContained) == 'true') was evaluated as (('C#' == 'C++' and '' != 'true') and false == 'true').
   5:6>ResolveAssemblyReferences:
             /Users/dacanetdev/.nuget/packages/microsoft.netcore.app.ref/8.0.13/ref/net8.0/System.Xml.XDocument.dll
                 Private = 'false'
   7:6>Done building target "_CheckForLanguageAndFeatureCombinationSupport" in project "DeventSoft.RoadmapSkills.Users.Api.csproj".
   6:6>Target "ApplyImplicitVersions" in file "/usr/local/share/dotnet/sdk/9.0.200/Sdks/Microsoft.NET.Sdk/targets/Microsoft.NET.Sdk.DefaultItems.Shared.targets" from project "/Users/dacanetdev/Dev/AIGenerated/RoadmapSkills/src/DeventSoft.RoadmapSkills.Api/DeventSoft.RoadmapSkills.Api.csproj" (target "CollectPackageReferences" depends on it):
   6:6>Using "ApplyImplicitVersions" task from assembly "/usr/local/share/dotnet/sdk/9.0.200/Sdks/Microsoft.NET.Sdk/targets/../tools/net9.0/Microsoft.NET.Build.Tasks.dll".
   5:6>ResolveAssemblyReferences:
             /Users/dacanetdev/.nuget/packages/microsoft.netcore.app.ref/8.0.13/ref/net8.0/System.Xml.XPath.XDocument.dll
   7:6>Target "_CheckForNETCoreSdkIsPreview" skipped, due to false condition; ( '$(_NETCoreSdkIsPreview)' == 'true' AND '$(SuppressNETCoreSdkPreviewMessage)' != 'true' ) was evaluated as ( 'false' == 'true' AND '' != 'true' ).
   5:6>ResolveAssemblyReferences:
                 Private = 'false'
             /Users/dacanetdev/.nuget/packages/microsoft.netcore.app.ref/8.0.13/ref/net8.0/System.Xml.XPath.dll
                 Private = 'false'
   7:6>Target "_GetProjectJsonPath" in file "/usr/local/share/dotnet/sdk/9.0.200/NuGet.targets" from project "/Users/dacanetdev/Dev/AIGenerated/RoadmapSkills/src/Modules/Users/DeventSoft.RoadmapSkills.Users.Api/DeventSoft.RoadmapSkills.Users.Api.csproj" (target "_GetRestoreProjectStyle" depends on it):
   7:6>Task "GetRestoreProjectJsonPathTask" skipped, due to false condition; ( '$(RestoreProjectStyle)' == 'ProjectJson' OR '$(RestoreProjectStyle)' == '' ) was evaluated as ( 'PackageReference' == 'ProjectJson' OR 'PackageReference' == '' ).
   6:6>Task "ApplyImplicitVersions"
   5:6>ResolveAssemblyReferences:
             /Users/dacanetdev/.nuget/packages/microsoft.netcore.app.ref/8.0.13/ref/net8.0/System.Xml.XmlDocument.dll
   7:6>Done building target "_GetProjectJsonPath" in project "DeventSoft.RoadmapSkills.Users.Api.csproj".
       Target "_CheckForUnsupportedTargetPlatformIdentifier" skipped, due to false condition; ('$(TargetPlatformIdentifier)' != '' and '$(TargetFrameworkIdentifier)' == '.NETCoreApp' and $([MSBuild]::VersionGreaterThanOrEquals($(TargetFrameworkVersion), 5.0)) And ('$(DesignTimeBuild)' != 'true' Or '@(MissingWorkloadPack)' == '')) was evaluated as ('' != '' and '.NETCoreApp' == '.NETCoreApp' and True And ('' != 'true' Or '' == '')).
   5:6>ResolveAssemblyReferences:
                 Private = 'false'
   7:6>Target "_CheckForMissingWorkload" skipped, due to false condition; ('@(MissingWorkloadPack)' != '' And '$(DesignTimeBuild)' != 'true') was evaluated as ('' != '' And '' != 'true').
   6:6>Done executing task "ApplyImplicitVersions".
   7:6>Target "_CheckForNotRecommendedNETStandardVersion" skipped, due to false condition; ('$(TargetFrameworkIdentifier)' == '.NETStandard' and $([MSBuild]::VersionLessThan($(TargetFrameworkVersion), '2.0'))) was evaluated as ('.NETCoreApp' == '.NETStandard' and False).
   6:6>Done building target "ApplyImplicitVersions" in project "DeventSoft.RoadmapSkills.Api.csproj".
       Target "CheckForImplicitPackageReferenceOverrides" skipped. Previously built successfully.
   5:6>ResolveAssemblyReferences:
             /Users/dacanetdev/.nuget/packages/microsoft.netcore.app.ref/8.0.13/ref/net8.0/System.Xml.XmlSerializer.dll
   7:6>Target "_CheckForUnsupportedNETStandardVersion" skipped, due to false condition; ('$(TargetFrameworkIdentifier)' == '.NETStandard' And '$(NETStandardMaximumVersion)' != '') was evaluated as ('.NETCoreApp' == '.NETStandard' And '' != '').
   6:6>Target "AddWindowsSdkKnownFrameworkReferences" skipped, due to false condition; ('$(TargetFrameworkIdentifier)' == '.NETCoreApp' And '$(TargetPlatformIdentifier)' == 'Windows'
                     And ('$(Language)' != 'C++' Or '$(IncludeWindowsSDKRefFrameworkReferences)' == 'true')) was evaluated as ('.NETCoreApp' == '.NETCoreApp' And '' == 'Windows'
                     And ('C#' != 'C++' Or '' == 'true')).
   7:6>Target "_CheckForUnsupportedTargetFrameworkAndFeatureCombination" skipped, due to false condition; ('$(TargetFrameworkIdentifier)' == '.NETFramework') was evaluated as ('.NETCoreApp' == '.NETFramework').
   6:6>Target "_NormalizeTargetPlatformVersion" skipped, due to false condition; ('$(TargetPlatformVersion)' != '' and '$(TargetFrameworkIdentifier)' == '.NETCoreApp' and $([MSBuild]::VersionGreaterThanOrEquals($(TargetFrameworkVersion), 5.0)) and ('$(Language)' != 'C++' or '$(_EnablePackageReferencesInVCProjects)' == 'true')) was evaluated as ('' != '' and '.NETCoreApp' == '.NETCoreApp' and True and ('C#' != 'C++' or '' == 'true')).
   5:6>ResolveAssemblyReferences:
                 Private = 'false'
             /Users/dacanetdev/.nuget/packages/microsoft.netcore.app.ref/8.0.13/ref/net8.0/System.Xml.dll
   6:6>Target "_ComputeToolPackInputsToProcessFrameworkReferences" in file "/usr/local/share/dotnet/sdk/9.0.200/Sdks/Microsoft.NET.Sdk/targets/Microsoft.NET.Publish.targets" from project "/Users/dacanetdev/Dev/AIGenerated/RoadmapSkills/src/DeventSoft.RoadmapSkills.Api/DeventSoft.RoadmapSkills.Api.csproj" (target "ProcessFrameworkReferences" depends on it):
   6:6>Done building target "_ComputeToolPackInputsToProcessFrameworkReferences" in project "DeventSoft.RoadmapSkills.Api.csproj".
   5:6>ResolveAssemblyReferences:
                 Private = 'false'
             /Users/dacanetdev/.nuget/packages/microsoft.netcore.app.ref/8.0.13/ref/net8.0/System.dll
   6:6>Target "ProcessFrameworkReferences" in file "/usr/local/share/dotnet/sdk/9.0.200/Sdks/Microsoft.NET.Sdk/targets/Microsoft.NET.Sdk.FrameworkReferenceResolution.targets" from project "/Users/dacanetdev/Dev/AIGenerated/RoadmapSkills/src/DeventSoft.RoadmapSkills.Api/DeventSoft.RoadmapSkills.Api.csproj" (target "CollectPackageReferences" depends on it):
   6:6>Using "CheckForDuplicateFrameworkReferences" task from assembly "/usr/local/share/dotnet/sdk/9.0.200/Sdks/Microsoft.NET.Sdk/targets/../tools/net9.0/Microsoft.NET.Build.Tasks.dll".
   5:6>ResolveAssemblyReferences:
                 Private = 'false'
   6:6>Task "CheckForDuplicateFrameworkReferences"
   7:6>Target "UpdateAspNetToFrameworkReference" in file "/usr/local/share/dotnet/sdk/9.0.200/Sdks/Microsoft.NET.Sdk/targets/Microsoft.NET.Sdk.DefaultItems.Shared.targets" from project "/Users/dacanetdev/Dev/AIGenerated/RoadmapSkills/src/Modules/Users/DeventSoft.RoadmapSkills.Users.Api/DeventSoft.RoadmapSkills.Users.Api.csproj" (target "ApplyImplicitVersions" depends on it):
   7:6>Using "CheckIfPackageReferenceShouldBeFrameworkReference" task from assembly "/usr/local/share/dotnet/sdk/9.0.200/Sdks/Microsoft.NET.Sdk/targets/../tools/net9.0/Microsoft.NET.Build.Tasks.dll".
   5:6>ResolveAssemblyReferences:
             /Users/dacanetdev/.nuget/packages/microsoft.netcore.app.ref/8.0.13/ref/net8.0/WindowsBase.dll
                 Private = 'false'
   6:6>Done executing task "CheckForDuplicateFrameworkReferences".
   7:6>Task "CheckIfPackageReferenceShouldBeFrameworkReference"
   5:6>ResolveAssemblyReferences:
             /Users/dacanetdev/.nuget/packages/microsoft.netcore.app.ref/8.0.13/ref/net8.0/mscorlib.dll
   7:6>Done executing task "CheckIfPackageReferenceShouldBeFrameworkReference".
   5:6>ResolveAssemblyReferences:
                 Private = 'false'
   7:6>UpdateAspNetToFrameworkReference:
       Task "NETSdkError" skipped, due to false condition; ('$(_ShouldRemoveAspNetCoreAll)' == 'true') was evaluated as ('False' == 'true').
   5:6>ResolveAssemblyReferences:
             /Users/dacanetdev/.nuget/packages/microsoft.netcore.app.ref/8.0.13/ref/net8.0/netstandard.dll
   7:6>Task "CheckIfPackageReferenceShouldBeFrameworkReference"
   5:6>ResolveAssemblyReferences:
                 Private = 'false'
   7:6>Done executing task "CheckIfPackageReferenceShouldBeFrameworkReference".
   5:6>ResolveAssemblyReferences:
         AssemblyFiles:
   7:6>UpdateAspNetToFrameworkReference:
       Task "NETSdkWarning" skipped, due to false condition; ('$(_ShouldRemoveAspNetCoreApp)' == 'true') was evaluated as ('False' == 'true').
   6:6>ProcessFrameworkReferences:
       Using "ProcessFrameworkReferences" task from assembly "/usr/local/share/dotnet/sdk/9.0.200/Sdks/Microsoft.NET.Sdk/targets/../tools/net9.0/Microsoft.NET.Build.Tasks.dll".
   5:6>ResolveAssemblyReferences:
         CandidateAssemblyFiles:
   7:6>Done building target "UpdateAspNetToFrameworkReference" in project "DeventSoft.RoadmapSkills.Users.Api.csproj".
   5:6>ResolveAssemblyReferences:
             /Users/dacanetdev/.nuget/packages/xunit.runner.visualstudio/2.5.3/build/net6.0/xunit.runner.visualstudio.dotnetcore.testadapter.dll
   6:6>Task "ProcessFrameworkReferences"
   7:6>Target "IncludeTargetingPackReference" skipped, due to false condition; ('$(TargetFrameworkMoniker)' != '' and '$(TargetFrameworkIdentifier)' == '.NETFramework' and '$(AutomaticallyUseReferenceAssemblyPackages)' == 'true') was evaluated as ('.NETCoreApp,Version=v8.0' != '' and '.NETCoreApp' == '.NETFramework' and 'true' == 'true').
   5:6>ResolveAssemblyReferences:
             /Users/dacanetdev/.nuget/packages/xunit.runner.visualstudio/2.5.3/build/net6.0/xunit.runner.reporters.netcoreapp10.dll
   6:6>Done executing task "ProcessFrameworkReferences".
       Using "ResolveAppHosts" task from assembly "/usr/local/share/dotnet/sdk/9.0.200/Sdks/Microsoft.NET.Sdk/targets/../tools/net9.0/Microsoft.NET.Build.Tasks.dll".
   5:6>ResolveAssemblyReferences:
             /Users/dacanetdev/.nuget/packages/xunit.runner.visualstudio/2.5.3/build/net6.0/xunit.runner.utility.netcoreapp10.dll
   6:6>Task "ResolveAppHosts"
   5:6>ResolveAssemblyReferences:
         TargetFrameworkDirectories:
   6:6>Done executing task "ResolveAppHosts".
   5:6>ResolveAssemblyReferences:
             
   7:6>Target "CheckForImplicitPackageReferenceOverrides" in file "/usr/local/share/dotnet/sdk/9.0.200/Sdks/Microsoft.NET.Sdk/targets/Microsoft.NET.Sdk.DefaultItems.Shared.targets" from project "/Users/dacanetdev/Dev/AIGenerated/RoadmapSkills/src/Modules/Users/DeventSoft.RoadmapSkills.Users.Api/DeventSoft.RoadmapSkills.Users.Api.csproj" (target "ApplyImplicitVersions" depends on it):
   7:6>Using "CheckForImplicitPackageReferenceOverrides" task from assembly "/usr/local/share/dotnet/sdk/9.0.200/Sdks/Microsoft.NET.Sdk/targets/../tools/net9.0/Microsoft.NET.Build.Tasks.dll".
   5:6>ResolveAssemblyReferences:
         InstalledAssemblyTables:
   7:6>Task "CheckForImplicitPackageReferenceOverrides"
   5:6>ResolveAssemblyReferences:
         IgnoreInstalledAssemblyTable:
   7:6>Done executing task "CheckForImplicitPackageReferenceOverrides".
   5:6>ResolveAssemblyReferences:
             False
   6:6>Done building target "ProcessFrameworkReferences" in project "DeventSoft.RoadmapSkills.Api.csproj".
   7:6>Done building target "CheckForImplicitPackageReferenceOverrides" in project "DeventSoft.RoadmapSkills.Users.Api.csproj".
   5:6>ResolveAssemblyReferences:
         SearchPaths:
             {CandidateAssemblyFiles}
   6:6>Target "IncludeTargetingPackReference" skipped, due to false condition; ('$(TargetFrameworkMoniker)' != '' and '$(TargetFrameworkIdentifier)' == '.NETFramework' and '$(AutomaticallyUseReferenceAssemblyPackages)' == 'true') was evaluated as ('.NETCoreApp,Version=v8.0' != '' and '.NETCoreApp' == '.NETFramework' and 'true' == 'true').
   7:6>Target "ApplyImplicitVersions" in file "/usr/local/share/dotnet/sdk/9.0.200/Sdks/Microsoft.NET.Sdk/targets/Microsoft.NET.Sdk.DefaultItems.Shared.targets" from project "/Users/dacanetdev/Dev/AIGenerated/RoadmapSkills/src/Modules/Users/DeventSoft.RoadmapSkills.Users.Api/DeventSoft.RoadmapSkills.Users.Api.csproj" (target "CollectPackageReferences" depends on it):
   7:6>Using "ApplyImplicitVersions" task from assembly "/usr/local/share/dotnet/sdk/9.0.200/Sdks/Microsoft.NET.Sdk/targets/../tools/net9.0/Microsoft.NET.Build.Tasks.dll".
   5:6>ResolveAssemblyReferences:
             {HintPathFromItem}
   6:6>Target "_CheckMicrosoftNetCompilersToolsetFrameworkPackageReference" skipped, due to false condition; ('$(MSBuildRuntimeType)' == 'Full') was evaluated as ('Core' == 'Full').
   7:6>Task "ApplyImplicitVersions"
   5:6>ResolveAssemblyReferences:
             {TargetFrameworkDirectory}
   7:6>Done executing task "ApplyImplicitVersions".
   5:6>ResolveAssemblyReferences:
             {RawFileName}
   6:6>Target "_CheckForObsoleteDotNetCliToolReferences" in file "/usr/local/share/dotnet/sdk/9.0.200/Sdks/Microsoft.NET.Sdk/targets/Microsoft.NET.ObsoleteReferences.targets" from project "/Users/dacanetdev/Dev/AIGenerated/RoadmapSkills/src/DeventSoft.RoadmapSkills.Api/DeventSoft.RoadmapSkills.Api.csproj" (target "CollectPackageReferences" depends on it):
   6:6>Task "NETSdkWarning" skipped, due to false condition; ( '%(_ReferenceToObsoleteDotNetCliTool.Identity)' != '' ) was evaluated as ( '' != '' ).
   7:6>Done building target "ApplyImplicitVersions" in project "DeventSoft.RoadmapSkills.Users.Api.csproj".
     0>The "Platform" property is a global property, and cannot be modified.
       The "Configuration" property is a global property, and cannot be modified.
   5:6>ResolveAssemblyReferences:
         AllowedAssemblyExtensions:
   6:6>Done building target "_CheckForObsoleteDotNetCliToolReferences" in project "DeventSoft.RoadmapSkills.Api.csproj".
   7:6>Target "CheckForImplicitPackageReferenceOverrides" skipped. Previously built successfully.
   5:6>ResolveAssemblyReferences:
             .winmd
   7:6>Target "AddWindowsSdkKnownFrameworkReferences" skipped, due to false condition; ('$(TargetFrameworkIdentifier)' == '.NETCoreApp' And '$(TargetPlatformIdentifier)' == 'Windows'
                     And ('$(Language)' != 'C++' Or '$(IncludeWindowsSDKRefFrameworkReferences)' == 'true')) was evaluated as ('.NETCoreApp' == '.NETCoreApp' And '' == 'Windows'
                     And ('C#' != 'C++' Or '' == 'true')).
   5:6>ResolveAssemblyReferences:
             .dll
   6:6>Target "CollectPackageReferences" in file "/usr/local/share/dotnet/sdk/9.0.200/NuGet.targets" from project "/Users/dacanetdev/Dev/AIGenerated/RoadmapSkills/src/DeventSoft.RoadmapSkills.Api/DeventSoft.RoadmapSkills.Api.csproj" (target "_GetRestoreProjectStyle" depends on it):
   6:6>Using "CheckForDuplicateNuGetItemsTask" task from assembly "/usr/local/share/dotnet/sdk/9.0.200/NuGet.Build.Tasks.dll".
   7:6>Target "_NormalizeTargetPlatformVersion" skipped, due to false condition; ('$(TargetPlatformVersion)' != '' and '$(TargetFrameworkIdentifier)' == '.NETCoreApp' and $([MSBuild]::VersionGreaterThanOrEquals($(TargetFrameworkVersion), 5.0)) and ('$(Language)' != 'C++' or '$(_EnablePackageReferencesInVCProjects)' == 'true')) was evaluated as ('' != '' and '.NETCoreApp' == '.NETCoreApp' and True and ('C#' != 'C++' or '' == 'true')).
   5:6>ResolveAssemblyReferences:
             .exe
   7:6>Target "_ComputeToolPackInputsToProcessFrameworkReferences" in file "/usr/local/share/dotnet/sdk/9.0.200/Sdks/Microsoft.NET.Sdk/targets/Microsoft.NET.Publish.targets" from project "/Users/dacanetdev/Dev/AIGenerated/RoadmapSkills/src/Modules/Users/DeventSoft.RoadmapSkills.Users.Api/DeventSoft.RoadmapSkills.Users.Api.csproj" (target "ProcessFrameworkReferences" depends on it):
   7:6>Done building target "_ComputeToolPackInputsToProcessFrameworkReferences" in project "DeventSoft.RoadmapSkills.Users.Api.csproj".
   5:6>ResolveAssemblyReferences:
         AllowedRelatedFileExtensions:
   7:6>Target "ProcessFrameworkReferences" in file "/usr/local/share/dotnet/sdk/9.0.200/Sdks/Microsoft.NET.Sdk/targets/Microsoft.NET.Sdk.FrameworkReferenceResolution.targets" from project "/Users/dacanetdev/Dev/AIGenerated/RoadmapSkills/src/Modules/Users/DeventSoft.RoadmapSkills.Users.Api/DeventSoft.RoadmapSkills.Users.Api.csproj" (target "CollectPackageReferences" depends on it):
   7:6>Using "CheckForDuplicateFrameworkReferences" task from assembly "/usr/local/share/dotnet/sdk/9.0.200/Sdks/Microsoft.NET.Sdk/targets/../tools/net9.0/Microsoft.NET.Build.Tasks.dll".
   5:6>ResolveAssemblyReferences:
             .pdb
   6:6>Task "CheckForDuplicateNuGetItemsTask"
   7:6>Task "CheckForDuplicateFrameworkReferences"
   5:6>ResolveAssemblyReferences:
             .xml
   6:6>Done executing task "CheckForDuplicateNuGetItemsTask".
   5:6>ResolveAssemblyReferences:
             .pri
   6:6>Done building target "CollectPackageReferences" in project "DeventSoft.RoadmapSkills.Api.csproj".
   5:6>ResolveAssemblyReferences:
             .dll.config
             .exe.config
   6:6>Target "_GetRestoreProjectStyle" in file "/usr/local/share/dotnet/sdk/9.0.200/NuGet.targets" from project "/Users/dacanetdev/Dev/AIGenerated/RoadmapSkills/src/DeventSoft.RoadmapSkills.Api/DeventSoft.RoadmapSkills.Api.csproj" (target "EnableIntermediateOutputPathMismatchWarning" depends on it):
   6:6>Using "GetRestoreProjectStyleTask" task from assembly "/usr/local/share/dotnet/sdk/9.0.200/NuGet.Build.Tasks.dll".
       Task "GetRestoreProjectStyleTask"
   5:6>ResolveAssemblyReferences:
         AppConfigFile:
   6:6>Done executing task "GetRestoreProjectStyleTask".
   5:6>ResolveAssemblyReferences:
             
   6:6>Done building target "_GetRestoreProjectStyle" in project "DeventSoft.RoadmapSkills.Api.csproj".
   5:6>ResolveAssemblyReferences:
         AutoUnify:
   6:6>Target "EnableIntermediateOutputPathMismatchWarning" in file "/usr/local/share/dotnet/sdk/9.0.200/NuGet.targets" from project "/Users/dacanetdev/Dev/AIGenerated/RoadmapSkills/src/DeventSoft.RoadmapSkills.Api/DeventSoft.RoadmapSkills.Api.csproj" (target "_CheckForInvalidConfigurationAndPlatform" depends on it):
   6:6>Done building target "EnableIntermediateOutputPathMismatchWarning" in project "DeventSoft.RoadmapSkills.Api.csproj".
   5:6>ResolveAssemblyReferences:
             True
   6:6>Target "ApplyImplicitVersions" skipped. Previously built successfully.
   5:6>ResolveAssemblyReferences:
         CopyLocalDependenciesWhenParentReferenceInGac:
   6:6>Target "CheckForImplicitPackageReferenceOverrides" skipped. Previously built successfully.
   6:6>Target "CheckForDuplicateItems" in file "/usr/local/share/dotnet/sdk/9.0.200/Sdks/Microsoft.NET.Sdk/targets/Microsoft.NET.Sdk.DefaultItems.Shared.targets" from project "/Users/dacanetdev/Dev/AIGenerated/RoadmapSkills/src/DeventSoft.RoadmapSkills.Api/DeventSoft.RoadmapSkills.Api.csproj" (target "_CheckForInvalidConfigurationAndPlatform" depends on it):
       Using "CheckForDuplicateItems" task from assembly "/usr/local/share/dotnet/sdk/9.0.200/Sdks/Microsoft.NET.Sdk/targets/../tools/net9.0/Microsoft.NET.Build.Tasks.dll".
       Task "CheckForDuplicateItems"
   5:6>ResolveAssemblyReferences:
             True
   6:6>Done executing task "CheckForDuplicateItems".
       Task "CheckForDuplicateItems"
   5:6>ResolveAssemblyReferences:
         FindDependencies:
   6:6>Done executing task "CheckForDuplicateItems".
       Task "CheckForDuplicateItems"
   5:6>ResolveAssemblyReferences:
             True
         TargetProcessorArchitecture:
             msil
         StateFile:
             obj/Debug/net8.0/DeventSoft.RoadmapSkills.Users.UnitTests.csproj.AssemblyReference.cache
         InstalledAssemblySubsetTables:
         IgnoreInstalledAssemblySubsetTable:
             False
   7:6>Done executing task "CheckForDuplicateFrameworkReferences".
   5:6>ResolveAssemblyReferences:
         TargetFrameworkSubsets:
   7:6>ProcessFrameworkReferences:
       Using "ProcessFrameworkReferences" task from assembly "/usr/local/share/dotnet/sdk/9.0.200/Sdks/Microsoft.NET.Sdk/targets/../tools/net9.0/Microsoft.NET.Build.Tasks.dll".
   5:6>ResolveAssemblyReferences:
         FullTargetFrameworkSubsetNames:
   7:6>Task "ProcessFrameworkReferences"
   5:6>ResolveAssemblyReferences:
             Full
   7:6>Done executing task "ProcessFrameworkReferences".
   5:6>ResolveAssemblyReferences:
         ProfileName:
             
         FullFrameworkFolders:
         LatestTargetFrameworkDirectories:
         ProfileTablesLocation:
         Primary reference "Microsoft.VisualStudio.CodeCoverage.Shim, Version=15.0.0.0, Culture=neutral, PublicKeyToken=b03f5f7f11d50a3a".
             Resolved file path is "/Users/dacanetdev/.nuget/packages/microsoft.codecoverage/17.8.0/lib/netcoreapp3.1/Microsoft.VisualStudio.CodeCoverage.Shim.dll".
             Reference found at search path location "{HintPathFromItem}".
             This reference is not "CopyLocal" because at least one source item had "Private" set to "false" and no source items had "Private" set to "true".
             The ImageRuntimeVersion for this reference is "".
         Primary reference "Microsoft.TestPlatform.CoreUtilities, Version=15.0.0.0, Culture=neutral, PublicKeyToken=b03f5f7f11d50a3a".
             Resolved file path is "/Users/dacanetdev/.nuget/packages/microsoft.testplatform.testhost/17.8.0/lib/netcoreapp3.1/Microsoft.TestPlatform.CoreUtilities.dll".
             Reference found at search path location "{HintPathFromItem}".
             This reference is not "CopyLocal" because at least one source item had "Private" set to "false" and no source items had "Private" set to "true".
             The ImageRuntimeVersion for this reference is "".
         Primary reference "Microsoft.TestPlatform.PlatformAbstractions, Version=15.0.0.0, Culture=neutral, PublicKeyToken=b03f5f7f11d50a3a".
             Resolved file path is "/Users/dacanetdev/.nuget/packages/microsoft.testplatform.testhost/17.8.0/lib/netcoreapp3.1/Microsoft.TestPlatform.PlatformAbstractions.dll".
             Reference found at search path location "{HintPathFromItem}".
             This reference is not "CopyLocal" because at least one source item had "Private" set to "false" and no source items had "Private" set to "true".
             The ImageRuntimeVersion for this reference is "".
         Primary reference "Microsoft.VisualStudio.TestPlatform.ObjectModel, Version=15.0.0.0, Culture=neutral, PublicKeyToken=b03f5f7f11d50a3a".
             Resolved file path is "/Users/dacanetdev/.nuget/packages/microsoft.testplatform.testhost/17.8.0/lib/netcoreapp3.1/Microsoft.VisualStudio.TestPlatform.ObjectModel.dll".
             Reference found at search path location "{HintPathFromItem}".
     0>Property reassignment: $(_DebugSymbolsProduced)="true" (previous value: "false") at /usr/local/share/dotnet/sdk/9.0.200/Microsoft.Common.CurrentVersion.targets (175,5)
       Property reassignment: $(_DocumentationFileProduced)="false" (previous value: "true") at /usr/local/share/dotnet/sdk/9.0.200/Microsoft.Common.CurrentVersion.targets (185,5)
   5:6>ResolveAssemblyReferences:
             This reference is not "CopyLocal" because at least one source item had "Private" set to "false" and no source items had "Private" set to "true".
             The ImageRuntimeVersion for this reference is "".
         Primary reference "Microsoft.TestPlatform.CommunicationUtilities, Version=15.0.0.0, Culture=neutral, PublicKeyToken=b03f5f7f11d50a3a".
             Resolved file path is "/Users/dacanetdev/.nuget/packages/microsoft.testplatform.testhost/17.8.0/lib/netcoreapp3.1/Microsoft.TestPlatform.CommunicationUtilities.dll".
             Reference found at search path location "{HintPathFromItem}".
             This reference is not "CopyLocal" because at least one source item had "Private" set to "false" and no source items had "Private" set to "true".
             The ImageRuntimeVersion for this reference is "".
   7:6>ProcessFrameworkReferences:
       Using "ResolveAppHosts" task from assembly "/usr/local/share/dotnet/sdk/9.0.200/Sdks/Microsoft.NET.Sdk/targets/../tools/net9.0/Microsoft.NET.Build.Tasks.dll".
       Task "ResolveAppHosts"
   5:6>ResolveAssemblyReferences:
         Primary reference "Microsoft.TestPlatform.CrossPlatEngine, Version=15.0.0.0, Culture=neutral, PublicKeyToken=b03f5f7f11d50a3a".
             Resolved file path is "/Users/dacanetdev/.nuget/packages/microsoft.testplatform.testhost/17.8.0/lib/netcoreapp3.1/Microsoft.TestPlatform.CrossPlatEngine.dll".
   6:6>Done executing task "CheckForDuplicateItems".
   5:6>ResolveAssemblyReferences:
             Reference found at search path location "{HintPathFromItem}".
   6:6>Done building target "CheckForDuplicateItems" in project "DeventSoft.RoadmapSkills.Api.csproj".
   5:6>ResolveAssemblyReferences:
             This reference is not "CopyLocal" because at least one source item had "Private" set to "false" and no source items had "Private" set to "true".
   6:6>Target "WarnForExplicitVersions" skipped, due to false condition; ('@(SdkBuildWarning)' != '') was evaluated as ('' != '').
   5:6>ResolveAssemblyReferences:
             The ImageRuntimeVersion for this reference is "".
         Primary reference "Microsoft.TestPlatform.Utilities, Version=15.0.0.0, Culture=neutral, PublicKeyToken=b03f5f7f11d50a3a".
   6:6>Target "_CheckForFailedSDKResolution" skipped, due to false condition; ('$(SdkResolverHonoredGlobalJson)' == 'false') was evaluated as ('' == 'false').
   5:6>ResolveAssemblyReferences:
             Resolved file path is "/Users/dacanetdev/.nuget/packages/microsoft.testplatform.testhost/17.8.0/lib/netcoreapp3.1/Microsoft.TestPlatform.Utilities.dll".
   6:6>Target "_WarnWhenUsingNET9AndVSPriorTo1712" skipped, due to false condition; ($([MSBuild]::VersionLessThan($(MSBuildVersion), '17.12.0')) and '$(TargetFrameworkIdentifier)' == '.NETCoreApp' and $([MSBuild]::VersionGreaterThanOrEquals($(_TargetFrameworkVersionWithoutV), '9.0'))) was evaluated as (False and '.NETCoreApp' == '.NETCoreApp' and False).
   5:6>ResolveAssemblyReferences:
             Reference found at search path location "{HintPathFromItem}".
   6:6>Target "_CheckForInvalidWindowsDesktopTargetingConfiguration" skipped, due to false condition; ('$(TargetFrameworkIdentifier)' == '.NETCoreApp' and $([MSBuild]::VersionGreaterThanOrEquals($(_TargetFrameworkVersionWithoutV), '5.0')) and ('$(UseWindowsForms)' == 'true' or '$(UseWPF)' == 'true')) was evaluated as ('.NETCoreApp' == '.NETCoreApp' and True and ('' == 'true' or '' == 'true')).
   5:6>ResolveAssemblyReferences:
             This reference is not "CopyLocal" because at least one source item had "Private" set to "false" and no source items had "Private" set to "true".
             The ImageRuntimeVersion for this reference is "".
   6:6>Target "_CheckForUnnecessaryWindowsDesktopSDK" skipped, due to false condition; ('$(TargetFrameworkIdentifier)' == '.NETCoreApp' and $([MSBuild]::VersionGreaterThanOrEquals($(_TargetFrameworkVersionWithoutV), '5.0')) and '$(_MicrosoftWindowsDesktopSdkImported)' == 'true' and '$(TargetFrameworks)' == '') was evaluated as ('.NETCoreApp' == '.NETCoreApp' and True and '' == 'true' and '' == '').
   5:6>ResolveAssemblyReferences:
         Primary reference "Microsoft.VisualStudio.TestPlatform.Common, Version=15.0.0.0, Culture=neutral, PublicKeyToken=b03f5f7f11d50a3a".
   6:6>Target "ProcessFrameworkReferences" skipped. Previously built successfully.
   5:6>ResolveAssemblyReferences:
             Resolved file path is "/Users/dacanetdev/.nuget/packages/microsoft.testplatform.testhost/17.8.0/lib/netcoreapp3.1/Microsoft.VisualStudio.TestPlatform.Common.dll".
   6:6>Target "IncludeTargetingPackReference" skipped, due to false condition; ('$(TargetFrameworkMoniker)' != '' and '$(TargetFrameworkIdentifier)' == '.NETFramework' and '$(AutomaticallyUseReferenceAssemblyPackages)' == 'true') was evaluated as ('.NETCoreApp,Version=v8.0' != '' and '.NETCoreApp' == '.NETFramework' and 'true' == 'true').
   5:6>ResolveAssemblyReferences:
             Reference found at search path location "{HintPathFromItem}".
             This reference is not "CopyLocal" because at least one source item had "Private" set to "false" and no source items had "Private" set to "true".
             The ImageRuntimeVersion for this reference is "".
   6:6>Target "_CheckForInvalidConfigurationAndPlatform" in file "/usr/local/share/dotnet/sdk/9.0.200/Microsoft.Common.CurrentVersion.targets" from project "/Users/dacanetdev/Dev/AIGenerated/RoadmapSkills/src/DeventSoft.RoadmapSkills.Api/DeventSoft.RoadmapSkills.Api.csproj" (target "BeforeBuild" depends on it):
   6:6>Task "MSBuildInternalMessage" skipped, due to false condition; ('$(_InvalidConfigurationMessageSeverity)' != '') was evaluated as ('' != '').
   5:6>ResolveAssemblyReferences:
         Primary reference "testhost, Version=15.0.0.0, Culture=neutral, PublicKeyToken=b03f5f7f11d50a3a".
             Resolved file path is "/Users/dacanetdev/.nuget/packages/microsoft.testplatform.testhost/17.8.0/lib/netcoreapp3.1/testhost.dll".
   6:6>Task "Message"
   5:6>ResolveAssemblyReferences:
             Reference found at search path location "{HintPathFromItem}".
   6:6>_CheckForInvalidConfigurationAndPlatform:
         Configuration=Debug
   5:6>ResolveAssemblyReferences:
             This reference is not "CopyLocal" because at least one source item had "Private" set to "false" and no source items had "Private" set to "true".
             The ImageRuntimeVersion for this reference is "".
   6:6>Done executing task "Message".
   5:6>ResolveAssemblyReferences:
         Primary reference "Newtonsoft.Json, Version=13.0.0.0, Culture=neutral, PublicKeyToken=30ad4fe6b2a6aeed".
   6:6>Task "Message"
   5:6>ResolveAssemblyReferences:
             Resolved file path is "/Users/dacanetdev/.nuget/packages/newtonsoft.json/13.0.1/lib/netstandard2.0/Newtonsoft.Json.dll".
             Reference found at search path location "{HintPathFromItem}".
   6:6>_CheckForInvalidConfigurationAndPlatform:
         Platform=AnyCPU
   5:6>ResolveAssemblyReferences:
             This reference is not "CopyLocal" because at least one source item had "Private" set to "false" and no source items had "Private" set to "true".
             The ImageRuntimeVersion for this reference is "".
   6:6>Done executing task "Message".
   5:6>ResolveAssemblyReferences:
         Primary reference "NuGet.Frameworks, Version=6.5.0.154, Culture=neutral, PublicKeyToken=31bf3856ad364e35".
   6:6>_CheckForInvalidConfigurationAndPlatform:
       Task "MSBuildInternalMessage" skipped, due to false condition; ('$(OutDir)' != '' and !HasTrailingSlash('$(OutDir)')) was evaluated as ('bin/Debug/net8.0/' != '' and !HasTrailingSlash('bin/Debug/net8.0/')).
   5:6>ResolveAssemblyReferences:
             Resolved file path is "/Users/dacanetdev/.nuget/packages/nuget.frameworks/6.5.0/lib/netstandard2.0/NuGet.Frameworks.dll".
             Reference found at search path location "{HintPathFromItem}".
             This reference is not "CopyLocal" because at least one source item had "Private" set to "false" and no source items had "Private" set to "true".
   2:6>ResolveAssemblyReferences:
                 Private = 'false'
   5:6>ResolveAssemblyReferences:
             The ImageRuntimeVersion for this reference is "".
   2:6>ResolveAssemblyReferences:
             /Users/dacanetdev/.nuget/packages/microsoft.netcore.app.ref/8.0.13/ref/net8.0/System.Transactions.dll
                 Private = 'false'
             /Users/dacanetdev/.nuget/packages/microsoft.netcore.app.ref/8.0.13/ref/net8.0/System.ValueTuple.dll
                 Private = 'false'
             /Users/dacanetdev/.nuget/packages/microsoft.netcore.app.ref/8.0.13/ref/net8.0/System.Web.HttpUtility.dll
                 Private = 'false'
             /Users/dacanetdev/.nuget/packages/microsoft.netcore.app.ref/8.0.13/ref/net8.0/System.Web.dll
                 Private = 'false'
             /Users/dacanetdev/.nuget/packages/microsoft.netcore.app.ref/8.0.13/ref/net8.0/System.Windows.dll
                 Private = 'false'
             /Users/dacanetdev/.nuget/packages/microsoft.netcore.app.ref/8.0.13/ref/net8.0/System.Xml.Linq.dll
                 Private = 'false'
             /Users/dacanetdev/.nuget/packages/microsoft.netcore.app.ref/8.0.13/ref/net8.0/System.Xml.ReaderWriter.dll
                 Private = 'false'
             /Users/dacanetdev/.nuget/packages/microsoft.netcore.app.ref/8.0.13/ref/net8.0/System.Xml.Serialization.dll
                 Private = 'false'
             /Users/dacanetdev/.nuget/packages/microsoft.netcore.app.ref/8.0.13/ref/net8.0/System.Xml.XDocument.dll
     0>The "SolutionName" property is a global property, and cannot be modified.
       The "SolutionFileName" property is a global property, and cannot be modified.
       The "SolutionPath" property is a global property, and cannot be modified.
       The "SolutionDir" property is a global property, and cannot be modified.
   2:6>ResolveAssemblyReferences:
                 Private = 'false'
     0>The "SolutionExt" property is a global property, and cannot be modified.
   2:6>ResolveAssemblyReferences:
             /Users/dacanetdev/.nuget/packages/microsoft.netcore.app.ref/8.0.13/ref/net8.0/System.Xml.XPath.XDocument.dll
                 Private = 'false'
             /Users/dacanetdev/.nuget/packages/microsoft.netcore.app.ref/8.0.13/ref/net8.0/System.Xml.XPath.dll
                 Private = 'false'
             /Users/dacanetdev/.nuget/packages/microsoft.netcore.app.ref/8.0.13/ref/net8.0/System.Xml.XmlDocument.dll
   5:6>ResolveAssemblyReferences:
         Primary reference "xunit.abstractions, Version=2.0.0.0, Culture=neutral, PublicKeyToken=8d05b1bb7a6fdb6c".
   2:6>ResolveAssemblyReferences:
                 Private = 'false'
             /Users/dacanetdev/.nuget/packages/microsoft.netcore.app.ref/8.0.13/ref/net8.0/System.Xml.XmlSerializer.dll
   5:6>ResolveAssemblyReferences:
             Resolved file path is "/Users/dacanetdev/.nuget/packages/xunit.abstractions/2.0.3/lib/netstandard2.0/xunit.abstractions.dll".
   2:6>ResolveAssemblyReferences:
                 Private = 'false'
   5:6>ResolveAssemblyReferences:
             Reference found at search path location "{HintPathFromItem}".
   2:6>ResolveAssemblyReferences:
             /Users/dacanetdev/.nuget/packages/microsoft.netcore.app.ref/8.0.13/ref/net8.0/System.Xml.dll
   5:6>ResolveAssemblyReferences:
             This reference is not "CopyLocal" because at least one source item had "Private" set to "false" and no source items had "Private" set to "true".
   2:6>ResolveAssemblyReferences:
                 Private = 'false'
   5:6>ResolveAssemblyReferences:
             The ImageRuntimeVersion for this reference is "".
   2:6>ResolveAssemblyReferences:
             /Users/dacanetdev/.nuget/packages/microsoft.netcore.app.ref/8.0.13/ref/net8.0/System.dll
   5:6>ResolveAssemblyReferences:
         Primary reference "xunit.assert, Version=2.5.3.0, Culture=neutral, PublicKeyToken=8d05b1bb7a6fdb6c".
   2:6>ResolveAssemblyReferences:
                 Private = 'false'
   5:6>ResolveAssemblyReferences:
             Resolved file path is "/Users/dacanetdev/.nuget/packages/xunit.assert/2.5.3/lib/netstandard1.1/xunit.assert.dll".
   2:6>ResolveAssemblyReferences:
             /Users/dacanetdev/.nuget/packages/microsoft.netcore.app.ref/8.0.13/ref/net8.0/WindowsBase.dll
   5:6>ResolveAssemblyReferences:
             Reference found at search path location "{HintPathFromItem}".
     0>Property reassignment: $(MSBuildCopyMarkerName)="DeventSo.BC8AD8D6" (previous value: "DeventSoft.RoadmapSkills.BlazorApp.csproj") at /usr/local/share/dotnet/sdk/9.0.200/Microsoft.Common.CurrentVersion.targets (392,5)
   2:6>ResolveAssemblyReferences:
                 Private = 'false'
   5:6>ResolveAssemblyReferences:
             This reference is not "CopyLocal" because at least one source item had "Private" set to "false" and no source items had "Private" set to "true".
     0>Property reassignment: $(MSBuildCopyMarkerName)="DeventSo.BC8AD8D6.Up2Date" (previous value: "DeventSo.BC8AD8D6") at /usr/local/share/dotnet/sdk/9.0.200/Microsoft.Common.CurrentVersion.targets (393,5)
   2:6>ResolveAssemblyReferences:
             /Users/dacanetdev/.nuget/packages/microsoft.netcore.app.ref/8.0.13/ref/net8.0/mscorlib.dll
   5:6>ResolveAssemblyReferences:
             The ImageRuntimeVersion for this reference is "".
   2:6>ResolveAssemblyReferences:
                 Private = 'false'
             /Users/dacanetdev/.nuget/packages/microsoft.netcore.app.ref/8.0.13/ref/net8.0/netstandard.dll
   5:6>ResolveAssemblyReferences:
         Primary reference "xunit.core, Version=2.5.3.0, Culture=neutral, PublicKeyToken=8d05b1bb7a6fdb6c".
   2:6>ResolveAssemblyReferences:
                 Private = 'false'
   5:6>ResolveAssemblyReferences:
             Resolved file path is "/Users/dacanetdev/.nuget/packages/xunit.extensibility.core/2.5.3/lib/netstandard1.1/xunit.core.dll".
   2:6>ResolveAssemblyReferences:
         AssemblyFiles:
   5:6>ResolveAssemblyReferences:
             Reference found at search path location "{HintPathFromItem}".
   2:6>ResolveAssemblyReferences:
         CandidateAssemblyFiles:
   5:6>ResolveAssemblyReferences:
             This reference is not "CopyLocal" because at least one source item had "Private" set to "false" and no source items had "Private" set to "true".
   2:6>ResolveAssemblyReferences:
             /Users/dacanetdev/.nuget/packages/xunit.runner.visualstudio/2.5.3/build/net6.0/xunit.runner.visualstudio.dotnetcore.testadapter.dll
   5:6>ResolveAssemblyReferences:
             The ImageRuntimeVersion for this reference is "".
   2:6>ResolveAssemblyReferences:
             /Users/dacanetdev/.nuget/packages/xunit.runner.visualstudio/2.5.3/build/net6.0/xunit.runner.reporters.netcoreapp10.dll
   5:6>ResolveAssemblyReferences:
         Primary reference "xunit.execution.dotnet, Version=2.5.3.0, Culture=neutral, PublicKeyToken=8d05b1bb7a6fdb6c".
   2:6>ResolveAssemblyReferences:
             /Users/dacanetdev/.nuget/packages/xunit.runner.visualstudio/2.5.3/build/net6.0/xunit.runner.utility.netcoreapp10.dll
         TargetFrameworkDirectories:
             
         InstalledAssemblyTables:
         IgnoreInstalledAssemblyTable:
   5:6>ResolveAssemblyReferences:
             Resolved file path is "/Users/dacanetdev/.nuget/packages/xunit.extensibility.execution/2.5.3/lib/netstandard1.1/xunit.execution.dotnet.dll".
   2:6>ResolveAssemblyReferences:
             False
   5:6>ResolveAssemblyReferences:
             Reference found at search path location "{HintPathFromItem}".
   2:6>ResolveAssemblyReferences:
         SearchPaths:
   5:6>ResolveAssemblyReferences:
             This reference is not "CopyLocal" because at least one source item had "Private" set to "false" and no source items had "Private" set to "true".
   2:6>ResolveAssemblyReferences:
             {CandidateAssemblyFiles}
             {HintPathFromItem}
   5:6>ResolveAssemblyReferences:
             The ImageRuntimeVersion for this reference is "".
   2:6>ResolveAssemblyReferences:
             {TargetFrameworkDirectory}
             {RawFileName}
   5:6>ResolveAssemblyReferences:
         Primary reference "Microsoft.CSharp, Version=8.0.0.0, Culture=neutral, PublicKeyToken=b03f5f7f11d50a3a".
   2:6>ResolveAssemblyReferences:
         AllowedAssemblyExtensions:
   5:6>ResolveAssemblyReferences:
             Resolved file path is "/Users/dacanetdev/.nuget/packages/microsoft.netcore.app.ref/8.0.13/ref/net8.0/Microsoft.CSharp.dll".
   2:6>ResolveAssemblyReferences:
             .winmd
   5:6>ResolveAssemblyReferences:
             Reference found at search path location "{RawFileName}".
   2:6>ResolveAssemblyReferences:
             .dll
   5:6>ResolveAssemblyReferences:
             This reference is not "CopyLocal" because at least one source item had "Private" set to "false" and no source items had "Private" set to "true".
   2:6>ResolveAssemblyReferences:
             .exe
         AllowedRelatedFileExtensions:
             .pdb
             .xml
   5:6>ResolveAssemblyReferences:
             The ImageRuntimeVersion for this reference is "".
   2:6>ResolveAssemblyReferences:
             .pri
             .dll.config
   6:6>_CheckForInvalidConfigurationAndPlatform:
       Task "MSBuildInternalMessage" skipped, due to false condition; ('$(IntermediateOutputPath)' != '' and !HasTrailingSlash('$(IntermediateOutputPath)')) was evaluated as ('obj/Debug/net8.0/' != '' and !HasTrailingSlash('obj/Debug/net8.0/')).
   2:6>ResolveAssemblyReferences:
             .exe.config
   5:6>ResolveAssemblyReferences:
         Primary reference "Microsoft.VisualBasic.Core, Version=13.0.0.0, Culture=neutral, PublicKeyToken=b03f5f7f11d50a3a".
   2:6>ResolveAssemblyReferences:
         AppConfigFile:
   6:6>_CheckForInvalidConfigurationAndPlatform:
       Task "MSBuildInternalMessage" skipped, due to false condition; ('$(BaseIntermediateOutputPath)' != '' and !HasTrailingSlash('$(BaseIntermediateOutputPath)')) was evaluated as ('/Users/dacanetdev/Dev/AIGenerated/RoadmapSkills/src/DeventSoft.RoadmapSkills.Api/obj/' != '' and !HasTrailingSlash('/Users/dacanetdev/Dev/AIGenerated/RoadmapSkills/src/DeventSoft.RoadmapSkills.Api/obj/')).
   5:6>ResolveAssemblyReferences:
             Resolved file path is "/Users/dacanetdev/.nuget/packages/microsoft.netcore.app.ref/8.0.13/ref/net8.0/Microsoft.VisualBasic.Core.dll".
   2:6>ResolveAssemblyReferences:
             
   5:6>ResolveAssemblyReferences:
             Reference found at search path location "{RawFileName}".
   6:6>_CheckForInvalidConfigurationAndPlatform:
       Task "MSBuildInternalMessage" skipped, due to false condition; ( '$(Prefer32Bit)' == 'true' and '$(PreferNativeArm64)' == 'true' ) was evaluated as ( 'false' == 'true' and 'false' == 'true' ).
   2:6>ResolveAssemblyReferences:
         AutoUnify:
   5:6>ResolveAssemblyReferences:
             This reference is not "CopyLocal" because at least one source item had "Private" set to "false" and no source items had "Private" set to "true".
   6:6>_CheckForInvalidConfigurationAndPlatform:
       Task "MSBuildInternalMessage" skipped, due to false condition; ( '$(NoWin32Manifest)' == 'true' and '$(PreferNativeArm64)' == 'true' ) was evaluated as ( '' == 'true' and 'false' == 'true' ).
   5:6>ResolveAssemblyReferences:
             The ImageRuntimeVersion for this reference is "".
   2:6>ResolveAssemblyReferences:
             True
   5:6>ResolveAssemblyReferences:
         Primary reference "Microsoft.VisualBasic, Version=10.0.0.0, Culture=neutral, PublicKeyToken=b03f5f7f11d50a3a".
   6:6>_CheckForInvalidConfigurationAndPlatform:
       Task "MSBuildInternalMessage" skipped, due to false condition; ( '$(PreferNativeArm64)' == 'true' and '$(Platform)' != 'AnyCPU' ) was evaluated as ( 'false' == 'true' and 'AnyCPU' != 'AnyCPU' ).
   2:6>ResolveAssemblyReferences:
         CopyLocalDependenciesWhenParentReferenceInGac:
   5:6>ResolveAssemblyReferences:
             Resolved file path is "/Users/dacanetdev/.nuget/packages/microsoft.netcore.app.ref/8.0.13/ref/net8.0/Microsoft.VisualBasic.dll".
   2:6>ResolveAssemblyReferences:
             True
   6:6>_CheckForInvalidConfigurationAndPlatform:
       Task "MSBuildInternalMessage" skipped, due to false condition; ( '$(_InitialMSBuildProjectExtensionsPath)' != '' And '$(MSBuildProjectExtensionsPath)' != '$(_InitialMSBuildProjectExtensionsPath)' ) was evaluated as ( '/Users/dacanetdev/Dev/AIGenerated/RoadmapSkills/src/DeventSoft.RoadmapSkills.Api/obj/' != '' And '/Users/dacanetdev/Dev/AIGenerated/RoadmapSkills/src/DeventSoft.RoadmapSkills.Api/obj/' != '/Users/dacanetdev/Dev/AIGenerated/RoadmapSkills/src/DeventSoft.RoadmapSkills.Api/obj/' ).
   5:6>ResolveAssemblyReferences:
             Reference found at search path location "{RawFileName}".
   2:6>ResolveAssemblyReferences:
         FindDependencies:
   5:6>ResolveAssemblyReferences:
             This reference is not "CopyLocal" because at least one source item had "Private" set to "false" and no source items had "Private" set to "true".
   6:6>_CheckForInvalidConfigurationAndPlatform:
       Task "MSBuildInternalMessage" skipped, due to false condition; ( '$(EnableBaseIntermediateOutputPathMismatchWarning)' == 'true' And '$(_InitialBaseIntermediateOutputPath)' != '$(BaseIntermediateOutputPath)' And '$(BaseIntermediateOutputPath)' != '$(MSBuildProjectExtensionsPath)' ) was evaluated as ( 'true' == 'true' And 'obj/' != '/Users/dacanetdev/Dev/AIGenerated/RoadmapSkills/src/DeventSoft.RoadmapSkills.Api/obj/' And '/Users/dacanetdev/Dev/AIGenerated/RoadmapSkills/src/DeventSoft.RoadmapSkills.Api/obj/' != '/Users/dacanetdev/Dev/AIGenerated/RoadmapSkills/src/DeventSoft.RoadmapSkills.Api/obj/' ).
     0>Property reassignment: $(ProcessorArchitecture)="msil" (previous value: "") at /usr/local/share/dotnet/sdk/9.0.200/Microsoft.Common.CurrentVersion.targets (541,5)
   2:6>ResolveAssemblyReferences:
             True
   5:6>ResolveAssemblyReferences:
             The ImageRuntimeVersion for this reference is "".
   6:6>Done building target "_CheckForInvalidConfigurationAndPlatform" in project "DeventSoft.RoadmapSkills.Api.csproj".
   5:6>ResolveAssemblyReferences:
         Primary reference "Microsoft.Win32.Primitives, Version=8.0.0.0, Culture=neutral, PublicKeyToken=b03f5f7f11d50a3a".
   2:6>ResolveAssemblyReferences:
         TargetProcessorArchitecture:
   5:6>ResolveAssemblyReferences:
             Resolved file path is "/Users/dacanetdev/.nuget/packages/microsoft.netcore.app.ref/8.0.13/ref/net8.0/Microsoft.Win32.Primitives.dll".
   2:6>ResolveAssemblyReferences:
             msil
   5:6>ResolveAssemblyReferences:
             Reference found at search path location "{RawFileName}".
   6:6>Target "ValidateCommandLineProperties" in file "/usr/local/share/dotnet/sdk/9.0.200/Sdks/Microsoft.NET.Sdk/targets/Microsoft.NET.Sdk.targets" from project "/Users/dacanetdev/Dev/AIGenerated/RoadmapSkills/src/DeventSoft.RoadmapSkills.Api/DeventSoft.RoadmapSkills.Api.csproj" (target "BeforeBuild" depends on it):
   6:6>Done building target "ValidateCommandLineProperties" in project "DeventSoft.RoadmapSkills.Api.csproj".
   2:6>ResolveAssemblyReferences:
         StateFile:
   5:6>ResolveAssemblyReferences:
             This reference is not "CopyLocal" because at least one source item had "Private" set to "false" and no source items had "Private" set to "true".
     0>Property reassignment: $(DelaySign)="" (previous value: "false") at /usr/local/share/dotnet/sdk/9.0.200/Microsoft.Common.CurrentVersion.targets (580,5)
   2:6>ResolveAssemblyReferences:
             obj/Debug/net8.0/DeventSoft.RoadmapSkills.Users.IntegrationTests.csproj.AssemblyReference.cache
   5:6>ResolveAssemblyReferences:
             The ImageRuntimeVersion for this reference is "".
   6:6>Target "BeforeBuild" in file "/usr/local/share/dotnet/sdk/9.0.200/Microsoft.Common.CurrentVersion.targets" from project "/Users/dacanetdev/Dev/AIGenerated/RoadmapSkills/src/DeventSoft.RoadmapSkills.Api/DeventSoft.RoadmapSkills.Api.csproj" (target "Build" depends on it):
   6:6>Done building target "BeforeBuild" in project "DeventSoft.RoadmapSkills.Api.csproj".
   5:6>ResolveAssemblyReferences:
         Primary reference "Microsoft.Win32.Registry, Version=8.0.0.0, Culture=neutral, PublicKeyToken=b03f5f7f11d50a3a".
   2:6>ResolveAssemblyReferences:
         InstalledAssemblySubsetTables:
   6:6>Target "_CheckForBuildWithNoBuild" skipped, due to false condition; ('$(NoBuild)' == 'true' and '$(GeneratePackageOnBuild)' != 'true') was evaluated as ('' == 'true' and 'false' != 'true').
   5:6>ResolveAssemblyReferences:
             Resolved file path is "/Users/dacanetdev/.nuget/packages/microsoft.netcore.app.ref/8.0.13/ref/net8.0/Microsoft.Win32.Registry.dll".
   2:6>ResolveAssemblyReferences:
         IgnoreInstalledAssemblySubsetTable:
   5:6>ResolveAssemblyReferences:
             Reference found at search path location "{RawFileName}".
   2:6>ResolveAssemblyReferences:
             False
   5:6>ResolveAssemblyReferences:
             This reference is not "CopyLocal" because at least one source item had "Private" set to "false" and no source items had "Private" set to "true".
             The ImageRuntimeVersion for this reference is "".
   2:6>ResolveAssemblyReferences:
         TargetFrameworkSubsets:
   6:6>Target "BuildOnlySettings" in file "/usr/local/share/dotnet/sdk/9.0.200/Microsoft.Common.CurrentVersion.targets" from project "/Users/dacanetdev/Dev/AIGenerated/RoadmapSkills/src/DeventSoft.RoadmapSkills.Api/DeventSoft.RoadmapSkills.Api.csproj" (target "CoreBuild" depends on it):
   6:6>Done building target "BuildOnlySettings" in project "DeventSoft.RoadmapSkills.Api.csproj".
   5:6>ResolveAssemblyReferences:
         Primary reference "System.AppContext, Version=8.0.0.0, Culture=neutral, PublicKeyToken=b03f5f7f11d50a3a".
   2:6>ResolveAssemblyReferences:
         FullTargetFrameworkSubsetNames:
   5:6>ResolveAssemblyReferences:
             Resolved file path is "/Users/dacanetdev/.nuget/packages/microsoft.netcore.app.ref/8.0.13/ref/net8.0/System.AppContext.dll".
   2:6>ResolveAssemblyReferences:
             Full
   5:6>ResolveAssemblyReferences:
             Reference found at search path location "{RawFileName}".
   6:6>Target "_CheckForUnsupportedTargetFramework" skipped, due to false condition; ('$(_UnsupportedTargetFrameworkError)' == 'true') was evaluated as ('' == 'true').
   2:6>ResolveAssemblyReferences:
         ProfileName:
   6:6>Target "_CheckForUnsupportedTargetPlatformIdentifier" skipped, due to false condition; ('$(TargetPlatformIdentifier)' != '' and '$(TargetFrameworkIdentifier)' == '.NETCoreApp' and $([MSBuild]::VersionGreaterThanOrEquals($(TargetFrameworkVersion), 5.0)) And ('$(DesignTimeBuild)' != 'true' Or '@(MissingWorkloadPack)' == '')) was evaluated as ('' != '' and '.NETCoreApp' == '.NETCoreApp' and True And ('' != 'true' Or '' == '')).
   2:6>ResolveAssemblyReferences:
             
   5:6>ResolveAssemblyReferences:
             This reference is not "CopyLocal" because at least one source item had "Private" set to "false" and no source items had "Private" set to "true".
   2:6>ResolveAssemblyReferences:
         FullFrameworkFolders:
   6:6>Target "_CheckForMissingWorkload" skipped, due to false condition; ('@(MissingWorkloadPack)' != '' And '$(DesignTimeBuild)' != 'true') was evaluated as ('' != '' And '' != 'true').
   5:6>ResolveAssemblyReferences:
             The ImageRuntimeVersion for this reference is "".
   2:6>ResolveAssemblyReferences:
         LatestTargetFrameworkDirectories:
   5:6>ResolveAssemblyReferences:
         Primary reference "System.Buffers, Version=8.0.0.0, Culture=neutral, PublicKeyToken=cc7b13ffcd2ddd51".
   2:6>ResolveAssemblyReferences:
         ProfileTablesLocation:
   5:6>ResolveAssemblyReferences:
             Resolved file path is "/Users/dacanetdev/.nuget/packages/microsoft.netcore.app.ref/8.0.13/ref/net8.0/System.Buffers.dll".
   6:6>Target "GetFrameworkPaths" in file "/usr/local/share/dotnet/sdk/9.0.200/Sdks/Microsoft.NET.Sdk/targets/Microsoft.NET.DisableStandardFrameworkResolution.targets" from project "/Users/dacanetdev/Dev/AIGenerated/RoadmapSkills/src/DeventSoft.RoadmapSkills.Api/DeventSoft.RoadmapSkills.Api.csproj" (target "PrepareForBuild" depends on it):
   6:6>Done building target "GetFrameworkPaths" in project "DeventSoft.RoadmapSkills.Api.csproj".
   5:6>ResolveAssemblyReferences:
             Reference found at search path location "{RawFileName}".
   2:6>ResolveAssemblyReferences:
         Primary reference "Microsoft.VisualStudio.CodeCoverage.Shim, Version=15.0.0.0, Culture=neutral, PublicKeyToken=b03f5f7f11d50a3a".
   6:6>Target "_CheckForUnsupportedTargetFramework" skipped, due to false condition; ('$(_UnsupportedTargetFrameworkError)' == 'true') was evaluated as ('' == 'true').
   5:6>ResolveAssemblyReferences:
             This reference is not "CopyLocal" because at least one source item had "Private" set to "false" and no source items had "Private" set to "true".
   2:6>ResolveAssemblyReferences:
             Resolved file path is "/Users/dacanetdev/.nuget/packages/microsoft.codecoverage/17.8.0/lib/netcoreapp3.1/Microsoft.VisualStudio.CodeCoverage.Shim.dll".
   5:6>ResolveAssemblyReferences:
             The ImageRuntimeVersion for this reference is "".
   6:6>Target "_CheckForUnsupportedTargetPlatformIdentifier" skipped, due to false condition; ('$(TargetPlatformIdentifier)' != '' and '$(TargetFrameworkIdentifier)' == '.NETCoreApp' and $([MSBuild]::VersionGreaterThanOrEquals($(TargetFrameworkVersion), 5.0)) And ('$(DesignTimeBuild)' != 'true' Or '@(MissingWorkloadPack)' == '')) was evaluated as ('' != '' and '.NETCoreApp' == '.NETCoreApp' and True And ('' != 'true' Or '' == '')).
   2:6>ResolveAssemblyReferences:
             Reference found at search path location "{HintPathFromItem}".
   5:6>ResolveAssemblyReferences:
         Primary reference "System.Collections.Concurrent, Version=8.0.0.0, Culture=neutral, PublicKeyToken=b03f5f7f11d50a3a".
   6:6>Target "_CheckForMissingWorkload" skipped, due to false condition; ('@(MissingWorkloadPack)' != '' And '$(DesignTimeBuild)' != 'true') was evaluated as ('' != '' And '' != 'true').
   2:6>ResolveAssemblyReferences:
             This reference is not "CopyLocal" because at least one source item had "Private" set to "false" and no source items had "Private" set to "true".
   5:6>ResolveAssemblyReferences:
             Resolved file path is "/Users/dacanetdev/.nuget/packages/microsoft.netcore.app.ref/8.0.13/ref/net8.0/System.Collections.Concurrent.dll".
   2:6>ResolveAssemblyReferences:
             The ImageRuntimeVersion for this reference is "".
   5:6>ResolveAssemblyReferences:
             Reference found at search path location "{RawFileName}".
   6:6>Target "GetReferenceAssemblyPaths" in file "/usr/local/share/dotnet/sdk/9.0.200/Sdks/Microsoft.NET.Sdk/targets/Microsoft.NET.DisableStandardFrameworkResolution.targets" from project "/Users/dacanetdev/Dev/AIGenerated/RoadmapSkills/src/DeventSoft.RoadmapSkills.Api/DeventSoft.RoadmapSkills.Api.csproj" (target "PrepareForBuild" depends on it):
   6:6>Done building target "GetReferenceAssemblyPaths" in project "DeventSoft.RoadmapSkills.Api.csproj".
   5:6>ResolveAssemblyReferences:
             This reference is not "CopyLocal" because at least one source item had "Private" set to "false" and no source items had "Private" set to "true".
             The ImageRuntimeVersion for this reference is "".
   2:6>ResolveAssemblyReferences:
         Primary reference "Microsoft.TestPlatform.CoreUtilities, Version=15.0.0.0, Culture=neutral, PublicKeyToken=b03f5f7f11d50a3a".
   5:6>ResolveAssemblyReferences:
         Primary reference "System.Collections.Immutable, Version=8.0.0.0, Culture=neutral, PublicKeyToken=b03f5f7f11d50a3a".
   6:6>Target "AssignLinkMetadata" skipped, due to false condition; ( '$(SynthesizeLinkMetadata)' == 'true' ) was evaluated as ( '' == 'true' ).
   5:6>ResolveAssemblyReferences:
             Resolved file path is "/Users/dacanetdev/.nuget/packages/microsoft.netcore.app.ref/8.0.13/ref/net8.0/System.Collections.Immutable.dll".
   2:6>ResolveAssemblyReferences:
             Resolved file path is "/Users/dacanetdev/.nuget/packages/microsoft.testplatform.testhost/17.8.0/lib/netcoreapp3.1/Microsoft.TestPlatform.CoreUtilities.dll".
   5:6>ResolveAssemblyReferences:
             Reference found at search path location "{RawFileName}".
             This reference is not "CopyLocal" because at least one source item had "Private" set to "false" and no source items had "Private" set to "true".
   2:6>ResolveAssemblyReferences:
             Reference found at search path location "{HintPathFromItem}".
   6:6>Target "ResolveRazorGenerateInputs" in file "/usr/local/share/dotnet/sdk/9.0.200/Sdks/Microsoft.NET.Sdk.Razor/targets/Sdk.Razor.CurrentVersion.targets" from project "/Users/dacanetdev/Dev/AIGenerated/RoadmapSkills/src/DeventSoft.RoadmapSkills.Api/DeventSoft.RoadmapSkills.Api.csproj" (target "PrepareForBuild" depends on it):
   6:6>Done building target "ResolveRazorGenerateInputs" in project "DeventSoft.RoadmapSkills.Api.csproj".
   5:6>ResolveAssemblyReferences:
             The ImageRuntimeVersion for this reference is "".
         Primary reference "System.Collections.NonGeneric, Version=8.0.0.0, Culture=neutral, PublicKeyToken=b03f5f7f11d50a3a".
   6:6>Target "_VerifyPackReleaseConfigurations" skipped, due to false condition; ('$(_IsPacking)' == 'true' and '$(DOTNET_CLI_DISABLE_PUBLISH_AND_PACK_RELEASE)' != 'true' and '$(DOTNET_CLI_LAZY_PUBLISH_AND_PACK_RELEASE_FOR_SOLUTIONS)' == 'true') was evaluated as ('' == 'true' and '' != 'true' and '' == 'true').
   2:6>ResolveAssemblyReferences:
             This reference is not "CopyLocal" because at least one source item had "Private" set to "false" and no source items had "Private" set to "true".
   5:6>ResolveAssemblyReferences:
             Resolved file path is "/Users/dacanetdev/.nuget/packages/microsoft.netcore.app.ref/8.0.13/ref/net8.0/System.Collections.NonGeneric.dll".
   2:6>ResolveAssemblyReferences:
             The ImageRuntimeVersion for this reference is "".
   6:6>Target "PrepareForBuild" in file "/usr/local/share/dotnet/sdk/9.0.200/Microsoft.Common.CurrentVersion.targets" from project "/Users/dacanetdev/Dev/AIGenerated/RoadmapSkills/src/DeventSoft.RoadmapSkills.Api/DeventSoft.RoadmapSkills.Api.csproj" (target "CoreBuild" depends on it):
   6:6>Using "FindAppConfigFile" task from assembly "Microsoft.Build.Tasks.Core, Version=15.1.0.0, Culture=neutral, PublicKeyToken=b03f5f7f11d50a3a".
   2:6>ResolveAssemblyReferences:
         Primary reference "Microsoft.TestPlatform.PlatformAbstractions, Version=15.0.0.0, Culture=neutral, PublicKeyToken=b03f5f7f11d50a3a".
   5:6>ResolveAssemblyReferences:
             Reference found at search path location "{RawFileName}".
             This reference is not "CopyLocal" because at least one source item had "Private" set to "false" and no source items had "Private" set to "true".
   6:6>Task "FindAppConfigFile"
   2:6>ResolveAssemblyReferences:
             Resolved file path is "/Users/dacanetdev/.nuget/packages/microsoft.testplatform.testhost/17.8.0/lib/netcoreapp3.1/Microsoft.TestPlatform.PlatformAbstractions.dll".
   6:6>Done executing task "FindAppConfigFile".
   2:6>ResolveAssemblyReferences:
             Reference found at search path location "{HintPathFromItem}".
             This reference is not "CopyLocal" because at least one source item had "Private" set to "false" and no source items had "Private" set to "true".
   5:6>ResolveAssemblyReferences:
             The ImageRuntimeVersion for this reference is "".
   2:6>ResolveAssemblyReferences:
             The ImageRuntimeVersion for this reference is "".
         Primary reference "Microsoft.VisualStudio.TestPlatform.ObjectModel, Version=15.0.0.0, Culture=neutral, PublicKeyToken=b03f5f7f11d50a3a".
   6:6>PrepareForBuild:
       Using "MakeDir" task from assembly "Microsoft.Build.Tasks.Core, Version=15.1.0.0, Culture=neutral, PublicKeyToken=b03f5f7f11d50a3a".
   5:6>ResolveAssemblyReferences:
         Primary reference "System.Collections.Specialized, Version=8.0.0.0, Culture=neutral, PublicKeyToken=b03f5f7f11d50a3a".
   2:6>ResolveAssemblyReferences:
             Resolved file path is "/Users/dacanetdev/.nuget/packages/microsoft.testplatform.testhost/17.8.0/lib/netcoreapp3.1/Microsoft.VisualStudio.TestPlatform.ObjectModel.dll".
   6:6>Task "MakeDir"
   2:6>ResolveAssemblyReferences:
             Reference found at search path location "{HintPathFromItem}".
   5:6>ResolveAssemblyReferences:
             Resolved file path is "/Users/dacanetdev/.nuget/packages/microsoft.netcore.app.ref/8.0.13/ref/net8.0/System.Collections.Specialized.dll".
   2:6>ResolveAssemblyReferences:
             This reference is not "CopyLocal" because at least one source item had "Private" set to "false" and no source items had "Private" set to "true".
   6:6>Done executing task "MakeDir".
   5:6>ResolveAssemblyReferences:
             Reference found at search path location "{RawFileName}".
   2:6>ResolveAssemblyReferences:
             The ImageRuntimeVersion for this reference is "".
   6:6>Done building target "PrepareForBuild" in project "DeventSoft.RoadmapSkills.Api.csproj".
   2:6>ResolveAssemblyReferences:
         Primary reference "Microsoft.TestPlatform.CommunicationUtilities, Version=15.0.0.0, Culture=neutral, PublicKeyToken=b03f5f7f11d50a3a".
   5:6>ResolveAssemblyReferences:
             This reference is not "CopyLocal" because at least one source item had "Private" set to "false" and no source items had "Private" set to "true".
   2:6>ResolveAssemblyReferences:
             Resolved file path is "/Users/dacanetdev/.nuget/packages/microsoft.testplatform.testhost/17.8.0/lib/netcoreapp3.1/Microsoft.TestPlatform.CommunicationUtilities.dll".
   6:6>Target "GenerateGlobalUsings" in file "/usr/local/share/dotnet/sdk/9.0.200/Sdks/Microsoft.NET.Sdk/targets/Microsoft.NET.GenerateGlobalUsings.targets" from project "/Users/dacanetdev/Dev/AIGenerated/RoadmapSkills/src/DeventSoft.RoadmapSkills.Api/DeventSoft.RoadmapSkills.Api.csproj" (target "CoreBuild" depends on it):
   6:6>Using "GenerateGlobalUsings" task from assembly "/usr/local/share/dotnet/sdk/9.0.200/Sdks/Microsoft.NET.Sdk/targets/../tools/net9.0/Microsoft.NET.Build.Tasks.dll".
       Task "GenerateGlobalUsings"
   5:6>ResolveAssemblyReferences:
             The ImageRuntimeVersion for this reference is "".
   2:6>ResolveAssemblyReferences:
             Reference found at search path location "{HintPathFromItem}".
   6:6>Done executing task "GenerateGlobalUsings".
   2:6>ResolveAssemblyReferences:
             This reference is not "CopyLocal" because at least one source item had "Private" set to "false" and no source items had "Private" set to "true".
   5:6>ResolveAssemblyReferences:
         Primary reference "System.Collections, Version=8.0.0.0, Culture=neutral, PublicKeyToken=b03f5f7f11d50a3a".
   2:6>ResolveAssemblyReferences:
             The ImageRuntimeVersion for this reference is "".
   6:6>GenerateGlobalUsings:
       Using "WriteLinesToFile" task from assembly "Microsoft.Build.Tasks.Core, Version=15.1.0.0, Culture=neutral, PublicKeyToken=b03f5f7f11d50a3a".
   5:6>ResolveAssemblyReferences:
             Resolved file path is "/Users/dacanetdev/.nuget/packages/microsoft.netcore.app.ref/8.0.13/ref/net8.0/System.Collections.dll".
             Reference found at search path location "{RawFileName}".
             This reference is not "CopyLocal" because at least one source item had "Private" set to "false" and no source items had "Private" set to "true".
             The ImageRuntimeVersion for this reference is "".
         Primary reference "System.ComponentModel.Annotations, Version=8.0.0.0, Culture=neutral, PublicKeyToken=b03f5f7f11d50a3a".
   6:6>Task "WriteLinesToFile"
   2:6>ResolveAssemblyReferences:
         Primary reference "Microsoft.TestPlatform.CrossPlatEngine, Version=15.0.0.0, Culture=neutral, PublicKeyToken=b03f5f7f11d50a3a".
     0>/usr/local/share/dotnet/sdk/9.0.200/Microsoft.Common.CurrentVersion.targets(2590,5): message : Property 'LocalAppData' with value '/Users/dacanetdev/Library/Application Support' expanded from the environment.
   5:6>ResolveAssemblyReferences:
             Resolved file path is "/Users/dacanetdev/.nuget/packages/microsoft.netcore.app.ref/8.0.13/ref/net8.0/System.ComponentModel.Annotations.dll".
   2:6>ResolveAssemblyReferences:
             Resolved file path is "/Users/dacanetdev/.nuget/packages/microsoft.testplatform.testhost/17.8.0/lib/netcoreapp3.1/Microsoft.TestPlatform.CrossPlatEngine.dll".
   5:6>ResolveAssemblyReferences:
             Reference found at search path location "{RawFileName}".
   2:6>ResolveAssemblyReferences:
             Reference found at search path location "{HintPathFromItem}".
   5:6>ResolveAssemblyReferences:
             This reference is not "CopyLocal" because at least one source item had "Private" set to "false" and no source items had "Private" set to "true".
   2:6>ResolveAssemblyReferences:
             This reference is not "CopyLocal" because at least one source item had "Private" set to "false" and no source items had "Private" set to "true".
   5:6>ResolveAssemblyReferences:
             The ImageRuntimeVersion for this reference is "".
   2:6>ResolveAssemblyReferences:
             The ImageRuntimeVersion for this reference is "".
   5:6>ResolveAssemblyReferences:
         Primary reference "System.ComponentModel.DataAnnotations, Version=4.0.0.0, Culture=neutral, PublicKeyToken=31bf3856ad364e35".
   2:6>ResolveAssemblyReferences:
         Primary reference "Microsoft.TestPlatform.Utilities, Version=15.0.0.0, Culture=neutral, PublicKeyToken=b03f5f7f11d50a3a".
   5:6>ResolveAssemblyReferences:
             Resolved file path is "/Users/dacanetdev/.nuget/packages/microsoft.netcore.app.ref/8.0.13/ref/net8.0/System.ComponentModel.DataAnnotations.dll".
   2:6>ResolveAssemblyReferences:
             Resolved file path is "/Users/dacanetdev/.nuget/packages/microsoft.testplatform.testhost/17.8.0/lib/netcoreapp3.1/Microsoft.TestPlatform.Utilities.dll".
             Reference found at search path location "{HintPathFromItem}".
             This reference is not "CopyLocal" because at least one source item had "Private" set to "false" and no source items had "Private" set to "true".
   5:6>ResolveAssemblyReferences:
             Reference found at search path location "{RawFileName}".
             This reference is not "CopyLocal" because at least one source item had "Private" set to "false" and no source items had "Private" set to "true".
   2:6>ResolveAssemblyReferences:
             The ImageRuntimeVersion for this reference is "".
   5:6>ResolveAssemblyReferences:
             The ImageRuntimeVersion for this reference is "".
   2:6>ResolveAssemblyReferences:
         Primary reference "Microsoft.VisualStudio.TestPlatform.Common, Version=15.0.0.0, Culture=neutral, PublicKeyToken=b03f5f7f11d50a3a".
   5:6>ResolveAssemblyReferences:
         Primary reference "System.ComponentModel.EventBasedAsync, Version=8.0.0.0, Culture=neutral, PublicKeyToken=b03f5f7f11d50a3a".
   2:6>ResolveAssemblyReferences:
             Resolved file path is "/Users/dacanetdev/.nuget/packages/microsoft.testplatform.testhost/17.8.0/lib/netcoreapp3.1/Microsoft.VisualStudio.TestPlatform.Common.dll".
             Reference found at search path location "{HintPathFromItem}".
   5:6>ResolveAssemblyReferences:
             Resolved file path is "/Users/dacanetdev/.nuget/packages/microsoft.netcore.app.ref/8.0.13/ref/net8.0/System.ComponentModel.EventBasedAsync.dll".
   2:6>ResolveAssemblyReferences:
             This reference is not "CopyLocal" because at least one source item had "Private" set to "false" and no source items had "Private" set to "true".
   5:6>ResolveAssemblyReferences:
             Reference found at search path location "{RawFileName}".
   2:6>ResolveAssemblyReferences:
             The ImageRuntimeVersion for this reference is "".
   5:6>ResolveAssemblyReferences:
             This reference is not "CopyLocal" because at least one source item had "Private" set to "false" and no source items had "Private" set to "true".
   2:6>ResolveAssemblyReferences:
         Primary reference "testhost, Version=15.0.0.0, Culture=neutral, PublicKeyToken=b03f5f7f11d50a3a".
   5:6>ResolveAssemblyReferences:
             The ImageRuntimeVersion for this reference is "".
   2:6>ResolveAssemblyReferences:
             Resolved file path is "/Users/dacanetdev/.nuget/packages/microsoft.testplatform.testhost/17.8.0/lib/netcoreapp3.1/testhost.dll".
   5:6>ResolveAssemblyReferences:
         Primary reference "System.ComponentModel.Primitives, Version=8.0.0.0, Culture=neutral, PublicKeyToken=b03f5f7f11d50a3a".
             Resolved file path is "/Users/dacanetdev/.nuget/packages/microsoft.netcore.app.ref/8.0.13/ref/net8.0/System.ComponentModel.Primitives.dll".
   2:6>ResolveAssemblyReferences:
             Reference found at search path location "{HintPathFromItem}".
   5:6>ResolveAssemblyReferences:
             Reference found at search path location "{RawFileName}".
             This reference is not "CopyLocal" because at least one source item had "Private" set to "false" and no source items had "Private" set to "true".
   2:6>ResolveAssemblyReferences:
             This reference is not "CopyLocal" because at least one source item had "Private" set to "false" and no source items had "Private" set to "true".
   5:6>ResolveAssemblyReferences:
             The ImageRuntimeVersion for this reference is "".
   2:6>ResolveAssemblyReferences:
             The ImageRuntimeVersion for this reference is "".
   5:6>ResolveAssemblyReferences:
         Primary reference "System.ComponentModel.TypeConverter, Version=8.0.0.0, Culture=neutral, PublicKeyToken=b03f5f7f11d50a3a".
   2:6>ResolveAssemblyReferences:
         Primary reference "Newtonsoft.Json, Version=13.0.0.0, Culture=neutral, PublicKeyToken=30ad4fe6b2a6aeed".
   5:6>ResolveAssemblyReferences:
             Resolved file path is "/Users/dacanetdev/.nuget/packages/microsoft.netcore.app.ref/8.0.13/ref/net8.0/System.ComponentModel.TypeConverter.dll".
   2:6>ResolveAssemblyReferences:
             Resolved file path is "/Users/dacanetdev/.nuget/packages/newtonsoft.json/13.0.1/lib/netstandard2.0/Newtonsoft.Json.dll".
   5:6>ResolveAssemblyReferences:
             Reference found at search path location "{RawFileName}".
             This reference is not "CopyLocal" because at least one source item had "Private" set to "false" and no source items had "Private" set to "true".
   2:6>ResolveAssemblyReferences:
             Reference found at search path location "{HintPathFromItem}".
   5:6>ResolveAssemblyReferences:
             The ImageRuntimeVersion for this reference is "".
   2:6>ResolveAssemblyReferences:
             This reference is not "CopyLocal" because at least one source item had "Private" set to "false" and no source items had "Private" set to "true".
   5:6>ResolveAssemblyReferences:
         Primary reference "System.ComponentModel, Version=8.0.0.0, Culture=neutral, PublicKeyToken=b03f5f7f11d50a3a".
   2:6>ResolveAssemblyReferences:
             The ImageRuntimeVersion for this reference is "".
   5:6>ResolveAssemblyReferences:
             Resolved file path is "/Users/dacanetdev/.nuget/packages/microsoft.netcore.app.ref/8.0.13/ref/net8.0/System.ComponentModel.dll".
   2:6>ResolveAssemblyReferences:
         Primary reference "NuGet.Frameworks, Version=6.5.0.154, Culture=neutral, PublicKeyToken=31bf3856ad364e35".
   5:6>ResolveAssemblyReferences:
             Reference found at search path location "{RawFileName}".
   2:6>ResolveAssemblyReferences:
             Resolved file path is "/Users/dacanetdev/.nuget/packages/nuget.frameworks/6.5.0/lib/netstandard2.0/NuGet.Frameworks.dll".
   5:6>ResolveAssemblyReferences:
             This reference is not "CopyLocal" because at least one source item had "Private" set to "false" and no source items had "Private" set to "true".
   2:6>ResolveAssemblyReferences:
             Reference found at search path location "{HintPathFromItem}".
   5:6>ResolveAssemblyReferences:
             The ImageRuntimeVersion for this reference is "".
   2:6>ResolveAssemblyReferences:
             This reference is not "CopyLocal" because at least one source item had "Private" set to "false" and no source items had "Private" set to "true".
   5:6>ResolveAssemblyReferences:
         Primary reference "System.Configuration, Version=4.0.0.0, Culture=neutral, PublicKeyToken=b03f5f7f11d50a3a".
   2:6>ResolveAssemblyReferences:
             The ImageRuntimeVersion for this reference is "".
   5:6>ResolveAssemblyReferences:
             Resolved file path is "/Users/dacanetdev/.nuget/packages/microsoft.netcore.app.ref/8.0.13/ref/net8.0/System.Configuration.dll".
   2:6>ResolveAssemblyReferences:
         Primary reference "xunit.abstractions, Version=2.0.0.0, Culture=neutral, PublicKeyToken=8d05b1bb7a6fdb6c".
   5:6>ResolveAssemblyReferences:
             Reference found at search path location "{RawFileName}".
             This reference is not "CopyLocal" because at least one source item had "Private" set to "false" and no source items had "Private" set to "true".
             The ImageRuntimeVersion for this reference is "".
   2:6>ResolveAssemblyReferences:
             Resolved file path is "/Users/dacanetdev/.nuget/packages/xunit.abstractions/2.0.3/lib/netstandard2.0/xunit.abstractions.dll".
   5:6>ResolveAssemblyReferences:
         Primary reference "System.Console, Version=8.0.0.0, Culture=neutral, PublicKeyToken=b03f5f7f11d50a3a".
     0>Property reassignment: $(_SGenGenerateSerializationAssembliesConfig)="Auto" (previous value: "") at /usr/local/share/dotnet/sdk/9.0.200/Microsoft.Common.CurrentVersion.targets (3916,5)
   2:6>ResolveAssemblyReferences:
             Reference found at search path location "{HintPathFromItem}".
   5:6>ResolveAssemblyReferences:
             Resolved file path is "/Users/dacanetdev/.nuget/packages/microsoft.netcore.app.ref/8.0.13/ref/net8.0/System.Console.dll".
   2:6>ResolveAssemblyReferences:
             This reference is not "CopyLocal" because at least one source item had "Private" set to "false" and no source items had "Private" set to "true".
   5:6>ResolveAssemblyReferences:
             Reference found at search path location "{RawFileName}".
   2:6>ResolveAssemblyReferences:
             The ImageRuntimeVersion for this reference is "".
   5:6>ResolveAssemblyReferences:
             This reference is not "CopyLocal" because at least one source item had "Private" set to "false" and no source items had "Private" set to "true".
   2:6>ResolveAssemblyReferences:
         Primary reference "xunit.assert, Version=2.5.3.0, Culture=neutral, PublicKeyToken=8d05b1bb7a6fdb6c".
   5:6>ResolveAssemblyReferences:
             The ImageRuntimeVersion for this reference is "".
     0>Property reassignment: $(_SGenGenerateSerializationAssembliesConfig)="Off" (previous value: "Auto") at /usr/local/share/dotnet/sdk/9.0.200/Microsoft.Common.CurrentVersion.targets (3917,5)
   5:6>ResolveAssemblyReferences:
         Primary reference "System.Core, Version=4.0.0.0, Culture=neutral, PublicKeyToken=b77a5c561934e089".
   2:6>ResolveAssemblyReferences:
             Resolved file path is "/Users/dacanetdev/.nuget/packages/xunit.assert/2.5.3/lib/netstandard1.1/xunit.assert.dll".
   5:6>ResolveAssemblyReferences:
             Resolved file path is "/Users/dacanetdev/.nuget/packages/microsoft.netcore.app.ref/8.0.13/ref/net8.0/System.Core.dll".
             Reference found at search path location "{RawFileName}".
             This reference is not "CopyLocal" because at least one source item had "Private" set to "false" and no source items had "Private" set to "true".
   2:6>ResolveAssemblyReferences:
             Reference found at search path location "{HintPathFromItem}".
   5:6>ResolveAssemblyReferences:
             The ImageRuntimeVersion for this reference is "".
         Primary reference "System.Data.Common, Version=8.0.0.0, Culture=neutral, PublicKeyToken=b03f5f7f11d50a3a".
   2:6>ResolveAssemblyReferences:
             This reference is not "CopyLocal" because at least one source item had "Private" set to "false" and no source items had "Private" set to "true".
   5:6>ResolveAssemblyReferences:
             Resolved file path is "/Users/dacanetdev/.nuget/packages/microsoft.netcore.app.ref/8.0.13/ref/net8.0/System.Data.Common.dll".
   2:6>ResolveAssemblyReferences:
             The ImageRuntimeVersion for this reference is "".
     0>Property reassignment: $(_TargetsThatPrepareProjectReferences)="
      AssignProjectConfiguration;
      _SplitProjectReferencesByFileExistence
    " (previous value: "_SplitProjectReferencesByFileExistence") at /usr/local/share/dotnet/sdk/9.0.200/Microsoft.Common.CurrentVersion.targets (5128,5)
   5:6>ResolveAssemblyReferences:
             Reference found at search path location "{RawFileName}".
   2:6>ResolveAssemblyReferences:
         Primary reference "xunit.core, Version=2.5.3.0, Culture=neutral, PublicKeyToken=8d05b1bb7a6fdb6c".
   5:6>ResolveAssemblyReferences:
             This reference is not "CopyLocal" because at least one source item had "Private" set to "false" and no source items had "Private" set to "true".
   2:6>ResolveAssemblyReferences:
             Resolved file path is "/Users/dacanetdev/.nuget/packages/xunit.extensibility.core/2.5.3/lib/netstandard1.1/xunit.core.dll".
   5:6>ResolveAssemblyReferences:
             The ImageRuntimeVersion for this reference is "".
   2:6>ResolveAssemblyReferences:
             Reference found at search path location "{HintPathFromItem}".
   5:6>ResolveAssemblyReferences:
         Primary reference "System.Data.DataSetExtensions, Version=8.0.0.0, Culture=neutral, PublicKeyToken=b77a5c561934e089".
   2:6>ResolveAssemblyReferences:
             This reference is not "CopyLocal" because at least one source item had "Private" set to "false" and no source items had "Private" set to "true".
             The ImageRuntimeVersion for this reference is "".
   5:6>ResolveAssemblyReferences:
             Resolved file path is "/Users/dacanetdev/.nuget/packages/microsoft.netcore.app.ref/8.0.13/ref/net8.0/System.Data.DataSetExtensions.dll".
   2:6>ResolveAssemblyReferences:
         Primary reference "xunit.execution.dotnet, Version=2.5.3.0, Culture=neutral, PublicKeyToken=8d05b1bb7a6fdb6c".
   5:6>ResolveAssemblyReferences:
             Reference found at search path location "{RawFileName}".
   2:6>ResolveAssemblyReferences:
             Resolved file path is "/Users/dacanetdev/.nuget/packages/xunit.extensibility.execution/2.5.3/lib/netstandard1.1/xunit.execution.dotnet.dll".
   5:6>ResolveAssemblyReferences:
             This reference is not "CopyLocal" because at least one source item had "Private" set to "false" and no source items had "Private" set to "true".
   2:6>ResolveAssemblyReferences:
             Reference found at search path location "{HintPathFromItem}".
   5:6>ResolveAssemblyReferences:
             The ImageRuntimeVersion for this reference is "".
   2:6>ResolveAssemblyReferences:
             This reference is not "CopyLocal" because at least one source item had "Private" set to "false" and no source items had "Private" set to "true".
   5:6>ResolveAssemblyReferences:
         Primary reference "System.Data, Version=4.0.0.0, Culture=neutral, PublicKeyToken=b77a5c561934e089".
   2:6>ResolveAssemblyReferences:
             The ImageRuntimeVersion for this reference is "".
   5:6>ResolveAssemblyReferences:
             Resolved file path is "/Users/dacanetdev/.nuget/packages/microsoft.netcore.app.ref/8.0.13/ref/net8.0/System.Data.dll".
   2:6>ResolveAssemblyReferences:
         Primary reference "Microsoft.CSharp, Version=8.0.0.0, Culture=neutral, PublicKeyToken=b03f5f7f11d50a3a".
             Resolved file path is "/Users/dacanetdev/.nuget/packages/microsoft.netcore.app.ref/8.0.13/ref/net8.0/Microsoft.CSharp.dll".
   5:6>ResolveAssemblyReferences:
             Reference found at search path location "{RawFileName}".
   2:6>ResolveAssemblyReferences:
             Reference found at search path location "{RawFileName}".
   5:6>ResolveAssemblyReferences:
             This reference is not "CopyLocal" because at least one source item had "Private" set to "false" and no source items had "Private" set to "true".
   2:6>ResolveAssemblyReferences:
             This reference is not "CopyLocal" because at least one source item had "Private" set to "false" and no source items had "Private" set to "true".
   5:6>ResolveAssemblyReferences:
             The ImageRuntimeVersion for this reference is "".
   2:6>ResolveAssemblyReferences:
             The ImageRuntimeVersion for this reference is "".
         Primary reference "Microsoft.VisualBasic.Core, Version=13.0.0.0, Culture=neutral, PublicKeyToken=b03f5f7f11d50a3a".
   5:6>ResolveAssemblyReferences:
         Primary reference "System.Diagnostics.Contracts, Version=8.0.0.0, Culture=neutral, PublicKeyToken=b03f5f7f11d50a3a".
   2:6>ResolveAssemblyReferences:
             Resolved file path is "/Users/dacanetdev/.nuget/packages/microsoft.netcore.app.ref/8.0.13/ref/net8.0/Microsoft.VisualBasic.Core.dll".
     0>/usr/local/share/dotnet/sdk/9.0.200/Microsoft.Common.CurrentVersion.targets(6923,5): message : Property 'MSBuildExtensionsPath32' with value '/usr/local/share/dotnet/sdk/9.0.200' expanded from the environment.
   5:6>ResolveAssemblyReferences:
             Resolved file path is "/Users/dacanetdev/.nuget/packages/microsoft.netcore.app.ref/8.0.13/ref/net8.0/System.Diagnostics.Contracts.dll".
   2:6>ResolveAssemblyReferences:
             Reference found at search path location "{RawFileName}".
             This reference is not "CopyLocal" because at least one source item had "Private" set to "false" and no source items had "Private" set to "true".
   5:6>ResolveAssemblyReferences:
             Reference found at search path location "{RawFileName}".
   2:6>ResolveAssemblyReferences:
             The ImageRuntimeVersion for this reference is "".
   5:6>ResolveAssemblyReferences:
             This reference is not "CopyLocal" because at least one source item had "Private" set to "false" and no source items had "Private" set to "true".
   2:6>ResolveAssemblyReferences:
         Primary reference "Microsoft.VisualBasic, Version=10.0.0.0, Culture=neutral, PublicKeyToken=b03f5f7f11d50a3a".
   5:6>ResolveAssemblyReferences:
             The ImageRuntimeVersion for this reference is "".
   2:6>ResolveAssemblyReferences:
             Resolved file path is "/Users/dacanetdev/.nuget/packages/microsoft.netcore.app.ref/8.0.13/ref/net8.0/Microsoft.VisualBasic.dll".
   5:6>ResolveAssemblyReferences:
         Primary reference "System.Diagnostics.Debug, Version=8.0.0.0, Culture=neutral, PublicKeyToken=b03f5f7f11d50a3a".
   2:6>ResolveAssemblyReferences:
             Reference found at search path location "{RawFileName}".
             This reference is not "CopyLocal" because at least one source item had "Private" set to "false" and no source items had "Private" set to "true".
   5:6>ResolveAssemblyReferences:
             Resolved file path is "/Users/dacanetdev/.nuget/packages/microsoft.netcore.app.ref/8.0.13/ref/net8.0/System.Diagnostics.Debug.dll".
   2:6>ResolveAssemblyReferences:
             The ImageRuntimeVersion for this reference is "".
   5:6>ResolveAssemblyReferences:
             Reference found at search path location "{RawFileName}".
   2:6>ResolveAssemblyReferences:
         Primary reference "Microsoft.Win32.Primitives, Version=8.0.0.0, Culture=neutral, PublicKeyToken=b03f5f7f11d50a3a".
   5:6>ResolveAssemblyReferences:
             This reference is not "CopyLocal" because at least one source item had "Private" set to "false" and no source items had "Private" set to "true".
             The ImageRuntimeVersion for this reference is "".
   2:6>ResolveAssemblyReferences:
             Resolved file path is "/Users/dacanetdev/.nuget/packages/microsoft.netcore.app.ref/8.0.13/ref/net8.0/Microsoft.Win32.Primitives.dll".
             Reference found at search path location "{RawFileName}".
   5:6>ResolveAssemblyReferences:
         Primary reference "System.Diagnostics.DiagnosticSource, Version=8.0.0.0, Culture=neutral, PublicKeyToken=cc7b13ffcd2ddd51".
             Resolved file path is "/Users/dacanetdev/.nuget/packages/microsoft.netcore.app.ref/8.0.13/ref/net8.0/System.Diagnostics.DiagnosticSource.dll".
   2:6>ResolveAssemblyReferences:
             This reference is not "CopyLocal" because at least one source item had "Private" set to "false" and no source items had "Private" set to "true".
   5:6>ResolveAssemblyReferences:
             Reference found at search path location "{RawFileName}".
   2:6>ResolveAssemblyReferences:
             The ImageRuntimeVersion for this reference is "".
   5:6>ResolveAssemblyReferences:
             This reference is not "CopyLocal" because at least one source item had "Private" set to "false" and no source items had "Private" set to "true".
   2:6>ResolveAssemblyReferences:
         Primary reference "Microsoft.Win32.Registry, Version=8.0.0.0, Culture=neutral, PublicKeyToken=b03f5f7f11d50a3a".
   5:6>ResolveAssemblyReferences:
             The ImageRuntimeVersion for this reference is "".
         Primary reference "System.Diagnostics.FileVersionInfo, Version=8.0.0.0, Culture=neutral, PublicKeyToken=b03f5f7f11d50a3a".
   6:6>GenerateGlobalUsings:
         Skipping write to file "obj/Debug/net8.0/DeventSoft.RoadmapSkills.Api.GlobalUsings.g.cs" because content would not change.
   2:6>ResolveAssemblyReferences:
             Resolved file path is "/Users/dacanetdev/.nuget/packages/microsoft.netcore.app.ref/8.0.13/ref/net8.0/Microsoft.Win32.Registry.dll".
   5:6>ResolveAssemblyReferences:
             Resolved file path is "/Users/dacanetdev/.nuget/packages/microsoft.netcore.app.ref/8.0.13/ref/net8.0/System.Diagnostics.FileVersionInfo.dll".
   6:6>Done executing task "WriteLinesToFile".
   2:6>ResolveAssemblyReferences:
             Reference found at search path location "{RawFileName}".
   5:6>ResolveAssemblyReferences:
             Reference found at search path location "{RawFileName}".
   6:6>Done building target "GenerateGlobalUsings" in project "DeventSoft.RoadmapSkills.Api.csproj".
   2:6>ResolveAssemblyReferences:
             This reference is not "CopyLocal" because at least one source item had "Private" set to "false" and no source items had "Private" set to "true".
   5:6>ResolveAssemblyReferences:
             This reference is not "CopyLocal" because at least one source item had "Private" set to "false" and no source items had "Private" set to "true".
   6:6>Target "PreBuildEvent" skipped, due to false condition; ('$(PreBuildEvent)'!='') was evaluated as (''!='').
   2:6>ResolveAssemblyReferences:
             The ImageRuntimeVersion for this reference is "".
   5:6>ResolveAssemblyReferences:
             The ImageRuntimeVersion for this reference is "".
   2:6>ResolveAssemblyReferences:
         Primary reference "System.AppContext, Version=8.0.0.0, Culture=neutral, PublicKeyToken=b03f5f7f11d50a3a".
   6:6>Target "BeforeResolveReferences" in file "/usr/local/share/dotnet/sdk/9.0.200/Microsoft.Common.CurrentVersion.targets" from project "/Users/dacanetdev/Dev/AIGenerated/RoadmapSkills/src/DeventSoft.RoadmapSkills.Api/DeventSoft.RoadmapSkills.Api.csproj" (target "ResolveReferences" depends on it):
   6:6>Done building target "BeforeResolveReferences" in project "DeventSoft.RoadmapSkills.Api.csproj".
   5:6>ResolveAssemblyReferences:
         Primary reference "System.Diagnostics.Process, Version=8.0.0.0, Culture=neutral, PublicKeyToken=b03f5f7f11d50a3a".
   2:6>ResolveAssemblyReferences:
             Resolved file path is "/Users/dacanetdev/.nuget/packages/microsoft.netcore.app.ref/8.0.13/ref/net8.0/System.AppContext.dll".
   5:6>ResolveAssemblyReferences:
             Resolved file path is "/Users/dacanetdev/.nuget/packages/microsoft.netcore.app.ref/8.0.13/ref/net8.0/System.Diagnostics.Process.dll".
   6:6>Target "IgnoreJavaScriptOutputAssembly" in file "/usr/local/share/dotnet/sdk/9.0.200/Microsoft.Common.CurrentVersion.targets" from project "/Users/dacanetdev/Dev/AIGenerated/RoadmapSkills/src/DeventSoft.RoadmapSkills.Api/DeventSoft.RoadmapSkills.Api.csproj" (target "AssignProjectConfiguration" depends on it):
   6:6>Done building target "IgnoreJavaScriptOutputAssembly" in project "DeventSoft.RoadmapSkills.Api.csproj".
   2:6>ResolveAssemblyReferences:
             Reference found at search path location "{RawFileName}".
   5:6>ResolveAssemblyReferences:
             Reference found at search path location "{RawFileName}".
   6:6>Target "ProcessFrameworkReferences" skipped. Previously built successfully.
   2:6>ResolveAssemblyReferences:
             This reference is not "CopyLocal" because at least one source item had "Private" set to "false" and no source items had "Private" set to "true".
             The ImageRuntimeVersion for this reference is "".
         Primary reference "System.Buffers, Version=8.0.0.0, Culture=neutral, PublicKeyToken=cc7b13ffcd2ddd51".
   6:6>Target "_DefaultMicrosoftNETPlatformLibrary" in file "/usr/local/share/dotnet/sdk/9.0.200/Sdks/Microsoft.NET.Sdk/targets/Microsoft.NET.Sdk.Shared.targets" from project "/Users/dacanetdev/Dev/AIGenerated/RoadmapSkills/src/DeventSoft.RoadmapSkills.Api/DeventSoft.RoadmapSkills.Api.csproj" (target "ResolvePackageAssets" depends on it):
   6:6>Done building target "_DefaultMicrosoftNETPlatformLibrary" in project "DeventSoft.RoadmapSkills.Api.csproj".
   2:6>ResolveAssemblyReferences:
             Resolved file path is "/Users/dacanetdev/.nuget/packages/microsoft.netcore.app.ref/8.0.13/ref/net8.0/System.Buffers.dll".
             Reference found at search path location "{RawFileName}".
   6:6>Target "_ComputePackageReferencePublish" in file "/usr/local/share/dotnet/sdk/9.0.200/Sdks/Microsoft.NET.Sdk/targets/Microsoft.NET.Sdk.Shared.targets" from project "/Users/dacanetdev/Dev/AIGenerated/RoadmapSkills/src/DeventSoft.RoadmapSkills.Api/DeventSoft.RoadmapSkills.Api.csproj" (target "ResolvePackageAssets" depends on it):
   6:6>Done building target "_ComputePackageReferencePublish" in project "DeventSoft.RoadmapSkills.Api.csproj".
   5:6>ResolveAssemblyReferences:
             This reference is not "CopyLocal" because at least one source item had "Private" set to "false" and no source items had "Private" set to "true".
   2:6>ResolveAssemblyReferences:
             This reference is not "CopyLocal" because at least one source item had "Private" set to "false" and no source items had "Private" set to "true".
   6:6>Target "_ResolveCompilerVersion" skipped, due to false condition; ('$(CompilerApiVersion)' == '' And
                     ('$(Language)' == 'C#' Or '$(Language)' == 'VB') And
                     Exists('$(RoslynTargetsPath)\Microsoft.Build.Tasks.CodeAnalysis.dll')) was evaluated as ('roslyn4.13' == '' And
                     ('C#' == 'C#' Or 'C#' == 'VB') And
                     Exists('/usr/local/share/dotnet/sdk/9.0.200/Roslyn\Microsoft.Build.Tasks.CodeAnalysis.dll')).
   5:6>ResolveAssemblyReferences:
             The ImageRuntimeVersion for this reference is "".
         Primary reference "System.Diagnostics.StackTrace, Version=8.0.0.0, Culture=neutral, PublicKeyToken=b03f5f7f11d50a3a".
   2:6>ResolveAssemblyReferences:
             The ImageRuntimeVersion for this reference is "".
   5:6>ResolveAssemblyReferences:
             Resolved file path is "/Users/dacanetdev/.nuget/packages/microsoft.netcore.app.ref/8.0.13/ref/net8.0/System.Diagnostics.StackTrace.dll".
   2:6>ResolveAssemblyReferences:
         Primary reference "System.Collections.Concurrent, Version=8.0.0.0, Culture=neutral, PublicKeyToken=b03f5f7f11d50a3a".
   6:6>Target "ResolvePackageAssets" in file "/usr/local/share/dotnet/sdk/9.0.200/Sdks/Microsoft.NET.Sdk/targets/Microsoft.PackageDependencyResolution.targets" from project "/Users/dacanetdev/Dev/AIGenerated/RoadmapSkills/src/DeventSoft.RoadmapSkills.Api/DeventSoft.RoadmapSkills.Api.csproj" (target "ResolveLockFileReferences" depends on it):
   6:6>Using "ResolvePackageAssets" task from assembly "/usr/local/share/dotnet/sdk/9.0.200/Sdks/Microsoft.NET.Sdk/targets/../tools/net9.0/Microsoft.NET.Build.Tasks.dll".
   5:6>ResolveAssemblyReferences:
             Reference found at search path location "{RawFileName}".
   2:6>ResolveAssemblyReferences:
             Resolved file path is "/Users/dacanetdev/.nuget/packages/microsoft.netcore.app.ref/8.0.13/ref/net8.0/System.Collections.Concurrent.dll".
   6:6>Task "ResolvePackageAssets"
   2:6>ResolveAssemblyReferences:
             Reference found at search path location "{RawFileName}".
             This reference is not "CopyLocal" because at least one source item had "Private" set to "false" and no source items had "Private" set to "true".
             The ImageRuntimeVersion for this reference is "".
   5:6>ResolveAssemblyReferences:
             This reference is not "CopyLocal" because at least one source item had "Private" set to "false" and no source items had "Private" set to "true".
   2:6>ResolveAssemblyReferences:
         Primary reference "System.Collections.Immutable, Version=8.0.0.0, Culture=neutral, PublicKeyToken=b03f5f7f11d50a3a".
   5:6>ResolveAssemblyReferences:
             The ImageRuntimeVersion for this reference is "".
   2:6>ResolveAssemblyReferences:
             Resolved file path is "/Users/dacanetdev/.nuget/packages/microsoft.netcore.app.ref/8.0.13/ref/net8.0/System.Collections.Immutable.dll".
   5:6>ResolveAssemblyReferences:
         Primary reference "System.Diagnostics.TextWriterTraceListener, Version=8.0.0.0, Culture=neutral, PublicKeyToken=b03f5f7f11d50a3a".
             Resolved file path is "/Users/dacanetdev/.nuget/packages/microsoft.netcore.app.ref/8.0.13/ref/net8.0/System.Diagnostics.TextWriterTraceListener.dll".
   2:6>ResolveAssemblyReferences:
             Reference found at search path location "{RawFileName}".
   5:6>ResolveAssemblyReferences:
             Reference found at search path location "{RawFileName}".
   2:6>ResolveAssemblyReferences:
             This reference is not "CopyLocal" because at least one source item had "Private" set to "false" and no source items had "Private" set to "true".
   5:6>ResolveAssemblyReferences:
             This reference is not "CopyLocal" because at least one source item had "Private" set to "false" and no source items had "Private" set to "true".
   2:6>ResolveAssemblyReferences:
             The ImageRuntimeVersion for this reference is "".
   5:6>ResolveAssemblyReferences:
             The ImageRuntimeVersion for this reference is "".
   2:6>ResolveAssemblyReferences:
         Primary reference "System.Collections.NonGeneric, Version=8.0.0.0, Culture=neutral, PublicKeyToken=b03f5f7f11d50a3a".
   5:6>ResolveAssemblyReferences:
         Primary reference "System.Diagnostics.Tools, Version=8.0.0.0, Culture=neutral, PublicKeyToken=b03f5f7f11d50a3a".
   2:6>ResolveAssemblyReferences:
             Resolved file path is "/Users/dacanetdev/.nuget/packages/microsoft.netcore.app.ref/8.0.13/ref/net8.0/System.Collections.NonGeneric.dll".
   5:6>ResolveAssemblyReferences:
             Resolved file path is "/Users/dacanetdev/.nuget/packages/microsoft.netcore.app.ref/8.0.13/ref/net8.0/System.Diagnostics.Tools.dll".
   2:6>ResolveAssemblyReferences:
             Reference found at search path location "{RawFileName}".
             This reference is not "CopyLocal" because at least one source item had "Private" set to "false" and no source items had "Private" set to "true".
   5:6>ResolveAssemblyReferences:
             Reference found at search path location "{RawFileName}".
   2:6>ResolveAssemblyReferences:
             The ImageRuntimeVersion for this reference is "".
         Primary reference "System.Collections.Specialized, Version=8.0.0.0, Culture=neutral, PublicKeyToken=b03f5f7f11d50a3a".
   5:6>ResolveAssemblyReferences:
             This reference is not "CopyLocal" because at least one source item had "Private" set to "false" and no source items had "Private" set to "true".
             The ImageRuntimeVersion for this reference is "".
   2:6>ResolveAssemblyReferences:
             Resolved file path is "/Users/dacanetdev/.nuget/packages/microsoft.netcore.app.ref/8.0.13/ref/net8.0/System.Collections.Specialized.dll".
   5:6>ResolveAssemblyReferences:
         Primary reference "System.Diagnostics.TraceSource, Version=8.0.0.0, Culture=neutral, PublicKeyToken=b03f5f7f11d50a3a".
   2:6>ResolveAssemblyReferences:
             Reference found at search path location "{RawFileName}".
             This reference is not "CopyLocal" because at least one source item had "Private" set to "false" and no source items had "Private" set to "true".
   5:6>ResolveAssemblyReferences:
             Resolved file path is "/Users/dacanetdev/.nuget/packages/microsoft.netcore.app.ref/8.0.13/ref/net8.0/System.Diagnostics.TraceSource.dll".
   2:6>ResolveAssemblyReferences:
             The ImageRuntimeVersion for this reference is "".
   5:6>ResolveAssemblyReferences:
             Reference found at search path location "{RawFileName}".
             This reference is not "CopyLocal" because at least one source item had "Private" set to "false" and no source items had "Private" set to "true".
   2:6>ResolveAssemblyReferences:
         Primary reference "System.Collections, Version=8.0.0.0, Culture=neutral, PublicKeyToken=b03f5f7f11d50a3a".
   5:6>ResolveAssemblyReferences:
             The ImageRuntimeVersion for this reference is "".
   2:6>ResolveAssemblyReferences:
             Resolved file path is "/Users/dacanetdev/.nuget/packages/microsoft.netcore.app.ref/8.0.13/ref/net8.0/System.Collections.dll".
   5:6>ResolveAssemblyReferences:
         Primary reference "System.Diagnostics.Tracing, Version=8.0.0.0, Culture=neutral, PublicKeyToken=b03f5f7f11d50a3a".
   2:6>ResolveAssemblyReferences:
             Reference found at search path location "{RawFileName}".
             This reference is not "CopyLocal" because at least one source item had "Private" set to "false" and no source items had "Private" set to "true".
   5:6>ResolveAssemblyReferences:
             Resolved file path is "/Users/dacanetdev/.nuget/packages/microsoft.netcore.app.ref/8.0.13/ref/net8.0/System.Diagnostics.Tracing.dll".
   2:6>ResolveAssemblyReferences:
             The ImageRuntimeVersion for this reference is "".
   5:6>ResolveAssemblyReferences:
             Reference found at search path location "{RawFileName}".
   2:6>ResolveAssemblyReferences:
         Primary reference "System.ComponentModel.Annotations, Version=8.0.0.0, Culture=neutral, PublicKeyToken=b03f5f7f11d50a3a".
   5:6>ResolveAssemblyReferences:
             This reference is not "CopyLocal" because at least one source item had "Private" set to "false" and no source items had "Private" set to "true".
   2:6>ResolveAssemblyReferences:
             Resolved file path is "/Users/dacanetdev/.nuget/packages/microsoft.netcore.app.ref/8.0.13/ref/net8.0/System.ComponentModel.Annotations.dll".
   5:6>ResolveAssemblyReferences:
             The ImageRuntimeVersion for this reference is "".
   2:6>ResolveAssemblyReferences:
             Reference found at search path location "{RawFileName}".
             This reference is not "CopyLocal" because at least one source item had "Private" set to "false" and no source items had "Private" set to "true".
   5:6>ResolveAssemblyReferences:
         Primary reference "System.Drawing.Primitives, Version=8.0.0.0, Culture=neutral, PublicKeyToken=b03f5f7f11d50a3a".
             Resolved file path is "/Users/dacanetdev/.nuget/packages/microsoft.netcore.app.ref/8.0.13/ref/net8.0/System.Drawing.Primitives.dll".
   2:6>ResolveAssemblyReferences:
             The ImageRuntimeVersion for this reference is "".
   5:6>ResolveAssemblyReferences:
             Reference found at search path location "{RawFileName}".
   2:6>ResolveAssemblyReferences:
         Primary reference "System.ComponentModel.DataAnnotations, Version=4.0.0.0, Culture=neutral, PublicKeyToken=31bf3856ad364e35".
   5:6>ResolveAssemblyReferences:
             This reference is not "CopyLocal" because at least one source item had "Private" set to "false" and no source items had "Private" set to "true".
   2:6>ResolveAssemblyReferences:
             Resolved file path is "/Users/dacanetdev/.nuget/packages/microsoft.netcore.app.ref/8.0.13/ref/net8.0/System.ComponentModel.DataAnnotations.dll".
   5:6>ResolveAssemblyReferences:
             The ImageRuntimeVersion for this reference is "".
   2:6>ResolveAssemblyReferences:
             Reference found at search path location "{RawFileName}".
             This reference is not "CopyLocal" because at least one source item had "Private" set to "false" and no source items had "Private" set to "true".
   5:6>ResolveAssemblyReferences:
         Primary reference "System.Drawing, Version=4.0.0.0, Culture=neutral, PublicKeyToken=b03f5f7f11d50a3a".
   2:6>ResolveAssemblyReferences:
             The ImageRuntimeVersion for this reference is "".
   5:6>ResolveAssemblyReferences:
             Resolved file path is "/Users/dacanetdev/.nuget/packages/microsoft.netcore.app.ref/8.0.13/ref/net8.0/System.Drawing.dll".
   2:6>ResolveAssemblyReferences:
         Primary reference "System.ComponentModel.EventBasedAsync, Version=8.0.0.0, Culture=neutral, PublicKeyToken=b03f5f7f11d50a3a".
             Resolved file path is "/Users/dacanetdev/.nuget/packages/microsoft.netcore.app.ref/8.0.13/ref/net8.0/System.ComponentModel.EventBasedAsync.dll".
   5:6>ResolveAssemblyReferences:
             Reference found at search path location "{RawFileName}".
   2:6>ResolveAssemblyReferences:
             Reference found at search path location "{RawFileName}".
   5:6>ResolveAssemblyReferences:
             This reference is not "CopyLocal" because at least one source item had "Private" set to "false" and no source items had "Private" set to "true".
   2:6>ResolveAssemblyReferences:
             This reference is not "CopyLocal" because at least one source item had "Private" set to "false" and no source items had "Private" set to "true".
             The ImageRuntimeVersion for this reference is "".
   5:6>ResolveAssemblyReferences:
             The ImageRuntimeVersion for this reference is "".
   2:6>ResolveAssemblyReferences:
         Primary reference "System.ComponentModel.Primitives, Version=8.0.0.0, Culture=neutral, PublicKeyToken=b03f5f7f11d50a3a".
   5:6>ResolveAssemblyReferences:
         Primary reference "System.Dynamic.Runtime, Version=8.0.0.0, Culture=neutral, PublicKeyToken=b03f5f7f11d50a3a".
   2:6>ResolveAssemblyReferences:
             Resolved file path is "/Users/dacanetdev/.nuget/packages/microsoft.netcore.app.ref/8.0.13/ref/net8.0/System.ComponentModel.Primitives.dll".
             Reference found at search path location "{RawFileName}".
   5:6>ResolveAssemblyReferences:
             Resolved file path is "/Users/dacanetdev/.nuget/packages/microsoft.netcore.app.ref/8.0.13/ref/net8.0/System.Dynamic.Runtime.dll".
   2:6>ResolveAssemblyReferences:
             This reference is not "CopyLocal" because at least one source item had "Private" set to "false" and no source items had "Private" set to "true".
   5:6>ResolveAssemblyReferences:
             Reference found at search path location "{RawFileName}".
   2:6>ResolveAssemblyReferences:
             The ImageRuntimeVersion for this reference is "".
   5:6>ResolveAssemblyReferences:
             This reference is not "CopyLocal" because at least one source item had "Private" set to "false" and no source items had "Private" set to "true".
   2:6>ResolveAssemblyReferences:
         Primary reference "System.ComponentModel.TypeConverter, Version=8.0.0.0, Culture=neutral, PublicKeyToken=b03f5f7f11d50a3a".
             Resolved file path is "/Users/dacanetdev/.nuget/packages/microsoft.netcore.app.ref/8.0.13/ref/net8.0/System.ComponentModel.TypeConverter.dll".
   5:6>ResolveAssemblyReferences:
             The ImageRuntimeVersion for this reference is "".
   2:6>ResolveAssemblyReferences:
             Reference found at search path location "{RawFileName}".
   5:6>ResolveAssemblyReferences:
         Primary reference "System.Formats.Asn1, Version=8.0.0.0, Culture=neutral, PublicKeyToken=cc7b13ffcd2ddd51".
   2:6>ResolveAssemblyReferences:
             This reference is not "CopyLocal" because at least one source item had "Private" set to "false" and no source items had "Private" set to "true".
             The ImageRuntimeVersion for this reference is "".
   5:6>ResolveAssemblyReferences:
             Resolved file path is "/Users/dacanetdev/.nuget/packages/microsoft.netcore.app.ref/8.0.13/ref/net8.0/System.Formats.Asn1.dll".
   2:6>ResolveAssemblyReferences:
         Primary reference "System.ComponentModel, Version=8.0.0.0, Culture=neutral, PublicKeyToken=b03f5f7f11d50a3a".
   5:6>ResolveAssemblyReferences:
             Reference found at search path location "{RawFileName}".
   2:6>ResolveAssemblyReferences:
             Resolved file path is "/Users/dacanetdev/.nuget/packages/microsoft.netcore.app.ref/8.0.13/ref/net8.0/System.ComponentModel.dll".
   5:6>ResolveAssemblyReferences:
             This reference is not "CopyLocal" because at least one source item had "Private" set to "false" and no source items had "Private" set to "true".
   2:6>ResolveAssemblyReferences:
             Reference found at search path location "{RawFileName}".
   5:6>ResolveAssemblyReferences:
             The ImageRuntimeVersion for this reference is "".
   2:6>ResolveAssemblyReferences:
             This reference is not "CopyLocal" because at least one source item had "Private" set to "false" and no source items had "Private" set to "true".
   5:6>ResolveAssemblyReferences:
         Primary reference "System.Formats.Tar, Version=8.0.0.0, Culture=neutral, PublicKeyToken=cc7b13ffcd2ddd51".
   2:6>ResolveAssemblyReferences:
             The ImageRuntimeVersion for this reference is "".
         Primary reference "System.Configuration, Version=4.0.0.0, Culture=neutral, PublicKeyToken=b03f5f7f11d50a3a".
   5:6>ResolveAssemblyReferences:
             Resolved file path is "/Users/dacanetdev/.nuget/packages/microsoft.netcore.app.ref/8.0.13/ref/net8.0/System.Formats.Tar.dll".
   2:6>ResolveAssemblyReferences:
             Resolved file path is "/Users/dacanetdev/.nuget/packages/microsoft.netcore.app.ref/8.0.13/ref/net8.0/System.Configuration.dll".
   5:6>ResolveAssemblyReferences:
             Reference found at search path location "{RawFileName}".
   2:6>ResolveAssemblyReferences:
             Reference found at search path location "{RawFileName}".
   5:6>ResolveAssemblyReferences:
             This reference is not "CopyLocal" because at least one source item had "Private" set to "false" and no source items had "Private" set to "true".
   2:6>ResolveAssemblyReferences:
             This reference is not "CopyLocal" because at least one source item had "Private" set to "false" and no source items had "Private" set to "true".
   5:6>ResolveAssemblyReferences:
             The ImageRuntimeVersion for this reference is "".
   2:6>ResolveAssemblyReferences:
             The ImageRuntimeVersion for this reference is "".
         Primary reference "System.Console, Version=8.0.0.0, Culture=neutral, PublicKeyToken=b03f5f7f11d50a3a".
             Resolved file path is "/Users/dacanetdev/.nuget/packages/microsoft.netcore.app.ref/8.0.13/ref/net8.0/System.Console.dll".
             Reference found at search path location "{RawFileName}".
             This reference is not "CopyLocal" because at least one source item had "Private" set to "false" and no source items had "Private" set to "true".
             The ImageRuntimeVersion for this reference is "".
         Primary reference "System.Core, Version=4.0.0.0, Culture=neutral, PublicKeyToken=b77a5c561934e089".
             Resolved file path is "/Users/dacanetdev/.nuget/packages/microsoft.netcore.app.ref/8.0.13/ref/net8.0/System.Core.dll".
             Reference found at search path location "{RawFileName}".
             This reference is not "CopyLocal" because at least one source item had "Private" set to "false" and no source items had "Private" set to "true".
             The ImageRuntimeVersion for this reference is "".
         Primary reference "System.Data.Common, Version=8.0.0.0, Culture=neutral, PublicKeyToken=b03f5f7f11d50a3a".
             Resolved file path is "/Users/dacanetdev/.nuget/packages/microsoft.netcore.app.ref/8.0.13/ref/net8.0/System.Data.Common.dll".
             Reference found at search path location "{RawFileName}".
             This reference is not "CopyLocal" because at least one source item had "Private" set to "false" and no source items had "Private" set to "true".
             The ImageRuntimeVersion for this reference is "".
         Primary reference "System.Data.DataSetExtensions, Version=8.0.0.0, Culture=neutral, PublicKeyToken=b77a5c561934e089".
             Resolved file path is "/Users/dacanetdev/.nuget/packages/microsoft.netcore.app.ref/8.0.13/ref/net8.0/System.Data.DataSetExtensions.dll".
             Reference found at search path location "{RawFileName}".
             This reference is not "CopyLocal" because at least one source item had "Private" set to "false" and no source items had "Private" set to "true".
             The ImageRuntimeVersion for this reference is "".
         Primary reference "System.Data, Version=4.0.0.0, Culture=neutral, PublicKeyToken=b77a5c561934e089".
             Resolved file path is "/Users/dacanetdev/.nuget/packages/microsoft.netcore.app.ref/8.0.13/ref/net8.0/System.Data.dll".
             Reference found at search path location "{RawFileName}".
             This reference is not "CopyLocal" because at least one source item had "Private" set to "false" and no source items had "Private" set to "true".
             The ImageRuntimeVersion for this reference is "".
         Primary reference "System.Diagnostics.Contracts, Version=8.0.0.0, Culture=neutral, PublicKeyToken=b03f5f7f11d50a3a".
             Resolved file path is "/Users/dacanetdev/.nuget/packages/microsoft.netcore.app.ref/8.0.13/ref/net8.0/System.Diagnostics.Contracts.dll".
             Reference found at search path location "{RawFileName}".
             This reference is not "CopyLocal" because at least one source item had "Private" set to "false" and no source items had "Private" set to "true".
             The ImageRuntimeVersion for this reference is "".
         Primary reference "System.Diagnostics.Debug, Version=8.0.0.0, Culture=neutral, PublicKeyToken=b03f5f7f11d50a3a".
             Resolved file path is "/Users/dacanetdev/.nuget/packages/microsoft.netcore.app.ref/8.0.13/ref/net8.0/System.Diagnostics.Debug.dll".
             Reference found at search path location "{RawFileName}".
             This reference is not "CopyLocal" because at least one source item had "Private" set to "false" and no source items had "Private" set to "true".
             The ImageRuntimeVersion for this reference is "".
         Primary reference "System.Diagnostics.DiagnosticSource, Version=8.0.0.0, Culture=neutral, PublicKeyToken=cc7b13ffcd2ddd51".
             Resolved file path is "/Users/dacanetdev/.nuget/packages/microsoft.netcore.app.ref/8.0.13/ref/net8.0/System.Diagnostics.DiagnosticSource.dll".
             Reference found at search path location "{RawFileName}".
             This reference is not "CopyLocal" because at least one source item had "Private" set to "false" and no source items had "Private" set to "true".
             The ImageRuntimeVersion for this reference is "".
         Primary reference "System.Diagnostics.FileVersionInfo, Version=8.0.0.0, Culture=neutral, PublicKeyToken=b03f5f7f11d50a3a".
   6:6>Done executing task "ResolvePackageAssets".
   2:6>ResolveAssemblyReferences:
             Resolved file path is "/Users/dacanetdev/.nuget/packages/microsoft.netcore.app.ref/8.0.13/ref/net8.0/System.Diagnostics.FileVersionInfo.dll".
             Reference found at search path location "{RawFileName}".
   6:6>Done building target "ResolvePackageAssets" in project "DeventSoft.RoadmapSkills.Api.csproj".
   2:6>ResolveAssemblyReferences:
             This reference is not "CopyLocal" because at least one source item had "Private" set to "false" and no source items had "Private" set to "true".
   6:6>Target "AdjustDefaultPlatformTargetForNetFrameworkExeWithNoNativeCopyLocalItems" skipped, due to false condition; ('$(_UsingDefaultPlatformTarget)' == 'true' and
                     '$(_UsingDefaultRuntimeIdentifier)' == 'true') was evaluated as ('true' == 'true' and
                     '' == 'true').
   2:6>ResolveAssemblyReferences:
             The ImageRuntimeVersion for this reference is "".
         Primary reference "System.Diagnostics.Process, Version=8.0.0.0, Culture=neutral, PublicKeyToken=b03f5f7f11d50a3a".
             Resolved file path is "/Users/dacanetdev/.nuget/packages/microsoft.netcore.app.ref/8.0.13/ref/net8.0/System.Diagnostics.Process.dll".
   6:6>Target "_CheckForTransitiveWindowsDesktopDependencies" in file "/usr/local/share/dotnet/sdk/9.0.200/Sdks/Microsoft.NET.Sdk/targets/Microsoft.NET.Sdk.DefaultItems.Shared.targets" from project "/Users/dacanetdev/Dev/AIGenerated/RoadmapSkills/src/DeventSoft.RoadmapSkills.Api/DeventSoft.RoadmapSkills.Api.csproj" (target "ResolveLockFileReferences" depends on it):
   6:6>Task "NetSdkError" skipped, due to false condition; ('@(_WindowsDesktopTransitiveFrameworkReference)' != '') was evaluated as ('' != '').
   2:6>ResolveAssemblyReferences:
             Reference found at search path location "{RawFileName}".
             This reference is not "CopyLocal" because at least one source item had "Private" set to "false" and no source items had "Private" set to "true".
   6:6>Done building target "_CheckForTransitiveWindowsDesktopDependencies" in project "DeventSoft.RoadmapSkills.Api.csproj".
   6:6>Target "AddTransitiveFrameworkReferences" in file "/usr/local/share/dotnet/sdk/9.0.200/Sdks/Microsoft.NET.Sdk/targets/Microsoft.NET.Sdk.FrameworkReferenceResolution.targets" from project "/Users/dacanetdev/Dev/AIGenerated/RoadmapSkills/src/DeventSoft.RoadmapSkills.Api/DeventSoft.RoadmapSkills.Api.csproj" (target "ResolveLockFileReferences" depends on it):
   6:6>Done building target "AddTransitiveFrameworkReferences" in project "DeventSoft.RoadmapSkills.Api.csproj".
   6:6>Target "ResolveLockFileReferences" in file "/usr/local/share/dotnet/sdk/9.0.200/Sdks/Microsoft.NET.Sdk/targets/Microsoft.PackageDependencyResolution.targets" from project "/Users/dacanetdev/Dev/AIGenerated/RoadmapSkills/src/DeventSoft.RoadmapSkills.Api/DeventSoft.RoadmapSkills.Api.csproj" (target "ResolvePackageDependenciesForBuild" depends on it):
       Using "JoinItems" task from assembly "/usr/local/share/dotnet/sdk/9.0.200/Sdks/Microsoft.NET.Sdk/targets/../tools/net9.0/Microsoft.NET.Build.Tasks.dll".
       Task "JoinItems"
   2:6>ResolveAssemblyReferences:
             The ImageRuntimeVersion for this reference is "".
         Primary reference "System.Diagnostics.StackTrace, Version=8.0.0.0, Culture=neutral, PublicKeyToken=b03f5f7f11d50a3a".
             Resolved file path is "/Users/dacanetdev/.nuget/packages/microsoft.netcore.app.ref/8.0.13/ref/net8.0/System.Diagnostics.StackTrace.dll".
   6:6>Done executing task "JoinItems".
   2:6>ResolveAssemblyReferences:
             Reference found at search path location "{RawFileName}".
             This reference is not "CopyLocal" because at least one source item had "Private" set to "false" and no source items had "Private" set to "true".
   6:6>Done building target "ResolveLockFileReferences" in project "DeventSoft.RoadmapSkills.Api.csproj".
       Target "ResolvePackageAssets" skipped. Previously built successfully.
   2:6>ResolveAssemblyReferences:
             The ImageRuntimeVersion for this reference is "".
   6:6>Target "ResolveLockFileAnalyzers" in file "/usr/local/share/dotnet/sdk/9.0.200/Sdks/Microsoft.NET.Sdk/targets/Microsoft.PackageDependencyResolution.targets" from project "/Users/dacanetdev/Dev/AIGenerated/RoadmapSkills/src/DeventSoft.RoadmapSkills.Api/DeventSoft.RoadmapSkills.Api.csproj" (target "ResolvePackageDependenciesForBuild" depends on it):
   6:6>Done building target "ResolveLockFileAnalyzers" in project "DeventSoft.RoadmapSkills.Api.csproj".
   2:6>ResolveAssemblyReferences:
         Primary reference "System.Diagnostics.TextWriterTraceListener, Version=8.0.0.0, Culture=neutral, PublicKeyToken=b03f5f7f11d50a3a".
   6:6>Target "ResolvePackageAssets" skipped. Previously built successfully.
   2:6>ResolveAssemblyReferences:
             Resolved file path is "/Users/dacanetdev/.nuget/packages/microsoft.netcore.app.ref/8.0.13/ref/net8.0/System.Diagnostics.TextWriterTraceListener.dll".
             Reference found at search path location "{RawFileName}".
   6:6>Target "RunProduceContentAssets" skipped, due to false condition; ('@(_ContentFilesToPreprocess)' != '' and '$(_CleaningWithoutRebuilding)' != 'true') was evaluated as ('' != '' and '' != 'true').
   2:6>ResolveAssemblyReferences:
             This reference is not "CopyLocal" because at least one source item had "Private" set to "false" and no source items had "Private" set to "true".
             The ImageRuntimeVersion for this reference is "".
         Primary reference "System.Diagnostics.Tools, Version=8.0.0.0, Culture=neutral, PublicKeyToken=b03f5f7f11d50a3a".
   6:6>Target "ResolveLockFileCopyLocalFiles" in file "/usr/local/share/dotnet/sdk/9.0.200/Sdks/Microsoft.NET.Sdk/targets/Microsoft.PackageDependencyResolution.targets" from project "/Users/dacanetdev/Dev/AIGenerated/RoadmapSkills/src/DeventSoft.RoadmapSkills.Api/DeventSoft.RoadmapSkills.Api.csproj" (target "ResolvePackageDependenciesForBuild" depends on it):
   6:6>Done building target "ResolveLockFileCopyLocalFiles" in project "DeventSoft.RoadmapSkills.Api.csproj".
   2:6>ResolveAssemblyReferences:
             Resolved file path is "/Users/dacanetdev/.nuget/packages/microsoft.netcore.app.ref/8.0.13/ref/net8.0/System.Diagnostics.Tools.dll".
   6:6>Target "ResolveRuntimePackAssets" skipped, due to false condition; ('@(RuntimePack)' != '') was evaluated as ('' != '').
       Target "RunProduceContentAssets" skipped, due to false condition; ('@(_ContentFilesToPreprocess)' != '' and '$(_CleaningWithoutRebuilding)' != 'true') was evaluated as ('' != '' and '' != 'true').
   2:6>ResolveAssemblyReferences:
             Reference found at search path location "{RawFileName}".
   6:6>Target "ResolvePackageAssets" skipped. Previously built successfully.
   2:6>ResolveAssemblyReferences:
             This reference is not "CopyLocal" because at least one source item had "Private" set to "false" and no source items had "Private" set to "true".
   6:6>Target "IncludeTransitiveProjectReferences" in file "/usr/local/share/dotnet/sdk/9.0.200/Sdks/Microsoft.NET.Sdk/targets/Microsoft.PackageDependencyResolution.targets" from project "/Users/dacanetdev/Dev/AIGenerated/RoadmapSkills/src/DeventSoft.RoadmapSkills.Api/DeventSoft.RoadmapSkills.Api.csproj" (target "ResolvePackageDependenciesForBuild" depends on it):
   6:6>Done building target "IncludeTransitiveProjectReferences" in project "DeventSoft.RoadmapSkills.Api.csproj".
   2:6>ResolveAssemblyReferences:
             The ImageRuntimeVersion for this reference is "".
         Primary reference "System.Diagnostics.TraceSource, Version=8.0.0.0, Culture=neutral, PublicKeyToken=b03f5f7f11d50a3a".
   6:6>Target "ResolvePackageDependenciesForBuild" in file "/usr/local/share/dotnet/sdk/9.0.200/Sdks/Microsoft.NET.Sdk/targets/Microsoft.PackageDependencyResolution.targets" from project "/Users/dacanetdev/Dev/AIGenerated/RoadmapSkills/src/DeventSoft.RoadmapSkills.Api/DeventSoft.RoadmapSkills.Api.csproj" (target "AssignProjectConfiguration" depends on it):
   6:6>Done building target "ResolvePackageDependenciesForBuild" in project "DeventSoft.RoadmapSkills.Api.csproj".
   2:6>ResolveAssemblyReferences:
             Resolved file path is "/Users/dacanetdev/.nuget/packages/microsoft.netcore.app.ref/8.0.13/ref/net8.0/System.Diagnostics.TraceSource.dll".
             Reference found at search path location "{RawFileName}".
   6:6>Target "AssignProjectConfiguration" in file "/usr/local/share/dotnet/sdk/9.0.200/Microsoft.Common.CurrentVersion.targets" from project "/Users/dacanetdev/Dev/AIGenerated/RoadmapSkills/src/DeventSoft.RoadmapSkills.Api/DeventSoft.RoadmapSkills.Api.csproj" (target "ResolveReferences" depends on it):
   6:6>Using "AssignProjectConfiguration" task from assembly "Microsoft.Build.Tasks.Core, Version=15.1.0.0, Culture=neutral, PublicKeyToken=b03f5f7f11d50a3a".
   2:6>ResolveAssemblyReferences:
             This reference is not "CopyLocal" because at least one source item had "Private" set to "false" and no source items had "Private" set to "true".
             The ImageRuntimeVersion for this reference is "".
   6:6>Task "AssignProjectConfiguration"
   2:6>ResolveAssemblyReferences:
         Primary reference "System.Diagnostics.Tracing, Version=8.0.0.0, Culture=neutral, PublicKeyToken=b03f5f7f11d50a3a".
             Resolved file path is "/Users/dacanetdev/.nuget/packages/microsoft.netcore.app.ref/8.0.13/ref/net8.0/System.Diagnostics.Tracing.dll".
             Reference found at search path location "{RawFileName}".
             This reference is not "CopyLocal" because at least one source item had "Private" set to "false" and no source items had "Private" set to "true".
             The ImageRuntimeVersion for this reference is "".
         Primary reference "System.Drawing.Primitives, Version=8.0.0.0, Culture=neutral, PublicKeyToken=b03f5f7f11d50a3a".
   6:6>Done executing task "AssignProjectConfiguration".
   2:6>ResolveAssemblyReferences:
             Resolved file path is "/Users/dacanetdev/.nuget/packages/microsoft.netcore.app.ref/8.0.13/ref/net8.0/System.Drawing.Primitives.dll".
   6:6>Done building target "AssignProjectConfiguration" in project "DeventSoft.RoadmapSkills.Api.csproj".
       Target "AssignProjectConfiguration" skipped. Previously built successfully.
   2:6>ResolveAssemblyReferences:
             Reference found at search path location "{RawFileName}".
   6:6>Target "_SplitProjectReferencesByFileExistence" in file "/usr/local/share/dotnet/sdk/9.0.200/Microsoft.Common.CurrentVersion.targets" from project "/Users/dacanetdev/Dev/AIGenerated/RoadmapSkills/src/DeventSoft.RoadmapSkills.Api/DeventSoft.RoadmapSkills.Api.csproj" (target "PrepareProjectReferences" depends on it):
   6:6>Task "ResolveNonMSBuildProjectOutput" skipped, due to false condition; ('$(BuildingInsideVisualStudio)'=='true' and '@(ProjectReferenceWithConfiguration)'!='') was evaluated as (''=='true' and ''!='').
   2:6>ResolveAssemblyReferences:
             This reference is not "CopyLocal" because at least one source item had "Private" set to "false" and no source items had "Private" set to "true".
   6:6>Done building target "_SplitProjectReferencesByFileExistence" in project "DeventSoft.RoadmapSkills.Api.csproj".
   2:6>ResolveAssemblyReferences:
             The ImageRuntimeVersion for this reference is "".
   6:6>Target "_AddOutputPathToGlobalPropertiesToRemove" in file "/usr/local/share/dotnet/sdk/9.0.200/Microsoft.Common.CurrentVersion.targets" from project "/Users/dacanetdev/Dev/AIGenerated/RoadmapSkills/src/DeventSoft.RoadmapSkills.Api/DeventSoft.RoadmapSkills.Api.csproj" (target "_GetProjectReferenceTargetFrameworkProperties" depends on it):
   6:6>Done building target "_AddOutputPathToGlobalPropertiesToRemove" in project "DeventSoft.RoadmapSkills.Api.csproj".
   2:6>ResolveAssemblyReferences:
         Primary reference "System.Drawing, Version=4.0.0.0, Culture=neutral, PublicKeyToken=b03f5f7f11d50a3a".
             Resolved file path is "/Users/dacanetdev/.nuget/packages/microsoft.netcore.app.ref/8.0.13/ref/net8.0/System.Drawing.dll".
             Reference found at search path location "{RawFileName}".
             This reference is not "CopyLocal" because at least one source item had "Private" set to "false" and no source items had "Private" set to "true".
             The ImageRuntimeVersion for this reference is "".
         Primary reference "System.Dynamic.Runtime, Version=8.0.0.0, Culture=neutral, PublicKeyToken=b03f5f7f11d50a3a".
             Resolved file path is "/Users/dacanetdev/.nuget/packages/microsoft.netcore.app.ref/8.0.13/ref/net8.0/System.Dynamic.Runtime.dll".
             Reference found at search path location "{RawFileName}".
             This reference is not "CopyLocal" because at least one source item had "Private" set to "false" and no source items had "Private" set to "true".
   5:6>ResolveAssemblyReferences:
         Primary reference "System.Globalization.Calendars, Version=8.0.0.0, Culture=neutral, PublicKeyToken=b03f5f7f11d50a3a".
   2:6>ResolveAssemblyReferences:
             The ImageRuntimeVersion for this reference is "".
   5:6>ResolveAssemblyReferences:
             Resolved file path is "/Users/dacanetdev/.nuget/packages/microsoft.netcore.app.ref/8.0.13/ref/net8.0/System.Globalization.Calendars.dll".
             Reference found at search path location "{RawFileName}".
   6:6>Target "_GetProjectReferenceTargetFrameworkProperties" in file "/usr/local/share/dotnet/sdk/9.0.200/Microsoft.Common.CurrentVersion.targets" from project "/Users/dacanetdev/Dev/AIGenerated/RoadmapSkills/src/DeventSoft.RoadmapSkills.Api/DeventSoft.RoadmapSkills.Api.csproj" (target "PrepareProjectReferences" depends on it):
   6:6>Task "MSBuild"
   5:6>ResolveAssemblyReferences:
             This reference is not "CopyLocal" because at least one source item had "Private" set to "false" and no source items had "Private" set to "true".
   2:6>ResolveAssemblyReferences:
         Primary reference "System.Formats.Asn1, Version=8.0.0.0, Culture=neutral, PublicKeyToken=cc7b13ffcd2ddd51".
   5:6>ResolveAssemblyReferences:
             The ImageRuntimeVersion for this reference is "".
   2:6>ResolveAssemblyReferences:
             Resolved file path is "/Users/dacanetdev/.nuget/packages/microsoft.netcore.app.ref/8.0.13/ref/net8.0/System.Formats.Asn1.dll".
   5:6>ResolveAssemblyReferences:
         Primary reference "System.Globalization.Extensions, Version=8.0.0.0, Culture=neutral, PublicKeyToken=b03f5f7f11d50a3a".
             Resolved file path is "/Users/dacanetdev/.nuget/packages/microsoft.netcore.app.ref/8.0.13/ref/net8.0/System.Globalization.Extensions.dll".
             Reference found at search path location "{RawFileName}".
             This reference is not "CopyLocal" because at least one source item had "Private" set to "false" and no source items had "Private" set to "true".
             The ImageRuntimeVersion for this reference is "".
   2:6>ResolveAssemblyReferences:
             Reference found at search path location "{RawFileName}".
   5:6>ResolveAssemblyReferences:
         Primary reference "System.Globalization, Version=8.0.0.0, Culture=neutral, PublicKeyToken=b03f5f7f11d50a3a".
   2:6>ResolveAssemblyReferences:
             This reference is not "CopyLocal" because at least one source item had "Private" set to "false" and no source items had "Private" set to "true".
   5:6>ResolveAssemblyReferences:
             Resolved file path is "/Users/dacanetdev/.nuget/packages/microsoft.netcore.app.ref/8.0.13/ref/net8.0/System.Globalization.dll".
   2:6>ResolveAssemblyReferences:
             The ImageRuntimeVersion for this reference is "".
   5:6>ResolveAssemblyReferences:
             Reference found at search path location "{RawFileName}".
   2:6>ResolveAssemblyReferences:
         Primary reference "System.Formats.Tar, Version=8.0.0.0, Culture=neutral, PublicKeyToken=cc7b13ffcd2ddd51".
   5:6>ResolveAssemblyReferences:
             This reference is not "CopyLocal" because at least one source item had "Private" set to "false" and no source items had "Private" set to "true".
   2:6>ResolveAssemblyReferences:
             Resolved file path is "/Users/dacanetdev/.nuget/packages/microsoft.netcore.app.ref/8.0.13/ref/net8.0/System.Formats.Tar.dll".
             Reference found at search path location "{RawFileName}".
   5:6>ResolveAssemblyReferences:
             The ImageRuntimeVersion for this reference is "".
   2:6>ResolveAssemblyReferences:
             This reference is not "CopyLocal" because at least one source item had "Private" set to "false" and no source items had "Private" set to "true".
   5:6>ResolveAssemblyReferences:
         Primary reference "System.IO.Compression.Brotli, Version=8.0.0.0, Culture=neutral, PublicKeyToken=b77a5c561934e089".
   2:6>ResolveAssemblyReferences:
             The ImageRuntimeVersion for this reference is "".
   5:6>ResolveAssemblyReferences:
             Resolved file path is "/Users/dacanetdev/.nuget/packages/microsoft.netcore.app.ref/8.0.13/ref/net8.0/System.IO.Compression.Brotli.dll".
   2:6>ResolveAssemblyReferences:
         Primary reference "System.Globalization.Calendars, Version=8.0.0.0, Culture=neutral, PublicKeyToken=b03f5f7f11d50a3a".
   5:6>ResolveAssemblyReferences:
             Reference found at search path location "{RawFileName}".
   2:6>ResolveAssemblyReferences:
             Resolved file path is "/Users/dacanetdev/.nuget/packages/microsoft.netcore.app.ref/8.0.13/ref/net8.0/System.Globalization.Calendars.dll".
   5:6>ResolveAssemblyReferences:
             This reference is not "CopyLocal" because at least one source item had "Private" set to "false" and no source items had "Private" set to "true".
   2:6>ResolveAssemblyReferences:
             Reference found at search path location "{RawFileName}".
   7:6>Done executing task "ResolveAppHosts".
   6:6>Done executing task "MSBuild".
   5:6>ResolveAssemblyReferences:
             The ImageRuntimeVersion for this reference is "".
   2:6>ResolveAssemblyReferences:
             This reference is not "CopyLocal" because at least one source item had "Private" set to "false" and no source items had "Private" set to "true".
   7:6>Done building target "ProcessFrameworkReferences" in project "DeventSoft.RoadmapSkills.Users.Api.csproj".
       Target "IncludeTargetingPackReference" skipped, due to false condition; ('$(TargetFrameworkMoniker)' != '' and '$(TargetFrameworkIdentifier)' == '.NETFramework' and '$(AutomaticallyUseReferenceAssemblyPackages)' == 'true') was evaluated as ('.NETCoreApp,Version=v8.0' != '' and '.NETCoreApp' == '.NETFramework' and 'true' == 'true').
   2:6>ResolveAssemblyReferences:
             The ImageRuntimeVersion for this reference is "".
   5:6>ResolveAssemblyReferences:
         Primary reference "System.IO.Compression.FileSystem, Version=4.0.0.0, Culture=neutral, PublicKeyToken=b77a5c561934e089".
   6:6>_GetProjectReferenceTargetFrameworkProperties:
       Task "MSBuild" skipped, due to false condition; ('%(_MSBuildProjectReferenceExistent.SkipGetTargetFrameworkProperties)' != 'true' and '$(EnableDynamicPlatformResolution)' == 'true') was evaluated as ('' != 'true' and '' == 'true').
   2:6>ResolveAssemblyReferences:
         Primary reference "System.Globalization.Extensions, Version=8.0.0.0, Culture=neutral, PublicKeyToken=b03f5f7f11d50a3a".
   5:6>ResolveAssemblyReferences:
             Resolved file path is "/Users/dacanetdev/.nuget/packages/microsoft.netcore.app.ref/8.0.13/ref/net8.0/System.IO.Compression.FileSystem.dll".
   2:6>ResolveAssemblyReferences:
             Resolved file path is "/Users/dacanetdev/.nuget/packages/microsoft.netcore.app.ref/8.0.13/ref/net8.0/System.Globalization.Extensions.dll".
   7:6>Target "_CheckMicrosoftNetCompilersToolsetFrameworkPackageReference" skipped, due to false condition; ('$(MSBuildRuntimeType)' == 'Full') was evaluated as ('Core' == 'Full').
   5:6>ResolveAssemblyReferences:
             Reference found at search path location "{RawFileName}".
   6:6>_GetProjectReferenceTargetFrameworkProperties:
       Task "GetReferenceNearestTargetFrameworkTask" skipped, due to false condition; ('@(_ProjectReferenceTargetFrameworkPossibilities)' != '' and '$(ReferringTargetFrameworkForProjectReferences)' != ''
                                                               And '$(GetReferenceNearestTargetFrameworkTaskSupportsTargetPlatformParameter)' == 'true' and '%(_ProjectReferenceTargetFrameworkPossibilities.IsVcxOrNativeProj)' != 'true') was evaluated as ('' != '' and '.NETCoreApp,Version=v8.0' != ''
                                                               And 'true' == 'true' and '' != 'true').
   2:6>ResolveAssemblyReferences:
             Reference found at search path location "{RawFileName}".
   5:6>ResolveAssemblyReferences:
             This reference is not "CopyLocal" because at least one source item had "Private" set to "false" and no source items had "Private" set to "true".
   6:6>_GetProjectReferenceTargetFrameworkProperties:
       Task "GetReferenceNearestTargetFrameworkTask" skipped, due to false condition; ('@(_ProjectReferenceTargetFrameworkPossibilities)' != '' and '$(ReferringTargetFrameworkForProjectReferences)' != ''
                                                               And '$(GetReferenceNearestTargetFrameworkTaskSupportsTargetPlatformParameter)' != 'true' and '%(_ProjectReferenceTargetFrameworkPossibilities.IsVcxOrNativeProj)' != 'true') was evaluated as ('' != '' and '.NETCoreApp,Version=v8.0' != ''
                                                               And 'true' != 'true' and '' != 'true').
   2:6>ResolveAssemblyReferences:
             This reference is not "CopyLocal" because at least one source item had "Private" set to "false" and no source items had "Private" set to "true".
   5:6>ResolveAssemblyReferences:
             The ImageRuntimeVersion for this reference is "".
   7:6>Target "_CheckForObsoleteDotNetCliToolReferences" in file "/usr/local/share/dotnet/sdk/9.0.200/Sdks/Microsoft.NET.Sdk/targets/Microsoft.NET.ObsoleteReferences.targets" from project "/Users/dacanetdev/Dev/AIGenerated/RoadmapSkills/src/Modules/Users/DeventSoft.RoadmapSkills.Users.Api/DeventSoft.RoadmapSkills.Users.Api.csproj" (target "CollectPackageReferences" depends on it):
   7:6>Task "NETSdkWarning" skipped, due to false condition; ( '%(_ReferenceToObsoleteDotNetCliTool.Identity)' != '' ) was evaluated as ( '' != '' ).
   2:6>ResolveAssemblyReferences:
             The ImageRuntimeVersion for this reference is "".
   6:6>_GetProjectReferenceTargetFrameworkProperties:
       Using "SetRidAgnosticValueForProjects" task from assembly "Microsoft.Build.Tasks.Core, Version=15.1.0.0, Culture=neutral, PublicKeyToken=b03f5f7f11d50a3a".
   5:6>ResolveAssemblyReferences:
         Primary reference "System.IO.Compression.ZipFile, Version=8.0.0.0, Culture=neutral, PublicKeyToken=b77a5c561934e089".
   7:6>Done building target "_CheckForObsoleteDotNetCliToolReferences" in project "DeventSoft.RoadmapSkills.Users.Api.csproj".
   2:6>ResolveAssemblyReferences:
         Primary reference "System.Globalization, Version=8.0.0.0, Culture=neutral, PublicKeyToken=b03f5f7f11d50a3a".
   5:6>ResolveAssemblyReferences:
             Resolved file path is "/Users/dacanetdev/.nuget/packages/microsoft.netcore.app.ref/8.0.13/ref/net8.0/System.IO.Compression.ZipFile.dll".
   2:6>ResolveAssemblyReferences:
             Resolved file path is "/Users/dacanetdev/.nuget/packages/microsoft.netcore.app.ref/8.0.13/ref/net8.0/System.Globalization.dll".
   5:6>ResolveAssemblyReferences:
             Reference found at search path location "{RawFileName}".
   2:6>ResolveAssemblyReferences:
             Reference found at search path location "{RawFileName}".
   6:6>Task "SetRidAgnosticValueForProjects"
   2:6>ResolveAssemblyReferences:
             This reference is not "CopyLocal" because at least one source item had "Private" set to "false" and no source items had "Private" set to "true".
   5:6>ResolveAssemblyReferences:
             This reference is not "CopyLocal" because at least one source item had "Private" set to "false" and no source items had "Private" set to "true".
   6:6>Done executing task "SetRidAgnosticValueForProjects".
   7:6>Target "CollectPackageReferences" in file "/usr/local/share/dotnet/sdk/9.0.200/NuGet.targets" from project "/Users/dacanetdev/Dev/AIGenerated/RoadmapSkills/src/Modules/Users/DeventSoft.RoadmapSkills.Users.Api/DeventSoft.RoadmapSkills.Users.Api.csproj" (target "_GetRestoreProjectStyle" depends on it):
   7:6>Using "CheckForDuplicateNuGetItemsTask" task from assembly "/usr/local/share/dotnet/sdk/9.0.200/NuGet.Build.Tasks.dll".
   2:6>ResolveAssemblyReferences:
             The ImageRuntimeVersion for this reference is "".
   5:6>ResolveAssemblyReferences:
             The ImageRuntimeVersion for this reference is "".
   7:6>Task "CheckForDuplicateNuGetItemsTask"
   2:6>ResolveAssemblyReferences:
         Primary reference "System.IO.Compression.Brotli, Version=8.0.0.0, Culture=neutral, PublicKeyToken=b77a5c561934e089".
   5:6>ResolveAssemblyReferences:
         Primary reference "System.IO.Compression, Version=8.0.0.0, Culture=neutral, PublicKeyToken=b77a5c561934e089".
   2:6>ResolveAssemblyReferences:
             Resolved file path is "/Users/dacanetdev/.nuget/packages/microsoft.netcore.app.ref/8.0.13/ref/net8.0/System.IO.Compression.Brotli.dll".
   5:6>ResolveAssemblyReferences:
             Resolved file path is "/Users/dacanetdev/.nuget/packages/microsoft.netcore.app.ref/8.0.13/ref/net8.0/System.IO.Compression.dll".
   2:6>ResolveAssemblyReferences:
             Reference found at search path location "{RawFileName}".
             This reference is not "CopyLocal" because at least one source item had "Private" set to "false" and no source items had "Private" set to "true".
   6:6>Done building target "_GetProjectReferenceTargetFrameworkProperties" in project "DeventSoft.RoadmapSkills.Api.csproj".
   2:6>ResolveAssemblyReferences:
             The ImageRuntimeVersion for this reference is "".
         Primary reference "System.IO.Compression.FileSystem, Version=4.0.0.0, Culture=neutral, PublicKeyToken=b77a5c561934e089".
             Resolved file path is "/Users/dacanetdev/.nuget/packages/microsoft.netcore.app.ref/8.0.13/ref/net8.0/System.IO.Compression.FileSystem.dll".
   6:6>Target "ValidateExecutableReferences" in file "/usr/local/share/dotnet/sdk/9.0.200/Sdks/Microsoft.NET.Sdk/targets/Microsoft.NET.Sdk.targets" from project "/Users/dacanetdev/Dev/AIGenerated/RoadmapSkills/src/DeventSoft.RoadmapSkills.Api/DeventSoft.RoadmapSkills.Api.csproj" (target "PrepareProjectReferences" depends on it):
   6:6>Using "ValidateExecutableReferences" task from assembly "/usr/local/share/dotnet/sdk/9.0.200/Sdks/Microsoft.NET.Sdk/targets/../tools/net9.0/Microsoft.NET.Build.Tasks.dll".
   2:6>ResolveAssemblyReferences:
             Reference found at search path location "{RawFileName}".
   6:6>Task "ValidateExecutableReferences"
   2:6>ResolveAssemblyReferences:
             This reference is not "CopyLocal" because at least one source item had "Private" set to "false" and no source items had "Private" set to "true".
   5:6>ResolveAssemblyReferences:
             Reference found at search path location "{RawFileName}".
   2:6>ResolveAssemblyReferences:
             The ImageRuntimeVersion for this reference is "".
         Primary reference "System.IO.Compression.ZipFile, Version=8.0.0.0, Culture=neutral, PublicKeyToken=b77a5c561934e089".
   5:6>ResolveAssemblyReferences:
             This reference is not "CopyLocal" because at least one source item had "Private" set to "false" and no source items had "Private" set to "true".
   2:6>ResolveAssemblyReferences:
             Resolved file path is "/Users/dacanetdev/.nuget/packages/microsoft.netcore.app.ref/8.0.13/ref/net8.0/System.IO.Compression.ZipFile.dll".
   5:6>ResolveAssemblyReferences:
             The ImageRuntimeVersion for this reference is "".
   7:6>Done executing task "CheckForDuplicateNuGetItemsTask".
   2:6>ResolveAssemblyReferences:
             Reference found at search path location "{RawFileName}".
   5:6>ResolveAssemblyReferences:
         Primary reference "System.IO.FileSystem.AccessControl, Version=8.0.0.0, Culture=neutral, PublicKeyToken=b03f5f7f11d50a3a".
   2:6>ResolveAssemblyReferences:
             This reference is not "CopyLocal" because at least one source item had "Private" set to "false" and no source items had "Private" set to "true".
   7:6>Done building target "CollectPackageReferences" in project "DeventSoft.RoadmapSkills.Users.Api.csproj".
   5:6>ResolveAssemblyReferences:
             Resolved file path is "/Users/dacanetdev/.nuget/packages/microsoft.netcore.app.ref/8.0.13/ref/net8.0/System.IO.FileSystem.AccessControl.dll".
   2:6>ResolveAssemblyReferences:
             The ImageRuntimeVersion for this reference is "".
   5:6>ResolveAssemblyReferences:
             Reference found at search path location "{RawFileName}".
   2:6>ResolveAssemblyReferences:
         Primary reference "System.IO.Compression, Version=8.0.0.0, Culture=neutral, PublicKeyToken=b77a5c561934e089".
   5:6>ResolveAssemblyReferences:
             This reference is not "CopyLocal" because at least one source item had "Private" set to "false" and no source items had "Private" set to "true".
   2:6>ResolveAssemblyReferences:
             Resolved file path is "/Users/dacanetdev/.nuget/packages/microsoft.netcore.app.ref/8.0.13/ref/net8.0/System.IO.Compression.dll".
   5:6>ResolveAssemblyReferences:
             The ImageRuntimeVersion for this reference is "".
   2:6>ResolveAssemblyReferences:
             Reference found at search path location "{RawFileName}".
   5:6>ResolveAssemblyReferences:
         Primary reference "System.IO.FileSystem.DriveInfo, Version=8.0.0.0, Culture=neutral, PublicKeyToken=b03f5f7f11d50a3a".
   2:6>ResolveAssemblyReferences:
             This reference is not "CopyLocal" because at least one source item had "Private" set to "false" and no source items had "Private" set to "true".
             The ImageRuntimeVersion for this reference is "".
         Primary reference "System.IO.FileSystem.AccessControl, Version=8.0.0.0, Culture=neutral, PublicKeyToken=b03f5f7f11d50a3a".
             Resolved file path is "/Users/dacanetdev/.nuget/packages/microsoft.netcore.app.ref/8.0.13/ref/net8.0/System.IO.FileSystem.AccessControl.dll".
             Reference found at search path location "{RawFileName}".
             This reference is not "CopyLocal" because at least one source item had "Private" set to "false" and no source items had "Private" set to "true".
             The ImageRuntimeVersion for this reference is "".
         Primary reference "System.IO.FileSystem.DriveInfo, Version=8.0.0.0, Culture=neutral, PublicKeyToken=b03f5f7f11d50a3a".
   5:6>ResolveAssemblyReferences:
             Resolved file path is "/Users/dacanetdev/.nuget/packages/microsoft.netcore.app.ref/8.0.13/ref/net8.0/System.IO.FileSystem.DriveInfo.dll".
   2:6>ResolveAssemblyReferences:
             Resolved file path is "/Users/dacanetdev/.nuget/packages/microsoft.netcore.app.ref/8.0.13/ref/net8.0/System.IO.FileSystem.DriveInfo.dll".
             Reference found at search path location "{RawFileName}".
   5:6>ResolveAssemblyReferences:
             Reference found at search path location "{RawFileName}".
   2:6>ResolveAssemblyReferences:
             This reference is not "CopyLocal" because at least one source item had "Private" set to "false" and no source items had "Private" set to "true".
             The ImageRuntimeVersion for this reference is "".
   5:6>ResolveAssemblyReferences:
             This reference is not "CopyLocal" because at least one source item had "Private" set to "false" and no source items had "Private" set to "true".
   2:6>ResolveAssemblyReferences:
         Primary reference "System.IO.FileSystem.Primitives, Version=8.0.0.0, Culture=neutral, PublicKeyToken=b03f5f7f11d50a3a".
             Resolved file path is "/Users/dacanetdev/.nuget/packages/microsoft.netcore.app.ref/8.0.13/ref/net8.0/System.IO.FileSystem.Primitives.dll".
   5:6>ResolveAssemblyReferences:
             The ImageRuntimeVersion for this reference is "".
   2:6>ResolveAssemblyReferences:
             Reference found at search path location "{RawFileName}".
   5:6>ResolveAssemblyReferences:
         Primary reference "System.IO.FileSystem.Primitives, Version=8.0.0.0, Culture=neutral, PublicKeyToken=b03f5f7f11d50a3a".
   2:6>ResolveAssemblyReferences:
             This reference is not "CopyLocal" because at least one source item had "Private" set to "false" and no source items had "Private" set to "true".
   5:6>ResolveAssemblyReferences:
             Resolved file path is "/Users/dacanetdev/.nuget/packages/microsoft.netcore.app.ref/8.0.13/ref/net8.0/System.IO.FileSystem.Primitives.dll".
   2:6>ResolveAssemblyReferences:
             The ImageRuntimeVersion for this reference is "".
   5:6>ResolveAssemblyReferences:
             Reference found at search path location "{RawFileName}".
   2:6>ResolveAssemblyReferences:
         Primary reference "System.IO.FileSystem.Watcher, Version=8.0.0.0, Culture=neutral, PublicKeyToken=b03f5f7f11d50a3a".
   5:6>ResolveAssemblyReferences:
             This reference is not "CopyLocal" because at least one source item had "Private" set to "false" and no source items had "Private" set to "true".
   2:6>ResolveAssemblyReferences:
             Resolved file path is "/Users/dacanetdev/.nuget/packages/microsoft.netcore.app.ref/8.0.13/ref/net8.0/System.IO.FileSystem.Watcher.dll".
   6:6>Done executing task "ValidateExecutableReferences".
   5:6>ResolveAssemblyReferences:
             The ImageRuntimeVersion for this reference is "".
   2:6>ResolveAssemblyReferences:
             Reference found at search path location "{RawFileName}".
             This reference is not "CopyLocal" because at least one source item had "Private" set to "false" and no source items had "Private" set to "true".
   6:6>Done building target "ValidateExecutableReferences" in project "DeventSoft.RoadmapSkills.Api.csproj".
   2:6>ResolveAssemblyReferences:
             The ImageRuntimeVersion for this reference is "".
   6:6>Target "_GetProjectReferencePlatformProperties" skipped, due to false condition; ('$(EnableDynamicPlatformResolution)' == 'true'
                     and '@(_MSBuildProjectReferenceExistent)' != '') was evaluated as ('' == 'true'
                     and '' != '').
   2:6>ResolveAssemblyReferences:
         Primary reference "System.IO.FileSystem, Version=8.0.0.0, Culture=neutral, PublicKeyToken=b03f5f7f11d50a3a".
   5:6>ResolveAssemblyReferences:
         Primary reference "System.IO.FileSystem.Watcher, Version=8.0.0.0, Culture=neutral, PublicKeyToken=b03f5f7f11d50a3a".
   6:6>Target "PrepareProjectReferences" in file "/usr/local/share/dotnet/sdk/9.0.200/Microsoft.Common.CurrentVersion.targets" from project "/Users/dacanetdev/Dev/AIGenerated/RoadmapSkills/src/DeventSoft.RoadmapSkills.Api/DeventSoft.RoadmapSkills.Api.csproj" (target "ResolveProjectReferences" depends on it):
   6:6>Done building target "PrepareProjectReferences" in project "DeventSoft.RoadmapSkills.Api.csproj".
   2:6>ResolveAssemblyReferences:
             Resolved file path is "/Users/dacanetdev/.nuget/packages/microsoft.netcore.app.ref/8.0.13/ref/net8.0/System.IO.FileSystem.dll".
   5:6>ResolveAssemblyReferences:
             Resolved file path is "/Users/dacanetdev/.nuget/packages/microsoft.netcore.app.ref/8.0.13/ref/net8.0/System.IO.FileSystem.Watcher.dll".
             Reference found at search path location "{RawFileName}".
   6:6>Target "ResolveProjectReferences" in file "/usr/local/share/dotnet/sdk/9.0.200/Microsoft.Common.CurrentVersion.targets" from project "/Users/dacanetdev/Dev/AIGenerated/RoadmapSkills/src/DeventSoft.RoadmapSkills.Api/DeventSoft.RoadmapSkills.Api.csproj" (target "ResolveReferences" depends on it):
   6:6>Task "MSBuild" skipped, due to false condition; ('%(_MSBuildProjectReferenceExistent.BuildReference)' == 'true' and '@(ProjectReferenceWithConfiguration)' != '' and ('$(BuildingInsideVisualStudio)' == 'true' or '$(BuildProjectReferences)' != 'true') and '$(VisualStudioVersion)' != '10.0' and '@(_MSBuildProjectReferenceExistent)' != '') was evaluated as ('' == 'true' and '' != '' and ('' == 'true' or 'true' != 'true') and '17.0' != '10.0' and '' != '').
       Task "MSBuild" skipped, due to false condition; ('%(_MSBuildProjectReferenceExistent.BuildReference)' == 'true' and '@(ProjectReferenceWithConfiguration)' != '' and '$(BuildingInsideVisualStudio)' != 'true' and '$(BuildProjectReferences)' == 'true' and '@(_MSBuildProjectReferenceExistent)' != '') was evaluated as ('' == 'true' and '' != '' and '' != 'true' and 'true' == 'true' and '' != '').
   5:6>ResolveAssemblyReferences:
             This reference is not "CopyLocal" because at least one source item had "Private" set to "false" and no source items had "Private" set to "true".
   7:6>Target "_GetRestoreProjectStyle" in file "/usr/local/share/dotnet/sdk/9.0.200/NuGet.targets" from project "/Users/dacanetdev/Dev/AIGenerated/RoadmapSkills/src/Modules/Users/DeventSoft.RoadmapSkills.Users.Api/DeventSoft.RoadmapSkills.Users.Api.csproj" (target "EnableIntermediateOutputPathMismatchWarning" depends on it):
   7:6>Using "GetRestoreProjectStyleTask" task from assembly "/usr/local/share/dotnet/sdk/9.0.200/NuGet.Build.Tasks.dll".
   2:6>ResolveAssemblyReferences:
             Reference found at search path location "{RawFileName}".
   6:6>ResolveProjectReferences:
       Task "MSBuild" skipped, due to false condition; ('%(_MSBuildProjectReferenceExistent.BuildReference)' == 'true' and '@(ProjectReferenceWithConfiguration)' != '' and '$(BuildingProject)' == 'true' and '@(_MSBuildProjectReferenceExistent)' != '') was evaluated as ('' == 'true' and '' != '' and 'true' == 'true' and '' != '').
   5:6>ResolveAssemblyReferences:
             The ImageRuntimeVersion for this reference is "".
   7:6>Task "GetRestoreProjectStyleTask"
   6:6>ResolveProjectReferences:
       Task "MSBuildInternalMessage" skipped, due to false condition; ('$(_NonExistentProjectReferenceSeverity)' != '') was evaluated as ('' != '').
   2:6>ResolveAssemblyReferences:
             This reference is not "CopyLocal" because at least one source item had "Private" set to "false" and no source items had "Private" set to "true".
   5:6>ResolveAssemblyReferences:
         Primary reference "System.IO.FileSystem, Version=8.0.0.0, Culture=neutral, PublicKeyToken=b03f5f7f11d50a3a".
   6:6>Done building target "ResolveProjectReferences" in project "DeventSoft.RoadmapSkills.Api.csproj".
   2:6>ResolveAssemblyReferences:
             The ImageRuntimeVersion for this reference is "".
   5:6>ResolveAssemblyReferences:
             Resolved file path is "/Users/dacanetdev/.nuget/packages/microsoft.netcore.app.ref/8.0.13/ref/net8.0/System.IO.FileSystem.dll".
   6:6>Target "FindInvalidProjectReferences" skipped, due to false condition; ('$(FindInvalidProjectReferences)' == 'true') was evaluated as ('' == 'true').
   2:6>ResolveAssemblyReferences:
         Primary reference "System.IO.IsolatedStorage, Version=8.0.0.0, Culture=neutral, PublicKeyToken=b03f5f7f11d50a3a".
   5:6>ResolveAssemblyReferences:
             Reference found at search path location "{RawFileName}".
   6:6>Target "ResolveNativeReferences" skipped, due to false condition; ('@(NativeReference)'!='') was evaluated as (''!='').
       Target "ResolveProjectReferences" skipped. Previously built successfully.
   2:6>ResolveAssemblyReferences:
             Resolved file path is "/Users/dacanetdev/.nuget/packages/microsoft.netcore.app.ref/8.0.13/ref/net8.0/System.IO.IsolatedStorage.dll".
   6:6>Target "FindInvalidProjectReferences" skipped, due to false condition; ('$(FindInvalidProjectReferences)' == 'true') was evaluated as ('' == 'true').
   2:6>ResolveAssemblyReferences:
             Reference found at search path location "{RawFileName}".
   6:6>Target "GetFrameworkPaths" skipped. Previously built successfully.
   5:6>ResolveAssemblyReferences:
             This reference is not "CopyLocal" because at least one source item had "Private" set to "false" and no source items had "Private" set to "true".
   2:6>ResolveAssemblyReferences:
             This reference is not "CopyLocal" because at least one source item had "Private" set to "false" and no source items had "Private" set to "true".
   6:6>Target "GetReferenceAssemblyPaths" skipped. Previously built successfully.
   2:6>ResolveAssemblyReferences:
             The ImageRuntimeVersion for this reference is "".
   6:6>Target "PrepareForBuild" skipped. Previously built successfully.
   2:6>ResolveAssemblyReferences:
         Primary reference "System.IO.MemoryMappedFiles, Version=8.0.0.0, Culture=neutral, PublicKeyToken=b03f5f7f11d50a3a".
   6:6>Target "GetInstalledSDKLocations" skipped, due to false condition; ('@(SDKReference)' != '') was evaluated as ('' != '').
   5:6>ResolveAssemblyReferences:
             The ImageRuntimeVersion for this reference is "".
   2:6>ResolveAssemblyReferences:
             Resolved file path is "/Users/dacanetdev/.nuget/packages/microsoft.netcore.app.ref/8.0.13/ref/net8.0/System.IO.MemoryMappedFiles.dll".
   5:6>ResolveAssemblyReferences:
         Primary reference "System.IO.IsolatedStorage, Version=8.0.0.0, Culture=neutral, PublicKeyToken=b03f5f7f11d50a3a".
   2:6>ResolveAssemblyReferences:
             Reference found at search path location "{RawFileName}".
   6:6>Target "ResolveSDKReferences" in file "/usr/local/share/dotnet/sdk/9.0.200/Microsoft.Common.CurrentVersion.targets" from project "/Users/dacanetdev/Dev/AIGenerated/RoadmapSkills/src/DeventSoft.RoadmapSkills.Api/DeventSoft.RoadmapSkills.Api.csproj" (target "ResolveAssemblyReferences" depends on it):
   6:6>Task "ResolveSDKReference" skipped, due to false condition; ('@(SDKReference)'!='') was evaluated as (''!='').
   5:6>ResolveAssemblyReferences:
             Resolved file path is "/Users/dacanetdev/.nuget/packages/microsoft.netcore.app.ref/8.0.13/ref/net8.0/System.IO.IsolatedStorage.dll".
   2:6>ResolveAssemblyReferences:
             This reference is not "CopyLocal" because at least one source item had "Private" set to "false" and no source items had "Private" set to "true".
   6:6>Done building target "ResolveSDKReferences" in project "DeventSoft.RoadmapSkills.Api.csproj".
   5:6>ResolveAssemblyReferences:
             Reference found at search path location "{RawFileName}".
   2:6>ResolveAssemblyReferences:
             The ImageRuntimeVersion for this reference is "".
   5:6>ResolveAssemblyReferences:
             This reference is not "CopyLocal" because at least one source item had "Private" set to "false" and no source items had "Private" set to "true".
   6:6>Target "ResolveSDKReferences" skipped. Previously built successfully.
   2:6>ResolveAssemblyReferences:
         Primary reference "System.IO.Pipes.AccessControl, Version=8.0.0.0, Culture=neutral, PublicKeyToken=b03f5f7f11d50a3a".
   5:6>ResolveAssemblyReferences:
             The ImageRuntimeVersion for this reference is "".
   2:6>ResolveAssemblyReferences:
             Resolved file path is "/Users/dacanetdev/.nuget/packages/microsoft.netcore.app.ref/8.0.13/ref/net8.0/System.IO.Pipes.AccessControl.dll".
   6:6>Target "ExpandSDKReferences" in file "/usr/local/share/dotnet/sdk/9.0.200/Microsoft.Common.CurrentVersion.targets" from project "/Users/dacanetdev/Dev/AIGenerated/RoadmapSkills/src/DeventSoft.RoadmapSkills.Api/DeventSoft.RoadmapSkills.Api.csproj" (target "ResolveAssemblyReferences" depends on it):
   6:6>Task "GetSDKReferenceFiles" skipped, due to false condition; ('@(ResolvedSDKReference)'!='') was evaluated as (''!='').
   2:6>ResolveAssemblyReferences:
             Reference found at search path location "{RawFileName}".
   5:6>ResolveAssemblyReferences:
         Primary reference "System.IO.MemoryMappedFiles, Version=8.0.0.0, Culture=neutral, PublicKeyToken=b03f5f7f11d50a3a".
   2:6>ResolveAssemblyReferences:
             This reference is not "CopyLocal" because at least one source item had "Private" set to "false" and no source items had "Private" set to "true".
   6:6>Done building target "ExpandSDKReferences" in project "DeventSoft.RoadmapSkills.Api.csproj".
   2:6>ResolveAssemblyReferences:
             The ImageRuntimeVersion for this reference is "".
   6:6>Target "ResolvePackageDependenciesForBuild" skipped. Previously built successfully.
   5:6>ResolveAssemblyReferences:
             Resolved file path is "/Users/dacanetdev/.nuget/packages/microsoft.netcore.app.ref/8.0.13/ref/net8.0/System.IO.MemoryMappedFiles.dll".
   2:6>ResolveAssemblyReferences:
         Primary reference "System.IO.Pipes, Version=8.0.0.0, Culture=neutral, PublicKeyToken=b03f5f7f11d50a3a".
   6:6>Target "GetFrameworkPaths" skipped. Previously built successfully.
   5:6>ResolveAssemblyReferences:
             Reference found at search path location "{RawFileName}".
   2:6>ResolveAssemblyReferences:
             Resolved file path is "/Users/dacanetdev/.nuget/packages/microsoft.netcore.app.ref/8.0.13/ref/net8.0/System.IO.Pipes.dll".
   6:6>Target "GetReferenceAssemblyPaths" skipped. Previously built successfully.
   5:6>ResolveAssemblyReferences:
             This reference is not "CopyLocal" because at least one source item had "Private" set to "false" and no source items had "Private" set to "true".
   2:6>ResolveAssemblyReferences:
             Reference found at search path location "{RawFileName}".
   6:6>Target "ProcessFrameworkReferences" skipped. Previously built successfully.
   5:6>ResolveAssemblyReferences:
             The ImageRuntimeVersion for this reference is "".
   2:6>ResolveAssemblyReferences:
             This reference is not "CopyLocal" because at least one source item had "Private" set to "false" and no source items had "Private" set to "true".
   6:6>Target "ResolvePackageAssets" skipped. Previously built successfully.
   5:6>ResolveAssemblyReferences:
         Primary reference "System.IO.Pipes.AccessControl, Version=8.0.0.0, Culture=neutral, PublicKeyToken=b03f5f7f11d50a3a".
   2:6>ResolveAssemblyReferences:
             The ImageRuntimeVersion for this reference is "".
   5:6>ResolveAssemblyReferences:
             Resolved file path is "/Users/dacanetdev/.nuget/packages/microsoft.netcore.app.ref/8.0.13/ref/net8.0/System.IO.Pipes.AccessControl.dll".
   2:6>ResolveAssemblyReferences:
         Primary reference "System.IO.UnmanagedMemoryStream, Version=8.0.0.0, Culture=neutral, PublicKeyToken=b03f5f7f11d50a3a".
   6:6>Target "ResolveFrameworkReferences" in file "/usr/local/share/dotnet/sdk/9.0.200/Sdks/Microsoft.NET.Sdk/targets/Microsoft.NET.Sdk.FrameworkReferenceResolution.targets" from project "/Users/dacanetdev/Dev/AIGenerated/RoadmapSkills/src/DeventSoft.RoadmapSkills.Api/DeventSoft.RoadmapSkills.Api.csproj" (target "ResolveTargetingPackAssets" depends on it):
   6:6>Using "GetPackageDirectory" task from assembly "/usr/local/share/dotnet/sdk/9.0.200/Sdks/Microsoft.NET.Sdk/targets/../tools/net9.0/Microsoft.NET.Build.Tasks.dll".
   5:6>ResolveAssemblyReferences:
             Reference found at search path location "{RawFileName}".
   2:6>ResolveAssemblyReferences:
             Resolved file path is "/Users/dacanetdev/.nuget/packages/microsoft.netcore.app.ref/8.0.13/ref/net8.0/System.IO.UnmanagedMemoryStream.dll".
             Reference found at search path location "{RawFileName}".
   6:6>Task "GetPackageDirectory"
   5:6>ResolveAssemblyReferences:
             This reference is not "CopyLocal" because at least one source item had "Private" set to "false" and no source items had "Private" set to "true".
   2:6>ResolveAssemblyReferences:
             This reference is not "CopyLocal" because at least one source item had "Private" set to "false" and no source items had "Private" set to "true".
   5:6>ResolveAssemblyReferences:
             The ImageRuntimeVersion for this reference is "".
   6:6>Done executing task "GetPackageDirectory".
   2:6>ResolveAssemblyReferences:
             The ImageRuntimeVersion for this reference is "".
   5:6>ResolveAssemblyReferences:
         Primary reference "System.IO.Pipes, Version=8.0.0.0, Culture=neutral, PublicKeyToken=b03f5f7f11d50a3a".
   6:6>Task "GetPackageDirectory"
   5:6>ResolveAssemblyReferences:
             Resolved file path is "/Users/dacanetdev/.nuget/packages/microsoft.netcore.app.ref/8.0.13/ref/net8.0/System.IO.Pipes.dll".
   2:6>ResolveAssemblyReferences:
         Primary reference "System.IO, Version=8.0.0.0, Culture=neutral, PublicKeyToken=b03f5f7f11d50a3a".
   5:6>ResolveAssemblyReferences:
             Reference found at search path location "{RawFileName}".
             This reference is not "CopyLocal" because at least one source item had "Private" set to "false" and no source items had "Private" set to "true".
   2:6>ResolveAssemblyReferences:
             Resolved file path is "/Users/dacanetdev/.nuget/packages/microsoft.netcore.app.ref/8.0.13/ref/net8.0/System.IO.dll".
   5:6>ResolveAssemblyReferences:
             The ImageRuntimeVersion for this reference is "".
   2:6>ResolveAssemblyReferences:
             Reference found at search path location "{RawFileName}".
   5:6>ResolveAssemblyReferences:
         Primary reference "System.IO.UnmanagedMemoryStream, Version=8.0.0.0, Culture=neutral, PublicKeyToken=b03f5f7f11d50a3a".
   2:6>ResolveAssemblyReferences:
             This reference is not "CopyLocal" because at least one source item had "Private" set to "false" and no source items had "Private" set to "true".
   5:6>ResolveAssemblyReferences:
             Resolved file path is "/Users/dacanetdev/.nuget/packages/microsoft.netcore.app.ref/8.0.13/ref/net8.0/System.IO.UnmanagedMemoryStream.dll".
   2:6>ResolveAssemblyReferences:
             The ImageRuntimeVersion for this reference is "".
   5:6>ResolveAssemblyReferences:
             Reference found at search path location "{RawFileName}".
             This reference is not "CopyLocal" because at least one source item had "Private" set to "false" and no source items had "Private" set to "true".
   2:6>ResolveAssemblyReferences:
         Primary reference "System.Linq.Expressions, Version=8.0.0.0, Culture=neutral, PublicKeyToken=b03f5f7f11d50a3a".
   5:6>ResolveAssemblyReferences:
             The ImageRuntimeVersion for this reference is "".
   2:6>ResolveAssemblyReferences:
             Resolved file path is "/Users/dacanetdev/.nuget/packages/microsoft.netcore.app.ref/8.0.13/ref/net8.0/System.Linq.Expressions.dll".
   5:6>ResolveAssemblyReferences:
         Primary reference "System.IO, Version=8.0.0.0, Culture=neutral, PublicKeyToken=b03f5f7f11d50a3a".
   2:6>ResolveAssemblyReferences:
             Reference found at search path location "{RawFileName}".
   5:6>ResolveAssemblyReferences:
             Resolved file path is "/Users/dacanetdev/.nuget/packages/microsoft.netcore.app.ref/8.0.13/ref/net8.0/System.IO.dll".
   7:6>Done executing task "GetRestoreProjectStyleTask".
   5:6>ResolveAssemblyReferences:
             Reference found at search path location "{RawFileName}".
   2:6>ResolveAssemblyReferences:
             This reference is not "CopyLocal" because at least one source item had "Private" set to "false" and no source items had "Private" set to "true".
   7:6>Done building target "_GetRestoreProjectStyle" in project "DeventSoft.RoadmapSkills.Users.Api.csproj".
   5:6>ResolveAssemblyReferences:
             This reference is not "CopyLocal" because at least one source item had "Private" set to "false" and no source items had "Private" set to "true".
   2:6>ResolveAssemblyReferences:
             The ImageRuntimeVersion for this reference is "".
   6:6>Done executing task "GetPackageDirectory".
   5:6>ResolveAssemblyReferences:
             The ImageRuntimeVersion for this reference is "".
   7:6>Target "EnableIntermediateOutputPathMismatchWarning" in file "/usr/local/share/dotnet/sdk/9.0.200/NuGet.targets" from project "/Users/dacanetdev/Dev/AIGenerated/RoadmapSkills/src/Modules/Users/DeventSoft.RoadmapSkills.Users.Api/DeventSoft.RoadmapSkills.Users.Api.csproj" (target "_CheckForInvalidConfigurationAndPlatform" depends on it):
   7:6>Done building target "EnableIntermediateOutputPathMismatchWarning" in project "DeventSoft.RoadmapSkills.Users.Api.csproj".
   6:6>Task "GetPackageDirectory"
   5:6>ResolveAssemblyReferences:
         Primary reference "System.Linq.Expressions, Version=8.0.0.0, Culture=neutral, PublicKeyToken=b03f5f7f11d50a3a".
   2:6>ResolveAssemblyReferences:
         Primary reference "System.Linq.Parallel, Version=8.0.0.0, Culture=neutral, PublicKeyToken=b03f5f7f11d50a3a".
   7:6>Target "ApplyImplicitVersions" skipped. Previously built successfully.
   5:6>ResolveAssemblyReferences:
             Resolved file path is "/Users/dacanetdev/.nuget/packages/microsoft.netcore.app.ref/8.0.13/ref/net8.0/System.Linq.Expressions.dll".
   7:6>Target "CheckForImplicitPackageReferenceOverrides" skipped. Previously built successfully.
   2:6>ResolveAssemblyReferences:
             Resolved file path is "/Users/dacanetdev/.nuget/packages/microsoft.netcore.app.ref/8.0.13/ref/net8.0/System.Linq.Parallel.dll".
             Reference found at search path location "{RawFileName}".
             This reference is not "CopyLocal" because at least one source item had "Private" set to "false" and no source items had "Private" set to "true".
             The ImageRuntimeVersion for this reference is "".
   5:6>ResolveAssemblyReferences:
             Reference found at search path location "{RawFileName}".
   2:6>ResolveAssemblyReferences:
         Primary reference "System.Linq.Queryable, Version=8.0.0.0, Culture=neutral, PublicKeyToken=b03f5f7f11d50a3a".
   7:6>Target "CheckForDuplicateItems" in file "/usr/local/share/dotnet/sdk/9.0.200/Sdks/Microsoft.NET.Sdk/targets/Microsoft.NET.Sdk.DefaultItems.Shared.targets" from project "/Users/dacanetdev/Dev/AIGenerated/RoadmapSkills/src/Modules/Users/DeventSoft.RoadmapSkills.Users.Api/DeventSoft.RoadmapSkills.Users.Api.csproj" (target "_CheckForInvalidConfigurationAndPlatform" depends on it):
   7:6>Using "CheckForDuplicateItems" task from assembly "/usr/local/share/dotnet/sdk/9.0.200/Sdks/Microsoft.NET.Sdk/targets/../tools/net9.0/Microsoft.NET.Build.Tasks.dll".
   5:6>ResolveAssemblyReferences:
             This reference is not "CopyLocal" because at least one source item had "Private" set to "false" and no source items had "Private" set to "true".
   7:6>Task "CheckForDuplicateItems"
   2:6>ResolveAssemblyReferences:
             Resolved file path is "/Users/dacanetdev/.nuget/packages/microsoft.netcore.app.ref/8.0.13/ref/net8.0/System.Linq.Queryable.dll".
   5:6>ResolveAssemblyReferences:
             The ImageRuntimeVersion for this reference is "".
         Primary reference "System.Linq.Parallel, Version=8.0.0.0, Culture=neutral, PublicKeyToken=b03f5f7f11d50a3a".
             Resolved file path is "/Users/dacanetdev/.nuget/packages/microsoft.netcore.app.ref/8.0.13/ref/net8.0/System.Linq.Parallel.dll".
   7:6>Done executing task "CheckForDuplicateItems".
   5:6>ResolveAssemblyReferences:
             Reference found at search path location "{RawFileName}".
   2:6>ResolveAssemblyReferences:
             Reference found at search path location "{RawFileName}".
   7:6>Task "CheckForDuplicateItems"
   5:6>ResolveAssemblyReferences:
             This reference is not "CopyLocal" because at least one source item had "Private" set to "false" and no source items had "Private" set to "true".
   6:6>Done executing task "GetPackageDirectory".
   2:6>ResolveAssemblyReferences:
             This reference is not "CopyLocal" because at least one source item had "Private" set to "false" and no source items had "Private" set to "true".
   6:6>Task "GetPackageDirectory"
   2:6>ResolveAssemblyReferences:
             The ImageRuntimeVersion for this reference is "".
   5:6>ResolveAssemblyReferences:
             The ImageRuntimeVersion for this reference is "".
   6:6>Done executing task "GetPackageDirectory".
       Task "GetPackageDirectory"
   5:6>ResolveAssemblyReferences:
         Primary reference "System.Linq.Queryable, Version=8.0.0.0, Culture=neutral, PublicKeyToken=b03f5f7f11d50a3a".
   2:6>ResolveAssemblyReferences:
         Primary reference "System.Linq, Version=8.0.0.0, Culture=neutral, PublicKeyToken=b03f5f7f11d50a3a".
   5:6>ResolveAssemblyReferences:
             Resolved file path is "/Users/dacanetdev/.nuget/packages/microsoft.netcore.app.ref/8.0.13/ref/net8.0/System.Linq.Queryable.dll".
             Reference found at search path location "{RawFileName}".
   6:6>Done executing task "GetPackageDirectory".
   2:6>ResolveAssemblyReferences:
             Resolved file path is "/Users/dacanetdev/.nuget/packages/microsoft.netcore.app.ref/8.0.13/ref/net8.0/System.Linq.dll".
   6:6>Task "GetPackageDirectory"
   5:6>ResolveAssemblyReferences:
             This reference is not "CopyLocal" because at least one source item had "Private" set to "false" and no source items had "Private" set to "true".
   2:6>ResolveAssemblyReferences:
             Reference found at search path location "{RawFileName}".
   6:6>Done executing task "GetPackageDirectory".
   5:6>ResolveAssemblyReferences:
             The ImageRuntimeVersion for this reference is "".
   2:6>ResolveAssemblyReferences:
             This reference is not "CopyLocal" because at least one source item had "Private" set to "false" and no source items had "Private" set to "true".
   6:6>Task "GetPackageDirectory"
   2:6>ResolveAssemblyReferences:
             The ImageRuntimeVersion for this reference is "".
   5:6>ResolveAssemblyReferences:
         Primary reference "System.Linq, Version=8.0.0.0, Culture=neutral, PublicKeyToken=b03f5f7f11d50a3a".
   2:6>ResolveAssemblyReferences:
         Primary reference "System.Memory, Version=8.0.0.0, Culture=neutral, PublicKeyToken=cc7b13ffcd2ddd51".
   5:6>ResolveAssemblyReferences:
             Resolved file path is "/Users/dacanetdev/.nuget/packages/microsoft.netcore.app.ref/8.0.13/ref/net8.0/System.Linq.dll".
   2:6>ResolveAssemblyReferences:
             Resolved file path is "/Users/dacanetdev/.nuget/packages/microsoft.netcore.app.ref/8.0.13/ref/net8.0/System.Memory.dll".
   5:6>ResolveAssemblyReferences:
             Reference found at search path location "{RawFileName}".
   2:6>ResolveAssemblyReferences:
             Reference found at search path location "{RawFileName}".
   6:6>Done executing task "GetPackageDirectory".
   5:6>ResolveAssemblyReferences:
             This reference is not "CopyLocal" because at least one source item had "Private" set to "false" and no source items had "Private" set to "true".
   2:6>ResolveAssemblyReferences:
             This reference is not "CopyLocal" because at least one source item had "Private" set to "false" and no source items had "Private" set to "true".
   5:6>ResolveAssemblyReferences:
             The ImageRuntimeVersion for this reference is "".
   2:6>ResolveAssemblyReferences:
             The ImageRuntimeVersion for this reference is "".
   6:6>Task "GetPackageDirectory"
   5:6>ResolveAssemblyReferences:
         Primary reference "System.Memory, Version=8.0.0.0, Culture=neutral, PublicKeyToken=cc7b13ffcd2ddd51".
             Resolved file path is "/Users/dacanetdev/.nuget/packages/microsoft.netcore.app.ref/8.0.13/ref/net8.0/System.Memory.dll".
   2:6>ResolveAssemblyReferences:
         Primary reference "System.Net.Http.Json, Version=8.0.0.0, Culture=neutral, PublicKeyToken=cc7b13ffcd2ddd51".
   5:6>ResolveAssemblyReferences:
             Reference found at search path location "{RawFileName}".
             This reference is not "CopyLocal" because at least one source item had "Private" set to "false" and no source items had "Private" set to "true".
             The ImageRuntimeVersion for this reference is "".
   2:6>ResolveAssemblyReferences:
             Resolved file path is "/Users/dacanetdev/.nuget/packages/microsoft.netcore.app.ref/8.0.13/ref/net8.0/System.Net.Http.Json.dll".
   5:6>ResolveAssemblyReferences:
         Primary reference "System.Net.Http.Json, Version=8.0.0.0, Culture=neutral, PublicKeyToken=cc7b13ffcd2ddd51".
             Resolved file path is "/Users/dacanetdev/.nuget/packages/microsoft.netcore.app.ref/8.0.13/ref/net8.0/System.Net.Http.Json.dll".
   2:6>ResolveAssemblyReferences:
             Reference found at search path location "{RawFileName}".
   5:6>ResolveAssemblyReferences:
             Reference found at search path location "{RawFileName}".
             This reference is not "CopyLocal" because at least one source item had "Private" set to "false" and no source items had "Private" set to "true".
   2:6>ResolveAssemblyReferences:
             This reference is not "CopyLocal" because at least one source item had "Private" set to "false" and no source items had "Private" set to "true".
   5:6>ResolveAssemblyReferences:
             The ImageRuntimeVersion for this reference is "".
   6:6>Done executing task "GetPackageDirectory".
   5:6>ResolveAssemblyReferences:
         Primary reference "System.Net.Http, Version=8.0.0.0, Culture=neutral, PublicKeyToken=b03f5f7f11d50a3a".
   2:6>ResolveAssemblyReferences:
             The ImageRuntimeVersion for this reference is "".
   6:6>Task "GetPackageDirectory"
   5:6>ResolveAssemblyReferences:
             Resolved file path is "/Users/dacanetdev/.nuget/packages/microsoft.netcore.app.ref/8.0.13/ref/net8.0/System.Net.Http.dll".
   6:6>Done executing task "GetPackageDirectory".
   2:6>ResolveAssemblyReferences:
         Primary reference "System.Net.Http, Version=8.0.0.0, Culture=neutral, PublicKeyToken=b03f5f7f11d50a3a".
   5:6>ResolveAssemblyReferences:
             Reference found at search path location "{RawFileName}".
   2:6>ResolveAssemblyReferences:
             Resolved file path is "/Users/dacanetdev/.nuget/packages/microsoft.netcore.app.ref/8.0.13/ref/net8.0/System.Net.Http.dll".
   5:6>ResolveAssemblyReferences:
             This reference is not "CopyLocal" because at least one source item had "Private" set to "false" and no source items had "Private" set to "true".
             The ImageRuntimeVersion for this reference is "".
   2:6>ResolveAssemblyReferences:
             Reference found at search path location "{RawFileName}".
   5:6>ResolveAssemblyReferences:
         Primary reference "System.Net.HttpListener, Version=8.0.0.0, Culture=neutral, PublicKeyToken=cc7b13ffcd2ddd51".
   2:6>ResolveAssemblyReferences:
             This reference is not "CopyLocal" because at least one source item had "Private" set to "false" and no source items had "Private" set to "true".
             The ImageRuntimeVersion for this reference is "".
   5:6>ResolveAssemblyReferences:
             Resolved file path is "/Users/dacanetdev/.nuget/packages/microsoft.netcore.app.ref/8.0.13/ref/net8.0/System.Net.HttpListener.dll".
   2:6>ResolveAssemblyReferences:
         Primary reference "System.Net.HttpListener, Version=8.0.0.0, Culture=neutral, PublicKeyToken=cc7b13ffcd2ddd51".
   5:6>ResolveAssemblyReferences:
             Reference found at search path location "{RawFileName}".
   2:6>ResolveAssemblyReferences:
             Resolved file path is "/Users/dacanetdev/.nuget/packages/microsoft.netcore.app.ref/8.0.13/ref/net8.0/System.Net.HttpListener.dll".
             Reference found at search path location "{RawFileName}".
   5:6>ResolveAssemblyReferences:
             This reference is not "CopyLocal" because at least one source item had "Private" set to "false" and no source items had "Private" set to "true".
   2:6>ResolveAssemblyReferences:
             This reference is not "CopyLocal" because at least one source item had "Private" set to "false" and no source items had "Private" set to "true".
   5:6>ResolveAssemblyReferences:
             The ImageRuntimeVersion for this reference is "".
   2:6>ResolveAssemblyReferences:
             The ImageRuntimeVersion for this reference is "".
   7:6>Done executing task "CheckForDuplicateItems".
   5:6>ResolveAssemblyReferences:
         Primary reference "System.Net.Mail, Version=8.0.0.0, Culture=neutral, PublicKeyToken=cc7b13ffcd2ddd51".
   2:6>ResolveAssemblyReferences:
         Primary reference "System.Net.Mail, Version=8.0.0.0, Culture=neutral, PublicKeyToken=cc7b13ffcd2ddd51".
   7:6>Task "CheckForDuplicateItems"
   2:6>ResolveAssemblyReferences:
             Resolved file path is "/Users/dacanetdev/.nuget/packages/microsoft.netcore.app.ref/8.0.13/ref/net8.0/System.Net.Mail.dll".
   5:6>ResolveAssemblyReferences:
             Resolved file path is "/Users/dacanetdev/.nuget/packages/microsoft.netcore.app.ref/8.0.13/ref/net8.0/System.Net.Mail.dll".
   2:6>ResolveAssemblyReferences:
             Reference found at search path location "{RawFileName}".
   5:6>ResolveAssemblyReferences:
             Reference found at search path location "{RawFileName}".
   2:6>ResolveAssemblyReferences:
             This reference is not "CopyLocal" because at least one source item had "Private" set to "false" and no source items had "Private" set to "true".
   5:6>ResolveAssemblyReferences:
             This reference is not "CopyLocal" because at least one source item had "Private" set to "false" and no source items had "Private" set to "true".
   2:6>ResolveAssemblyReferences:
             The ImageRuntimeVersion for this reference is "".
   5:6>ResolveAssemblyReferences:
             The ImageRuntimeVersion for this reference is "".
   2:6>ResolveAssemblyReferences:
         Primary reference "System.Net.NameResolution, Version=8.0.0.0, Culture=neutral, PublicKeyToken=b03f5f7f11d50a3a".
   5:6>ResolveAssemblyReferences:
         Primary reference "System.Net.NameResolution, Version=8.0.0.0, Culture=neutral, PublicKeyToken=b03f5f7f11d50a3a".
   2:6>ResolveAssemblyReferences:
             Resolved file path is "/Users/dacanetdev/.nuget/packages/microsoft.netcore.app.ref/8.0.13/ref/net8.0/System.Net.NameResolution.dll".
   5:6>ResolveAssemblyReferences:
             Resolved file path is "/Users/dacanetdev/.nuget/packages/microsoft.netcore.app.ref/8.0.13/ref/net8.0/System.Net.NameResolution.dll".
   2:6>ResolveAssemblyReferences:
             Reference found at search path location "{RawFileName}".
             This reference is not "CopyLocal" because at least one source item had "Private" set to "false" and no source items had "Private" set to "true".
   5:6>ResolveAssemblyReferences:
             Reference found at search path location "{RawFileName}".
   2:6>ResolveAssemblyReferences:
             The ImageRuntimeVersion for this reference is "".
   5:6>ResolveAssemblyReferences:
             This reference is not "CopyLocal" because at least one source item had "Private" set to "false" and no source items had "Private" set to "true".
   2:6>ResolveAssemblyReferences:
         Primary reference "System.Net.NetworkInformation, Version=8.0.0.0, Culture=neutral, PublicKeyToken=b03f5f7f11d50a3a".
   5:6>ResolveAssemblyReferences:
             The ImageRuntimeVersion for this reference is "".
   2:6>ResolveAssemblyReferences:
             Resolved file path is "/Users/dacanetdev/.nuget/packages/microsoft.netcore.app.ref/8.0.13/ref/net8.0/System.Net.NetworkInformation.dll".
             Reference found at search path location "{RawFileName}".
   5:6>ResolveAssemblyReferences:
         Primary reference "System.Net.NetworkInformation, Version=8.0.0.0, Culture=neutral, PublicKeyToken=b03f5f7f11d50a3a".
   2:6>ResolveAssemblyReferences:
             This reference is not "CopyLocal" because at least one source item had "Private" set to "false" and no source items had "Private" set to "true".
   5:6>ResolveAssemblyReferences:
             Resolved file path is "/Users/dacanetdev/.nuget/packages/microsoft.netcore.app.ref/8.0.13/ref/net8.0/System.Net.NetworkInformation.dll".
   2:6>ResolveAssemblyReferences:
             The ImageRuntimeVersion for this reference is "".
   5:6>ResolveAssemblyReferences:
             Reference found at search path location "{RawFileName}".
   2:6>ResolveAssemblyReferences:
         Primary reference "System.Net.Ping, Version=8.0.0.0, Culture=neutral, PublicKeyToken=b03f5f7f11d50a3a".
   5:6>ResolveAssemblyReferences:
             This reference is not "CopyLocal" because at least one source item had "Private" set to "false" and no source items had "Private" set to "true".
   2:6>ResolveAssemblyReferences:
             Resolved file path is "/Users/dacanetdev/.nuget/packages/microsoft.netcore.app.ref/8.0.13/ref/net8.0/System.Net.Ping.dll".
             Reference found at search path location "{RawFileName}".
   6:6>Task "GetPackageDirectory"
   2:6>ResolveAssemblyReferences:
             This reference is not "CopyLocal" because at least one source item had "Private" set to "false" and no source items had "Private" set to "true".
   5:6>ResolveAssemblyReferences:
             The ImageRuntimeVersion for this reference is "".
   2:6>ResolveAssemblyReferences:
             The ImageRuntimeVersion for this reference is "".
         Primary reference "System.Net.Primitives, Version=8.0.0.0, Culture=neutral, PublicKeyToken=b03f5f7f11d50a3a".
   5:6>ResolveAssemblyReferences:
         Primary reference "System.Net.Ping, Version=8.0.0.0, Culture=neutral, PublicKeyToken=b03f5f7f11d50a3a".
   6:6>Done executing task "GetPackageDirectory".
   2:6>ResolveAssemblyReferences:
             Resolved file path is "/Users/dacanetdev/.nuget/packages/microsoft.netcore.app.ref/8.0.13/ref/net8.0/System.Net.Primitives.dll".
             Reference found at search path location "{RawFileName}".
   5:6>ResolveAssemblyReferences:
             Resolved file path is "/Users/dacanetdev/.nuget/packages/microsoft.netcore.app.ref/8.0.13/ref/net8.0/System.Net.Ping.dll".
   2:6>ResolveAssemblyReferences:
             This reference is not "CopyLocal" because at least one source item had "Private" set to "false" and no source items had "Private" set to "true".
   5:6>ResolveAssemblyReferences:
             Reference found at search path location "{RawFileName}".
   2:6>ResolveAssemblyReferences:
             The ImageRuntimeVersion for this reference is "".
         Primary reference "System.Net.Quic, Version=8.0.0.0, Culture=neutral, PublicKeyToken=b03f5f7f11d50a3a".
   5:6>ResolveAssemblyReferences:
             This reference is not "CopyLocal" because at least one source item had "Private" set to "false" and no source items had "Private" set to "true".
   2:6>ResolveAssemblyReferences:
             Resolved file path is "/Users/dacanetdev/.nuget/packages/microsoft.netcore.app.ref/8.0.13/ref/net8.0/System.Net.Quic.dll".
   5:6>ResolveAssemblyReferences:
             The ImageRuntimeVersion for this reference is "".
   2:6>ResolveAssemblyReferences:
             Reference found at search path location "{RawFileName}".
             This reference is not "CopyLocal" because at least one source item had "Private" set to "false" and no source items had "Private" set to "true".
   5:6>ResolveAssemblyReferences:
         Primary reference "System.Net.Primitives, Version=8.0.0.0, Culture=neutral, PublicKeyToken=b03f5f7f11d50a3a".
   2:6>ResolveAssemblyReferences:
             The ImageRuntimeVersion for this reference is "".
   5:6>ResolveAssemblyReferences:
             Resolved file path is "/Users/dacanetdev/.nuget/packages/microsoft.netcore.app.ref/8.0.13/ref/net8.0/System.Net.Primitives.dll".
   2:6>ResolveAssemblyReferences:
         Primary reference "System.Net.Requests, Version=8.0.0.0, Culture=neutral, PublicKeyToken=b03f5f7f11d50a3a".
   5:6>ResolveAssemblyReferences:
             Reference found at search path location "{RawFileName}".
   2:6>ResolveAssemblyReferences:
             Resolved file path is "/Users/dacanetdev/.nuget/packages/microsoft.netcore.app.ref/8.0.13/ref/net8.0/System.Net.Requests.dll".
   5:6>ResolveAssemblyReferences:
             This reference is not "CopyLocal" because at least one source item had "Private" set to "false" and no source items had "Private" set to "true".
   2:6>ResolveAssemblyReferences:
             Reference found at search path location "{RawFileName}".
   6:6>ResolveFrameworkReferences:
       Using "ResolveFrameworkReferences" task from assembly "/usr/local/share/dotnet/sdk/9.0.200/Sdks/Microsoft.NET.Sdk/targets/../tools/net9.0/Microsoft.NET.Build.Tasks.dll".
   2:6>ResolveAssemblyReferences:
             This reference is not "CopyLocal" because at least one source item had "Private" set to "false" and no source items had "Private" set to "true".
   5:6>ResolveAssemblyReferences:
             The ImageRuntimeVersion for this reference is "".
   6:6>Task "ResolveFrameworkReferences"
   2:6>ResolveAssemblyReferences:
             The ImageRuntimeVersion for this reference is "".
         Primary reference "System.Net.Security, Version=8.0.0.0, Culture=neutral, PublicKeyToken=b03f5f7f11d50a3a".
   5:6>ResolveAssemblyReferences:
         Primary reference "System.Net.Quic, Version=8.0.0.0, Culture=neutral, PublicKeyToken=b03f5f7f11d50a3a".
   2:6>ResolveAssemblyReferences:
             Resolved file path is "/Users/dacanetdev/.nuget/packages/microsoft.netcore.app.ref/8.0.13/ref/net8.0/System.Net.Security.dll".
   6:6>Done executing task "ResolveFrameworkReferences".
   2:6>ResolveAssemblyReferences:
             Reference found at search path location "{RawFileName}".
   5:6>ResolveAssemblyReferences:
             Resolved file path is "/Users/dacanetdev/.nuget/packages/microsoft.netcore.app.ref/8.0.13/ref/net8.0/System.Net.Quic.dll".
   2:6>ResolveAssemblyReferences:
             This reference is not "CopyLocal" because at least one source item had "Private" set to "false" and no source items had "Private" set to "true".
             The ImageRuntimeVersion for this reference is "".
   5:6>ResolveAssemblyReferences:
             Reference found at search path location "{RawFileName}".
   6:6>Done building target "ResolveFrameworkReferences" in project "DeventSoft.RoadmapSkills.Api.csproj".
   2:6>ResolveAssemblyReferences:
         Primary reference "System.Net.ServicePoint, Version=8.0.0.0, Culture=neutral, PublicKeyToken=cc7b13ffcd2ddd51".
   5:6>ResolveAssemblyReferences:
             This reference is not "CopyLocal" because at least one source item had "Private" set to "false" and no source items had "Private" set to "true".
   2:6>ResolveAssemblyReferences:
             Resolved file path is "/Users/dacanetdev/.nuget/packages/microsoft.netcore.app.ref/8.0.13/ref/net8.0/System.Net.ServicePoint.dll".
   5:6>ResolveAssemblyReferences:
             The ImageRuntimeVersion for this reference is "".
         Primary reference "System.Net.Requests, Version=8.0.0.0, Culture=neutral, PublicKeyToken=b03f5f7f11d50a3a".
   2:6>ResolveAssemblyReferences:
             Reference found at search path location "{RawFileName}".
   5:6>ResolveAssemblyReferences:
             Resolved file path is "/Users/dacanetdev/.nuget/packages/microsoft.netcore.app.ref/8.0.13/ref/net8.0/System.Net.Requests.dll".
   2:6>ResolveAssemblyReferences:
             This reference is not "CopyLocal" because at least one source item had "Private" set to "false" and no source items had "Private" set to "true".
   5:6>ResolveAssemblyReferences:
             Reference found at search path location "{RawFileName}".
   2:6>ResolveAssemblyReferences:
             The ImageRuntimeVersion for this reference is "".
   5:6>ResolveAssemblyReferences:
             This reference is not "CopyLocal" because at least one source item had "Private" set to "false" and no source items had "Private" set to "true".
             The ImageRuntimeVersion for this reference is "".
   2:6>ResolveAssemblyReferences:
         Primary reference "System.Net.Sockets, Version=8.0.0.0, Culture=neutral, PublicKeyToken=b03f5f7f11d50a3a".
   5:6>ResolveAssemblyReferences:
         Primary reference "System.Net.Security, Version=8.0.0.0, Culture=neutral, PublicKeyToken=b03f5f7f11d50a3a".
   2:6>ResolveAssemblyReferences:
             Resolved file path is "/Users/dacanetdev/.nuget/packages/microsoft.netcore.app.ref/8.0.13/ref/net8.0/System.Net.Sockets.dll".
   5:6>ResolveAssemblyReferences:
             Resolved file path is "/Users/dacanetdev/.nuget/packages/microsoft.netcore.app.ref/8.0.13/ref/net8.0/System.Net.Security.dll".
   2:6>ResolveAssemblyReferences:
             Reference found at search path location "{RawFileName}".
   5:6>ResolveAssemblyReferences:
             Reference found at search path location "{RawFileName}".
   2:6>ResolveAssemblyReferences:
             This reference is not "CopyLocal" because at least one source item had "Private" set to "false" and no source items had "Private" set to "true".
   5:6>ResolveAssemblyReferences:
             This reference is not "CopyLocal" because at least one source item had "Private" set to "false" and no source items had "Private" set to "true".
   2:6>ResolveAssemblyReferences:
             The ImageRuntimeVersion for this reference is "".
   5:6>ResolveAssemblyReferences:
             The ImageRuntimeVersion for this reference is "".
   6:6>Target "ResolveTargetingPackAssets" in file "/usr/local/share/dotnet/sdk/9.0.200/Sdks/Microsoft.NET.Sdk/targets/Microsoft.NET.Sdk.FrameworkReferenceResolution.targets" from project "/Users/dacanetdev/Dev/AIGenerated/RoadmapSkills/src/DeventSoft.RoadmapSkills.Api/DeventSoft.RoadmapSkills.Api.csproj" (target "_HandlePackageFileConflicts" depends on it):
   6:6>Using "ResolveTargetingPackAssets" task from assembly "/usr/local/share/dotnet/sdk/9.0.200/Sdks/Microsoft.NET.Sdk/targets/../tools/net9.0/Microsoft.NET.Build.Tasks.dll".
   2:6>ResolveAssemblyReferences:
         Primary reference "System.Net.WebClient, Version=8.0.0.0, Culture=neutral, PublicKeyToken=cc7b13ffcd2ddd51".
   5:6>ResolveAssemblyReferences:
         Primary reference "System.Net.ServicePoint, Version=8.0.0.0, Culture=neutral, PublicKeyToken=cc7b13ffcd2ddd51".
   7:6>Done executing task "CheckForDuplicateItems".
   6:6>Task "ResolveTargetingPackAssets"
   5:6>ResolveAssemblyReferences:
             Resolved file path is "/Users/dacanetdev/.nuget/packages/microsoft.netcore.app.ref/8.0.13/ref/net8.0/System.Net.ServicePoint.dll".
   2:6>ResolveAssemblyReferences:
             Resolved file path is "/Users/dacanetdev/.nuget/packages/microsoft.netcore.app.ref/8.0.13/ref/net8.0/System.Net.WebClient.dll".
   5:6>ResolveAssemblyReferences:
             Reference found at search path location "{RawFileName}".
   7:6>Done building target "CheckForDuplicateItems" in project "DeventSoft.RoadmapSkills.Users.Api.csproj".
   2:6>ResolveAssemblyReferences:
             Reference found at search path location "{RawFileName}".
   5:6>ResolveAssemblyReferences:
             This reference is not "CopyLocal" because at least one source item had "Private" set to "false" and no source items had "Private" set to "true".
   2:6>ResolveAssemblyReferences:
             This reference is not "CopyLocal" because at least one source item had "Private" set to "false" and no source items had "Private" set to "true".
   5:6>ResolveAssemblyReferences:
             The ImageRuntimeVersion for this reference is "".
         Primary reference "System.Net.Sockets, Version=8.0.0.0, Culture=neutral, PublicKeyToken=b03f5f7f11d50a3a".
   7:6>Target "WarnForExplicitVersions" skipped, due to false condition; ('@(SdkBuildWarning)' != '') was evaluated as ('' != '').
   5:6>ResolveAssemblyReferences:
             Resolved file path is "/Users/dacanetdev/.nuget/packages/microsoft.netcore.app.ref/8.0.13/ref/net8.0/System.Net.Sockets.dll".
   2:6>ResolveAssemblyReferences:
             The ImageRuntimeVersion for this reference is "".
   5:6>ResolveAssemblyReferences:
             Reference found at search path location "{RawFileName}".
   7:6>Target "_CheckForFailedSDKResolution" skipped, due to false condition; ('$(SdkResolverHonoredGlobalJson)' == 'false') was evaluated as ('' == 'false').
   5:6>ResolveAssemblyReferences:
             This reference is not "CopyLocal" because at least one source item had "Private" set to "false" and no source items had "Private" set to "true".
   2:6>ResolveAssemblyReferences:
         Primary reference "System.Net.WebHeaderCollection, Version=8.0.0.0, Culture=neutral, PublicKeyToken=b03f5f7f11d50a3a".
   5:6>ResolveAssemblyReferences:
             The ImageRuntimeVersion for this reference is "".
   7:6>Target "_WarnWhenUsingNET9AndVSPriorTo1712" skipped, due to false condition; ($([MSBuild]::VersionLessThan($(MSBuildVersion), '17.12.0')) and '$(TargetFrameworkIdentifier)' == '.NETCoreApp' and $([MSBuild]::VersionGreaterThanOrEquals($(_TargetFrameworkVersionWithoutV), '9.0'))) was evaluated as (False and '.NETCoreApp' == '.NETCoreApp' and False).
   5:6>ResolveAssemblyReferences:
         Primary reference "System.Net.WebClient, Version=8.0.0.0, Culture=neutral, PublicKeyToken=cc7b13ffcd2ddd51".
   2:6>ResolveAssemblyReferences:
             Resolved file path is "/Users/dacanetdev/.nuget/packages/microsoft.netcore.app.ref/8.0.13/ref/net8.0/System.Net.WebHeaderCollection.dll".
   7:6>Target "_CheckForInvalidWindowsDesktopTargetingConfiguration" skipped, due to false condition; ('$(TargetFrameworkIdentifier)' == '.NETCoreApp' and $([MSBuild]::VersionGreaterThanOrEquals($(_TargetFrameworkVersionWithoutV), '5.0')) and ('$(UseWindowsForms)' == 'true' or '$(UseWPF)' == 'true')) was evaluated as ('.NETCoreApp' == '.NETCoreApp' and True and ('' == 'true' or '' == 'true')).
   5:6>ResolveAssemblyReferences:
             Resolved file path is "/Users/dacanetdev/.nuget/packages/microsoft.netcore.app.ref/8.0.13/ref/net8.0/System.Net.WebClient.dll".
   2:6>ResolveAssemblyReferences:
             Reference found at search path location "{RawFileName}".
   5:6>ResolveAssemblyReferences:
             Reference found at search path location "{RawFileName}".
   7:6>Target "_CheckForUnnecessaryWindowsDesktopSDK" skipped, due to false condition; ('$(TargetFrameworkIdentifier)' == '.NETCoreApp' and $([MSBuild]::VersionGreaterThanOrEquals($(_TargetFrameworkVersionWithoutV), '5.0')) and '$(_MicrosoftWindowsDesktopSdkImported)' == 'true' and '$(TargetFrameworks)' == '') was evaluated as ('.NETCoreApp' == '.NETCoreApp' and True and '' == 'true' and '' == '').
   2:6>ResolveAssemblyReferences:
             This reference is not "CopyLocal" because at least one source item had "Private" set to "false" and no source items had "Private" set to "true".
   5:6>ResolveAssemblyReferences:
             This reference is not "CopyLocal" because at least one source item had "Private" set to "false" and no source items had "Private" set to "true".
   7:6>Target "ProcessFrameworkReferences" skipped. Previously built successfully.
   5:6>ResolveAssemblyReferences:
             The ImageRuntimeVersion for this reference is "".
   2:6>ResolveAssemblyReferences:
             The ImageRuntimeVersion for this reference is "".
   5:6>ResolveAssemblyReferences:
         Primary reference "System.Net.WebHeaderCollection, Version=8.0.0.0, Culture=neutral, PublicKeyToken=b03f5f7f11d50a3a".
   7:6>Target "IncludeTargetingPackReference" skipped, due to false condition; ('$(TargetFrameworkMoniker)' != '' and '$(TargetFrameworkIdentifier)' == '.NETFramework' and '$(AutomaticallyUseReferenceAssemblyPackages)' == 'true') was evaluated as ('.NETCoreApp,Version=v8.0' != '' and '.NETCoreApp' == '.NETFramework' and 'true' == 'true').
   2:6>ResolveAssemblyReferences:
         Primary reference "System.Net.WebProxy, Version=8.0.0.0, Culture=neutral, PublicKeyToken=cc7b13ffcd2ddd51".
   5:6>ResolveAssemblyReferences:
             Resolved file path is "/Users/dacanetdev/.nuget/packages/microsoft.netcore.app.ref/8.0.13/ref/net8.0/System.Net.WebHeaderCollection.dll".
   2:6>ResolveAssemblyReferences:
             Resolved file path is "/Users/dacanetdev/.nuget/packages/microsoft.netcore.app.ref/8.0.13/ref/net8.0/System.Net.WebProxy.dll".
   5:6>ResolveAssemblyReferences:
             Reference found at search path location "{RawFileName}".
   7:6>Target "_CheckForInvalidConfigurationAndPlatform" in file "/usr/local/share/dotnet/sdk/9.0.200/Microsoft.Common.CurrentVersion.targets" from project "/Users/dacanetdev/Dev/AIGenerated/RoadmapSkills/src/Modules/Users/DeventSoft.RoadmapSkills.Users.Api/DeventSoft.RoadmapSkills.Users.Api.csproj" (target "BeforeBuild" depends on it):
   7:6>Task "MSBuildInternalMessage" skipped, due to false condition; ('$(_InvalidConfigurationMessageSeverity)' != '') was evaluated as ('' != '').
   5:6>ResolveAssemblyReferences:
             This reference is not "CopyLocal" because at least one source item had "Private" set to "false" and no source items had "Private" set to "true".
   2:6>ResolveAssemblyReferences:
             Reference found at search path location "{RawFileName}".
   7:6>Task "Message"
   5:6>ResolveAssemblyReferences:
             The ImageRuntimeVersion for this reference is "".
   2:6>ResolveAssemblyReferences:
             This reference is not "CopyLocal" because at least one source item had "Private" set to "false" and no source items had "Private" set to "true".
   7:6>_CheckForInvalidConfigurationAndPlatform:
         Configuration=Debug
   5:6>ResolveAssemblyReferences:
         Primary reference "System.Net.WebProxy, Version=8.0.0.0, Culture=neutral, PublicKeyToken=cc7b13ffcd2ddd51".
   2:6>ResolveAssemblyReferences:
             The ImageRuntimeVersion for this reference is "".
   7:6>Done executing task "Message".
   5:6>ResolveAssemblyReferences:
             Resolved file path is "/Users/dacanetdev/.nuget/packages/microsoft.netcore.app.ref/8.0.13/ref/net8.0/System.Net.WebProxy.dll".
   2:6>ResolveAssemblyReferences:
         Primary reference "System.Net.WebSockets.Client, Version=8.0.0.0, Culture=neutral, PublicKeyToken=b03f5f7f11d50a3a".
   5:6>ResolveAssemblyReferences:
             Reference found at search path location "{RawFileName}".
   7:6>Task "Message"
   2:6>ResolveAssemblyReferences:
             Resolved file path is "/Users/dacanetdev/.nuget/packages/microsoft.netcore.app.ref/8.0.13/ref/net8.0/System.Net.WebSockets.Client.dll".
   5:6>ResolveAssemblyReferences:
             This reference is not "CopyLocal" because at least one source item had "Private" set to "false" and no source items had "Private" set to "true".
   7:6>_CheckForInvalidConfigurationAndPlatform:
         Platform=AnyCPU
   5:6>ResolveAssemblyReferences:
             The ImageRuntimeVersion for this reference is "".
   2:6>ResolveAssemblyReferences:
             Reference found at search path location "{RawFileName}".
   7:6>Done executing task "Message".
   5:6>ResolveAssemblyReferences:
         Primary reference "System.Net.WebSockets.Client, Version=8.0.0.0, Culture=neutral, PublicKeyToken=b03f5f7f11d50a3a".
   2:6>ResolveAssemblyReferences:
             This reference is not "CopyLocal" because at least one source item had "Private" set to "false" and no source items had "Private" set to "true".
   5:6>ResolveAssemblyReferences:
             Resolved file path is "/Users/dacanetdev/.nuget/packages/microsoft.netcore.app.ref/8.0.13/ref/net8.0/System.Net.WebSockets.Client.dll".
   2:6>ResolveAssemblyReferences:
             The ImageRuntimeVersion for this reference is "".
   5:6>ResolveAssemblyReferences:
             Reference found at search path location "{RawFileName}".
             This reference is not "CopyLocal" because at least one source item had "Private" set to "false" and no source items had "Private" set to "true".
   2:6>ResolveAssemblyReferences:
         Primary reference "System.Net.WebSockets, Version=8.0.0.0, Culture=neutral, PublicKeyToken=b03f5f7f11d50a3a".
   5:6>ResolveAssemblyReferences:
             The ImageRuntimeVersion for this reference is "".
   2:6>ResolveAssemblyReferences:
             Resolved file path is "/Users/dacanetdev/.nuget/packages/microsoft.netcore.app.ref/8.0.13/ref/net8.0/System.Net.WebSockets.dll".
   5:6>ResolveAssemblyReferences:
         Primary reference "System.Net.WebSockets, Version=8.0.0.0, Culture=neutral, PublicKeyToken=b03f5f7f11d50a3a".
   2:6>ResolveAssemblyReferences:
             Reference found at search path location "{RawFileName}".
   5:6>ResolveAssemblyReferences:
             Resolved file path is "/Users/dacanetdev/.nuget/packages/microsoft.netcore.app.ref/8.0.13/ref/net8.0/System.Net.WebSockets.dll".
             Reference found at search path location "{RawFileName}".
   2:6>ResolveAssemblyReferences:
             This reference is not "CopyLocal" because at least one source item had "Private" set to "false" and no source items had "Private" set to "true".
   5:6>ResolveAssemblyReferences:
             This reference is not "CopyLocal" because at least one source item had "Private" set to "false" and no source items had "Private" set to "true".
   2:6>ResolveAssemblyReferences:
             The ImageRuntimeVersion for this reference is "".
   5:6>ResolveAssemblyReferences:
             The ImageRuntimeVersion for this reference is "".
   2:6>ResolveAssemblyReferences:
         Primary reference "System.Net, Version=4.0.0.0, Culture=neutral, PublicKeyToken=b03f5f7f11d50a3a".
   5:6>ResolveAssemblyReferences:
         Primary reference "System.Net, Version=4.0.0.0, Culture=neutral, PublicKeyToken=b03f5f7f11d50a3a".
             Resolved file path is "/Users/dacanetdev/.nuget/packages/microsoft.netcore.app.ref/8.0.13/ref/net8.0/System.Net.dll".
   2:6>ResolveAssemblyReferences:
             Resolved file path is "/Users/dacanetdev/.nuget/packages/microsoft.netcore.app.ref/8.0.13/ref/net8.0/System.Net.dll".
   7:6>_CheckForInvalidConfigurationAndPlatform:
       Task "MSBuildInternalMessage" skipped, due to false condition; ('$(OutDir)' != '' and !HasTrailingSlash('$(OutDir)')) was evaluated as ('bin/Debug/net8.0/' != '' and !HasTrailingSlash('bin/Debug/net8.0/')).
   5:6>ResolveAssemblyReferences:
             Reference found at search path location "{RawFileName}".
   2:6>ResolveAssemblyReferences:
             Reference found at search path location "{RawFileName}".
   5:6>ResolveAssemblyReferences:
             This reference is not "CopyLocal" because at least one source item had "Private" set to "false" and no source items had "Private" set to "true".
   2:6>ResolveAssemblyReferences:
             This reference is not "CopyLocal" because at least one source item had "Private" set to "false" and no source items had "Private" set to "true".
   5:6>ResolveAssemblyReferences:
             The ImageRuntimeVersion for this reference is "".
   2:6>ResolveAssemblyReferences:
             The ImageRuntimeVersion for this reference is "".
   5:6>ResolveAssemblyReferences:
         Primary reference "System.Numerics.Vectors, Version=8.0.0.0, Culture=neutral, PublicKeyToken=b03f5f7f11d50a3a".
   2:6>ResolveAssemblyReferences:
         Primary reference "System.Numerics.Vectors, Version=8.0.0.0, Culture=neutral, PublicKeyToken=b03f5f7f11d50a3a".
   5:6>ResolveAssemblyReferences:
             Resolved file path is "/Users/dacanetdev/.nuget/packages/microsoft.netcore.app.ref/8.0.13/ref/net8.0/System.Numerics.Vectors.dll".
   2:6>ResolveAssemblyReferences:
             Resolved file path is "/Users/dacanetdev/.nuget/packages/microsoft.netcore.app.ref/8.0.13/ref/net8.0/System.Numerics.Vectors.dll".
   5:6>ResolveAssemblyReferences:
             Reference found at search path location "{RawFileName}".
   2:6>ResolveAssemblyReferences:
             Reference found at search path location "{RawFileName}".
   5:6>ResolveAssemblyReferences:
             This reference is not "CopyLocal" because at least one source item had "Private" set to "false" and no source items had "Private" set to "true".
   2:6>ResolveAssemblyReferences:
             This reference is not "CopyLocal" because at least one source item had "Private" set to "false" and no source items had "Private" set to "true".
   5:6>ResolveAssemblyReferences:
             The ImageRuntimeVersion for this reference is "".
   2:6>ResolveAssemblyReferences:
             The ImageRuntimeVersion for this reference is "".
   5:6>ResolveAssemblyReferences:
         Primary reference "System.Numerics, Version=4.0.0.0, Culture=neutral, PublicKeyToken=b77a5c561934e089".
   2:6>ResolveAssemblyReferences:
         Primary reference "System.Numerics, Version=4.0.0.0, Culture=neutral, PublicKeyToken=b77a5c561934e089".
   6:6>Done executing task "ResolveTargetingPackAssets".
   5:6>ResolveAssemblyReferences:
             Resolved file path is "/Users/dacanetdev/.nuget/packages/microsoft.netcore.app.ref/8.0.13/ref/net8.0/System.Numerics.dll".
   2:6>ResolveAssemblyReferences:
             Resolved file path is "/Users/dacanetdev/.nuget/packages/microsoft.netcore.app.ref/8.0.13/ref/net8.0/System.Numerics.dll".
     0>Overriding target "ResolveFrameworkReferences" in project "/usr/local/share/dotnet/sdk/9.0.200/Microsoft.Common.CurrentVersion.targets" with target "ResolveFrameworkReferences" from project "/usr/local/share/dotnet/sdk/9.0.200/Sdks/Microsoft.NET.Sdk/targets/Microsoft.NET.Sdk.FrameworkReferenceResolution.targets".
   7:6>_CheckForInvalidConfigurationAndPlatform:
       Task "MSBuildInternalMessage" skipped, due to false condition; ('$(IntermediateOutputPath)' != '' and !HasTrailingSlash('$(IntermediateOutputPath)')) was evaluated as ('obj/Debug/net8.0/' != '' and !HasTrailingSlash('obj/Debug/net8.0/')).
   5:6>ResolveAssemblyReferences:
             Reference found at search path location "{RawFileName}".
   2:6>ResolveAssemblyReferences:
             Reference found at search path location "{RawFileName}".
   6:6>Done building target "ResolveTargetingPackAssets" in project "DeventSoft.RoadmapSkills.Api.csproj".
   5:6>ResolveAssemblyReferences:
             This reference is not "CopyLocal" because at least one source item had "Private" set to "false" and no source items had "Private" set to "true".
   2:6>ResolveAssemblyReferences:
             This reference is not "CopyLocal" because at least one source item had "Private" set to "false" and no source items had "Private" set to "true".
     0>Overriding target "Run" in project "/usr/local/share/dotnet/sdk/9.0.200/Microsoft.Common.CurrentVersion.targets" with target "Run" from project "/usr/local/share/dotnet/sdk/9.0.200/Sdks/Microsoft.NET.Sdk/targets/Microsoft.NET.Sdk.targets".
   5:6>ResolveAssemblyReferences:
             The ImageRuntimeVersion for this reference is "".
   7:6>_CheckForInvalidConfigurationAndPlatform:
       Task "MSBuildInternalMessage" skipped, due to false condition; ('$(BaseIntermediateOutputPath)' != '' and !HasTrailingSlash('$(BaseIntermediateOutputPath)')) was evaluated as ('/Users/dacanetdev/Dev/AIGenerated/RoadmapSkills/src/Modules/Users/DeventSoft.RoadmapSkills.Users.Api/obj/' != '' and !HasTrailingSlash('/Users/dacanetdev/Dev/AIGenerated/RoadmapSkills/src/Modules/Users/DeventSoft.RoadmapSkills.Users.Api/obj/')).
   2:6>ResolveAssemblyReferences:
             The ImageRuntimeVersion for this reference is "".
     0>Overriding target "GenerateSupportedTargetFrameworkAlias" in project "/usr/local/share/dotnet/sdk/9.0.200/Microsoft.Common.CurrentVersion.targets" with target "GenerateSupportedTargetFrameworkAlias" from project "/usr/local/share/dotnet/sdk/9.0.200/Sdks/Microsoft.NET.Sdk/targets/Microsoft.NET.Sdk.targets".
   5:6>ResolveAssemblyReferences:
         Primary reference "System.ObjectModel, Version=8.0.0.0, Culture=neutral, PublicKeyToken=b03f5f7f11d50a3a".
   2:6>ResolveAssemblyReferences:
         Primary reference "System.ObjectModel, Version=8.0.0.0, Culture=neutral, PublicKeyToken=b03f5f7f11d50a3a".
   6:6>Target "ResolveOffByDefaultAnalyzers" in file "/usr/local/share/dotnet/sdk/9.0.200/Sdks/Microsoft.NET.Sdk/targets/Microsoft.NET.Sdk.FrameworkReferenceResolution.targets" from project "/Users/dacanetdev/Dev/AIGenerated/RoadmapSkills/src/DeventSoft.RoadmapSkills.Api/DeventSoft.RoadmapSkills.Api.csproj" (target "_HandlePackageFileConflicts" depends on it):
   6:6>Done building target "ResolveOffByDefaultAnalyzers" in project "DeventSoft.RoadmapSkills.Api.csproj".
   7:6>_CheckForInvalidConfigurationAndPlatform:
       Task "MSBuildInternalMessage" skipped, due to false condition; ( '$(Prefer32Bit)' == 'true' and '$(PreferNativeArm64)' == 'true' ) was evaluated as ( 'false' == 'true' and 'false' == 'true' ).
   5:6>ResolveAssemblyReferences:
             Resolved file path is "/Users/dacanetdev/.nuget/packages/microsoft.netcore.app.ref/8.0.13/ref/net8.0/System.ObjectModel.dll".
     0>Overriding target "GetReferenceAssemblyPaths" in project "/usr/local/share/dotnet/sdk/9.0.200/Microsoft.Common.CurrentVersion.targets" with target "GetReferenceAssemblyPaths" from project "/usr/local/share/dotnet/sdk/9.0.200/Sdks/Microsoft.NET.Sdk/targets/Microsoft.NET.DisableStandardFrameworkResolution.targets".
   2:6>ResolveAssemblyReferences:
             Resolved file path is "/Users/dacanetdev/.nuget/packages/microsoft.netcore.app.ref/8.0.13/ref/net8.0/System.ObjectModel.dll".
   5:6>ResolveAssemblyReferences:
             Reference found at search path location "{RawFileName}".
   7:6>_CheckForInvalidConfigurationAndPlatform:
       Task "MSBuildInternalMessage" skipped, due to false condition; ( '$(NoWin32Manifest)' == 'true' and '$(PreferNativeArm64)' == 'true' ) was evaluated as ( '' == 'true' and 'false' == 'true' ).
     0>Overriding target "GetFrameworkPaths" in project "/usr/local/share/dotnet/sdk/9.0.200/Microsoft.Common.CurrentVersion.targets" with target "GetFrameworkPaths" from project "/usr/local/share/dotnet/sdk/9.0.200/Sdks/Microsoft.NET.Sdk/targets/Microsoft.NET.DisableStandardFrameworkResolution.targets".
   2:6>ResolveAssemblyReferences:
             Reference found at search path location "{RawFileName}".
   5:6>ResolveAssemblyReferences:
             This reference is not "CopyLocal" because at least one source item had "Private" set to "false" and no source items had "Private" set to "true".
   6:6>Target "_HandlePackageFileConflicts" in file "/usr/local/share/dotnet/sdk/9.0.200/Sdks/Microsoft.NET.Sdk/targets/Microsoft.NET.ConflictResolution.targets" from project "/Users/dacanetdev/Dev/AIGenerated/RoadmapSkills/src/DeventSoft.RoadmapSkills.Api/DeventSoft.RoadmapSkills.Api.csproj" (target "ResolveAssemblyReferences" depends on it):
   6:6>Using "ResolvePackageFileConflicts" task from assembly "/usr/local/share/dotnet/sdk/9.0.200/Sdks/Microsoft.NET.Sdk/targets/../tools/net9.0/Microsoft.NET.Build.Tasks.dll".
     0>Overriding target "DesignerRuntimeImplementationProjectOutputGroup" in project "/usr/local/share/dotnet/sdk/9.0.200/Microsoft.Common.CurrentVersion.targets" with target "DesignerRuntimeImplementationProjectOutputGroup" from project "/usr/local/share/dotnet/sdk/9.0.200/Sdks/Microsoft.NET.Sdk/targets/Microsoft.NET.DesignerSupport.targets".
   2:6>ResolveAssemblyReferences:
             This reference is not "CopyLocal" because at least one source item had "Private" set to "false" and no source items had "Private" set to "true".
   7:6>_CheckForInvalidConfigurationAndPlatform:
       Task "MSBuildInternalMessage" skipped, due to false condition; ( '$(PreferNativeArm64)' == 'true' and '$(Platform)' != 'AnyCPU' ) was evaluated as ( 'false' == 'true' and 'AnyCPU' != 'AnyCPU' ).
   5:6>ResolveAssemblyReferences:
             The ImageRuntimeVersion for this reference is "".
   2:6>ResolveAssemblyReferences:
             The ImageRuntimeVersion for this reference is "".
   5:6>ResolveAssemblyReferences:
         Primary reference "System.Reflection.DispatchProxy, Version=8.0.0.0, Culture=neutral, PublicKeyToken=b03f5f7f11d50a3a".
     0>Overriding target "Publish" in project "/usr/local/share/dotnet/sdk/9.0.200/Microsoft.Common.CurrentVersion.targets" with target "Publish" from project "/usr/local/share/dotnet/sdk/9.0.200/Sdks/Microsoft.NET.Sdk/targets/Microsoft.NET.Publish.targets".
   7:6>_CheckForInvalidConfigurationAndPlatform:
       Task "MSBuildInternalMessage" skipped, due to false condition; ( '$(_InitialMSBuildProjectExtensionsPath)' != '' And '$(MSBuildProjectExtensionsPath)' != '$(_InitialMSBuildProjectExtensionsPath)' ) was evaluated as ( '/Users/dacanetdev/Dev/AIGenerated/RoadmapSkills/src/Modules/Users/DeventSoft.RoadmapSkills.Users.Api/obj/' != '' And '/Users/dacanetdev/Dev/AIGenerated/RoadmapSkills/src/Modules/Users/DeventSoft.RoadmapSkills.Users.Api/obj/' != '/Users/dacanetdev/Dev/AIGenerated/RoadmapSkills/src/Modules/Users/DeventSoft.RoadmapSkills.Users.Api/obj/' ).
   2:6>ResolveAssemblyReferences:
         Primary reference "System.Reflection.DispatchProxy, Version=8.0.0.0, Culture=neutral, PublicKeyToken=b03f5f7f11d50a3a".
   5:6>ResolveAssemblyReferences:
             Resolved file path is "/Users/dacanetdev/.nuget/packages/microsoft.netcore.app.ref/8.0.13/ref/net8.0/System.Reflection.DispatchProxy.dll".
   6:6>Task "ResolvePackageFileConflicts"
     0>Overriding target "ResolveReadyToRunCompilers" in project "/usr/local/share/dotnet/sdk/9.0.200/Sdks/Microsoft.NET.Sdk/targets/Microsoft.NET.CrossGen.targets" with target "ResolveReadyToRunCompilers" from project "/usr/local/share/dotnet/sdk/9.0.200/Sdks/Microsoft.NET.Sdk/targets/Microsoft.NET.Publish.targets".
   2:6>ResolveAssemblyReferences:
             Resolved file path is "/Users/dacanetdev/.nuget/packages/microsoft.netcore.app.ref/8.0.13/ref/net8.0/System.Reflection.DispatchProxy.dll".
   7:6>_CheckForInvalidConfigurationAndPlatform:
       Task "MSBuildInternalMessage" skipped, due to false condition; ( '$(EnableBaseIntermediateOutputPathMismatchWarning)' == 'true' And '$(_InitialBaseIntermediateOutputPath)' != '$(BaseIntermediateOutputPath)' And '$(BaseIntermediateOutputPath)' != '$(MSBuildProjectExtensionsPath)' ) was evaluated as ( 'true' == 'true' And 'obj/' != '/Users/dacanetdev/Dev/AIGenerated/RoadmapSkills/src/Modules/Users/DeventSoft.RoadmapSkills.Users.Api/obj/' And '/Users/dacanetdev/Dev/AIGenerated/RoadmapSkills/src/Modules/Users/DeventSoft.RoadmapSkills.Users.Api/obj/' != '/Users/dacanetdev/Dev/AIGenerated/RoadmapSkills/src/Modules/Users/DeventSoft.RoadmapSkills.Users.Api/obj/' ).
   5:6>ResolveAssemblyReferences:
             Reference found at search path location "{RawFileName}".
   2:6>ResolveAssemblyReferences:
             Reference found at search path location "{RawFileName}".
   6:6>_HandlePackageFileConflicts:
         Encountered conflict between 'Platform:mscorlib.dll' and 'Platform:mscorlib.dll'. Could not determine winner due to equal file and assembly versions.
   7:6>Done building target "_CheckForInvalidConfigurationAndPlatform" in project "DeventSoft.RoadmapSkills.Users.Api.csproj".
   5:6>ResolveAssemblyReferences:
             This reference is not "CopyLocal" because at least one source item had "Private" set to "false" and no source items had "Private" set to "true".
   2:6>ResolveAssemblyReferences:
             This reference is not "CopyLocal" because at least one source item had "Private" set to "false" and no source items had "Private" set to "true".
   5:6>ResolveAssemblyReferences:
             The ImageRuntimeVersion for this reference is "".
   6:6>_HandlePackageFileConflicts:
         Encountered conflict between 'Platform:Microsoft.VisualBasic.dll' and 'Platform:Microsoft.VisualBasic.dll'. Could not determine winner due to equal file and assembly versions.
   2:6>ResolveAssemblyReferences:
             The ImageRuntimeVersion for this reference is "".
     0>Overriding target "GetCopyToPublishDirectoryItems" in project "/usr/local/share/dotnet/sdk/9.0.200/Microsoft.Common.CurrentVersion.targets" with target "GetCopyToPublishDirectoryItems" from project "/usr/local/share/dotnet/sdk/9.0.200/Sdks/Microsoft.NET.Sdk/targets/Microsoft.NET.Publish.targets".
   5:6>ResolveAssemblyReferences:
         Primary reference "System.Reflection.Emit.ILGeneration, Version=8.0.0.0, Culture=neutral, PublicKeyToken=b03f5f7f11d50a3a".
   6:6>_HandlePackageFileConflicts:
         Encountered conflict between 'Platform:System.dll' and 'Platform:System.dll'. Could not determine winner due to equal file and assembly versions.
   5:6>ResolveAssemblyReferences:
             Resolved file path is "/Users/dacanetdev/.nuget/packages/microsoft.netcore.app.ref/8.0.13/ref/net8.0/System.Reflection.Emit.ILGeneration.dll".
   7:6>Target "ValidateCommandLineProperties" in file "/usr/local/share/dotnet/sdk/9.0.200/Sdks/Microsoft.NET.Sdk/targets/Microsoft.NET.Sdk.targets" from project "/Users/dacanetdev/Dev/AIGenerated/RoadmapSkills/src/Modules/Users/DeventSoft.RoadmapSkills.Users.Api/DeventSoft.RoadmapSkills.Users.Api.csproj" (target "BeforeBuild" depends on it):
   7:6>Done building target "ValidateCommandLineProperties" in project "DeventSoft.RoadmapSkills.Users.Api.csproj".
   5:6>ResolveAssemblyReferences:
             Reference found at search path location "{RawFileName}".
   6:6>_HandlePackageFileConflicts:
         Encountered conflict between 'Platform:System.ComponentModel.DataAnnotations.dll' and 'Platform:System.ComponentModel.DataAnnotations.dll'. Could not determine winner due to equal file and assembly versions.
   2:6>ResolveAssemblyReferences:
         Primary reference "System.Reflection.Emit.ILGeneration, Version=8.0.0.0, Culture=neutral, PublicKeyToken=b03f5f7f11d50a3a".
   5:6>ResolveAssemblyReferences:
             This reference is not "CopyLocal" because at least one source item had "Private" set to "false" and no source items had "Private" set to "true".
   6:6>_HandlePackageFileConflicts:
         Encountered conflict between 'Platform:System.Configuration.dll' and 'Platform:System.Configuration.dll'. Could not determine winner due to equal file and assembly versions.
   5:6>ResolveAssemblyReferences:
             The ImageRuntimeVersion for this reference is "".
   2:6>ResolveAssemblyReferences:
             Resolved file path is "/Users/dacanetdev/.nuget/packages/microsoft.netcore.app.ref/8.0.13/ref/net8.0/System.Reflection.Emit.ILGeneration.dll".
   6:6>_HandlePackageFileConflicts:
         Encountered conflict between 'Platform:System.Core.dll' and 'Platform:System.Core.dll'. Could not determine winner due to equal file and assembly versions.
   7:6>Target "BeforeBuild" in file "/usr/local/share/dotnet/sdk/9.0.200/Microsoft.Common.CurrentVersion.targets" from project "/Users/dacanetdev/Dev/AIGenerated/RoadmapSkills/src/Modules/Users/DeventSoft.RoadmapSkills.Users.Api/DeventSoft.RoadmapSkills.Users.Api.csproj" (target "Build" depends on it):
   7:6>Done building target "BeforeBuild" in project "DeventSoft.RoadmapSkills.Users.Api.csproj".
   5:6>ResolveAssemblyReferences:
         Primary reference "System.Reflection.Emit.Lightweight, Version=8.0.0.0, Culture=neutral, PublicKeyToken=b03f5f7f11d50a3a".
   6:6>_HandlePackageFileConflicts:
         Encountered conflict between 'Platform:System.Data.dll' and 'Platform:System.Data.dll'. Could not determine winner due to equal file and assembly versions.
   2:6>ResolveAssemblyReferences:
             Reference found at search path location "{RawFileName}".
   5:6>ResolveAssemblyReferences:
             Resolved file path is "/Users/dacanetdev/.nuget/packages/microsoft.netcore.app.ref/8.0.13/ref/net8.0/System.Reflection.Emit.Lightweight.dll".
   7:6>Target "_CheckForBuildWithNoBuild" skipped, due to false condition; ('$(NoBuild)' == 'true' and '$(GeneratePackageOnBuild)' != 'true') was evaluated as ('' == 'true' and 'false' != 'true').
   6:6>_HandlePackageFileConflicts:
         Encountered conflict between 'Platform:System.Drawing.dll' and 'Platform:System.Drawing.dll'. Could not determine winner due to equal file and assembly versions.
   2:6>ResolveAssemblyReferences:
             This reference is not "CopyLocal" because at least one source item had "Private" set to "false" and no source items had "Private" set to "true".
   5:6>ResolveAssemblyReferences:
             Reference found at search path location "{RawFileName}".
   6:6>_HandlePackageFileConflicts:
         Encountered conflict between 'Platform:System.IO.Compression.FileSystem.dll' and 'Platform:System.IO.Compression.FileSystem.dll'. Could not determine winner due to equal file and assembly versions.
   5:6>ResolveAssemblyReferences:
             This reference is not "CopyLocal" because at least one source item had "Private" set to "false" and no source items had "Private" set to "true".
   6:6>_HandlePackageFileConflicts:
         Encountered conflict between 'Platform:System.Net.dll' and 'Platform:System.Net.dll'. Could not determine winner due to equal file and assembly versions.
   2:6>ResolveAssemblyReferences:
             The ImageRuntimeVersion for this reference is "".
   7:6>Target "BuildOnlySettings" in file "/usr/local/share/dotnet/sdk/9.0.200/Microsoft.Common.CurrentVersion.targets" from project "/Users/dacanetdev/Dev/AIGenerated/RoadmapSkills/src/Modules/Users/DeventSoft.RoadmapSkills.Users.Api/DeventSoft.RoadmapSkills.Users.Api.csproj" (target "CoreBuild" depends on it):
   7:6>Done building target "BuildOnlySettings" in project "DeventSoft.RoadmapSkills.Users.Api.csproj".
   5:6>ResolveAssemblyReferences:
             The ImageRuntimeVersion for this reference is "".
   6:6>_HandlePackageFileConflicts:
         Encountered conflict between 'Platform:System.Numerics.dll' and 'Platform:System.Numerics.dll'. Could not determine winner due to equal file and assembly versions.
   2:6>ResolveAssemblyReferences:
         Primary reference "System.Reflection.Emit.Lightweight, Version=8.0.0.0, Culture=neutral, PublicKeyToken=b03f5f7f11d50a3a".
   5:6>ResolveAssemblyReferences:
         Primary reference "System.Reflection.Emit, Version=8.0.0.0, Culture=neutral, PublicKeyToken=b03f5f7f11d50a3a".
   6:6>_HandlePackageFileConflicts:
         Encountered conflict between 'Platform:System.Runtime.Serialization.dll' and 'Platform:System.Runtime.Serialization.dll'. Could not determine winner due to equal file and assembly versions.
   7:6>Target "_CheckForUnsupportedTargetFramework" skipped, due to false condition; ('$(_UnsupportedTargetFrameworkError)' == 'true') was evaluated as ('' == 'true').
   2:6>ResolveAssemblyReferences:
             Resolved file path is "/Users/dacanetdev/.nuget/packages/microsoft.netcore.app.ref/8.0.13/ref/net8.0/System.Reflection.Emit.Lightweight.dll".
   7:6>Target "_CheckForUnsupportedTargetPlatformIdentifier" skipped, due to false condition; ('$(TargetPlatformIdentifier)' != '' and '$(TargetFrameworkIdentifier)' == '.NETCoreApp' and $([MSBuild]::VersionGreaterThanOrEquals($(TargetFrameworkVersion), 5.0)) And ('$(DesignTimeBuild)' != 'true' Or '@(MissingWorkloadPack)' == '')) was evaluated as ('' != '' and '.NETCoreApp' == '.NETCoreApp' and True And ('' != 'true' Or '' == '')).
   5:6>ResolveAssemblyReferences:
             Resolved file path is "/Users/dacanetdev/.nuget/packages/microsoft.netcore.app.ref/8.0.13/ref/net8.0/System.Reflection.Emit.dll".
   6:6>_HandlePackageFileConflicts:
         Encountered conflict between 'Platform:System.Security.dll' and 'Platform:System.Security.dll'. Could not determine winner due to equal file and assembly versions.
   2:6>ResolveAssemblyReferences:
             Reference found at search path location "{RawFileName}".
   7:6>Target "_CheckForMissingWorkload" skipped, due to false condition; ('@(MissingWorkloadPack)' != '' And '$(DesignTimeBuild)' != 'true') was evaluated as ('' != '' And '' != 'true').
   6:6>_HandlePackageFileConflicts:
         Encountered conflict between 'Platform:System.ServiceProcess.dll' and 'Platform:System.ServiceProcess.dll'. Could not determine winner due to equal file and assembly versions.
   5:6>ResolveAssemblyReferences:
             Reference found at search path location "{RawFileName}".
   2:6>ResolveAssemblyReferences:
             This reference is not "CopyLocal" because at least one source item had "Private" set to "false" and no source items had "Private" set to "true".
   6:6>_HandlePackageFileConflicts:
         Encountered conflict between 'Platform:System.ServiceModel.Web.dll' and 'Platform:System.ServiceModel.Web.dll'. Could not determine winner due to equal file and assembly versions.
   5:6>ResolveAssemblyReferences:
             This reference is not "CopyLocal" because at least one source item had "Private" set to "false" and no source items had "Private" set to "true".
   6:6>_HandlePackageFileConflicts:
         Encountered conflict between 'Platform:System.Transactions.dll' and 'Platform:System.Transactions.dll'. Could not determine winner due to equal file and assembly versions.
   2:6>ResolveAssemblyReferences:
             The ImageRuntimeVersion for this reference is "".
   5:6>ResolveAssemblyReferences:
             The ImageRuntimeVersion for this reference is "".
   7:6>Target "GetFrameworkPaths" in file "/usr/local/share/dotnet/sdk/9.0.200/Sdks/Microsoft.NET.Sdk/targets/Microsoft.NET.DisableStandardFrameworkResolution.targets" from project "/Users/dacanetdev/Dev/AIGenerated/RoadmapSkills/src/Modules/Users/DeventSoft.RoadmapSkills.Users.Api/DeventSoft.RoadmapSkills.Users.Api.csproj" (target "PrepareForBuild" depends on it):
   7:6>Done building target "GetFrameworkPaths" in project "DeventSoft.RoadmapSkills.Users.Api.csproj".
   6:6>_HandlePackageFileConflicts:
         Encountered conflict between 'Platform:System.Web.dll' and 'Platform:System.Web.dll'. Could not determine winner due to equal file and assembly versions.
   7:6>Target "_CheckForUnsupportedTargetFramework" skipped, due to false condition; ('$(_UnsupportedTargetFrameworkError)' == 'true') was evaluated as ('' == 'true').
   6:6>_HandlePackageFileConflicts:
         Encountered conflict between 'Platform:System.Windows.dll' and 'Platform:System.Windows.dll'. Could not determine winner due to equal file and assembly versions.
   2:6>ResolveAssemblyReferences:
         Primary reference "System.Reflection.Emit, Version=8.0.0.0, Culture=neutral, PublicKeyToken=b03f5f7f11d50a3a".
   6:6>_HandlePackageFileConflicts:
         Encountered conflict between 'Platform:System.Xml.dll' and 'Platform:System.Xml.dll'. Could not determine winner due to equal file and assembly versions.
   7:6>Target "_CheckForUnsupportedTargetPlatformIdentifier" skipped, due to false condition; ('$(TargetPlatformIdentifier)' != '' and '$(TargetFrameworkIdentifier)' == '.NETCoreApp' and $([MSBuild]::VersionGreaterThanOrEquals($(TargetFrameworkVersion), 5.0)) And ('$(DesignTimeBuild)' != 'true' Or '@(MissingWorkloadPack)' == '')) was evaluated as ('' != '' and '.NETCoreApp' == '.NETCoreApp' and True And ('' != 'true' Or '' == '')).
   5:6>ResolveAssemblyReferences:
         Primary reference "System.Reflection.Extensions, Version=8.0.0.0, Culture=neutral, PublicKeyToken=b03f5f7f11d50a3a".
   2:6>ResolveAssemblyReferences:
             Resolved file path is "/Users/dacanetdev/.nuget/packages/microsoft.netcore.app.ref/8.0.13/ref/net8.0/System.Reflection.Emit.dll".
   6:6>_HandlePackageFileConflicts:
         Encountered conflict between 'Platform:System.Xml.Serialization.dll' and 'Platform:System.Xml.Serialization.dll'. Could not determine winner due to equal file and assembly versions.
   7:6>Target "_CheckForMissingWorkload" skipped, due to false condition; ('@(MissingWorkloadPack)' != '' And '$(DesignTimeBuild)' != 'true') was evaluated as ('' != '' And '' != 'true').
   5:6>ResolveAssemblyReferences:
             Resolved file path is "/Users/dacanetdev/.nuget/packages/microsoft.netcore.app.ref/8.0.13/ref/net8.0/System.Reflection.Extensions.dll".
   6:6>_HandlePackageFileConflicts:
         Encountered conflict between 'Platform:System.Xml.Linq.dll' and 'Platform:System.Xml.Linq.dll'. Could not determine winner due to equal file and assembly versions.
   2:6>ResolveAssemblyReferences:
             Reference found at search path location "{RawFileName}".
   6:6>_HandlePackageFileConflicts:
         Encountered conflict between 'Platform:WindowsBase.dll' and 'Platform:WindowsBase.dll'. Could not determine winner due to equal file and assembly versions.
   5:6>ResolveAssemblyReferences:
             Reference found at search path location "{RawFileName}".
   2:6>ResolveAssemblyReferences:
             This reference is not "CopyLocal" because at least one source item had "Private" set to "false" and no source items had "Private" set to "true".
   6:6>_HandlePackageFileConflicts:
         Encountered conflict between 'Platform:netstandard.dll' and 'Platform:netstandard.dll'. Could not determine winner due to equal file and assembly versions.
         Encountered conflict between 'Platform:System.Private.CoreLib.dll' and 'Platform:System.Private.CoreLib.dll'. Could not determine winner due to equal file and assembly versions.
   7:6>Target "GetReferenceAssemblyPaths" in file "/usr/local/share/dotnet/sdk/9.0.200/Sdks/Microsoft.NET.Sdk/targets/Microsoft.NET.DisableStandardFrameworkResolution.targets" from project "/Users/dacanetdev/Dev/AIGenerated/RoadmapSkills/src/Modules/Users/DeventSoft.RoadmapSkills.Users.Api/DeventSoft.RoadmapSkills.Users.Api.csproj" (target "PrepareForBuild" depends on it):
   7:6>Done building target "GetReferenceAssemblyPaths" in project "DeventSoft.RoadmapSkills.Users.Api.csproj".
   2:6>ResolveAssemblyReferences:
             The ImageRuntimeVersion for this reference is "".
   6:6>_HandlePackageFileConflicts:
         Encountered conflict between 'Platform:System.Private.DataContractSerialization.dll' and 'Platform:System.Private.DataContractSerialization.dll'. Could not determine winner due to equal file and assembly versions.
   5:6>ResolveAssemblyReferences:
             This reference is not "CopyLocal" because at least one source item had "Private" set to "false" and no source items had "Private" set to "true".
   7:6>Target "AssignLinkMetadata" skipped, due to false condition; ( '$(SynthesizeLinkMetadata)' == 'true' ) was evaluated as ( '' == 'true' ).
   2:6>ResolveAssemblyReferences:
         Primary reference "System.Reflection.Extensions, Version=8.0.0.0, Culture=neutral, PublicKeyToken=b03f5f7f11d50a3a".
   6:6>_HandlePackageFileConflicts:
         Encountered conflict between 'Platform:System.Private.Uri.dll' and 'Platform:System.Private.Uri.dll'. Could not determine winner due to equal file and assembly versions.
   5:6>ResolveAssemblyReferences:
             The ImageRuntimeVersion for this reference is "".
   6:6>_HandlePackageFileConflicts:
         Encountered conflict between 'Platform:System.Private.Xml.dll' and 'Platform:System.Private.Xml.dll'. Could not determine winner due to equal file and assembly versions.
   2:6>ResolveAssemblyReferences:
             Resolved file path is "/Users/dacanetdev/.nuget/packages/microsoft.netcore.app.ref/8.0.13/ref/net8.0/System.Reflection.Extensions.dll".
   5:6>ResolveAssemblyReferences:
         Primary reference "System.Reflection.Metadata, Version=8.0.0.0, Culture=neutral, PublicKeyToken=b03f5f7f11d50a3a".
   6:6>_HandlePackageFileConflicts:
         Encountered conflict between 'Platform:System.Private.Xml.Linq.dll' and 'Platform:System.Private.Xml.Linq.dll'. Could not determine winner due to equal file and assembly versions.
   7:6>Target "ResolveRazorGenerateInputs" in file "/usr/local/share/dotnet/sdk/9.0.200/Sdks/Microsoft.NET.Sdk.Razor/targets/Sdk.Razor.CurrentVersion.targets" from project "/Users/dacanetdev/Dev/AIGenerated/RoadmapSkills/src/Modules/Users/DeventSoft.RoadmapSkills.Users.Api/DeventSoft.RoadmapSkills.Users.Api.csproj" (target "PrepareForBuild" depends on it):
   7:6>Done building target "ResolveRazorGenerateInputs" in project "DeventSoft.RoadmapSkills.Users.Api.csproj".
   2:6>ResolveAssemblyReferences:
             Reference found at search path location "{RawFileName}".
   6:6>_HandlePackageFileConflicts:
         Encountered conflict between 'Platform:mscordaccore_amd64_amd64_8.0.1325.6609.dll' and 'Platform:mscordaccore_amd64_amd64_8.0.1325.6609.dll'. Could not determine winner due to equal file and assembly versions.
   5:6>ResolveAssemblyReferences:
             Resolved file path is "/Users/dacanetdev/.nuget/packages/microsoft.netcore.app.ref/8.0.13/ref/net8.0/System.Reflection.Metadata.dll".
   2:6>ResolveAssemblyReferences:
             This reference is not "CopyLocal" because at least one source item had "Private" set to "false" and no source items had "Private" set to "true".
   6:6>Done executing task "ResolvePackageFileConflicts".
   7:6>Target "_VerifyPackReleaseConfigurations" skipped, due to false condition; ('$(_IsPacking)' == 'true' and '$(DOTNET_CLI_DISABLE_PUBLISH_AND_PACK_RELEASE)' != 'true' and '$(DOTNET_CLI_LAZY_PUBLISH_AND_PACK_RELEASE_FOR_SOLUTIONS)' == 'true') was evaluated as ('' == 'true' and '' != 'true' and '' == 'true').
   5:6>ResolveAssemblyReferences:
             Reference found at search path location "{RawFileName}".
   6:6>Done building target "_HandlePackageFileConflicts" in project "DeventSoft.RoadmapSkills.Api.csproj".
   2:6>ResolveAssemblyReferences:
             The ImageRuntimeVersion for this reference is "".
   5:6>ResolveAssemblyReferences:
             This reference is not "CopyLocal" because at least one source item had "Private" set to "false" and no source items had "Private" set to "true".
   6:6>Target "ResolveTargetingPackAssets" skipped. Previously built successfully.
   2:6>ResolveAssemblyReferences:
         Primary reference "System.Reflection.Metadata, Version=8.0.0.0, Culture=neutral, PublicKeyToken=b03f5f7f11d50a3a".
   5:6>ResolveAssemblyReferences:
             The ImageRuntimeVersion for this reference is "".
   7:6>Target "PrepareForBuild" in file "/usr/local/share/dotnet/sdk/9.0.200/Microsoft.Common.CurrentVersion.targets" from project "/Users/dacanetdev/Dev/AIGenerated/RoadmapSkills/src/Modules/Users/DeventSoft.RoadmapSkills.Users.Api/DeventSoft.RoadmapSkills.Users.Api.csproj" (target "CoreBuild" depends on it):
   7:6>Using "FindAppConfigFile" task from assembly "Microsoft.Build.Tasks.Core, Version=15.1.0.0, Culture=neutral, PublicKeyToken=b03f5f7f11d50a3a".
   2:6>ResolveAssemblyReferences:
             Resolved file path is "/Users/dacanetdev/.nuget/packages/microsoft.netcore.app.ref/8.0.13/ref/net8.0/System.Reflection.Metadata.dll".
   5:6>ResolveAssemblyReferences:
         Primary reference "System.Reflection.Primitives, Version=8.0.0.0, Culture=neutral, PublicKeyToken=b03f5f7f11d50a3a".
   7:6>Task "FindAppConfigFile"
   6:6>Target "ResolveAssemblyReferences" in file "/usr/local/share/dotnet/sdk/9.0.200/Microsoft.Common.CurrentVersion.targets" from project "/Users/dacanetdev/Dev/AIGenerated/RoadmapSkills/src/DeventSoft.RoadmapSkills.Api/DeventSoft.RoadmapSkills.Api.csproj" (target "ResolveReferences" depends on it):
   6:6>Using "ResolveAssemblyReference" task from assembly "Microsoft.Build.Tasks.Core, Version=15.1.0.0, Culture=neutral, PublicKeyToken=b03f5f7f11d50a3a".
   2:6>ResolveAssemblyReferences:
             Reference found at search path location "{RawFileName}".
   5:6>ResolveAssemblyReferences:
             Resolved file path is "/Users/dacanetdev/.nuget/packages/microsoft.netcore.app.ref/8.0.13/ref/net8.0/System.Reflection.Primitives.dll".
   7:6>Done executing task "FindAppConfigFile".
   6:6>Task "ResolveAssemblyReference"
   2:6>ResolveAssemblyReferences:
             This reference is not "CopyLocal" because at least one source item had "Private" set to "false" and no source items had "Private" set to "true".
   5:6>ResolveAssemblyReferences:
             Reference found at search path location "{RawFileName}".
   7:6>PrepareForBuild:
       Using "MakeDir" task from assembly "Microsoft.Build.Tasks.Core, Version=15.1.0.0, Culture=neutral, PublicKeyToken=b03f5f7f11d50a3a".
   5:6>ResolveAssemblyReferences:
             This reference is not "CopyLocal" because at least one source item had "Private" set to "false" and no source items had "Private" set to "true".
   6:6>ResolveAssemblyReferences:
         TargetFrameworkMoniker:
   2:6>ResolveAssemblyReferences:
             The ImageRuntimeVersion for this reference is "".
   5:6>ResolveAssemblyReferences:
             The ImageRuntimeVersion for this reference is "".
   7:6>Task "MakeDir"
   6:6>ResolveAssemblyReferences:
             .NETCoreApp,Version=v8.0
   2:6>ResolveAssemblyReferences:
         Primary reference "System.Reflection.Primitives, Version=8.0.0.0, Culture=neutral, PublicKeyToken=b03f5f7f11d50a3a".
   6:6>ResolveAssemblyReferences:
         TargetFrameworkMonikerDisplayName:
   5:6>ResolveAssemblyReferences:
         Primary reference "System.Reflection.TypeExtensions, Version=8.0.0.0, Culture=neutral, PublicKeyToken=b03f5f7f11d50a3a".
   7:6>Done executing task "MakeDir".
   2:6>ResolveAssemblyReferences:
             Resolved file path is "/Users/dacanetdev/.nuget/packages/microsoft.netcore.app.ref/8.0.13/ref/net8.0/System.Reflection.Primitives.dll".
   6:6>ResolveAssemblyReferences:
             .NET 8.0
   5:6>ResolveAssemblyReferences:
             Resolved file path is "/Users/dacanetdev/.nuget/packages/microsoft.netcore.app.ref/8.0.13/ref/net8.0/System.Reflection.TypeExtensions.dll".
   2:6>ResolveAssemblyReferences:
             Reference found at search path location "{RawFileName}".
   7:6>Done building target "PrepareForBuild" in project "DeventSoft.RoadmapSkills.Users.Api.csproj".
   6:6>ResolveAssemblyReferences:
         TargetedRuntimeVersion:
   5:6>ResolveAssemblyReferences:
             Reference found at search path location "{RawFileName}".
   6:6>ResolveAssemblyReferences:
             
   2:6>ResolveAssemblyReferences:
             This reference is not "CopyLocal" because at least one source item had "Private" set to "false" and no source items had "Private" set to "true".
   5:6>ResolveAssemblyReferences:
             This reference is not "CopyLocal" because at least one source item had "Private" set to "false" and no source items had "Private" set to "true".
   6:6>ResolveAssemblyReferences:
         Assemblies:
   5:6>ResolveAssemblyReferences:
             The ImageRuntimeVersion for this reference is "".
   2:6>ResolveAssemblyReferences:
             The ImageRuntimeVersion for this reference is "".
   6:6>ResolveAssemblyReferences:
             /Users/dacanetdev/.nuget/packages/microsoft.aspnetcore.openapi/8.0.8/lib/net8.0/Microsoft.AspNetCore.OpenApi.dll
   5:6>ResolveAssemblyReferences:
         Primary reference "System.Reflection, Version=8.0.0.0, Culture=neutral, PublicKeyToken=b03f5f7f11d50a3a".
   2:6>ResolveAssemblyReferences:
         Primary reference "System.Reflection.TypeExtensions, Version=8.0.0.0, Culture=neutral, PublicKeyToken=b03f5f7f11d50a3a".
   6:6>ResolveAssemblyReferences:
                 Private = 'false'
   5:6>ResolveAssemblyReferences:
             Resolved file path is "/Users/dacanetdev/.nuget/packages/microsoft.netcore.app.ref/8.0.13/ref/net8.0/System.Reflection.dll".
   6:6>ResolveAssemblyReferences:
                 HintPath = '/Users/dacanetdev/.nuget/packages/microsoft.aspnetcore.openapi/8.0.8/lib/net8.0/Microsoft.AspNetCore.OpenApi.dll'
   5:6>ResolveAssemblyReferences:
             Reference found at search path location "{RawFileName}".
   6:6>ResolveAssemblyReferences:
             /Users/dacanetdev/.nuget/packages/microsoft.openapi/1.4.3/lib/netstandard2.0/Microsoft.OpenApi.dll
   5:6>ResolveAssemblyReferences:
             This reference is not "CopyLocal" because at least one source item had "Private" set to "false" and no source items had "Private" set to "true".
   7:6>Target "GenerateGlobalUsings" in file "/usr/local/share/dotnet/sdk/9.0.200/Sdks/Microsoft.NET.Sdk/targets/Microsoft.NET.GenerateGlobalUsings.targets" from project "/Users/dacanetdev/Dev/AIGenerated/RoadmapSkills/src/Modules/Users/DeventSoft.RoadmapSkills.Users.Api/DeventSoft.RoadmapSkills.Users.Api.csproj" (target "CoreBuild" depends on it):
   7:6>Using "GenerateGlobalUsings" task from assembly "/usr/local/share/dotnet/sdk/9.0.200/Sdks/Microsoft.NET.Sdk/targets/../tools/net9.0/Microsoft.NET.Build.Tasks.dll".
   6:6>ResolveAssemblyReferences:
                 Private = 'false'
   2:6>ResolveAssemblyReferences:
             Resolved file path is "/Users/dacanetdev/.nuget/packages/microsoft.netcore.app.ref/8.0.13/ref/net8.0/System.Reflection.TypeExtensions.dll".
   5:6>ResolveAssemblyReferences:
             The ImageRuntimeVersion for this reference is "".
   6:6>ResolveAssemblyReferences:
                 HintPath = '/Users/dacanetdev/.nuget/packages/microsoft.openapi/1.4.3/lib/netstandard2.0/Microsoft.OpenApi.dll'
   7:6>Task "GenerateGlobalUsings"
   6:6>ResolveAssemblyReferences:
             /Users/dacanetdev/.nuget/packages/swashbuckle.aspnetcore.swagger/6.4.0/lib/net6.0/Swashbuckle.AspNetCore.Swagger.dll
   2:6>ResolveAssemblyReferences:
             Reference found at search path location "{RawFileName}".
   6:6>ResolveAssemblyReferences:
                 Private = 'false'
   7:6>Done executing task "GenerateGlobalUsings".
   5:6>ResolveAssemblyReferences:
         Primary reference "System.Resources.Reader, Version=8.0.0.0, Culture=neutral, PublicKeyToken=b03f5f7f11d50a3a".
   2:6>ResolveAssemblyReferences:
             This reference is not "CopyLocal" because at least one source item had "Private" set to "false" and no source items had "Private" set to "true".
   6:6>ResolveAssemblyReferences:
                 HintPath = '/Users/dacanetdev/.nuget/packages/swashbuckle.aspnetcore.swagger/6.4.0/lib/net6.0/Swashbuckle.AspNetCore.Swagger.dll'
   7:6>GenerateGlobalUsings:
       Using "WriteLinesToFile" task from assembly "Microsoft.Build.Tasks.Core, Version=15.1.0.0, Culture=neutral, PublicKeyToken=b03f5f7f11d50a3a".
   5:6>ResolveAssemblyReferences:
             Resolved file path is "/Users/dacanetdev/.nuget/packages/microsoft.netcore.app.ref/8.0.13/ref/net8.0/System.Resources.Reader.dll".
   2:6>ResolveAssemblyReferences:
             The ImageRuntimeVersion for this reference is "".
   6:6>ResolveAssemblyReferences:
             /Users/dacanetdev/.nuget/packages/swashbuckle.aspnetcore.swaggergen/6.4.0/lib/net6.0/Swashbuckle.AspNetCore.SwaggerGen.dll
   5:6>ResolveAssemblyReferences:
             Reference found at search path location "{RawFileName}".
   7:6>Task "WriteLinesToFile"
   2:6>ResolveAssemblyReferences:
         Primary reference "System.Reflection, Version=8.0.0.0, Culture=neutral, PublicKeyToken=b03f5f7f11d50a3a".
   6:6>ResolveAssemblyReferences:
                 Private = 'false'
   5:6>ResolveAssemblyReferences:
             This reference is not "CopyLocal" because at least one source item had "Private" set to "false" and no source items had "Private" set to "true".
   6:6>ResolveAssemblyReferences:
                 HintPath = '/Users/dacanetdev/.nuget/packages/swashbuckle.aspnetcore.swaggergen/6.4.0/lib/net6.0/Swashbuckle.AspNetCore.SwaggerGen.dll'
   2:6>ResolveAssemblyReferences:
             Resolved file path is "/Users/dacanetdev/.nuget/packages/microsoft.netcore.app.ref/8.0.13/ref/net8.0/System.Reflection.dll".
   7:6>GenerateGlobalUsings:
         Skipping write to file "obj/Debug/net8.0/DeventSoft.RoadmapSkills.Users.Api.GlobalUsings.g.cs" because content would not change.
   5:6>ResolveAssemblyReferences:
             The ImageRuntimeVersion for this reference is "".
   6:6>ResolveAssemblyReferences:
             /Users/dacanetdev/.nuget/packages/swashbuckle.aspnetcore.swaggerui/6.4.0/lib/net6.0/Swashbuckle.AspNetCore.SwaggerUI.dll
   2:6>ResolveAssemblyReferences:
             Reference found at search path location "{RawFileName}".
   5:6>ResolveAssemblyReferences:
         Primary reference "System.Resources.ResourceManager, Version=8.0.0.0, Culture=neutral, PublicKeyToken=b03f5f7f11d50a3a".
   7:6>Done executing task "WriteLinesToFile".
   6:6>ResolveAssemblyReferences:
                 Private = 'false'
   2:6>ResolveAssemblyReferences:
             This reference is not "CopyLocal" because at least one source item had "Private" set to "false" and no source items had "Private" set to "true".
   5:6>ResolveAssemblyReferences:
             Resolved file path is "/Users/dacanetdev/.nuget/packages/microsoft.netcore.app.ref/8.0.13/ref/net8.0/System.Resources.ResourceManager.dll".
   7:6>Done building target "GenerateGlobalUsings" in project "DeventSoft.RoadmapSkills.Users.Api.csproj".
   2:6>ResolveAssemblyReferences:
             The ImageRuntimeVersion for this reference is "".
   5:6>ResolveAssemblyReferences:
             Reference found at search path location "{RawFileName}".
   7:6>Target "PreBuildEvent" skipped, due to false condition; ('$(PreBuildEvent)'!='') was evaluated as (''!='').
   5:6>ResolveAssemblyReferences:
             This reference is not "CopyLocal" because at least one source item had "Private" set to "false" and no source items had "Private" set to "true".
   2:6>ResolveAssemblyReferences:
         Primary reference "System.Resources.Reader, Version=8.0.0.0, Culture=neutral, PublicKeyToken=b03f5f7f11d50a3a".
   5:6>ResolveAssemblyReferences:
             The ImageRuntimeVersion for this reference is "".
   2:6>ResolveAssemblyReferences:
             Resolved file path is "/Users/dacanetdev/.nuget/packages/microsoft.netcore.app.ref/8.0.13/ref/net8.0/System.Resources.Reader.dll".
   7:6>Target "BeforeResolveReferences" in file "/usr/local/share/dotnet/sdk/9.0.200/Microsoft.Common.CurrentVersion.targets" from project "/Users/dacanetdev/Dev/AIGenerated/RoadmapSkills/src/Modules/Users/DeventSoft.RoadmapSkills.Users.Api/DeventSoft.RoadmapSkills.Users.Api.csproj" (target "ResolveReferences" depends on it):
   7:6>Done building target "BeforeResolveReferences" in project "DeventSoft.RoadmapSkills.Users.Api.csproj".
   5:6>ResolveAssemblyReferences:
         Primary reference "System.Resources.Writer, Version=8.0.0.0, Culture=neutral, PublicKeyToken=b03f5f7f11d50a3a".
   2:6>ResolveAssemblyReferences:
             Reference found at search path location "{RawFileName}".
   5:6>ResolveAssemblyReferences:
             Resolved file path is "/Users/dacanetdev/.nuget/packages/microsoft.netcore.app.ref/8.0.13/ref/net8.0/System.Resources.Writer.dll".
   2:6>ResolveAssemblyReferences:
             This reference is not "CopyLocal" because at least one source item had "Private" set to "false" and no source items had "Private" set to "true".
   7:6>Target "IgnoreJavaScriptOutputAssembly" in file "/usr/local/share/dotnet/sdk/9.0.200/Microsoft.Common.CurrentVersion.targets" from project "/Users/dacanetdev/Dev/AIGenerated/RoadmapSkills/src/Modules/Users/DeventSoft.RoadmapSkills.Users.Api/DeventSoft.RoadmapSkills.Users.Api.csproj" (target "AssignProjectConfiguration" depends on it):
   7:6>Done building target "IgnoreJavaScriptOutputAssembly" in project "DeventSoft.RoadmapSkills.Users.Api.csproj".
   5:6>ResolveAssemblyReferences:
             Reference found at search path location "{RawFileName}".
   7:6>Target "ProcessFrameworkReferences" skipped. Previously built successfully.
   2:6>ResolveAssemblyReferences:
             The ImageRuntimeVersion for this reference is "".
   5:6>ResolveAssemblyReferences:
             This reference is not "CopyLocal" because at least one source item had "Private" set to "false" and no source items had "Private" set to "true".
   2:6>ResolveAssemblyReferences:
         Primary reference "System.Resources.ResourceManager, Version=8.0.0.0, Culture=neutral, PublicKeyToken=b03f5f7f11d50a3a".
   5:6>ResolveAssemblyReferences:
             The ImageRuntimeVersion for this reference is "".
   7:6>Target "_DefaultMicrosoftNETPlatformLibrary" in file "/usr/local/share/dotnet/sdk/9.0.200/Sdks/Microsoft.NET.Sdk/targets/Microsoft.NET.Sdk.Shared.targets" from project "/Users/dacanetdev/Dev/AIGenerated/RoadmapSkills/src/Modules/Users/DeventSoft.RoadmapSkills.Users.Api/DeventSoft.RoadmapSkills.Users.Api.csproj" (target "ResolvePackageAssets" depends on it):
   7:6>Done building target "_DefaultMicrosoftNETPlatformLibrary" in project "DeventSoft.RoadmapSkills.Users.Api.csproj".
   5:6>ResolveAssemblyReferences:
         Primary reference "System.Runtime.CompilerServices.Unsafe, Version=8.0.0.0, Culture=neutral, PublicKeyToken=b03f5f7f11d50a3a".
   2:6>ResolveAssemblyReferences:
             Resolved file path is "/Users/dacanetdev/.nuget/packages/microsoft.netcore.app.ref/8.0.13/ref/net8.0/System.Resources.ResourceManager.dll".
   5:6>ResolveAssemblyReferences:
             Resolved file path is "/Users/dacanetdev/.nuget/packages/microsoft.netcore.app.ref/8.0.13/ref/net8.0/System.Runtime.CompilerServices.Unsafe.dll".
   2:6>ResolveAssemblyReferences:
             Reference found at search path location "{RawFileName}".
   7:6>Target "_ComputePackageReferencePublish" in file "/usr/local/share/dotnet/sdk/9.0.200/Sdks/Microsoft.NET.Sdk/targets/Microsoft.NET.Sdk.Shared.targets" from project "/Users/dacanetdev/Dev/AIGenerated/RoadmapSkills/src/Modules/Users/DeventSoft.RoadmapSkills.Users.Api/DeventSoft.RoadmapSkills.Users.Api.csproj" (target "ResolvePackageAssets" depends on it):
   7:6>Done building target "_ComputePackageReferencePublish" in project "DeventSoft.RoadmapSkills.Users.Api.csproj".
   5:6>ResolveAssemblyReferences:
             Reference found at search path location "{RawFileName}".
   2:6>ResolveAssemblyReferences:
             This reference is not "CopyLocal" because at least one source item had "Private" set to "false" and no source items had "Private" set to "true".
   5:6>ResolveAssemblyReferences:
             This reference is not "CopyLocal" because at least one source item had "Private" set to "false" and no source items had "Private" set to "true".
   7:6>Target "_ResolveCompilerVersion" skipped, due to false condition; ('$(CompilerApiVersion)' == '' And
                     ('$(Language)' == 'C#' Or '$(Language)' == 'VB') And
                     Exists('$(RoslynTargetsPath)\Microsoft.Build.Tasks.CodeAnalysis.dll')) was evaluated as ('roslyn4.13' == '' And
                     ('C#' == 'C#' Or 'C#' == 'VB') And
                     Exists('/usr/local/share/dotnet/sdk/9.0.200/Roslyn\Microsoft.Build.Tasks.CodeAnalysis.dll')).
   6:6>ResolveAssemblyReferences:
                 HintPath = '/Users/dacanetdev/.nuget/packages/swashbuckle.aspnetcore.swaggerui/6.4.0/lib/net6.0/Swashbuckle.AspNetCore.SwaggerUI.dll'
   2:6>ResolveAssemblyReferences:
             The ImageRuntimeVersion for this reference is "".
   5:6>ResolveAssemblyReferences:
             The ImageRuntimeVersion for this reference is "".
   6:6>ResolveAssemblyReferences:
             /Users/dacanetdev/.nuget/packages/microsoft.netcore.app.ref/8.0.13/ref/net8.0/Microsoft.CSharp.dll
   2:6>ResolveAssemblyReferences:
         Primary reference "System.Resources.Writer, Version=8.0.0.0, Culture=neutral, PublicKeyToken=b03f5f7f11d50a3a".
   5:6>ResolveAssemblyReferences:
         Primary reference "System.Runtime.CompilerServices.VisualC, Version=8.0.0.0, Culture=neutral, PublicKeyToken=b03f5f7f11d50a3a".
   2:6>ResolveAssemblyReferences:
             Resolved file path is "/Users/dacanetdev/.nuget/packages/microsoft.netcore.app.ref/8.0.13/ref/net8.0/System.Resources.Writer.dll".
   6:6>ResolveAssemblyReferences:
                 Private = 'false'
   7:6>Target "ResolvePackageAssets" in file "/usr/local/share/dotnet/sdk/9.0.200/Sdks/Microsoft.NET.Sdk/targets/Microsoft.PackageDependencyResolution.targets" from project "/Users/dacanetdev/Dev/AIGenerated/RoadmapSkills/src/Modules/Users/DeventSoft.RoadmapSkills.Users.Api/DeventSoft.RoadmapSkills.Users.Api.csproj" (target "ResolveLockFileReferences" depends on it):
   7:6>Using "ResolvePackageAssets" task from assembly "/usr/local/share/dotnet/sdk/9.0.200/Sdks/Microsoft.NET.Sdk/targets/../tools/net9.0/Microsoft.NET.Build.Tasks.dll".
   2:6>ResolveAssemblyReferences:
             Reference found at search path location "{RawFileName}".
   6:6>ResolveAssemblyReferences:
             /Users/dacanetdev/.nuget/packages/microsoft.netcore.app.ref/8.0.13/ref/net8.0/Microsoft.VisualBasic.Core.dll
   5:6>ResolveAssemblyReferences:
             Resolved file path is "/Users/dacanetdev/.nuget/packages/microsoft.netcore.app.ref/8.0.13/ref/net8.0/System.Runtime.CompilerServices.VisualC.dll".
   2:6>ResolveAssemblyReferences:
             This reference is not "CopyLocal" because at least one source item had "Private" set to "false" and no source items had "Private" set to "true".
   7:6>Task "ResolvePackageAssets"
   2:6>ResolveAssemblyReferences:
             The ImageRuntimeVersion for this reference is "".
   7:6>Done executing task "ResolvePackageAssets".
   5:6>ResolveAssemblyReferences:
             Reference found at search path location "{RawFileName}".
   2:6>ResolveAssemblyReferences:
         Primary reference "System.Runtime.CompilerServices.Unsafe, Version=8.0.0.0, Culture=neutral, PublicKeyToken=b03f5f7f11d50a3a".
   7:6>Done building target "ResolvePackageAssets" in project "DeventSoft.RoadmapSkills.Users.Api.csproj".
   5:6>ResolveAssemblyReferences:
             This reference is not "CopyLocal" because at least one source item had "Private" set to "false" and no source items had "Private" set to "true".
   6:6>ResolveAssemblyReferences:
                 Private = 'false'
   2:6>ResolveAssemblyReferences:
             Resolved file path is "/Users/dacanetdev/.nuget/packages/microsoft.netcore.app.ref/8.0.13/ref/net8.0/System.Runtime.CompilerServices.Unsafe.dll".
   7:6>Target "AdjustDefaultPlatformTargetForNetFrameworkExeWithNoNativeCopyLocalItems" skipped, due to false condition; ('$(_UsingDefaultPlatformTarget)' == 'true' and
                     '$(_UsingDefaultRuntimeIdentifier)' == 'true') was evaluated as ('true' == 'true' and
                     '' == 'true').
   2:6>ResolveAssemblyReferences:
             Reference found at search path location "{RawFileName}".
   5:6>ResolveAssemblyReferences:
             The ImageRuntimeVersion for this reference is "".
   6:6>ResolveAssemblyReferences:
             /Users/dacanetdev/.nuget/packages/microsoft.netcore.app.ref/8.0.13/ref/net8.0/Microsoft.VisualBasic.dll
   2:6>ResolveAssemblyReferences:
             This reference is not "CopyLocal" because at least one source item had "Private" set to "false" and no source items had "Private" set to "true".
   7:6>Target "_CheckForTransitiveWindowsDesktopDependencies" in file "/usr/local/share/dotnet/sdk/9.0.200/Sdks/Microsoft.NET.Sdk/targets/Microsoft.NET.Sdk.DefaultItems.Shared.targets" from project "/Users/dacanetdev/Dev/AIGenerated/RoadmapSkills/src/Modules/Users/DeventSoft.RoadmapSkills.Users.Api/DeventSoft.RoadmapSkills.Users.Api.csproj" (target "ResolveLockFileReferences" depends on it):
   7:6>Task "NetSdkError" skipped, due to false condition; ('@(_WindowsDesktopTransitiveFrameworkReference)' != '') was evaluated as ('' != '').
   6:6>ResolveAssemblyReferences:
                 Private = 'false'
   2:6>ResolveAssemblyReferences:
             The ImageRuntimeVersion for this reference is "".
   5:6>ResolveAssemblyReferences:
         Primary reference "System.Runtime.Extensions, Version=8.0.0.0, Culture=neutral, PublicKeyToken=b03f5f7f11d50a3a".
   7:6>Done building target "_CheckForTransitiveWindowsDesktopDependencies" in project "DeventSoft.RoadmapSkills.Users.Api.csproj".
   6:6>ResolveAssemblyReferences:
             /Users/dacanetdev/.nuget/packages/microsoft.netcore.app.ref/8.0.13/ref/net8.0/Microsoft.Win32.Primitives.dll
   2:6>ResolveAssemblyReferences:
         Primary reference "System.Runtime.CompilerServices.VisualC, Version=8.0.0.0, Culture=neutral, PublicKeyToken=b03f5f7f11d50a3a".
   6:6>ResolveAssemblyReferences:
                 Private = 'false'
   5:6>ResolveAssemblyReferences:
             Resolved file path is "/Users/dacanetdev/.nuget/packages/microsoft.netcore.app.ref/8.0.13/ref/net8.0/System.Runtime.Extensions.dll".
   7:6>Target "AddTransitiveFrameworkReferences" in file "/usr/local/share/dotnet/sdk/9.0.200/Sdks/Microsoft.NET.Sdk/targets/Microsoft.NET.Sdk.FrameworkReferenceResolution.targets" from project "/Users/dacanetdev/Dev/AIGenerated/RoadmapSkills/src/Modules/Users/DeventSoft.RoadmapSkills.Users.Api/DeventSoft.RoadmapSkills.Users.Api.csproj" (target "ResolveLockFileReferences" depends on it):
   7:6>Done building target "AddTransitiveFrameworkReferences" in project "DeventSoft.RoadmapSkills.Users.Api.csproj".
   2:6>ResolveAssemblyReferences:
             Resolved file path is "/Users/dacanetdev/.nuget/packages/microsoft.netcore.app.ref/8.0.13/ref/net8.0/System.Runtime.CompilerServices.VisualC.dll".
             Reference found at search path location "{RawFileName}".
   6:6>ResolveAssemblyReferences:
             /Users/dacanetdev/.nuget/packages/microsoft.netcore.app.ref/8.0.13/ref/net8.0/Microsoft.Win32.Registry.dll
   7:6>Target "ResolveLockFileReferences" in file "/usr/local/share/dotnet/sdk/9.0.200/Sdks/Microsoft.NET.Sdk/targets/Microsoft.PackageDependencyResolution.targets" from project "/Users/dacanetdev/Dev/AIGenerated/RoadmapSkills/src/Modules/Users/DeventSoft.RoadmapSkills.Users.Api/DeventSoft.RoadmapSkills.Users.Api.csproj" (target "ResolvePackageDependenciesForBuild" depends on it):
   7:6>Using "JoinItems" task from assembly "/usr/local/share/dotnet/sdk/9.0.200/Sdks/Microsoft.NET.Sdk/targets/../tools/net9.0/Microsoft.NET.Build.Tasks.dll".
   2:6>ResolveAssemblyReferences:
             This reference is not "CopyLocal" because at least one source item had "Private" set to "false" and no source items had "Private" set to "true".
   5:6>ResolveAssemblyReferences:
             Reference found at search path location "{RawFileName}".
   6:6>ResolveAssemblyReferences:
                 Private = 'false'
   7:6>Task "JoinItems"
   2:6>ResolveAssemblyReferences:
             The ImageRuntimeVersion for this reference is "".
   6:6>ResolveAssemblyReferences:
             /Users/dacanetdev/.nuget/packages/microsoft.netcore.app.ref/8.0.13/ref/net8.0/System.AppContext.dll
   7:6>Done executing task "JoinItems".
   5:6>ResolveAssemblyReferences:
             This reference is not "CopyLocal" because at least one source item had "Private" set to "false" and no source items had "Private" set to "true".
   2:6>ResolveAssemblyReferences:
         Primary reference "System.Runtime.Extensions, Version=8.0.0.0, Culture=neutral, PublicKeyToken=b03f5f7f11d50a3a".
   6:6>ResolveAssemblyReferences:
                 Private = 'false'
   7:6>Done building target "ResolveLockFileReferences" in project "DeventSoft.RoadmapSkills.Users.Api.csproj".
       Target "ResolvePackageAssets" skipped. Previously built successfully.
   6:6>ResolveAssemblyReferences:
             /Users/dacanetdev/.nuget/packages/microsoft.netcore.app.ref/8.0.13/ref/net8.0/System.Buffers.dll
   5:6>ResolveAssemblyReferences:
             The ImageRuntimeVersion for this reference is "".
   6:6>ResolveAssemblyReferences:
                 Private = 'false'
   2:6>ResolveAssemblyReferences:
             Resolved file path is "/Users/dacanetdev/.nuget/packages/microsoft.netcore.app.ref/8.0.13/ref/net8.0/System.Runtime.Extensions.dll".
   7:6>Target "ResolveLockFileAnalyzers" in file "/usr/local/share/dotnet/sdk/9.0.200/Sdks/Microsoft.NET.Sdk/targets/Microsoft.PackageDependencyResolution.targets" from project "/Users/dacanetdev/Dev/AIGenerated/RoadmapSkills/src/Modules/Users/DeventSoft.RoadmapSkills.Users.Api/DeventSoft.RoadmapSkills.Users.Api.csproj" (target "ResolvePackageDependenciesForBuild" depends on it):
   7:6>Done building target "ResolveLockFileAnalyzers" in project "DeventSoft.RoadmapSkills.Users.Api.csproj".
   6:6>ResolveAssemblyReferences:
             /Users/dacanetdev/.nuget/packages/microsoft.netcore.app.ref/8.0.13/ref/net8.0/System.Collections.Concurrent.dll
   2:6>ResolveAssemblyReferences:
             Reference found at search path location "{RawFileName}".
   7:6>Target "ResolvePackageAssets" skipped. Previously built successfully.
   6:6>ResolveAssemblyReferences:
                 Private = 'false'
   5:6>ResolveAssemblyReferences:
         Primary reference "System.Runtime.Handles, Version=8.0.0.0, Culture=neutral, PublicKeyToken=b03f5f7f11d50a3a".
   2:6>ResolveAssemblyReferences:
             This reference is not "CopyLocal" because at least one source item had "Private" set to "false" and no source items had "Private" set to "true".
   7:6>Target "RunProduceContentAssets" skipped, due to false condition; ('@(_ContentFilesToPreprocess)' != '' and '$(_CleaningWithoutRebuilding)' != 'true') was evaluated as ('' != '' and '' != 'true').
   6:6>ResolveAssemblyReferences:
             /Users/dacanetdev/.nuget/packages/microsoft.netcore.app.ref/8.0.13/ref/net8.0/System.Collections.Immutable.dll
   2:6>ResolveAssemblyReferences:
             The ImageRuntimeVersion for this reference is "".
   6:6>ResolveAssemblyReferences:
                 Private = 'false'
   7:6>Target "ResolveLockFileCopyLocalFiles" in file "/usr/local/share/dotnet/sdk/9.0.200/Sdks/Microsoft.NET.Sdk/targets/Microsoft.PackageDependencyResolution.targets" from project "/Users/dacanetdev/Dev/AIGenerated/RoadmapSkills/src/Modules/Users/DeventSoft.RoadmapSkills.Users.Api/DeventSoft.RoadmapSkills.Users.Api.csproj" (target "ResolvePackageDependenciesForBuild" depends on it):
   7:6>Done building target "ResolveLockFileCopyLocalFiles" in project "DeventSoft.RoadmapSkills.Users.Api.csproj".
   2:6>ResolveAssemblyReferences:
         Primary reference "System.Runtime.Handles, Version=8.0.0.0, Culture=neutral, PublicKeyToken=b03f5f7f11d50a3a".
   6:6>ResolveAssemblyReferences:
             /Users/dacanetdev/.nuget/packages/microsoft.netcore.app.ref/8.0.13/ref/net8.0/System.Collections.NonGeneric.dll
   5:6>ResolveAssemblyReferences:
             Resolved file path is "/Users/dacanetdev/.nuget/packages/microsoft.netcore.app.ref/8.0.13/ref/net8.0/System.Runtime.Handles.dll".
   7:6>Target "ResolveRuntimePackAssets" skipped, due to false condition; ('@(RuntimePack)' != '') was evaluated as ('' != '').
   2:6>ResolveAssemblyReferences:
             Resolved file path is "/Users/dacanetdev/.nuget/packages/microsoft.netcore.app.ref/8.0.13/ref/net8.0/System.Runtime.Handles.dll".
   6:6>ResolveAssemblyReferences:
                 Private = 'false'
   7:6>Target "RunProduceContentAssets" skipped, due to false condition; ('@(_ContentFilesToPreprocess)' != '' and '$(_CleaningWithoutRebuilding)' != 'true') was evaluated as ('' != '' and '' != 'true').
   5:6>ResolveAssemblyReferences:
             Reference found at search path location "{RawFileName}".
   6:6>ResolveAssemblyReferences:
             /Users/dacanetdev/.nuget/packages/microsoft.netcore.app.ref/8.0.13/ref/net8.0/System.Collections.Specialized.dll
   2:6>ResolveAssemblyReferences:
             Reference found at search path location "{RawFileName}".
   7:6>Target "ResolvePackageAssets" skipped. Previously built successfully.
   6:6>ResolveAssemblyReferences:
                 Private = 'false'
   2:6>ResolveAssemblyReferences:
             This reference is not "CopyLocal" because at least one source item had "Private" set to "false" and no source items had "Private" set to "true".
   6:6>ResolveAssemblyReferences:
             /Users/dacanetdev/.nuget/packages/microsoft.netcore.app.ref/8.0.13/ref/net8.0/System.Collections.dll
   7:6>Target "IncludeTransitiveProjectReferences" in file "/usr/local/share/dotnet/sdk/9.0.200/Sdks/Microsoft.NET.Sdk/targets/Microsoft.PackageDependencyResolution.targets" from project "/Users/dacanetdev/Dev/AIGenerated/RoadmapSkills/src/Modules/Users/DeventSoft.RoadmapSkills.Users.Api/DeventSoft.RoadmapSkills.Users.Api.csproj" (target "ResolvePackageDependenciesForBuild" depends on it):
   7:6>Done building target "IncludeTransitiveProjectReferences" in project "DeventSoft.RoadmapSkills.Users.Api.csproj".
   2:6>ResolveAssemblyReferences:
             The ImageRuntimeVersion for this reference is "".
   5:6>ResolveAssemblyReferences:
             This reference is not "CopyLocal" because at least one source item had "Private" set to "false" and no source items had "Private" set to "true".
   6:6>ResolveAssemblyReferences:
                 Private = 'false'
             /Users/dacanetdev/.nuget/packages/microsoft.netcore.app.ref/8.0.13/ref/net8.0/System.ComponentModel.Annotations.dll
   5:6>ResolveAssemblyReferences:
             The ImageRuntimeVersion for this reference is "".
   2:6>ResolveAssemblyReferences:
         Primary reference "System.Runtime.InteropServices.JavaScript, Version=8.0.0.0, Culture=neutral, PublicKeyToken=b03f5f7f11d50a3a".
   7:6>Target "ResolvePackageDependenciesForBuild" in file "/usr/local/share/dotnet/sdk/9.0.200/Sdks/Microsoft.NET.Sdk/targets/Microsoft.PackageDependencyResolution.targets" from project "/Users/dacanetdev/Dev/AIGenerated/RoadmapSkills/src/Modules/Users/DeventSoft.RoadmapSkills.Users.Api/DeventSoft.RoadmapSkills.Users.Api.csproj" (target "AssignProjectConfiguration" depends on it):
   7:6>Done building target "ResolvePackageDependenciesForBuild" in project "DeventSoft.RoadmapSkills.Users.Api.csproj".
   6:6>ResolveAssemblyReferences:
                 Private = 'false'
   5:6>ResolveAssemblyReferences:
         Primary reference "System.Runtime.InteropServices.JavaScript, Version=8.0.0.0, Culture=neutral, PublicKeyToken=b03f5f7f11d50a3a".
   7:6>Target "_System_Text_JsonAnalyzerMultiTargeting" skipped, due to false condition; ('$(SupportsRoslynComponentVersioning)' != 'true') was evaluated as ('true' != 'true').
   6:6>ResolveAssemblyReferences:
             /Users/dacanetdev/.nuget/packages/microsoft.netcore.app.ref/8.0.13/ref/net8.0/System.ComponentModel.DataAnnotations.dll
   2:6>ResolveAssemblyReferences:
             Resolved file path is "/Users/dacanetdev/.nuget/packages/microsoft.netcore.app.ref/8.0.13/ref/net8.0/System.Runtime.InteropServices.JavaScript.dll".
   6:6>ResolveAssemblyReferences:
                 Private = 'false'
   7:6>Target "_System_Text_JsonRemoveAnalyzers" skipped, due to false condition; ('$(DisableSystemTextJsonSourceGenerator)' == 'true') was evaluated as ('' == 'true').
   2:6>ResolveAssemblyReferences:
             Reference found at search path location "{RawFileName}".
   6:6>ResolveAssemblyReferences:
             /Users/dacanetdev/.nuget/packages/microsoft.netcore.app.ref/8.0.13/ref/net8.0/System.ComponentModel.EventBasedAsync.dll
   2:6>ResolveAssemblyReferences:
             This reference is not "CopyLocal" because at least one source item had "Private" set to "false" and no source items had "Private" set to "true".
   6:6>ResolveAssemblyReferences:
                 Private = 'false'
   5:6>ResolveAssemblyReferences:
             Resolved file path is "/Users/dacanetdev/.nuget/packages/microsoft.netcore.app.ref/8.0.13/ref/net8.0/System.Runtime.InteropServices.JavaScript.dll".
   7:6>Target "_Microsoft_Extensions_OptionsAnalyzerMultiTargeting" skipped, due to false condition; ('$(SupportsRoslynComponentVersioning)' != 'true') was evaluated as ('true' != 'true').
   6:6>ResolveAssemblyReferences:
             /Users/dacanetdev/.nuget/packages/microsoft.netcore.app.ref/8.0.13/ref/net8.0/System.ComponentModel.Primitives.dll
   7:6>Target "_Microsoft_Extensions_OptionsRemoveAnalyzers" skipped, due to false condition; ('$(DisableMicrosoftExtensionsOptionsSourceGenerator)' == 'true') was evaluated as ('' == 'true').
   2:6>ResolveAssemblyReferences:
             The ImageRuntimeVersion for this reference is "".
   5:6>ResolveAssemblyReferences:
             Reference found at search path location "{RawFileName}".
   6:6>ResolveAssemblyReferences:
                 Private = 'false'
   7:6>Target "_Microsoft_Extensions_Logging_AbstractionsAnalyzerMultiTargeting" skipped, due to false condition; ('$(SupportsRoslynComponentVersioning)' != 'true') was evaluated as ('true' != 'true').
   5:6>ResolveAssemblyReferences:
             This reference is not "CopyLocal" because at least one source item had "Private" set to "false" and no source items had "Private" set to "true".
   2:6>ResolveAssemblyReferences:
         Primary reference "System.Runtime.InteropServices.RuntimeInformation, Version=8.0.0.0, Culture=neutral, PublicKeyToken=b03f5f7f11d50a3a".
   6:6>ResolveAssemblyReferences:
             /Users/dacanetdev/.nuget/packages/microsoft.netcore.app.ref/8.0.13/ref/net8.0/System.ComponentModel.TypeConverter.dll
   7:6>Target "_Microsoft_Extensions_Logging_AbstractionsRemoveAnalyzers" skipped, due to false condition; ('$(DisableMicrosoftExtensionsLoggingSourceGenerator)' == 'true') was evaluated as ('' == 'true').
   5:6>ResolveAssemblyReferences:
             The ImageRuntimeVersion for this reference is "".
   6:6>ResolveAssemblyReferences:
                 Private = 'false'
   2:6>ResolveAssemblyReferences:
             Resolved file path is "/Users/dacanetdev/.nuget/packages/microsoft.netcore.app.ref/8.0.13/ref/net8.0/System.Runtime.InteropServices.RuntimeInformation.dll".
   5:6>ResolveAssemblyReferences:
         Primary reference "System.Runtime.InteropServices.RuntimeInformation, Version=8.0.0.0, Culture=neutral, PublicKeyToken=b03f5f7f11d50a3a".
   7:6>Target "AssignProjectConfiguration" in file "/usr/local/share/dotnet/sdk/9.0.200/Microsoft.Common.CurrentVersion.targets" from project "/Users/dacanetdev/Dev/AIGenerated/RoadmapSkills/src/Modules/Users/DeventSoft.RoadmapSkills.Users.Api/DeventSoft.RoadmapSkills.Users.Api.csproj" (target "ResolveReferences" depends on it):
   7:6>Using "AssignProjectConfiguration" task from assembly "Microsoft.Build.Tasks.Core, Version=15.1.0.0, Culture=neutral, PublicKeyToken=b03f5f7f11d50a3a".
   6:6>ResolveAssemblyReferences:
             /Users/dacanetdev/.nuget/packages/microsoft.netcore.app.ref/8.0.13/ref/net8.0/System.ComponentModel.dll
   2:6>ResolveAssemblyReferences:
             Reference found at search path location "{RawFileName}".
   7:6>Task "AssignProjectConfiguration"
   6:6>ResolveAssemblyReferences:
                 Private = 'false'
   7:6>AssignProjectConfiguration:
         Project reference "../DeventSoft.RoadmapSkills.Users.Infrastructure/DeventSoft.RoadmapSkills.Users.Infrastructure.csproj" has been assigned the "Debug|AnyCPU" configuration.
   5:6>ResolveAssemblyReferences:
             Resolved file path is "/Users/dacanetdev/.nuget/packages/microsoft.netcore.app.ref/8.0.13/ref/net8.0/System.Runtime.InteropServices.RuntimeInformation.dll".
   6:6>ResolveAssemblyReferences:
             /Users/dacanetdev/.nuget/packages/microsoft.netcore.app.ref/8.0.13/ref/net8.0/System.Configuration.dll
   7:6>AssignProjectConfiguration:
         Project reference "../../../Shared/DeventSoft.RoadmapSkills.Shared.Domain/DeventSoft.RoadmapSkills.Shared.Domain.csproj" has not been resolved.
   2:6>ResolveAssemblyReferences:
             This reference is not "CopyLocal" because at least one source item had "Private" set to "false" and no source items had "Private" set to "true".
   6:6>ResolveAssemblyReferences:
                 Private = 'false'
   7:6>AssignProjectConfiguration:
         Project reference "../DeventSoft.RoadmapSkills.Users.Application/DeventSoft.RoadmapSkills.Users.Application.csproj" has been assigned the "Debug|AnyCPU" configuration.
   6:6>ResolveAssemblyReferences:
             /Users/dacanetdev/.nuget/packages/microsoft.netcore.app.ref/8.0.13/ref/net8.0/System.Console.dll
   7:6>AssignProjectConfiguration:
         Project reference "../DeventSoft.RoadmapSkills.Users.Domain/DeventSoft.RoadmapSkills.Users.Domain.csproj" has been assigned the "Debug|AnyCPU" configuration.
   5:6>ResolveAssemblyReferences:
             Reference found at search path location "{RawFileName}".
   6:6>ResolveAssemblyReferences:
                 Private = 'false'
   7:6>Done executing task "AssignProjectConfiguration".
   6:6>ResolveAssemblyReferences:
             /Users/dacanetdev/.nuget/packages/microsoft.netcore.app.ref/8.0.13/ref/net8.0/System.Core.dll
   2:6>ResolveAssemblyReferences:
             The ImageRuntimeVersion for this reference is "".
   6:6>ResolveAssemblyReferences:
                 Private = 'false'
   2:6>ResolveAssemblyReferences:
         Primary reference "System.Runtime.InteropServices, Version=8.0.0.0, Culture=neutral, PublicKeyToken=b03f5f7f11d50a3a".
   5:6>ResolveAssemblyReferences:
             This reference is not "CopyLocal" because at least one source item had "Private" set to "false" and no source items had "Private" set to "true".
   6:6>ResolveAssemblyReferences:
             /Users/dacanetdev/.nuget/packages/microsoft.netcore.app.ref/8.0.13/ref/net8.0/System.Data.Common.dll
   7:6>Done building target "AssignProjectConfiguration" in project "DeventSoft.RoadmapSkills.Users.Api.csproj".
   2:6>ResolveAssemblyReferences:
             Resolved file path is "/Users/dacanetdev/.nuget/packages/microsoft.netcore.app.ref/8.0.13/ref/net8.0/System.Runtime.InteropServices.dll".
   6:6>ResolveAssemblyReferences:
                 Private = 'false'
   5:6>ResolveAssemblyReferences:
             The ImageRuntimeVersion for this reference is "".
   6:6>ResolveAssemblyReferences:
             /Users/dacanetdev/.nuget/packages/microsoft.netcore.app.ref/8.0.13/ref/net8.0/System.Data.DataSetExtensions.dll
   5:6>ResolveAssemblyReferences:
         Primary reference "System.Runtime.InteropServices, Version=8.0.0.0, Culture=neutral, PublicKeyToken=b03f5f7f11d50a3a".
   6:6>ResolveAssemblyReferences:
                 Private = 'false'
   7:6>Target "AssignProjectConfiguration" skipped. Previously built successfully.
   5:6>ResolveAssemblyReferences:
             Resolved file path is "/Users/dacanetdev/.nuget/packages/microsoft.netcore.app.ref/8.0.13/ref/net8.0/System.Runtime.InteropServices.dll".
   2:6>ResolveAssemblyReferences:
             Reference found at search path location "{RawFileName}".
   5:6>ResolveAssemblyReferences:
             Reference found at search path location "{RawFileName}".
   2:6>ResolveAssemblyReferences:
             This reference is not "CopyLocal" because at least one source item had "Private" set to "false" and no source items had "Private" set to "true".
   7:6>Target "_SplitProjectReferencesByFileExistence" in file "/usr/local/share/dotnet/sdk/9.0.200/Microsoft.Common.CurrentVersion.targets" from project "/Users/dacanetdev/Dev/AIGenerated/RoadmapSkills/src/Modules/Users/DeventSoft.RoadmapSkills.Users.Api/DeventSoft.RoadmapSkills.Users.Api.csproj" (target "PrepareProjectReferences" depends on it):
   7:6>Task "ResolveNonMSBuildProjectOutput" skipped, due to false condition; ('$(BuildingInsideVisualStudio)'=='true' and '@(ProjectReferenceWithConfiguration)'!='') was evaluated as (''=='true' and '../DeventSoft.RoadmapSkills.Users.Infrastructure/DeventSoft.RoadmapSkills.Users.Infrastructure.csproj;../DeventSoft.RoadmapSkills.Users.Application/DeventSoft.RoadmapSkills.Users.Application.csproj;../DeventSoft.RoadmapSkills.Users.Domain/DeventSoft.RoadmapSkills.Users.Domain.csproj;...'!='').
   5:6>ResolveAssemblyReferences:
             This reference is not "CopyLocal" because at least one source item had "Private" set to "false" and no source items had "Private" set to "true".
   6:6>ResolveAssemblyReferences:
             /Users/dacanetdev/.nuget/packages/microsoft.netcore.app.ref/8.0.13/ref/net8.0/System.Data.dll
   7:6>Done building target "_SplitProjectReferencesByFileExistence" in project "DeventSoft.RoadmapSkills.Users.Api.csproj".
   2:6>ResolveAssemblyReferences:
             The ImageRuntimeVersion for this reference is "".
   5:6>ResolveAssemblyReferences:
             The ImageRuntimeVersion for this reference is "".
   2:6>ResolveAssemblyReferences:
         Primary reference "System.Runtime.Intrinsics, Version=8.0.0.0, Culture=neutral, PublicKeyToken=cc7b13ffcd2ddd51".
   6:6>ResolveAssemblyReferences:
                 Private = 'false'
   5:6>ResolveAssemblyReferences:
         Primary reference "System.Runtime.Intrinsics, Version=8.0.0.0, Culture=neutral, PublicKeyToken=cc7b13ffcd2ddd51".
   7:6>Target "_AddOutputPathToGlobalPropertiesToRemove" in file "/usr/local/share/dotnet/sdk/9.0.200/Microsoft.Common.CurrentVersion.targets" from project "/Users/dacanetdev/Dev/AIGenerated/RoadmapSkills/src/Modules/Users/DeventSoft.RoadmapSkills.Users.Api/DeventSoft.RoadmapSkills.Users.Api.csproj" (target "_GetProjectReferenceTargetFrameworkProperties" depends on it):
   7:6>Done building target "_AddOutputPathToGlobalPropertiesToRemove" in project "DeventSoft.RoadmapSkills.Users.Api.csproj".
   2:6>ResolveAssemblyReferences:
             Resolved file path is "/Users/dacanetdev/.nuget/packages/microsoft.netcore.app.ref/8.0.13/ref/net8.0/System.Runtime.Intrinsics.dll".
   6:6>ResolveAssemblyReferences:
             /Users/dacanetdev/.nuget/packages/microsoft.netcore.app.ref/8.0.13/ref/net8.0/System.Diagnostics.Contracts.dll
   5:6>ResolveAssemblyReferences:
             Resolved file path is "/Users/dacanetdev/.nuget/packages/microsoft.netcore.app.ref/8.0.13/ref/net8.0/System.Runtime.Intrinsics.dll".
   2:6>ResolveAssemblyReferences:
             Reference found at search path location "{RawFileName}".
   6:6>ResolveAssemblyReferences:
                 Private = 'false'
   5:6>ResolveAssemblyReferences:
             Reference found at search path location "{RawFileName}".
   6:6>ResolveAssemblyReferences:
             /Users/dacanetdev/.nuget/packages/microsoft.netcore.app.ref/8.0.13/ref/net8.0/System.Diagnostics.Debug.dll
   5:6>ResolveAssemblyReferences:
             This reference is not "CopyLocal" because at least one source item had "Private" set to "false" and no source items had "Private" set to "true".
   2:6>ResolveAssemblyReferences:
             This reference is not "CopyLocal" because at least one source item had "Private" set to "false" and no source items had "Private" set to "true".
   7:6>Target "_GetProjectReferenceTargetFrameworkProperties" in file "/usr/local/share/dotnet/sdk/9.0.200/Microsoft.Common.CurrentVersion.targets" from project "/Users/dacanetdev/Dev/AIGenerated/RoadmapSkills/src/Modules/Users/DeventSoft.RoadmapSkills.Users.Api/DeventSoft.RoadmapSkills.Users.Api.csproj" (target "PrepareProjectReferences" depends on it):
   7:6>Task "MSBuild"
   6:6>ResolveAssemblyReferences:
                 Private = 'false'
   5:6>ResolveAssemblyReferences:
             The ImageRuntimeVersion for this reference is "".
   2:6>ResolveAssemblyReferences:
             The ImageRuntimeVersion for this reference is "".
   6:6>ResolveAssemblyReferences:
             /Users/dacanetdev/.nuget/packages/microsoft.netcore.app.ref/8.0.13/ref/net8.0/System.Diagnostics.DiagnosticSource.dll
   7:6>_GetProjectReferenceTargetFrameworkProperties:
         Global Properties:
   5:6>ResolveAssemblyReferences:
         Primary reference "System.Runtime.Loader, Version=8.0.0.0, Culture=neutral, PublicKeyToken=b03f5f7f11d50a3a".
   6:6>ResolveAssemblyReferences:
                 Private = 'false'
   2:6>ResolveAssemblyReferences:
         Primary reference "System.Runtime.Loader, Version=8.0.0.0, Culture=neutral, PublicKeyToken=b03f5f7f11d50a3a".
   7:6>_GetProjectReferenceTargetFrameworkProperties:
           Configuration=Debug
   5:6>ResolveAssemblyReferences:
             Resolved file path is "/Users/dacanetdev/.nuget/packages/microsoft.netcore.app.ref/8.0.13/ref/net8.0/System.Runtime.Loader.dll".
   2:6>ResolveAssemblyReferences:
             Resolved file path is "/Users/dacanetdev/.nuget/packages/microsoft.netcore.app.ref/8.0.13/ref/net8.0/System.Runtime.Loader.dll".
   6:6>ResolveAssemblyReferences:
             /Users/dacanetdev/.nuget/packages/microsoft.netcore.app.ref/8.0.13/ref/net8.0/System.Diagnostics.FileVersionInfo.dll
   7:6>_GetProjectReferenceTargetFrameworkProperties:
           Platform=AnyCPU
   5:6>ResolveAssemblyReferences:
             Reference found at search path location "{RawFileName}".
   2:6>ResolveAssemblyReferences:
             Reference found at search path location "{RawFileName}".
   6:6>ResolveAssemblyReferences:
                 Private = 'false'
   2:6>ResolveAssemblyReferences:
             This reference is not "CopyLocal" because at least one source item had "Private" set to "false" and no source items had "Private" set to "true".
   7:6>_GetProjectReferenceTargetFrameworkProperties:
         Removing Properties:
   5:6>ResolveAssemblyReferences:
             This reference is not "CopyLocal" because at least one source item had "Private" set to "false" and no source items had "Private" set to "true".
   6:6>ResolveAssemblyReferences:
             /Users/dacanetdev/.nuget/packages/microsoft.netcore.app.ref/8.0.13/ref/net8.0/System.Diagnostics.Process.dll
   2:6>ResolveAssemblyReferences:
             The ImageRuntimeVersion for this reference is "".
   5:6>ResolveAssemblyReferences:
             The ImageRuntimeVersion for this reference is "".
   7:6>_GetProjectReferenceTargetFrameworkProperties:
           WebPublishProfileFile
   6:6>ResolveAssemblyReferences:
                 Private = 'false'
   2:6>ResolveAssemblyReferences:
         Primary reference "System.Runtime.Numerics, Version=8.0.0.0, Culture=neutral, PublicKeyToken=b03f5f7f11d50a3a".
   5:6>ResolveAssemblyReferences:
         Primary reference "System.Runtime.Numerics, Version=8.0.0.0, Culture=neutral, PublicKeyToken=b03f5f7f11d50a3a".
   6:6>ResolveAssemblyReferences:
             /Users/dacanetdev/.nuget/packages/microsoft.netcore.app.ref/8.0.13/ref/net8.0/System.Diagnostics.StackTrace.dll
   7:6>_GetProjectReferenceTargetFrameworkProperties:
           TargetFramework
   2:6>ResolveAssemblyReferences:
             Resolved file path is "/Users/dacanetdev/.nuget/packages/microsoft.netcore.app.ref/8.0.13/ref/net8.0/System.Runtime.Numerics.dll".
   5:6>ResolveAssemblyReferences:
             Resolved file path is "/Users/dacanetdev/.nuget/packages/microsoft.netcore.app.ref/8.0.13/ref/net8.0/System.Runtime.Numerics.dll".
   6:6>ResolveAssemblyReferences:
                 Private = 'false'
   7:6>_GetProjectReferenceTargetFrameworkProperties:
           RuntimeIdentifier
   5:6>ResolveAssemblyReferences:
             Reference found at search path location "{RawFileName}".
   2:6>ResolveAssemblyReferences:
             Reference found at search path location "{RawFileName}".
   5:6>ResolveAssemblyReferences:
             This reference is not "CopyLocal" because at least one source item had "Private" set to "false" and no source items had "Private" set to "true".
   6:6>ResolveAssemblyReferences:
             /Users/dacanetdev/.nuget/packages/microsoft.netcore.app.ref/8.0.13/ref/net8.0/System.Diagnostics.TextWriterTraceListener.dll
   2:6>ResolveAssemblyReferences:
             This reference is not "CopyLocal" because at least one source item had "Private" set to "false" and no source items had "Private" set to "true".
   7:6>_GetProjectReferenceTargetFrameworkProperties:
           SelfContained
   5:6>ResolveAssemblyReferences:
             The ImageRuntimeVersion for this reference is "".
   6:6>ResolveAssemblyReferences:
                 Private = 'false'
   2:6>ResolveAssemblyReferences:
             The ImageRuntimeVersion for this reference is "".
   5:6>ResolveAssemblyReferences:
         Primary reference "System.Runtime.Serialization.Formatters, Version=8.0.0.0, Culture=neutral, PublicKeyToken=b03f5f7f11d50a3a".
   6:6>ResolveAssemblyReferences:
             /Users/dacanetdev/.nuget/packages/microsoft.netcore.app.ref/8.0.13/ref/net8.0/System.Diagnostics.Tools.dll
   2:6>ResolveAssemblyReferences:
         Primary reference "System.Runtime.Serialization.Formatters, Version=8.0.0.0, Culture=neutral, PublicKeyToken=b03f5f7f11d50a3a".
   5:6>ResolveAssemblyReferences:
             Resolved file path is "/Users/dacanetdev/.nuget/packages/microsoft.netcore.app.ref/8.0.13/ref/net8.0/System.Runtime.Serialization.Formatters.dll".
   2:6>ResolveAssemblyReferences:
             Resolved file path is "/Users/dacanetdev/.nuget/packages/microsoft.netcore.app.ref/8.0.13/ref/net8.0/System.Runtime.Serialization.Formatters.dll".
   6:6>ResolveAssemblyReferences:
                 Private = 'false'
   5:6>ResolveAssemblyReferences:
             Reference found at search path location "{RawFileName}".
   2:6>ResolveAssemblyReferences:
             Reference found at search path location "{RawFileName}".
   6:6>ResolveAssemblyReferences:
             /Users/dacanetdev/.nuget/packages/microsoft.netcore.app.ref/8.0.13/ref/net8.0/System.Diagnostics.TraceSource.dll
   5:6>ResolveAssemblyReferences:
             This reference is not "CopyLocal" because at least one source item had "Private" set to "false" and no source items had "Private" set to "true".
   2:6>ResolveAssemblyReferences:
             This reference is not "CopyLocal" because at least one source item had "Private" set to "false" and no source items had "Private" set to "true".
   6:6>ResolveAssemblyReferences:
                 Private = 'false'
   5:6>ResolveAssemblyReferences:
             The ImageRuntimeVersion for this reference is "".
   2:6>ResolveAssemblyReferences:
             The ImageRuntimeVersion for this reference is "".
   6:6>ResolveAssemblyReferences:
             /Users/dacanetdev/.nuget/packages/microsoft.netcore.app.ref/8.0.13/ref/net8.0/System.Diagnostics.Tracing.dll
   5:6>ResolveAssemblyReferences:
         Primary reference "System.Runtime.Serialization.Json, Version=8.0.0.0, Culture=neutral, PublicKeyToken=b03f5f7f11d50a3a".
   2:6>ResolveAssemblyReferences:
         Primary reference "System.Runtime.Serialization.Json, Version=8.0.0.0, Culture=neutral, PublicKeyToken=b03f5f7f11d50a3a".
   6:6>ResolveAssemblyReferences:
                 Private = 'false'
   5:6>ResolveAssemblyReferences:
             Resolved file path is "/Users/dacanetdev/.nuget/packages/microsoft.netcore.app.ref/8.0.13/ref/net8.0/System.Runtime.Serialization.Json.dll".
   2:6>ResolveAssemblyReferences:
             Resolved file path is "/Users/dacanetdev/.nuget/packages/microsoft.netcore.app.ref/8.0.13/ref/net8.0/System.Runtime.Serialization.Json.dll".
   6:6>ResolveAssemblyReferences:
             /Users/dacanetdev/.nuget/packages/microsoft.netcore.app.ref/8.0.13/ref/net8.0/System.Drawing.Primitives.dll
   5:6>ResolveAssemblyReferences:
             Reference found at search path location "{RawFileName}".
   2:6>ResolveAssemblyReferences:
             Reference found at search path location "{RawFileName}".
   6:6>ResolveAssemblyReferences:
                 Private = 'false'
   5:6>ResolveAssemblyReferences:
             This reference is not "CopyLocal" because at least one source item had "Private" set to "false" and no source items had "Private" set to "true".
   2:6>ResolveAssemblyReferences:
             This reference is not "CopyLocal" because at least one source item had "Private" set to "false" and no source items had "Private" set to "true".
   6:6>ResolveAssemblyReferences:
             /Users/dacanetdev/.nuget/packages/microsoft.netcore.app.ref/8.0.13/ref/net8.0/System.Drawing.dll
   5:6>ResolveAssemblyReferences:
             The ImageRuntimeVersion for this reference is "".
   2:6>ResolveAssemblyReferences:
             The ImageRuntimeVersion for this reference is "".
   6:6>ResolveAssemblyReferences:
                 Private = 'false'
   5:6>ResolveAssemblyReferences:
         Primary reference "System.Runtime.Serialization.Primitives, Version=8.0.0.0, Culture=neutral, PublicKeyToken=b03f5f7f11d50a3a".
   2:6>ResolveAssemblyReferences:
         Primary reference "System.Runtime.Serialization.Primitives, Version=8.0.0.0, Culture=neutral, PublicKeyToken=b03f5f7f11d50a3a".
   6:6>ResolveAssemblyReferences:
             /Users/dacanetdev/.nuget/packages/microsoft.netcore.app.ref/8.0.13/ref/net8.0/System.Dynamic.Runtime.dll
   5:6>ResolveAssemblyReferences:
             Resolved file path is "/Users/dacanetdev/.nuget/packages/microsoft.netcore.app.ref/8.0.13/ref/net8.0/System.Runtime.Serialization.Primitives.dll".
   2:6>ResolveAssemblyReferences:
             Resolved file path is "/Users/dacanetdev/.nuget/packages/microsoft.netcore.app.ref/8.0.13/ref/net8.0/System.Runtime.Serialization.Primitives.dll".
   6:6>ResolveAssemblyReferences:
                 Private = 'false'
   5:6>ResolveAssemblyReferences:
             Reference found at search path location "{RawFileName}".
   2:6>ResolveAssemblyReferences:
             Reference found at search path location "{RawFileName}".
   6:6>ResolveAssemblyReferences:
             /Users/dacanetdev/.nuget/packages/microsoft.netcore.app.ref/8.0.13/ref/net8.0/System.Formats.Asn1.dll
   5:6>ResolveAssemblyReferences:
             This reference is not "CopyLocal" because at least one source item had "Private" set to "false" and no source items had "Private" set to "true".
   2:6>ResolveAssemblyReferences:
             This reference is not "CopyLocal" because at least one source item had "Private" set to "false" and no source items had "Private" set to "true".
   6:6>ResolveAssemblyReferences:
                 Private = 'false'
   5:6>ResolveAssemblyReferences:
             The ImageRuntimeVersion for this reference is "".
   2:6>ResolveAssemblyReferences:
             The ImageRuntimeVersion for this reference is "".
   6:6>ResolveAssemblyReferences:
             /Users/dacanetdev/.nuget/packages/microsoft.netcore.app.ref/8.0.13/ref/net8.0/System.Formats.Tar.dll
   5:6>ResolveAssemblyReferences:
         Primary reference "System.Runtime.Serialization.Xml, Version=8.0.0.0, Culture=neutral, PublicKeyToken=b03f5f7f11d50a3a".
   2:6>ResolveAssemblyReferences:
         Primary reference "System.Runtime.Serialization.Xml, Version=8.0.0.0, Culture=neutral, PublicKeyToken=b03f5f7f11d50a3a".
   6:6>ResolveAssemblyReferences:
                 Private = 'false'
   5:6>ResolveAssemblyReferences:
             Resolved file path is "/Users/dacanetdev/.nuget/packages/microsoft.netcore.app.ref/8.0.13/ref/net8.0/System.Runtime.Serialization.Xml.dll".
   2:6>ResolveAssemblyReferences:
             Resolved file path is "/Users/dacanetdev/.nuget/packages/microsoft.netcore.app.ref/8.0.13/ref/net8.0/System.Runtime.Serialization.Xml.dll".
   6:6>ResolveAssemblyReferences:
             /Users/dacanetdev/.nuget/packages/microsoft.netcore.app.ref/8.0.13/ref/net8.0/System.Globalization.Calendars.dll
   5:6>ResolveAssemblyReferences:
             Reference found at search path location "{RawFileName}".
   2:6>ResolveAssemblyReferences:
             Reference found at search path location "{RawFileName}".
   6:6>ResolveAssemblyReferences:
                 Private = 'false'
             /Users/dacanetdev/.nuget/packages/microsoft.netcore.app.ref/8.0.13/ref/net8.0/System.Globalization.Extensions.dll
   5:6>ResolveAssemblyReferences:
             This reference is not "CopyLocal" because at least one source item had "Private" set to "false" and no source items had "Private" set to "true".
   6:6>ResolveAssemblyReferences:
                 Private = 'false'
   2:6>ResolveAssemblyReferences:
             This reference is not "CopyLocal" because at least one source item had "Private" set to "false" and no source items had "Private" set to "true".
   5:6>ResolveAssemblyReferences:
             The ImageRuntimeVersion for this reference is "".
   6:6>ResolveAssemblyReferences:
             /Users/dacanetdev/.nuget/packages/microsoft.netcore.app.ref/8.0.13/ref/net8.0/System.Globalization.dll
   5:6>ResolveAssemblyReferences:
         Primary reference "System.Runtime.Serialization, Version=4.0.0.0, Culture=neutral, PublicKeyToken=b77a5c561934e089".
   2:6>ResolveAssemblyReferences:
             The ImageRuntimeVersion for this reference is "".
   6:6>ResolveAssemblyReferences:
                 Private = 'false'
   5:6>ResolveAssemblyReferences:
             Resolved file path is "/Users/dacanetdev/.nuget/packages/microsoft.netcore.app.ref/8.0.13/ref/net8.0/System.Runtime.Serialization.dll".
   6:6>ResolveAssemblyReferences:
             /Users/dacanetdev/.nuget/packages/microsoft.netcore.app.ref/8.0.13/ref/net8.0/System.IO.Compression.Brotli.dll
   2:6>ResolveAssemblyReferences:
         Primary reference "System.Runtime.Serialization, Version=4.0.0.0, Culture=neutral, PublicKeyToken=b77a5c561934e089".
   5:6>ResolveAssemblyReferences:
             Reference found at search path location "{RawFileName}".
   6:6>ResolveAssemblyReferences:
                 Private = 'false'
   2:6>ResolveAssemblyReferences:
             Resolved file path is "/Users/dacanetdev/.nuget/packages/microsoft.netcore.app.ref/8.0.13/ref/net8.0/System.Runtime.Serialization.dll".
   5:6>ResolveAssemblyReferences:
             This reference is not "CopyLocal" because at least one source item had "Private" set to "false" and no source items had "Private" set to "true".
   6:6>ResolveAssemblyReferences:
             /Users/dacanetdev/.nuget/packages/microsoft.netcore.app.ref/8.0.13/ref/net8.0/System.IO.Compression.FileSystem.dll
   5:6>ResolveAssemblyReferences:
             The ImageRuntimeVersion for this reference is "".
   2:6>ResolveAssemblyReferences:
             Reference found at search path location "{RawFileName}".
   6:6>ResolveAssemblyReferences:
                 Private = 'false'
   5:6>ResolveAssemblyReferences:
         Primary reference "System.Runtime, Version=8.0.0.0, Culture=neutral, PublicKeyToken=b03f5f7f11d50a3a".
             Resolved file path is "/Users/dacanetdev/.nuget/packages/microsoft.netcore.app.ref/8.0.13/ref/net8.0/System.Runtime.dll".
   6:6>ResolveAssemblyReferences:
             /Users/dacanetdev/.nuget/packages/microsoft.netcore.app.ref/8.0.13/ref/net8.0/System.IO.Compression.ZipFile.dll
   2:6>ResolveAssemblyReferences:
             This reference is not "CopyLocal" because at least one source item had "Private" set to "false" and no source items had "Private" set to "true".
   5:6>ResolveAssemblyReferences:
             Reference found at search path location "{RawFileName}".
   6:6>ResolveAssemblyReferences:
                 Private = 'false'
   5:6>ResolveAssemblyReferences:
             This reference is not "CopyLocal" because at least one source item had "Private" set to "false" and no source items had "Private" set to "true".
   6:6>ResolveAssemblyReferences:
             /Users/dacanetdev/.nuget/packages/microsoft.netcore.app.ref/8.0.13/ref/net8.0/System.IO.Compression.dll
   2:6>ResolveAssemblyReferences:
             The ImageRuntimeVersion for this reference is "".
   5:6>ResolveAssemblyReferences:
             The ImageRuntimeVersion for this reference is "".
   6:6>ResolveAssemblyReferences:
                 Private = 'false'
   2:6>ResolveAssemblyReferences:
         Primary reference "System.Runtime, Version=8.0.0.0, Culture=neutral, PublicKeyToken=b03f5f7f11d50a3a".
   5:6>ResolveAssemblyReferences:
         Primary reference "System.Security.AccessControl, Version=8.0.0.0, Culture=neutral, PublicKeyToken=b03f5f7f11d50a3a".
   6:6>ResolveAssemblyReferences:
             /Users/dacanetdev/.nuget/packages/microsoft.netcore.app.ref/8.0.13/ref/net8.0/System.IO.FileSystem.AccessControl.dll
   2:6>ResolveAssemblyReferences:
             Resolved file path is "/Users/dacanetdev/.nuget/packages/microsoft.netcore.app.ref/8.0.13/ref/net8.0/System.Runtime.dll".
   5:6>ResolveAssemblyReferences:
             Resolved file path is "/Users/dacanetdev/.nuget/packages/microsoft.netcore.app.ref/8.0.13/ref/net8.0/System.Security.AccessControl.dll".
   6:6>ResolveAssemblyReferences:
                 Private = 'false'
   2:6>ResolveAssemblyReferences:
             Reference found at search path location "{RawFileName}".
   5:6>ResolveAssemblyReferences:
             Reference found at search path location "{RawFileName}".
   6:6>ResolveAssemblyReferences:
             /Users/dacanetdev/.nuget/packages/microsoft.netcore.app.ref/8.0.13/ref/net8.0/System.IO.FileSystem.DriveInfo.dll
   2:6>ResolveAssemblyReferences:
             This reference is not "CopyLocal" because at least one source item had "Private" set to "false" and no source items had "Private" set to "true".
   5:6>ResolveAssemblyReferences:
             This reference is not "CopyLocal" because at least one source item had "Private" set to "false" and no source items had "Private" set to "true".
   6:6>ResolveAssemblyReferences:
                 Private = 'false'
   2:6>ResolveAssemblyReferences:
             The ImageRuntimeVersion for this reference is "".
   5:6>ResolveAssemblyReferences:
             The ImageRuntimeVersion for this reference is "".
   6:6>ResolveAssemblyReferences:
             /Users/dacanetdev/.nuget/packages/microsoft.netcore.app.ref/8.0.13/ref/net8.0/System.IO.FileSystem.Primitives.dll
   2:6>ResolveAssemblyReferences:
         Primary reference "System.Security.AccessControl, Version=8.0.0.0, Culture=neutral, PublicKeyToken=b03f5f7f11d50a3a".
   5:6>ResolveAssemblyReferences:
         Primary reference "System.Security.Claims, Version=8.0.0.0, Culture=neutral, PublicKeyToken=b03f5f7f11d50a3a".
   6:6>ResolveAssemblyReferences:
                 Private = 'false'
   2:6>ResolveAssemblyReferences:
             Resolved file path is "/Users/dacanetdev/.nuget/packages/microsoft.netcore.app.ref/8.0.13/ref/net8.0/System.Security.AccessControl.dll".
   6:6>ResolveAssemblyReferences:
             /Users/dacanetdev/.nuget/packages/microsoft.netcore.app.ref/8.0.13/ref/net8.0/System.IO.FileSystem.Watcher.dll
   5:6>ResolveAssemblyReferences:
             Resolved file path is "/Users/dacanetdev/.nuget/packages/microsoft.netcore.app.ref/8.0.13/ref/net8.0/System.Security.Claims.dll".
   2:6>ResolveAssemblyReferences:
             Reference found at search path location "{RawFileName}".
   5:6>ResolveAssemblyReferences:
             Reference found at search path location "{RawFileName}".
   6:6>ResolveAssemblyReferences:
                 Private = 'false'
   2:6>ResolveAssemblyReferences:
             This reference is not "CopyLocal" because at least one source item had "Private" set to "false" and no source items had "Private" set to "true".
   6:6>ResolveAssemblyReferences:
             /Users/dacanetdev/.nuget/packages/microsoft.netcore.app.ref/8.0.13/ref/net8.0/System.IO.FileSystem.dll
   5:6>ResolveAssemblyReferences:
             This reference is not "CopyLocal" because at least one source item had "Private" set to "false" and no source items had "Private" set to "true".
   6:6>ResolveAssemblyReferences:
                 Private = 'false'
   5:6>ResolveAssemblyReferences:
             The ImageRuntimeVersion for this reference is "".
   2:6>ResolveAssemblyReferences:
             The ImageRuntimeVersion for this reference is "".
   6:6>ResolveAssemblyReferences:
             /Users/dacanetdev/.nuget/packages/microsoft.netcore.app.ref/8.0.13/ref/net8.0/System.IO.IsolatedStorage.dll
   5:6>ResolveAssemblyReferences:
         Primary reference "System.Security.Cryptography.Algorithms, Version=8.0.0.0, Culture=neutral, PublicKeyToken=b03f5f7f11d50a3a".
   2:6>ResolveAssemblyReferences:
         Primary reference "System.Security.Claims, Version=8.0.0.0, Culture=neutral, PublicKeyToken=b03f5f7f11d50a3a".
   6:6>ResolveAssemblyReferences:
                 Private = 'false'
   5:6>ResolveAssemblyReferences:
             Resolved file path is "/Users/dacanetdev/.nuget/packages/microsoft.netcore.app.ref/8.0.13/ref/net8.0/System.Security.Cryptography.Algorithms.dll".
   2:6>ResolveAssemblyReferences:
             Resolved file path is "/Users/dacanetdev/.nuget/packages/microsoft.netcore.app.ref/8.0.13/ref/net8.0/System.Security.Claims.dll".
   6:6>ResolveAssemblyReferences:
             /Users/dacanetdev/.nuget/packages/microsoft.netcore.app.ref/8.0.13/ref/net8.0/System.IO.MemoryMappedFiles.dll
   5:6>ResolveAssemblyReferences:
             Reference found at search path location "{RawFileName}".
   6:6>ResolveAssemblyReferences:
                 Private = 'false'
   5:6>ResolveAssemblyReferences:
             This reference is not "CopyLocal" because at least one source item had "Private" set to "false" and no source items had "Private" set to "true".
   2:6>ResolveAssemblyReferences:
             Reference found at search path location "{RawFileName}".
   6:6>ResolveAssemblyReferences:
             /Users/dacanetdev/.nuget/packages/microsoft.netcore.app.ref/8.0.13/ref/net8.0/System.IO.Pipes.AccessControl.dll
                 Private = 'false'
   5:6>ResolveAssemblyReferences:
             The ImageRuntimeVersion for this reference is "".
   2:6>ResolveAssemblyReferences:
             This reference is not "CopyLocal" because at least one source item had "Private" set to "false" and no source items had "Private" set to "true".
   6:6>ResolveAssemblyReferences:
             /Users/dacanetdev/.nuget/packages/microsoft.netcore.app.ref/8.0.13/ref/net8.0/System.IO.Pipes.dll
   5:6>ResolveAssemblyReferences:
         Primary reference "System.Security.Cryptography.Cng, Version=8.0.0.0, Culture=neutral, PublicKeyToken=b03f5f7f11d50a3a".
   2:6>ResolveAssemblyReferences:
             The ImageRuntimeVersion for this reference is "".
   6:6>ResolveAssemblyReferences:
                 Private = 'false'
             /Users/dacanetdev/.nuget/packages/microsoft.netcore.app.ref/8.0.13/ref/net8.0/System.IO.UnmanagedMemoryStream.dll
   5:6>ResolveAssemblyReferences:
             Resolved file path is "/Users/dacanetdev/.nuget/packages/microsoft.netcore.app.ref/8.0.13/ref/net8.0/System.Security.Cryptography.Cng.dll".
   6:6>ResolveAssemblyReferences:
                 Private = 'false'
   5:6>ResolveAssemblyReferences:
             Reference found at search path location "{RawFileName}".
   6:6>ResolveAssemblyReferences:
             /Users/dacanetdev/.nuget/packages/microsoft.netcore.app.ref/8.0.13/ref/net8.0/System.IO.dll
   2:6>ResolveAssemblyReferences:
         Primary reference "System.Security.Cryptography.Algorithms, Version=8.0.0.0, Culture=neutral, PublicKeyToken=b03f5f7f11d50a3a".
   5:6>ResolveAssemblyReferences:
             This reference is not "CopyLocal" because at least one source item had "Private" set to "false" and no source items had "Private" set to "true".
   2:6>ResolveAssemblyReferences:
             Resolved file path is "/Users/dacanetdev/.nuget/packages/microsoft.netcore.app.ref/8.0.13/ref/net8.0/System.Security.Cryptography.Algorithms.dll".
   5:6>ResolveAssemblyReferences:
             The ImageRuntimeVersion for this reference is "".
   2:6>ResolveAssemblyReferences:
             Reference found at search path location "{RawFileName}".
   6:6>ResolveAssemblyReferences:
                 Private = 'false'
   5:6>ResolveAssemblyReferences:
         Primary reference "System.Security.Cryptography.Csp, Version=8.0.0.0, Culture=neutral, PublicKeyToken=b03f5f7f11d50a3a".
   2:6>ResolveAssemblyReferences:
             This reference is not "CopyLocal" because at least one source item had "Private" set to "false" and no source items had "Private" set to "true".
   5:6>ResolveAssemblyReferences:
             Resolved file path is "/Users/dacanetdev/.nuget/packages/microsoft.netcore.app.ref/8.0.13/ref/net8.0/System.Security.Cryptography.Csp.dll".
   6:6>ResolveAssemblyReferences:
             /Users/dacanetdev/.nuget/packages/microsoft.netcore.app.ref/8.0.13/ref/net8.0/System.Linq.Expressions.dll
   2:6>ResolveAssemblyReferences:
             The ImageRuntimeVersion for this reference is "".
   5:6>ResolveAssemblyReferences:
             Reference found at search path location "{RawFileName}".
   6:6>ResolveAssemblyReferences:
                 Private = 'false'
   2:6>ResolveAssemblyReferences:
         Primary reference "System.Security.Cryptography.Cng, Version=8.0.0.0, Culture=neutral, PublicKeyToken=b03f5f7f11d50a3a".
   5:6>ResolveAssemblyReferences:
             This reference is not "CopyLocal" because at least one source item had "Private" set to "false" and no source items had "Private" set to "true".
   6:6>ResolveAssemblyReferences:
             /Users/dacanetdev/.nuget/packages/microsoft.netcore.app.ref/8.0.13/ref/net8.0/System.Linq.Parallel.dll
   2:6>ResolveAssemblyReferences:
             Resolved file path is "/Users/dacanetdev/.nuget/packages/microsoft.netcore.app.ref/8.0.13/ref/net8.0/System.Security.Cryptography.Cng.dll".
   5:6>ResolveAssemblyReferences:
             The ImageRuntimeVersion for this reference is "".
   6:6>ResolveAssemblyReferences:
                 Private = 'false'
   2:6>ResolveAssemblyReferences:
             Reference found at search path location "{RawFileName}".
   5:6>ResolveAssemblyReferences:
         Primary reference "System.Security.Cryptography.Encoding, Version=8.0.0.0, Culture=neutral, PublicKeyToken=b03f5f7f11d50a3a".
   6:6>ResolveAssemblyReferences:
             /Users/dacanetdev/.nuget/packages/microsoft.netcore.app.ref/8.0.13/ref/net8.0/System.Linq.Queryable.dll
   2:6>ResolveAssemblyReferences:
             This reference is not "CopyLocal" because at least one source item had "Private" set to "false" and no source items had "Private" set to "true".
   6:6>ResolveAssemblyReferences:
                 Private = 'false'
   5:6>ResolveAssemblyReferences:
             Resolved file path is "/Users/dacanetdev/.nuget/packages/microsoft.netcore.app.ref/8.0.13/ref/net8.0/System.Security.Cryptography.Encoding.dll".
   2:6>ResolveAssemblyReferences:
             The ImageRuntimeVersion for this reference is "".
   5:6>ResolveAssemblyReferences:
             Reference found at search path location "{RawFileName}".
   6:6>ResolveAssemblyReferences:
             /Users/dacanetdev/.nuget/packages/microsoft.netcore.app.ref/8.0.13/ref/net8.0/System.Linq.dll
   2:6>ResolveAssemblyReferences:
         Primary reference "System.Security.Cryptography.Csp, Version=8.0.0.0, Culture=neutral, PublicKeyToken=b03f5f7f11d50a3a".
   5:6>ResolveAssemblyReferences:
             This reference is not "CopyLocal" because at least one source item had "Private" set to "false" and no source items had "Private" set to "true".
   6:6>ResolveAssemblyReferences:
                 Private = 'false'
   2:6>ResolveAssemblyReferences:
             Resolved file path is "/Users/dacanetdev/.nuget/packages/microsoft.netcore.app.ref/8.0.13/ref/net8.0/System.Security.Cryptography.Csp.dll".
   6:6>ResolveAssemblyReferences:
             /Users/dacanetdev/.nuget/packages/microsoft.netcore.app.ref/8.0.13/ref/net8.0/System.Memory.dll
   5:6>ResolveAssemblyReferences:
             The ImageRuntimeVersion for this reference is "".
   6:6>ResolveAssemblyReferences:
                 Private = 'false'
   5:6>ResolveAssemblyReferences:
         Primary reference "System.Security.Cryptography.OpenSsl, Version=8.0.0.0, Culture=neutral, PublicKeyToken=b03f5f7f11d50a3a".
   2:6>ResolveAssemblyReferences:
             Reference found at search path location "{RawFileName}".
   6:6>ResolveAssemblyReferences:
             /Users/dacanetdev/.nuget/packages/microsoft.netcore.app.ref/8.0.13/ref/net8.0/System.Net.Http.Json.dll
   5:6>ResolveAssemblyReferences:
             Resolved file path is "/Users/dacanetdev/.nuget/packages/microsoft.netcore.app.ref/8.0.13/ref/net8.0/System.Security.Cryptography.OpenSsl.dll".
   2:6>ResolveAssemblyReferences:
             This reference is not "CopyLocal" because at least one source item had "Private" set to "false" and no source items had "Private" set to "true".
   6:6>ResolveAssemblyReferences:
                 Private = 'false'
   5:6>ResolveAssemblyReferences:
             Reference found at search path location "{RawFileName}".
   2:6>ResolveAssemblyReferences:
             The ImageRuntimeVersion for this reference is "".
   6:6>ResolveAssemblyReferences:
             /Users/dacanetdev/.nuget/packages/microsoft.netcore.app.ref/8.0.13/ref/net8.0/System.Net.Http.dll
   5:6>ResolveAssemblyReferences:
             This reference is not "CopyLocal" because at least one source item had "Private" set to "false" and no source items had "Private" set to "true".
   2:6>ResolveAssemblyReferences:
         Primary reference "System.Security.Cryptography.Encoding, Version=8.0.0.0, Culture=neutral, PublicKeyToken=b03f5f7f11d50a3a".
   6:6>ResolveAssemblyReferences:
                 Private = 'false'
   5:6>ResolveAssemblyReferences:
             The ImageRuntimeVersion for this reference is "".
   2:6>ResolveAssemblyReferences:
             Resolved file path is "/Users/dacanetdev/.nuget/packages/microsoft.netcore.app.ref/8.0.13/ref/net8.0/System.Security.Cryptography.Encoding.dll".
   6:6>ResolveAssemblyReferences:
             /Users/dacanetdev/.nuget/packages/microsoft.netcore.app.ref/8.0.13/ref/net8.0/System.Net.HttpListener.dll
   2:6>ResolveAssemblyReferences:
             Reference found at search path location "{RawFileName}".
   5:6>ResolveAssemblyReferences:
         Primary reference "System.Security.Cryptography.Primitives, Version=8.0.0.0, Culture=neutral, PublicKeyToken=b03f5f7f11d50a3a".
   2:6>ResolveAssemblyReferences:
             This reference is not "CopyLocal" because at least one source item had "Private" set to "false" and no source items had "Private" set to "true".
   6:6>ResolveAssemblyReferences:
                 Private = 'false'
   2:6>ResolveAssemblyReferences:
             The ImageRuntimeVersion for this reference is "".
   5:6>ResolveAssemblyReferences:
             Resolved file path is "/Users/dacanetdev/.nuget/packages/microsoft.netcore.app.ref/8.0.13/ref/net8.0/System.Security.Cryptography.Primitives.dll".
   6:6>ResolveAssemblyReferences:
             /Users/dacanetdev/.nuget/packages/microsoft.netcore.app.ref/8.0.13/ref/net8.0/System.Net.Mail.dll
   2:6>ResolveAssemblyReferences:
         Primary reference "System.Security.Cryptography.OpenSsl, Version=8.0.0.0, Culture=neutral, PublicKeyToken=b03f5f7f11d50a3a".
   5:6>ResolveAssemblyReferences:
             Reference found at search path location "{RawFileName}".
   6:6>ResolveAssemblyReferences:
                 Private = 'false'
   2:6>ResolveAssemblyReferences:
             Resolved file path is "/Users/dacanetdev/.nuget/packages/microsoft.netcore.app.ref/8.0.13/ref/net8.0/System.Security.Cryptography.OpenSsl.dll".
   5:6>ResolveAssemblyReferences:
             This reference is not "CopyLocal" because at least one source item had "Private" set to "false" and no source items had "Private" set to "true".
   6:6>ResolveAssemblyReferences:
             /Users/dacanetdev/.nuget/packages/microsoft.netcore.app.ref/8.0.13/ref/net8.0/System.Net.NameResolution.dll
   2:6>ResolveAssemblyReferences:
             Reference found at search path location "{RawFileName}".
             This reference is not "CopyLocal" because at least one source item had "Private" set to "false" and no source items had "Private" set to "true".
   5:6>ResolveAssemblyReferences:
             The ImageRuntimeVersion for this reference is "".
   2:6>ResolveAssemblyReferences:
             The ImageRuntimeVersion for this reference is "".
   6:6>ResolveAssemblyReferences:
                 Private = 'false'
   2:6>ResolveAssemblyReferences:
         Primary reference "System.Security.Cryptography.Primitives, Version=8.0.0.0, Culture=neutral, PublicKeyToken=b03f5f7f11d50a3a".
   5:6>ResolveAssemblyReferences:
         Primary reference "System.Security.Cryptography.X509Certificates, Version=8.0.0.0, Culture=neutral, PublicKeyToken=b03f5f7f11d50a3a".
   6:6>ResolveAssemblyReferences:
             /Users/dacanetdev/.nuget/packages/microsoft.netcore.app.ref/8.0.13/ref/net8.0/System.Net.NetworkInformation.dll
   2:6>ResolveAssemblyReferences:
             Resolved file path is "/Users/dacanetdev/.nuget/packages/microsoft.netcore.app.ref/8.0.13/ref/net8.0/System.Security.Cryptography.Primitives.dll".
   7:6>Project "/Users/dacanetdev/Dev/AIGenerated/RoadmapSkills/src/Modules/Users/DeventSoft.RoadmapSkills.Users.Api/DeventSoft.RoadmapSkills.Users.Api.csproj" (7:6) is building "/Users/dacanetdev/Dev/AIGenerated/RoadmapSkills/src/Modules/Users/DeventSoft.RoadmapSkills.Users.Application/DeventSoft.RoadmapSkills.Users.Application.csproj" (3:9) on node 7 (GetTargetFrameworks target(s)).
   3:9>Target "GetTargetFrameworks" skipped. Previously built successfully.
   5:6>ResolveAssemblyReferences:
             Resolved file path is "/Users/dacanetdev/.nuget/packages/microsoft.netcore.app.ref/8.0.13/ref/net8.0/System.Security.Cryptography.X509Certificates.dll".
             Reference found at search path location "{RawFileName}".
   3:9>Done Building Project "/Users/dacanetdev/Dev/AIGenerated/RoadmapSkills/src/Modules/Users/DeventSoft.RoadmapSkills.Users.Application/DeventSoft.RoadmapSkills.Users.Application.csproj" (GetTargetFrameworks target(s)).
   6:6>ResolveAssemblyReferences:
                 Private = 'false'
   5:6>ResolveAssemblyReferences:
             This reference is not "CopyLocal" because at least one source item had "Private" set to "false" and no source items had "Private" set to "true".
   2:6>ResolveAssemblyReferences:
             Reference found at search path location "{RawFileName}".
   6:6>ResolveAssemblyReferences:
             /Users/dacanetdev/.nuget/packages/microsoft.netcore.app.ref/8.0.13/ref/net8.0/System.Net.Ping.dll
   2:6>ResolveAssemblyReferences:
             This reference is not "CopyLocal" because at least one source item had "Private" set to "false" and no source items had "Private" set to "true".
   5:6>ResolveAssemblyReferences:
             The ImageRuntimeVersion for this reference is "".
   6:6>ResolveAssemblyReferences:
                 Private = 'false'
   2:6>ResolveAssemblyReferences:
             The ImageRuntimeVersion for this reference is "".
   6:6>ResolveAssemblyReferences:
             /Users/dacanetdev/.nuget/packages/microsoft.netcore.app.ref/8.0.13/ref/net8.0/System.Net.Primitives.dll
   5:6>ResolveAssemblyReferences:
         Primary reference "System.Security.Cryptography, Version=8.0.0.0, Culture=neutral, PublicKeyToken=b03f5f7f11d50a3a".
   2:6>ResolveAssemblyReferences:
         Primary reference "System.Security.Cryptography.X509Certificates, Version=8.0.0.0, Culture=neutral, PublicKeyToken=b03f5f7f11d50a3a".
   6:6>ResolveAssemblyReferences:
                 Private = 'false'
   2:6>ResolveAssemblyReferences:
             Resolved file path is "/Users/dacanetdev/.nuget/packages/microsoft.netcore.app.ref/8.0.13/ref/net8.0/System.Security.Cryptography.X509Certificates.dll".
   5:6>ResolveAssemblyReferences:
             Resolved file path is "/Users/dacanetdev/.nuget/packages/microsoft.netcore.app.ref/8.0.13/ref/net8.0/System.Security.Cryptography.dll".
   2:6>ResolveAssemblyReferences:
             Reference found at search path location "{RawFileName}".
   6:6>ResolveAssemblyReferences:
             /Users/dacanetdev/.nuget/packages/microsoft.netcore.app.ref/8.0.13/ref/net8.0/System.Net.Quic.dll
   2:6>ResolveAssemblyReferences:
             This reference is not "CopyLocal" because at least one source item had "Private" set to "false" and no source items had "Private" set to "true".
   5:6>ResolveAssemblyReferences:
             Reference found at search path location "{RawFileName}".
   2:6>ResolveAssemblyReferences:
             The ImageRuntimeVersion for this reference is "".
   5:6>ResolveAssemblyReferences:
             This reference is not "CopyLocal" because at least one source item had "Private" set to "false" and no source items had "Private" set to "true".
   6:6>ResolveAssemblyReferences:
                 Private = 'false'
   2:6>ResolveAssemblyReferences:
         Primary reference "System.Security.Cryptography, Version=8.0.0.0, Culture=neutral, PublicKeyToken=b03f5f7f11d50a3a".
   5:6>ResolveAssemblyReferences:
             The ImageRuntimeVersion for this reference is "".
   6:6>ResolveAssemblyReferences:
             /Users/dacanetdev/.nuget/packages/microsoft.netcore.app.ref/8.0.13/ref/net8.0/System.Net.Requests.dll
   2:6>ResolveAssemblyReferences:
             Resolved file path is "/Users/dacanetdev/.nuget/packages/microsoft.netcore.app.ref/8.0.13/ref/net8.0/System.Security.Cryptography.dll".
   5:6>ResolveAssemblyReferences:
         Primary reference "System.Security.Principal.Windows, Version=8.0.0.0, Culture=neutral, PublicKeyToken=b03f5f7f11d50a3a".
   9:7>Project "/Users/dacanetdev/Dev/AIGenerated/RoadmapSkills/src/Modules/Users/DeventSoft.RoadmapSkills.Users.Domain/DeventSoft.RoadmapSkills.Users.Domain.csproj" (9:7) is building "/Users/dacanetdev/Dev/AIGenerated/RoadmapSkills/src/Shared/DeventSoft.RoadmapSkills.Shared.Domain/DeventSoft.RoadmapSkills.Shared.Domain.csproj" (10:5) on node 8 (GetTargetFrameworks target(s)).
  10:5>Target "GetTargetFrameworksWithPlatformForSingleTargetFramework" in file "/usr/local/share/dotnet/sdk/9.0.200/Microsoft.Common.CurrentVersion.targets" from project "/Users/dacanetdev/Dev/AIGenerated/RoadmapSkills/src/Shared/DeventSoft.RoadmapSkills.Shared.Domain/DeventSoft.RoadmapSkills.Shared.Domain.csproj" (target "GetTargetFrameworks" depends on it):
  10:5>Using "CombineTargetFrameworkInfoProperties" task from assembly "Microsoft.Build.Tasks.Core, Version=15.1.0.0, Culture=neutral, PublicKeyToken=b03f5f7f11d50a3a".
   6:6>ResolveAssemblyReferences:
                 Private = 'false'
   2:6>ResolveAssemblyReferences:
             Reference found at search path location "{RawFileName}".
   6:6>ResolveAssemblyReferences:
             /Users/dacanetdev/.nuget/packages/microsoft.netcore.app.ref/8.0.13/ref/net8.0/System.Net.Security.dll
   2:6>ResolveAssemblyReferences:
             This reference is not "CopyLocal" because at least one source item had "Private" set to "false" and no source items had "Private" set to "true".
   5:6>ResolveAssemblyReferences:
             Resolved file path is "/Users/dacanetdev/.nuget/packages/microsoft.netcore.app.ref/8.0.13/ref/net8.0/System.Security.Principal.Windows.dll".
   6:6>ResolveAssemblyReferences:
                 Private = 'false'
   2:6>ResolveAssemblyReferences:
             The ImageRuntimeVersion for this reference is "".
   5:6>ResolveAssemblyReferences:
             Reference found at search path location "{RawFileName}".
  10:5>Task "CombineTargetFrameworkInfoProperties"
   6:6>ResolveAssemblyReferences:
             /Users/dacanetdev/.nuget/packages/microsoft.netcore.app.ref/8.0.13/ref/net8.0/System.Net.ServicePoint.dll
   2:6>ResolveAssemblyReferences:
         Primary reference "System.Security.Principal.Windows, Version=8.0.0.0, Culture=neutral, PublicKeyToken=b03f5f7f11d50a3a".
   5:6>ResolveAssemblyReferences:
             This reference is not "CopyLocal" because at least one source item had "Private" set to "false" and no source items had "Private" set to "true".
   6:6>ResolveAssemblyReferences:
                 Private = 'false'
  10:5>Done executing task "CombineTargetFrameworkInfoProperties".
   2:6>ResolveAssemblyReferences:
             Resolved file path is "/Users/dacanetdev/.nuget/packages/microsoft.netcore.app.ref/8.0.13/ref/net8.0/System.Security.Principal.Windows.dll".
   5:6>ResolveAssemblyReferences:
             The ImageRuntimeVersion for this reference is "".
   6:6>ResolveAssemblyReferences:
             /Users/dacanetdev/.nuget/packages/microsoft.netcore.app.ref/8.0.13/ref/net8.0/System.Net.Sockets.dll
   2:6>ResolveAssemblyReferences:
             Reference found at search path location "{RawFileName}".
  10:5>Done building target "GetTargetFrameworksWithPlatformForSingleTargetFramework" in project "DeventSoft.RoadmapSkills.Shared.Domain.csproj".
   6:6>ResolveAssemblyReferences:
                 Private = 'false'
   5:6>ResolveAssemblyReferences:
         Primary reference "System.Security.Principal, Version=8.0.0.0, Culture=neutral, PublicKeyToken=b03f5f7f11d50a3a".
   2:6>ResolveAssemblyReferences:
             This reference is not "CopyLocal" because at least one source item had "Private" set to "false" and no source items had "Private" set to "true".
   6:6>ResolveAssemblyReferences:
             /Users/dacanetdev/.nuget/packages/microsoft.netcore.app.ref/8.0.13/ref/net8.0/System.Net.WebClient.dll
   5:6>ResolveAssemblyReferences:
             Resolved file path is "/Users/dacanetdev/.nuget/packages/microsoft.netcore.app.ref/8.0.13/ref/net8.0/System.Security.Principal.dll".
   2:6>ResolveAssemblyReferences:
             The ImageRuntimeVersion for this reference is "".
   5:6>ResolveAssemblyReferences:
             Reference found at search path location "{RawFileName}".
   6:6>ResolveAssemblyReferences:
                 Private = 'false'
  10:5>Target "GetTargetFrameworks" in file "/usr/local/share/dotnet/sdk/9.0.200/Microsoft.Common.CurrentVersion.targets" from project "/Users/dacanetdev/Dev/AIGenerated/RoadmapSkills/src/Shared/DeventSoft.RoadmapSkills.Shared.Domain/DeventSoft.RoadmapSkills.Shared.Domain.csproj" (entry point):
  10:5>Task "MSBuildInternalMessage" skipped, due to false condition; ('$(IsCrossTargetingBuild)' == 'true') was evaluated as ('' == 'true').
   2:6>ResolveAssemblyReferences:
         Primary reference "System.Security.Principal, Version=8.0.0.0, Culture=neutral, PublicKeyToken=b03f5f7f11d50a3a".
   5:6>ResolveAssemblyReferences:
             This reference is not "CopyLocal" because at least one source item had "Private" set to "false" and no source items had "Private" set to "true".
   2:6>ResolveAssemblyReferences:
             Resolved file path is "/Users/dacanetdev/.nuget/packages/microsoft.netcore.app.ref/8.0.13/ref/net8.0/System.Security.Principal.dll".
   6:6>ResolveAssemblyReferences:
             /Users/dacanetdev/.nuget/packages/microsoft.netcore.app.ref/8.0.13/ref/net8.0/System.Net.WebHeaderCollection.dll
   2:6>ResolveAssemblyReferences:
             Reference found at search path location "{RawFileName}".
   6:6>ResolveAssemblyReferences:
                 Private = 'false'
  10:5>GetTargetFrameworks:
       Using "CombineXmlElements" task from assembly "Microsoft.Build.Tasks.Core, Version=15.1.0.0, Culture=neutral, PublicKeyToken=b03f5f7f11d50a3a".
   2:6>ResolveAssemblyReferences:
             This reference is not "CopyLocal" because at least one source item had "Private" set to "false" and no source items had "Private" set to "true".
   6:6>ResolveAssemblyReferences:
             /Users/dacanetdev/.nuget/packages/microsoft.netcore.app.ref/8.0.13/ref/net8.0/System.Net.WebProxy.dll
   5:6>ResolveAssemblyReferences:
             The ImageRuntimeVersion for this reference is "".
   2:6>ResolveAssemblyReferences:
             The ImageRuntimeVersion for this reference is "".
   6:6>ResolveAssemblyReferences:
                 Private = 'false'
  10:5>Task "CombineXmlElements"
   5:6>ResolveAssemblyReferences:
         Primary reference "System.Security.SecureString, Version=8.0.0.0, Culture=neutral, PublicKeyToken=b03f5f7f11d50a3a".
   2:6>ResolveAssemblyReferences:
         Primary reference "System.Security.SecureString, Version=8.0.0.0, Culture=neutral, PublicKeyToken=b03f5f7f11d50a3a".
   6:6>ResolveAssemblyReferences:
             /Users/dacanetdev/.nuget/packages/microsoft.netcore.app.ref/8.0.13/ref/net8.0/System.Net.WebSockets.Client.dll
  10:5>Done executing task "CombineXmlElements".
   6:6>ResolveAssemblyReferences:
                 Private = 'false'
   2:6>ResolveAssemblyReferences:
             Resolved file path is "/Users/dacanetdev/.nuget/packages/microsoft.netcore.app.ref/8.0.13/ref/net8.0/System.Security.SecureString.dll".
   5:6>ResolveAssemblyReferences:
             Resolved file path is "/Users/dacanetdev/.nuget/packages/microsoft.netcore.app.ref/8.0.13/ref/net8.0/System.Security.SecureString.dll".
  10:5>Done building target "GetTargetFrameworks" in project "DeventSoft.RoadmapSkills.Shared.Domain.csproj".
   6:6>ResolveAssemblyReferences:
             /Users/dacanetdev/.nuget/packages/microsoft.netcore.app.ref/8.0.13/ref/net8.0/System.Net.WebSockets.dll
   2:6>ResolveAssemblyReferences:
             Reference found at search path location "{RawFileName}".
   5:6>ResolveAssemblyReferences:
             Reference found at search path location "{RawFileName}".
  10:5>Done Building Project "/Users/dacanetdev/Dev/AIGenerated/RoadmapSkills/src/Shared/DeventSoft.RoadmapSkills.Shared.Domain/DeventSoft.RoadmapSkills.Shared.Domain.csproj" (GetTargetFrameworks target(s)).
   6:6>ResolveAssemblyReferences:
                 Private = 'false'
   2:6>ResolveAssemblyReferences:
             This reference is not "CopyLocal" because at least one source item had "Private" set to "false" and no source items had "Private" set to "true".
   5:6>ResolveAssemblyReferences:
             This reference is not "CopyLocal" because at least one source item had "Private" set to "false" and no source items had "Private" set to "true".
   6:6>ResolveAssemblyReferences:
             /Users/dacanetdev/.nuget/packages/microsoft.netcore.app.ref/8.0.13/ref/net8.0/System.Net.dll
   2:6>ResolveAssemblyReferences:
             The ImageRuntimeVersion for this reference is "".
   5:6>ResolveAssemblyReferences:
             The ImageRuntimeVersion for this reference is "".
   6:6>ResolveAssemblyReferences:
                 Private = 'false'
   2:6>ResolveAssemblyReferences:
         Primary reference "System.Security, Version=4.0.0.0, Culture=neutral, PublicKeyToken=b03f5f7f11d50a3a".
   5:6>ResolveAssemblyReferences:
         Primary reference "System.Security, Version=4.0.0.0, Culture=neutral, PublicKeyToken=b03f5f7f11d50a3a".
   6:6>ResolveAssemblyReferences:
             /Users/dacanetdev/.nuget/packages/microsoft.netcore.app.ref/8.0.13/ref/net8.0/System.Numerics.Vectors.dll
   2:6>ResolveAssemblyReferences:
             Resolved file path is "/Users/dacanetdev/.nuget/packages/microsoft.netcore.app.ref/8.0.13/ref/net8.0/System.Security.dll".
   5:6>ResolveAssemblyReferences:
             Resolved file path is "/Users/dacanetdev/.nuget/packages/microsoft.netcore.app.ref/8.0.13/ref/net8.0/System.Security.dll".
   2:6>ResolveAssemblyReferences:
             Reference found at search path location "{RawFileName}".
   6:6>ResolveAssemblyReferences:
                 Private = 'false'
   2:6>ResolveAssemblyReferences:
             This reference is not "CopyLocal" because at least one source item had "Private" set to "false" and no source items had "Private" set to "true".
   6:6>ResolveAssemblyReferences:
             /Users/dacanetdev/.nuget/packages/microsoft.netcore.app.ref/8.0.13/ref/net8.0/System.Numerics.dll
   5:6>ResolveAssemblyReferences:
             Reference found at search path location "{RawFileName}".
   2:6>ResolveAssemblyReferences:
             The ImageRuntimeVersion for this reference is "".
   6:6>ResolveAssemblyReferences:
                 Private = 'false'
   5:6>ResolveAssemblyReferences:
             This reference is not "CopyLocal" because at least one source item had "Private" set to "false" and no source items had "Private" set to "true".
   6:6>ResolveAssemblyReferences:
             /Users/dacanetdev/.nuget/packages/microsoft.netcore.app.ref/8.0.13/ref/net8.0/System.ObjectModel.dll
   2:6>ResolveAssemblyReferences:
         Primary reference "System.ServiceModel.Web, Version=4.0.0.0, Culture=neutral, PublicKeyToken=31bf3856ad364e35".
   5:6>ResolveAssemblyReferences:
             The ImageRuntimeVersion for this reference is "".
   6:6>ResolveAssemblyReferences:
                 Private = 'false'
   2:6>ResolveAssemblyReferences:
             Resolved file path is "/Users/dacanetdev/.nuget/packages/microsoft.netcore.app.ref/8.0.13/ref/net8.0/System.ServiceModel.Web.dll".
   5:6>ResolveAssemblyReferences:
         Primary reference "System.ServiceModel.Web, Version=4.0.0.0, Culture=neutral, PublicKeyToken=31bf3856ad364e35".
   2:6>ResolveAssemblyReferences:
             Reference found at search path location "{RawFileName}".
   6:6>ResolveAssemblyReferences:
             /Users/dacanetdev/.nuget/packages/microsoft.netcore.app.ref/8.0.13/ref/net8.0/System.Reflection.DispatchProxy.dll
   5:6>ResolveAssemblyReferences:
             Resolved file path is "/Users/dacanetdev/.nuget/packages/microsoft.netcore.app.ref/8.0.13/ref/net8.0/System.ServiceModel.Web.dll".
   2:6>ResolveAssemblyReferences:
             This reference is not "CopyLocal" because at least one source item had "Private" set to "false" and no source items had "Private" set to "true".
   6:6>ResolveAssemblyReferences:
                 Private = 'false'
   5:6>ResolveAssemblyReferences:
             Reference found at search path location "{RawFileName}".
   2:6>ResolveAssemblyReferences:
             The ImageRuntimeVersion for this reference is "".
   6:6>ResolveAssemblyReferences:
             /Users/dacanetdev/.nuget/packages/microsoft.netcore.app.ref/8.0.13/ref/net8.0/System.Reflection.Emit.ILGeneration.dll
                 Private = 'false'
             /Users/dacanetdev/.nuget/packages/microsoft.netcore.app.ref/8.0.13/ref/net8.0/System.Reflection.Emit.Lightweight.dll
   5:6>ResolveAssemblyReferences:
             This reference is not "CopyLocal" because at least one source item had "Private" set to "false" and no source items had "Private" set to "true".
   6:6>ResolveAssemblyReferences:
                 Private = 'false'
   5:6>ResolveAssemblyReferences:
             The ImageRuntimeVersion for this reference is "".
   2:6>ResolveAssemblyReferences:
         Primary reference "System.ServiceProcess, Version=4.0.0.0, Culture=neutral, PublicKeyToken=b03f5f7f11d50a3a".
   6:6>ResolveAssemblyReferences:
             /Users/dacanetdev/.nuget/packages/microsoft.netcore.app.ref/8.0.13/ref/net8.0/System.Reflection.Emit.dll
   5:6>ResolveAssemblyReferences:
         Primary reference "System.ServiceProcess, Version=4.0.0.0, Culture=neutral, PublicKeyToken=b03f5f7f11d50a3a".
   6:6>ResolveAssemblyReferences:
                 Private = 'false'
   2:6>ResolveAssemblyReferences:
             Resolved file path is "/Users/dacanetdev/.nuget/packages/microsoft.netcore.app.ref/8.0.13/ref/net8.0/System.ServiceProcess.dll".
   5:6>ResolveAssemblyReferences:
             Resolved file path is "/Users/dacanetdev/.nuget/packages/microsoft.netcore.app.ref/8.0.13/ref/net8.0/System.ServiceProcess.dll".
   6:6>ResolveAssemblyReferences:
             /Users/dacanetdev/.nuget/packages/microsoft.netcore.app.ref/8.0.13/ref/net8.0/System.Reflection.Extensions.dll
                 Private = 'false'
   5:6>ResolveAssemblyReferences:
             Reference found at search path location "{RawFileName}".
   2:6>ResolveAssemblyReferences:
             Reference found at search path location "{RawFileName}".
   6:6>ResolveAssemblyReferences:
             /Users/dacanetdev/.nuget/packages/microsoft.netcore.app.ref/8.0.13/ref/net8.0/System.Reflection.Metadata.dll
   5:6>ResolveAssemblyReferences:
             This reference is not "CopyLocal" because at least one source item had "Private" set to "false" and no source items had "Private" set to "true".
   2:6>ResolveAssemblyReferences:
             This reference is not "CopyLocal" because at least one source item had "Private" set to "false" and no source items had "Private" set to "true".
   6:6>ResolveAssemblyReferences:
                 Private = 'false'
   5:6>ResolveAssemblyReferences:
             The ImageRuntimeVersion for this reference is "".
   6:6>ResolveAssemblyReferences:
             /Users/dacanetdev/.nuget/packages/microsoft.netcore.app.ref/8.0.13/ref/net8.0/System.Reflection.Primitives.dll
   2:6>ResolveAssemblyReferences:
             The ImageRuntimeVersion for this reference is "".
   5:6>ResolveAssemblyReferences:
         Primary reference "System.Text.Encoding.CodePages, Version=8.0.0.0, Culture=neutral, PublicKeyToken=b03f5f7f11d50a3a".
   6:6>ResolveAssemblyReferences:
                 Private = 'false'
   2:6>ResolveAssemblyReferences:
         Primary reference "System.Text.Encoding.CodePages, Version=8.0.0.0, Culture=neutral, PublicKeyToken=b03f5f7f11d50a3a".
   6:6>ResolveAssemblyReferences:
             /Users/dacanetdev/.nuget/packages/microsoft.netcore.app.ref/8.0.13/ref/net8.0/System.Reflection.TypeExtensions.dll
   5:6>ResolveAssemblyReferences:
             Resolved file path is "/Users/dacanetdev/.nuget/packages/microsoft.netcore.app.ref/8.0.13/ref/net8.0/System.Text.Encoding.CodePages.dll".
   2:6>ResolveAssemblyReferences:
             Resolved file path is "/Users/dacanetdev/.nuget/packages/microsoft.netcore.app.ref/8.0.13/ref/net8.0/System.Text.Encoding.CodePages.dll".
   6:6>ResolveAssemblyReferences:
                 Private = 'false'
   5:6>ResolveAssemblyReferences:
             Reference found at search path location "{RawFileName}".
   2:6>ResolveAssemblyReferences:
             Reference found at search path location "{RawFileName}".
   6:6>ResolveAssemblyReferences:
             /Users/dacanetdev/.nuget/packages/microsoft.netcore.app.ref/8.0.13/ref/net8.0/System.Reflection.dll
   5:6>ResolveAssemblyReferences:
             This reference is not "CopyLocal" because at least one source item had "Private" set to "false" and no source items had "Private" set to "true".
   6:6>ResolveAssemblyReferences:
                 Private = 'false'
   2:6>ResolveAssemblyReferences:
             This reference is not "CopyLocal" because at least one source item had "Private" set to "false" and no source items had "Private" set to "true".
   5:6>ResolveAssemblyReferences:
             The ImageRuntimeVersion for this reference is "".
   6:6>ResolveAssemblyReferences:
             /Users/dacanetdev/.nuget/packages/microsoft.netcore.app.ref/8.0.13/ref/net8.0/System.Resources.Reader.dll
   2:6>ResolveAssemblyReferences:
             The ImageRuntimeVersion for this reference is "".
   6:6>ResolveAssemblyReferences:
                 Private = 'false'
   5:6>ResolveAssemblyReferences:
         Primary reference "System.Text.Encoding.Extensions, Version=8.0.0.0, Culture=neutral, PublicKeyToken=b03f5f7f11d50a3a".
   2:6>ResolveAssemblyReferences:
         Primary reference "System.Text.Encoding.Extensions, Version=8.0.0.0, Culture=neutral, PublicKeyToken=b03f5f7f11d50a3a".
   6:6>ResolveAssemblyReferences:
             /Users/dacanetdev/.nuget/packages/microsoft.netcore.app.ref/8.0.13/ref/net8.0/System.Resources.ResourceManager.dll
   5:6>ResolveAssemblyReferences:
             Resolved file path is "/Users/dacanetdev/.nuget/packages/microsoft.netcore.app.ref/8.0.13/ref/net8.0/System.Text.Encoding.Extensions.dll".
   2:6>ResolveAssemblyReferences:
             Resolved file path is "/Users/dacanetdev/.nuget/packages/microsoft.netcore.app.ref/8.0.13/ref/net8.0/System.Text.Encoding.Extensions.dll".
   6:6>ResolveAssemblyReferences:
                 Private = 'false'
   7:6>Project "/Users/dacanetdev/Dev/AIGenerated/RoadmapSkills/src/Modules/Users/DeventSoft.RoadmapSkills.Users.Api/DeventSoft.RoadmapSkills.Users.Api.csproj" (7:6) is building "/Users/dacanetdev/Dev/AIGenerated/RoadmapSkills/src/Modules/Users/DeventSoft.RoadmapSkills.Users.Infrastructure/DeventSoft.RoadmapSkills.Users.Infrastructure.csproj" (4:8) on node 2 (GetTargetFrameworks target(s)).
   4:8>Target "NETStandardCompatError_Mono_TextTemplating_net6_0" skipped. Previously built successfully.
   5:6>ResolveAssemblyReferences:
             Reference found at search path location "{RawFileName}".
   2:6>ResolveAssemblyReferences:
             Reference found at search path location "{RawFileName}".
   6:6>ResolveAssemblyReferences:
             /Users/dacanetdev/.nuget/packages/microsoft.netcore.app.ref/8.0.13/ref/net8.0/System.Resources.Writer.dll
   5:6>ResolveAssemblyReferences:
             This reference is not "CopyLocal" because at least one source item had "Private" set to "false" and no source items had "Private" set to "true".
   2:6>ResolveAssemblyReferences:
             This reference is not "CopyLocal" because at least one source item had "Private" set to "false" and no source items had "Private" set to "true".
   6:6>ResolveAssemblyReferences:
                 Private = 'false'
   5:6>ResolveAssemblyReferences:
             The ImageRuntimeVersion for this reference is "".
   4:8>Target "GetTargetFrameworksWithPlatformForSingleTargetFramework" in file "/usr/local/share/dotnet/sdk/9.0.200/Microsoft.Common.CurrentVersion.targets" from project "/Users/dacanetdev/Dev/AIGenerated/RoadmapSkills/src/Modules/Users/DeventSoft.RoadmapSkills.Users.Infrastructure/DeventSoft.RoadmapSkills.Users.Infrastructure.csproj" (target "GetTargetFrameworks" depends on it):
   4:8>Using "CombineTargetFrameworkInfoProperties" task from assembly "Microsoft.Build.Tasks.Core, Version=15.1.0.0, Culture=neutral, PublicKeyToken=b03f5f7f11d50a3a".
   2:6>ResolveAssemblyReferences:
             The ImageRuntimeVersion for this reference is "".
   6:6>ResolveAssemblyReferences:
             /Users/dacanetdev/.nuget/packages/microsoft.netcore.app.ref/8.0.13/ref/net8.0/System.Runtime.CompilerServices.Unsafe.dll
   5:6>ResolveAssemblyReferences:
         Primary reference "System.Text.Encoding, Version=8.0.0.0, Culture=neutral, PublicKeyToken=b03f5f7f11d50a3a".
   2:6>ResolveAssemblyReferences:
         Primary reference "System.Text.Encoding, Version=8.0.0.0, Culture=neutral, PublicKeyToken=b03f5f7f11d50a3a".
   6:6>ResolveAssemblyReferences:
                 Private = 'false'
   4:8>Task "CombineTargetFrameworkInfoProperties"
   5:6>ResolveAssemblyReferences:
             Resolved file path is "/Users/dacanetdev/.nuget/packages/microsoft.netcore.app.ref/8.0.13/ref/net8.0/System.Text.Encoding.dll".
   6:6>ResolveAssemblyReferences:
             /Users/dacanetdev/.nuget/packages/microsoft.netcore.app.ref/8.0.13/ref/net8.0/System.Runtime.CompilerServices.VisualC.dll
   2:6>ResolveAssemblyReferences:
             Resolved file path is "/Users/dacanetdev/.nuget/packages/microsoft.netcore.app.ref/8.0.13/ref/net8.0/System.Text.Encoding.dll".
   6:6>ResolveAssemblyReferences:
                 Private = 'false'
   5:6>ResolveAssemblyReferences:
             Reference found at search path location "{RawFileName}".
   2:6>ResolveAssemblyReferences:
             Reference found at search path location "{RawFileName}".
   6:6>ResolveAssemblyReferences:
             /Users/dacanetdev/.nuget/packages/microsoft.netcore.app.ref/8.0.13/ref/net8.0/System.Runtime.Extensions.dll
   5:6>ResolveAssemblyReferences:
             This reference is not "CopyLocal" because at least one source item had "Private" set to "false" and no source items had "Private" set to "true".
   2:6>ResolveAssemblyReferences:
             This reference is not "CopyLocal" because at least one source item had "Private" set to "false" and no source items had "Private" set to "true".
   6:6>ResolveAssemblyReferences:
                 Private = 'false'
   5:6>ResolveAssemblyReferences:
             The ImageRuntimeVersion for this reference is "".
   6:6>ResolveAssemblyReferences:
             /Users/dacanetdev/.nuget/packages/microsoft.netcore.app.ref/8.0.13/ref/net8.0/System.Runtime.Handles.dll
   5:6>ResolveAssemblyReferences:
         Primary reference "System.Text.Encodings.Web, Version=8.0.0.0, Culture=neutral, PublicKeyToken=cc7b13ffcd2ddd51".
   6:6>ResolveAssemblyReferences:
                 Private = 'false'
   2:6>ResolveAssemblyReferences:
             The ImageRuntimeVersion for this reference is "".
   5:6>ResolveAssemblyReferences:
             Resolved file path is "/Users/dacanetdev/.nuget/packages/microsoft.netcore.app.ref/8.0.13/ref/net8.0/System.Text.Encodings.Web.dll".
   6:6>ResolveAssemblyReferences:
             /Users/dacanetdev/.nuget/packages/microsoft.netcore.app.ref/8.0.13/ref/net8.0/System.Runtime.InteropServices.JavaScript.dll
   5:6>ResolveAssemblyReferences:
             Reference found at search path location "{RawFileName}".
   6:6>ResolveAssemblyReferences:
                 Private = 'false'
   2:6>ResolveAssemblyReferences:
         Primary reference "System.Text.Encodings.Web, Version=8.0.0.0, Culture=neutral, PublicKeyToken=cc7b13ffcd2ddd51".
   5:6>ResolveAssemblyReferences:
             This reference is not "CopyLocal" because at least one source item had "Private" set to "false" and no source items had "Private" set to "true".
   6:6>ResolveAssemblyReferences:
             /Users/dacanetdev/.nuget/packages/microsoft.netcore.app.ref/8.0.13/ref/net8.0/System.Runtime.InteropServices.RuntimeInformation.dll
   2:6>ResolveAssemblyReferences:
             Resolved file path is "/Users/dacanetdev/.nuget/packages/microsoft.netcore.app.ref/8.0.13/ref/net8.0/System.Text.Encodings.Web.dll".
   6:6>ResolveAssemblyReferences:
                 Private = 'false'
   5:6>ResolveAssemblyReferences:
             The ImageRuntimeVersion for this reference is "".
   6:6>ResolveAssemblyReferences:
             /Users/dacanetdev/.nuget/packages/microsoft.netcore.app.ref/8.0.13/ref/net8.0/System.Runtime.InteropServices.dll
   2:6>ResolveAssemblyReferences:
             Reference found at search path location "{RawFileName}".
   5:6>ResolveAssemblyReferences:
         Primary reference "System.Text.Json, Version=8.0.0.0, Culture=neutral, PublicKeyToken=cc7b13ffcd2ddd51".
   6:6>ResolveAssemblyReferences:
                 Private = 'false'
   5:6>ResolveAssemblyReferences:
             Resolved file path is "/Users/dacanetdev/.nuget/packages/microsoft.netcore.app.ref/8.0.13/ref/net8.0/System.Text.Json.dll".
   6:6>ResolveAssemblyReferences:
             /Users/dacanetdev/.nuget/packages/microsoft.netcore.app.ref/8.0.13/ref/net8.0/System.Runtime.Intrinsics.dll
   4:8>Done executing task "CombineTargetFrameworkInfoProperties".
   5:6>ResolveAssemblyReferences:
             Reference found at search path location "{RawFileName}".
   6:6>ResolveAssemblyReferences:
                 Private = 'false'
   2:6>ResolveAssemblyReferences:
             This reference is not "CopyLocal" because at least one source item had "Private" set to "false" and no source items had "Private" set to "true".
   5:6>ResolveAssemblyReferences:
             This reference is not "CopyLocal" because at least one source item had "Private" set to "false" and no source items had "Private" set to "true".
   6:6>ResolveAssemblyReferences:
             /Users/dacanetdev/.nuget/packages/microsoft.netcore.app.ref/8.0.13/ref/net8.0/System.Runtime.Loader.dll
   2:6>ResolveAssemblyReferences:
             The ImageRuntimeVersion for this reference is "".
   6:6>ResolveAssemblyReferences:
                 Private = 'false'
   5:6>ResolveAssemblyReferences:
             The ImageRuntimeVersion for this reference is "".
   2:6>ResolveAssemblyReferences:
         Primary reference "System.Text.Json, Version=8.0.0.0, Culture=neutral, PublicKeyToken=cc7b13ffcd2ddd51".
   6:6>ResolveAssemblyReferences:
             /Users/dacanetdev/.nuget/packages/microsoft.netcore.app.ref/8.0.13/ref/net8.0/System.Runtime.Numerics.dll
   5:6>ResolveAssemblyReferences:
         Primary reference "System.Text.RegularExpressions, Version=8.0.0.0, Culture=neutral, PublicKeyToken=b03f5f7f11d50a3a".
   6:6>ResolveAssemblyReferences:
                 Private = 'false'
   2:6>ResolveAssemblyReferences:
             Resolved file path is "/Users/dacanetdev/.nuget/packages/microsoft.netcore.app.ref/8.0.13/ref/net8.0/System.Text.Json.dll".
   5:6>ResolveAssemblyReferences:
             Resolved file path is "/Users/dacanetdev/.nuget/packages/microsoft.netcore.app.ref/8.0.13/ref/net8.0/System.Text.RegularExpressions.dll".
   6:6>ResolveAssemblyReferences:
             /Users/dacanetdev/.nuget/packages/microsoft.netcore.app.ref/8.0.13/ref/net8.0/System.Runtime.Serialization.Formatters.dll
   2:6>ResolveAssemblyReferences:
             Reference found at search path location "{RawFileName}".
   5:6>ResolveAssemblyReferences:
             Reference found at search path location "{RawFileName}".
   6:6>ResolveAssemblyReferences:
                 Private = 'false'
             /Users/dacanetdev/.nuget/packages/microsoft.netcore.app.ref/8.0.13/ref/net8.0/System.Runtime.Serialization.Json.dll
   5:6>ResolveAssemblyReferences:
             This reference is not "CopyLocal" because at least one source item had "Private" set to "false" and no source items had "Private" set to "true".
   2:6>ResolveAssemblyReferences:
             This reference is not "CopyLocal" because at least one source item had "Private" set to "false" and no source items had "Private" set to "true".
   6:6>ResolveAssemblyReferences:
                 Private = 'false'
   5:6>ResolveAssemblyReferences:
             The ImageRuntimeVersion for this reference is "".
   2:6>ResolveAssemblyReferences:
             The ImageRuntimeVersion for this reference is "".
   6:6>ResolveAssemblyReferences:
             /Users/dacanetdev/.nuget/packages/microsoft.netcore.app.ref/8.0.13/ref/net8.0/System.Runtime.Serialization.Primitives.dll
   5:6>ResolveAssemblyReferences:
         Primary reference "System.Threading.Channels, Version=8.0.0.0, Culture=neutral, PublicKeyToken=cc7b13ffcd2ddd51".
   2:6>ResolveAssemblyReferences:
         Primary reference "System.Text.RegularExpressions, Version=8.0.0.0, Culture=neutral, PublicKeyToken=b03f5f7f11d50a3a".
   6:6>ResolveAssemblyReferences:
                 Private = 'false'
   5:6>ResolveAssemblyReferences:
             Resolved file path is "/Users/dacanetdev/.nuget/packages/microsoft.netcore.app.ref/8.0.13/ref/net8.0/System.Threading.Channels.dll".
   6:6>ResolveAssemblyReferences:
             /Users/dacanetdev/.nuget/packages/microsoft.netcore.app.ref/8.0.13/ref/net8.0/System.Runtime.Serialization.Xml.dll
   2:6>ResolveAssemblyReferences:
             Resolved file path is "/Users/dacanetdev/.nuget/packages/microsoft.netcore.app.ref/8.0.13/ref/net8.0/System.Text.RegularExpressions.dll".
   6:6>ResolveAssemblyReferences:
                 Private = 'false'
   5:6>ResolveAssemblyReferences:
             Reference found at search path location "{RawFileName}".
   2:6>ResolveAssemblyReferences:
             Reference found at search path location "{RawFileName}".
   6:6>ResolveAssemblyReferences:
             /Users/dacanetdev/.nuget/packages/microsoft.netcore.app.ref/8.0.13/ref/net8.0/System.Runtime.Serialization.dll
   5:6>ResolveAssemblyReferences:
             This reference is not "CopyLocal" because at least one source item had "Private" set to "false" and no source items had "Private" set to "true".
   2:6>ResolveAssemblyReferences:
             This reference is not "CopyLocal" because at least one source item had "Private" set to "false" and no source items had "Private" set to "true".
   6:6>ResolveAssemblyReferences:
                 Private = 'false'
   5:6>ResolveAssemblyReferences:
             The ImageRuntimeVersion for this reference is "".
   2:6>ResolveAssemblyReferences:
             The ImageRuntimeVersion for this reference is "".
   6:6>ResolveAssemblyReferences:
             /Users/dacanetdev/.nuget/packages/microsoft.netcore.app.ref/8.0.13/ref/net8.0/System.Runtime.dll
   5:6>ResolveAssemblyReferences:
         Primary reference "System.Threading.Overlapped, Version=8.0.0.0, Culture=neutral, PublicKeyToken=b03f5f7f11d50a3a".
   6:6>ResolveAssemblyReferences:
                 Private = 'false'
   2:6>ResolveAssemblyReferences:
         Primary reference "System.Threading.Channels, Version=8.0.0.0, Culture=neutral, PublicKeyToken=cc7b13ffcd2ddd51".
   5:6>ResolveAssemblyReferences:
             Resolved file path is "/Users/dacanetdev/.nuget/packages/microsoft.netcore.app.ref/8.0.13/ref/net8.0/System.Threading.Overlapped.dll".
   6:6>ResolveAssemblyReferences:
             /Users/dacanetdev/.nuget/packages/microsoft.netcore.app.ref/8.0.13/ref/net8.0/System.Security.AccessControl.dll
   2:6>ResolveAssemblyReferences:
             Resolved file path is "/Users/dacanetdev/.nuget/packages/microsoft.netcore.app.ref/8.0.13/ref/net8.0/System.Threading.Channels.dll".
   6:6>ResolveAssemblyReferences:
                 Private = 'false'
   5:6>ResolveAssemblyReferences:
             Reference found at search path location "{RawFileName}".
   2:6>ResolveAssemblyReferences:
             Reference found at search path location "{RawFileName}".
   6:6>ResolveAssemblyReferences:
             /Users/dacanetdev/.nuget/packages/microsoft.netcore.app.ref/8.0.13/ref/net8.0/System.Security.Claims.dll
   5:6>ResolveAssemblyReferences:
             This reference is not "CopyLocal" because at least one source item had "Private" set to "false" and no source items had "Private" set to "true".
   6:6>ResolveAssemblyReferences:
                 Private = 'false'
   2:6>ResolveAssemblyReferences:
             This reference is not "CopyLocal" because at least one source item had "Private" set to "false" and no source items had "Private" set to "true".
   5:6>ResolveAssemblyReferences:
             The ImageRuntimeVersion for this reference is "".
   6:6>ResolveAssemblyReferences:
             /Users/dacanetdev/.nuget/packages/microsoft.netcore.app.ref/8.0.13/ref/net8.0/System.Security.Cryptography.Algorithms.dll
   2:6>ResolveAssemblyReferences:
             The ImageRuntimeVersion for this reference is "".
   6:6>ResolveAssemblyReferences:
                 Private = 'false'
   2:6>ResolveAssemblyReferences:
         Primary reference "System.Threading.Overlapped, Version=8.0.0.0, Culture=neutral, PublicKeyToken=b03f5f7f11d50a3a".
   6:6>ResolveAssemblyReferences:
             /Users/dacanetdev/.nuget/packages/microsoft.netcore.app.ref/8.0.13/ref/net8.0/System.Security.Cryptography.Cng.dll
   2:6>ResolveAssemblyReferences:
             Resolved file path is "/Users/dacanetdev/.nuget/packages/microsoft.netcore.app.ref/8.0.13/ref/net8.0/System.Threading.Overlapped.dll".
   6:6>ResolveAssemblyReferences:
                 Private = 'false'
   5:6>ResolveAssemblyReferences:
         Primary reference "System.Threading.Tasks.Dataflow, Version=8.0.0.0, Culture=neutral, PublicKeyToken=b03f5f7f11d50a3a".
   6:6>ResolveAssemblyReferences:
             /Users/dacanetdev/.nuget/packages/microsoft.netcore.app.ref/8.0.13/ref/net8.0/System.Security.Cryptography.Csp.dll
   2:6>ResolveAssemblyReferences:
             Reference found at search path location "{RawFileName}".
   5:6>ResolveAssemblyReferences:
             Resolved file path is "/Users/dacanetdev/.nuget/packages/microsoft.netcore.app.ref/8.0.13/ref/net8.0/System.Threading.Tasks.Dataflow.dll".
   6:6>ResolveAssemblyReferences:
                 Private = 'false'
   2:6>ResolveAssemblyReferences:
             This reference is not "CopyLocal" because at least one source item had "Private" set to "false" and no source items had "Private" set to "true".
   6:6>ResolveAssemblyReferences:
             /Users/dacanetdev/.nuget/packages/microsoft.netcore.app.ref/8.0.13/ref/net8.0/System.Security.Cryptography.Encoding.dll
   5:6>ResolveAssemblyReferences:
             Reference found at search path location "{RawFileName}".
   2:6>ResolveAssemblyReferences:
             The ImageRuntimeVersion for this reference is "".
   6:6>ResolveAssemblyReferences:
                 Private = 'false'
   5:6>ResolveAssemblyReferences:
             This reference is not "CopyLocal" because at least one source item had "Private" set to "false" and no source items had "Private" set to "true".
   2:6>ResolveAssemblyReferences:
         Primary reference "System.Threading.Tasks.Dataflow, Version=8.0.0.0, Culture=neutral, PublicKeyToken=b03f5f7f11d50a3a".
   6:6>ResolveAssemblyReferences:
             /Users/dacanetdev/.nuget/packages/microsoft.netcore.app.ref/8.0.13/ref/net8.0/System.Security.Cryptography.OpenSsl.dll
   5:6>ResolveAssemblyReferences:
             The ImageRuntimeVersion for this reference is "".
   6:6>ResolveAssemblyReferences:
                 Private = 'false'
   2:6>ResolveAssemblyReferences:
             Resolved file path is "/Users/dacanetdev/.nuget/packages/microsoft.netcore.app.ref/8.0.13/ref/net8.0/System.Threading.Tasks.Dataflow.dll".
   5:6>ResolveAssemblyReferences:
         Primary reference "System.Threading.Tasks.Extensions, Version=8.0.0.0, Culture=neutral, PublicKeyToken=cc7b13ffcd2ddd51".
   6:6>ResolveAssemblyReferences:
             /Users/dacanetdev/.nuget/packages/microsoft.netcore.app.ref/8.0.13/ref/net8.0/System.Security.Cryptography.Primitives.dll
   2:6>ResolveAssemblyReferences:
             Reference found at search path location "{RawFileName}".
   5:6>ResolveAssemblyReferences:
             Resolved file path is "/Users/dacanetdev/.nuget/packages/microsoft.netcore.app.ref/8.0.13/ref/net8.0/System.Threading.Tasks.Extensions.dll".
   6:6>ResolveAssemblyReferences:
                 Private = 'false'
   5:6>ResolveAssemblyReferences:
             Reference found at search path location "{RawFileName}".
   2:6>ResolveAssemblyReferences:
             This reference is not "CopyLocal" because at least one source item had "Private" set to "false" and no source items had "Private" set to "true".
   6:6>ResolveAssemblyReferences:
             /Users/dacanetdev/.nuget/packages/microsoft.netcore.app.ref/8.0.13/ref/net8.0/System.Security.Cryptography.X509Certificates.dll
   5:6>ResolveAssemblyReferences:
             This reference is not "CopyLocal" because at least one source item had "Private" set to "false" and no source items had "Private" set to "true".
   6:6>ResolveAssemblyReferences:
                 Private = 'false'
   2:6>ResolveAssemblyReferences:
             The ImageRuntimeVersion for this reference is "".
   5:6>ResolveAssemblyReferences:
             The ImageRuntimeVersion for this reference is "".
   6:6>ResolveAssemblyReferences:
             /Users/dacanetdev/.nuget/packages/microsoft.netcore.app.ref/8.0.13/ref/net8.0/System.Security.Cryptography.dll
   2:6>ResolveAssemblyReferences:
         Primary reference "System.Threading.Tasks.Extensions, Version=8.0.0.0, Culture=neutral, PublicKeyToken=cc7b13ffcd2ddd51".
   6:6>ResolveAssemblyReferences:
                 Private = 'false'
   5:6>ResolveAssemblyReferences:
         Primary reference "System.Threading.Tasks.Parallel, Version=8.0.0.0, Culture=neutral, PublicKeyToken=b03f5f7f11d50a3a".
   2:6>ResolveAssemblyReferences:
             Resolved file path is "/Users/dacanetdev/.nuget/packages/microsoft.netcore.app.ref/8.0.13/ref/net8.0/System.Threading.Tasks.Extensions.dll".
   6:6>ResolveAssemblyReferences:
             /Users/dacanetdev/.nuget/packages/microsoft.netcore.app.ref/8.0.13/ref/net8.0/System.Security.Principal.Windows.dll
   5:6>ResolveAssemblyReferences:
             Resolved file path is "/Users/dacanetdev/.nuget/packages/microsoft.netcore.app.ref/8.0.13/ref/net8.0/System.Threading.Tasks.Parallel.dll".
   6:6>ResolveAssemblyReferences:
                 Private = 'false'
   2:6>ResolveAssemblyReferences:
             Reference found at search path location "{RawFileName}".
   5:6>ResolveAssemblyReferences:
             Reference found at search path location "{RawFileName}".
   6:6>ResolveAssemblyReferences:
             /Users/dacanetdev/.nuget/packages/microsoft.netcore.app.ref/8.0.13/ref/net8.0/System.Security.Principal.dll
   2:6>ResolveAssemblyReferences:
             This reference is not "CopyLocal" because at least one source item had "Private" set to "false" and no source items had "Private" set to "true".
   5:6>ResolveAssemblyReferences:
             This reference is not "CopyLocal" because at least one source item had "Private" set to "false" and no source items had "Private" set to "true".
   6:6>ResolveAssemblyReferences:
                 Private = 'false'
   2:6>ResolveAssemblyReferences:
             The ImageRuntimeVersion for this reference is "".
   5:6>ResolveAssemblyReferences:
             The ImageRuntimeVersion for this reference is "".
   6:6>ResolveAssemblyReferences:
             /Users/dacanetdev/.nuget/packages/microsoft.netcore.app.ref/8.0.13/ref/net8.0/System.Security.SecureString.dll
   5:6>ResolveAssemblyReferences:
         Primary reference "System.Threading.Tasks, Version=8.0.0.0, Culture=neutral, PublicKeyToken=b03f5f7f11d50a3a".
   6:6>ResolveAssemblyReferences:
                 Private = 'false'
   2:6>ResolveAssemblyReferences:
         Primary reference "System.Threading.Tasks.Parallel, Version=8.0.0.0, Culture=neutral, PublicKeyToken=b03f5f7f11d50a3a".
   6:6>ResolveAssemblyReferences:
             /Users/dacanetdev/.nuget/packages/microsoft.netcore.app.ref/8.0.13/ref/net8.0/System.Security.dll
   5:6>ResolveAssemblyReferences:
             Resolved file path is "/Users/dacanetdev/.nuget/packages/microsoft.netcore.app.ref/8.0.13/ref/net8.0/System.Threading.Tasks.dll".
   2:6>ResolveAssemblyReferences:
             Resolved file path is "/Users/dacanetdev/.nuget/packages/microsoft.netcore.app.ref/8.0.13/ref/net8.0/System.Threading.Tasks.Parallel.dll".
   6:6>ResolveAssemblyReferences:
                 Private = 'false'
   5:6>ResolveAssemblyReferences:
             Reference found at search path location "{RawFileName}".
   2:6>ResolveAssemblyReferences:
             Reference found at search path location "{RawFileName}".
   6:6>ResolveAssemblyReferences:
             /Users/dacanetdev/.nuget/packages/microsoft.netcore.app.ref/8.0.13/ref/net8.0/System.ServiceModel.Web.dll
   5:6>ResolveAssemblyReferences:
             This reference is not "CopyLocal" because at least one source item had "Private" set to "false" and no source items had "Private" set to "true".
   2:6>ResolveAssemblyReferences:
             This reference is not "CopyLocal" because at least one source item had "Private" set to "false" and no source items had "Private" set to "true".
   6:6>ResolveAssemblyReferences:
                 Private = 'false'
   5:6>ResolveAssemblyReferences:
             The ImageRuntimeVersion for this reference is "".
   6:6>ResolveAssemblyReferences:
             /Users/dacanetdev/.nuget/packages/microsoft.netcore.app.ref/8.0.13/ref/net8.0/System.ServiceProcess.dll
   5:6>ResolveAssemblyReferences:
         Primary reference "System.Threading.Thread, Version=8.0.0.0, Culture=neutral, PublicKeyToken=b03f5f7f11d50a3a".
   2:6>ResolveAssemblyReferences:
             The ImageRuntimeVersion for this reference is "".
   6:6>ResolveAssemblyReferences:
                 Private = 'false'
   5:6>ResolveAssemblyReferences:
             Resolved file path is "/Users/dacanetdev/.nuget/packages/microsoft.netcore.app.ref/8.0.13/ref/net8.0/System.Threading.Thread.dll".
   2:6>ResolveAssemblyReferences:
         Primary reference "System.Threading.Tasks, Version=8.0.0.0, Culture=neutral, PublicKeyToken=b03f5f7f11d50a3a".
   6:6>ResolveAssemblyReferences:
             /Users/dacanetdev/.nuget/packages/microsoft.netcore.app.ref/8.0.13/ref/net8.0/System.Text.Encoding.CodePages.dll
   5:6>ResolveAssemblyReferences:
             Reference found at search path location "{RawFileName}".
   6:6>ResolveAssemblyReferences:
                 Private = 'false'
   2:6>ResolveAssemblyReferences:
             Resolved file path is "/Users/dacanetdev/.nuget/packages/microsoft.netcore.app.ref/8.0.13/ref/net8.0/System.Threading.Tasks.dll".
   5:6>ResolveAssemblyReferences:
             This reference is not "CopyLocal" because at least one source item had "Private" set to "false" and no source items had "Private" set to "true".
   6:6>ResolveAssemblyReferences:
             /Users/dacanetdev/.nuget/packages/microsoft.netcore.app.ref/8.0.13/ref/net8.0/System.Text.Encoding.Extensions.dll
   5:6>ResolveAssemblyReferences:
             The ImageRuntimeVersion for this reference is "".
   2:6>ResolveAssemblyReferences:
             Reference found at search path location "{RawFileName}".
   6:6>ResolveAssemblyReferences:
                 Private = 'false'
   5:6>ResolveAssemblyReferences:
         Primary reference "System.Threading.ThreadPool, Version=8.0.0.0, Culture=neutral, PublicKeyToken=b03f5f7f11d50a3a".
   2:6>ResolveAssemblyReferences:
             This reference is not "CopyLocal" because at least one source item had "Private" set to "false" and no source items had "Private" set to "true".
   6:6>ResolveAssemblyReferences:
             /Users/dacanetdev/.nuget/packages/microsoft.netcore.app.ref/8.0.13/ref/net8.0/System.Text.Encoding.dll
   5:6>ResolveAssemblyReferences:
             Resolved file path is "/Users/dacanetdev/.nuget/packages/microsoft.netcore.app.ref/8.0.13/ref/net8.0/System.Threading.ThreadPool.dll".
   6:6>ResolveAssemblyReferences:
                 Private = 'false'
   2:6>ResolveAssemblyReferences:
             The ImageRuntimeVersion for this reference is "".
   5:6>ResolveAssemblyReferences:
             Reference found at search path location "{RawFileName}".
   6:6>ResolveAssemblyReferences:
             /Users/dacanetdev/.nuget/packages/microsoft.netcore.app.ref/8.0.13/ref/net8.0/System.Text.Encodings.Web.dll
   2:6>ResolveAssemblyReferences:
         Primary reference "System.Threading.Thread, Version=8.0.0.0, Culture=neutral, PublicKeyToken=b03f5f7f11d50a3a".
   5:6>ResolveAssemblyReferences:
             This reference is not "CopyLocal" because at least one source item had "Private" set to "false" and no source items had "Private" set to "true".
   6:6>ResolveAssemblyReferences:
                 Private = 'false'
   5:6>ResolveAssemblyReferences:
             The ImageRuntimeVersion for this reference is "".
   2:6>ResolveAssemblyReferences:
             Resolved file path is "/Users/dacanetdev/.nuget/packages/microsoft.netcore.app.ref/8.0.13/ref/net8.0/System.Threading.Thread.dll".
   6:6>ResolveAssemblyReferences:
             /Users/dacanetdev/.nuget/packages/microsoft.netcore.app.ref/8.0.13/ref/net8.0/System.Text.Json.dll
   5:6>ResolveAssemblyReferences:
         Primary reference "System.Threading.Timer, Version=8.0.0.0, Culture=neutral, PublicKeyToken=b03f5f7f11d50a3a".
   2:6>ResolveAssemblyReferences:
             Reference found at search path location "{RawFileName}".
   6:6>ResolveAssemblyReferences:
                 Private = 'false'
   5:6>ResolveAssemblyReferences:
             Resolved file path is "/Users/dacanetdev/.nuget/packages/microsoft.netcore.app.ref/8.0.13/ref/net8.0/System.Threading.Timer.dll".
   2:6>ResolveAssemblyReferences:
             This reference is not "CopyLocal" because at least one source item had "Private" set to "false" and no source items had "Private" set to "true".
   5:6>ResolveAssemblyReferences:
             Reference found at search path location "{RawFileName}".
   6:6>ResolveAssemblyReferences:
             /Users/dacanetdev/.nuget/packages/microsoft.netcore.app.ref/8.0.13/ref/net8.0/System.Text.RegularExpressions.dll
   5:6>ResolveAssemblyReferences:
             This reference is not "CopyLocal" because at least one source item had "Private" set to "false" and no source items had "Private" set to "true".
   6:6>ResolveAssemblyReferences:
                 Private = 'false'
   2:6>ResolveAssemblyReferences:
             The ImageRuntimeVersion for this reference is "".
   5:6>ResolveAssemblyReferences:
             The ImageRuntimeVersion for this reference is "".
   6:6>ResolveAssemblyReferences:
             /Users/dacanetdev/.nuget/packages/microsoft.netcore.app.ref/8.0.13/ref/net8.0/System.Threading.Channels.dll
   2:6>ResolveAssemblyReferences:
         Primary reference "System.Threading.ThreadPool, Version=8.0.0.0, Culture=neutral, PublicKeyToken=b03f5f7f11d50a3a".
   5:6>ResolveAssemblyReferences:
         Primary reference "System.Threading, Version=8.0.0.0, Culture=neutral, PublicKeyToken=b03f5f7f11d50a3a".
   6:6>ResolveAssemblyReferences:
                 Private = 'false'
   2:6>ResolveAssemblyReferences:
             Resolved file path is "/Users/dacanetdev/.nuget/packages/microsoft.netcore.app.ref/8.0.13/ref/net8.0/System.Threading.ThreadPool.dll".
   5:6>ResolveAssemblyReferences:
             Resolved file path is "/Users/dacanetdev/.nuget/packages/microsoft.netcore.app.ref/8.0.13/ref/net8.0/System.Threading.dll".
   6:6>ResolveAssemblyReferences:
             /Users/dacanetdev/.nuget/packages/microsoft.netcore.app.ref/8.0.13/ref/net8.0/System.Threading.Overlapped.dll
   2:6>ResolveAssemblyReferences:
             Reference found at search path location "{RawFileName}".
   5:6>ResolveAssemblyReferences:
             Reference found at search path location "{RawFileName}".
   6:6>ResolveAssemblyReferences:
                 Private = 'false'
   5:6>ResolveAssemblyReferences:
             This reference is not "CopyLocal" because at least one source item had "Private" set to "false" and no source items had "Private" set to "true".
   2:6>ResolveAssemblyReferences:
             This reference is not "CopyLocal" because at least one source item had "Private" set to "false" and no source items had "Private" set to "true".
   6:6>ResolveAssemblyReferences:
             /Users/dacanetdev/.nuget/packages/microsoft.netcore.app.ref/8.0.13/ref/net8.0/System.Threading.Tasks.Dataflow.dll
   5:6>ResolveAssemblyReferences:
             The ImageRuntimeVersion for this reference is "".
   2:6>ResolveAssemblyReferences:
             The ImageRuntimeVersion for this reference is "".
   5:6>ResolveAssemblyReferences:
         Primary reference "System.Transactions.Local, Version=8.0.0.0, Culture=neutral, PublicKeyToken=cc7b13ffcd2ddd51".
   2:6>ResolveAssemblyReferences:
         Primary reference "System.Threading.Timer, Version=8.0.0.0, Culture=neutral, PublicKeyToken=b03f5f7f11d50a3a".
   6:6>ResolveAssemblyReferences:
                 Private = 'false'
   5:6>ResolveAssemblyReferences:
             Resolved file path is "/Users/dacanetdev/.nuget/packages/microsoft.netcore.app.ref/8.0.13/ref/net8.0/System.Transactions.Local.dll".
   2:6>ResolveAssemblyReferences:
             Resolved file path is "/Users/dacanetdev/.nuget/packages/microsoft.netcore.app.ref/8.0.13/ref/net8.0/System.Threading.Timer.dll".
   5:6>ResolveAssemblyReferences:
             Reference found at search path location "{RawFileName}".
   6:6>ResolveAssemblyReferences:
             /Users/dacanetdev/.nuget/packages/microsoft.netcore.app.ref/8.0.13/ref/net8.0/System.Threading.Tasks.Extensions.dll
   2:6>ResolveAssemblyReferences:
             Reference found at search path location "{RawFileName}".
   5:6>ResolveAssemblyReferences:
             This reference is not "CopyLocal" because at least one source item had "Private" set to "false" and no source items had "Private" set to "true".
   6:6>ResolveAssemblyReferences:
                 Private = 'false'
   2:6>ResolveAssemblyReferences:
             This reference is not "CopyLocal" because at least one source item had "Private" set to "false" and no source items had "Private" set to "true".
   5:6>ResolveAssemblyReferences:
             The ImageRuntimeVersion for this reference is "".
   6:6>ResolveAssemblyReferences:
             /Users/dacanetdev/.nuget/packages/microsoft.netcore.app.ref/8.0.13/ref/net8.0/System.Threading.Tasks.Parallel.dll
   2:6>ResolveAssemblyReferences:
             The ImageRuntimeVersion for this reference is "".
   5:6>ResolveAssemblyReferences:
         Primary reference "System.Transactions, Version=4.0.0.0, Culture=neutral, PublicKeyToken=b77a5c561934e089".
   6:6>ResolveAssemblyReferences:
                 Private = 'false'
             /Users/dacanetdev/.nuget/packages/microsoft.netcore.app.ref/8.0.13/ref/net8.0/System.Threading.Tasks.dll
   2:6>ResolveAssemblyReferences:
         Primary reference "System.Threading, Version=8.0.0.0, Culture=neutral, PublicKeyToken=b03f5f7f11d50a3a".
   6:6>ResolveAssemblyReferences:
                 Private = 'false'
   5:6>ResolveAssemblyReferences:
             Resolved file path is "/Users/dacanetdev/.nuget/packages/microsoft.netcore.app.ref/8.0.13/ref/net8.0/System.Transactions.dll".
   2:6>ResolveAssemblyReferences:
             Resolved file path is "/Users/dacanetdev/.nuget/packages/microsoft.netcore.app.ref/8.0.13/ref/net8.0/System.Threading.dll".
   6:6>ResolveAssemblyReferences:
             /Users/dacanetdev/.nuget/packages/microsoft.netcore.app.ref/8.0.13/ref/net8.0/System.Threading.Thread.dll
   2:6>ResolveAssemblyReferences:
             Reference found at search path location "{RawFileName}".
   6:6>ResolveAssemblyReferences:
                 Private = 'false'
   2:6>ResolveAssemblyReferences:
             This reference is not "CopyLocal" because at least one source item had "Private" set to "false" and no source items had "Private" set to "true".
   6:6>ResolveAssemblyReferences:
             /Users/dacanetdev/.nuget/packages/microsoft.netcore.app.ref/8.0.13/ref/net8.0/System.Threading.ThreadPool.dll
   5:6>ResolveAssemblyReferences:
             Reference found at search path location "{RawFileName}".
   2:6>ResolveAssemblyReferences:
             The ImageRuntimeVersion for this reference is "".
   6:6>ResolveAssemblyReferences:
                 Private = 'false'
   5:6>ResolveAssemblyReferences:
             This reference is not "CopyLocal" because at least one source item had "Private" set to "false" and no source items had "Private" set to "true".
   6:6>ResolveAssemblyReferences:
             /Users/dacanetdev/.nuget/packages/microsoft.netcore.app.ref/8.0.13/ref/net8.0/System.Threading.Timer.dll
   2:6>ResolveAssemblyReferences:
         Primary reference "System.Transactions.Local, Version=8.0.0.0, Culture=neutral, PublicKeyToken=cc7b13ffcd2ddd51".
   5:6>ResolveAssemblyReferences:
             The ImageRuntimeVersion for this reference is "".
   6:6>ResolveAssemblyReferences:
                 Private = 'false'
   2:6>ResolveAssemblyReferences:
             Resolved file path is "/Users/dacanetdev/.nuget/packages/microsoft.netcore.app.ref/8.0.13/ref/net8.0/System.Transactions.Local.dll".
   6:6>ResolveAssemblyReferences:
             /Users/dacanetdev/.nuget/packages/microsoft.netcore.app.ref/8.0.13/ref/net8.0/System.Threading.dll
   5:6>ResolveAssemblyReferences:
         Primary reference "System.ValueTuple, Version=8.0.0.0, Culture=neutral, PublicKeyToken=cc7b13ffcd2ddd51".
   2:6>ResolveAssemblyReferences:
             Reference found at search path location "{RawFileName}".
   6:6>ResolveAssemblyReferences:
                 Private = 'false'
   5:6>ResolveAssemblyReferences:
             Resolved file path is "/Users/dacanetdev/.nuget/packages/microsoft.netcore.app.ref/8.0.13/ref/net8.0/System.ValueTuple.dll".
   2:6>ResolveAssemblyReferences:
             This reference is not "CopyLocal" because at least one source item had "Private" set to "false" and no source items had "Private" set to "true".
   6:6>ResolveAssemblyReferences:
             /Users/dacanetdev/.nuget/packages/microsoft.netcore.app.ref/8.0.13/ref/net8.0/System.Transactions.Local.dll
                 Private = 'false'
   2:6>ResolveAssemblyReferences:
             The ImageRuntimeVersion for this reference is "".
   5:6>ResolveAssemblyReferences:
             Reference found at search path location "{RawFileName}".
   6:6>ResolveAssemblyReferences:
             /Users/dacanetdev/.nuget/packages/microsoft.netcore.app.ref/8.0.13/ref/net8.0/System.Transactions.dll
   2:6>ResolveAssemblyReferences:
         Primary reference "System.Transactions, Version=4.0.0.0, Culture=neutral, PublicKeyToken=b77a5c561934e089".
   5:6>ResolveAssemblyReferences:
             This reference is not "CopyLocal" because at least one source item had "Private" set to "false" and no source items had "Private" set to "true".
   6:6>ResolveAssemblyReferences:
                 Private = 'false'
   2:6>ResolveAssemblyReferences:
             Resolved file path is "/Users/dacanetdev/.nuget/packages/microsoft.netcore.app.ref/8.0.13/ref/net8.0/System.Transactions.dll".
   5:6>ResolveAssemblyReferences:
             The ImageRuntimeVersion for this reference is "".
   6:6>ResolveAssemblyReferences:
             /Users/dacanetdev/.nuget/packages/microsoft.netcore.app.ref/8.0.13/ref/net8.0/System.ValueTuple.dll
                 Private = 'false'
   2:6>ResolveAssemblyReferences:
             Reference found at search path location "{RawFileName}".
   5:6>ResolveAssemblyReferences:
         Primary reference "System.Web.HttpUtility, Version=8.0.0.0, Culture=neutral, PublicKeyToken=cc7b13ffcd2ddd51".
   2:6>ResolveAssemblyReferences:
             This reference is not "CopyLocal" because at least one source item had "Private" set to "false" and no source items had "Private" set to "true".
   5:6>ResolveAssemblyReferences:
             Resolved file path is "/Users/dacanetdev/.nuget/packages/microsoft.netcore.app.ref/8.0.13/ref/net8.0/System.Web.HttpUtility.dll".
   2:6>ResolveAssemblyReferences:
             The ImageRuntimeVersion for this reference is "".
   6:6>ResolveAssemblyReferences:
             /Users/dacanetdev/.nuget/packages/microsoft.netcore.app.ref/8.0.13/ref/net8.0/System.Web.HttpUtility.dll
   5:6>ResolveAssemblyReferences:
             Reference found at search path location "{RawFileName}".
   2:6>ResolveAssemblyReferences:
         Primary reference "System.ValueTuple, Version=8.0.0.0, Culture=neutral, PublicKeyToken=cc7b13ffcd2ddd51".
   6:6>ResolveAssemblyReferences:
                 Private = 'false'
   5:6>ResolveAssemblyReferences:
             This reference is not "CopyLocal" because at least one source item had "Private" set to "false" and no source items had "Private" set to "true".
             The ImageRuntimeVersion for this reference is "".
   2:6>ResolveAssemblyReferences:
             Resolved file path is "/Users/dacanetdev/.nuget/packages/microsoft.netcore.app.ref/8.0.13/ref/net8.0/System.ValueTuple.dll".
   6:6>ResolveAssemblyReferences:
             /Users/dacanetdev/.nuget/packages/microsoft.netcore.app.ref/8.0.13/ref/net8.0/System.Web.dll
   5:6>ResolveAssemblyReferences:
         Primary reference "System.Web, Version=4.0.0.0, Culture=neutral, PublicKeyToken=b03f5f7f11d50a3a".
   2:6>ResolveAssemblyReferences:
             Reference found at search path location "{RawFileName}".
             This reference is not "CopyLocal" because at least one source item had "Private" set to "false" and no source items had "Private" set to "true".
   6:6>ResolveAssemblyReferences:
                 Private = 'false'
   2:6>ResolveAssemblyReferences:
             The ImageRuntimeVersion for this reference is "".
   5:6>ResolveAssemblyReferences:
             Resolved file path is "/Users/dacanetdev/.nuget/packages/microsoft.netcore.app.ref/8.0.13/ref/net8.0/System.Web.dll".
   6:6>ResolveAssemblyReferences:
             /Users/dacanetdev/.nuget/packages/microsoft.netcore.app.ref/8.0.13/ref/net8.0/System.Windows.dll
   2:6>ResolveAssemblyReferences:
         Primary reference "System.Web.HttpUtility, Version=8.0.0.0, Culture=neutral, PublicKeyToken=cc7b13ffcd2ddd51".
             Resolved file path is "/Users/dacanetdev/.nuget/packages/microsoft.netcore.app.ref/8.0.13/ref/net8.0/System.Web.HttpUtility.dll".
   5:6>ResolveAssemblyReferences:
             Reference found at search path location "{RawFileName}".
   2:6>ResolveAssemblyReferences:
             Reference found at search path location "{RawFileName}".
   6:6>ResolveAssemblyReferences:
                 Private = 'false'
   5:6>ResolveAssemblyReferences:
             This reference is not "CopyLocal" because at least one source item had "Private" set to "false" and no source items had "Private" set to "true".
   2:6>ResolveAssemblyReferences:
             This reference is not "CopyLocal" because at least one source item had "Private" set to "false" and no source items had "Private" set to "true".
   6:6>ResolveAssemblyReferences:
             /Users/dacanetdev/.nuget/packages/microsoft.netcore.app.ref/8.0.13/ref/net8.0/System.Xml.Linq.dll
   5:6>ResolveAssemblyReferences:
             The ImageRuntimeVersion for this reference is "".
   2:6>ResolveAssemblyReferences:
             The ImageRuntimeVersion for this reference is "".
   6:6>ResolveAssemblyReferences:
                 Private = 'false'
   2:6>ResolveAssemblyReferences:
         Primary reference "System.Web, Version=4.0.0.0, Culture=neutral, PublicKeyToken=b03f5f7f11d50a3a".
   5:6>ResolveAssemblyReferences:
         Primary reference "System.Windows, Version=4.0.0.0, Culture=neutral, PublicKeyToken=b03f5f7f11d50a3a".
   6:6>ResolveAssemblyReferences:
             /Users/dacanetdev/.nuget/packages/microsoft.netcore.app.ref/8.0.13/ref/net8.0/System.Xml.ReaderWriter.dll
   2:6>ResolveAssemblyReferences:
             Resolved file path is "/Users/dacanetdev/.nuget/packages/microsoft.netcore.app.ref/8.0.13/ref/net8.0/System.Web.dll".
   6:6>ResolveAssemblyReferences:
                 Private = 'false'
   5:6>ResolveAssemblyReferences:
             Resolved file path is "/Users/dacanetdev/.nuget/packages/microsoft.netcore.app.ref/8.0.13/ref/net8.0/System.Windows.dll".
   2:6>ResolveAssemblyReferences:
             Reference found at search path location "{RawFileName}".
   6:6>ResolveAssemblyReferences:
             /Users/dacanetdev/.nuget/packages/microsoft.netcore.app.ref/8.0.13/ref/net8.0/System.Xml.Serialization.dll
   5:6>ResolveAssemblyReferences:
             Reference found at search path location "{RawFileName}".
   2:6>ResolveAssemblyReferences:
             This reference is not "CopyLocal" because at least one source item had "Private" set to "false" and no source items had "Private" set to "true".
   6:6>ResolveAssemblyReferences:
                 Private = 'false'
   5:6>ResolveAssemblyReferences:
             This reference is not "CopyLocal" because at least one source item had "Private" set to "false" and no source items had "Private" set to "true".
   2:6>ResolveAssemblyReferences:
             The ImageRuntimeVersion for this reference is "".
   6:6>ResolveAssemblyReferences:
             /Users/dacanetdev/.nuget/packages/microsoft.netcore.app.ref/8.0.13/ref/net8.0/System.Xml.XDocument.dll
   5:6>ResolveAssemblyReferences:
             The ImageRuntimeVersion for this reference is "".
   2:6>ResolveAssemblyReferences:
         Primary reference "System.Windows, Version=4.0.0.0, Culture=neutral, PublicKeyToken=b03f5f7f11d50a3a".
   6:6>ResolveAssemblyReferences:
                 Private = 'false'
   5:6>ResolveAssemblyReferences:
         Primary reference "System.Xml.Linq, Version=4.0.0.0, Culture=neutral, PublicKeyToken=b77a5c561934e089".
   6:6>ResolveAssemblyReferences:
             /Users/dacanetdev/.nuget/packages/microsoft.netcore.app.ref/8.0.13/ref/net8.0/System.Xml.XPath.XDocument.dll
   2:6>ResolveAssemblyReferences:
             Resolved file path is "/Users/dacanetdev/.nuget/packages/microsoft.netcore.app.ref/8.0.13/ref/net8.0/System.Windows.dll".
   6:6>ResolveAssemblyReferences:
                 Private = 'false'
   5:6>ResolveAssemblyReferences:
             Resolved file path is "/Users/dacanetdev/.nuget/packages/microsoft.netcore.app.ref/8.0.13/ref/net8.0/System.Xml.Linq.dll".
   2:6>ResolveAssemblyReferences:
             Reference found at search path location "{RawFileName}".
   6:6>ResolveAssemblyReferences:
             /Users/dacanetdev/.nuget/packages/microsoft.netcore.app.ref/8.0.13/ref/net8.0/System.Xml.XPath.dll
   5:6>ResolveAssemblyReferences:
             Reference found at search path location "{RawFileName}".
   2:6>ResolveAssemblyReferences:
             This reference is not "CopyLocal" because at least one source item had "Private" set to "false" and no source items had "Private" set to "true".
   6:6>ResolveAssemblyReferences:
                 Private = 'false'
   5:6>ResolveAssemblyReferences:
             This reference is not "CopyLocal" because at least one source item had "Private" set to "false" and no source items had "Private" set to "true".
   6:6>ResolveAssemblyReferences:
             /Users/dacanetdev/.nuget/packages/microsoft.netcore.app.ref/8.0.13/ref/net8.0/System.Xml.XmlDocument.dll
   2:6>ResolveAssemblyReferences:
             The ImageRuntimeVersion for this reference is "".
   5:6>ResolveAssemblyReferences:
             The ImageRuntimeVersion for this reference is "".
   6:6>ResolveAssemblyReferences:
                 Private = 'false'
   2:6>ResolveAssemblyReferences:
         Primary reference "System.Xml.Linq, Version=4.0.0.0, Culture=neutral, PublicKeyToken=b77a5c561934e089".
   5:6>ResolveAssemblyReferences:
         Primary reference "System.Xml.ReaderWriter, Version=8.0.0.0, Culture=neutral, PublicKeyToken=b03f5f7f11d50a3a".
   6:6>ResolveAssemblyReferences:
             /Users/dacanetdev/.nuget/packages/microsoft.netcore.app.ref/8.0.13/ref/net8.0/System.Xml.XmlSerializer.dll
   2:6>ResolveAssemblyReferences:
             Resolved file path is "/Users/dacanetdev/.nuget/packages/microsoft.netcore.app.ref/8.0.13/ref/net8.0/System.Xml.Linq.dll".
   5:6>ResolveAssemblyReferences:
             Resolved file path is "/Users/dacanetdev/.nuget/packages/microsoft.netcore.app.ref/8.0.13/ref/net8.0/System.Xml.ReaderWriter.dll".
   6:6>ResolveAssemblyReferences:
                 Private = 'false'
   5:6>ResolveAssemblyReferences:
             Reference found at search path location "{RawFileName}".
   6:6>ResolveAssemblyReferences:
             /Users/dacanetdev/.nuget/packages/microsoft.netcore.app.ref/8.0.13/ref/net8.0/System.Xml.dll
   2:6>ResolveAssemblyReferences:
             Reference found at search path location "{RawFileName}".
   6:6>ResolveAssemblyReferences:
                 Private = 'false'
   5:6>ResolveAssemblyReferences:
             This reference is not "CopyLocal" because at least one source item had "Private" set to "false" and no source items had "Private" set to "true".
   2:6>ResolveAssemblyReferences:
             This reference is not "CopyLocal" because at least one source item had "Private" set to "false" and no source items had "Private" set to "true".
   6:6>ResolveAssemblyReferences:
             /Users/dacanetdev/.nuget/packages/microsoft.netcore.app.ref/8.0.13/ref/net8.0/System.dll
   5:6>ResolveAssemblyReferences:
             The ImageRuntimeVersion for this reference is "".
   2:6>ResolveAssemblyReferences:
             The ImageRuntimeVersion for this reference is "".
   6:6>ResolveAssemblyReferences:
                 Private = 'false'
   5:6>ResolveAssemblyReferences:
         Primary reference "System.Xml.Serialization, Version=4.0.0.0, Culture=neutral, PublicKeyToken=b77a5c561934e089".
   2:6>ResolveAssemblyReferences:
         Primary reference "System.Xml.ReaderWriter, Version=8.0.0.0, Culture=neutral, PublicKeyToken=b03f5f7f11d50a3a".
   6:6>ResolveAssemblyReferences:
             /Users/dacanetdev/.nuget/packages/microsoft.netcore.app.ref/8.0.13/ref/net8.0/WindowsBase.dll
   5:6>ResolveAssemblyReferences:
             Resolved file path is "/Users/dacanetdev/.nuget/packages/microsoft.netcore.app.ref/8.0.13/ref/net8.0/System.Xml.Serialization.dll".
   6:6>ResolveAssemblyReferences:
                 Private = 'false'
   2:6>ResolveAssemblyReferences:
             Resolved file path is "/Users/dacanetdev/.nuget/packages/microsoft.netcore.app.ref/8.0.13/ref/net8.0/System.Xml.ReaderWriter.dll".
   6:6>ResolveAssemblyReferences:
             /Users/dacanetdev/.nuget/packages/microsoft.netcore.app.ref/8.0.13/ref/net8.0/mscorlib.dll
   5:6>ResolveAssemblyReferences:
             Reference found at search path location "{RawFileName}".
   2:6>ResolveAssemblyReferences:
             Reference found at search path location "{RawFileName}".
   6:6>ResolveAssemblyReferences:
                 Private = 'false'
   5:6>ResolveAssemblyReferences:
             This reference is not "CopyLocal" because at least one source item had "Private" set to "false" and no source items had "Private" set to "true".
   2:6>ResolveAssemblyReferences:
             This reference is not "CopyLocal" because at least one source item had "Private" set to "false" and no source items had "Private" set to "true".
   6:6>ResolveAssemblyReferences:
             /Users/dacanetdev/.nuget/packages/microsoft.netcore.app.ref/8.0.13/ref/net8.0/netstandard.dll
   5:6>ResolveAssemblyReferences:
             The ImageRuntimeVersion for this reference is "".
   2:6>ResolveAssemblyReferences:
             The ImageRuntimeVersion for this reference is "".
   6:6>ResolveAssemblyReferences:
                 Private = 'false'
   2:6>ResolveAssemblyReferences:
         Primary reference "System.Xml.Serialization, Version=4.0.0.0, Culture=neutral, PublicKeyToken=b77a5c561934e089".
   5:6>ResolveAssemblyReferences:
         Primary reference "System.Xml.XDocument, Version=8.0.0.0, Culture=neutral, PublicKeyToken=b03f5f7f11d50a3a".
   2:6>ResolveAssemblyReferences:
             Resolved file path is "/Users/dacanetdev/.nuget/packages/microsoft.netcore.app.ref/8.0.13/ref/net8.0/System.Xml.Serialization.dll".
   6:6>ResolveAssemblyReferences:
             /Users/dacanetdev/.nuget/packages/microsoft.aspnetcore.app.ref/8.0.13/ref/net8.0/Microsoft.AspNetCore.Antiforgery.dll
   4:8>Done building target "GetTargetFrameworksWithPlatformForSingleTargetFramework" in project "DeventSoft.RoadmapSkills.Users.Infrastructure.csproj".
   2:6>ResolveAssemblyReferences:
             Reference found at search path location "{RawFileName}".
   5:6>ResolveAssemblyReferences:
             Resolved file path is "/Users/dacanetdev/.nuget/packages/microsoft.netcore.app.ref/8.0.13/ref/net8.0/System.Xml.XDocument.dll".
   6:6>ResolveAssemblyReferences:
                 Private = 'false'
   2:6>ResolveAssemblyReferences:
             This reference is not "CopyLocal" because at least one source item had "Private" set to "false" and no source items had "Private" set to "true".
   5:6>ResolveAssemblyReferences:
             Reference found at search path location "{RawFileName}".
   6:6>ResolveAssemblyReferences:
             /Users/dacanetdev/.nuget/packages/microsoft.aspnetcore.app.ref/8.0.13/ref/net8.0/Microsoft.AspNetCore.Authentication.Abstractions.dll
   4:8>Target "GetTargetFrameworks" in file "/usr/local/share/dotnet/sdk/9.0.200/Microsoft.Common.CurrentVersion.targets" from project "/Users/dacanetdev/Dev/AIGenerated/RoadmapSkills/src/Modules/Users/DeventSoft.RoadmapSkills.Users.Infrastructure/DeventSoft.RoadmapSkills.Users.Infrastructure.csproj" (entry point):
   4:8>Task "MSBuildInternalMessage" skipped, due to false condition; ('$(IsCrossTargetingBuild)' == 'true') was evaluated as ('' == 'true').
   5:6>ResolveAssemblyReferences:
             This reference is not "CopyLocal" because at least one source item had "Private" set to "false" and no source items had "Private" set to "true".
   2:6>ResolveAssemblyReferences:
             The ImageRuntimeVersion for this reference is "".
   6:6>ResolveAssemblyReferences:
                 Private = 'false'
   5:6>ResolveAssemblyReferences:
             The ImageRuntimeVersion for this reference is "".
   4:8>GetTargetFrameworks:
       Using "CombineXmlElements" task from assembly "Microsoft.Build.Tasks.Core, Version=15.1.0.0, Culture=neutral, PublicKeyToken=b03f5f7f11d50a3a".
   2:6>ResolveAssemblyReferences:
         Primary reference "System.Xml.XDocument, Version=8.0.0.0, Culture=neutral, PublicKeyToken=b03f5f7f11d50a3a".
   5:6>ResolveAssemblyReferences:
         Primary reference "System.Xml.XPath.XDocument, Version=8.0.0.0, Culture=neutral, PublicKeyToken=b03f5f7f11d50a3a".
   4:8>Task "CombineXmlElements"
   6:6>ResolveAssemblyReferences:
             /Users/dacanetdev/.nuget/packages/microsoft.aspnetcore.app.ref/8.0.13/ref/net8.0/Microsoft.AspNetCore.Authentication.BearerToken.dll
   5:6>ResolveAssemblyReferences:
             Resolved file path is "/Users/dacanetdev/.nuget/packages/microsoft.netcore.app.ref/8.0.13/ref/net8.0/System.Xml.XPath.XDocument.dll".
   4:8>Done executing task "CombineXmlElements".
   6:6>ResolveAssemblyReferences:
                 Private = 'false'
   5:6>ResolveAssemblyReferences:
             Reference found at search path location "{RawFileName}".
   4:8>Done building target "GetTargetFrameworks" in project "DeventSoft.RoadmapSkills.Users.Infrastructure.csproj".
   6:6>ResolveAssemblyReferences:
             /Users/dacanetdev/.nuget/packages/microsoft.aspnetcore.app.ref/8.0.13/ref/net8.0/Microsoft.AspNetCore.Authentication.Cookies.dll
   2:6>ResolveAssemblyReferences:
             Resolved file path is "/Users/dacanetdev/.nuget/packages/microsoft.netcore.app.ref/8.0.13/ref/net8.0/System.Xml.XDocument.dll".
   5:6>ResolveAssemblyReferences:
             This reference is not "CopyLocal" because at least one source item had "Private" set to "false" and no source items had "Private" set to "true".
   4:8>Done Building Project "/Users/dacanetdev/Dev/AIGenerated/RoadmapSkills/src/Modules/Users/DeventSoft.RoadmapSkills.Users.Infrastructure/DeventSoft.RoadmapSkills.Users.Infrastructure.csproj" (GetTargetFrameworks target(s)).
   6:6>ResolveAssemblyReferences:
                 Private = 'false'
   5:6>ResolveAssemblyReferences:
             The ImageRuntimeVersion for this reference is "".
   2:6>ResolveAssemblyReferences:
             Reference found at search path location "{RawFileName}".
   6:6>ResolveAssemblyReferences:
             /Users/dacanetdev/.nuget/packages/microsoft.aspnetcore.app.ref/8.0.13/ref/net8.0/Microsoft.AspNetCore.Authentication.Core.dll
   5:6>ResolveAssemblyReferences:
         Primary reference "System.Xml.XPath, Version=8.0.0.0, Culture=neutral, PublicKeyToken=b03f5f7f11d50a3a".
   2:6>ResolveAssemblyReferences:
             This reference is not "CopyLocal" because at least one source item had "Private" set to "false" and no source items had "Private" set to "true".
   5:6>ResolveAssemblyReferences:
             Resolved file path is "/Users/dacanetdev/.nuget/packages/microsoft.netcore.app.ref/8.0.13/ref/net8.0/System.Xml.XPath.dll".
   6:6>ResolveAssemblyReferences:
                 Private = 'false'
   2:6>ResolveAssemblyReferences:
             The ImageRuntimeVersion for this reference is "".
   5:6>ResolveAssemblyReferences:
             Reference found at search path location "{RawFileName}".
   6:6>ResolveAssemblyReferences:
             /Users/dacanetdev/.nuget/packages/microsoft.aspnetcore.app.ref/8.0.13/ref/net8.0/Microsoft.AspNetCore.Authentication.OAuth.dll
   2:6>ResolveAssemblyReferences:
         Primary reference "System.Xml.XPath.XDocument, Version=8.0.0.0, Culture=neutral, PublicKeyToken=b03f5f7f11d50a3a".
   5:6>ResolveAssemblyReferences:
             This reference is not "CopyLocal" because at least one source item had "Private" set to "false" and no source items had "Private" set to "true".
   6:6>ResolveAssemblyReferences:
                 Private = 'false'
   2:6>ResolveAssemblyReferences:
             Resolved file path is "/Users/dacanetdev/.nuget/packages/microsoft.netcore.app.ref/8.0.13/ref/net8.0/System.Xml.XPath.XDocument.dll".
   5:6>ResolveAssemblyReferences:
             The ImageRuntimeVersion for this reference is "".
   6:6>ResolveAssemblyReferences:
             /Users/dacanetdev/.nuget/packages/microsoft.aspnetcore.app.ref/8.0.13/ref/net8.0/Microsoft.AspNetCore.Authentication.dll
   2:6>ResolveAssemblyReferences:
             Reference found at search path location "{RawFileName}".
   5:6>ResolveAssemblyReferences:
         Primary reference "System.Xml.XmlDocument, Version=8.0.0.0, Culture=neutral, PublicKeyToken=b03f5f7f11d50a3a".
   6:6>ResolveAssemblyReferences:
                 Private = 'false'
   2:6>ResolveAssemblyReferences:
             This reference is not "CopyLocal" because at least one source item had "Private" set to "false" and no source items had "Private" set to "true".
   5:6>ResolveAssemblyReferences:
             Resolved file path is "/Users/dacanetdev/.nuget/packages/microsoft.netcore.app.ref/8.0.13/ref/net8.0/System.Xml.XmlDocument.dll".
   6:6>ResolveAssemblyReferences:
             /Users/dacanetdev/.nuget/packages/microsoft.aspnetcore.app.ref/8.0.13/ref/net8.0/Microsoft.AspNetCore.Authorization.Policy.dll
   2:6>ResolveAssemblyReferences:
             The ImageRuntimeVersion for this reference is "".
   5:6>ResolveAssemblyReferences:
             Reference found at search path location "{RawFileName}".
   2:6>ResolveAssemblyReferences:
         Primary reference "System.Xml.XPath, Version=8.0.0.0, Culture=neutral, PublicKeyToken=b03f5f7f11d50a3a".
   6:6>ResolveAssemblyReferences:
                 Private = 'false'
   5:6>ResolveAssemblyReferences:
             This reference is not "CopyLocal" because at least one source item had "Private" set to "false" and no source items had "Private" set to "true".
   2:6>ResolveAssemblyReferences:
             Resolved file path is "/Users/dacanetdev/.nuget/packages/microsoft.netcore.app.ref/8.0.13/ref/net8.0/System.Xml.XPath.dll".
   6:6>ResolveAssemblyReferences:
             /Users/dacanetdev/.nuget/packages/microsoft.aspnetcore.app.ref/8.0.13/ref/net8.0/Microsoft.AspNetCore.Authorization.dll
   5:6>ResolveAssemblyReferences:
             The ImageRuntimeVersion for this reference is "".
   6:6>ResolveAssemblyReferences:
                 Private = 'false'
   2:6>ResolveAssemblyReferences:
             Reference found at search path location "{RawFileName}".
   5:6>ResolveAssemblyReferences:
         Primary reference "System.Xml.XmlSerializer, Version=8.0.0.0, Culture=neutral, PublicKeyToken=b03f5f7f11d50a3a".
   6:6>ResolveAssemblyReferences:
             /Users/dacanetdev/.nuget/packages/microsoft.aspnetcore.app.ref/8.0.13/ref/net8.0/Microsoft.AspNetCore.Components.Authorization.dll
   5:6>ResolveAssemblyReferences:
             Resolved file path is "/Users/dacanetdev/.nuget/packages/microsoft.netcore.app.ref/8.0.13/ref/net8.0/System.Xml.XmlSerializer.dll".
   6:6>ResolveAssemblyReferences:
                 Private = 'false'
   5:6>ResolveAssemblyReferences:
             Reference found at search path location "{RawFileName}".
   2:6>ResolveAssemblyReferences:
             This reference is not "CopyLocal" because at least one source item had "Private" set to "false" and no source items had "Private" set to "true".
   6:6>ResolveAssemblyReferences:
             /Users/dacanetdev/.nuget/packages/microsoft.aspnetcore.app.ref/8.0.13/ref/net8.0/Microsoft.AspNetCore.Components.Endpoints.dll
   5:6>ResolveAssemblyReferences:
             This reference is not "CopyLocal" because at least one source item had "Private" set to "false" and no source items had "Private" set to "true".
   6:6>ResolveAssemblyReferences:
                 Private = 'false'
   5:6>ResolveAssemblyReferences:
             The ImageRuntimeVersion for this reference is "".
   2:6>ResolveAssemblyReferences:
             The ImageRuntimeVersion for this reference is "".
   6:6>ResolveAssemblyReferences:
             /Users/dacanetdev/.nuget/packages/microsoft.aspnetcore.app.ref/8.0.13/ref/net8.0/Microsoft.AspNetCore.Components.Forms.dll
   5:6>ResolveAssemblyReferences:
         Primary reference "System.Xml, Version=4.0.0.0, Culture=neutral, PublicKeyToken=b77a5c561934e089".
   2:6>ResolveAssemblyReferences:
         Primary reference "System.Xml.XmlDocument, Version=8.0.0.0, Culture=neutral, PublicKeyToken=b03f5f7f11d50a3a".
   6:6>ResolveAssemblyReferences:
                 Private = 'false'
   5:6>ResolveAssemblyReferences:
             Resolved file path is "/Users/dacanetdev/.nuget/packages/microsoft.netcore.app.ref/8.0.13/ref/net8.0/System.Xml.dll".
   2:6>ResolveAssemblyReferences:
             Resolved file path is "/Users/dacanetdev/.nuget/packages/microsoft.netcore.app.ref/8.0.13/ref/net8.0/System.Xml.XmlDocument.dll".
   6:6>ResolveAssemblyReferences:
             /Users/dacanetdev/.nuget/packages/microsoft.aspnetcore.app.ref/8.0.13/ref/net8.0/Microsoft.AspNetCore.Components.Server.dll
   5:6>ResolveAssemblyReferences:
             Reference found at search path location "{RawFileName}".
   2:6>ResolveAssemblyReferences:
             Reference found at search path location "{RawFileName}".
   6:6>ResolveAssemblyReferences:
                 Private = 'false'
   5:6>ResolveAssemblyReferences:
             This reference is not "CopyLocal" because at least one source item had "Private" set to "false" and no source items had "Private" set to "true".
   2:6>ResolveAssemblyReferences:
             This reference is not "CopyLocal" because at least one source item had "Private" set to "false" and no source items had "Private" set to "true".
   6:6>ResolveAssemblyReferences:
             /Users/dacanetdev/.nuget/packages/microsoft.aspnetcore.app.ref/8.0.13/ref/net8.0/Microsoft.AspNetCore.Components.Web.dll
   5:6>ResolveAssemblyReferences:
             The ImageRuntimeVersion for this reference is "".
   2:6>ResolveAssemblyReferences:
             The ImageRuntimeVersion for this reference is "".
   6:6>ResolveAssemblyReferences:
                 Private = 'false'
   5:6>ResolveAssemblyReferences:
         Primary reference "System, Version=4.0.0.0, Culture=neutral, PublicKeyToken=b77a5c561934e089".
   2:6>ResolveAssemblyReferences:
         Primary reference "System.Xml.XmlSerializer, Version=8.0.0.0, Culture=neutral, PublicKeyToken=b03f5f7f11d50a3a".
   6:6>ResolveAssemblyReferences:
             /Users/dacanetdev/.nuget/packages/microsoft.aspnetcore.app.ref/8.0.13/ref/net8.0/Microsoft.AspNetCore.Components.dll
   5:6>ResolveAssemblyReferences:
             Resolved file path is "/Users/dacanetdev/.nuget/packages/microsoft.netcore.app.ref/8.0.13/ref/net8.0/System.dll".
   6:6>ResolveAssemblyReferences:
                 Private = 'false'
   2:6>ResolveAssemblyReferences:
             Resolved file path is "/Users/dacanetdev/.nuget/packages/microsoft.netcore.app.ref/8.0.13/ref/net8.0/System.Xml.XmlSerializer.dll".
   6:6>ResolveAssemblyReferences:
             /Users/dacanetdev/.nuget/packages/microsoft.aspnetcore.app.ref/8.0.13/ref/net8.0/Microsoft.AspNetCore.Connections.Abstractions.dll
   5:6>ResolveAssemblyReferences:
             Reference found at search path location "{RawFileName}".
   2:6>ResolveAssemblyReferences:
             Reference found at search path location "{RawFileName}".
   6:6>ResolveAssemblyReferences:
                 Private = 'false'
   5:6>ResolveAssemblyReferences:
             This reference is not "CopyLocal" because at least one source item had "Private" set to "false" and no source items had "Private" set to "true".
   2:6>ResolveAssemblyReferences:
             This reference is not "CopyLocal" because at least one source item had "Private" set to "false" and no source items had "Private" set to "true".
   6:6>ResolveAssemblyReferences:
             /Users/dacanetdev/.nuget/packages/microsoft.aspnetcore.app.ref/8.0.13/ref/net8.0/Microsoft.AspNetCore.CookiePolicy.dll
   2:6>ResolveAssemblyReferences:
             The ImageRuntimeVersion for this reference is "".
   5:6>ResolveAssemblyReferences:
             The ImageRuntimeVersion for this reference is "".
   6:6>ResolveAssemblyReferences:
                 Private = 'false'
   2:6>ResolveAssemblyReferences:
         Primary reference "System.Xml, Version=4.0.0.0, Culture=neutral, PublicKeyToken=b77a5c561934e089".
   5:6>ResolveAssemblyReferences:
         Primary reference "WindowsBase, Version=4.0.0.0, Culture=neutral, PublicKeyToken=31bf3856ad364e35".
   6:6>ResolveAssemblyReferences:
             /Users/dacanetdev/.nuget/packages/microsoft.aspnetcore.app.ref/8.0.13/ref/net8.0/Microsoft.AspNetCore.Cors.dll
   2:6>ResolveAssemblyReferences:
             Resolved file path is "/Users/dacanetdev/.nuget/packages/microsoft.netcore.app.ref/8.0.13/ref/net8.0/System.Xml.dll".
   5:6>ResolveAssemblyReferences:
             Resolved file path is "/Users/dacanetdev/.nuget/packages/microsoft.netcore.app.ref/8.0.13/ref/net8.0/WindowsBase.dll".
   6:6>ResolveAssemblyReferences:
                 Private = 'false'
   2:6>ResolveAssemblyReferences:
             Reference found at search path location "{RawFileName}".
   6:6>ResolveAssemblyReferences:
             /Users/dacanetdev/.nuget/packages/microsoft.aspnetcore.app.ref/8.0.13/ref/net8.0/Microsoft.AspNetCore.Cryptography.Internal.dll
   5:6>ResolveAssemblyReferences:
             Reference found at search path location "{RawFileName}".
   2:6>ResolveAssemblyReferences:
             This reference is not "CopyLocal" because at least one source item had "Private" set to "false" and no source items had "Private" set to "true".
   6:6>ResolveAssemblyReferences:
                 Private = 'false'
   5:6>ResolveAssemblyReferences:
             This reference is not "CopyLocal" because at least one source item had "Private" set to "false" and no source items had "Private" set to "true".
   2:6>ResolveAssemblyReferences:
             The ImageRuntimeVersion for this reference is "".
   5:6>ResolveAssemblyReferences:
             The ImageRuntimeVersion for this reference is "".
   6:6>ResolveAssemblyReferences:
             /Users/dacanetdev/.nuget/packages/microsoft.aspnetcore.app.ref/8.0.13/ref/net8.0/Microsoft.AspNetCore.Cryptography.KeyDerivation.dll
   2:6>ResolveAssemblyReferences:
         Primary reference "System, Version=4.0.0.0, Culture=neutral, PublicKeyToken=b77a5c561934e089".
   6:6>ResolveAssemblyReferences:
                 Private = 'false'
   5:6>ResolveAssemblyReferences:
         Primary reference "mscorlib, Version=4.0.0.0, Culture=neutral, PublicKeyToken=b77a5c561934e089".
   2:6>ResolveAssemblyReferences:
             Resolved file path is "/Users/dacanetdev/.nuget/packages/microsoft.netcore.app.ref/8.0.13/ref/net8.0/System.dll".
   6:6>ResolveAssemblyReferences:
             /Users/dacanetdev/.nuget/packages/microsoft.aspnetcore.app.ref/8.0.13/ref/net8.0/Microsoft.AspNetCore.DataProtection.Abstractions.dll
   5:6>ResolveAssemblyReferences:
             Resolved file path is "/Users/dacanetdev/.nuget/packages/microsoft.netcore.app.ref/8.0.13/ref/net8.0/mscorlib.dll".
   2:6>ResolveAssemblyReferences:
             Reference found at search path location "{RawFileName}".
             This reference is not "CopyLocal" because at least one source item had "Private" set to "false" and no source items had "Private" set to "true".
   6:6>ResolveAssemblyReferences:
                 Private = 'false'
   5:6>ResolveAssemblyReferences:
             Reference found at search path location "{RawFileName}".
   2:6>ResolveAssemblyReferences:
             The ImageRuntimeVersion for this reference is "".
   6:6>ResolveAssemblyReferences:
             /Users/dacanetdev/.nuget/packages/microsoft.aspnetcore.app.ref/8.0.13/ref/net8.0/Microsoft.AspNetCore.DataProtection.Extensions.dll
   2:6>ResolveAssemblyReferences:
         Primary reference "WindowsBase, Version=4.0.0.0, Culture=neutral, PublicKeyToken=31bf3856ad364e35".
             Resolved file path is "/Users/dacanetdev/.nuget/packages/microsoft.netcore.app.ref/8.0.13/ref/net8.0/WindowsBase.dll".
   6:6>ResolveAssemblyReferences:
                 Private = 'false'
   5:6>ResolveAssemblyReferences:
             This reference is not "CopyLocal" because at least one source item had "Private" set to "false" and no source items had "Private" set to "true".
   2:6>ResolveAssemblyReferences:
             Reference found at search path location "{RawFileName}".
   6:6>ResolveAssemblyReferences:
             /Users/dacanetdev/.nuget/packages/microsoft.aspnetcore.app.ref/8.0.13/ref/net8.0/Microsoft.AspNetCore.DataProtection.dll
   5:6>ResolveAssemblyReferences:
             The ImageRuntimeVersion for this reference is "".
   2:6>ResolveAssemblyReferences:
             This reference is not "CopyLocal" because at least one source item had "Private" set to "false" and no source items had "Private" set to "true".
   6:6>ResolveAssemblyReferences:
                 Private = 'false'
   2:6>ResolveAssemblyReferences:
             The ImageRuntimeVersion for this reference is "".
   5:6>ResolveAssemblyReferences:
         Primary reference "netstandard, Version=2.1.0.0, Culture=neutral, PublicKeyToken=cc7b13ffcd2ddd51".
   6:6>ResolveAssemblyReferences:
             /Users/dacanetdev/.nuget/packages/microsoft.aspnetcore.app.ref/8.0.13/ref/net8.0/Microsoft.AspNetCore.Diagnostics.Abstractions.dll
   2:6>ResolveAssemblyReferences:
         Primary reference "mscorlib, Version=4.0.0.0, Culture=neutral, PublicKeyToken=b77a5c561934e089".
   5:6>ResolveAssemblyReferences:
             Resolved file path is "/Users/dacanetdev/.nuget/packages/microsoft.netcore.app.ref/8.0.13/ref/net8.0/netstandard.dll".
   6:6>ResolveAssemblyReferences:
                 Private = 'false'
   2:6>ResolveAssemblyReferences:
             Resolved file path is "/Users/dacanetdev/.nuget/packages/microsoft.netcore.app.ref/8.0.13/ref/net8.0/mscorlib.dll".
   5:6>ResolveAssemblyReferences:
             Reference found at search path location "{RawFileName}".
   6:6>ResolveAssemblyReferences:
             /Users/dacanetdev/.nuget/packages/microsoft.aspnetcore.app.ref/8.0.13/ref/net8.0/Microsoft.AspNetCore.Diagnostics.HealthChecks.dll
   2:6>ResolveAssemblyReferences:
             Reference found at search path location "{RawFileName}".
   5:6>ResolveAssemblyReferences:
             This reference is not "CopyLocal" because at least one source item had "Private" set to "false" and no source items had "Private" set to "true".
   6:6>ResolveAssemblyReferences:
                 Private = 'false'
   2:6>ResolveAssemblyReferences:
             This reference is not "CopyLocal" because at least one source item had "Private" set to "false" and no source items had "Private" set to "true".
   5:6>ResolveAssemblyReferences:
             The ImageRuntimeVersion for this reference is "".
   6:6>ResolveAssemblyReferences:
             /Users/dacanetdev/.nuget/packages/microsoft.aspnetcore.app.ref/8.0.13/ref/net8.0/Microsoft.AspNetCore.Diagnostics.dll
   2:6>ResolveAssemblyReferences:
             The ImageRuntimeVersion for this reference is "".
   5:6>Done executing task "ResolveAssemblyReference".
   6:6>ResolveAssemblyReferences:
                 Private = 'false'
   2:6>ResolveAssemblyReferences:
         Primary reference "netstandard, Version=2.1.0.0, Culture=neutral, PublicKeyToken=cc7b13ffcd2ddd51".
   5:6>Done building target "ResolveAssemblyReferences" in project "DeventSoft.RoadmapSkills.Users.UnitTests.csproj".
   6:6>ResolveAssemblyReferences:
             /Users/dacanetdev/.nuget/packages/microsoft.aspnetcore.app.ref/8.0.13/ref/net8.0/Microsoft.AspNetCore.HostFiltering.dll
   2:6>ResolveAssemblyReferences:
             Resolved file path is "/Users/dacanetdev/.nuget/packages/microsoft.netcore.app.ref/8.0.13/ref/net8.0/netstandard.dll".
   6:6>ResolveAssemblyReferences:
                 Private = 'false'
   5:6>Target "GenerateBindingRedirects" skipped, due to false condition; ('$(AutoGenerateBindingRedirects)' == 'true' and '$(GenerateBindingRedirectsOutputType)' == 'true' and '@(SuggestedBindingRedirects)' != '' and '$(DesignTimeBuild)' != 'true' and '$(BuildingProject)' == 'true') was evaluated as ('' == 'true' and '' == 'true' and '' != '' and '' != 'true' and 'true' == 'true').
   2:6>ResolveAssemblyReferences:
             Reference found at search path location "{RawFileName}".
   6:6>ResolveAssemblyReferences:
             /Users/dacanetdev/.nuget/packages/microsoft.aspnetcore.app.ref/8.0.13/ref/net8.0/Microsoft.AspNetCore.Hosting.Abstractions.dll
   2:6>ResolveAssemblyReferences:
             This reference is not "CopyLocal" because at least one source item had "Private" set to "false" and no source items had "Private" set to "true".
   5:6>Target "GenerateSupportedRuntime" skipped, due to false condition; ('$(GenerateSupportedRuntime)' != 'false' and '$(TargetFrameworkIdentifier)' == '.NETFramework' and '$(HasRuntimeOutput)' == 'true') was evaluated as ('' != 'false' and '.NETCoreApp' == '.NETFramework' and 'true' == 'true').
   6:6>ResolveAssemblyReferences:
                 Private = 'false'
   2:6>ResolveAssemblyReferences:
             The ImageRuntimeVersion for this reference is "".
   5:6>Target "GenerateBindingRedirectsUpdateAppConfig" skipped, due to false condition; ('$(AutoGenerateBindingRedirects)' == 'true' and '$(GenerateBindingRedirectsOutputType)' == 'true') was evaluated as ('' == 'true' and '' == 'true').
   6:6>ResolveAssemblyReferences:
             /Users/dacanetdev/.nuget/packages/microsoft.aspnetcore.app.ref/8.0.13/ref/net8.0/Microsoft.AspNetCore.Hosting.Server.Abstractions.dll
   2:6>Done executing task "ResolveAssemblyReference".
   5:6>Target "ResolveComReferences" skipped, due to false condition; ('@(COMReference)'!='' or '@(COMFileReference)'!='') was evaluated as (''!='' or ''!='').
   6:6>ResolveAssemblyReferences:
                 Private = 'false'
   2:6>Done building target "ResolveAssemblyReferences" in project "DeventSoft.RoadmapSkills.Users.IntegrationTests.csproj".
   6:6>ResolveAssemblyReferences:
             /Users/dacanetdev/.nuget/packages/microsoft.aspnetcore.app.ref/8.0.13/ref/net8.0/Microsoft.AspNetCore.Hosting.dll
   5:6>Target "AfterResolveReferences" in file "/usr/local/share/dotnet/sdk/9.0.200/Microsoft.Common.CurrentVersion.targets" from project "/Users/dacanetdev/Dev/AIGenerated/RoadmapSkills/tests/Modules/Users/DeventSoft.RoadmapSkills.Users.UnitTests/DeventSoft.RoadmapSkills.Users.UnitTests.csproj" (target "ResolveReferences" depends on it):
   5:6>Done building target "AfterResolveReferences" in project "DeventSoft.RoadmapSkills.Users.UnitTests.csproj".
   2:6>Target "GenerateBindingRedirects" skipped, due to false condition; ('$(AutoGenerateBindingRedirects)' == 'true' and '$(GenerateBindingRedirectsOutputType)' == 'true' and '@(SuggestedBindingRedirects)' != '' and '$(DesignTimeBuild)' != 'true' and '$(BuildingProject)' == 'true') was evaluated as ('' == 'true' and '' == 'true' and '' != '' and '' != 'true' and 'true' == 'true').
   6:6>ResolveAssemblyReferences:
                 Private = 'false'
   2:6>Target "GenerateSupportedRuntime" skipped, due to false condition; ('$(GenerateSupportedRuntime)' != 'false' and '$(TargetFrameworkIdentifier)' == '.NETFramework' and '$(HasRuntimeOutput)' == 'true') was evaluated as ('' != 'false' and '.NETCoreApp' == '.NETFramework' and 'true' == 'true').
   6:6>ResolveAssemblyReferences:
             /Users/dacanetdev/.nuget/packages/microsoft.aspnetcore.app.ref/8.0.13/ref/net8.0/Microsoft.AspNetCore.Html.Abstractions.dll
   5:6>Target "ResolveReferences" in file "/usr/local/share/dotnet/sdk/9.0.200/Microsoft.Common.CurrentVersion.targets" from project "/Users/dacanetdev/Dev/AIGenerated/RoadmapSkills/tests/Modules/Users/DeventSoft.RoadmapSkills.Users.UnitTests/DeventSoft.RoadmapSkills.Users.UnitTests.csproj" (target "_BlockWinMDsOnUnsupportedTFMs" depends on it):
   5:6>Done building target "ResolveReferences" in project "DeventSoft.RoadmapSkills.Users.UnitTests.csproj".
   2:6>Target "GenerateBindingRedirectsUpdateAppConfig" skipped, due to false condition; ('$(AutoGenerateBindingRedirects)' == 'true' and '$(GenerateBindingRedirectsOutputType)' == 'true') was evaluated as ('' == 'true' and '' == 'true').
   6:6>ResolveAssemblyReferences:
                 Private = 'false'
   2:6>Target "ResolveComReferences" skipped, due to false condition; ('@(COMReference)'!='' or '@(COMFileReference)'!='') was evaluated as (''!='' or ''!='').
   6:6>ResolveAssemblyReferences:
             /Users/dacanetdev/.nuget/packages/microsoft.aspnetcore.app.ref/8.0.13/ref/net8.0/Microsoft.AspNetCore.Http.Abstractions.dll
   5:6>Target "_BlockWinMDsOnUnsupportedTFMs" in file "/usr/local/share/dotnet/sdk/9.0.200/Sdks/Microsoft.NET.Sdk/targets/Microsoft.NET.Sdk.targets" from project "/Users/dacanetdev/Dev/AIGenerated/RoadmapSkills/tests/Modules/Users/DeventSoft.RoadmapSkills.Users.UnitTests/DeventSoft.RoadmapSkills.Users.UnitTests.csproj" (target "CoreBuild" depends on it):
   5:6>Using "CheckForUnsupportedWinMDReferences" task from assembly "/usr/local/share/dotnet/sdk/9.0.200/Sdks/Microsoft.NET.Sdk/targets/../tools/net9.0/Microsoft.NET.Build.Tasks.dll".
   6:6>ResolveAssemblyReferences:
                 Private = 'false'
   2:6>Target "AfterResolveReferences" in file "/usr/local/share/dotnet/sdk/9.0.200/Microsoft.Common.CurrentVersion.targets" from project "/Users/dacanetdev/Dev/AIGenerated/RoadmapSkills/tests/Modules/Users/DeventSoft.RoadmapSkills.Users.IntegrationTests/DeventSoft.RoadmapSkills.Users.IntegrationTests.csproj" (target "ResolveReferences" depends on it):
   2:6>Done building target "AfterResolveReferences" in project "DeventSoft.RoadmapSkills.Users.IntegrationTests.csproj".
   5:6>Task "CheckForUnsupportedWinMDReferences"
   6:6>ResolveAssemblyReferences:
             /Users/dacanetdev/.nuget/packages/microsoft.aspnetcore.app.ref/8.0.13/ref/net8.0/Microsoft.AspNetCore.Http.Connections.Common.dll
   5:6>Done executing task "CheckForUnsupportedWinMDReferences".
   6:6>ResolveAssemblyReferences:
                 Private = 'false'
   2:6>Target "ResolveReferences" in file "/usr/local/share/dotnet/sdk/9.0.200/Microsoft.Common.CurrentVersion.targets" from project "/Users/dacanetdev/Dev/AIGenerated/RoadmapSkills/tests/Modules/Users/DeventSoft.RoadmapSkills.Users.IntegrationTests/DeventSoft.RoadmapSkills.Users.IntegrationTests.csproj" (target "_BlockWinMDsOnUnsupportedTFMs" depends on it):
   2:6>Done building target "ResolveReferences" in project "DeventSoft.RoadmapSkills.Users.IntegrationTests.csproj".
   5:6>_BlockWinMDsOnUnsupportedTFMs:
       Task "NETSdkError" skipped, due to false condition; ('$(OutputType)' == 'winmdobj') was evaluated as ('Exe' == 'winmdobj').
   6:6>ResolveAssemblyReferences:
             /Users/dacanetdev/.nuget/packages/microsoft.aspnetcore.app.ref/8.0.13/ref/net8.0/Microsoft.AspNetCore.Http.Connections.dll
                 Private = 'false'
   5:6>Done building target "_BlockWinMDsOnUnsupportedTFMs" in project "DeventSoft.RoadmapSkills.Users.UnitTests.csproj".
   2:6>Target "_BlockWinMDsOnUnsupportedTFMs" in file "/usr/local/share/dotnet/sdk/9.0.200/Sdks/Microsoft.NET.Sdk/targets/Microsoft.NET.Sdk.targets" from project "/Users/dacanetdev/Dev/AIGenerated/RoadmapSkills/tests/Modules/Users/DeventSoft.RoadmapSkills.Users.IntegrationTests/DeventSoft.RoadmapSkills.Users.IntegrationTests.csproj" (target "CoreBuild" depends on it):
   2:6>Using "CheckForUnsupportedWinMDReferences" task from assembly "/usr/local/share/dotnet/sdk/9.0.200/Sdks/Microsoft.NET.Sdk/targets/../tools/net9.0/Microsoft.NET.Build.Tasks.dll".
   6:6>ResolveAssemblyReferences:
             /Users/dacanetdev/.nuget/packages/microsoft.aspnetcore.app.ref/8.0.13/ref/net8.0/Microsoft.AspNetCore.Http.Extensions.dll
   5:6>Target "ResolveReferences" skipped. Previously built successfully.
   2:6>Task "CheckForUnsupportedWinMDReferences"
   6:6>ResolveAssemblyReferences:
                 Private = 'false'
   5:6>Target "ResolvePackageDependenciesForBuild" skipped. Previously built successfully.
   2:6>Done executing task "CheckForUnsupportedWinMDReferences".
   6:6>ResolveAssemblyReferences:
             /Users/dacanetdev/.nuget/packages/microsoft.aspnetcore.app.ref/8.0.13/ref/net8.0/Microsoft.AspNetCore.Http.Features.dll
   2:6>_BlockWinMDsOnUnsupportedTFMs:
       Task "NETSdkError" skipped, due to false condition; ('$(OutputType)' == 'winmdobj') was evaluated as ('Exe' == 'winmdobj').
   5:6>Target "_HandlePackageFileConflicts" skipped. Previously built successfully.
   6:6>ResolveAssemblyReferences:
                 Private = 'false'
   2:6>Done building target "_BlockWinMDsOnUnsupportedTFMs" in project "DeventSoft.RoadmapSkills.Users.IntegrationTests.csproj".
   6:6>ResolveAssemblyReferences:
             /Users/dacanetdev/.nuget/packages/microsoft.aspnetcore.app.ref/8.0.13/ref/net8.0/Microsoft.AspNetCore.Http.Results.dll
   9:7>Done executing task "MSBuild".
   2:6>Target "ResolveReferences" skipped. Previously built successfully.
   5:6>Target "CopyAdditionalFiles" in file "/usr/local/share/dotnet/sdk/9.0.200/Roslyn/Microsoft.Managed.Core.targets" from project "/Users/dacanetdev/Dev/AIGenerated/RoadmapSkills/tests/Modules/Users/DeventSoft.RoadmapSkills.Users.UnitTests/DeventSoft.RoadmapSkills.Users.UnitTests.csproj" (target "AssignTargetPaths" depends on it):
   5:6>Done building target "CopyAdditionalFiles" in project "DeventSoft.RoadmapSkills.Users.UnitTests.csproj".
   6:6>ResolveAssemblyReferences:
                 Private = 'false'
   2:6>Target "ResolvePackageDependenciesForBuild" skipped. Previously built successfully.
   9:7>_GetProjectReferenceTargetFrameworkProperties:
       Task "MSBuild" skipped, due to false condition; ('%(_MSBuildProjectReferenceExistent.SkipGetTargetFrameworkProperties)' != 'true' and '$(EnableDynamicPlatformResolution)' == 'true') was evaluated as ('' != 'true' and '' == 'true').
   6:6>ResolveAssemblyReferences:
             /Users/dacanetdev/.nuget/packages/microsoft.aspnetcore.app.ref/8.0.13/ref/net8.0/Microsoft.AspNetCore.Http.dll
   5:6>Target "_GetAppHostPaths" skipped, due to false condition; ('$(UseAppHost)' == 'true' and '$(_IsExecutable)' == 'true') was evaluated as ('' == 'true' and 'true' == 'true').
   2:6>Target "_HandlePackageFileConflicts" skipped. Previously built successfully.
   6:6>ResolveAssemblyReferences:
                 Private = 'false'
   5:6>Target "_GetAppHostCreationConfiguration" skipped, due to false condition; ('$(UseAppHost)' == 'true' and '$(_IsExecutable)' == 'true') was evaluated as ('' == 'true' and 'true' == 'true').
   6:6>ResolveAssemblyReferences:
             /Users/dacanetdev/.nuget/packages/microsoft.aspnetcore.app.ref/8.0.13/ref/net8.0/Microsoft.AspNetCore.HttpLogging.dll
   2:6>Target "CopyAdditionalFiles" in file "/usr/local/share/dotnet/sdk/9.0.200/Roslyn/Microsoft.Managed.Core.targets" from project "/Users/dacanetdev/Dev/AIGenerated/RoadmapSkills/tests/Modules/Users/DeventSoft.RoadmapSkills.Users.IntegrationTests/DeventSoft.RoadmapSkills.Users.IntegrationTests.csproj" (target "AssignTargetPaths" depends on it):
   2:6>Done building target "CopyAdditionalFiles" in project "DeventSoft.RoadmapSkills.Users.IntegrationTests.csproj".
   5:6>Target "_GetComHostPaths" skipped, due to false condition; ('$(EnableComHosting)' == 'true' and '$(_IsExecutable)' != 'true') was evaluated as ('' == 'true' and 'true' != 'true').
   6:6>ResolveAssemblyReferences:
                 Private = 'false'
             /Users/dacanetdev/.nuget/packages/microsoft.aspnetcore.app.ref/8.0.13/ref/net8.0/Microsoft.AspNetCore.HttpOverrides.dll
   2:6>Target "_GetAppHostPaths" skipped, due to false condition; ('$(UseAppHost)' == 'true' and '$(_IsExecutable)' == 'true') was evaluated as ('' == 'true' and 'true' == 'true').
   5:6>Target "_GetIjwHostPaths" skipped, due to false condition; ('$(UseIJWHost)' == 'true') was evaluated as ('' == 'true').
   6:6>ResolveAssemblyReferences:
                 Private = 'false'
   2:6>Target "_GetAppHostCreationConfiguration" skipped, due to false condition; ('$(UseAppHost)' == 'true' and '$(_IsExecutable)' == 'true') was evaluated as ('' == 'true' and 'true' == 'true').
   6:6>ResolveAssemblyReferences:
             /Users/dacanetdev/.nuget/packages/microsoft.aspnetcore.app.ref/8.0.13/ref/net8.0/Microsoft.AspNetCore.HttpsPolicy.dll
   2:6>Target "_GetComHostPaths" skipped, due to false condition; ('$(EnableComHosting)' == 'true' and '$(_IsExecutable)' != 'true') was evaluated as ('' == 'true' and 'true' != 'true').
   5:6>Target "_ComputeNETCoreBuildOutputFiles" in file "/usr/local/share/dotnet/sdk/9.0.200/Sdks/Microsoft.NET.Sdk/targets/Microsoft.NET.Sdk.targets" from project "/Users/dacanetdev/Dev/AIGenerated/RoadmapSkills/tests/Modules/Users/DeventSoft.RoadmapSkills.Users.UnitTests/DeventSoft.RoadmapSkills.Users.UnitTests.csproj" (target "AssignTargetPaths" depends on it):
   5:6>Done building target "_ComputeNETCoreBuildOutputFiles" in project "DeventSoft.RoadmapSkills.Users.UnitTests.csproj".
   6:6>ResolveAssemblyReferences:
                 Private = 'false'
   2:6>Target "_GetIjwHostPaths" skipped, due to false condition; ('$(UseIJWHost)' == 'true') was evaluated as ('' == 'true').
   6:6>ResolveAssemblyReferences:
             /Users/dacanetdev/.nuget/packages/microsoft.aspnetcore.app.ref/8.0.13/ref/net8.0/Microsoft.AspNetCore.Identity.dll
                 Private = 'false'
   5:6>Target "AssignTargetPaths" in file "/usr/local/share/dotnet/sdk/9.0.200/Microsoft.Common.CurrentVersion.targets" from project "/Users/dacanetdev/Dev/AIGenerated/RoadmapSkills/tests/Modules/Users/DeventSoft.RoadmapSkills.Users.UnitTests/DeventSoft.RoadmapSkills.Users.UnitTests.csproj" (target "PrepareResourceNames" depends on it):
   5:6>Using "AssignTargetPath" task from assembly "Microsoft.Build.Tasks.Core, Version=15.1.0.0, Culture=neutral, PublicKeyToken=b03f5f7f11d50a3a".
   6:6>ResolveAssemblyReferences:
             /Users/dacanetdev/.nuget/packages/microsoft.aspnetcore.app.ref/8.0.13/ref/net8.0/Microsoft.AspNetCore.Localization.Routing.dll
   5:6>Task "AssignTargetPath"
   6:6>ResolveAssemblyReferences:
                 Private = 'false'
   5:6>Done executing task "AssignTargetPath".
   6:6>ResolveAssemblyReferences:
             /Users/dacanetdev/.nuget/packages/microsoft.aspnetcore.app.ref/8.0.13/ref/net8.0/Microsoft.AspNetCore.Localization.dll
   5:6>Task "AssignTargetPath"
   6:6>ResolveAssemblyReferences:
                 Private = 'false'
   5:6>Done executing task "AssignTargetPath".
   6:6>ResolveAssemblyReferences:
             /Users/dacanetdev/.nuget/packages/microsoft.aspnetcore.app.ref/8.0.13/ref/net8.0/Microsoft.AspNetCore.Metadata.dll
   2:6>Target "_ComputeNETCoreBuildOutputFiles" in file "/usr/local/share/dotnet/sdk/9.0.200/Sdks/Microsoft.NET.Sdk/targets/Microsoft.NET.Sdk.targets" from project "/Users/dacanetdev/Dev/AIGenerated/RoadmapSkills/tests/Modules/Users/DeventSoft.RoadmapSkills.Users.IntegrationTests/DeventSoft.RoadmapSkills.Users.IntegrationTests.csproj" (target "AssignTargetPaths" depends on it):
   2:6>Done building target "_ComputeNETCoreBuildOutputFiles" in project "DeventSoft.RoadmapSkills.Users.IntegrationTests.csproj".
   5:6>Task "AssignTargetPath"
   6:6>ResolveAssemblyReferences:
                 Private = 'false'
   5:6>Done executing task "AssignTargetPath".
   6:6>ResolveAssemblyReferences:
             /Users/dacanetdev/.nuget/packages/microsoft.aspnetcore.app.ref/8.0.13/ref/net8.0/Microsoft.AspNetCore.Mvc.Abstractions.dll
   5:6>Task "AssignTargetPath"
   6:6>ResolveAssemblyReferences:
                 Private = 'false'
   5:6>Done executing task "AssignTargetPath".
   6:6>ResolveAssemblyReferences:
             /Users/dacanetdev/.nuget/packages/microsoft.aspnetcore.app.ref/8.0.13/ref/net8.0/Microsoft.AspNetCore.Mvc.ApiExplorer.dll
                 Private = 'false'
   2:6>Target "AssignTargetPaths" in file "/usr/local/share/dotnet/sdk/9.0.200/Microsoft.Common.CurrentVersion.targets" from project "/Users/dacanetdev/Dev/AIGenerated/RoadmapSkills/tests/Modules/Users/DeventSoft.RoadmapSkills.Users.IntegrationTests/DeventSoft.RoadmapSkills.Users.IntegrationTests.csproj" (target "PrepareResourceNames" depends on it):
   2:6>Using "AssignTargetPath" task from assembly "Microsoft.Build.Tasks.Core, Version=15.1.0.0, Culture=neutral, PublicKeyToken=b03f5f7f11d50a3a".
   5:6>AssignTargetPaths:
       Task "AssignTargetPath" skipped, due to false condition; ('@(_DeploymentBaseManifestWithTargetPath)'=='' and '%(None.Extension)'=='.manifest') was evaluated as (''=='' and '.dll'=='.manifest').
   6:6>ResolveAssemblyReferences:
             /Users/dacanetdev/.nuget/packages/microsoft.aspnetcore.app.ref/8.0.13/ref/net8.0/Microsoft.AspNetCore.Mvc.Core.dll
   2:6>Task "AssignTargetPath"
   5:6>Done building target "AssignTargetPaths" in project "DeventSoft.RoadmapSkills.Users.UnitTests.csproj".
   6:6>ResolveAssemblyReferences:
                 Private = 'false'
   5:6>Target "AssignTargetPaths" skipped. Previously built successfully.
   2:6>Done executing task "AssignTargetPath".
   6:6>ResolveAssemblyReferences:
             /Users/dacanetdev/.nuget/packages/microsoft.aspnetcore.app.ref/8.0.13/ref/net8.0/Microsoft.AspNetCore.Mvc.Cors.dll
                 Private = 'false'
   5:6>Target "SplitResourcesByCulture" in file "/usr/local/share/dotnet/sdk/9.0.200/Microsoft.Common.CurrentVersion.targets" from project "/Users/dacanetdev/Dev/AIGenerated/RoadmapSkills/tests/Modules/Users/DeventSoft.RoadmapSkills.Users.UnitTests/DeventSoft.RoadmapSkills.Users.UnitTests.csproj" (target "PrepareResourceNames" depends on it):
   5:6>Task "MSBuildInternalMessage" skipped, due to false condition; ('@(ResxWithNoCulture)'!='') was evaluated as (''!='').
   6:6>ResolveAssemblyReferences:
             /Users/dacanetdev/.nuget/packages/microsoft.aspnetcore.app.ref/8.0.13/ref/net8.0/Microsoft.AspNetCore.Mvc.DataAnnotations.dll
   5:6>SplitResourcesByCulture:
       Task "MSBuildInternalMessage" skipped, due to false condition; ('@(ResxWithCulture)'!='') was evaluated as (''!='').
   6:6>ResolveAssemblyReferences:
                 Private = 'false'
   5:6>SplitResourcesByCulture:
       Task "MSBuildInternalMessage" skipped, due to false condition; ('@(NonResxWithCulture)'!='') was evaluated as (''!='').
   6:6>ResolveAssemblyReferences:
             /Users/dacanetdev/.nuget/packages/microsoft.aspnetcore.app.ref/8.0.13/ref/net8.0/Microsoft.AspNetCore.Mvc.Formatters.Json.dll
   2:6>Task "AssignTargetPath"
   5:6>SplitResourcesByCulture:
       Task "MSBuildInternalMessage" skipped, due to false condition; ('@(NonResxWithNoCulture)'!='') was evaluated as (''!='').
   6:6>ResolveAssemblyReferences:
                 Private = 'false'
             /Users/dacanetdev/.nuget/packages/microsoft.aspnetcore.app.ref/8.0.13/ref/net8.0/Microsoft.AspNetCore.Mvc.Formatters.Xml.dll
   2:6>Done executing task "AssignTargetPath".
   5:6>SplitResourcesByCulture:
       Using "AssignCulture" task from assembly "Microsoft.Build.Tasks.Core, Version=15.1.0.0, Culture=neutral, PublicKeyToken=b03f5f7f11d50a3a".
   6:6>ResolveAssemblyReferences:
                 Private = 'false'
   2:6>Task "AssignTargetPath"
   5:6>Task "AssignCulture"
   6:6>ResolveAssemblyReferences:
             /Users/dacanetdev/.nuget/packages/microsoft.aspnetcore.app.ref/8.0.13/ref/net8.0/Microsoft.AspNetCore.Mvc.Localization.dll
   2:6>Done executing task "AssignTargetPath".
   5:6>Done executing task "AssignCulture".
   6:6>ResolveAssemblyReferences:
                 Private = 'false'
   2:6>Task "AssignTargetPath"
   6:6>ResolveAssemblyReferences:
             /Users/dacanetdev/.nuget/packages/microsoft.aspnetcore.app.ref/8.0.13/ref/net8.0/Microsoft.AspNetCore.Mvc.Razor.dll
   5:6>Done building target "SplitResourcesByCulture" in project "DeventSoft.RoadmapSkills.Users.UnitTests.csproj".
   2:6>Done executing task "AssignTargetPath".
   6:6>ResolveAssemblyReferences:
                 Private = 'false'
   5:6>Target "CreateManifestResourceNames" skipped, due to false condition; ('@(EmbeddedResource)' != '') was evaluated as ('' != '').
   6:6>ResolveAssemblyReferences:
             /Users/dacanetdev/.nuget/packages/microsoft.aspnetcore.app.ref/8.0.13/ref/net8.0/Microsoft.AspNetCore.Mvc.RazorPages.dll
   2:6>AssignTargetPaths:
       Task "AssignTargetPath" skipped, due to false condition; ('@(_DeploymentBaseManifestWithTargetPath)'=='' and '%(None.Extension)'=='.manifest') was evaluated as (''=='' and '.dll'=='.manifest').
   6:6>ResolveAssemblyReferences:
                 Private = 'false'
   5:6>Target "CreateCustomManifestResourceNames" in file "/usr/local/share/dotnet/sdk/9.0.200/Microsoft.Common.CurrentVersion.targets" from project "/Users/dacanetdev/Dev/AIGenerated/RoadmapSkills/tests/Modules/Users/DeventSoft.RoadmapSkills.Users.UnitTests/DeventSoft.RoadmapSkills.Users.UnitTests.csproj" (target "PrepareResourceNames" depends on it):
   5:6>Done building target "CreateCustomManifestResourceNames" in project "DeventSoft.RoadmapSkills.Users.UnitTests.csproj".
   6:6>ResolveAssemblyReferences:
             /Users/dacanetdev/.nuget/packages/microsoft.aspnetcore.app.ref/8.0.13/ref/net8.0/Microsoft.AspNetCore.Mvc.TagHelpers.dll
   2:6>Done building target "AssignTargetPaths" in project "DeventSoft.RoadmapSkills.Users.IntegrationTests.csproj".
   6:6>ResolveAssemblyReferences:
                 Private = 'false'
   2:6>Target "AssignTargetPaths" skipped. Previously built successfully.
   6:6>ResolveAssemblyReferences:
             /Users/dacanetdev/.nuget/packages/microsoft.aspnetcore.app.ref/8.0.13/ref/net8.0/Microsoft.AspNetCore.Mvc.ViewFeatures.dll
   5:6>Target "PrepareResourceNames" in file "/usr/local/share/dotnet/sdk/9.0.200/Microsoft.Common.CurrentVersion.targets" from project "/Users/dacanetdev/Dev/AIGenerated/RoadmapSkills/tests/Modules/Users/DeventSoft.RoadmapSkills.Users.UnitTests/DeventSoft.RoadmapSkills.Users.UnitTests.csproj" (target "PrepareResources" depends on it):
   5:6>Done building target "PrepareResourceNames" in project "DeventSoft.RoadmapSkills.Users.UnitTests.csproj".
   6:6>ResolveAssemblyReferences:
                 Private = 'false'
   5:6>Target "ResolveAssemblyReferences" skipped. Previously built successfully.
   2:6>Target "SplitResourcesByCulture" in file "/usr/local/share/dotnet/sdk/9.0.200/Microsoft.Common.CurrentVersion.targets" from project "/Users/dacanetdev/Dev/AIGenerated/RoadmapSkills/tests/Modules/Users/DeventSoft.RoadmapSkills.Users.IntegrationTests/DeventSoft.RoadmapSkills.Users.IntegrationTests.csproj" (target "PrepareResourceNames" depends on it):
   2:6>Task "MSBuildInternalMessage" skipped, due to false condition; ('@(ResxWithNoCulture)'!='') was evaluated as (''!='').
   6:6>ResolveAssemblyReferences:
             /Users/dacanetdev/.nuget/packages/microsoft.aspnetcore.app.ref/8.0.13/ref/net8.0/Microsoft.AspNetCore.Mvc.dll
   5:6>Target "SplitResourcesByCulture" skipped. Previously built successfully.
   2:6>SplitResourcesByCulture:
       Task "MSBuildInternalMessage" skipped, due to false condition; ('@(ResxWithCulture)'!='') was evaluated as (''!='').
   6:6>ResolveAssemblyReferences:
                 Private = 'false'
   2:6>SplitResourcesByCulture:
       Task "MSBuildInternalMessage" skipped, due to false condition; ('@(NonResxWithCulture)'!='') was evaluated as (''!='').
   6:6>ResolveAssemblyReferences:
             /Users/dacanetdev/.nuget/packages/microsoft.aspnetcore.app.ref/8.0.13/ref/net8.0/Microsoft.AspNetCore.OutputCaching.dll
   2:6>SplitResourcesByCulture:
       Task "MSBuildInternalMessage" skipped, due to false condition; ('@(NonResxWithNoCulture)'!='') was evaluated as (''!='').
   6:6>ResolveAssemblyReferences:
                 Private = 'false'
   5:6>Target "BeforeResGen" in file "/usr/local/share/dotnet/sdk/9.0.200/Microsoft.Common.CurrentVersion.targets" from project "/Users/dacanetdev/Dev/AIGenerated/RoadmapSkills/tests/Modules/Users/DeventSoft.RoadmapSkills.Users.UnitTests/DeventSoft.RoadmapSkills.Users.UnitTests.csproj" (target "ResGen" depends on it):
   5:6>Done building target "BeforeResGen" in project "DeventSoft.RoadmapSkills.Users.UnitTests.csproj".
   2:6>SplitResourcesByCulture:
       Using "AssignCulture" task from assembly "Microsoft.Build.Tasks.Core, Version=15.1.0.0, Culture=neutral, PublicKeyToken=b03f5f7f11d50a3a".
   6:6>ResolveAssemblyReferences:
             /Users/dacanetdev/.nuget/packages/microsoft.aspnetcore.app.ref/8.0.13/ref/net8.0/Microsoft.AspNetCore.RateLimiting.dll
   2:6>Task "AssignCulture"
   6:6>ResolveAssemblyReferences:
                 Private = 'false'
   2:6>Done executing task "AssignCulture".
   5:6>Target "ResolveReferences" skipped. Previously built successfully.
   6:6>ResolveAssemblyReferences:
             /Users/dacanetdev/.nuget/packages/microsoft.aspnetcore.app.ref/8.0.13/ref/net8.0/Microsoft.AspNetCore.Razor.Runtime.dll
   2:6>Done building target "SplitResourcesByCulture" in project "DeventSoft.RoadmapSkills.Users.IntegrationTests.csproj".
   6:6>ResolveAssemblyReferences:
                 Private = 'false'
   2:6>Target "CreateManifestResourceNames" skipped, due to false condition; ('@(EmbeddedResource)' != '') was evaluated as ('' != '').
   6:6>ResolveAssemblyReferences:
             /Users/dacanetdev/.nuget/packages/microsoft.aspnetcore.app.ref/8.0.13/ref/net8.0/Microsoft.AspNetCore.Razor.dll
   5:6>Target "FindReferenceAssembliesForReferences" in file "/usr/local/share/dotnet/sdk/9.0.200/Microsoft.Common.CurrentVersion.targets" from project "/Users/dacanetdev/Dev/AIGenerated/RoadmapSkills/tests/Modules/Users/DeventSoft.RoadmapSkills.Users.UnitTests/DeventSoft.RoadmapSkills.Users.UnitTests.csproj" (target "CoreResGen" depends on it):
   5:6>Done building target "FindReferenceAssembliesForReferences" in project "DeventSoft.RoadmapSkills.Users.UnitTests.csproj".
   6:6>ResolveAssemblyReferences:
                 Private = 'false'
   2:6>Target "CreateCustomManifestResourceNames" in file "/usr/local/share/dotnet/sdk/9.0.200/Microsoft.Common.CurrentVersion.targets" from project "/Users/dacanetdev/Dev/AIGenerated/RoadmapSkills/tests/Modules/Users/DeventSoft.RoadmapSkills.Users.IntegrationTests/DeventSoft.RoadmapSkills.Users.IntegrationTests.csproj" (target "PrepareResourceNames" depends on it):
   2:6>Done building target "CreateCustomManifestResourceNames" in project "DeventSoft.RoadmapSkills.Users.IntegrationTests.csproj".
   6:6>ResolveAssemblyReferences:
             /Users/dacanetdev/.nuget/packages/microsoft.aspnetcore.app.ref/8.0.13/ref/net8.0/Microsoft.AspNetCore.RequestDecompression.dll
   5:6>Target "CoreResGen" in file "/usr/local/share/dotnet/sdk/9.0.200/Microsoft.Common.CurrentVersion.targets" from project "/Users/dacanetdev/Dev/AIGenerated/RoadmapSkills/tests/Modules/Users/DeventSoft.RoadmapSkills.Users.UnitTests/DeventSoft.RoadmapSkills.Users.UnitTests.csproj" (target "ResGen" depends on it):
   5:6>Task "GenerateResource" skipped, due to false condition; ('%(EmbeddedResource.Type)' == 'Resx' and '%(EmbeddedResource.GenerateResource)' != 'false' and '$(GenerateResourceMSBuildRuntime)' != 'CLR2') was evaluated as ('' == 'Resx' and '' != 'false' and 'CurrentRuntime' != 'CLR2').
   6:6>ResolveAssemblyReferences:
                 Private = 'false'
   5:6>CoreResGen:
       Task "GenerateResource" skipped, due to false condition; ('%(EmbeddedResource.Type)' == 'Resx' and '%(EmbeddedResource.GenerateResource)' != 'false' and '$(GenerateResourceMSBuildRuntime)' == 'CLR2') was evaluated as ('' == 'Resx' and '' != 'false' and 'CurrentRuntime' == 'CLR2').
   2:6>Target "PrepareResourceNames" in file "/usr/local/share/dotnet/sdk/9.0.200/Microsoft.Common.CurrentVersion.targets" from project "/Users/dacanetdev/Dev/AIGenerated/RoadmapSkills/tests/Modules/Users/DeventSoft.RoadmapSkills.Users.IntegrationTests/DeventSoft.RoadmapSkills.Users.IntegrationTests.csproj" (target "PrepareResources" depends on it):
   2:6>Done building target "PrepareResourceNames" in project "DeventSoft.RoadmapSkills.Users.IntegrationTests.csproj".
   6:6>ResolveAssemblyReferences:
             /Users/dacanetdev/.nuget/packages/microsoft.aspnetcore.app.ref/8.0.13/ref/net8.0/Microsoft.AspNetCore.ResponseCaching.Abstractions.dll
   2:6>Target "ResolveAssemblyReferences" skipped. Previously built successfully.
   6:6>ResolveAssemblyReferences:
                 Private = 'false'
   5:6>Done building target "CoreResGen" in project "DeventSoft.RoadmapSkills.Users.UnitTests.csproj".
   2:6>Target "SplitResourcesByCulture" skipped. Previously built successfully.
   6:6>ResolveAssemblyReferences:
             /Users/dacanetdev/.nuget/packages/microsoft.aspnetcore.app.ref/8.0.13/ref/net8.0/Microsoft.AspNetCore.ResponseCaching.dll
                 Private = 'false'
   2:6>Target "BeforeResGen" in file "/usr/local/share/dotnet/sdk/9.0.200/Microsoft.Common.CurrentVersion.targets" from project "/Users/dacanetdev/Dev/AIGenerated/RoadmapSkills/tests/Modules/Users/DeventSoft.RoadmapSkills.Users.IntegrationTests/DeventSoft.RoadmapSkills.Users.IntegrationTests.csproj" (target "ResGen" depends on it):
   2:6>Done building target "BeforeResGen" in project "DeventSoft.RoadmapSkills.Users.IntegrationTests.csproj".
   6:6>ResolveAssemblyReferences:
             /Users/dacanetdev/.nuget/packages/microsoft.aspnetcore.app.ref/8.0.13/ref/net8.0/Microsoft.AspNetCore.ResponseCompression.dll
   5:6>Target "AfterResGen" in file "/usr/local/share/dotnet/sdk/9.0.200/Microsoft.Common.CurrentVersion.targets" from project "/Users/dacanetdev/Dev/AIGenerated/RoadmapSkills/tests/Modules/Users/DeventSoft.RoadmapSkills.Users.UnitTests/DeventSoft.RoadmapSkills.Users.UnitTests.csproj" (target "ResGen" depends on it):
   5:6>Done building target "AfterResGen" in project "DeventSoft.RoadmapSkills.Users.UnitTests.csproj".
   2:6>Target "ResolveReferences" skipped. Previously built successfully.
   6:6>ResolveAssemblyReferences:
                 Private = 'false'
             /Users/dacanetdev/.nuget/packages/microsoft.aspnetcore.app.ref/8.0.13/ref/net8.0/Microsoft.AspNetCore.Rewrite.dll
   5:6>Target "ResGen" in file "/usr/local/share/dotnet/sdk/9.0.200/Microsoft.Common.CurrentVersion.targets" from project "/Users/dacanetdev/Dev/AIGenerated/RoadmapSkills/tests/Modules/Users/DeventSoft.RoadmapSkills.Users.UnitTests/DeventSoft.RoadmapSkills.Users.UnitTests.csproj" (target "PrepareResources" depends on it):
   5:6>Done building target "ResGen" in project "DeventSoft.RoadmapSkills.Users.UnitTests.csproj".
   2:6>Target "FindReferenceAssembliesForReferences" in file "/usr/local/share/dotnet/sdk/9.0.200/Microsoft.Common.CurrentVersion.targets" from project "/Users/dacanetdev/Dev/AIGenerated/RoadmapSkills/tests/Modules/Users/DeventSoft.RoadmapSkills.Users.IntegrationTests/DeventSoft.RoadmapSkills.Users.IntegrationTests.csproj" (target "CoreResGen" depends on it):
   2:6>Done building target "FindReferenceAssembliesForReferences" in project "DeventSoft.RoadmapSkills.Users.IntegrationTests.csproj".
   6:6>ResolveAssemblyReferences:
                 Private = 'false'
   5:6>Target "CompileLicxFiles" skipped, due to false condition; ('@(_LicxFile)'!='') was evaluated as (''!='').
   6:6>ResolveAssemblyReferences:
             /Users/dacanetdev/.nuget/packages/microsoft.aspnetcore.app.ref/8.0.13/ref/net8.0/Microsoft.AspNetCore.Routing.Abstractions.dll
   2:6>Target "CoreResGen" in file "/usr/local/share/dotnet/sdk/9.0.200/Microsoft.Common.CurrentVersion.targets" from project "/Users/dacanetdev/Dev/AIGenerated/RoadmapSkills/tests/Modules/Users/DeventSoft.RoadmapSkills.Users.IntegrationTests/DeventSoft.RoadmapSkills.Users.IntegrationTests.csproj" (target "ResGen" depends on it):
   2:6>Task "GenerateResource" skipped, due to false condition; ('%(EmbeddedResource.Type)' == 'Resx' and '%(EmbeddedResource.GenerateResource)' != 'false' and '$(GenerateResourceMSBuildRuntime)' != 'CLR2') was evaluated as ('' == 'Resx' and '' != 'false' and 'CurrentRuntime' != 'CLR2').
       Task "GenerateResource" skipped, due to false condition; ('%(EmbeddedResource.Type)' == 'Resx' and '%(EmbeddedResource.GenerateResource)' != 'false' and '$(GenerateResourceMSBuildRuntime)' == 'CLR2') was evaluated as ('' == 'Resx' and '' != 'false' and 'CurrentRuntime' == 'CLR2').
   5:6>Target "PrepareResources" in file "/usr/local/share/dotnet/sdk/9.0.200/Microsoft.Common.CurrentVersion.targets" from project "/Users/dacanetdev/Dev/AIGenerated/RoadmapSkills/tests/Modules/Users/DeventSoft.RoadmapSkills.Users.UnitTests/DeventSoft.RoadmapSkills.Users.UnitTests.csproj" (target "CoreBuild" depends on it):
   5:6>Done building target "PrepareResources" in project "DeventSoft.RoadmapSkills.Users.UnitTests.csproj".
   6:6>ResolveAssemblyReferences:
                 Private = 'false'
   2:6>Done building target "CoreResGen" in project "DeventSoft.RoadmapSkills.Users.IntegrationTests.csproj".
   6:6>ResolveAssemblyReferences:
             /Users/dacanetdev/.nuget/packages/microsoft.aspnetcore.app.ref/8.0.13/ref/net8.0/Microsoft.AspNetCore.Routing.dll
   5:6>Target "ResolveKeySource" skipped, due to false condition; ($(SignManifests) == 'true' or $(SignAssembly) == 'true') was evaluated as ( == 'true' or false == 'true').
   6:6>ResolveAssemblyReferences:
                 Private = 'false'
   2:6>Target "AfterResGen" in file "/usr/local/share/dotnet/sdk/9.0.200/Microsoft.Common.CurrentVersion.targets" from project "/Users/dacanetdev/Dev/AIGenerated/RoadmapSkills/tests/Modules/Users/DeventSoft.RoadmapSkills.Users.IntegrationTests/DeventSoft.RoadmapSkills.Users.IntegrationTests.csproj" (target "ResGen" depends on it):
   2:6>Done building target "AfterResGen" in project "DeventSoft.RoadmapSkills.Users.IntegrationTests.csproj".
   5:6>Target "ResolveReferences" skipped. Previously built successfully.
   6:6>ResolveAssemblyReferences:
             /Users/dacanetdev/.nuget/packages/microsoft.aspnetcore.app.ref/8.0.13/ref/net8.0/Microsoft.AspNetCore.Server.HttpSys.dll
   5:6>Target "ResolveKeySource" skipped, due to false condition; ($(SignManifests) == 'true' or $(SignAssembly) == 'true') was evaluated as ( == 'true' or false == 'true').
   6:6>ResolveAssemblyReferences:
                 Private = 'false'
   5:6>Target "ResolveComReferences" skipped, due to false condition; ('@(COMReference)'!='' or '@(COMFileReference)'!='') was evaluated as (''!='' or ''!='').
   6:6>ResolveAssemblyReferences:
             /Users/dacanetdev/.nuget/packages/microsoft.aspnetcore.app.ref/8.0.13/ref/net8.0/Microsoft.AspNetCore.Server.IIS.dll
   5:6>Target "ResolveNativeReferences" skipped, due to false condition; ('@(NativeReference)'!='') was evaluated as (''!='').
   6:6>ResolveAssemblyReferences:
                 Private = 'false'
   2:6>Target "ResGen" in file "/usr/local/share/dotnet/sdk/9.0.200/Microsoft.Common.CurrentVersion.targets" from project "/Users/dacanetdev/Dev/AIGenerated/RoadmapSkills/tests/Modules/Users/DeventSoft.RoadmapSkills.Users.IntegrationTests/DeventSoft.RoadmapSkills.Users.IntegrationTests.csproj" (target "PrepareResources" depends on it):
   2:6>Done building target "ResGen" in project "DeventSoft.RoadmapSkills.Users.IntegrationTests.csproj".
   5:6>Target "_SetExternalWin32ManifestProperties" skipped, due to false condition; ('$(GenerateClickOnceManifests)'=='true' or '@(NativeReference)'!='' or '@(ResolvedIsolatedComModules)'!='') was evaluated as (''=='true' or ''!='' or ''!='').
   6:6>ResolveAssemblyReferences:
             /Users/dacanetdev/.nuget/packages/microsoft.aspnetcore.app.ref/8.0.13/ref/net8.0/Microsoft.AspNetCore.Server.IISIntegration.dll
   2:6>Target "CompileLicxFiles" skipped, due to false condition; ('@(_LicxFile)'!='') was evaluated as (''!='').
   6:6>ResolveAssemblyReferences:
                 Private = 'false'
   5:6>Target "_SetEmbeddedWin32ManifestProperties" in file "/usr/local/share/dotnet/sdk/9.0.200/Microsoft.Common.CurrentVersion.targets" from project "/Users/dacanetdev/Dev/AIGenerated/RoadmapSkills/tests/Modules/Users/DeventSoft.RoadmapSkills.Users.UnitTests/DeventSoft.RoadmapSkills.Users.UnitTests.csproj" (target "SetWin32ManifestProperties" depends on it):
   5:6>Using "GetFrameworkPath" task from assembly "Microsoft.Build.Tasks.Core, Version=15.1.0.0, Culture=neutral, PublicKeyToken=b03f5f7f11d50a3a".
   6:6>ResolveAssemblyReferences:
             /Users/dacanetdev/.nuget/packages/microsoft.aspnetcore.app.ref/8.0.13/ref/net8.0/Microsoft.AspNetCore.Server.Kestrel.Core.dll
   2:6>Target "PrepareResources" in file "/usr/local/share/dotnet/sdk/9.0.200/Microsoft.Common.CurrentVersion.targets" from project "/Users/dacanetdev/Dev/AIGenerated/RoadmapSkills/tests/Modules/Users/DeventSoft.RoadmapSkills.Users.IntegrationTests/DeventSoft.RoadmapSkills.Users.IntegrationTests.csproj" (target "CoreBuild" depends on it):
   2:6>Done building target "PrepareResources" in project "DeventSoft.RoadmapSkills.Users.IntegrationTests.csproj".
   6:6>ResolveAssemblyReferences:
                 Private = 'false'
   5:6>Task "GetFrameworkPath"
   2:6>Target "ResolveKeySource" skipped, due to false condition; ($(SignManifests) == 'true' or $(SignAssembly) == 'true') was evaluated as ( == 'true' or false == 'true').
   5:6>Done executing task "GetFrameworkPath".
   6:6>ResolveAssemblyReferences:
             /Users/dacanetdev/.nuget/packages/microsoft.aspnetcore.app.ref/8.0.13/ref/net8.0/Microsoft.AspNetCore.Server.Kestrel.Transport.NamedPipes.dll
   2:6>Target "ResolveReferences" skipped. Previously built successfully.
   6:6>ResolveAssemblyReferences:
                 Private = 'false'
   5:6>Done building target "_SetEmbeddedWin32ManifestProperties" in project "DeventSoft.RoadmapSkills.Users.UnitTests.csproj".
   2:6>Target "ResolveKeySource" skipped, due to false condition; ($(SignManifests) == 'true' or $(SignAssembly) == 'true') was evaluated as ( == 'true' or false == 'true').
   6:6>ResolveAssemblyReferences:
             /Users/dacanetdev/.nuget/packages/microsoft.aspnetcore.app.ref/8.0.13/ref/net8.0/Microsoft.AspNetCore.Server.Kestrel.Transport.Quic.dll
   2:6>Target "ResolveComReferences" skipped, due to false condition; ('@(COMReference)'!='' or '@(COMFileReference)'!='') was evaluated as (''!='' or ''!='').
   6:6>ResolveAssemblyReferences:
                 Private = 'false'
   5:6>Target "SetWin32ManifestProperties" in file "/usr/local/share/dotnet/sdk/9.0.200/Microsoft.Common.CurrentVersion.targets" from project "/Users/dacanetdev/Dev/AIGenerated/RoadmapSkills/tests/Modules/Users/DeventSoft.RoadmapSkills.Users.UnitTests/DeventSoft.RoadmapSkills.Users.UnitTests.csproj" (target "Compile" depends on it):
   5:6>Done building target "SetWin32ManifestProperties" in project "DeventSoft.RoadmapSkills.Users.UnitTests.csproj".
   6:6>ResolveAssemblyReferences:
             /Users/dacanetdev/.nuget/packages/microsoft.aspnetcore.app.ref/8.0.13/ref/net8.0/Microsoft.AspNetCore.Server.Kestrel.Transport.Sockets.dll
   5:6>Target "_SetPreferNativeArm64Win32ManifestProperties" skipped, due to false condition; ( '$(PreferNativeArm64)'=='true' and '$(NoWin32Manifest)'!='true') was evaluated as ( 'false'=='true' and ''!='true').
   6:6>ResolveAssemblyReferences:
                 Private = 'false'
   2:6>Target "ResolveNativeReferences" skipped, due to false condition; ('@(NativeReference)'!='') was evaluated as (''!='').
   5:6>Target "FindReferenceAssembliesForReferences" skipped. Previously built successfully.
   6:6>ResolveAssemblyReferences:
             /Users/dacanetdev/.nuget/packages/microsoft.aspnetcore.app.ref/8.0.13/ref/net8.0/Microsoft.AspNetCore.Server.Kestrel.dll
                 Private = 'false'
   2:6>Target "_SetExternalWin32ManifestProperties" skipped, due to false condition; ('$(GenerateClickOnceManifests)'=='true' or '@(NativeReference)'!='' or '@(ResolvedIsolatedComModules)'!='') was evaluated as (''=='true' or ''!='' or ''!='').
   5:6>Target "_GenerateCompileInputs" in file "/usr/local/share/dotnet/sdk/9.0.200/Microsoft.Common.CurrentVersion.targets" from project "/Users/dacanetdev/Dev/AIGenerated/RoadmapSkills/tests/Modules/Users/DeventSoft.RoadmapSkills.Users.UnitTests/DeventSoft.RoadmapSkills.Users.UnitTests.csproj" (target "Compile" depends on it):
   5:6>Task "MSBuildInternalMessage" skipped, due to false condition; ('@(ManifestResourceWithNoCulture)'!='' and '%(ManifestResourceWithNoCulture.EmittedForCompatibilityOnly)'=='') was evaluated as (''!='' and ''=='').
   6:6>ResolveAssemblyReferences:
             /Users/dacanetdev/.nuget/packages/microsoft.aspnetcore.app.ref/8.0.13/ref/net8.0/Microsoft.AspNetCore.Session.dll
   5:6>_GenerateCompileInputs:
       Task "MSBuildInternalMessage" skipped, due to false condition; ('@(ManifestNonResxWithNoCultureOnDisk)'!='' and '%(ManifestNonResxWithNoCultureOnDisk.EmittedForCompatibilityOnly)'=='') was evaluated as (''!='' and ''=='').
   6:6>ResolveAssemblyReferences:
                 Private = 'false'
   5:6>Done building target "_GenerateCompileInputs" in project "DeventSoft.RoadmapSkills.Users.UnitTests.csproj".
   6:6>ResolveAssemblyReferences:
             /Users/dacanetdev/.nuget/packages/microsoft.aspnetcore.app.ref/8.0.13/ref/net8.0/Microsoft.AspNetCore.SignalR.Common.dll
                 Private = 'false'
   5:6>Target "GenerateTargetPlatformDefineConstants" skipped, due to false condition; ( '$(DisableImplicitFrameworkDefines)' != 'true' and '$(TargetPlatformIdentifier)' != '' and '$(TargetFrameworkIdentifier)' == '.NETCoreApp' and $([MSBuild]::VersionGreaterThanOrEquals($(TargetFrameworkVersion), 5.0)) ) was evaluated as ( '' != 'true' and '' != '' and '.NETCoreApp' == '.NETCoreApp' and True ).
   2:6>Target "_SetEmbeddedWin32ManifestProperties" in file "/usr/local/share/dotnet/sdk/9.0.200/Microsoft.Common.CurrentVersion.targets" from project "/Users/dacanetdev/Dev/AIGenerated/RoadmapSkills/tests/Modules/Users/DeventSoft.RoadmapSkills.Users.IntegrationTests/DeventSoft.RoadmapSkills.Users.IntegrationTests.csproj" (target "SetWin32ManifestProperties" depends on it):
   2:6>Using "GetFrameworkPath" task from assembly "Microsoft.Build.Tasks.Core, Version=15.1.0.0, Culture=neutral, PublicKeyToken=b03f5f7f11d50a3a".
   6:6>ResolveAssemblyReferences:
             /Users/dacanetdev/.nuget/packages/microsoft.aspnetcore.app.ref/8.0.13/ref/net8.0/Microsoft.AspNetCore.SignalR.Core.dll
   2:6>Task "GetFrameworkPath"
   6:6>ResolveAssemblyReferences:
                 Private = 'false'
   5:6>Target "GenerateNETCompatibleDefineConstants" in file "/usr/local/share/dotnet/sdk/9.0.200/Sdks/Microsoft.NET.Sdk/targets/Microsoft.NET.Sdk.BeforeCommon.targets" from project "/Users/dacanetdev/Dev/AIGenerated/RoadmapSkills/tests/Modules/Users/DeventSoft.RoadmapSkills.Users.UnitTests/DeventSoft.RoadmapSkills.Users.UnitTests.csproj" (target "AddImplicitDefineConstants" depends on it):
   5:6>Done building target "GenerateNETCompatibleDefineConstants" in project "DeventSoft.RoadmapSkills.Users.UnitTests.csproj".
       Target "GeneratePlatformCompatibleDefineConstants" skipped, due to false condition; ( '$(DisableImplicitFrameworkDefines)' != 'true' and '$(TargetPlatformIdentifier)' != '' and '$(TargetFrameworkIdentifier)' == '.NETCoreApp' and $([MSBuild]::VersionGreaterThanOrEquals($(TargetFrameworkVersion), 5.0)) ) was evaluated as ( '' != 'true' and '' != '' and '.NETCoreApp' == '.NETCoreApp' and True ).
   2:6>Done executing task "GetFrameworkPath".
   6:6>ResolveAssemblyReferences:
             /Users/dacanetdev/.nuget/packages/microsoft.aspnetcore.app.ref/8.0.13/ref/net8.0/Microsoft.AspNetCore.SignalR.Protocols.Json.dll
   5:6>Target "_DisableDiagnosticTracing" skipped, due to false condition; ('$(DisableDiagnosticTracing)' == 'true') was evaluated as ('' == 'true').
   5:6>Target "AddImplicitDefineConstants" in file "/usr/local/share/dotnet/sdk/9.0.200/Sdks/Microsoft.NET.Sdk/targets/Microsoft.NET.Sdk.BeforeCommon.targets" from project "/Users/dacanetdev/Dev/AIGenerated/RoadmapSkills/tests/Modules/Users/DeventSoft.RoadmapSkills.Users.UnitTests/DeventSoft.RoadmapSkills.Users.UnitTests.csproj" (target "BeforeCompile" depends on it):
   5:6>Done building target "AddImplicitDefineConstants" in project "DeventSoft.RoadmapSkills.Users.UnitTests.csproj".
   2:6>Done building target "_SetEmbeddedWin32ManifestProperties" in project "DeventSoft.RoadmapSkills.Users.IntegrationTests.csproj".
   6:6>ResolveAssemblyReferences:
                 Private = 'false'
             /Users/dacanetdev/.nuget/packages/microsoft.aspnetcore.app.ref/8.0.13/ref/net8.0/Microsoft.AspNetCore.SignalR.dll
   5:6>Target "PrepareForBuild" skipped. Previously built successfully.
   6:6>ResolveAssemblyReferences:
                 Private = 'false'
             /Users/dacanetdev/.nuget/packages/microsoft.aspnetcore.app.ref/8.0.13/ref/net8.0/Microsoft.AspNetCore.StaticFiles.dll
   2:6>Target "SetWin32ManifestProperties" in file "/usr/local/share/dotnet/sdk/9.0.200/Microsoft.Common.CurrentVersion.targets" from project "/Users/dacanetdev/Dev/AIGenerated/RoadmapSkills/tests/Modules/Users/DeventSoft.RoadmapSkills.Users.IntegrationTests/DeventSoft.RoadmapSkills.Users.IntegrationTests.csproj" (target "Compile" depends on it):
   2:6>Done building target "SetWin32ManifestProperties" in project "DeventSoft.RoadmapSkills.Users.IntegrationTests.csproj".
   5:6>Target "GenerateMSBuildEditorConfigFileShouldRun" in file "/usr/local/share/dotnet/sdk/9.0.200/Roslyn/Microsoft.Managed.Core.targets" from project "/Users/dacanetdev/Dev/AIGenerated/RoadmapSkills/tests/Modules/Users/DeventSoft.RoadmapSkills.Users.UnitTests/DeventSoft.RoadmapSkills.Users.UnitTests.csproj" (target "GenerateMSBuildEditorConfigFile" depends on it):
   5:6>Done building target "GenerateMSBuildEditorConfigFileShouldRun" in project "DeventSoft.RoadmapSkills.Users.UnitTests.csproj".
   6:6>ResolveAssemblyReferences:
                 Private = 'false'
   2:6>Target "_SetPreferNativeArm64Win32ManifestProperties" skipped, due to false condition; ( '$(PreferNativeArm64)'=='true' and '$(NoWin32Manifest)'!='true') was evaluated as ( 'false'=='true' and ''!='true').
       Target "FindReferenceAssembliesForReferences" skipped. Previously built successfully.
   5:6>Target "AddGlobalAnalyzerConfigForPackage_MicrosoftCodeAnalysisCSharpCodeStyle" in file "/usr/local/share/dotnet/sdk/9.0.200/Sdks/Microsoft.NET.Sdk/codestyle/cs/build/Microsoft.CodeAnalysis.CSharp.CodeStyle.targets" from project "/Users/dacanetdev/Dev/AIGenerated/RoadmapSkills/tests/Modules/Users/DeventSoft.RoadmapSkills.Users.UnitTests/DeventSoft.RoadmapSkills.Users.UnitTests.csproj" (target "GenerateMSBuildEditorConfigFileCore" depends on it):
   5:6>Done building target "AddGlobalAnalyzerConfigForPackage_MicrosoftCodeAnalysisCSharpCodeStyle" in project "DeventSoft.RoadmapSkills.Users.UnitTests.csproj".
   9:7>_GetProjectReferenceTargetFrameworkProperties:
       Using "GetReferenceNearestTargetFrameworkTask" task from assembly "/usr/local/share/dotnet/sdk/9.0.200/NuGet.Build.Tasks.dll".
   6:6>ResolveAssemblyReferences:
             /Users/dacanetdev/.nuget/packages/microsoft.aspnetcore.app.ref/8.0.13/ref/net8.0/Microsoft.AspNetCore.WebSockets.dll
   2:6>Target "_GenerateCompileInputs" in file "/usr/local/share/dotnet/sdk/9.0.200/Microsoft.Common.CurrentVersion.targets" from project "/Users/dacanetdev/Dev/AIGenerated/RoadmapSkills/tests/Modules/Users/DeventSoft.RoadmapSkills.Users.IntegrationTests/DeventSoft.RoadmapSkills.Users.IntegrationTests.csproj" (target "Compile" depends on it):
   2:6>Task "MSBuildInternalMessage" skipped, due to false condition; ('@(ManifestResourceWithNoCulture)'!='' and '%(ManifestResourceWithNoCulture.EmittedForCompatibilityOnly)'=='') was evaluated as (''!='' and ''=='').
   9:7>Task "GetReferenceNearestTargetFrameworkTask"
   2:6>_GenerateCompileInputs:
       Task "MSBuildInternalMessage" skipped, due to false condition; ('@(ManifestNonResxWithNoCultureOnDisk)'!='' and '%(ManifestNonResxWithNoCultureOnDisk.EmittedForCompatibilityOnly)'=='') was evaluated as (''!='' and ''=='').
   6:6>ResolveAssemblyReferences:
                 Private = 'false'
   9:7>Done executing task "GetReferenceNearestTargetFrameworkTask".
   5:6>Target "GenerateMSBuildEditorConfigFileCore" in file "/usr/local/share/dotnet/sdk/9.0.200/Roslyn/Microsoft.Managed.Core.targets" from project "/Users/dacanetdev/Dev/AIGenerated/RoadmapSkills/tests/Modules/Users/DeventSoft.RoadmapSkills.Users.UnitTests/DeventSoft.RoadmapSkills.Users.UnitTests.csproj" (target "GenerateMSBuildEditorConfigFile" depends on it):
   5:6>Building target "GenerateMSBuildEditorConfigFileCore" completely.
   2:6>Done building target "_GenerateCompileInputs" in project "DeventSoft.RoadmapSkills.Users.IntegrationTests.csproj".
   6:6>ResolveAssemblyReferences:
             /Users/dacanetdev/.nuget/packages/microsoft.aspnetcore.app.ref/8.0.13/ref/net8.0/Microsoft.AspNetCore.WebUtilities.dll
   9:7>_GetProjectReferenceTargetFrameworkProperties:
       Task "GetReferenceNearestTargetFrameworkTask" skipped, due to false condition; ('@(_ProjectReferenceTargetFrameworkPossibilities)' != '' and '$(ReferringTargetFrameworkForProjectReferences)' != ''
                                                               And '$(GetReferenceNearestTargetFrameworkTaskSupportsTargetPlatformParameter)' != 'true' and '%(_ProjectReferenceTargetFrameworkPossibilities.IsVcxOrNativeProj)' != 'true') was evaluated as ('../../../Shared/DeventSoft.RoadmapSkills.Shared.Domain/DeventSoft.RoadmapSkills.Shared.Domain.csproj' != '' and '.NETCoreApp,Version=v8.0' != ''
                                                               And 'true' != 'true' and '' != 'true').
   2:6>Target "GenerateTargetPlatformDefineConstants" skipped, due to false condition; ( '$(DisableImplicitFrameworkDefines)' != 'true' and '$(TargetPlatformIdentifier)' != '' and '$(TargetFrameworkIdentifier)' == '.NETCoreApp' and $([MSBuild]::VersionGreaterThanOrEquals($(TargetFrameworkVersion), 5.0)) ) was evaluated as ( '' != 'true' and '' != '' and '.NETCoreApp' == '.NETCoreApp' and True ).
   5:6>GenerateMSBuildEditorConfigFileCore:
       No input files were specified.
   6:6>ResolveAssemblyReferences:
                 Private = 'false'
   9:7>_GetProjectReferenceTargetFrameworkProperties:
       Using "SetRidAgnosticValueForProjects" task from assembly "Microsoft.Build.Tasks.Core, Version=15.1.0.0, Culture=neutral, PublicKeyToken=b03f5f7f11d50a3a".
   6:6>ResolveAssemblyReferences:
             /Users/dacanetdev/.nuget/packages/microsoft.aspnetcore.app.ref/8.0.13/ref/net8.0/Microsoft.AspNetCore.dll
   5:6>GenerateMSBuildEditorConfigFileCore:
       Using "GenerateMSBuildEditorConfig" task from assembly "/usr/local/share/dotnet/sdk/9.0.200/Roslyn/Microsoft.Build.Tasks.CodeAnalysis.dll".
   2:6>Target "GenerateNETCompatibleDefineConstants" in file "/usr/local/share/dotnet/sdk/9.0.200/Sdks/Microsoft.NET.Sdk/targets/Microsoft.NET.Sdk.BeforeCommon.targets" from project "/Users/dacanetdev/Dev/AIGenerated/RoadmapSkills/tests/Modules/Users/DeventSoft.RoadmapSkills.Users.IntegrationTests/DeventSoft.RoadmapSkills.Users.IntegrationTests.csproj" (target "AddImplicitDefineConstants" depends on it):
   2:6>Done building target "GenerateNETCompatibleDefineConstants" in project "DeventSoft.RoadmapSkills.Users.IntegrationTests.csproj".
   9:7>Task "SetRidAgnosticValueForProjects"
   6:6>ResolveAssemblyReferences:
                 Private = 'false'
   2:6>Target "GeneratePlatformCompatibleDefineConstants" skipped, due to false condition; ( '$(DisableImplicitFrameworkDefines)' != 'true' and '$(TargetPlatformIdentifier)' != '' and '$(TargetFrameworkIdentifier)' == '.NETCoreApp' and $([MSBuild]::VersionGreaterThanOrEquals($(TargetFrameworkVersion), 5.0)) ) was evaluated as ( '' != 'true' and '' != '' and '.NETCoreApp' == '.NETCoreApp' and True ).
   9:7>Done executing task "SetRidAgnosticValueForProjects".
   5:6>Task "GenerateMSBuildEditorConfig"
   2:6>Target "_DisableDiagnosticTracing" skipped, due to false condition; ('$(DisableDiagnosticTracing)' == 'true') was evaluated as ('' == 'true').
   6:6>ResolveAssemblyReferences:
             /Users/dacanetdev/.nuget/packages/microsoft.aspnetcore.app.ref/8.0.13/ref/net8.0/Microsoft.Extensions.Caching.Abstractions.dll
   9:7>Done building target "_GetProjectReferenceTargetFrameworkProperties" in project "DeventSoft.RoadmapSkills.Users.Domain.csproj".
   5:6>Done executing task "GenerateMSBuildEditorConfig".
   6:6>ResolveAssemblyReferences:
                 Private = 'false'
   5:6>Done building target "GenerateMSBuildEditorConfigFileCore" in project "DeventSoft.RoadmapSkills.Users.UnitTests.csproj".
   2:6>Target "AddImplicitDefineConstants" in file "/usr/local/share/dotnet/sdk/9.0.200/Sdks/Microsoft.NET.Sdk/targets/Microsoft.NET.Sdk.BeforeCommon.targets" from project "/Users/dacanetdev/Dev/AIGenerated/RoadmapSkills/tests/Modules/Users/DeventSoft.RoadmapSkills.Users.IntegrationTests/DeventSoft.RoadmapSkills.Users.IntegrationTests.csproj" (target "BeforeCompile" depends on it):
   2:6>Done building target "AddImplicitDefineConstants" in project "DeventSoft.RoadmapSkills.Users.IntegrationTests.csproj".
   6:6>ResolveAssemblyReferences:
             /Users/dacanetdev/.nuget/packages/microsoft.aspnetcore.app.ref/8.0.13/ref/net8.0/Microsoft.Extensions.Caching.Memory.dll
   9:7>Target "ValidateExecutableReferences" in file "/usr/local/share/dotnet/sdk/9.0.200/Sdks/Microsoft.NET.Sdk/targets/Microsoft.NET.Sdk.targets" from project "/Users/dacanetdev/Dev/AIGenerated/RoadmapSkills/src/Modules/Users/DeventSoft.RoadmapSkills.Users.Domain/DeventSoft.RoadmapSkills.Users.Domain.csproj" (target "PrepareProjectReferences" depends on it):
   9:7>Using "ValidateExecutableReferences" task from assembly "/usr/local/share/dotnet/sdk/9.0.200/Sdks/Microsoft.NET.Sdk/targets/../tools/net9.0/Microsoft.NET.Build.Tasks.dll".
   2:6>Target "PrepareForBuild" skipped. Previously built successfully.
   6:6>ResolveAssemblyReferences:
                 Private = 'false'
   9:7>Task "ValidateExecutableReferences"
   6:6>ResolveAssemblyReferences:
             /Users/dacanetdev/.nuget/packages/microsoft.aspnetcore.app.ref/8.0.13/ref/net8.0/Microsoft.Extensions.Configuration.Abstractions.dll
   5:6>Target "GenerateMSBuildEditorConfigFile" in file "/usr/local/share/dotnet/sdk/9.0.200/Roslyn/Microsoft.Managed.Core.targets" from project "/Users/dacanetdev/Dev/AIGenerated/RoadmapSkills/tests/Modules/Users/DeventSoft.RoadmapSkills.Users.UnitTests/DeventSoft.RoadmapSkills.Users.UnitTests.csproj" (target "BeforeCompile" depends on it):
   5:6>Done building target "GenerateMSBuildEditorConfigFile" in project "DeventSoft.RoadmapSkills.Users.UnitTests.csproj".
   9:7>Done executing task "ValidateExecutableReferences".
   6:6>ResolveAssemblyReferences:
                 Private = 'false'
   2:6>Target "GenerateMSBuildEditorConfigFileShouldRun" in file "/usr/local/share/dotnet/sdk/9.0.200/Roslyn/Microsoft.Managed.Core.targets" from project "/Users/dacanetdev/Dev/AIGenerated/RoadmapSkills/tests/Modules/Users/DeventSoft.RoadmapSkills.Users.IntegrationTests/DeventSoft.RoadmapSkills.Users.IntegrationTests.csproj" (target "GenerateMSBuildEditorConfigFile" depends on it):
   2:6>Done building target "GenerateMSBuildEditorConfigFileShouldRun" in project "DeventSoft.RoadmapSkills.Users.IntegrationTests.csproj".
   5:6>Target "PrepareForBuild" skipped. Previously built successfully.
   9:7>Done building target "ValidateExecutableReferences" in project "DeventSoft.RoadmapSkills.Users.Domain.csproj".
   6:6>ResolveAssemblyReferences:
             /Users/dacanetdev/.nuget/packages/microsoft.aspnetcore.app.ref/8.0.13/ref/net8.0/Microsoft.Extensions.Configuration.Binder.dll
   5:6>Target "GetReferenceAssemblyPaths" skipped. Previously built successfully.
   9:7>Target "_GetProjectReferencePlatformProperties" skipped, due to false condition; ('$(EnableDynamicPlatformResolution)' == 'true'
                     and '@(_MSBuildProjectReferenceExistent)' != '') was evaluated as ('' == 'true'
                     and '../../../Shared/DeventSoft.RoadmapSkills.Shared.Domain/DeventSoft.RoadmapSkills.Shared.Domain.csproj' != '').
   6:6>ResolveAssemblyReferences:
                 Private = 'false'
   2:6>Target "AddGlobalAnalyzerConfigForPackage_MicrosoftCodeAnalysisCSharpCodeStyle" in file "/usr/local/share/dotnet/sdk/9.0.200/Sdks/Microsoft.NET.Sdk/codestyle/cs/build/Microsoft.CodeAnalysis.CSharp.CodeStyle.targets" from project "/Users/dacanetdev/Dev/AIGenerated/RoadmapSkills/tests/Modules/Users/DeventSoft.RoadmapSkills.Users.IntegrationTests/DeventSoft.RoadmapSkills.Users.IntegrationTests.csproj" (target "GenerateMSBuildEditorConfigFileCore" depends on it):
   2:6>Done building target "AddGlobalAnalyzerConfigForPackage_MicrosoftCodeAnalysisCSharpCodeStyle" in project "DeventSoft.RoadmapSkills.Users.IntegrationTests.csproj".
   6:6>ResolveAssemblyReferences:
             /Users/dacanetdev/.nuget/packages/microsoft.aspnetcore.app.ref/8.0.13/ref/net8.0/Microsoft.Extensions.Configuration.CommandLine.dll
   5:6>Target "_SetTargetFrameworkMonikerAttribute" in file "/usr/local/share/dotnet/sdk/9.0.200/Microsoft.CSharp.CurrentVersion.targets" from project "/Users/dacanetdev/Dev/AIGenerated/RoadmapSkills/tests/Modules/Users/DeventSoft.RoadmapSkills.Users.UnitTests/DeventSoft.RoadmapSkills.Users.UnitTests.csproj" (target "GenerateTargetFrameworkMonikerAttribute" depends on it):
   5:6>Done building target "_SetTargetFrameworkMonikerAttribute" in project "DeventSoft.RoadmapSkills.Users.UnitTests.csproj".
   9:7>Target "PrepareProjectReferences" in file "/usr/local/share/dotnet/sdk/9.0.200/Microsoft.Common.CurrentVersion.targets" from project "/Users/dacanetdev/Dev/AIGenerated/RoadmapSkills/src/Modules/Users/DeventSoft.RoadmapSkills.Users.Domain/DeventSoft.RoadmapSkills.Users.Domain.csproj" (target "ResolveProjectReferences" depends on it):
   9:7>Done building target "PrepareProjectReferences" in project "DeventSoft.RoadmapSkills.Users.Domain.csproj".
   2:6>Target "GenerateMSBuildEditorConfigFileCore" in file "/usr/local/share/dotnet/sdk/9.0.200/Roslyn/Microsoft.Managed.Core.targets" from project "/Users/dacanetdev/Dev/AIGenerated/RoadmapSkills/tests/Modules/Users/DeventSoft.RoadmapSkills.Users.IntegrationTests/DeventSoft.RoadmapSkills.Users.IntegrationTests.csproj" (target "GenerateMSBuildEditorConfigFile" depends on it):
   2:6>Building target "GenerateMSBuildEditorConfigFileCore" completely.
   6:6>ResolveAssemblyReferences:
                 Private = 'false'
             /Users/dacanetdev/.nuget/packages/microsoft.aspnetcore.app.ref/8.0.13/ref/net8.0/Microsoft.Extensions.Configuration.EnvironmentVariables.dll
   5:6>Target "GenerateTargetFrameworkMonikerAttribute" in file "/usr/local/share/dotnet/sdk/9.0.200/Microsoft.Common.CurrentVersion.targets" from project "/Users/dacanetdev/Dev/AIGenerated/RoadmapSkills/tests/Modules/Users/DeventSoft.RoadmapSkills.Users.UnitTests/DeventSoft.RoadmapSkills.Users.UnitTests.csproj" (target "BeforeCompile" depends on it):
   5:6>Skipping target "GenerateTargetFrameworkMonikerAttribute" because all output files are up-to-date with respect to the input files.
   2:6>GenerateMSBuildEditorConfigFileCore:
       No input files were specified.
   6:6>ResolveAssemblyReferences:
                 Private = 'false'
   9:7>Target "ResolveProjectReferences" in file "/usr/local/share/dotnet/sdk/9.0.200/Microsoft.Common.CurrentVersion.targets" from project "/Users/dacanetdev/Dev/AIGenerated/RoadmapSkills/src/Modules/Users/DeventSoft.RoadmapSkills.Users.Domain/DeventSoft.RoadmapSkills.Users.Domain.csproj" (target "ResolveReferences" depends on it):
   9:7>Task "MSBuild" skipped, due to false condition; ('%(_MSBuildProjectReferenceExistent.BuildReference)' == 'true' and '@(ProjectReferenceWithConfiguration)' != '' and ('$(BuildingInsideVisualStudio)' == 'true' or '$(BuildProjectReferences)' != 'true') and '$(VisualStudioVersion)' != '10.0' and '@(_MSBuildProjectReferenceExistent)' != '') was evaluated as ('true' == 'true' and '../../../Shared/DeventSoft.RoadmapSkills.Shared.Domain/DeventSoft.RoadmapSkills.Shared.Domain.csproj' != '' and ('' == 'true' or 'true' != 'true') and '17.0' != '10.0' and '../../../Shared/DeventSoft.RoadmapSkills.Shared.Domain/DeventSoft.RoadmapSkills.Shared.Domain.csproj' != '').
   2:6>GenerateMSBuildEditorConfigFileCore:
       Using "GenerateMSBuildEditorConfig" task from assembly "/usr/local/share/dotnet/sdk/9.0.200/Roslyn/Microsoft.Build.Tasks.CodeAnalysis.dll".
   6:6>ResolveAssemblyReferences:
             /Users/dacanetdev/.nuget/packages/microsoft.aspnetcore.app.ref/8.0.13/ref/net8.0/Microsoft.Extensions.Configuration.FileExtensions.dll
                 Private = 'false'
   9:7>Task "MSBuild"
   2:6>Task "GenerateMSBuildEditorConfig"
   6:6>ResolveAssemblyReferences:
             /Users/dacanetdev/.nuget/packages/microsoft.aspnetcore.app.ref/8.0.13/ref/net8.0/Microsoft.Extensions.Configuration.Ini.dll
                 Private = 'false'
   5:6>GenerateTargetFrameworkMonikerAttribute:
       Input files: /usr/local/share/dotnet/sdk/9.0.200/Microsoft.Common.targets
   2:6>Done executing task "GenerateMSBuildEditorConfig".
   6:6>ResolveAssemblyReferences:
             /Users/dacanetdev/.nuget/packages/microsoft.aspnetcore.app.ref/8.0.13/ref/net8.0/Microsoft.Extensions.Configuration.Json.dll
   2:6>Done building target "GenerateMSBuildEditorConfigFileCore" in project "DeventSoft.RoadmapSkills.Users.IntegrationTests.csproj".
   6:6>ResolveAssemblyReferences:
                 Private = 'false'
   5:6>GenerateTargetFrameworkMonikerAttribute:
       Output files: obj/Debug/net8.0/.NETCoreApp,Version=v8.0.AssemblyAttributes.cs
   6:6>ResolveAssemblyReferences:
             /Users/dacanetdev/.nuget/packages/microsoft.aspnetcore.app.ref/8.0.13/ref/net8.0/Microsoft.Extensions.Configuration.KeyPerFile.dll
   5:6>Done building target "GenerateTargetFrameworkMonikerAttribute" in project "DeventSoft.RoadmapSkills.Users.UnitTests.csproj".
   9:7>ResolveProjectReferences:
         Removing Properties:
   2:6>Target "GenerateMSBuildEditorConfigFile" in file "/usr/local/share/dotnet/sdk/9.0.200/Roslyn/Microsoft.Managed.Core.targets" from project "/Users/dacanetdev/Dev/AIGenerated/RoadmapSkills/tests/Modules/Users/DeventSoft.RoadmapSkills.Users.IntegrationTests/DeventSoft.RoadmapSkills.Users.IntegrationTests.csproj" (target "BeforeCompile" depends on it):
   2:6>Done building target "GenerateMSBuildEditorConfigFile" in project "DeventSoft.RoadmapSkills.Users.IntegrationTests.csproj".
   6:6>ResolveAssemblyReferences:
                 Private = 'false'
   5:6>Target "GenerateAdditionalSources" skipped, due to false condition; ('@(AssemblyAttributes)' != '' and '$(GenerateAdditionalSources)' == 'true') was evaluated as ('' != '' and '' == 'true').
   9:7>ResolveProjectReferences:
           Configuration
   2:6>Target "PrepareForBuild" skipped. Previously built successfully.
   5:6>Target "PrepareForBuild" skipped. Previously built successfully.
   6:6>ResolveAssemblyReferences:
             /Users/dacanetdev/.nuget/packages/microsoft.aspnetcore.app.ref/8.0.13/ref/net8.0/Microsoft.Extensions.Configuration.UserSecrets.dll
   9:7>ResolveProjectReferences:
           Platform
   6:6>ResolveAssemblyReferences:
                 Private = 'false'
   2:6>Target "GetReferenceAssemblyPaths" skipped. Previously built successfully.
   9:7>ResolveProjectReferences:
         Removing Properties for project "../../../Shared/DeventSoft.RoadmapSkills.Shared.Domain/DeventSoft.RoadmapSkills.Shared.Domain.csproj":
   5:6>Target "GetAssemblyVersion" in file "/usr/local/share/dotnet/sdk/9.0.200/Sdks/Microsoft.NET.Sdk/targets/Microsoft.NET.GenerateAssemblyInfo.targets" from project "/Users/dacanetdev/Dev/AIGenerated/RoadmapSkills/tests/Modules/Users/DeventSoft.RoadmapSkills.Users.UnitTests/DeventSoft.RoadmapSkills.Users.UnitTests.csproj" (target "GetAssemblyAttributes" depends on it):
   5:6>Using "GetAssemblyVersion" task from assembly "/usr/local/share/dotnet/sdk/9.0.200/Sdks/Microsoft.NET.Sdk/targets/../tools/net9.0/Microsoft.NET.Build.Tasks.dll".
   9:7>ResolveProjectReferences:
           TargetFramework
   6:6>ResolveAssemblyReferences:
             /Users/dacanetdev/.nuget/packages/microsoft.aspnetcore.app.ref/8.0.13/ref/net8.0/Microsoft.Extensions.Configuration.Xml.dll
   5:6>Task "GetAssemblyVersion"
   6:6>ResolveAssemblyReferences:
                 Private = 'false'
   9:7>ResolveProjectReferences:
           RuntimeIdentifier
   2:6>Target "_SetTargetFrameworkMonikerAttribute" in file "/usr/local/share/dotnet/sdk/9.0.200/Microsoft.CSharp.CurrentVersion.targets" from project "/Users/dacanetdev/Dev/AIGenerated/RoadmapSkills/tests/Modules/Users/DeventSoft.RoadmapSkills.Users.IntegrationTests/DeventSoft.RoadmapSkills.Users.IntegrationTests.csproj" (target "GenerateTargetFrameworkMonikerAttribute" depends on it):
   2:6>Done building target "_SetTargetFrameworkMonikerAttribute" in project "DeventSoft.RoadmapSkills.Users.IntegrationTests.csproj".
   5:6>Done executing task "GetAssemblyVersion".
   6:6>ResolveAssemblyReferences:
             /Users/dacanetdev/.nuget/packages/microsoft.aspnetcore.app.ref/8.0.13/ref/net8.0/Microsoft.Extensions.Configuration.dll
   9:7>ResolveProjectReferences:
           SelfContained
   5:6>Done building target "GetAssemblyVersion" in project "DeventSoft.RoadmapSkills.Users.UnitTests.csproj".
   6:6>ResolveAssemblyReferences:
                 Private = 'false'
   2:6>Target "GenerateTargetFrameworkMonikerAttribute" in file "/usr/local/share/dotnet/sdk/9.0.200/Microsoft.Common.CurrentVersion.targets" from project "/Users/dacanetdev/Dev/AIGenerated/RoadmapSkills/tests/Modules/Users/DeventSoft.RoadmapSkills.Users.IntegrationTests/DeventSoft.RoadmapSkills.Users.IntegrationTests.csproj" (target "BeforeCompile" depends on it):
   2:6>Skipping target "GenerateTargetFrameworkMonikerAttribute" because all output files are up-to-date with respect to the input files.
   5:6>Target "GetAssemblyVersion" skipped. Previously built successfully.
   6:6>ResolveAssemblyReferences:
             /Users/dacanetdev/.nuget/packages/microsoft.aspnetcore.app.ref/8.0.13/ref/net8.0/Microsoft.Extensions.DependencyInjection.Abstractions.dll
   2:6>GenerateTargetFrameworkMonikerAttribute:
       Input files: /usr/local/share/dotnet/sdk/9.0.200/Microsoft.Common.targets
   6:6>ResolveAssemblyReferences:
                 Private = 'false'
   2:6>GenerateTargetFrameworkMonikerAttribute:
       Output files: obj/Debug/net8.0/.NETCoreApp,Version=v8.0.AssemblyAttributes.cs
   6:6>ResolveAssemblyReferences:
             /Users/dacanetdev/.nuget/packages/microsoft.aspnetcore.app.ref/8.0.13/ref/net8.0/Microsoft.Extensions.DependencyInjection.dll
   5:6>Target "InitializeSourceControlInformationFromSourceControlManager" in file "/usr/local/share/dotnet/sdk/9.0.200/Sdks/Microsoft.Build.Tasks.Git/build/Microsoft.Build.Tasks.Git.targets" from project "/Users/dacanetdev/Dev/AIGenerated/RoadmapSkills/tests/Modules/Users/DeventSoft.RoadmapSkills.Users.UnitTests/DeventSoft.RoadmapSkills.Users.UnitTests.csproj" (target "_InitializeSourceControlInformationFromSourceControlManager" depends on it):
   5:6>Using "Microsoft.Build.Tasks.Git.LocateRepository" task from assembly "/usr/local/share/dotnet/sdk/9.0.200/Sdks/Microsoft.Build.Tasks.Git/build/../tools/net/Microsoft.Build.Tasks.Git.dll".
       Task "Microsoft.Build.Tasks.Git.LocateRepository"
   2:6>Done building target "GenerateTargetFrameworkMonikerAttribute" in project "DeventSoft.RoadmapSkills.Users.IntegrationTests.csproj".
   5:6>InitializeSourceControlInformationFromSourceControlManager:
         SourceLink: Repository instance not found in cache: '*:/Users/dacanetdev/Dev/AIGenerated/RoadmapSkills/.git'
   6:6>ResolveAssemblyReferences:
                 Private = 'false'
   2:6>Target "GenerateAdditionalSources" skipped, due to false condition; ('@(AssemblyAttributes)' != '' and '$(GenerateAdditionalSources)' == 'true') was evaluated as ('' != '' and '' == 'true').
   5:6>Done executing task "Microsoft.Build.Tasks.Git.LocateRepository".
   6:6>ResolveAssemblyReferences:
             /Users/dacanetdev/.nuget/packages/microsoft.aspnetcore.app.ref/8.0.13/ref/net8.0/Microsoft.Extensions.Diagnostics.Abstractions.dll
   2:6>Target "PrepareForBuild" skipped. Previously built successfully.
   5:6>Done building target "InitializeSourceControlInformationFromSourceControlManager" in project "DeventSoft.RoadmapSkills.Users.UnitTests.csproj".
   6:6>ResolveAssemblyReferences:
                 Private = 'false'
             /Users/dacanetdev/.nuget/packages/microsoft.aspnetcore.app.ref/8.0.13/ref/net8.0/Microsoft.Extensions.Diagnostics.HealthChecks.Abstractions.dll
   2:6>Target "GetAssemblyVersion" in file "/usr/local/share/dotnet/sdk/9.0.200/Sdks/Microsoft.NET.Sdk/targets/Microsoft.NET.GenerateAssemblyInfo.targets" from project "/Users/dacanetdev/Dev/AIGenerated/RoadmapSkills/tests/Modules/Users/DeventSoft.RoadmapSkills.Users.IntegrationTests/DeventSoft.RoadmapSkills.Users.IntegrationTests.csproj" (target "GetAssemblyAttributes" depends on it):
   2:6>Using "GetAssemblyVersion" task from assembly "/usr/local/share/dotnet/sdk/9.0.200/Sdks/Microsoft.NET.Sdk/targets/../tools/net9.0/Microsoft.NET.Build.Tasks.dll".
   5:6>Target "_SourceLinkHasSingleProvider" in file "/usr/local/share/dotnet/sdk/9.0.200/Sdks/Microsoft.SourceLink.Common/build/InitializeSourceControlInformation.targets" from project "/Users/dacanetdev/Dev/AIGenerated/RoadmapSkills/tests/Modules/Users/DeventSoft.RoadmapSkills.Users.UnitTests/DeventSoft.RoadmapSkills.Users.UnitTests.csproj" (target "_InitializeSourceControlInformationFromSourceControlManager" depends on it):
   5:6>Using "Microsoft.SourceLink.Common.SourceLinkHasSingleProvider" task from assembly "/usr/local/share/dotnet/sdk/9.0.200/Sdks/Microsoft.SourceLink.Common/build/../tools/net/Microsoft.SourceLink.Common.dll".
   6:6>ResolveAssemblyReferences:
                 Private = 'false'
   2:6>Task "GetAssemblyVersion"
   5:6>Task "Microsoft.SourceLink.Common.SourceLinkHasSingleProvider"
   6:6>ResolveAssemblyReferences:
             /Users/dacanetdev/.nuget/packages/microsoft.aspnetcore.app.ref/8.0.13/ref/net8.0/Microsoft.Extensions.Diagnostics.HealthChecks.dll
   2:6>Done executing task "GetAssemblyVersion".
   5:6>Done executing task "Microsoft.SourceLink.Common.SourceLinkHasSingleProvider".
   6:6>ResolveAssemblyReferences:
                 Private = 'false'
             /Users/dacanetdev/.nuget/packages/microsoft.aspnetcore.app.ref/8.0.13/ref/net8.0/Microsoft.Extensions.Diagnostics.dll
   2:6>Done building target "GetAssemblyVersion" in project "DeventSoft.RoadmapSkills.Users.IntegrationTests.csproj".
   5:6>Done building target "_SourceLinkHasSingleProvider" in project "DeventSoft.RoadmapSkills.Users.UnitTests.csproj".
   6:6>ResolveAssemblyReferences:
                 Private = 'false'
   2:6>Target "GetAssemblyVersion" skipped. Previously built successfully.
   6:6>ResolveAssemblyReferences:
             /Users/dacanetdev/.nuget/packages/microsoft.aspnetcore.app.ref/8.0.13/ref/net8.0/Microsoft.Extensions.Features.dll
                 Private = 'false'
   2:6>Target "InitializeSourceControlInformationFromSourceControlManager" in file "/usr/local/share/dotnet/sdk/9.0.200/Sdks/Microsoft.Build.Tasks.Git/build/Microsoft.Build.Tasks.Git.targets" from project "/Users/dacanetdev/Dev/AIGenerated/RoadmapSkills/tests/Modules/Users/DeventSoft.RoadmapSkills.Users.IntegrationTests/DeventSoft.RoadmapSkills.Users.IntegrationTests.csproj" (target "_InitializeSourceControlInformationFromSourceControlManager" depends on it):
   2:6>Using "Microsoft.Build.Tasks.Git.LocateRepository" task from assembly "/usr/local/share/dotnet/sdk/9.0.200/Sdks/Microsoft.Build.Tasks.Git/build/../tools/net/Microsoft.Build.Tasks.Git.dll".
   6:6>ResolveAssemblyReferences:
             /Users/dacanetdev/.nuget/packages/microsoft.aspnetcore.app.ref/8.0.13/ref/net8.0/Microsoft.Extensions.FileProviders.Abstractions.dll
   5:6>Target "TranslateGitHubUrlsInSourceControlInformation" in file "/usr/local/share/dotnet/sdk/9.0.200/Sdks/Microsoft.SourceLink.GitHub/build/Microsoft.SourceLink.GitHub.targets" from project "/Users/dacanetdev/Dev/AIGenerated/RoadmapSkills/tests/Modules/Users/DeventSoft.RoadmapSkills.Users.UnitTests/DeventSoft.RoadmapSkills.Users.UnitTests.csproj" (target "_InitializeSourceControlInformationFromSourceControlManager" depends on it):
   5:6>Using "Microsoft.SourceLink.GitHub.TranslateRepositoryUrls" task from assembly "/usr/local/share/dotnet/sdk/9.0.200/Sdks/Microsoft.SourceLink.GitHub/build/../tools/net/Microsoft.SourceLink.GitHub.dll".
   2:6>Task "Microsoft.Build.Tasks.Git.LocateRepository"
   6:6>ResolveAssemblyReferences:
                 Private = 'false'
             /Users/dacanetdev/.nuget/packages/microsoft.aspnetcore.app.ref/8.0.13/ref/net8.0/Microsoft.Extensions.FileProviders.Composite.dll
   5:6>Task "Microsoft.SourceLink.GitHub.TranslateRepositoryUrls"
   6:6>ResolveAssemblyReferences:
                 Private = 'false'
   5:6>Done executing task "Microsoft.SourceLink.GitHub.TranslateRepositoryUrls".
   2:6>InitializeSourceControlInformationFromSourceControlManager:
         SourceLink: Repository instance not found in cache: '*:/Users/dacanetdev/Dev/AIGenerated/RoadmapSkills/.git'
   5:6>Done building target "TranslateGitHubUrlsInSourceControlInformation" in project "DeventSoft.RoadmapSkills.Users.UnitTests.csproj".
   6:6>ResolveAssemblyReferences:
             /Users/dacanetdev/.nuget/packages/microsoft.aspnetcore.app.ref/8.0.13/ref/net8.0/Microsoft.Extensions.FileProviders.Embedded.dll
   2:6>Done executing task "Microsoft.Build.Tasks.Git.LocateRepository".
   6:6>ResolveAssemblyReferences:
                 Private = 'false'
             /Users/dacanetdev/.nuget/packages/microsoft.aspnetcore.app.ref/8.0.13/ref/net8.0/Microsoft.Extensions.FileProviders.Physical.dll
   2:6>Done building target "InitializeSourceControlInformationFromSourceControlManager" in project "DeventSoft.RoadmapSkills.Users.IntegrationTests.csproj".
   5:6>Target "TranslateGitLabUrlsInSourceControlInformation" in file "/usr/local/share/dotnet/sdk/9.0.200/Sdks/Microsoft.SourceLink.GitLab/build/Microsoft.SourceLink.GitLab.targets" from project "/Users/dacanetdev/Dev/AIGenerated/RoadmapSkills/tests/Modules/Users/DeventSoft.RoadmapSkills.Users.UnitTests/DeventSoft.RoadmapSkills.Users.UnitTests.csproj" (target "_InitializeSourceControlInformationFromSourceControlManager" depends on it):
   5:6>Using "Microsoft.SourceLink.GitLab.TranslateRepositoryUrls" task from assembly "/usr/local/share/dotnet/sdk/9.0.200/Sdks/Microsoft.SourceLink.GitLab/build/../tools/net/Microsoft.SourceLink.GitLab.dll".
   6:6>ResolveAssemblyReferences:
                 Private = 'false'
             /Users/dacanetdev/.nuget/packages/microsoft.aspnetcore.app.ref/8.0.13/ref/net8.0/Microsoft.Extensions.FileSystemGlobbing.dll
                 Private = 'false'
   5:6>Task "Microsoft.SourceLink.GitLab.TranslateRepositoryUrls"
   6:6>ResolveAssemblyReferences:
             /Users/dacanetdev/.nuget/packages/microsoft.aspnetcore.app.ref/8.0.13/ref/net8.0/Microsoft.Extensions.Hosting.Abstractions.dll
   5:6>Done executing task "Microsoft.SourceLink.GitLab.TranslateRepositoryUrls".
   2:6>Target "_SourceLinkHasSingleProvider" in file "/usr/local/share/dotnet/sdk/9.0.200/Sdks/Microsoft.SourceLink.Common/build/InitializeSourceControlInformation.targets" from project "/Users/dacanetdev/Dev/AIGenerated/RoadmapSkills/tests/Modules/Users/DeventSoft.RoadmapSkills.Users.IntegrationTests/DeventSoft.RoadmapSkills.Users.IntegrationTests.csproj" (target "_InitializeSourceControlInformationFromSourceControlManager" depends on it):
   2:6>Using "Microsoft.SourceLink.Common.SourceLinkHasSingleProvider" task from assembly "/usr/local/share/dotnet/sdk/9.0.200/Sdks/Microsoft.SourceLink.Common/build/../tools/net/Microsoft.SourceLink.Common.dll".
   6:6>ResolveAssemblyReferences:
                 Private = 'false'
   5:6>Done building target "TranslateGitLabUrlsInSourceControlInformation" in project "DeventSoft.RoadmapSkills.Users.UnitTests.csproj".
   2:6>Task "Microsoft.SourceLink.Common.SourceLinkHasSingleProvider"
   6:6>ResolveAssemblyReferences:
             /Users/dacanetdev/.nuget/packages/microsoft.aspnetcore.app.ref/8.0.13/ref/net8.0/Microsoft.Extensions.Hosting.dll
   2:6>Done executing task "Microsoft.SourceLink.Common.SourceLinkHasSingleProvider".
   6:6>ResolveAssemblyReferences:
                 Private = 'false'
   5:6>Target "TranslateAzureReposGitUrlsInSourceControlInformation" in file "/usr/local/share/dotnet/sdk/9.0.200/Sdks/Microsoft.SourceLink.AzureRepos.Git/build/Microsoft.SourceLink.AzureRepos.Git.targets" from project "/Users/dacanetdev/Dev/AIGenerated/RoadmapSkills/tests/Modules/Users/DeventSoft.RoadmapSkills.Users.UnitTests/DeventSoft.RoadmapSkills.Users.UnitTests.csproj" (target "_InitializeSourceControlInformationFromSourceControlManager" depends on it):
   5:6>Using "Microsoft.SourceLink.AzureRepos.Git.TranslateRepositoryUrls" task from assembly "/usr/local/share/dotnet/sdk/9.0.200/Sdks/Microsoft.SourceLink.AzureRepos.Git/build/../tools/net/Microsoft.SourceLink.AzureRepos.Git.dll".
   2:6>Done building target "_SourceLinkHasSingleProvider" in project "DeventSoft.RoadmapSkills.Users.IntegrationTests.csproj".
   6:6>ResolveAssemblyReferences:
             /Users/dacanetdev/.nuget/packages/microsoft.aspnetcore.app.ref/8.0.13/ref/net8.0/Microsoft.Extensions.Http.dll
   5:6>Task "Microsoft.SourceLink.AzureRepos.Git.TranslateRepositoryUrls"
   6:6>ResolveAssemblyReferences:
                 Private = 'false'
   2:6>Target "TranslateGitHubUrlsInSourceControlInformation" in file "/usr/local/share/dotnet/sdk/9.0.200/Sdks/Microsoft.SourceLink.GitHub/build/Microsoft.SourceLink.GitHub.targets" from project "/Users/dacanetdev/Dev/AIGenerated/RoadmapSkills/tests/Modules/Users/DeventSoft.RoadmapSkills.Users.IntegrationTests/DeventSoft.RoadmapSkills.Users.IntegrationTests.csproj" (target "_InitializeSourceControlInformationFromSourceControlManager" depends on it):
   2:6>Using "Microsoft.SourceLink.GitHub.TranslateRepositoryUrls" task from assembly "/usr/local/share/dotnet/sdk/9.0.200/Sdks/Microsoft.SourceLink.GitHub/build/../tools/net/Microsoft.SourceLink.GitHub.dll".
   5:6>Done executing task "Microsoft.SourceLink.AzureRepos.Git.TranslateRepositoryUrls".
   6:6>ResolveAssemblyReferences:
             /Users/dacanetdev/.nuget/packages/microsoft.aspnetcore.app.ref/8.0.13/ref/net8.0/Microsoft.Extensions.Identity.Core.dll
                 Private = 'false'
   5:6>Done building target "TranslateAzureReposGitUrlsInSourceControlInformation" in project "DeventSoft.RoadmapSkills.Users.UnitTests.csproj".
   2:6>Task "Microsoft.SourceLink.GitHub.TranslateRepositoryUrls"
   6:6>ResolveAssemblyReferences:
             /Users/dacanetdev/.nuget/packages/microsoft.aspnetcore.app.ref/8.0.13/ref/net8.0/Microsoft.Extensions.Identity.Stores.dll
   2:6>Done executing task "Microsoft.SourceLink.GitHub.TranslateRepositoryUrls".
   6:6>ResolveAssemblyReferences:
                 Private = 'false'
   2:6>Done building target "TranslateGitHubUrlsInSourceControlInformation" in project "DeventSoft.RoadmapSkills.Users.IntegrationTests.csproj".
   6:6>ResolveAssemblyReferences:
             /Users/dacanetdev/.nuget/packages/microsoft.aspnetcore.app.ref/8.0.13/ref/net8.0/Microsoft.Extensions.Localization.Abstractions.dll
   5:6>Target "TranslateBitbucketGitUrlsInSourceControlInformation" in file "/usr/local/share/dotnet/sdk/9.0.200/Sdks/Microsoft.SourceLink.Bitbucket.Git/build/Microsoft.SourceLink.Bitbucket.Git.targets" from project "/Users/dacanetdev/Dev/AIGenerated/RoadmapSkills/tests/Modules/Users/DeventSoft.RoadmapSkills.Users.UnitTests/DeventSoft.RoadmapSkills.Users.UnitTests.csproj" (target "_InitializeSourceControlInformationFromSourceControlManager" depends on it):
   5:6>Using "Microsoft.SourceLink.Bitbucket.Git.TranslateRepositoryUrls" task from assembly "/usr/local/share/dotnet/sdk/9.0.200/Sdks/Microsoft.SourceLink.Bitbucket.Git/build/../tools/net/Microsoft.SourceLink.Bitbucket.Git.dll".
   6:6>ResolveAssemblyReferences:
                 Private = 'false'
   5:6>Task "Microsoft.SourceLink.Bitbucket.Git.TranslateRepositoryUrls"
   6:6>ResolveAssemblyReferences:
             /Users/dacanetdev/.nuget/packages/microsoft.aspnetcore.app.ref/8.0.13/ref/net8.0/Microsoft.Extensions.Localization.dll
   2:6>Target "TranslateGitLabUrlsInSourceControlInformation" in file "/usr/local/share/dotnet/sdk/9.0.200/Sdks/Microsoft.SourceLink.GitLab/build/Microsoft.SourceLink.GitLab.targets" from project "/Users/dacanetdev/Dev/AIGenerated/RoadmapSkills/tests/Modules/Users/DeventSoft.RoadmapSkills.Users.IntegrationTests/DeventSoft.RoadmapSkills.Users.IntegrationTests.csproj" (target "_InitializeSourceControlInformationFromSourceControlManager" depends on it):
   2:6>Using "Microsoft.SourceLink.GitLab.TranslateRepositoryUrls" task from assembly "/usr/local/share/dotnet/sdk/9.0.200/Sdks/Microsoft.SourceLink.GitLab/build/../tools/net/Microsoft.SourceLink.GitLab.dll".
   6:6>ResolveAssemblyReferences:
                 Private = 'false'
   2:6>Task "Microsoft.SourceLink.GitLab.TranslateRepositoryUrls"
   5:6>Done executing task "Microsoft.SourceLink.Bitbucket.Git.TranslateRepositoryUrls".
   6:6>ResolveAssemblyReferences:
             /Users/dacanetdev/.nuget/packages/microsoft.aspnetcore.app.ref/8.0.13/ref/net8.0/Microsoft.Extensions.Logging.Abstractions.dll
   2:6>Done executing task "Microsoft.SourceLink.GitLab.TranslateRepositoryUrls".
   5:6>Done building target "TranslateBitbucketGitUrlsInSourceControlInformation" in project "DeventSoft.RoadmapSkills.Users.UnitTests.csproj".
   6:6>ResolveAssemblyReferences:
                 Private = 'false'
   2:6>Done building target "TranslateGitLabUrlsInSourceControlInformation" in project "DeventSoft.RoadmapSkills.Users.IntegrationTests.csproj".
   6:6>ResolveAssemblyReferences:
             /Users/dacanetdev/.nuget/packages/microsoft.aspnetcore.app.ref/8.0.13/ref/net8.0/Microsoft.Extensions.Logging.Configuration.dll
   5:6>Target "SourceControlManagerPublishTranslatedUrls" in file "/usr/local/share/dotnet/sdk/9.0.200/Sdks/Microsoft.SourceLink.Common/build/InitializeSourceControlInformation.targets" from project "/Users/dacanetdev/Dev/AIGenerated/RoadmapSkills/tests/Modules/Users/DeventSoft.RoadmapSkills.Users.UnitTests/DeventSoft.RoadmapSkills.Users.UnitTests.csproj" (target "_InitializeSourceControlInformationFromSourceControlManager" depends on it):
   5:6>Done building target "SourceControlManagerPublishTranslatedUrls" in project "DeventSoft.RoadmapSkills.Users.UnitTests.csproj".
   6:6>ResolveAssemblyReferences:
                 Private = 'false'
   2:6>Target "TranslateAzureReposGitUrlsInSourceControlInformation" in file "/usr/local/share/dotnet/sdk/9.0.200/Sdks/Microsoft.SourceLink.AzureRepos.Git/build/Microsoft.SourceLink.AzureRepos.Git.targets" from project "/Users/dacanetdev/Dev/AIGenerated/RoadmapSkills/tests/Modules/Users/DeventSoft.RoadmapSkills.Users.IntegrationTests/DeventSoft.RoadmapSkills.Users.IntegrationTests.csproj" (target "_InitializeSourceControlInformationFromSourceControlManager" depends on it):
   2:6>Using "Microsoft.SourceLink.AzureRepos.Git.TranslateRepositoryUrls" task from assembly "/usr/local/share/dotnet/sdk/9.0.200/Sdks/Microsoft.SourceLink.AzureRepos.Git/build/../tools/net/Microsoft.SourceLink.AzureRepos.Git.dll".
   6:6>ResolveAssemblyReferences:
             /Users/dacanetdev/.nuget/packages/microsoft.aspnetcore.app.ref/8.0.13/ref/net8.0/Microsoft.Extensions.Logging.Console.dll
   2:6>Task "Microsoft.SourceLink.AzureRepos.Git.TranslateRepositoryUrls"
   5:6>Target "_InitializeSourceControlInformationFromSourceControlManager" in file "/usr/local/share/dotnet/sdk/9.0.200/Sdks/Microsoft.SourceLink.Common/build/InitializeSourceControlInformation.targets" from project "/Users/dacanetdev/Dev/AIGenerated/RoadmapSkills/tests/Modules/Users/DeventSoft.RoadmapSkills.Users.UnitTests/DeventSoft.RoadmapSkills.Users.UnitTests.csproj" (target "InitializeSourceControlInformation" depends on it):
   5:6>Done building target "_InitializeSourceControlInformationFromSourceControlManager" in project "DeventSoft.RoadmapSkills.Users.UnitTests.csproj".
   6:6>ResolveAssemblyReferences:
                 Private = 'false'
   2:6>Done executing task "Microsoft.SourceLink.AzureRepos.Git.TranslateRepositoryUrls".
   6:6>ResolveAssemblyReferences:
             /Users/dacanetdev/.nuget/packages/microsoft.aspnetcore.app.ref/8.0.13/ref/net8.0/Microsoft.Extensions.Logging.Debug.dll
   2:6>Done building target "TranslateAzureReposGitUrlsInSourceControlInformation" in project "DeventSoft.RoadmapSkills.Users.IntegrationTests.csproj".
   5:6>Target "InitializeSourceControlInformation" in file "/usr/local/share/dotnet/sdk/9.0.200/Microsoft.Common.CurrentVersion.targets" from project "/Users/dacanetdev/Dev/AIGenerated/RoadmapSkills/tests/Modules/Users/DeventSoft.RoadmapSkills.Users.UnitTests/DeventSoft.RoadmapSkills.Users.UnitTests.csproj" (target "AddSourceRevisionToInformationalVersion" depends on it):
   5:6>Done building target "InitializeSourceControlInformation" in project "DeventSoft.RoadmapSkills.Users.UnitTests.csproj".
   6:6>ResolveAssemblyReferences:
                 Private = 'false'
             /Users/dacanetdev/.nuget/packages/microsoft.aspnetcore.app.ref/8.0.13/ref/net8.0/Microsoft.Extensions.Logging.EventLog.dll
   2:6>Target "TranslateBitbucketGitUrlsInSourceControlInformation" in file "/usr/local/share/dotnet/sdk/9.0.200/Sdks/Microsoft.SourceLink.Bitbucket.Git/build/Microsoft.SourceLink.Bitbucket.Git.targets" from project "/Users/dacanetdev/Dev/AIGenerated/RoadmapSkills/tests/Modules/Users/DeventSoft.RoadmapSkills.Users.IntegrationTests/DeventSoft.RoadmapSkills.Users.IntegrationTests.csproj" (target "_InitializeSourceControlInformationFromSourceControlManager" depends on it):
   2:6>Using "Microsoft.SourceLink.Bitbucket.Git.TranslateRepositoryUrls" task from assembly "/usr/local/share/dotnet/sdk/9.0.200/Sdks/Microsoft.SourceLink.Bitbucket.Git/build/../tools/net/Microsoft.SourceLink.Bitbucket.Git.dll".
   6:6>ResolveAssemblyReferences:
                 Private = 'false'
   2:6>Task "Microsoft.SourceLink.Bitbucket.Git.TranslateRepositoryUrls"
   6:6>ResolveAssemblyReferences:
             /Users/dacanetdev/.nuget/packages/microsoft.aspnetcore.app.ref/8.0.13/ref/net8.0/Microsoft.Extensions.Logging.EventSource.dll
   2:6>Done executing task "Microsoft.SourceLink.Bitbucket.Git.TranslateRepositoryUrls".
   6:6>ResolveAssemblyReferences:
                 Private = 'false'
   5:6>Target "AddSourceRevisionToInformationalVersion" in file "/usr/local/share/dotnet/sdk/9.0.200/Sdks/Microsoft.NET.Sdk/targets/Microsoft.NET.GenerateAssemblyInfo.targets" from project "/Users/dacanetdev/Dev/AIGenerated/RoadmapSkills/tests/Modules/Users/DeventSoft.RoadmapSkills.Users.UnitTests/DeventSoft.RoadmapSkills.Users.UnitTests.csproj" (target "GetAssemblyAttributes" depends on it):
   5:6>Done building target "AddSourceRevisionToInformationalVersion" in project "DeventSoft.RoadmapSkills.Users.UnitTests.csproj".
   2:6>Done building target "TranslateBitbucketGitUrlsInSourceControlInformation" in project "DeventSoft.RoadmapSkills.Users.IntegrationTests.csproj".
   6:6>ResolveAssemblyReferences:
             /Users/dacanetdev/.nuget/packages/microsoft.aspnetcore.app.ref/8.0.13/ref/net8.0/Microsoft.Extensions.Logging.TraceSource.dll
                 Private = 'false'
   5:6>Target "_GetUserSecretsAssemblyAttribute" skipped, due to false condition; ( '$(UserSecretsId)' != '' AND '$(GenerateUserSecretsAttribute)' != 'false' AND '$(GeneratedUserSecretsAttributeFile)' == '' ) was evaluated as ( '' != '' AND '' != 'false' AND '' == '' ).
   2:6>Target "SourceControlManagerPublishTranslatedUrls" in file "/usr/local/share/dotnet/sdk/9.0.200/Sdks/Microsoft.SourceLink.Common/build/InitializeSourceControlInformation.targets" from project "/Users/dacanetdev/Dev/AIGenerated/RoadmapSkills/tests/Modules/Users/DeventSoft.RoadmapSkills.Users.IntegrationTests/DeventSoft.RoadmapSkills.Users.IntegrationTests.csproj" (target "_InitializeSourceControlInformationFromSourceControlManager" depends on it):
   2:6>Done building target "SourceControlManagerPublishTranslatedUrls" in project "DeventSoft.RoadmapSkills.Users.IntegrationTests.csproj".
   6:6>ResolveAssemblyReferences:
             /Users/dacanetdev/.nuget/packages/microsoft.aspnetcore.app.ref/8.0.13/ref/net8.0/Microsoft.Extensions.Logging.dll
                 Private = 'false'
   5:6>Target "GetAssemblyAttributes" in file "/usr/local/share/dotnet/sdk/9.0.200/Sdks/Microsoft.NET.Sdk/targets/Microsoft.NET.GenerateAssemblyInfo.targets" from project "/Users/dacanetdev/Dev/AIGenerated/RoadmapSkills/tests/Modules/Users/DeventSoft.RoadmapSkills.Users.UnitTests/DeventSoft.RoadmapSkills.Users.UnitTests.csproj" (target "CreateGeneratedAssemblyInfoInputsCacheFile" depends on it):
   5:6>Done building target "GetAssemblyAttributes" in project "DeventSoft.RoadmapSkills.Users.UnitTests.csproj".
   2:6>Target "_InitializeSourceControlInformationFromSourceControlManager" in file "/usr/local/share/dotnet/sdk/9.0.200/Sdks/Microsoft.SourceLink.Common/build/InitializeSourceControlInformation.targets" from project "/Users/dacanetdev/Dev/AIGenerated/RoadmapSkills/tests/Modules/Users/DeventSoft.RoadmapSkills.Users.IntegrationTests/DeventSoft.RoadmapSkills.Users.IntegrationTests.csproj" (target "InitializeSourceControlInformation" depends on it):
   2:6>Done building target "_InitializeSourceControlInformationFromSourceControlManager" in project "DeventSoft.RoadmapSkills.Users.IntegrationTests.csproj".
   6:6>ResolveAssemblyReferences:
             /Users/dacanetdev/.nuget/packages/microsoft.aspnetcore.app.ref/8.0.13/ref/net8.0/Microsoft.Extensions.ObjectPool.dll
                 Private = 'false'
   2:6>Target "InitializeSourceControlInformation" in file "/usr/local/share/dotnet/sdk/9.0.200/Microsoft.Common.CurrentVersion.targets" from project "/Users/dacanetdev/Dev/AIGenerated/RoadmapSkills/tests/Modules/Users/DeventSoft.RoadmapSkills.Users.IntegrationTests/DeventSoft.RoadmapSkills.Users.IntegrationTests.csproj" (target "AddSourceRevisionToInformationalVersion" depends on it):
   2:6>Done building target "InitializeSourceControlInformation" in project "DeventSoft.RoadmapSkills.Users.IntegrationTests.csproj".
   5:6>Target "CreateGeneratedAssemblyInfoInputsCacheFile" in file "/usr/local/share/dotnet/sdk/9.0.200/Sdks/Microsoft.NET.Sdk/targets/Microsoft.NET.GenerateAssemblyInfo.targets" from project "/Users/dacanetdev/Dev/AIGenerated/RoadmapSkills/tests/Modules/Users/DeventSoft.RoadmapSkills.Users.UnitTests/DeventSoft.RoadmapSkills.Users.UnitTests.csproj" (target "CoreGenerateAssemblyInfo" depends on it):
   5:6>Using "Hash" task from assembly "Microsoft.Build.Tasks.Core, Version=15.1.0.0, Culture=neutral, PublicKeyToken=b03f5f7f11d50a3a".
   6:6>ResolveAssemblyReferences:
             /Users/dacanetdev/.nuget/packages/microsoft.aspnetcore.app.ref/8.0.13/ref/net8.0/Microsoft.Extensions.Options.ConfigurationExtensions.dll
   5:6>Task "Hash"
   6:6>ResolveAssemblyReferences:
                 Private = 'false'
   2:6>Target "AddSourceRevisionToInformationalVersion" in file "/usr/local/share/dotnet/sdk/9.0.200/Sdks/Microsoft.NET.Sdk/targets/Microsoft.NET.GenerateAssemblyInfo.targets" from project "/Users/dacanetdev/Dev/AIGenerated/RoadmapSkills/tests/Modules/Users/DeventSoft.RoadmapSkills.Users.IntegrationTests/DeventSoft.RoadmapSkills.Users.IntegrationTests.csproj" (target "GetAssemblyAttributes" depends on it):
   2:6>Done building target "AddSourceRevisionToInformationalVersion" in project "DeventSoft.RoadmapSkills.Users.IntegrationTests.csproj".
   6:6>ResolveAssemblyReferences:
             /Users/dacanetdev/.nuget/packages/microsoft.aspnetcore.app.ref/8.0.13/ref/net8.0/Microsoft.Extensions.Options.DataAnnotations.dll
   2:6>Target "_GetUserSecretsAssemblyAttribute" skipped, due to false condition; ( '$(UserSecretsId)' != '' AND '$(GenerateUserSecretsAttribute)' != 'false' AND '$(GeneratedUserSecretsAttributeFile)' == '' ) was evaluated as ( '' != '' AND '' != 'false' AND '' == '' ).
   6:6>ResolveAssemblyReferences:
                 Private = 'false'
   5:6>Done executing task "Hash".
   6:6>ResolveAssemblyReferences:
             /Users/dacanetdev/.nuget/packages/microsoft.aspnetcore.app.ref/8.0.13/ref/net8.0/Microsoft.Extensions.Options.dll
   2:6>Target "GetAssemblyAttributes" in file "/usr/local/share/dotnet/sdk/9.0.200/Sdks/Microsoft.NET.Sdk/targets/Microsoft.NET.GenerateAssemblyInfo.targets" from project "/Users/dacanetdev/Dev/AIGenerated/RoadmapSkills/tests/Modules/Users/DeventSoft.RoadmapSkills.Users.IntegrationTests/DeventSoft.RoadmapSkills.Users.IntegrationTests.csproj" (target "CreateGeneratedAssemblyInfoInputsCacheFile" depends on it):
   2:6>Done building target "GetAssemblyAttributes" in project "DeventSoft.RoadmapSkills.Users.IntegrationTests.csproj".
   6:6>ResolveAssemblyReferences:
                 Private = 'false'
   5:6>Task "WriteLinesToFile"
   6:6>ResolveAssemblyReferences:
             /Users/dacanetdev/.nuget/packages/microsoft.aspnetcore.app.ref/8.0.13/ref/net8.0/Microsoft.Extensions.Primitives.dll
   5:6>CreateGeneratedAssemblyInfoInputsCacheFile:
         Skipping write to file "obj/Debug/net8.0/DeventSoft.RoadmapSkills.Users.UnitTests.AssemblyInfoInputs.cache" because content would not change.
   2:6>Target "CreateGeneratedAssemblyInfoInputsCacheFile" in file "/usr/local/share/dotnet/sdk/9.0.200/Sdks/Microsoft.NET.Sdk/targets/Microsoft.NET.GenerateAssemblyInfo.targets" from project "/Users/dacanetdev/Dev/AIGenerated/RoadmapSkills/tests/Modules/Users/DeventSoft.RoadmapSkills.Users.IntegrationTests/DeventSoft.RoadmapSkills.Users.IntegrationTests.csproj" (target "CoreGenerateAssemblyInfo" depends on it):
   2:6>Using "Hash" task from assembly "Microsoft.Build.Tasks.Core, Version=15.1.0.0, Culture=neutral, PublicKeyToken=b03f5f7f11d50a3a".
   6:6>ResolveAssemblyReferences:
                 Private = 'false'
   5:6>Done executing task "WriteLinesToFile".
   2:6>Task "Hash"
   6:6>ResolveAssemblyReferences:
             /Users/dacanetdev/.nuget/packages/microsoft.aspnetcore.app.ref/8.0.13/ref/net8.0/Microsoft.Extensions.WebEncoders.dll
   5:6>Done building target "CreateGeneratedAssemblyInfoInputsCacheFile" in project "DeventSoft.RoadmapSkills.Users.UnitTests.csproj".
   2:6>Done executing task "Hash".
   6:6>ResolveAssemblyReferences:
                 Private = 'false'
   9:7>Project "/Users/dacanetdev/Dev/AIGenerated/RoadmapSkills/src/Modules/Users/DeventSoft.RoadmapSkills.Users.Domain/DeventSoft.RoadmapSkills.Users.Domain.csproj" (9:7) is building "/Users/dacanetdev/Dev/AIGenerated/RoadmapSkills/src/Shared/DeventSoft.RoadmapSkills.Shared.Domain/DeventSoft.RoadmapSkills.Shared.Domain.csproj" (10:6) on node 8 (default targets).
  10:6>Target "_CheckForUnsupportedTargetFramework" skipped, due to false condition; ('$(_UnsupportedTargetFrameworkError)' == 'true') was evaluated as ('' == 'true').
   2:6>Task "WriteLinesToFile"
   6:6>ResolveAssemblyReferences:
             /Users/dacanetdev/.nuget/packages/microsoft.aspnetcore.app.ref/8.0.13/ref/net8.0/Microsoft.JSInterop.dll
   5:6>Target "CoreGenerateAssemblyInfo" in file "/usr/local/share/dotnet/sdk/9.0.200/Sdks/Microsoft.NET.Sdk/targets/Microsoft.NET.GenerateAssemblyInfo.targets" from project "/Users/dacanetdev/Dev/AIGenerated/RoadmapSkills/tests/Modules/Users/DeventSoft.RoadmapSkills.Users.UnitTests/DeventSoft.RoadmapSkills.Users.UnitTests.csproj" (target "GenerateAssemblyInfo" depends on it):
   5:6>Skipping target "CoreGenerateAssemblyInfo" because all output files are up-to-date with respect to the input files.
   2:6>CreateGeneratedAssemblyInfoInputsCacheFile:
         Skipping write to file "obj/Debug/net8.0/DeventSoft.RoadmapSkills.Users.IntegrationTests.AssemblyInfoInputs.cache" because content would not change.
   6:6>ResolveAssemblyReferences:
                 Private = 'false'
   5:6>CoreGenerateAssemblyInfo:
       Input files: obj/Debug/net8.0/DeventSoft.RoadmapSkills.Users.UnitTests.AssemblyInfoInputs.cache
   2:6>Done executing task "WriteLinesToFile".
   6:6>ResolveAssemblyReferences:
             /Users/dacanetdev/.nuget/packages/microsoft.aspnetcore.app.ref/8.0.13/ref/net8.0/Microsoft.Net.Http.Headers.dll
  10:6>Target "_CollectTargetFrameworkForTelemetry" in file "/usr/local/share/dotnet/sdk/9.0.200/Sdks/Microsoft.NET.Sdk/targets/Microsoft.NET.TargetFrameworkInference.targets" from project "/Users/dacanetdev/Dev/AIGenerated/RoadmapSkills/src/Shared/DeventSoft.RoadmapSkills.Shared.Domain/DeventSoft.RoadmapSkills.Shared.Domain.csproj" (target "_CheckForInvalidConfigurationAndPlatform" depends on it):
  10:6>Using "AllowEmptyTelemetry" task from assembly "/usr/local/share/dotnet/sdk/9.0.200/Sdks/Microsoft.NET.Sdk/targets/../tools/net9.0/Microsoft.NET.Build.Tasks.dll".
   5:6>CoreGenerateAssemblyInfo:
       Output files: obj/Debug/net8.0/DeventSoft.RoadmapSkills.Users.UnitTests.AssemblyInfo.cs
   2:6>Done building target "CreateGeneratedAssemblyInfoInputsCacheFile" in project "DeventSoft.RoadmapSkills.Users.IntegrationTests.csproj".
   6:6>ResolveAssemblyReferences:
                 Private = 'false'
  10:6>Task "AllowEmptyTelemetry"
   5:6>Done building target "CoreGenerateAssemblyInfo" in project "DeventSoft.RoadmapSkills.Users.UnitTests.csproj".
   6:6>ResolveAssemblyReferences:
             /Users/dacanetdev/.nuget/packages/microsoft.aspnetcore.app.ref/8.0.13/ref/net8.0/System.Diagnostics.EventLog.dll
   2:6>Target "CoreGenerateAssemblyInfo" in file "/usr/local/share/dotnet/sdk/9.0.200/Sdks/Microsoft.NET.Sdk/targets/Microsoft.NET.GenerateAssemblyInfo.targets" from project "/Users/dacanetdev/Dev/AIGenerated/RoadmapSkills/tests/Modules/Users/DeventSoft.RoadmapSkills.Users.IntegrationTests/DeventSoft.RoadmapSkills.Users.IntegrationTests.csproj" (target "GenerateAssemblyInfo" depends on it):
   2:6>Skipping target "CoreGenerateAssemblyInfo" because all output files are up-to-date with respect to the input files.
   6:6>ResolveAssemblyReferences:
                 Private = 'false'
   5:6>Target "GenerateAssemblyInfo" in file "/usr/local/share/dotnet/sdk/9.0.200/Sdks/Microsoft.NET.Sdk/targets/Microsoft.NET.GenerateAssemblyInfo.targets" from project "/Users/dacanetdev/Dev/AIGenerated/RoadmapSkills/tests/Modules/Users/DeventSoft.RoadmapSkills.Users.UnitTests/DeventSoft.RoadmapSkills.Users.UnitTests.csproj" (target "BeforeCompile" depends on it):
   5:6>Done building target "GenerateAssemblyInfo" in project "DeventSoft.RoadmapSkills.Users.UnitTests.csproj".
   2:6>CoreGenerateAssemblyInfo:
       Input files: obj/Debug/net8.0/DeventSoft.RoadmapSkills.Users.IntegrationTests.AssemblyInfoInputs.cache
   6:6>ResolveAssemblyReferences:
             /Users/dacanetdev/.nuget/packages/microsoft.aspnetcore.app.ref/8.0.13/ref/net8.0/System.IO.Pipelines.dll
   2:6>CoreGenerateAssemblyInfo:
       Output files: obj/Debug/net8.0/DeventSoft.RoadmapSkills.Users.IntegrationTests.AssemblyInfo.cs
   5:6>Target "BeforeCompile" in file "/usr/local/share/dotnet/sdk/9.0.200/Microsoft.Common.CurrentVersion.targets" from project "/Users/dacanetdev/Dev/AIGenerated/RoadmapSkills/tests/Modules/Users/DeventSoft.RoadmapSkills.Users.UnitTests/DeventSoft.RoadmapSkills.Users.UnitTests.csproj" (target "Compile" depends on it):
   5:6>Done building target "BeforeCompile" in project "DeventSoft.RoadmapSkills.Users.UnitTests.csproj".
   6:6>ResolveAssemblyReferences:
                 Private = 'false'
   2:6>Done building target "CoreGenerateAssemblyInfo" in project "DeventSoft.RoadmapSkills.Users.IntegrationTests.csproj".
   5:6>Target "_TimeStampBeforeCompile" skipped, due to false condition; ('$(RunPostBuildEvent)'=='OnOutputUpdated' or ('$(RegisterForComInterop)'=='true' and '$(OutputType)'=='library')) was evaluated as (''=='OnOutputUpdated' or (''=='true' and 'Exe'=='library')).
   6:6>ResolveAssemblyReferences:
             /Users/dacanetdev/.nuget/packages/microsoft.aspnetcore.app.ref/8.0.13/ref/net8.0/System.Security.Cryptography.Xml.dll
   5:6>Target "ResolveAssemblyReferences" skipped. Previously built successfully.
   6:6>ResolveAssemblyReferences:
                 Private = 'false'
   2:6>Target "GenerateAssemblyInfo" in file "/usr/local/share/dotnet/sdk/9.0.200/Sdks/Microsoft.NET.Sdk/targets/Microsoft.NET.GenerateAssemblyInfo.targets" from project "/Users/dacanetdev/Dev/AIGenerated/RoadmapSkills/tests/Modules/Users/DeventSoft.RoadmapSkills.Users.IntegrationTests/DeventSoft.RoadmapSkills.Users.IntegrationTests.csproj" (target "BeforeCompile" depends on it):
   2:6>Done building target "GenerateAssemblyInfo" in project "DeventSoft.RoadmapSkills.Users.IntegrationTests.csproj".
   6:6>ResolveAssemblyReferences:
             /Users/dacanetdev/.nuget/packages/microsoft.aspnetcore.app.ref/8.0.13/ref/net8.0/System.Threading.RateLimiting.dll
   5:6>Target "_GenerateCompileDependencyCache" in file "/usr/local/share/dotnet/sdk/9.0.200/Microsoft.Common.CurrentVersion.targets" from project "/Users/dacanetdev/Dev/AIGenerated/RoadmapSkills/tests/Modules/Users/DeventSoft.RoadmapSkills.Users.UnitTests/DeventSoft.RoadmapSkills.Users.UnitTests.csproj" (target "Compile" depends on it):
   5:6>Task "Hash"
   2:6>Target "BeforeCompile" in file "/usr/local/share/dotnet/sdk/9.0.200/Microsoft.Common.CurrentVersion.targets" from project "/Users/dacanetdev/Dev/AIGenerated/RoadmapSkills/tests/Modules/Users/DeventSoft.RoadmapSkills.Users.IntegrationTests/DeventSoft.RoadmapSkills.Users.IntegrationTests.csproj" (target "Compile" depends on it):
   2:6>Done building target "BeforeCompile" in project "DeventSoft.RoadmapSkills.Users.IntegrationTests.csproj".
   6:6>ResolveAssemblyReferences:
                 Private = 'false'
   5:6>Done executing task "Hash".
   6:6>ResolveAssemblyReferences:
         AssemblyFiles:
   2:6>Target "_TimeStampBeforeCompile" skipped, due to false condition; ('$(RunPostBuildEvent)'=='OnOutputUpdated' or ('$(RegisterForComInterop)'=='true' and '$(OutputType)'=='library')) was evaluated as (''=='OnOutputUpdated' or (''=='true' and 'Exe'=='library')).
   6:6>ResolveAssemblyReferences:
         CandidateAssemblyFiles:
   5:6>Task "WriteLinesToFile"
   2:6>Target "ResolveAssemblyReferences" skipped. Previously built successfully.
   6:6>ResolveAssemblyReferences:
         TargetFrameworkDirectories:
   5:6>_GenerateCompileDependencyCache:
         Skipping write to file "obj/Debug/net8.0/DeventSoft.RoadmapSkills.Users.UnitTests.csproj.CoreCompileInputs.cache" because content would not change.
   6:6>ResolveAssemblyReferences:
             
         InstalledAssemblyTables:
   5:6>Done executing task "WriteLinesToFile".
   6:6>ResolveAssemblyReferences:
         IgnoreInstalledAssemblyTable:
   2:6>Target "_GenerateCompileDependencyCache" in file "/usr/local/share/dotnet/sdk/9.0.200/Microsoft.Common.CurrentVersion.targets" from project "/Users/dacanetdev/Dev/AIGenerated/RoadmapSkills/tests/Modules/Users/DeventSoft.RoadmapSkills.Users.IntegrationTests/DeventSoft.RoadmapSkills.Users.IntegrationTests.csproj" (target "Compile" depends on it):
   2:6>Task "Hash"
   6:6>ResolveAssemblyReferences:
             False
   2:6>Done executing task "Hash".
   6:6>ResolveAssemblyReferences:
         SearchPaths:
   5:6>Done building target "_GenerateCompileDependencyCache" in project "DeventSoft.RoadmapSkills.Users.UnitTests.csproj".
   6:6>ResolveAssemblyReferences:
             {CandidateAssemblyFiles}
   2:6>Task "WriteLinesToFile"
   5:6>Target "_ComputeNonExistentFileProperty" skipped, due to false condition; (('$(BuildingInsideVisualStudio)' == 'true') and ('$(BuildingOutOfProcess)' != 'true') and (('$(BuildingProject)' == 'false') or ('$(UseHostCompilerIfAvailable)' == 'true'))) was evaluated as (('' == 'true') and ('' != 'true') and (('true' == 'false') or ('true' == 'true'))).
   6:6>ResolveAssemblyReferences:
             {HintPathFromItem}
   2:6>_GenerateCompileDependencyCache:
         Skipping write to file "obj/Debug/net8.0/DeventSoft.RoadmapSkills.Users.IntegrationTests.csproj.CoreCompileInputs.cache" because content would not change.
   6:6>ResolveAssemblyReferences:
             {TargetFrameworkDirectory}
   5:6>Target "ResolveCodeAnalysisRuleSet" skipped, due to false condition; ('$(CodeAnalysisRuleSet)' != '') was evaluated as ('' != '').
   2:6>Done executing task "WriteLinesToFile".
   6:6>ResolveAssemblyReferences:
             {RawFileName}
   2:6>Done building target "_GenerateCompileDependencyCache" in project "DeventSoft.RoadmapSkills.Users.IntegrationTests.csproj".
   6:6>ResolveAssemblyReferences:
         AllowedAssemblyExtensions:
   5:6>Target "ShimReferencePathsWhenCommonTargetsDoesNotUnderstandReferenceAssemblies" skipped, due to false condition; ('@(ReferencePathWithRefAssemblies)' == '') was evaluated as ('/Users/dacanetdev/.nuget/packages/microsoft.netcore.app.ref/8.0.13/ref/net8.0/Microsoft.CSharp.dll;/Users/dacanetdev/.nuget/packages/microsoft.testplatform.testhost/17.8.0/lib/netcoreapp3.1/Microsoft.TestPlatform.CommunicationUtilities.dll;/Users/dacanetdev/.nuget/packages/microsoft.testplatform.testhost/17.8.0/lib/netcoreapp3.1/Microsoft.TestPlatform.CoreUtilities.dll;...' == '').
   2:6>Target "_ComputeNonExistentFileProperty" skipped, due to false condition; (('$(BuildingInsideVisualStudio)' == 'true') and ('$(BuildingOutOfProcess)' != 'true') and (('$(BuildingProject)' == 'false') or ('$(UseHostCompilerIfAvailable)' == 'true'))) was evaluated as (('' == 'true') and ('' != 'true') and (('true' == 'false') or ('true' == 'true'))).
   6:6>ResolveAssemblyReferences:
             .winmd
             .dll
   2:6>Target "ResolveCodeAnalysisRuleSet" skipped, due to false condition; ('$(CodeAnalysisRuleSet)' != '') was evaluated as ('' != '').
   6:6>ResolveAssemblyReferences:
             .exe
   2:6>Target "ShimReferencePathsWhenCommonTargetsDoesNotUnderstandReferenceAssemblies" skipped, due to false condition; ('@(ReferencePathWithRefAssemblies)' == '') was evaluated as ('/Users/dacanetdev/.nuget/packages/microsoft.netcore.app.ref/8.0.13/ref/net8.0/Microsoft.CSharp.dll;/Users/dacanetdev/.nuget/packages/microsoft.testplatform.testhost/17.8.0/lib/netcoreapp3.1/Microsoft.TestPlatform.CommunicationUtilities.dll;/Users/dacanetdev/.nuget/packages/microsoft.testplatform.testhost/17.8.0/lib/netcoreapp3.1/Microsoft.TestPlatform.CoreUtilities.dll;...' == '').
   5:6>Target "_BeforeVBCSCoreCompile" in file "/usr/local/share/dotnet/sdk/9.0.200/Roslyn/Microsoft.Managed.Core.targets" from project "/Users/dacanetdev/Dev/AIGenerated/RoadmapSkills/tests/Modules/Users/DeventSoft.RoadmapSkills.Users.UnitTests/DeventSoft.RoadmapSkills.Users.UnitTests.csproj" (target "CoreCompile" depends on it):
   5:6>Done building target "_BeforeVBCSCoreCompile" in project "DeventSoft.RoadmapSkills.Users.UnitTests.csproj".
   6:6>ResolveAssemblyReferences:
         AllowedRelatedFileExtensions:
             .pdb
   5:6>Target "AdjustDefaultPlatformTargetForNetFrameworkExeWithNoNativeCopyLocalItems" skipped, due to false condition; ('$(_UsingDefaultPlatformTarget)' == 'true' and
                     '$(_UsingDefaultRuntimeIdentifier)' == 'true') was evaluated as ('true' == 'true' and
                     '' == 'true').
   6:6>ResolveAssemblyReferences:
             .xml
   2:6>Target "_BeforeVBCSCoreCompile" in file "/usr/local/share/dotnet/sdk/9.0.200/Roslyn/Microsoft.Managed.Core.targets" from project "/Users/dacanetdev/Dev/AIGenerated/RoadmapSkills/tests/Modules/Users/DeventSoft.RoadmapSkills.Users.IntegrationTests/DeventSoft.RoadmapSkills.Users.IntegrationTests.csproj" (target "CoreCompile" depends on it):
   2:6>Done building target "_BeforeVBCSCoreCompile" in project "DeventSoft.RoadmapSkills.Users.IntegrationTests.csproj".
   6:6>ResolveAssemblyReferences:
             .pri
   5:6>Target "_DisableDiagnosticTracing" skipped, due to false condition; ('$(DisableDiagnosticTracing)' == 'true') was evaluated as ('' == 'true').
   2:6>Target "AdjustDefaultPlatformTargetForNetFrameworkExeWithNoNativeCopyLocalItems" skipped, due to false condition; ('$(_UsingDefaultPlatformTarget)' == 'true' and
                     '$(_UsingDefaultRuntimeIdentifier)' == 'true') was evaluated as ('true' == 'true' and
                     '' == 'true').
   6:6>ResolveAssemblyReferences:
             .dll.config
   5:6>Target "ShimReferencePathsWhenCommonTargetsDoesNotUnderstandReferenceAssemblies" skipped, due to false condition; ('@(ReferencePathWithRefAssemblies)' == '') was evaluated as ('/Users/dacanetdev/.nuget/packages/microsoft.netcore.app.ref/8.0.13/ref/net8.0/Microsoft.CSharp.dll;/Users/dacanetdev/.nuget/packages/microsoft.testplatform.testhost/17.8.0/lib/netcoreapp3.1/Microsoft.TestPlatform.CommunicationUtilities.dll;/Users/dacanetdev/.nuget/packages/microsoft.testplatform.testhost/17.8.0/lib/netcoreapp3.1/Microsoft.TestPlatform.CoreUtilities.dll;...' == '').
   2:6>Target "_DisableDiagnosticTracing" skipped, due to false condition; ('$(DisableDiagnosticTracing)' == 'true') was evaluated as ('' == 'true').
   6:6>ResolveAssemblyReferences:
             .exe.config
         AppConfigFile:
   2:6>Target "ShimReferencePathsWhenCommonTargetsDoesNotUnderstandReferenceAssemblies" skipped, due to false condition; ('@(ReferencePathWithRefAssemblies)' == '') was evaluated as ('/Users/dacanetdev/.nuget/packages/microsoft.netcore.app.ref/8.0.13/ref/net8.0/Microsoft.CSharp.dll;/Users/dacanetdev/.nuget/packages/microsoft.testplatform.testhost/17.8.0/lib/netcoreapp3.1/Microsoft.TestPlatform.CommunicationUtilities.dll;/Users/dacanetdev/.nuget/packages/microsoft.testplatform.testhost/17.8.0/lib/netcoreapp3.1/Microsoft.TestPlatform.CoreUtilities.dll;...' == '').
   5:6>Target "_ComputeSkipAnalyzers" in file "/usr/local/share/dotnet/sdk/9.0.200/Roslyn/Microsoft.Managed.Core.targets" from project "/Users/dacanetdev/Dev/AIGenerated/RoadmapSkills/tests/Modules/Users/DeventSoft.RoadmapSkills.Users.UnitTests/DeventSoft.RoadmapSkills.Users.UnitTests.csproj" (target "CoreCompile" depends on it):
   5:6>Task "ShowMessageForImplicitlySkipAnalyzers" skipped, due to false condition; ('$(_ImplicitlySkipAnalyzers)' == 'true') was evaluated as ('' == 'true').
   6:6>ResolveAssemblyReferences:
             
   5:6>Done building target "_ComputeSkipAnalyzers" in project "DeventSoft.RoadmapSkills.Users.UnitTests.csproj".
       Target "_SetPathMapFromSourceRoots" skipped, due to false condition; ('$(DeterministicSourcePaths)' == 'true') was evaluated as ('' == 'true').
   6:6>ResolveAssemblyReferences:
         AutoUnify:
   2:6>Target "_ComputeSkipAnalyzers" in file "/usr/local/share/dotnet/sdk/9.0.200/Roslyn/Microsoft.Managed.Core.targets" from project "/Users/dacanetdev/Dev/AIGenerated/RoadmapSkills/tests/Modules/Users/DeventSoft.RoadmapSkills.Users.IntegrationTests/DeventSoft.RoadmapSkills.Users.IntegrationTests.csproj" (target "CoreCompile" depends on it):
   2:6>Task "ShowMessageForImplicitlySkipAnalyzers" skipped, due to false condition; ('$(_ImplicitlySkipAnalyzers)' == 'true') was evaluated as ('' == 'true').
   5:6>Target "CreateCompilerGeneratedFilesOutputPath" skipped, due to false condition; ('$(EmitCompilerGeneratedFiles)' == 'true' and !('$(DesignTimeBuild)' == 'true' OR '$(BuildingProject)' != 'true')) was evaluated as ('false' == 'true' and !('' == 'true' OR 'true' != 'true')).
   2:6>Done building target "_ComputeSkipAnalyzers" in project "DeventSoft.RoadmapSkills.Users.IntegrationTests.csproj".
   5:6>Target "ResolveProjectReferences" skipped. Previously built successfully.
   6:6>ResolveAssemblyReferences:
             True
   2:6>Target "_SetPathMapFromSourceRoots" skipped, due to false condition; ('$(DeterministicSourcePaths)' == 'true') was evaluated as ('' == 'true').
   6:6>ResolveAssemblyReferences:
         CopyLocalDependenciesWhenParentReferenceInGac:
   5:6>Target "ReferencedPathMaps" in file "/Users/dacanetdev/.nuget/packages/coverlet.collector/6.0.0/build/netstandard1.0/coverlet.collector.targets" from project "/Users/dacanetdev/Dev/AIGenerated/RoadmapSkills/tests/Modules/Users/DeventSoft.RoadmapSkills.Users.UnitTests/DeventSoft.RoadmapSkills.Users.UnitTests.csproj" (target "CoreCompile" depends on it):
   5:6>Task "MSBuild"
   2:6>Target "CreateCompilerGeneratedFilesOutputPath" skipped, due to false condition; ('$(EmitCompilerGeneratedFiles)' == 'true' and !('$(DesignTimeBuild)' == 'true' OR '$(BuildingProject)' != 'true')) was evaluated as ('false' == 'true' and !('' == 'true' OR 'true' != 'true')).
   5:6>Done executing task "MSBuild".
   6:6>ResolveAssemblyReferences:
             True
   2:6>Target "ResolveProjectReferences" skipped. Previously built successfully.
   5:6>ReferencedPathMaps:
       Task "WriteLinesToFile" skipped, due to false condition; ('@(_mapping)'!='') was evaluated as (''!='').
   6:6>ResolveAssemblyReferences:
         FindDependencies:
   5:6>Done building target "ReferencedPathMaps" in project "DeventSoft.RoadmapSkills.Users.UnitTests.csproj".
   6:6>ResolveAssemblyReferences:
             True
   2:6>Target "ReferencedPathMaps" in file "/Users/dacanetdev/.nuget/packages/coverlet.collector/6.0.0/build/netstandard1.0/coverlet.collector.targets" from project "/Users/dacanetdev/Dev/AIGenerated/RoadmapSkills/tests/Modules/Users/DeventSoft.RoadmapSkills.Users.IntegrationTests/DeventSoft.RoadmapSkills.Users.IntegrationTests.csproj" (target "CoreCompile" depends on it):
   2:6>Task "MSBuild"
   5:6>Target "_CheckMicrosoftNetSdkCompilersToolsetPackageExists" skipped, due to false condition; ('$(_NeedToDownloadMicrosoftNetSdkCompilersToolsetPackage)' == 'true' and '$(DesignTimeBuild)' != 'true') was evaluated as ('' == 'true' and '' != 'true').
   6:6>ResolveAssemblyReferences:
         TargetProcessorArchitecture:
   2:6>Done executing task "MSBuild".
   6:6>ResolveAssemblyReferences:
             msil
   5:6>Target "BeforeCompile" skipped. Previously built successfully.
   6:6>ResolveAssemblyReferences:
         StateFile:
   5:6>Target "InitializeSourceControlInformationFromSourceControlManager" skipped. Previously built successfully.
   6:6>ResolveAssemblyReferences:
             obj/Debug/net8.0/DeventSoft.RoadmapSkills.Api.csproj.AssemblyReference.cache
   2:6>ReferencedPathMaps:
       Task "WriteLinesToFile" skipped, due to false condition; ('@(_mapping)'!='') was evaluated as (''!='').
   5:6>Target "SetEmbeddedFilesFromSourceControlManagerUntrackedFiles" in file "/usr/local/share/dotnet/sdk/9.0.200/Sdks/Microsoft.Build.Tasks.Git/build/Microsoft.Build.Tasks.Git.targets" from project "/Users/dacanetdev/Dev/AIGenerated/RoadmapSkills/tests/Modules/Users/DeventSoft.RoadmapSkills.Users.UnitTests/DeventSoft.RoadmapSkills.Users.UnitTests.csproj" (target "_SetEmbeddedFilesFromSourceControlManagerUntrackedFiles" depends on it):
   5:6>Using "Microsoft.Build.Tasks.Git.GetUntrackedFiles" task from assembly "/usr/local/share/dotnet/sdk/9.0.200/Sdks/Microsoft.Build.Tasks.Git/build/../tools/net/Microsoft.Build.Tasks.Git.dll".
   6:6>ResolveAssemblyReferences:
         InstalledAssemblySubsetTables:
   5:6>Task "Microsoft.Build.Tasks.Git.GetUntrackedFiles"
   6:6>ResolveAssemblyReferences:
         IgnoreInstalledAssemblySubsetTable:
   2:6>Done building target "ReferencedPathMaps" in project "DeventSoft.RoadmapSkills.Users.IntegrationTests.csproj".
   6:6>ResolveAssemblyReferences:
             False
   2:6>Target "_CheckMicrosoftNetSdkCompilersToolsetPackageExists" skipped, due to false condition; ('$(_NeedToDownloadMicrosoftNetSdkCompilersToolsetPackage)' == 'true' and '$(DesignTimeBuild)' != 'true') was evaluated as ('' == 'true' and '' != 'true').
   6:6>ResolveAssemblyReferences:
         TargetFrameworkSubsets:
   5:6>SetEmbeddedFilesFromSourceControlManagerUntrackedFiles:
         SourceLink: Reusing cached git repository information.
   2:6>Target "BeforeCompile" skipped. Previously built successfully.
   6:6>ResolveAssemblyReferences:
         FullTargetFrameworkSubsetNames:
   5:6>Done executing task "Microsoft.Build.Tasks.Git.GetUntrackedFiles".
   2:6>Target "InitializeSourceControlInformationFromSourceControlManager" skipped. Previously built successfully.
   6:6>ResolveAssemblyReferences:
             Full
   5:6>Done building target "SetEmbeddedFilesFromSourceControlManagerUntrackedFiles" in project "DeventSoft.RoadmapSkills.Users.UnitTests.csproj".
   6:6>ResolveAssemblyReferences:
         ProfileName:
   2:6>Target "SetEmbeddedFilesFromSourceControlManagerUntrackedFiles" in file "/usr/local/share/dotnet/sdk/9.0.200/Sdks/Microsoft.Build.Tasks.Git/build/Microsoft.Build.Tasks.Git.targets" from project "/Users/dacanetdev/Dev/AIGenerated/RoadmapSkills/tests/Modules/Users/DeventSoft.RoadmapSkills.Users.IntegrationTests/DeventSoft.RoadmapSkills.Users.IntegrationTests.csproj" (target "_SetEmbeddedFilesFromSourceControlManagerUntrackedFiles" depends on it):
   2:6>Using "Microsoft.Build.Tasks.Git.GetUntrackedFiles" task from assembly "/usr/local/share/dotnet/sdk/9.0.200/Sdks/Microsoft.Build.Tasks.Git/build/../tools/net/Microsoft.Build.Tasks.Git.dll".
   6:6>ResolveAssemblyReferences:
             
   5:6>Target "_SetEmbeddedFilesFromSourceControlManagerUntrackedFiles" in file "/usr/local/share/dotnet/sdk/9.0.200/Sdks/Microsoft.SourceLink.Common/build/Microsoft.SourceLink.Common.targets" from project "/Users/dacanetdev/Dev/AIGenerated/RoadmapSkills/tests/Modules/Users/DeventSoft.RoadmapSkills.Users.UnitTests/DeventSoft.RoadmapSkills.Users.UnitTests.csproj" (target "CoreCompile" depends on it):
   5:6>Done building target "_SetEmbeddedFilesFromSourceControlManagerUntrackedFiles" in project "DeventSoft.RoadmapSkills.Users.UnitTests.csproj".
   2:6>Task "Microsoft.Build.Tasks.Git.GetUntrackedFiles"
   6:6>ResolveAssemblyReferences:
         FullFrameworkFolders:
   5:6>Target "InitializeSourceControlInformation" skipped. Previously built successfully.
   2:6>SetEmbeddedFilesFromSourceControlManagerUntrackedFiles:
         SourceLink: Reusing cached git repository information.
   6:6>ResolveAssemblyReferences:
         LatestTargetFrameworkDirectories:
   2:6>Done executing task "Microsoft.Build.Tasks.Git.GetUntrackedFiles".
   6:6>ResolveAssemblyReferences:
         ProfileTablesLocation:
   5:6>Target "_SetSourceLinkFilePath" in file "/usr/local/share/dotnet/sdk/9.0.200/Sdks/Microsoft.SourceLink.Common/build/Microsoft.SourceLink.Common.targets" from project "/Users/dacanetdev/Dev/AIGenerated/RoadmapSkills/tests/Modules/Users/DeventSoft.RoadmapSkills.Users.UnitTests/DeventSoft.RoadmapSkills.Users.UnitTests.csproj" (target "_GenerateSourceLinkFile" depends on it):
   5:6>Done building target "_SetSourceLinkFilePath" in project "DeventSoft.RoadmapSkills.Users.UnitTests.csproj".
   2:6>Done building target "SetEmbeddedFilesFromSourceControlManagerUntrackedFiles" in project "DeventSoft.RoadmapSkills.Users.IntegrationTests.csproj".
   5:6>Target "InitializeSourceControlInformation" skipped. Previously built successfully.
   6:6>ResolveAssemblyReferences:
         Primary reference "Microsoft.AspNetCore.OpenApi, Version=8.0.8.0, Culture=neutral, PublicKeyToken=adb9793829ddae60".
             Resolved file path is "/Users/dacanetdev/.nuget/packages/microsoft.aspnetcore.openapi/8.0.8/lib/net8.0/Microsoft.AspNetCore.OpenApi.dll".
   2:6>Target "_SetEmbeddedFilesFromSourceControlManagerUntrackedFiles" in file "/usr/local/share/dotnet/sdk/9.0.200/Sdks/Microsoft.SourceLink.Common/build/Microsoft.SourceLink.Common.targets" from project "/Users/dacanetdev/Dev/AIGenerated/RoadmapSkills/tests/Modules/Users/DeventSoft.RoadmapSkills.Users.IntegrationTests/DeventSoft.RoadmapSkills.Users.IntegrationTests.csproj" (target "CoreCompile" depends on it):
   2:6>Done building target "_SetEmbeddedFilesFromSourceControlManagerUntrackedFiles" in project "DeventSoft.RoadmapSkills.Users.IntegrationTests.csproj".
       Target "InitializeSourceControlInformation" skipped. Previously built successfully.
   6:6>ResolveAssemblyReferences:
             Reference found at search path location "{HintPathFromItem}".
   5:6>Target "_InitializeSourceRootMappedPathsFromSourceControl" in file "/usr/local/share/dotnet/sdk/9.0.200/Roslyn/Microsoft.Managed.Core.targets" from project "/Users/dacanetdev/Dev/AIGenerated/RoadmapSkills/tests/Modules/Users/DeventSoft.RoadmapSkills.Users.UnitTests/DeventSoft.RoadmapSkills.Users.UnitTests.csproj" (target "InitializeSourceRootMappedPaths" depends on it):
   5:6>Done building target "_InitializeSourceRootMappedPathsFromSourceControl" in project "DeventSoft.RoadmapSkills.Users.UnitTests.csproj".
  10:6>Done executing task "AllowEmptyTelemetry".
   6:6>ResolveAssemblyReferences:
             This reference is not "CopyLocal" because at least one source item had "Private" set to "false" and no source items had "Private" set to "true".
   2:6>Target "_SetSourceLinkFilePath" in file "/usr/local/share/dotnet/sdk/9.0.200/Sdks/Microsoft.SourceLink.Common/build/Microsoft.SourceLink.Common.targets" from project "/Users/dacanetdev/Dev/AIGenerated/RoadmapSkills/tests/Modules/Users/DeventSoft.RoadmapSkills.Users.IntegrationTests/DeventSoft.RoadmapSkills.Users.IntegrationTests.csproj" (target "_GenerateSourceLinkFile" depends on it):
   2:6>Done building target "_SetSourceLinkFilePath" in project "DeventSoft.RoadmapSkills.Users.IntegrationTests.csproj".
  10:6>Done building target "_CollectTargetFrameworkForTelemetry" in project "DeventSoft.RoadmapSkills.Shared.Domain.csproj".
   6:6>ResolveAssemblyReferences:
             The ImageRuntimeVersion for this reference is "".
   5:6>Target "InitializeSourceRootMappedPaths" in file "/usr/local/share/dotnet/sdk/9.0.200/Roslyn/Microsoft.Managed.Core.targets" from project "/Users/dacanetdev/Dev/AIGenerated/RoadmapSkills/tests/Modules/Users/DeventSoft.RoadmapSkills.Users.UnitTests/DeventSoft.RoadmapSkills.Users.UnitTests.csproj" (target "_InitializeSourceRootMappedPathsOpt" depends on it):
   5:6>Using "Microsoft.CodeAnalysis.BuildTasks.MapSourceRoots" task from assembly "/usr/local/share/dotnet/sdk/9.0.200/Roslyn/Microsoft.Build.Tasks.CodeAnalysis.dll".
   2:6>Target "InitializeSourceControlInformation" skipped. Previously built successfully.
  10:6>Target "_CheckForUnsupportedTargetPlatformIdentifier" skipped, due to false condition; ('$(TargetPlatformIdentifier)' != '' and '$(TargetFrameworkIdentifier)' == '.NETCoreApp' and $([MSBuild]::VersionGreaterThanOrEquals($(TargetFrameworkVersion), 5.0)) And ('$(DesignTimeBuild)' != 'true' Or '@(MissingWorkloadPack)' == '')) was evaluated as ('' != '' and '.NETCoreApp' == '.NETCoreApp' and True And ('' != 'true' Or '' == '')).
   5:6>Task "Microsoft.CodeAnalysis.BuildTasks.MapSourceRoots"
   6:6>ResolveAssemblyReferences:
         Primary reference "Microsoft.OpenApi, Version=1.4.3.0, Culture=neutral, PublicKeyToken=3f5743946376f042".
   5:6>Done executing task "Microsoft.CodeAnalysis.BuildTasks.MapSourceRoots".
  10:6>Target "_CheckForMissingWorkload" skipped, due to false condition; ('@(MissingWorkloadPack)' != '' And '$(DesignTimeBuild)' != 'true') was evaluated as ('' != '' And '' != 'true').
   5:6>Done building target "InitializeSourceRootMappedPaths" in project "DeventSoft.RoadmapSkills.Users.UnitTests.csproj".
   6:6>ResolveAssemblyReferences:
             Resolved file path is "/Users/dacanetdev/.nuget/packages/microsoft.openapi/1.4.3/lib/netstandard2.0/Microsoft.OpenApi.dll".
   2:6>Target "_InitializeSourceRootMappedPathsFromSourceControl" in file "/usr/local/share/dotnet/sdk/9.0.200/Roslyn/Microsoft.Managed.Core.targets" from project "/Users/dacanetdev/Dev/AIGenerated/RoadmapSkills/tests/Modules/Users/DeventSoft.RoadmapSkills.Users.IntegrationTests/DeventSoft.RoadmapSkills.Users.IntegrationTests.csproj" (target "InitializeSourceRootMappedPaths" depends on it):
   2:6>Done building target "_InitializeSourceRootMappedPathsFromSourceControl" in project "DeventSoft.RoadmapSkills.Users.IntegrationTests.csproj".
  10:6>Target "_CheckForUnsupportedNETCoreVersion" in file "/usr/local/share/dotnet/sdk/9.0.200/Sdks/Microsoft.NET.Sdk/targets/Microsoft.NET.TargetFrameworkInference.targets" from project "/Users/dacanetdev/Dev/AIGenerated/RoadmapSkills/src/Shared/DeventSoft.RoadmapSkills.Shared.Domain/DeventSoft.RoadmapSkills.Shared.Domain.csproj" (target "_CheckForInvalidConfigurationAndPlatform" depends on it):
  10:6>Task "NETSdkError" skipped, due to false condition; ('$(_TargetFrameworkVersionWithoutV)' > '$(NETCoreAppMaximumVersion)' and '$(DisplayVSMessage)' != 'true') was evaluated as ('8.0' > '9.0' and '' != 'true').
   6:6>ResolveAssemblyReferences:
             Reference found at search path location "{HintPathFromItem}".
   5:6>Target "_InitializeSourceRootMappedPathsOpt" in file "/usr/local/share/dotnet/sdk/9.0.200/Sdks/Microsoft.SourceLink.Common/build/Microsoft.SourceLink.Common.targets" from project "/Users/dacanetdev/Dev/AIGenerated/RoadmapSkills/tests/Modules/Users/DeventSoft.RoadmapSkills.Users.UnitTests/DeventSoft.RoadmapSkills.Users.UnitTests.csproj" (target "_GenerateSourceLinkFile" depends on it):
   5:6>Done building target "_InitializeSourceRootMappedPathsOpt" in project "DeventSoft.RoadmapSkills.Users.UnitTests.csproj".
  10:6>_CheckForUnsupportedNETCoreVersion:
       Task "NETSdkError" skipped, due to false condition; ('$(DisplayVSMessage)' == 'true') was evaluated as ('' == 'true').
   6:6>ResolveAssemblyReferences:
             This reference is not "CopyLocal" because at least one source item had "Private" set to "false" and no source items had "Private" set to "true".
  10:6>Done building target "_CheckForUnsupportedNETCoreVersion" in project "DeventSoft.RoadmapSkills.Shared.Domain.csproj".
   6:6>ResolveAssemblyReferences:
             The ImageRuntimeVersion for this reference is "".
   2:6>Target "InitializeSourceRootMappedPaths" in file "/usr/local/share/dotnet/sdk/9.0.200/Roslyn/Microsoft.Managed.Core.targets" from project "/Users/dacanetdev/Dev/AIGenerated/RoadmapSkills/tests/Modules/Users/DeventSoft.RoadmapSkills.Users.IntegrationTests/DeventSoft.RoadmapSkills.Users.IntegrationTests.csproj" (target "_InitializeSourceRootMappedPathsOpt" depends on it):
   2:6>Using "Microsoft.CodeAnalysis.BuildTasks.MapSourceRoots" task from assembly "/usr/local/share/dotnet/sdk/9.0.200/Roslyn/Microsoft.Build.Tasks.CodeAnalysis.dll".
     0>Property reassignment: $(ProjectAssetsCacheFile)="/Users/dacanetdev/Dev/AIGenerated/RoadmapSkills/src/DeventSoft.RoadmapSkills.BlazorApp/obj/Debug/net8.0/DeventSoft.RoadmapSkills.BlazorApp.assets.cache" (previous value: "obj\Debug/net8.0/DeventSoft.RoadmapSkills.BlazorApp.assets.cache") at /usr/local/share/dotnet/sdk/9.0.200/Sdks/Microsoft.NET.Sdk/targets/Microsoft.PackageDependencyResolution.targets (29,5)
   5:6>Target "_InitializeGitHubSourceLinkUrl" in file "/usr/local/share/dotnet/sdk/9.0.200/Sdks/Microsoft.SourceLink.GitHub/build/Microsoft.SourceLink.GitHub.targets" from project "/Users/dacanetdev/Dev/AIGenerated/RoadmapSkills/tests/Modules/Users/DeventSoft.RoadmapSkills.Users.UnitTests/DeventSoft.RoadmapSkills.Users.UnitTests.csproj" (target "_GenerateSourceLinkFile" depends on it):
   5:6>Building target "_InitializeGitHubSourceLinkUrl" completely.
  10:6>Target "_CheckForEolTargetFrameworks" skipped, due to false condition; ('@(_EolNetCoreTargetFrameworkVersions->AnyHaveMetadataValue('Identity', '$(_TargetFrameworkVersionWithoutV)'))' and '$(TargetFrameworkIdentifier)' == '.NETCoreApp' and '$(CheckEolTargetFramework)' == 'true') was evaluated as ('false' and '.NETCoreApp' == '.NETCoreApp' and '' == 'true').
   6:6>ResolveAssemblyReferences:
         Primary reference "Swashbuckle.AspNetCore.Swagger, Version=6.4.0.0, Culture=neutral, PublicKeyToken=62657d7474907593".
   5:6>_InitializeGitHubSourceLinkUrl:
       No input files were specified.
   6:6>ResolveAssemblyReferences:
             Resolved file path is "/Users/dacanetdev/.nuget/packages/swashbuckle.aspnetcore.swagger/6.4.0/lib/net6.0/Swashbuckle.AspNetCore.Swagger.dll".
   5:6>_InitializeGitHubSourceLinkUrl:
       Using "Microsoft.SourceLink.GitHub.GetSourceLinkUrl" task from assembly "/usr/local/share/dotnet/sdk/9.0.200/Sdks/Microsoft.SourceLink.GitHub/build/../tools/net/Microsoft.SourceLink.GitHub.dll".
   2:6>Task "Microsoft.CodeAnalysis.BuildTasks.MapSourceRoots"
  10:6>Target "_CheckForEolWorkloads" skipped, due to false condition; ('@(EolWorkload)' != '' and '$(CheckEolWorkloads)' == 'true') was evaluated as ('' != '' and 'true' == 'true').
   6:6>ResolveAssemblyReferences:
             Reference found at search path location "{HintPathFromItem}".
   5:6>Task "Microsoft.SourceLink.GitHub.GetSourceLinkUrl"
   2:6>Done executing task "Microsoft.CodeAnalysis.BuildTasks.MapSourceRoots".
   6:6>ResolveAssemblyReferences:
             This reference is not "CopyLocal" because at least one source item had "Private" set to "false" and no source items had "Private" set to "true".
  10:6>Target "_CheckForNotRecommendedNETStandardVersion" skipped, due to false condition; ('$(TargetFrameworkIdentifier)' == '.NETStandard' and $([MSBuild]::VersionLessThan($(TargetFrameworkVersion), '2.0'))) was evaluated as ('.NETCoreApp' == '.NETStandard' and False).
   5:6>Done executing task "Microsoft.SourceLink.GitHub.GetSourceLinkUrl".
   6:6>ResolveAssemblyReferences:
             The ImageRuntimeVersion for this reference is "".
   2:6>Done building target "InitializeSourceRootMappedPaths" in project "DeventSoft.RoadmapSkills.Users.IntegrationTests.csproj".
   5:6>Done building target "_InitializeGitHubSourceLinkUrl" in project "DeventSoft.RoadmapSkills.Users.UnitTests.csproj".
   6:6>ResolveAssemblyReferences:
         Primary reference "Swashbuckle.AspNetCore.SwaggerGen, Version=6.4.0.0, Culture=neutral, PublicKeyToken=d84d99fb0135530a".
  10:6>Target "_CheckForUnsupportedCppNETCoreVersion" in file "/usr/local/share/dotnet/sdk/9.0.200/Sdks/Microsoft.NET.Sdk/targets/Microsoft.NET.TargetFrameworkInference.targets" from project "/Users/dacanetdev/Dev/AIGenerated/RoadmapSkills/src/Shared/DeventSoft.RoadmapSkills.Shared.Domain/DeventSoft.RoadmapSkills.Shared.Domain.csproj" (target "_CheckForInvalidConfigurationAndPlatform" depends on it):
  10:6>Task "NETSdkError" skipped, due to false condition; ('$(TargetFrameworkIdentifier)' == '.NETCoreApp' and '$(_TargetFrameworkVersionWithoutV)' < '3.1' and ('$(Language)' == 'C++' and '$(_EnablePackageReferencesInVCProjects)' != 'true')) was evaluated as ('.NETCoreApp' == '.NETCoreApp' and '8.0' < '3.1' and ('C#' == 'C++' and '' != 'true')).
   6:6>ResolveAssemblyReferences:
             Resolved file path is "/Users/dacanetdev/.nuget/packages/swashbuckle.aspnetcore.swaggergen/6.4.0/lib/net6.0/Swashbuckle.AspNetCore.SwaggerGen.dll".
  10:6>Done building target "_CheckForUnsupportedCppNETCoreVersion" in project "DeventSoft.RoadmapSkills.Shared.Domain.csproj".
   2:6>Target "_InitializeSourceRootMappedPathsOpt" in file "/usr/local/share/dotnet/sdk/9.0.200/Sdks/Microsoft.SourceLink.Common/build/Microsoft.SourceLink.Common.targets" from project "/Users/dacanetdev/Dev/AIGenerated/RoadmapSkills/tests/Modules/Users/DeventSoft.RoadmapSkills.Users.IntegrationTests/DeventSoft.RoadmapSkills.Users.IntegrationTests.csproj" (target "_GenerateSourceLinkFile" depends on it):
   2:6>Done building target "_InitializeSourceRootMappedPathsOpt" in project "DeventSoft.RoadmapSkills.Users.IntegrationTests.csproj".
   6:6>ResolveAssemblyReferences:
             Reference found at search path location "{HintPathFromItem}".
   5:6>Target "_InitializeGitLabSourceLinkUrl" in file "/usr/local/share/dotnet/sdk/9.0.200/Sdks/Microsoft.SourceLink.GitLab/build/Microsoft.SourceLink.GitLab.targets" from project "/Users/dacanetdev/Dev/AIGenerated/RoadmapSkills/tests/Modules/Users/DeventSoft.RoadmapSkills.Users.UnitTests/DeventSoft.RoadmapSkills.Users.UnitTests.csproj" (target "_GenerateSourceLinkFile" depends on it):
   5:6>Building target "_InitializeGitLabSourceLinkUrl" completely.
  10:6>Target "_CheckForUnsupportedNETStandardVersion" skipped, due to false condition; ('$(TargetFrameworkIdentifier)' == '.NETStandard' And '$(NETStandardMaximumVersion)' != '') was evaluated as ('.NETCoreApp' == '.NETStandard' And '' != '').
   6:6>ResolveAssemblyReferences:
             This reference is not "CopyLocal" because at least one source item had "Private" set to "false" and no source items had "Private" set to "true".
   5:6>_InitializeGitLabSourceLinkUrl:
       No input files were specified.
   6:6>ResolveAssemblyReferences:
             The ImageRuntimeVersion for this reference is "".
   2:6>Target "_InitializeGitHubSourceLinkUrl" in file "/usr/local/share/dotnet/sdk/9.0.200/Sdks/Microsoft.SourceLink.GitHub/build/Microsoft.SourceLink.GitHub.targets" from project "/Users/dacanetdev/Dev/AIGenerated/RoadmapSkills/tests/Modules/Users/DeventSoft.RoadmapSkills.Users.IntegrationTests/DeventSoft.RoadmapSkills.Users.IntegrationTests.csproj" (target "_GenerateSourceLinkFile" depends on it):
   2:6>Building target "_InitializeGitHubSourceLinkUrl" completely.
  10:6>Target "_CheckForUnsupportedTargetFrameworkAndFeatureCombination" skipped, due to false condition; ('$(TargetFrameworkIdentifier)' == '.NETFramework') was evaluated as ('.NETCoreApp' == '.NETFramework').
   5:6>_InitializeGitLabSourceLinkUrl:
       Using "Microsoft.SourceLink.GitLab.GetSourceLinkUrl" task from assembly "/usr/local/share/dotnet/sdk/9.0.200/Sdks/Microsoft.SourceLink.GitLab/build/../tools/net/Microsoft.SourceLink.GitLab.dll".
   6:6>ResolveAssemblyReferences:
         Primary reference "Swashbuckle.AspNetCore.SwaggerUI, Version=6.4.0.0, Culture=neutral, PublicKeyToken=4232c99127b3c254".
   2:6>_InitializeGitHubSourceLinkUrl:
       No input files were specified.
   5:6>Task "Microsoft.SourceLink.GitLab.GetSourceLinkUrl"
  10:6>Target "_CheckForSupportedOSPlatformVersionHigherThanTargetPlatformVersion" skipped, due to false condition; ('$(TargetPlatformVersion)' != '' and '$(TargetFrameworkIdentifier)' == '.NETCoreApp' and $([MSBuild]::VersionGreaterThanOrEquals($(TargetFrameworkVersion), 5.0))) was evaluated as ('' != '' and '.NETCoreApp' == '.NETCoreApp' and True).
   6:6>ResolveAssemblyReferences:
             Resolved file path is "/Users/dacanetdev/.nuget/packages/swashbuckle.aspnetcore.swaggerui/6.4.0/lib/net6.0/Swashbuckle.AspNetCore.SwaggerUI.dll".
   2:6>_InitializeGitHubSourceLinkUrl:
       Using "Microsoft.SourceLink.GitHub.GetSourceLinkUrl" task from assembly "/usr/local/share/dotnet/sdk/9.0.200/Sdks/Microsoft.SourceLink.GitHub/build/../tools/net/Microsoft.SourceLink.GitHub.dll".
   5:6>Done executing task "Microsoft.SourceLink.GitLab.GetSourceLinkUrl".
   6:6>ResolveAssemblyReferences:
             Reference found at search path location "{HintPathFromItem}".
  10:6>Target "_CheckForInvalidTargetPlatformVersion" skipped, due to false condition; ('$(TargetPlatformVersion)' != '' and '$(TargetFrameworkIdentifier)' == '.NETCoreApp' and $([MSBuild]::VersionGreaterThanOrEquals($(TargetFrameworkVersion), 5.0)) and ('$(Language)' != 'C++' or '$(_EnablePackageReferencesInVCProjects)' == 'true')) was evaluated as ('' != '' and '.NETCoreApp' == '.NETCoreApp' and True and ('C#' != 'C++' or '' == 'true')).
   2:6>Task "Microsoft.SourceLink.GitHub.GetSourceLinkUrl"
   5:6>Done building target "_InitializeGitLabSourceLinkUrl" in project "DeventSoft.RoadmapSkills.Users.UnitTests.csproj".
   6:6>ResolveAssemblyReferences:
             This reference is not "CopyLocal" because at least one source item had "Private" set to "false" and no source items had "Private" set to "true".
   2:6>Done executing task "Microsoft.SourceLink.GitHub.GetSourceLinkUrl".
   6:6>ResolveAssemblyReferences:
             The ImageRuntimeVersion for this reference is "".
  10:6>Target "_CheckForUnsupportedArtifactsPath" in file "/usr/local/share/dotnet/sdk/9.0.200/Sdks/Microsoft.NET.Sdk/targets/Microsoft.NET.DefaultOutputPaths.targets" from project "/Users/dacanetdev/Dev/AIGenerated/RoadmapSkills/src/Shared/DeventSoft.RoadmapSkills.Shared.Domain/DeventSoft.RoadmapSkills.Shared.Domain.csproj" (target "_CheckForInvalidConfigurationAndPlatform" depends on it):
  10:6>Task "NetSdkError" skipped, due to false condition; ('$(UseArtifactsOutput)' == 'true' and '$(_ArtifactsPathSetEarly)' != 'true') was evaluated as ('' == 'true' and '' != 'true').
   2:6>Done building target "_InitializeGitHubSourceLinkUrl" in project "DeventSoft.RoadmapSkills.Users.IntegrationTests.csproj".
   5:6>Target "_InitializeAzureReposGitSourceLinkUrl" in file "/usr/local/share/dotnet/sdk/9.0.200/Sdks/Microsoft.SourceLink.AzureRepos.Git/build/Microsoft.SourceLink.AzureRepos.Git.targets" from project "/Users/dacanetdev/Dev/AIGenerated/RoadmapSkills/tests/Modules/Users/DeventSoft.RoadmapSkills.Users.UnitTests/DeventSoft.RoadmapSkills.Users.UnitTests.csproj" (target "_GenerateSourceLinkFile" depends on it):
   5:6>Building target "_InitializeAzureReposGitSourceLinkUrl" completely.
   6:6>ResolveAssemblyReferences:
         Primary reference "Microsoft.CSharp, Version=8.0.0.0, Culture=neutral, PublicKeyToken=b03f5f7f11d50a3a".
  10:6>_CheckForUnsupportedArtifactsPath:
       Task "NetSdkError" skipped, due to false condition; ('$(_ArtifactsPathLocationType)' == 'ProjectFolder') was evaluated as ('' == 'ProjectFolder').
   5:6>_InitializeAzureReposGitSourceLinkUrl:
       No input files were specified.
   6:6>ResolveAssemblyReferences:
             Resolved file path is "/Users/dacanetdev/.nuget/packages/microsoft.netcore.app.ref/8.0.13/ref/net8.0/Microsoft.CSharp.dll".
   5:6>_InitializeAzureReposGitSourceLinkUrl:
       Using "Microsoft.SourceLink.AzureRepos.Git.GetSourceLinkUrl" task from assembly "/usr/local/share/dotnet/sdk/9.0.200/Sdks/Microsoft.SourceLink.AzureRepos.Git/build/../tools/net/Microsoft.SourceLink.AzureRepos.Git.dll".
   6:6>ResolveAssemblyReferences:
             Reference found at search path location "{RawFileName}".
  10:6>Done building target "_CheckForUnsupportedArtifactsPath" in project "DeventSoft.RoadmapSkills.Shared.Domain.csproj".
   6:6>ResolveAssemblyReferences:
             This reference is not "CopyLocal" because at least one source item had "Private" set to "false" and no source items had "Private" set to "true".
   5:6>Task "Microsoft.SourceLink.AzureRepos.Git.GetSourceLinkUrl"
   2:6>Target "_InitializeGitLabSourceLinkUrl" in file "/usr/local/share/dotnet/sdk/9.0.200/Sdks/Microsoft.SourceLink.GitLab/build/Microsoft.SourceLink.GitLab.targets" from project "/Users/dacanetdev/Dev/AIGenerated/RoadmapSkills/tests/Modules/Users/DeventSoft.RoadmapSkills.Users.IntegrationTests/DeventSoft.RoadmapSkills.Users.IntegrationTests.csproj" (target "_GenerateSourceLinkFile" depends on it):
   2:6>Building target "_InitializeGitLabSourceLinkUrl" completely.
   6:6>ResolveAssemblyReferences:
             The ImageRuntimeVersion for this reference is "".
  10:6>Target "_CheckForMissingWorkload" skipped, due to false condition; ('@(MissingWorkloadPack)' != '' And '$(DesignTimeBuild)' != 'true') was evaluated as ('' != '' And '' != 'true').
   5:6>Done executing task "Microsoft.SourceLink.AzureRepos.Git.GetSourceLinkUrl".
   6:6>ResolveAssemblyReferences:
         Primary reference "Microsoft.VisualBasic.Core, Version=13.0.0.0, Culture=neutral, PublicKeyToken=b03f5f7f11d50a3a".
   2:6>_InitializeGitLabSourceLinkUrl:
       No input files were specified.
   5:6>Done building target "_InitializeAzureReposGitSourceLinkUrl" in project "DeventSoft.RoadmapSkills.Users.UnitTests.csproj".
  10:6>Target "_CheckForUnsupportedAppHostUsage" skipped, due to false condition; ('$(TargetFrameworkIdentifier)' == '.NETCoreApp' and '$(HasRuntimeOutput)' == 'true') was evaluated as ('.NETCoreApp' == '.NETCoreApp' and '' == 'true').
   6:6>ResolveAssemblyReferences:
             Resolved file path is "/Users/dacanetdev/.nuget/packages/microsoft.netcore.app.ref/8.0.13/ref/net8.0/Microsoft.VisualBasic.Core.dll".
   2:6>_InitializeGitLabSourceLinkUrl:
       Using "Microsoft.SourceLink.GitLab.GetSourceLinkUrl" task from assembly "/usr/local/share/dotnet/sdk/9.0.200/Sdks/Microsoft.SourceLink.GitLab/build/../tools/net/Microsoft.SourceLink.GitLab.dll".
   6:6>ResolveAssemblyReferences:
             Reference found at search path location "{RawFileName}".
  10:6>Target "_CheckForUnsupportedHostingUsage" in file "/usr/local/share/dotnet/sdk/9.0.200/Sdks/Microsoft.NET.Sdk/targets/Microsoft.NET.RuntimeIdentifierInference.targets" from project "/Users/dacanetdev/Dev/AIGenerated/RoadmapSkills/src/Shared/DeventSoft.RoadmapSkills.Shared.Domain/DeventSoft.RoadmapSkills.Shared.Domain.csproj" (target "_CheckForInvalidConfigurationAndPlatform" depends on it):
  10:6>Task "NETSdkWarning" skipped, due to false condition; ('$(SelfContained)' == 'true' and '$(EnableComHosting)' == 'true') was evaluated as ('' == 'true' and '' == 'true').
   6:6>ResolveAssemblyReferences:
             This reference is not "CopyLocal" because at least one source item had "Private" set to "false" and no source items had "Private" set to "true".
   2:6>Task "Microsoft.SourceLink.GitLab.GetSourceLinkUrl"
  10:6>Done building target "_CheckForUnsupportedHostingUsage" in project "DeventSoft.RoadmapSkills.Shared.Domain.csproj".
   5:6>Target "_InitializeBitbucketGitSourceLinkUrl" in file "/usr/local/share/dotnet/sdk/9.0.200/Sdks/Microsoft.SourceLink.Bitbucket.Git/build/Microsoft.SourceLink.Bitbucket.Git.targets" from project "/Users/dacanetdev/Dev/AIGenerated/RoadmapSkills/tests/Modules/Users/DeventSoft.RoadmapSkills.Users.UnitTests/DeventSoft.RoadmapSkills.Users.UnitTests.csproj" (target "_GenerateSourceLinkFile" depends on it):
   5:6>Building target "_InitializeBitbucketGitSourceLinkUrl" completely.
   6:6>ResolveAssemblyReferences:
             The ImageRuntimeVersion for this reference is "".
   2:6>Done executing task "Microsoft.SourceLink.GitLab.GetSourceLinkUrl".
   5:6>_InitializeBitbucketGitSourceLinkUrl:
       No input files were specified.
   6:6>ResolveAssemblyReferences:
         Primary reference "Microsoft.VisualBasic, Version=10.0.0.0, Culture=neutral, PublicKeyToken=b03f5f7f11d50a3a".
  10:6>Target "_CheckAndUnsetUnsupportedPrefer32Bit" in file "/usr/local/share/dotnet/sdk/9.0.200/Sdks/Microsoft.NET.Sdk/targets/Microsoft.NET.RuntimeIdentifierInference.targets" from project "/Users/dacanetdev/Dev/AIGenerated/RoadmapSkills/src/Shared/DeventSoft.RoadmapSkills.Shared.Domain/DeventSoft.RoadmapSkills.Shared.Domain.csproj" (target "_CheckForInvalidConfigurationAndPlatform" depends on it):
  10:6>Task "NETSdkWarning" skipped, due to false condition; ('$(Prefer32Bit)' == 'true') was evaluated as ('false' == 'true').
   6:6>ResolveAssemblyReferences:
             Resolved file path is "/Users/dacanetdev/.nuget/packages/microsoft.netcore.app.ref/8.0.13/ref/net8.0/Microsoft.VisualBasic.dll".
   5:6>_InitializeBitbucketGitSourceLinkUrl:
       Using "Microsoft.SourceLink.Bitbucket.Git.GetSourceLinkUrl" task from assembly "/usr/local/share/dotnet/sdk/9.0.200/Sdks/Microsoft.SourceLink.Bitbucket.Git/build/../tools/net/Microsoft.SourceLink.Bitbucket.Git.dll".
   2:6>Done building target "_InitializeGitLabSourceLinkUrl" in project "DeventSoft.RoadmapSkills.Users.IntegrationTests.csproj".
   6:6>ResolveAssemblyReferences:
             Reference found at search path location "{RawFileName}".
  10:6>Done building target "_CheckAndUnsetUnsupportedPrefer32Bit" in project "DeventSoft.RoadmapSkills.Shared.Domain.csproj".
   5:6>Task "Microsoft.SourceLink.Bitbucket.Git.GetSourceLinkUrl"
   6:6>ResolveAssemblyReferences:
             This reference is not "CopyLocal" because at least one source item had "Private" set to "false" and no source items had "Private" set to "true".
  10:6>Target "_CheckAndUnsetUnsupportedPreferNativeArm64" skipped, due to false condition; ('$(TargetFrameworkIdentifier)' == '.NETCoreApp' and '$(PreferNativeArm64)' == 'true') was evaluated as ('.NETCoreApp' == '.NETCoreApp' and 'false' == 'true').
   6:6>ResolveAssemblyReferences:
             The ImageRuntimeVersion for this reference is "".
   5:6>Done executing task "Microsoft.SourceLink.Bitbucket.Git.GetSourceLinkUrl".
   2:6>Target "_InitializeAzureReposGitSourceLinkUrl" in file "/usr/local/share/dotnet/sdk/9.0.200/Sdks/Microsoft.SourceLink.AzureRepos.Git/build/Microsoft.SourceLink.AzureRepos.Git.targets" from project "/Users/dacanetdev/Dev/AIGenerated/RoadmapSkills/tests/Modules/Users/DeventSoft.RoadmapSkills.Users.IntegrationTests/DeventSoft.RoadmapSkills.Users.IntegrationTests.csproj" (target "_GenerateSourceLinkFile" depends on it):
   2:6>Building target "_InitializeAzureReposGitSourceLinkUrl" completely.
  10:6>Target "_CheckForMismatchingPlatform" skipped, due to false condition; ('$(RuntimeIdentifier)' != '' and '$(PlatformTarget)' != '') was evaluated as ('' != '' and '' != '').
   6:6>ResolveAssemblyReferences:
         Primary reference "Microsoft.Win32.Primitives, Version=8.0.0.0, Culture=neutral, PublicKeyToken=b03f5f7f11d50a3a".
   5:6>Done building target "_InitializeBitbucketGitSourceLinkUrl" in project "DeventSoft.RoadmapSkills.Users.UnitTests.csproj".
   2:6>_InitializeAzureReposGitSourceLinkUrl:
       No input files were specified.
   6:6>ResolveAssemblyReferences:
             Resolved file path is "/Users/dacanetdev/.nuget/packages/microsoft.netcore.app.ref/8.0.13/ref/net8.0/Microsoft.Win32.Primitives.dll".
             Reference found at search path location "{RawFileName}".
   2:6>_InitializeAzureReposGitSourceLinkUrl:
       Using "Microsoft.SourceLink.AzureRepos.Git.GetSourceLinkUrl" task from assembly "/usr/local/share/dotnet/sdk/9.0.200/Sdks/Microsoft.SourceLink.AzureRepos.Git/build/../tools/net/Microsoft.SourceLink.AzureRepos.Git.dll".
  10:6>Target "_CheckForLanguageAndFeatureCombinationSupport" in file "/usr/local/share/dotnet/sdk/9.0.200/Sdks/Microsoft.NET.Sdk/targets/Microsoft.NET.RuntimeIdentifierInference.targets" from project "/Users/dacanetdev/Dev/AIGenerated/RoadmapSkills/src/Shared/DeventSoft.RoadmapSkills.Shared.Domain/DeventSoft.RoadmapSkills.Shared.Domain.csproj" (target "_CheckForInvalidConfigurationAndPlatform" depends on it):
  10:6>Task "NETSdkError" skipped, due to false condition; (('$(Language)' == 'C++' and '$(_EnablePackageReferencesInVCProjects)' != 'true') and $(OutputType) != 'library' and '$(TargetFrameworkIdentifier)' == '.NETCoreApp') was evaluated as (('C#' == 'C++' and '' != 'true') and Library != 'library' and '.NETCoreApp' == '.NETCoreApp').
   6:6>ResolveAssemblyReferences:
             This reference is not "CopyLocal" because at least one source item had "Private" set to "false" and no source items had "Private" set to "true".
   2:6>Task "Microsoft.SourceLink.AzureRepos.Git.GetSourceLinkUrl"
  10:6>_CheckForLanguageAndFeatureCombinationSupport:
       Task "NETSdkError" skipped, due to false condition; (('$(Language)' == 'C++' and '$(_EnablePackageReferencesInVCProjects)' != 'true') and $(EnableComHosting) == 'true') was evaluated as (('C#' == 'C++' and '' != 'true') and  == 'true').
   6:6>ResolveAssemblyReferences:
             The ImageRuntimeVersion for this reference is "".
   5:6>Target "_GenerateSourceLinkFile" in file "/usr/local/share/dotnet/sdk/9.0.200/Sdks/Microsoft.SourceLink.Common/build/Microsoft.SourceLink.Common.targets" from project "/Users/dacanetdev/Dev/AIGenerated/RoadmapSkills/tests/Modules/Users/DeventSoft.RoadmapSkills.Users.UnitTests/DeventSoft.RoadmapSkills.Users.UnitTests.csproj" (target "GenerateSourceLinkFile" depends on it):
   5:6>Building target "_GenerateSourceLinkFile" completely.
   2:6>Done executing task "Microsoft.SourceLink.AzureRepos.Git.GetSourceLinkUrl".
  10:6>_CheckForLanguageAndFeatureCombinationSupport:
       Task "NETSdkError" skipped, due to false condition; (('$(Language)' == 'C++' and '$(_EnablePackageReferencesInVCProjects)' != 'true') and $(SelfContained) == 'true') was evaluated as (('C#' == 'C++' and '' != 'true') and  == 'true').
   6:6>ResolveAssemblyReferences:
         Primary reference "Microsoft.Win32.Registry, Version=8.0.0.0, Culture=neutral, PublicKeyToken=b03f5f7f11d50a3a".
   5:6>_GenerateSourceLinkFile:
       No input files were specified.
   6:6>ResolveAssemblyReferences:
             Resolved file path is "/Users/dacanetdev/.nuget/packages/microsoft.netcore.app.ref/8.0.13/ref/net8.0/Microsoft.Win32.Registry.dll".
   2:6>Done building target "_InitializeAzureReposGitSourceLinkUrl" in project "DeventSoft.RoadmapSkills.Users.IntegrationTests.csproj".
   6:6>ResolveAssemblyReferences:
             Reference found at search path location "{RawFileName}".
   5:6>_GenerateSourceLinkFile:
       Using "Microsoft.SourceLink.Common.GenerateSourceLinkFile" task from assembly "/usr/local/share/dotnet/sdk/9.0.200/Sdks/Microsoft.SourceLink.Common/build/../tools/net/Microsoft.SourceLink.Common.dll".
   6:6>ResolveAssemblyReferences:
             This reference is not "CopyLocal" because at least one source item had "Private" set to "false" and no source items had "Private" set to "true".
  10:6>Done building target "_CheckForLanguageAndFeatureCombinationSupport" in project "DeventSoft.RoadmapSkills.Shared.Domain.csproj".
   5:6>Task "Microsoft.SourceLink.Common.GenerateSourceLinkFile"
   6:6>ResolveAssemblyReferences:
             The ImageRuntimeVersion for this reference is "".
   2:6>Target "_InitializeBitbucketGitSourceLinkUrl" in file "/usr/local/share/dotnet/sdk/9.0.200/Sdks/Microsoft.SourceLink.Bitbucket.Git/build/Microsoft.SourceLink.Bitbucket.Git.targets" from project "/Users/dacanetdev/Dev/AIGenerated/RoadmapSkills/tests/Modules/Users/DeventSoft.RoadmapSkills.Users.IntegrationTests/DeventSoft.RoadmapSkills.Users.IntegrationTests.csproj" (target "_GenerateSourceLinkFile" depends on it):
   2:6>Building target "_InitializeBitbucketGitSourceLinkUrl" completely.
   6:6>ResolveAssemblyReferences:
         Primary reference "System.AppContext, Version=8.0.0.0, Culture=neutral, PublicKeyToken=b03f5f7f11d50a3a".
   2:6>_InitializeBitbucketGitSourceLinkUrl:
       No input files were specified.
  10:6>Target "_CheckForNETCoreSdkIsPreview" skipped, due to false condition; ( '$(_NETCoreSdkIsPreview)' == 'true' AND '$(SuppressNETCoreSdkPreviewMessage)' != 'true' ) was evaluated as ( 'false' == 'true' AND '' != 'true' ).
   5:6>_GenerateSourceLinkFile:
         Source Link is empty, file 'obj/Debug/net8.0/DeventSoft.RoadmapSkills.Users.UnitTests.sourcelink.json' does not exist.
   6:6>ResolveAssemblyReferences:
             Resolved file path is "/Users/dacanetdev/.nuget/packages/microsoft.netcore.app.ref/8.0.13/ref/net8.0/System.AppContext.dll".
   2:6>_InitializeBitbucketGitSourceLinkUrl:
       Using "Microsoft.SourceLink.Bitbucket.Git.GetSourceLinkUrl" task from assembly "/usr/local/share/dotnet/sdk/9.0.200/Sdks/Microsoft.SourceLink.Bitbucket.Git/build/../tools/net/Microsoft.SourceLink.Bitbucket.Git.dll".
   5:6>Done executing task "Microsoft.SourceLink.Common.GenerateSourceLinkFile".
   6:6>ResolveAssemblyReferences:
             Reference found at search path location "{RawFileName}".
   2:6>Task "Microsoft.SourceLink.Bitbucket.Git.GetSourceLinkUrl"
   6:6>ResolveAssemblyReferences:
             This reference is not "CopyLocal" because at least one source item had "Private" set to "false" and no source items had "Private" set to "true".
  10:6>Target "_GetProjectJsonPath" in file "/usr/local/share/dotnet/sdk/9.0.200/NuGet.targets" from project "/Users/dacanetdev/Dev/AIGenerated/RoadmapSkills/src/Shared/DeventSoft.RoadmapSkills.Shared.Domain/DeventSoft.RoadmapSkills.Shared.Domain.csproj" (target "_GetRestoreProjectStyle" depends on it):
  10:6>Task "GetRestoreProjectJsonPathTask" skipped, due to false condition; ( '$(RestoreProjectStyle)' == 'ProjectJson' OR '$(RestoreProjectStyle)' == '' ) was evaluated as ( 'PackageReference' == 'ProjectJson' OR 'PackageReference' == '' ).
   5:6>Done building target "_GenerateSourceLinkFile" in project "DeventSoft.RoadmapSkills.Users.UnitTests.csproj".
   2:6>Done executing task "Microsoft.SourceLink.Bitbucket.Git.GetSourceLinkUrl".
   6:6>ResolveAssemblyReferences:
             The ImageRuntimeVersion for this reference is "".
  10:6>Done building target "_GetProjectJsonPath" in project "DeventSoft.RoadmapSkills.Shared.Domain.csproj".
   6:6>ResolveAssemblyReferences:
         Primary reference "System.Buffers, Version=8.0.0.0, Culture=neutral, PublicKeyToken=cc7b13ffcd2ddd51".
   2:6>Done building target "_InitializeBitbucketGitSourceLinkUrl" in project "DeventSoft.RoadmapSkills.Users.IntegrationTests.csproj".
   6:6>ResolveAssemblyReferences:
             Resolved file path is "/Users/dacanetdev/.nuget/packages/microsoft.netcore.app.ref/8.0.13/ref/net8.0/System.Buffers.dll".
   5:6>Target "GenerateSourceLinkFile" in file "/usr/local/share/dotnet/sdk/9.0.200/Sdks/Microsoft.SourceLink.Common/build/Microsoft.SourceLink.Common.targets" from project "/Users/dacanetdev/Dev/AIGenerated/RoadmapSkills/tests/Modules/Users/DeventSoft.RoadmapSkills.Users.UnitTests/DeventSoft.RoadmapSkills.Users.UnitTests.csproj" (target "CoreCompile" depends on it):
   5:6>Done building target "GenerateSourceLinkFile" in project "DeventSoft.RoadmapSkills.Users.UnitTests.csproj".
  10:6>Target "_CheckForUnsupportedTargetPlatformIdentifier" skipped, due to false condition; ('$(TargetPlatformIdentifier)' != '' and '$(TargetFrameworkIdentifier)' == '.NETCoreApp' and $([MSBuild]::VersionGreaterThanOrEquals($(TargetFrameworkVersion), 5.0)) And ('$(DesignTimeBuild)' != 'true' Or '@(MissingWorkloadPack)' == '')) was evaluated as ('' != '' and '.NETCoreApp' == '.NETCoreApp' and True And ('' != 'true' Or '' == '')).
   6:6>ResolveAssemblyReferences:
             Reference found at search path location "{RawFileName}".
   2:6>Target "_GenerateSourceLinkFile" in file "/usr/local/share/dotnet/sdk/9.0.200/Sdks/Microsoft.SourceLink.Common/build/Microsoft.SourceLink.Common.targets" from project "/Users/dacanetdev/Dev/AIGenerated/RoadmapSkills/tests/Modules/Users/DeventSoft.RoadmapSkills.Users.IntegrationTests/DeventSoft.RoadmapSkills.Users.IntegrationTests.csproj" (target "GenerateSourceLinkFile" depends on it):
   2:6>Building target "_GenerateSourceLinkFile" completely.
  10:6>Target "_CheckForMissingWorkload" skipped, due to false condition; ('@(MissingWorkloadPack)' != '' And '$(DesignTimeBuild)' != 'true') was evaluated as ('' != '' And '' != 'true').
   6:6>ResolveAssemblyReferences:
             This reference is not "CopyLocal" because at least one source item had "Private" set to "false" and no source items had "Private" set to "true".
   2:6>_GenerateSourceLinkFile:
       No input files were specified.
   6:6>ResolveAssemblyReferences:
             The ImageRuntimeVersion for this reference is "".
   5:6>Target "AddGlobalAnalyzerConfigForPackage_MicrosoftCodeAnalysisNetAnalyzers" in file "/usr/local/share/dotnet/sdk/9.0.200/Sdks/Microsoft.NET.Sdk/analyzers/build/Microsoft.CodeAnalysis.NetAnalyzers.targets" from project "/Users/dacanetdev/Dev/AIGenerated/RoadmapSkills/tests/Modules/Users/DeventSoft.RoadmapSkills.Users.UnitTests/DeventSoft.RoadmapSkills.Users.UnitTests.csproj" (target "CoreCompile" depends on it):
   5:6>Done building target "AddGlobalAnalyzerConfigForPackage_MicrosoftCodeAnalysisNetAnalyzers" in project "DeventSoft.RoadmapSkills.Users.UnitTests.csproj".
  10:6>Target "_CheckForNotRecommendedNETStandardVersion" skipped, due to false condition; ('$(TargetFrameworkIdentifier)' == '.NETStandard' and $([MSBuild]::VersionLessThan($(TargetFrameworkVersion), '2.0'))) was evaluated as ('.NETCoreApp' == '.NETStandard' and False).
   2:6>_GenerateSourceLinkFile:
       Using "Microsoft.SourceLink.Common.GenerateSourceLinkFile" task from assembly "/usr/local/share/dotnet/sdk/9.0.200/Sdks/Microsoft.SourceLink.Common/build/../tools/net/Microsoft.SourceLink.Common.dll".
   6:6>ResolveAssemblyReferences:
         Primary reference "System.Collections.Concurrent, Version=8.0.0.0, Culture=neutral, PublicKeyToken=b03f5f7f11d50a3a".
  10:6>Target "_CheckForUnsupportedNETStandardVersion" skipped, due to false condition; ('$(TargetFrameworkIdentifier)' == '.NETStandard' And '$(NETStandardMaximumVersion)' != '') was evaluated as ('.NETCoreApp' == '.NETStandard' And '' != '').
   2:6>Task "Microsoft.SourceLink.Common.GenerateSourceLinkFile"
   5:6>Target "AddGlobalAnalyzerConfigForPackage_MicrosoftCodeAnalysisNetAnalyzersDesign" skipped, due to false condition; ('$(SkipGlobalAnalyzerConfigForPackage)' != 'true' and ('$(AnalysisLevelDesign)' != '' or '$(AnalysisModeDesign)' != '')) was evaluated as ('' != 'true' and ('' != '' or '' != '')).
   6:6>ResolveAssemblyReferences:
             Resolved file path is "/Users/dacanetdev/.nuget/packages/microsoft.netcore.app.ref/8.0.13/ref/net8.0/System.Collections.Concurrent.dll".
  10:6>Target "_CheckForUnsupportedTargetFrameworkAndFeatureCombination" skipped, due to false condition; ('$(TargetFrameworkIdentifier)' == '.NETFramework') was evaluated as ('.NETCoreApp' == '.NETFramework').
   2:6>_GenerateSourceLinkFile:
         Source Link is empty, file 'obj/Debug/net8.0/DeventSoft.RoadmapSkills.Users.IntegrationTests.sourcelink.json' does not exist.
   6:6>ResolveAssemblyReferences:
             Reference found at search path location "{RawFileName}".
   5:6>Target "AddGlobalAnalyzerConfigForPackage_MicrosoftCodeAnalysisNetAnalyzersDocumentation" skipped, due to false condition; ('$(SkipGlobalAnalyzerConfigForPackage)' != 'true' and ('$(AnalysisLevelDocumentation)' != '' or '$(AnalysisModeDocumentation)' != '')) was evaluated as ('' != 'true' and ('' != '' or '' != '')).
  10:6>Target "ApplyImplicitVersions" skipped, due to false condition; ('@(PackageReference)' != '') was evaluated as ('' != '').
   6:6>ResolveAssemblyReferences:
             This reference is not "CopyLocal" because at least one source item had "Private" set to "false" and no source items had "Private" set to "true".
   2:6>Done executing task "Microsoft.SourceLink.Common.GenerateSourceLinkFile".
   5:6>Target "AddGlobalAnalyzerConfigForPackage_MicrosoftCodeAnalysisNetAnalyzersGlobalization" skipped, due to false condition; ('$(SkipGlobalAnalyzerConfigForPackage)' != 'true' and ('$(AnalysisLevelGlobalization)' != '' or '$(AnalysisModeGlobalization)' != '')) was evaluated as ('' != 'true' and ('' != '' or '' != '')).
   6:6>ResolveAssemblyReferences:
             The ImageRuntimeVersion for this reference is "".
  10:6>Target "IncludeTargetingPackReference" skipped, due to false condition; ('$(TargetFrameworkMoniker)' != '' and '$(TargetFrameworkIdentifier)' == '.NETFramework' and '$(AutomaticallyUseReferenceAssemblyPackages)' == 'true') was evaluated as ('.NETCoreApp,Version=v8.0' != '' and '.NETCoreApp' == '.NETFramework' and 'true' == 'true').
   2:6>Done building target "_GenerateSourceLinkFile" in project "DeventSoft.RoadmapSkills.Users.IntegrationTests.csproj".
   5:6>Target "AddGlobalAnalyzerConfigForPackage_MicrosoftCodeAnalysisNetAnalyzersInteroperability" skipped, due to false condition; ('$(SkipGlobalAnalyzerConfigForPackage)' != 'true' and ('$(AnalysisLevelInteroperability)' != '' or '$(AnalysisModeInteroperability)' != '')) was evaluated as ('' != 'true' and ('' != '' or '' != '')).
       Target "AddGlobalAnalyzerConfigForPackage_MicrosoftCodeAnalysisNetAnalyzersMaintainability" skipped, due to false condition; ('$(SkipGlobalAnalyzerConfigForPackage)' != 'true' and ('$(AnalysisLevelMaintainability)' != '' or '$(AnalysisModeMaintainability)' != '')) was evaluated as ('' != 'true' and ('' != '' or '' != '')).
   2:6>Target "GenerateSourceLinkFile" in file "/usr/local/share/dotnet/sdk/9.0.200/Sdks/Microsoft.SourceLink.Common/build/Microsoft.SourceLink.Common.targets" from project "/Users/dacanetdev/Dev/AIGenerated/RoadmapSkills/tests/Modules/Users/DeventSoft.RoadmapSkills.Users.IntegrationTests/DeventSoft.RoadmapSkills.Users.IntegrationTests.csproj" (target "CoreCompile" depends on it):
   2:6>Done building target "GenerateSourceLinkFile" in project "DeventSoft.RoadmapSkills.Users.IntegrationTests.csproj".
   6:6>ResolveAssemblyReferences:
         Primary reference "System.Collections.Immutable, Version=8.0.0.0, Culture=neutral, PublicKeyToken=b03f5f7f11d50a3a".
  10:6>Target "CheckForImplicitPackageReferenceOverrides" in file "/usr/local/share/dotnet/sdk/9.0.200/Sdks/Microsoft.NET.Sdk/targets/Microsoft.NET.Sdk.DefaultItems.Shared.targets" from project "/Users/dacanetdev/Dev/AIGenerated/RoadmapSkills/src/Shared/DeventSoft.RoadmapSkills.Shared.Domain/DeventSoft.RoadmapSkills.Shared.Domain.csproj" (target "CollectPackageReferences" depends on it):
  10:6>Using "CheckForImplicitPackageReferenceOverrides" task from assembly "/usr/local/share/dotnet/sdk/9.0.200/Sdks/Microsoft.NET.Sdk/targets/../tools/net9.0/Microsoft.NET.Build.Tasks.dll".
   5:6>Target "AddGlobalAnalyzerConfigForPackage_MicrosoftCodeAnalysisNetAnalyzersNaming" skipped, due to false condition; ('$(SkipGlobalAnalyzerConfigForPackage)' != 'true' and ('$(AnalysisLevelNaming)' != '' or '$(AnalysisModeNaming)' != '')) was evaluated as ('' != 'true' and ('' != '' or '' != '')).
       Target "AddGlobalAnalyzerConfigForPackage_MicrosoftCodeAnalysisNetAnalyzersPerformance" skipped, due to false condition; ('$(SkipGlobalAnalyzerConfigForPackage)' != 'true' and ('$(AnalysisLevelPerformance)' != '' or '$(AnalysisModePerformance)' != '')) was evaluated as ('' != 'true' and ('' != '' or '' != '')).
  10:6>Task "CheckForImplicitPackageReferenceOverrides"
   6:6>ResolveAssemblyReferences:
             Resolved file path is "/Users/dacanetdev/.nuget/packages/microsoft.netcore.app.ref/8.0.13/ref/net8.0/System.Collections.Immutable.dll".
   2:6>Target "AddGlobalAnalyzerConfigForPackage_MicrosoftCodeAnalysisNetAnalyzers" in file "/usr/local/share/dotnet/sdk/9.0.200/Sdks/Microsoft.NET.Sdk/analyzers/build/Microsoft.CodeAnalysis.NetAnalyzers.targets" from project "/Users/dacanetdev/Dev/AIGenerated/RoadmapSkills/tests/Modules/Users/DeventSoft.RoadmapSkills.Users.IntegrationTests/DeventSoft.RoadmapSkills.Users.IntegrationTests.csproj" (target "CoreCompile" depends on it):
   2:6>Done building target "AddGlobalAnalyzerConfigForPackage_MicrosoftCodeAnalysisNetAnalyzers" in project "DeventSoft.RoadmapSkills.Users.IntegrationTests.csproj".
   5:6>Target "AddGlobalAnalyzerConfigForPackage_MicrosoftCodeAnalysisNetAnalyzersReliability" skipped, due to false condition; ('$(SkipGlobalAnalyzerConfigForPackage)' != 'true' and ('$(AnalysisLevelReliability)' != '' or '$(AnalysisModeReliability)' != '')) was evaluated as ('' != 'true' and ('' != '' or '' != '')).
  10:6>Done executing task "CheckForImplicitPackageReferenceOverrides".
   6:6>ResolveAssemblyReferences:
             Reference found at search path location "{RawFileName}".
   2:6>Target "AddGlobalAnalyzerConfigForPackage_MicrosoftCodeAnalysisNetAnalyzersDesign" skipped, due to false condition; ('$(SkipGlobalAnalyzerConfigForPackage)' != 'true' and ('$(AnalysisLevelDesign)' != '' or '$(AnalysisModeDesign)' != '')) was evaluated as ('' != 'true' and ('' != '' or '' != '')).
   5:6>Target "AddGlobalAnalyzerConfigForPackage_MicrosoftCodeAnalysisNetAnalyzersSecurity" skipped, due to false condition; ('$(SkipGlobalAnalyzerConfigForPackage)' != 'true' and ('$(AnalysisLevelSecurity)' != '' or '$(AnalysisModeSecurity)' != '')) was evaluated as ('' != 'true' and ('' != '' or '' != '')).
   6:6>ResolveAssemblyReferences:
             This reference is not "CopyLocal" because at least one source item had "Private" set to "false" and no source items had "Private" set to "true".
  10:6>Done building target "CheckForImplicitPackageReferenceOverrides" in project "DeventSoft.RoadmapSkills.Shared.Domain.csproj".
   2:6>Target "AddGlobalAnalyzerConfigForPackage_MicrosoftCodeAnalysisNetAnalyzersDocumentation" skipped, due to false condition; ('$(SkipGlobalAnalyzerConfigForPackage)' != 'true' and ('$(AnalysisLevelDocumentation)' != '' or '$(AnalysisModeDocumentation)' != '')) was evaluated as ('' != 'true' and ('' != '' or '' != '')).
   6:6>ResolveAssemblyReferences:
             The ImageRuntimeVersion for this reference is "".
   5:6>Target "AddGlobalAnalyzerConfigForPackage_MicrosoftCodeAnalysisNetAnalyzersUsage" skipped, due to false condition; ('$(SkipGlobalAnalyzerConfigForPackage)' != 'true' and ('$(AnalysisLevelUsage)' != '' or '$(AnalysisModeUsage)' != '')) was evaluated as ('' != 'true' and ('' != '' or '' != '')).
   6:6>ResolveAssemblyReferences:
         Primary reference "System.Collections.NonGeneric, Version=8.0.0.0, Culture=neutral, PublicKeyToken=b03f5f7f11d50a3a".
   2:6>Target "AddGlobalAnalyzerConfigForPackage_MicrosoftCodeAnalysisNetAnalyzersGlobalization" skipped, due to false condition; ('$(SkipGlobalAnalyzerConfigForPackage)' != 'true' and ('$(AnalysisLevelGlobalization)' != '' or '$(AnalysisModeGlobalization)' != '')) was evaluated as ('' != 'true' and ('' != '' or '' != '')).
  10:6>Target "AddWindowsSdkKnownFrameworkReferences" skipped, due to false condition; ('$(TargetFrameworkIdentifier)' == '.NETCoreApp' And '$(TargetPlatformIdentifier)' == 'Windows'
                     And ('$(Language)' != 'C++' Or '$(IncludeWindowsSDKRefFrameworkReferences)' == 'true')) was evaluated as ('.NETCoreApp' == '.NETCoreApp' And '' == 'Windows'
                     And ('C#' != 'C++' Or '' == 'true')).
   5:6>Target "_CodeAnalysisTreatWarningsAsErrors" skipped, due to false condition; ('$(DesignTimeBuild)' == 'true' OR '$(BuildingProject)' != 'true') was evaluated as ('' == 'true' OR 'true' != 'true').
   6:6>ResolveAssemblyReferences:
             Resolved file path is "/Users/dacanetdev/.nuget/packages/microsoft.netcore.app.ref/8.0.13/ref/net8.0/System.Collections.NonGeneric.dll".
   2:6>Target "AddGlobalAnalyzerConfigForPackage_MicrosoftCodeAnalysisNetAnalyzersInteroperability" skipped, due to false condition; ('$(SkipGlobalAnalyzerConfigForPackage)' != 'true' and ('$(AnalysisLevelInteroperability)' != '' or '$(AnalysisModeInteroperability)' != '')) was evaluated as ('' != 'true' and ('' != '' or '' != '')).
  10:6>Target "_NormalizeTargetPlatformVersion" skipped, due to false condition; ('$(TargetPlatformVersion)' != '' and '$(TargetFrameworkIdentifier)' == '.NETCoreApp' and $([MSBuild]::VersionGreaterThanOrEquals($(TargetFrameworkVersion), 5.0)) and ('$(Language)' != 'C++' or '$(_EnablePackageReferencesInVCProjects)' == 'true')) was evaluated as ('' != '' and '.NETCoreApp' == '.NETCoreApp' and True and ('C#' != 'C++' or '' == 'true')).
   6:6>ResolveAssemblyReferences:
             Reference found at search path location "{RawFileName}".
             This reference is not "CopyLocal" because at least one source item had "Private" set to "false" and no source items had "Private" set to "true".
   2:6>Target "AddGlobalAnalyzerConfigForPackage_MicrosoftCodeAnalysisNetAnalyzersMaintainability" skipped, due to false condition; ('$(SkipGlobalAnalyzerConfigForPackage)' != 'true' and ('$(AnalysisLevelMaintainability)' != '' or '$(AnalysisModeMaintainability)' != '')) was evaluated as ('' != 'true' and ('' != '' or '' != '')).
  10:6>Target "ApplyImplicitVersions" skipped, due to false condition; ('@(PackageReference)' != '') was evaluated as ('' != '').
   5:6>Target "CoreCompile" in file "/usr/local/share/dotnet/sdk/9.0.200/Roslyn/Microsoft.CSharp.Core.targets" from project "/Users/dacanetdev/Dev/AIGenerated/RoadmapSkills/tests/Modules/Users/DeventSoft.RoadmapSkills.Users.UnitTests/DeventSoft.RoadmapSkills.Users.UnitTests.csproj" (target "Compile" depends on it):
   5:6>Skipping target "CoreCompile" because all output files are up-to-date with respect to the input files.
   6:6>ResolveAssemblyReferences:
             The ImageRuntimeVersion for this reference is "".
   2:6>Target "AddGlobalAnalyzerConfigForPackage_MicrosoftCodeAnalysisNetAnalyzersNaming" skipped, due to false condition; ('$(SkipGlobalAnalyzerConfigForPackage)' != 'true' and ('$(AnalysisLevelNaming)' != '' or '$(AnalysisModeNaming)' != '')) was evaluated as ('' != 'true' and ('' != '' or '' != '')).
   6:6>ResolveAssemblyReferences:
         Primary reference "System.Collections.Specialized, Version=8.0.0.0, Culture=neutral, PublicKeyToken=b03f5f7f11d50a3a".
   2:6>Target "AddGlobalAnalyzerConfigForPackage_MicrosoftCodeAnalysisNetAnalyzersPerformance" skipped, due to false condition; ('$(SkipGlobalAnalyzerConfigForPackage)' != 'true' and ('$(AnalysisLevelPerformance)' != '' or '$(AnalysisModePerformance)' != '')) was evaluated as ('' != 'true' and ('' != '' or '' != '')).
   6:6>ResolveAssemblyReferences:
             Resolved file path is "/Users/dacanetdev/.nuget/packages/microsoft.netcore.app.ref/8.0.13/ref/net8.0/System.Collections.Specialized.dll".
  10:6>Target "_ComputeToolPackInputsToProcessFrameworkReferences" in file "/usr/local/share/dotnet/sdk/9.0.200/Sdks/Microsoft.NET.Sdk/targets/Microsoft.NET.Publish.targets" from project "/Users/dacanetdev/Dev/AIGenerated/RoadmapSkills/src/Shared/DeventSoft.RoadmapSkills.Shared.Domain/DeventSoft.RoadmapSkills.Shared.Domain.csproj" (target "ProcessFrameworkReferences" depends on it):
  10:6>Done building target "_ComputeToolPackInputsToProcessFrameworkReferences" in project "DeventSoft.RoadmapSkills.Shared.Domain.csproj".
   2:6>Target "AddGlobalAnalyzerConfigForPackage_MicrosoftCodeAnalysisNetAnalyzersReliability" skipped, due to false condition; ('$(SkipGlobalAnalyzerConfigForPackage)' != 'true' and ('$(AnalysisLevelReliability)' != '' or '$(AnalysisModeReliability)' != '')) was evaluated as ('' != 'true' and ('' != '' or '' != '')).
   6:6>ResolveAssemblyReferences:
             Reference found at search path location "{RawFileName}".
             This reference is not "CopyLocal" because at least one source item had "Private" set to "false" and no source items had "Private" set to "true".
   2:6>Target "AddGlobalAnalyzerConfigForPackage_MicrosoftCodeAnalysisNetAnalyzersSecurity" skipped, due to false condition; ('$(SkipGlobalAnalyzerConfigForPackage)' != 'true' and ('$(AnalysisLevelSecurity)' != '' or '$(AnalysisModeSecurity)' != '')) was evaluated as ('' != 'true' and ('' != '' or '' != '')).
   6:6>ResolveAssemblyReferences:
             The ImageRuntimeVersion for this reference is "".
   2:6>Target "AddGlobalAnalyzerConfigForPackage_MicrosoftCodeAnalysisNetAnalyzersUsage" skipped, due to false condition; ('$(SkipGlobalAnalyzerConfigForPackage)' != 'true' and ('$(AnalysisLevelUsage)' != '' or '$(AnalysisModeUsage)' != '')) was evaluated as ('' != 'true' and ('' != '' or '' != '')).
  10:6>Target "ProcessFrameworkReferences" in file "/usr/local/share/dotnet/sdk/9.0.200/Sdks/Microsoft.NET.Sdk/targets/Microsoft.NET.Sdk.FrameworkReferenceResolution.targets" from project "/Users/dacanetdev/Dev/AIGenerated/RoadmapSkills/src/Shared/DeventSoft.RoadmapSkills.Shared.Domain/DeventSoft.RoadmapSkills.Shared.Domain.csproj" (target "CollectPackageReferences" depends on it):
  10:6>Using "CheckForDuplicateFrameworkReferences" task from assembly "/usr/local/share/dotnet/sdk/9.0.200/Sdks/Microsoft.NET.Sdk/targets/../tools/net9.0/Microsoft.NET.Build.Tasks.dll".
   6:6>ResolveAssemblyReferences:
         Primary reference "System.Collections, Version=8.0.0.0, Culture=neutral, PublicKeyToken=b03f5f7f11d50a3a".
   2:6>Target "_CodeAnalysisTreatWarningsAsErrors" skipped, due to false condition; ('$(DesignTimeBuild)' == 'true' OR '$(BuildingProject)' != 'true') was evaluated as ('' == 'true' OR 'true' != 'true').
   6:6>ResolveAssemblyReferences:
             Resolved file path is "/Users/dacanetdev/.nuget/packages/microsoft.netcore.app.ref/8.0.13/ref/net8.0/System.Collections.dll".
  10:6>Task "CheckForDuplicateFrameworkReferences"
   6:6>ResolveAssemblyReferences:
             Reference found at search path location "{RawFileName}".
  10:6>Done executing task "CheckForDuplicateFrameworkReferences".
   6:6>ResolveAssemblyReferences:
             This reference is not "CopyLocal" because at least one source item had "Private" set to "false" and no source items had "Private" set to "true".
   2:6>Target "CoreCompile" in file "/usr/local/share/dotnet/sdk/9.0.200/Roslyn/Microsoft.CSharp.Core.targets" from project "/Users/dacanetdev/Dev/AIGenerated/RoadmapSkills/tests/Modules/Users/DeventSoft.RoadmapSkills.Users.IntegrationTests/DeventSoft.RoadmapSkills.Users.IntegrationTests.csproj" (target "Compile" depends on it):
   2:6>Skipping target "CoreCompile" because all output files are up-to-date with respect to the input files.
   6:6>ResolveAssemblyReferences:
             The ImageRuntimeVersion for this reference is "".
  10:6>ProcessFrameworkReferences:
       Using "ProcessFrameworkReferences" task from assembly "/usr/local/share/dotnet/sdk/9.0.200/Sdks/Microsoft.NET.Sdk/targets/../tools/net9.0/Microsoft.NET.Build.Tasks.dll".
   6:6>ResolveAssemblyReferences:
         Primary reference "System.ComponentModel.Annotations, Version=8.0.0.0, Culture=neutral, PublicKeyToken=b03f5f7f11d50a3a".
   5:6>CoreCompile:
       Input files: 
           UnitTest1.cs
           /Users/dacanetdev/.nuget/packages/microsoft.net.test.sdk/17.8.0/build/netcoreapp3.1/Microsoft.NET.Test.Sdk.Program.cs
           obj/Debug/net8.0/DeventSoft.RoadmapSkills.Users.UnitTests.GlobalUsings.g.cs
           obj/Debug/net8.0/.NETCoreApp,Version=v8.0.AssemblyAttributes.cs
           obj/Debug/net8.0/DeventSoft.RoadmapSkills.Users.UnitTests.AssemblyInfo.cs
           /Users/dacanetdev/.nuget/packages/microsoft.netcore.app.ref/8.0.13/ref/net8.0/Microsoft.CSharp.dll
           /Users/dacanetdev/.nuget/packages/microsoft.testplatform.testhost/17.8.0/lib/netcoreapp3.1/Microsoft.TestPlatform.CommunicationUtilities.dll
           /Users/dacanetdev/.nuget/packages/microsoft.testplatform.testhost/17.8.0/lib/netcoreapp3.1/Microsoft.TestPlatform.CoreUtilities.dll
           /Users/dacanetdev/.nuget/packages/microsoft.testplatform.testhost/17.8.0/lib/netcoreapp3.1/Microsoft.TestPlatform.CrossPlatEngine.dll
           /Users/dacanetdev/.nuget/packages/microsoft.testplatform.testhost/17.8.0/lib/netcoreapp3.1/Microsoft.TestPlatform.PlatformAbstractions.dll
           /Users/dacanetdev/.nuget/packages/microsoft.testplatform.testhost/17.8.0/lib/netcoreapp3.1/Microsoft.TestPlatform.Utilities.dll
           /Users/dacanetdev/.nuget/packages/microsoft.netcore.app.ref/8.0.13/ref/net8.0/Microsoft.VisualBasic.Core.dll
           /Users/dacanetdev/.nuget/packages/microsoft.netcore.app.ref/8.0.13/ref/net8.0/Microsoft.VisualBasic.dll
           /Users/dacanetdev/.nuget/packages/microsoft.codecoverage/17.8.0/lib/netcoreapp3.1/Microsoft.VisualStudio.CodeCoverage.Shim.dll
           /Users/dacanetdev/.nuget/packages/microsoft.testplatform.testhost/17.8.0/lib/netcoreapp3.1/Microsoft.VisualStudio.TestPlatform.Common.dll
           /Users/dacanetdev/.nuget/packages/microsoft.testplatform.testhost/17.8.0/lib/netcoreapp3.1/Microsoft.VisualStudio.TestPlatform.ObjectModel.dll
           /Users/dacanetdev/.nuget/packages/microsoft.netcore.app.ref/8.0.13/ref/net8.0/Microsoft.Win32.Primitives.dll
           /Users/dacanetdev/.nuget/packages/microsoft.netcore.app.ref/8.0.13/ref/net8.0/Microsoft.Win32.Registry.dll
           /Users/dacanetdev/.nuget/packages/microsoft.netcore.app.ref/8.0.13/ref/net8.0/mscorlib.dll
           /Users/dacanetdev/.nuget/packages/microsoft.netcore.app.ref/8.0.13/ref/net8.0/netstandard.dll
           /Users/dacanetdev/.nuget/packages/newtonsoft.json/13.0.1/lib/netstandard2.0/Newtonsoft.Json.dll
           /Users/dacanetdev/.nuget/packages/nuget.frameworks/6.5.0/lib/netstandard2.0/NuGet.Frameworks.dll
           /Users/dacanetdev/.nuget/packages/microsoft.netcore.app.ref/8.0.13/ref/net8.0/System.AppContext.dll
           /Users/dacanetdev/.nuget/packages/microsoft.netcore.app.ref/8.0.13/ref/net8.0/System.Buffers.dll
           /Users/dacanetdev/.nuget/packages/microsoft.netcore.app.ref/8.0.13/ref/net8.0/System.Collections.Concurrent.dll
           /Users/dacanetdev/.nuget/packages/microsoft.netcore.app.ref/8.0.13/ref/net8.0/System.Collections.dll
           /Users/dacanetdev/.nuget/packages/microsoft.netcore.app.ref/8.0.13/ref/net8.0/System.Collections.Immutable.dll
           /Users/dacanetdev/.nuget/packages/microsoft.netcore.app.ref/8.0.13/ref/net8.0/System.Collections.NonGeneric.dll
           /Users/dacanetdev/.nuget/packages/microsoft.netcore.app.ref/8.0.13/ref/net8.0/System.Collections.Specialized.dll
           /Users/dacanetdev/.nuget/packages/microsoft.netcore.app.ref/8.0.13/ref/net8.0/System.ComponentModel.Annotations.dll
           /Users/dacanetdev/.nuget/packages/microsoft.netcore.app.ref/8.0.13/ref/net8.0/System.ComponentModel.DataAnnotations.dll
           /Users/dacanetdev/.nuget/packages/microsoft.netcore.app.ref/8.0.13/ref/net8.0/System.ComponentModel.dll
           /Users/dacanetdev/.nuget/packages/microsoft.netcore.app.ref/8.0.13/ref/net8.0/System.ComponentModel.EventBasedAsync.dll
           /Users/dacanetdev/.nuget/packages/microsoft.netcore.app.ref/8.0.13/ref/net8.0/System.ComponentModel.Primitives.dll
           /Users/dacanetdev/.nuget/packages/microsoft.netcore.app.ref/8.0.13/ref/net8.0/System.ComponentModel.TypeConverter.dll
           /Users/dacanetdev/.nuget/packages/microsoft.netcore.app.ref/8.0.13/ref/net8.0/System.Configuration.dll
           /Users/dacanetdev/.nuget/packages/microsoft.netcore.app.ref/8.0.13/ref/net8.0/System.Console.dll
           /Users/dacanetdev/.nuget/packages/microsoft.netcore.app.ref/8.0.13/ref/net8.0/System.Core.dll
           /Users/dacanetdev/.nuget/packages/microsoft.netcore.app.ref/8.0.13/ref/net8.0/System.Data.Common.dll
           /Users/dacanetdev/.nuget/packages/microsoft.netcore.app.ref/8.0.13/ref/net8.0/System.Data.DataSetExtensions.dll
           /Users/dacanetdev/.nuget/packages/microsoft.netcore.app.ref/8.0.13/ref/net8.0/System.Data.dll
           /Users/dacanetdev/.nuget/packages/microsoft.netcore.app.ref/8.0.13/ref/net8.0/System.Diagnostics.Contracts.dll
           /Users/dacanetdev/.nuget/packages/microsoft.netcore.app.ref/8.0.13/ref/net8.0/System.Diagnostics.Debug.dll
           /Users/dacanetdev/.nuget/packages/microsoft.netcore.app.ref/8.0.13/ref/net8.0/System.Diagnostics.DiagnosticSource.dll
           /Users/dacanetdev/.nuget/packages/microsoft.netcore.app.ref/8.0.13/ref/net8.0/System.Diagnostics.FileVersionInfo.dll
           /Users/dacanetdev/.nuget/packages/microsoft.netcore.app.ref/8.0.13/ref/net8.0/System.Diagnostics.Process.dll
           /Users/dacanetdev/.nuget/packages/microsoft.netcore.app.ref/8.0.13/ref/net8.0/System.Diagnostics.StackTrace.dll
           /Users/dacanetdev/.nuget/packages/microsoft.netcore.app.ref/8.0.13/ref/net8.0/System.Diagnostics.TextWriterTraceListener.dll
           /Users/dacanetdev/.nuget/packages/microsoft.netcore.app.ref/8.0.13/ref/net8.0/System.Diagnostics.Tools.dll
           /Users/dacanetdev/.nuget/packages/microsoft.netcore.app.ref/8.0.13/ref/net8.0/System.Diagnostics.TraceSource.dll
           /Users/dacanetdev/.nuget/packages/microsoft.netcore.app.ref/8.0.13/ref/net8.0/System.Diagnostics.Tracing.dll
           /Users/dacanetdev/.nuget/packages/microsoft.netcore.app.ref/8.0.13/ref/net8.0/System.dll
           /Users/dacanetdev/.nuget/packages/microsoft.netcore.app.ref/8.0.13/ref/net8.0/System.Drawing.dll
           /Users/dacanetdev/.nuget/packages/microsoft.netcore.app.ref/8.0.13/ref/net8.0/System.Drawing.Primitives.dll
           /Users/dacanetdev/.nuget/packages/microsoft.netcore.app.ref/8.0.13/ref/net8.0/System.Dynamic.Runtime.dll
           /Users/dacanetdev/.nuget/packages/microsoft.netcore.app.ref/8.0.13/ref/net8.0/System.Formats.Asn1.dll
           /Users/dacanetdev/.nuget/packages/microsoft.netcore.app.ref/8.0.13/ref/net8.0/System.Formats.Tar.dll
           /Users/dacanetdev/.nuget/packages/microsoft.netcore.app.ref/8.0.13/ref/net8.0/System.Globalization.Calendars.dll
           /Users/dacanetdev/.nuget/packages/microsoft.netcore.app.ref/8.0.13/ref/net8.0/System.Globalization.dll
           /Users/dacanetdev/.nuget/packages/microsoft.netcore.app.ref/8.0.13/ref/net8.0/System.Globalization.Extensions.dll
           /Users/dacanetdev/.nuget/packages/microsoft.netcore.app.ref/8.0.13/ref/net8.0/System.IO.Compression.Brotli.dll
           /Users/dacanetdev/.nuget/packages/microsoft.netcore.app.ref/8.0.13/ref/net8.0/System.IO.Compression.dll
           /Users/dacanetdev/.nuget/packages/microsoft.netcore.app.ref/8.0.13/ref/net8.0/System.IO.Compression.FileSystem.dll
           /Users/dacanetdev/.nuget/packages/microsoft.netcore.app.ref/8.0.13/ref/net8.0/System.IO.Compression.ZipFile.dll
           /Users/dacanetdev/.nuget/packages/microsoft.netcore.app.ref/8.0.13/ref/net8.0/System.IO.dll
           /Users/dacanetdev/.nuget/packages/microsoft.netcore.app.ref/8.0.13/ref/net8.0/System.IO.FileSystem.AccessControl.dll
           /Users/dacanetdev/.nuget/packages/microsoft.netcore.app.ref/8.0.13/ref/net8.0/System.IO.FileSystem.dll
           /Users/dacanetdev/.nuget/packages/microsoft.netcore.app.ref/8.0.13/ref/net8.0/System.IO.FileSystem.DriveInfo.dll
           /Users/dacanetdev/.nuget/packages/microsoft.netcore.app.ref/8.0.13/ref/net8.0/System.IO.FileSystem.Primitives.dll
           /Users/dacanetdev/.nuget/packages/microsoft.netcore.app.ref/8.0.13/ref/net8.0/System.IO.FileSystem.Watcher.dll
           /Users/dacanetdev/.nuget/packages/microsoft.netcore.app.ref/8.0.13/ref/net8.0/System.IO.IsolatedStorage.dll
           /Users/dacanetdev/.nuget/packages/microsoft.netcore.app.ref/8.0.13/ref/net8.0/System.IO.MemoryMappedFiles.dll
           /Users/dacanetdev/.nuget/packages/microsoft.netcore.app.ref/8.0.13/ref/net8.0/System.IO.Pipes.AccessControl.dll
           /Users/dacanetdev/.nuget/packages/microsoft.netcore.app.ref/8.0.13/ref/net8.0/System.IO.Pipes.dll
           /Users/dacanetdev/.nuget/packages/microsoft.netcore.app.ref/8.0.13/ref/net8.0/System.IO.UnmanagedMemoryStream.dll
           /Users/dacanetdev/.nuget/packages/microsoft.netcore.app.ref/8.0.13/ref/net8.0/System.Linq.dll
           /Users/dacanetdev/.nuget/packages/microsoft.netcore.app.ref/8.0.13/ref/net8.0/System.Linq.Expressions.dll
           /Users/dacanetdev/.nuget/packages/microsoft.netcore.app.ref/8.0.13/ref/net8.0/System.Linq.Parallel.dll
           /Users/dacanetdev/.nuget/packages/microsoft.netcore.app.ref/8.0.13/ref/net8.0/System.Linq.Queryable.dll
           /Users/dacanetdev/.nuget/packages/microsoft.netcore.app.ref/8.0.13/ref/net8.0/System.Memory.dll
           /Users/dacanetdev/.nuget/packages/microsoft.netcore.app.ref/8.0.13/ref/net8.0/System.Net.dll
           /Users/dacanetdev/.nuget/packages/microsoft.netcore.app.ref/8.0.13/ref/net8.0/System.Net.Http.dll
           /Users/dacanetdev/.nuget/packages/microsoft.netcore.app.ref/8.0.13/ref/net8.0/System.Net.Http.Json.dll
           /Users/dacanetdev/.nuget/packages/microsoft.netcore.app.ref/8.0.13/ref/net8.0/System.Net.HttpListener.dll
           /Users/dacanetdev/.nuget/packages/microsoft.netcore.app.ref/8.0.13/ref/net8.0/System.Net.Mail.dll
           /Users/dacanetdev/.nuget/packages/microsoft.netcore.app.ref/8.0.13/ref/net8.0/System.Net.NameResolution.dll
           /Users/dacanetdev/.nuget/packages/microsoft.netcore.app.ref/8.0.13/ref/net8.0/System.Net.NetworkInformation.dll
           /Users/dacanetdev/.nuget/packages/microsoft.netcore.app.ref/8.0.13/ref/net8.0/System.Net.Ping.dll
           /Users/dacanetdev/.nuget/packages/microsoft.netcore.app.ref/8.0.13/ref/net8.0/System.Net.Primitives.dll
           /Users/dacanetdev/.nuget/packages/microsoft.netcore.app.ref/8.0.13/ref/net8.0/System.Net.Quic.dll
           /Users/dacanetdev/.nuget/packages/microsoft.netcore.app.ref/8.0.13/ref/net8.0/System.Net.Requests.dll
           /Users/dacanetdev/.nuget/packages/microsoft.netcore.app.ref/8.0.13/ref/net8.0/System.Net.Security.dll
           /Users/dacanetdev/.nuget/packages/microsoft.netcore.app.ref/8.0.13/ref/net8.0/System.Net.ServicePoint.dll
           /Users/dacanetdev/.nuget/packages/microsoft.netcore.app.ref/8.0.13/ref/net8.0/System.Net.Sockets.dll
           /Users/dacanetdev/.nuget/packages/microsoft.netcore.app.ref/8.0.13/ref/net8.0/System.Net.WebClient.dll
           /Users/dacanetdev/.nuget/packages/microsoft.netcore.app.ref/8.0.13/ref/net8.0/System.Net.WebHeaderCollection.dll
           /Users/dacanetdev/.nuget/packages/microsoft.netcore.app.ref/8.0.13/ref/net8.0/System.Net.WebProxy.dll
           /Users/dacanetdev/.nuget/packages/microsoft.netcore.app.ref/8.0.13/ref/net8.0/System.Net.WebSockets.Client.dll
           /Users/dacanetdev/.nuget/packages/microsoft.netcore.app.ref/8.0.13/ref/net8.0/System.Net.WebSockets.dll
           /Users/dacanetdev/.nuget/packages/microsoft.netcore.app.ref/8.0.13/ref/net8.0/System.Numerics.dll
           /Users/dacanetdev/.nuget/packages/microsoft.netcore.app.ref/8.0.13/ref/net8.0/System.Numerics.Vectors.dll
           /Users/dacanetdev/.nuget/packages/microsoft.netcore.app.ref/8.0.13/ref/net8.0/System.ObjectModel.dll
           /Users/dacanetdev/.nuget/packages/microsoft.netcore.app.ref/8.0.13/ref/net8.0/System.Reflection.DispatchProxy.dll
           /Users/dacanetdev/.nuget/packages/microsoft.netcore.app.ref/8.0.13/ref/net8.0/System.Reflection.dll
           /Users/dacanetdev/.nuget/packages/microsoft.netcore.app.ref/8.0.13/ref/net8.0/System.Reflection.Emit.dll
           /Users/dacanetdev/.nuget/packages/microsoft.netcore.app.ref/8.0.13/ref/net8.0/System.Reflection.Emit.ILGeneration.dll
           /Users/dacanetdev/.nuget/packages/microsoft.netcore.app.ref/8.0.13/ref/net8.0/System.Reflection.Emit.Lightweight.dll
           /Users/dacanetdev/.nuget/packages/microsoft.netcore.app.ref/8.0.13/ref/net8.0/System.Reflection.Extensions.dll
           /Users/dacanetdev/.nuget/packages/microsoft.netcore.app.ref/8.0.13/ref/net8.0/System.Reflection.Metadata.dll
           /Users/dacanetdev/.nuget/packages/microsoft.netcore.app.ref/8.0.13/ref/net8.0/System.Reflection.Primitives.dll
           /Users/dacanetdev/.nuget/packages/microsoft.netcore.app.ref/8.0.13/ref/net8.0/System.Reflection.TypeExtensions.dll
           /Users/dacanetdev/.nuget/packages/microsoft.netcore.app.ref/8.0.13/ref/net8.0/System.Resources.Reader.dll
           /Users/dacanetdev/.nuget/packages/microsoft.netcore.app.ref/8.0.13/ref/net8.0/System.Resources.ResourceManager.dll
           /Users/dacanetdev/.nuget/packages/microsoft.netcore.app.ref/8.0.13/ref/net8.0/System.Resources.Writer.dll
           /Users/dacanetdev/.nuget/packages/microsoft.netcore.app.ref/8.0.13/ref/net8.0/System.Runtime.CompilerServices.Unsafe.dll
           /Users/dacanetdev/.nuget/packages/microsoft.netcore.app.ref/8.0.13/ref/net8.0/System.Runtime.CompilerServices.VisualC.dll
           /Users/dacanetdev/.nuget/packages/microsoft.netcore.app.ref/8.0.13/ref/net8.0/System.Runtime.dll
           /Users/dacanetdev/.nuget/packages/microsoft.netcore.app.ref/8.0.13/ref/net8.0/System.Runtime.Extensions.dll
           /Users/dacanetdev/.nuget/packages/microsoft.netcore.app.ref/8.0.13/ref/net8.0/System.Runtime.Handles.dll
           /Users/dacanetdev/.nuget/packages/microsoft.netcore.app.ref/8.0.13/ref/net8.0/System.Runtime.InteropServices.dll
           /Users/dacanetdev/.nuget/packages/microsoft.netcore.app.ref/8.0.13/ref/net8.0/System.Runtime.InteropServices.JavaScript.dll
           /Users/dacanetdev/.nuget/packages/microsoft.netcore.app.ref/8.0.13/ref/net8.0/System.Runtime.InteropServices.RuntimeInformation.dll
           /Users/dacanetdev/.nuget/packages/microsoft.netcore.app.ref/8.0.13/ref/net8.0/System.Runtime.Intrinsics.dll
           /Users/dacanetdev/.nuget/packages/microsoft.netcore.app.ref/8.0.13/ref/net8.0/System.Runtime.Loader.dll
           /Users/dacanetdev/.nuget/packages/microsoft.netcore.app.ref/8.0.13/ref/net8.0/System.Runtime.Numerics.dll
           /Users/dacanetdev/.nuget/packages/microsoft.netcore.app.ref/8.0.13/ref/net8.0/System.Runtime.Serialization.dll
           /Users/dacanetdev/.nuget/packages/microsoft.netcore.app.ref/8.0.13/ref/net8.0/System.Runtime.Serialization.Formatters.dll
           /Users/dacanetdev/.nuget/packages/microsoft.netcore.app.ref/8.0.13/ref/net8.0/System.Runtime.Serialization.Json.dll
           /Users/dacanetdev/.nuget/packages/microsoft.netcore.app.ref/8.0.13/ref/net8.0/System.Runtime.Serialization.Primitives.dll
           /Users/dacanetdev/.nuget/packages/microsoft.netcore.app.ref/8.0.13/ref/net8.0/System.Runtime.Serialization.Xml.dll
           /Users/dacanetdev/.nuget/packages/microsoft.netcore.app.ref/8.0.13/ref/net8.0/System.Security.AccessControl.dll
           /Users/dacanetdev/.nuget/packages/microsoft.netcore.app.ref/8.0.13/ref/net8.0/System.Security.Claims.dll
           /Users/dacanetdev/.nuget/packages/microsoft.netcore.app.ref/8.0.13/ref/net8.0/System.Security.Cryptography.Algorithms.dll
           /Users/dacanetdev/.nuget/packages/microsoft.netcore.app.ref/8.0.13/ref/net8.0/System.Security.Cryptography.Cng.dll
           /Users/dacanetdev/.nuget/packages/microsoft.netcore.app.ref/8.0.13/ref/net8.0/System.Security.Cryptography.Csp.dll
           /Users/dacanetdev/.nuget/packages/microsoft.netcore.app.ref/8.0.13/ref/net8.0/System.Security.Cryptography.dll
           /Users/dacanetdev/.nuget/packages/microsoft.netcore.app.ref/8.0.13/ref/net8.0/System.Security.Cryptography.Encoding.dll
           /Users/dacanetdev/.nuget/packages/microsoft.netcore.app.ref/8.0.13/ref/net8.0/System.Security.Cryptography.OpenSsl.dll
           /Users/dacanetdev/.nuget/packages/microsoft.netcore.app.ref/8.0.13/ref/net8.0/System.Security.Cryptography.Primitives.dll
           /Users/dacanetdev/.nuget/packages/microsoft.netcore.app.ref/8.0.13/ref/net8.0/System.Security.Cryptography.X509Certificates.dll
           /Users/dacanetdev/.nuget/packages/microsoft.netcore.app.ref/8.0.13/ref/net8.0/System.Security.dll
           /Users/dacanetdev/.nuget/packages/microsoft.netcore.app.ref/8.0.13/ref/net8.0/System.Security.Principal.dll
           /Users/dacanetdev/.nuget/packages/microsoft.netcore.app.ref/8.0.13/ref/net8.0/System.Security.Principal.Windows.dll
           /Users/dacanetdev/.nuget/packages/microsoft.netcore.app.ref/8.0.13/ref/net8.0/System.Security.SecureString.dll
           /Users/dacanetdev/.nuget/packages/microsoft.netcore.app.ref/8.0.13/ref/net8.0/System.ServiceModel.Web.dll
           /Users/dacanetdev/.nuget/packages/microsoft.netcore.app.ref/8.0.13/ref/net8.0/System.ServiceProcess.dll
           /Users/dacanetdev/.nuget/packages/microsoft.netcore.app.ref/8.0.13/ref/net8.0/System.Text.Encoding.CodePages.dll
           /Users/dacanetdev/.nuget/packages/microsoft.netcore.app.ref/8.0.13/ref/net8.0/System.Text.Encoding.dll
           /Users/dacanetdev/.nuget/packages/microsoft.netcore.app.ref/8.0.13/ref/net8.0/System.Text.Encoding.Extensions.dll
           /Users/dacanetdev/.nuget/packages/microsoft.netcore.app.ref/8.0.13/ref/net8.0/System.Text.Encodings.Web.dll
           /Users/dacanetdev/.nuget/packages/microsoft.netcore.app.ref/8.0.13/ref/net8.0/System.Text.Json.dll
           /Users/dacanetdev/.nuget/packages/microsoft.netcore.app.ref/8.0.13/ref/net8.0/System.Text.RegularExpressions.dll
           /Users/dacanetdev/.nuget/packages/microsoft.netcore.app.ref/8.0.13/ref/net8.0/System.Threading.Channels.dll
           /Users/dacanetdev/.nuget/packages/microsoft.netcore.app.ref/8.0.13/ref/net8.0/System.Threading.dll
           /Users/dacanetdev/.nuget/packages/microsoft.netcore.app.ref/8.0.13/ref/net8.0/System.Threading.Overlapped.dll
           /Users/dacanetdev/.nuget/packages/microsoft.netcore.app.ref/8.0.13/ref/net8.0/System.Threading.Tasks.Dataflow.dll
           /Users/dacanetdev/.nuget/packages/microsoft.netcore.app.ref/8.0.13/ref/net8.0/System.Threading.Tasks.dll
           /Users/dacanetdev/.nuget/packages/microsoft.netcore.app.ref/8.0.13/ref/net8.0/System.Threading.Tasks.Extensions.dll
           /Users/dacanetdev/.nuget/packages/microsoft.netcore.app.ref/8.0.13/ref/net8.0/System.Threading.Tasks.Parallel.dll
           /Users/dacanetdev/.nuget/packages/microsoft.netcore.app.ref/8.0.13/ref/net8.0/System.Threading.Thread.dll
           /Users/dacanetdev/.nuget/packages/microsoft.netcore.app.ref/8.0.13/ref/net8.0/System.Threading.ThreadPool.dll
           /Users/dacanetdev/.nuget/packages/microsoft.netcore.app.ref/8.0.13/ref/net8.0/System.Threading.Timer.dll
           /Users/dacanetdev/.nuget/packages/microsoft.netcore.app.ref/8.0.13/ref/net8.0/System.Transactions.dll
           /Users/dacanetdev/.nuget/packages/microsoft.netcore.app.ref/8.0.13/ref/net8.0/System.Transactions.Local.dll
           /Users/dacanetdev/.nuget/packages/microsoft.netcore.app.ref/8.0.13/ref/net8.0/System.ValueTuple.dll
           /Users/dacanetdev/.nuget/packages/microsoft.netcore.app.ref/8.0.13/ref/net8.0/System.Web.dll
           /Users/dacanetdev/.nuget/packages/microsoft.netcore.app.ref/8.0.13/ref/net8.0/System.Web.HttpUtility.dll
           /Users/dacanetdev/.nuget/packages/microsoft.netcore.app.ref/8.0.13/ref/net8.0/System.Windows.dll
           /Users/dacanetdev/.nuget/packages/microsoft.netcore.app.ref/8.0.13/ref/net8.0/System.Xml.dll
           /Users/dacanetdev/.nuget/packages/microsoft.netcore.app.ref/8.0.13/ref/net8.0/System.Xml.Linq.dll
           /Users/dacanetdev/.nuget/packages/microsoft.netcore.app.ref/8.0.13/ref/net8.0/System.Xml.ReaderWriter.dll
           /Users/dacanetdev/.nuget/packages/microsoft.netcore.app.ref/8.0.13/ref/net8.0/System.Xml.Serialization.dll
           /Users/dacanetdev/.nuget/packages/microsoft.netcore.app.ref/8.0.13/ref/net8.0/System.Xml.XDocument.dll
           /Users/dacanetdev/.nuget/packages/microsoft.netcore.app.ref/8.0.13/ref/net8.0/System.Xml.XmlDocument.dll
           /Users/dacanetdev/.nuget/packages/microsoft.netcore.app.ref/8.0.13/ref/net8.0/System.Xml.XmlSerializer.dll
           /Users/dacanetdev/.nuget/packages/microsoft.netcore.app.ref/8.0.13/ref/net8.0/System.Xml.XPath.dll
           /Users/dacanetdev/.nuget/packages/microsoft.netcore.app.ref/8.0.13/ref/net8.0/System.Xml.XPath.XDocument.dll
           /Users/dacanetdev/.nuget/packages/microsoft.testplatform.testhost/17.8.0/lib/netcoreapp3.1/testhost.dll
           /Users/dacanetdev/.nuget/packages/microsoft.netcore.app.ref/8.0.13/ref/net8.0/WindowsBase.dll
           /Users/dacanetdev/.nuget/packages/xunit.abstractions/2.0.3/lib/netstandard2.0/xunit.abstractions.dll
           /Users/dacanetdev/.nuget/packages/xunit.assert/2.5.3/lib/netstandard1.1/xunit.assert.dll
           /Users/dacanetdev/.nuget/packages/xunit.extensibility.core/2.5.3/lib/netstandard1.1/xunit.core.dll
           /Users/dacanetdev/.nuget/packages/xunit.extensibility.execution/2.5.3/lib/netstandard1.1/xunit.execution.dotnet.dll
           obj/Debug/net8.0/DeventSoft.RoadmapSkills.Users.UnitTests.csproj.CoreCompileInputs.cache
           /usr/local/share/dotnet/sdk/9.0.200/Sdks/Microsoft.NET.Sdk/targets/../analyzers/Microsoft.CodeAnalysis.CSharp.NetAnalyzers.dll
           /usr/local/share/dotnet/sdk/9.0.200/Sdks/Microsoft.NET.Sdk/targets/../analyzers/Microsoft.CodeAnalysis.NetAnalyzers.dll
           /Users/dacanetdev/.nuget/packages/xunit.analyzers/1.4.0/analyzers/dotnet/cs/xunit.analyzers.dll
           /Users/dacanetdev/.nuget/packages/xunit.analyzers/1.4.0/analyzers/dotnet/cs/xunit.analyzers.fixes.dll
           /Users/dacanetdev/.nuget/packages/microsoft.netcore.app.ref/8.0.13/analyzers/dotnet/cs/Microsoft.Interop.ComInterfaceGenerator.dll
           /Users/dacanetdev/.nuget/packages/microsoft.netcore.app.ref/8.0.13/analyzers/dotnet/cs/Microsoft.Interop.JavaScript.JSImportGenerator.dll
           /Users/dacanetdev/.nuget/packages/microsoft.netcore.app.ref/8.0.13/analyzers/dotnet/cs/Microsoft.Interop.LibraryImportGenerator.dll
           /Users/dacanetdev/.nuget/packages/microsoft.netcore.app.ref/8.0.13/analyzers/dotnet/cs/Microsoft.Interop.SourceGeneration.dll
           /Users/dacanetdev/.nuget/packages/microsoft.netcore.app.ref/8.0.13/analyzers/dotnet/cs/System.Text.Json.SourceGeneration.dll
           /Users/dacanetdev/.nuget/packages/microsoft.netcore.app.ref/8.0.13/analyzers/dotnet/cs/System.Text.RegularExpressions.Generator.dll
           obj/Debug/net8.0/DeventSoft.RoadmapSkills.Users.UnitTests.GeneratedMSBuildEditorConfig.editorconfig
           /usr/local/share/dotnet/sdk/9.0.200/Sdks/Microsoft.NET.Sdk/analyzers/build/config/analysislevel_8_default.globalconfig
           /Users/dacanetdev/Dev/AIGenerated/RoadmapSkills/tests/Modules/Users/DeventSoft.RoadmapSkills.Users.UnitTests/obj/DeventSoft.RoadmapSkills.Users.UnitTests.csproj.nuget.g.targets
           /usr/local/share/dotnet/sdk/9.0.200/Current/Microsoft.Common.targets/ImportAfter/Microsoft.TestPlatform.ImportAfter.targets
  10:6>Task "ProcessFrameworkReferences"
   6:6>ResolveAssemblyReferences:
             Resolved file path is "/Users/dacanetdev/.nuget/packages/microsoft.netcore.app.ref/8.0.13/ref/net8.0/System.ComponentModel.Annotations.dll".
             Reference found at search path location "{RawFileName}".
   5:6>CoreCompile:
       Output files: 
           obj/Debug/net8.0/DeventSoft.RoadmapSkills.Users.UnitTests.dll
           obj/Debug/net8.0/refint/DeventSoft.RoadmapSkills.Users.UnitTests.dll
           obj/Debug/net8.0/DeventSoft.RoadmapSkills.Users.UnitTests.pdb
   6:6>ResolveAssemblyReferences:
             This reference is not "CopyLocal" because at least one source item had "Private" set to "false" and no source items had "Private" set to "true".
   5:6>Done building target "CoreCompile" in project "DeventSoft.RoadmapSkills.Users.UnitTests.csproj".
   6:6>ResolveAssemblyReferences:
             The ImageRuntimeVersion for this reference is "".
         Primary reference "System.ComponentModel.DataAnnotations, Version=4.0.0.0, Culture=neutral, PublicKeyToken=31bf3856ad364e35".
   5:6>Target "_TouchLastBuildWithSkipAnalyzers" skipped, due to false condition; ('$(_SkipAnalyzers)' == 'true') was evaluated as ('' == 'true').
   6:6>ResolveAssemblyReferences:
             Resolved file path is "/Users/dacanetdev/.nuget/packages/microsoft.netcore.app.ref/8.0.13/ref/net8.0/System.ComponentModel.DataAnnotations.dll".
   5:6>Target "_TimeStampAfterCompile" skipped, due to false condition; ('$(RunPostBuildEvent)'=='OnOutputUpdated' or ('$(RegisterForComInterop)'=='true' and '$(OutputType)'=='library')) was evaluated as (''=='OnOutputUpdated' or (''=='true' and 'Exe'=='library')).
   6:6>ResolveAssemblyReferences:
             Reference found at search path location "{RawFileName}".
   2:6>CoreCompile:
       Input files: 
           UnitTest1.cs
           /Users/dacanetdev/.nuget/packages/microsoft.net.test.sdk/17.8.0/build/netcoreapp3.1/Microsoft.NET.Test.Sdk.Program.cs
           obj/Debug/net8.0/DeventSoft.RoadmapSkills.Users.IntegrationTests.GlobalUsings.g.cs
           obj/Debug/net8.0/.NETCoreApp,Version=v8.0.AssemblyAttributes.cs
           obj/Debug/net8.0/DeventSoft.RoadmapSkills.Users.IntegrationTests.AssemblyInfo.cs
           /Users/dacanetdev/.nuget/packages/microsoft.netcore.app.ref/8.0.13/ref/net8.0/Microsoft.CSharp.dll
           /Users/dacanetdev/.nuget/packages/microsoft.testplatform.testhost/17.8.0/lib/netcoreapp3.1/Microsoft.TestPlatform.CommunicationUtilities.dll
           /Users/dacanetdev/.nuget/packages/microsoft.testplatform.testhost/17.8.0/lib/netcoreapp3.1/Microsoft.TestPlatform.CoreUtilities.dll
           /Users/dacanetdev/.nuget/packages/microsoft.testplatform.testhost/17.8.0/lib/netcoreapp3.1/Microsoft.TestPlatform.CrossPlatEngine.dll
           /Users/dacanetdev/.nuget/packages/microsoft.testplatform.testhost/17.8.0/lib/netcoreapp3.1/Microsoft.TestPlatform.PlatformAbstractions.dll
           /Users/dacanetdev/.nuget/packages/microsoft.testplatform.testhost/17.8.0/lib/netcoreapp3.1/Microsoft.TestPlatform.Utilities.dll
           /Users/dacanetdev/.nuget/packages/microsoft.netcore.app.ref/8.0.13/ref/net8.0/Microsoft.VisualBasic.Core.dll
           /Users/dacanetdev/.nuget/packages/microsoft.netcore.app.ref/8.0.13/ref/net8.0/Microsoft.VisualBasic.dll
           /Users/dacanetdev/.nuget/packages/microsoft.codecoverage/17.8.0/lib/netcoreapp3.1/Microsoft.VisualStudio.CodeCoverage.Shim.dll
           /Users/dacanetdev/.nuget/packages/microsoft.testplatform.testhost/17.8.0/lib/netcoreapp3.1/Microsoft.VisualStudio.TestPlatform.Common.dll
           /Users/dacanetdev/.nuget/packages/microsoft.testplatform.testhost/17.8.0/lib/netcoreapp3.1/Microsoft.VisualStudio.TestPlatform.ObjectModel.dll
           /Users/dacanetdev/.nuget/packages/microsoft.netcore.app.ref/8.0.13/ref/net8.0/Microsoft.Win32.Primitives.dll
           /Users/dacanetdev/.nuget/packages/microsoft.netcore.app.ref/8.0.13/ref/net8.0/Microsoft.Win32.Registry.dll
           /Users/dacanetdev/.nuget/packages/microsoft.netcore.app.ref/8.0.13/ref/net8.0/mscorlib.dll
           /Users/dacanetdev/.nuget/packages/microsoft.netcore.app.ref/8.0.13/ref/net8.0/netstandard.dll
           /Users/dacanetdev/.nuget/packages/newtonsoft.json/13.0.1/lib/netstandard2.0/Newtonsoft.Json.dll
           /Users/dacanetdev/.nuget/packages/nuget.frameworks/6.5.0/lib/netstandard2.0/NuGet.Frameworks.dll
           /Users/dacanetdev/.nuget/packages/microsoft.netcore.app.ref/8.0.13/ref/net8.0/System.AppContext.dll
           /Users/dacanetdev/.nuget/packages/microsoft.netcore.app.ref/8.0.13/ref/net8.0/System.Buffers.dll
           /Users/dacanetdev/.nuget/packages/microsoft.netcore.app.ref/8.0.13/ref/net8.0/System.Collections.Concurrent.dll
           /Users/dacanetdev/.nuget/packages/microsoft.netcore.app.ref/8.0.13/ref/net8.0/System.Collections.dll
           /Users/dacanetdev/.nuget/packages/microsoft.netcore.app.ref/8.0.13/ref/net8.0/System.Collections.Immutable.dll
           /Users/dacanetdev/.nuget/packages/microsoft.netcore.app.ref/8.0.13/ref/net8.0/System.Collections.NonGeneric.dll
           /Users/dacanetdev/.nuget/packages/microsoft.netcore.app.ref/8.0.13/ref/net8.0/System.Collections.Specialized.dll
           /Users/dacanetdev/.nuget/packages/microsoft.netcore.app.ref/8.0.13/ref/net8.0/System.ComponentModel.Annotations.dll
           /Users/dacanetdev/.nuget/packages/microsoft.netcore.app.ref/8.0.13/ref/net8.0/System.ComponentModel.DataAnnotations.dll
           /Users/dacanetdev/.nuget/packages/microsoft.netcore.app.ref/8.0.13/ref/net8.0/System.ComponentModel.dll
           /Users/dacanetdev/.nuget/packages/microsoft.netcore.app.ref/8.0.13/ref/net8.0/System.ComponentModel.EventBasedAsync.dll
           /Users/dacanetdev/.nuget/packages/microsoft.netcore.app.ref/8.0.13/ref/net8.0/System.ComponentModel.Primitives.dll
           /Users/dacanetdev/.nuget/packages/microsoft.netcore.app.ref/8.0.13/ref/net8.0/System.ComponentModel.TypeConverter.dll
           /Users/dacanetdev/.nuget/packages/microsoft.netcore.app.ref/8.0.13/ref/net8.0/System.Configuration.dll
           /Users/dacanetdev/.nuget/packages/microsoft.netcore.app.ref/8.0.13/ref/net8.0/System.Console.dll
           /Users/dacanetdev/.nuget/packages/microsoft.netcore.app.ref/8.0.13/ref/net8.0/System.Core.dll
           /Users/dacanetdev/.nuget/packages/microsoft.netcore.app.ref/8.0.13/ref/net8.0/System.Data.Common.dll
           /Users/dacanetdev/.nuget/packages/microsoft.netcore.app.ref/8.0.13/ref/net8.0/System.Data.DataSetExtensions.dll
           /Users/dacanetdev/.nuget/packages/microsoft.netcore.app.ref/8.0.13/ref/net8.0/System.Data.dll
           /Users/dacanetdev/.nuget/packages/microsoft.netcore.app.ref/8.0.13/ref/net8.0/System.Diagnostics.Contracts.dll
           /Users/dacanetdev/.nuget/packages/microsoft.netcore.app.ref/8.0.13/ref/net8.0/System.Diagnostics.Debug.dll
           /Users/dacanetdev/.nuget/packages/microsoft.netcore.app.ref/8.0.13/ref/net8.0/System.Diagnostics.DiagnosticSource.dll
           /Users/dacanetdev/.nuget/packages/microsoft.netcore.app.ref/8.0.13/ref/net8.0/System.Diagnostics.FileVersionInfo.dll
           /Users/dacanetdev/.nuget/packages/microsoft.netcore.app.ref/8.0.13/ref/net8.0/System.Diagnostics.Process.dll
           /Users/dacanetdev/.nuget/packages/microsoft.netcore.app.ref/8.0.13/ref/net8.0/System.Diagnostics.StackTrace.dll
           /Users/dacanetdev/.nuget/packages/microsoft.netcore.app.ref/8.0.13/ref/net8.0/System.Diagnostics.TextWriterTraceListener.dll
           /Users/dacanetdev/.nuget/packages/microsoft.netcore.app.ref/8.0.13/ref/net8.0/System.Diagnostics.Tools.dll
           /Users/dacanetdev/.nuget/packages/microsoft.netcore.app.ref/8.0.13/ref/net8.0/System.Diagnostics.TraceSource.dll
           /Users/dacanetdev/.nuget/packages/microsoft.netcore.app.ref/8.0.13/ref/net8.0/System.Diagnostics.Tracing.dll
           /Users/dacanetdev/.nuget/packages/microsoft.netcore.app.ref/8.0.13/ref/net8.0/System.dll
           /Users/dacanetdev/.nuget/packages/microsoft.netcore.app.ref/8.0.13/ref/net8.0/System.Drawing.dll
           /Users/dacanetdev/.nuget/packages/microsoft.netcore.app.ref/8.0.13/ref/net8.0/System.Drawing.Primitives.dll
           /Users/dacanetdev/.nuget/packages/microsoft.netcore.app.ref/8.0.13/ref/net8.0/System.Dynamic.Runtime.dll
           /Users/dacanetdev/.nuget/packages/microsoft.netcore.app.ref/8.0.13/ref/net8.0/System.Formats.Asn1.dll
           /Users/dacanetdev/.nuget/packages/microsoft.netcore.app.ref/8.0.13/ref/net8.0/System.Formats.Tar.dll
           /Users/dacanetdev/.nuget/packages/microsoft.netcore.app.ref/8.0.13/ref/net8.0/System.Globalization.Calendars.dll
           /Users/dacanetdev/.nuget/packages/microsoft.netcore.app.ref/8.0.13/ref/net8.0/System.Globalization.dll
           /Users/dacanetdev/.nuget/packages/microsoft.netcore.app.ref/8.0.13/ref/net8.0/System.Globalization.Extensions.dll
           /Users/dacanetdev/.nuget/packages/microsoft.netcore.app.ref/8.0.13/ref/net8.0/System.IO.Compression.Brotli.dll
           /Users/dacanetdev/.nuget/packages/microsoft.netcore.app.ref/8.0.13/ref/net8.0/System.IO.Compression.dll
           /Users/dacanetdev/.nuget/packages/microsoft.netcore.app.ref/8.0.13/ref/net8.0/System.IO.Compression.FileSystem.dll
           /Users/dacanetdev/.nuget/packages/microsoft.netcore.app.ref/8.0.13/ref/net8.0/System.IO.Compression.ZipFile.dll
           /Users/dacanetdev/.nuget/packages/microsoft.netcore.app.ref/8.0.13/ref/net8.0/System.IO.dll
           /Users/dacanetdev/.nuget/packages/microsoft.netcore.app.ref/8.0.13/ref/net8.0/System.IO.FileSystem.AccessControl.dll
           /Users/dacanetdev/.nuget/packages/microsoft.netcore.app.ref/8.0.13/ref/net8.0/System.IO.FileSystem.dll
           /Users/dacanetdev/.nuget/packages/microsoft.netcore.app.ref/8.0.13/ref/net8.0/System.IO.FileSystem.DriveInfo.dll
           /Users/dacanetdev/.nuget/packages/microsoft.netcore.app.ref/8.0.13/ref/net8.0/System.IO.FileSystem.Primitives.dll
           /Users/dacanetdev/.nuget/packages/microsoft.netcore.app.ref/8.0.13/ref/net8.0/System.IO.FileSystem.Watcher.dll
           /Users/dacanetdev/.nuget/packages/microsoft.netcore.app.ref/8.0.13/ref/net8.0/System.IO.IsolatedStorage.dll
           /Users/dacanetdev/.nuget/packages/microsoft.netcore.app.ref/8.0.13/ref/net8.0/System.IO.MemoryMappedFiles.dll
           /Users/dacanetdev/.nuget/packages/microsoft.netcore.app.ref/8.0.13/ref/net8.0/System.IO.Pipes.AccessControl.dll
           /Users/dacanetdev/.nuget/packages/microsoft.netcore.app.ref/8.0.13/ref/net8.0/System.IO.Pipes.dll
           /Users/dacanetdev/.nuget/packages/microsoft.netcore.app.ref/8.0.13/ref/net8.0/System.IO.UnmanagedMemoryStream.dll
           /Users/dacanetdev/.nuget/packages/microsoft.netcore.app.ref/8.0.13/ref/net8.0/System.Linq.dll
           /Users/dacanetdev/.nuget/packages/microsoft.netcore.app.ref/8.0.13/ref/net8.0/System.Linq.Expressions.dll
           /Users/dacanetdev/.nuget/packages/microsoft.netcore.app.ref/8.0.13/ref/net8.0/System.Linq.Parallel.dll
           /Users/dacanetdev/.nuget/packages/microsoft.netcore.app.ref/8.0.13/ref/net8.0/System.Linq.Queryable.dll
           /Users/dacanetdev/.nuget/packages/microsoft.netcore.app.ref/8.0.13/ref/net8.0/System.Memory.dll
           /Users/dacanetdev/.nuget/packages/microsoft.netcore.app.ref/8.0.13/ref/net8.0/System.Net.dll
           /Users/dacanetdev/.nuget/packages/microsoft.netcore.app.ref/8.0.13/ref/net8.0/System.Net.Http.dll
           /Users/dacanetdev/.nuget/packages/microsoft.netcore.app.ref/8.0.13/ref/net8.0/System.Net.Http.Json.dll
           /Users/dacanetdev/.nuget/packages/microsoft.netcore.app.ref/8.0.13/ref/net8.0/System.Net.HttpListener.dll
           /Users/dacanetdev/.nuget/packages/microsoft.netcore.app.ref/8.0.13/ref/net8.0/System.Net.Mail.dll
           /Users/dacanetdev/.nuget/packages/microsoft.netcore.app.ref/8.0.13/ref/net8.0/System.Net.NameResolution.dll
           /Users/dacanetdev/.nuget/packages/microsoft.netcore.app.ref/8.0.13/ref/net8.0/System.Net.NetworkInformation.dll
           /Users/dacanetdev/.nuget/packages/microsoft.netcore.app.ref/8.0.13/ref/net8.0/System.Net.Ping.dll
           /Users/dacanetdev/.nuget/packages/microsoft.netcore.app.ref/8.0.13/ref/net8.0/System.Net.Primitives.dll
           /Users/dacanetdev/.nuget/packages/microsoft.netcore.app.ref/8.0.13/ref/net8.0/System.Net.Quic.dll
           /Users/dacanetdev/.nuget/packages/microsoft.netcore.app.ref/8.0.13/ref/net8.0/System.Net.Requests.dll
           /Users/dacanetdev/.nuget/packages/microsoft.netcore.app.ref/8.0.13/ref/net8.0/System.Net.Security.dll
           /Users/dacanetdev/.nuget/packages/microsoft.netcore.app.ref/8.0.13/ref/net8.0/System.Net.ServicePoint.dll
           /Users/dacanetdev/.nuget/packages/microsoft.netcore.app.ref/8.0.13/ref/net8.0/System.Net.Sockets.dll
           /Users/dacanetdev/.nuget/packages/microsoft.netcore.app.ref/8.0.13/ref/net8.0/System.Net.WebClient.dll
           /Users/dacanetdev/.nuget/packages/microsoft.netcore.app.ref/8.0.13/ref/net8.0/System.Net.WebHeaderCollection.dll
           /Users/dacanetdev/.nuget/packages/microsoft.netcore.app.ref/8.0.13/ref/net8.0/System.Net.WebProxy.dll
           /Users/dacanetdev/.nuget/packages/microsoft.netcore.app.ref/8.0.13/ref/net8.0/System.Net.WebSockets.Client.dll
           /Users/dacanetdev/.nuget/packages/microsoft.netcore.app.ref/8.0.13/ref/net8.0/System.Net.WebSockets.dll
           /Users/dacanetdev/.nuget/packages/microsoft.netcore.app.ref/8.0.13/ref/net8.0/System.Numerics.dll
           /Users/dacanetdev/.nuget/packages/microsoft.netcore.app.ref/8.0.13/ref/net8.0/System.Numerics.Vectors.dll
           /Users/dacanetdev/.nuget/packages/microsoft.netcore.app.ref/8.0.13/ref/net8.0/System.ObjectModel.dll
           /Users/dacanetdev/.nuget/packages/microsoft.netcore.app.ref/8.0.13/ref/net8.0/System.Reflection.DispatchProxy.dll
           /Users/dacanetdev/.nuget/packages/microsoft.netcore.app.ref/8.0.13/ref/net8.0/System.Reflection.dll
           /Users/dacanetdev/.nuget/packages/microsoft.netcore.app.ref/8.0.13/ref/net8.0/System.Reflection.Emit.dll
           /Users/dacanetdev/.nuget/packages/microsoft.netcore.app.ref/8.0.13/ref/net8.0/System.Reflection.Emit.ILGeneration.dll
           /Users/dacanetdev/.nuget/packages/microsoft.netcore.app.ref/8.0.13/ref/net8.0/System.Reflection.Emit.Lightweight.dll
           /Users/dacanetdev/.nuget/packages/microsoft.netcore.app.ref/8.0.13/ref/net8.0/System.Reflection.Extensions.dll
           /Users/dacanetdev/.nuget/packages/microsoft.netcore.app.ref/8.0.13/ref/net8.0/System.Reflection.Metadata.dll
           /Users/dacanetdev/.nuget/packages/microsoft.netcore.app.ref/8.0.13/ref/net8.0/System.Reflection.Primitives.dll
           /Users/dacanetdev/.nuget/packages/microsoft.netcore.app.ref/8.0.13/ref/net8.0/System.Reflection.TypeExtensions.dll
           /Users/dacanetdev/.nuget/packages/microsoft.netcore.app.ref/8.0.13/ref/net8.0/System.Resources.Reader.dll
           /Users/dacanetdev/.nuget/packages/microsoft.netcore.app.ref/8.0.13/ref/net8.0/System.Resources.ResourceManager.dll
           /Users/dacanetdev/.nuget/packages/microsoft.netcore.app.ref/8.0.13/ref/net8.0/System.Resources.Writer.dll
           /Users/dacanetdev/.nuget/packages/microsoft.netcore.app.ref/8.0.13/ref/net8.0/System.Runtime.CompilerServices.Unsafe.dll
           /Users/dacanetdev/.nuget/packages/microsoft.netcore.app.ref/8.0.13/ref/net8.0/System.Runtime.CompilerServices.VisualC.dll
           /Users/dacanetdev/.nuget/packages/microsoft.netcore.app.ref/8.0.13/ref/net8.0/System.Runtime.dll
           /Users/dacanetdev/.nuget/packages/microsoft.netcore.app.ref/8.0.13/ref/net8.0/System.Runtime.Extensions.dll
           /Users/dacanetdev/.nuget/packages/microsoft.netcore.app.ref/8.0.13/ref/net8.0/System.Runtime.Handles.dll
           /Users/dacanetdev/.nuget/packages/microsoft.netcore.app.ref/8.0.13/ref/net8.0/System.Runtime.InteropServices.dll
           /Users/dacanetdev/.nuget/packages/microsoft.netcore.app.ref/8.0.13/ref/net8.0/System.Runtime.InteropServices.JavaScript.dll
           /Users/dacanetdev/.nuget/packages/microsoft.netcore.app.ref/8.0.13/ref/net8.0/System.Runtime.InteropServices.RuntimeInformation.dll
           /Users/dacanetdev/.nuget/packages/microsoft.netcore.app.ref/8.0.13/ref/net8.0/System.Runtime.Intrinsics.dll
           /Users/dacanetdev/.nuget/packages/microsoft.netcore.app.ref/8.0.13/ref/net8.0/System.Runtime.Loader.dll
           /Users/dacanetdev/.nuget/packages/microsoft.netcore.app.ref/8.0.13/ref/net8.0/System.Runtime.Numerics.dll
           /Users/dacanetdev/.nuget/packages/microsoft.netcore.app.ref/8.0.13/ref/net8.0/System.Runtime.Serialization.dll
           /Users/dacanetdev/.nuget/packages/microsoft.netcore.app.ref/8.0.13/ref/net8.0/System.Runtime.Serialization.Formatters.dll
           /Users/dacanetdev/.nuget/packages/microsoft.netcore.app.ref/8.0.13/ref/net8.0/System.Runtime.Serialization.Json.dll
           /Users/dacanetdev/.nuget/packages/microsoft.netcore.app.ref/8.0.13/ref/net8.0/System.Runtime.Serialization.Primitives.dll
           /Users/dacanetdev/.nuget/packages/microsoft.netcore.app.ref/8.0.13/ref/net8.0/System.Runtime.Serialization.Xml.dll
           /Users/dacanetdev/.nuget/packages/microsoft.netcore.app.ref/8.0.13/ref/net8.0/System.Security.AccessControl.dll
           /Users/dacanetdev/.nuget/packages/microsoft.netcore.app.ref/8.0.13/ref/net8.0/System.Security.Claims.dll
           /Users/dacanetdev/.nuget/packages/microsoft.netcore.app.ref/8.0.13/ref/net8.0/System.Security.Cryptography.Algorithms.dll
           /Users/dacanetdev/.nuget/packages/microsoft.netcore.app.ref/8.0.13/ref/net8.0/System.Security.Cryptography.Cng.dll
           /Users/dacanetdev/.nuget/packages/microsoft.netcore.app.ref/8.0.13/ref/net8.0/System.Security.Cryptography.Csp.dll
           /Users/dacanetdev/.nuget/packages/microsoft.netcore.app.ref/8.0.13/ref/net8.0/System.Security.Cryptography.dll
           /Users/dacanetdev/.nuget/packages/microsoft.netcore.app.ref/8.0.13/ref/net8.0/System.Security.Cryptography.Encoding.dll
           /Users/dacanetdev/.nuget/packages/microsoft.netcore.app.ref/8.0.13/ref/net8.0/System.Security.Cryptography.OpenSsl.dll
           /Users/dacanetdev/.nuget/packages/microsoft.netcore.app.ref/8.0.13/ref/net8.0/System.Security.Cryptography.Primitives.dll
           /Users/dacanetdev/.nuget/packages/microsoft.netcore.app.ref/8.0.13/ref/net8.0/System.Security.Cryptography.X509Certificates.dll
           /Users/dacanetdev/.nuget/packages/microsoft.netcore.app.ref/8.0.13/ref/net8.0/System.Security.dll
           /Users/dacanetdev/.nuget/packages/microsoft.netcore.app.ref/8.0.13/ref/net8.0/System.Security.Principal.dll
           /Users/dacanetdev/.nuget/packages/microsoft.netcore.app.ref/8.0.13/ref/net8.0/System.Security.Principal.Windows.dll
           /Users/dacanetdev/.nuget/packages/microsoft.netcore.app.ref/8.0.13/ref/net8.0/System.Security.SecureString.dll
           /Users/dacanetdev/.nuget/packages/microsoft.netcore.app.ref/8.0.13/ref/net8.0/System.ServiceModel.Web.dll
           /Users/dacanetdev/.nuget/packages/microsoft.netcore.app.ref/8.0.13/ref/net8.0/System.ServiceProcess.dll
           /Users/dacanetdev/.nuget/packages/microsoft.netcore.app.ref/8.0.13/ref/net8.0/System.Text.Encoding.CodePages.dll
           /Users/dacanetdev/.nuget/packages/microsoft.netcore.app.ref/8.0.13/ref/net8.0/System.Text.Encoding.dll
           /Users/dacanetdev/.nuget/packages/microsoft.netcore.app.ref/8.0.13/ref/net8.0/System.Text.Encoding.Extensions.dll
           /Users/dacanetdev/.nuget/packages/microsoft.netcore.app.ref/8.0.13/ref/net8.0/System.Text.Encodings.Web.dll
           /Users/dacanetdev/.nuget/packages/microsoft.netcore.app.ref/8.0.13/ref/net8.0/System.Text.Json.dll
           /Users/dacanetdev/.nuget/packages/microsoft.netcore.app.ref/8.0.13/ref/net8.0/System.Text.RegularExpressions.dll
           /Users/dacanetdev/.nuget/packages/microsoft.netcore.app.ref/8.0.13/ref/net8.0/System.Threading.Channels.dll
           /Users/dacanetdev/.nuget/packages/microsoft.netcore.app.ref/8.0.13/ref/net8.0/System.Threading.dll
           /Users/dacanetdev/.nuget/packages/microsoft.netcore.app.ref/8.0.13/ref/net8.0/System.Threading.Overlapped.dll
           /Users/dacanetdev/.nuget/packages/microsoft.netcore.app.ref/8.0.13/ref/net8.0/System.Threading.Tasks.Dataflow.dll
           /Users/dacanetdev/.nuget/packages/microsoft.netcore.app.ref/8.0.13/ref/net8.0/System.Threading.Tasks.dll
           /Users/dacanetdev/.nuget/packages/microsoft.netcore.app.ref/8.0.13/ref/net8.0/System.Threading.Tasks.Extensions.dll
           /Users/dacanetdev/.nuget/packages/microsoft.netcore.app.ref/8.0.13/ref/net8.0/System.Threading.Tasks.Parallel.dll
           /Users/dacanetdev/.nuget/packages/microsoft.netcore.app.ref/8.0.13/ref/net8.0/System.Threading.Thread.dll
           /Users/dacanetdev/.nuget/packages/microsoft.netcore.app.ref/8.0.13/ref/net8.0/System.Threading.ThreadPool.dll
           /Users/dacanetdev/.nuget/packages/microsoft.netcore.app.ref/8.0.13/ref/net8.0/System.Threading.Timer.dll
           /Users/dacanetdev/.nuget/packages/microsoft.netcore.app.ref/8.0.13/ref/net8.0/System.Transactions.dll
           /Users/dacanetdev/.nuget/packages/microsoft.netcore.app.ref/8.0.13/ref/net8.0/System.Transactions.Local.dll
           /Users/dacanetdev/.nuget/packages/microsoft.netcore.app.ref/8.0.13/ref/net8.0/System.ValueTuple.dll
           /Users/dacanetdev/.nuget/packages/microsoft.netcore.app.ref/8.0.13/ref/net8.0/System.Web.dll
           /Users/dacanetdev/.nuget/packages/microsoft.netcore.app.ref/8.0.13/ref/net8.0/System.Web.HttpUtility.dll
           /Users/dacanetdev/.nuget/packages/microsoft.netcore.app.ref/8.0.13/ref/net8.0/System.Windows.dll
           /Users/dacanetdev/.nuget/packages/microsoft.netcore.app.ref/8.0.13/ref/net8.0/System.Xml.dll
           /Users/dacanetdev/.nuget/packages/microsoft.netcore.app.ref/8.0.13/ref/net8.0/System.Xml.Linq.dll
           /Users/dacanetdev/.nuget/packages/microsoft.netcore.app.ref/8.0.13/ref/net8.0/System.Xml.ReaderWriter.dll
           /Users/dacanetdev/.nuget/packages/microsoft.netcore.app.ref/8.0.13/ref/net8.0/System.Xml.Serialization.dll
           /Users/dacanetdev/.nuget/packages/microsoft.netcore.app.ref/8.0.13/ref/net8.0/System.Xml.XDocument.dll
           /Users/dacanetdev/.nuget/packages/microsoft.netcore.app.ref/8.0.13/ref/net8.0/System.Xml.XmlDocument.dll
           /Users/dacanetdev/.nuget/packages/microsoft.netcore.app.ref/8.0.13/ref/net8.0/System.Xml.XmlSerializer.dll
           /Users/dacanetdev/.nuget/packages/microsoft.netcore.app.ref/8.0.13/ref/net8.0/System.Xml.XPath.dll
           /Users/dacanetdev/.nuget/packages/microsoft.netcore.app.ref/8.0.13/ref/net8.0/System.Xml.XPath.XDocument.dll
           /Users/dacanetdev/.nuget/packages/microsoft.testplatform.testhost/17.8.0/lib/netcoreapp3.1/testhost.dll
           /Users/dacanetdev/.nuget/packages/microsoft.netcore.app.ref/8.0.13/ref/net8.0/WindowsBase.dll
           /Users/dacanetdev/.nuget/packages/xunit.abstractions/2.0.3/lib/netstandard2.0/xunit.abstractions.dll
           /Users/dacanetdev/.nuget/packages/xunit.assert/2.5.3/lib/netstandard1.1/xunit.assert.dll
           /Users/dacanetdev/.nuget/packages/xunit.extensibility.core/2.5.3/lib/netstandard1.1/xunit.core.dll
           /Users/dacanetdev/.nuget/packages/xunit.extensibility.execution/2.5.3/lib/netstandard1.1/xunit.execution.dotnet.dll
           obj/Debug/net8.0/DeventSoft.RoadmapSkills.Users.IntegrationTests.csproj.CoreCompileInputs.cache
           /usr/local/share/dotnet/sdk/9.0.200/Sdks/Microsoft.NET.Sdk/targets/../analyzers/Microsoft.CodeAnalysis.CSharp.NetAnalyzers.dll
           /usr/local/share/dotnet/sdk/9.0.200/Sdks/Microsoft.NET.Sdk/targets/../analyzers/Microsoft.CodeAnalysis.NetAnalyzers.dll
           /Users/dacanetdev/.nuget/packages/xunit.analyzers/1.4.0/analyzers/dotnet/cs/xunit.analyzers.dll
           /Users/dacanetdev/.nuget/packages/xunit.analyzers/1.4.0/analyzers/dotnet/cs/xunit.analyzers.fixes.dll
           /Users/dacanetdev/.nuget/packages/microsoft.netcore.app.ref/8.0.13/analyzers/dotnet/cs/Microsoft.Interop.ComInterfaceGenerator.dll
           /Users/dacanetdev/.nuget/packages/microsoft.netcore.app.ref/8.0.13/analyzers/dotnet/cs/Microsoft.Interop.JavaScript.JSImportGenerator.dll
           /Users/dacanetdev/.nuget/packages/microsoft.netcore.app.ref/8.0.13/analyzers/dotnet/cs/Microsoft.Interop.LibraryImportGenerator.dll
           /Users/dacanetdev/.nuget/packages/microsoft.netcore.app.ref/8.0.13/analyzers/dotnet/cs/Microsoft.Interop.SourceGeneration.dll
           /Users/dacanetdev/.nuget/packages/microsoft.netcore.app.ref/8.0.13/analyzers/dotnet/cs/System.Text.Json.SourceGeneration.dll
           /Users/dacanetdev/.nuget/packages/microsoft.netcore.app.ref/8.0.13/analyzers/dotnet/cs/System.Text.RegularExpressions.Generator.dll
           obj/Debug/net8.0/DeventSoft.RoadmapSkills.Users.IntegrationTests.GeneratedMSBuildEditorConfig.editorconfig
           /usr/local/share/dotnet/sdk/9.0.200/Sdks/Microsoft.NET.Sdk/analyzers/build/config/analysislevel_8_default.globalconfig
           /Users/dacanetdev/Dev/AIGenerated/RoadmapSkills/tests/Modules/Users/DeventSoft.RoadmapSkills.Users.IntegrationTests/obj/DeventSoft.RoadmapSkills.Users.IntegrationTests.csproj.nuget.g.targets
           /usr/local/share/dotnet/sdk/9.0.200/Current/Microsoft.Common.targets/ImportAfter/Microsoft.TestPlatform.ImportAfter.targets
   6:6>ResolveAssemblyReferences:
             This reference is not "CopyLocal" because at least one source item had "Private" set to "false" and no source items had "Private" set to "true".
   2:6>CoreCompile:
       Output files: 
           obj/Debug/net8.0/DeventSoft.RoadmapSkills.Users.IntegrationTests.dll
           obj/Debug/net8.0/refint/DeventSoft.RoadmapSkills.Users.IntegrationTests.dll
           obj/Debug/net8.0/DeventSoft.RoadmapSkills.Users.IntegrationTests.pdb
   5:6>Target "AfterCompile" in file "/usr/local/share/dotnet/sdk/9.0.200/Microsoft.Common.CurrentVersion.targets" from project "/Users/dacanetdev/Dev/AIGenerated/RoadmapSkills/tests/Modules/Users/DeventSoft.RoadmapSkills.Users.UnitTests/DeventSoft.RoadmapSkills.Users.UnitTests.csproj" (target "Compile" depends on it):
   5:6>Done building target "AfterCompile" in project "DeventSoft.RoadmapSkills.Users.UnitTests.csproj".
   6:6>ResolveAssemblyReferences:
             The ImageRuntimeVersion for this reference is "".
   2:6>Done building target "CoreCompile" in project "DeventSoft.RoadmapSkills.Users.IntegrationTests.csproj".
   5:6>Target "_CreateAppHost" skipped, due to false condition; ('$(ComputeNETCoreBuildOutputFiles)' == 'true' and
                     '$(AppHostSourcePath)' != '' and
                     Exists('@(IntermediateAssembly)') and
                     Exists('$(AppHostSourcePath)')) was evaluated as ('true' == 'true' and
                     '' != '' and
                     Exists('obj/Debug/net8.0/DeventSoft.RoadmapSkills.Users.UnitTests.dll') and
                     Exists('')).
   6:6>ResolveAssemblyReferences:
         Primary reference "System.ComponentModel.EventBasedAsync, Version=8.0.0.0, Culture=neutral, PublicKeyToken=b03f5f7f11d50a3a".
   2:6>Target "_TouchLastBuildWithSkipAnalyzers" skipped, due to false condition; ('$(_SkipAnalyzers)' == 'true') was evaluated as ('' == 'true').
   6:6>ResolveAssemblyReferences:
             Resolved file path is "/Users/dacanetdev/.nuget/packages/microsoft.netcore.app.ref/8.0.13/ref/net8.0/System.ComponentModel.EventBasedAsync.dll".
   5:6>Target "_CreateComHost" skipped, due to false condition; ('$(ComputeNETCoreBuildOutputFiles)' == 'true' and
                     '$(ComHostIntermediatePath)' != '' and
                     Exists('@(IntermediateAssembly)') and
                     Exists('$(ComHostSourcePath)')) was evaluated as ('true' == 'true' and
                     '' != '' and
                     Exists('obj/Debug/net8.0/DeventSoft.RoadmapSkills.Users.UnitTests.dll') and
                     Exists('')).
   2:6>Target "_TimeStampAfterCompile" skipped, due to false condition; ('$(RunPostBuildEvent)'=='OnOutputUpdated' or ('$(RegisterForComInterop)'=='true' and '$(OutputType)'=='library')) was evaluated as (''=='OnOutputUpdated' or (''=='true' and 'Exe'=='library')).
   6:6>ResolveAssemblyReferences:
             Reference found at search path location "{RawFileName}".
   5:6>Target "_GetIjwHostPaths" skipped, due to false condition; ('$(UseIJWHost)' == 'true') was evaluated as ('' == 'true').
   6:6>ResolveAssemblyReferences:
             This reference is not "CopyLocal" because at least one source item had "Private" set to "false" and no source items had "Private" set to "true".
             The ImageRuntimeVersion for this reference is "".
   2:6>Target "AfterCompile" in file "/usr/local/share/dotnet/sdk/9.0.200/Microsoft.Common.CurrentVersion.targets" from project "/Users/dacanetdev/Dev/AIGenerated/RoadmapSkills/tests/Modules/Users/DeventSoft.RoadmapSkills.Users.IntegrationTests/DeventSoft.RoadmapSkills.Users.IntegrationTests.csproj" (target "Compile" depends on it):
   2:6>Done building target "AfterCompile" in project "DeventSoft.RoadmapSkills.Users.IntegrationTests.csproj".
   6:6>ResolveAssemblyReferences:
         Primary reference "System.ComponentModel.Primitives, Version=8.0.0.0, Culture=neutral, PublicKeyToken=b03f5f7f11d50a3a".
   5:6>Target "Compile" in file "/usr/local/share/dotnet/sdk/9.0.200/Microsoft.Common.CurrentVersion.targets" from project "/Users/dacanetdev/Dev/AIGenerated/RoadmapSkills/tests/Modules/Users/DeventSoft.RoadmapSkills.Users.UnitTests/DeventSoft.RoadmapSkills.Users.UnitTests.csproj" (target "CoreBuild" depends on it):
   5:6>Done building target "Compile" in project "DeventSoft.RoadmapSkills.Users.UnitTests.csproj".
   2:6>Target "_CreateAppHost" skipped, due to false condition; ('$(ComputeNETCoreBuildOutputFiles)' == 'true' and
                     '$(AppHostSourcePath)' != '' and
                     Exists('@(IntermediateAssembly)') and
                     Exists('$(AppHostSourcePath)')) was evaluated as ('true' == 'true' and
                     '' != '' and
                     Exists('obj/Debug/net8.0/DeventSoft.RoadmapSkills.Users.IntegrationTests.dll') and
                     Exists('')).
   6:6>ResolveAssemblyReferences:
             Resolved file path is "/Users/dacanetdev/.nuget/packages/microsoft.netcore.app.ref/8.0.13/ref/net8.0/System.ComponentModel.Primitives.dll".
   5:6>Target "ExportWindowsMDFile" skipped, due to false condition; ('$(ExportWinMDFile)' == 'true') was evaluated as ('' == 'true').
   2:6>Target "_CreateComHost" skipped, due to false condition; ('$(ComputeNETCoreBuildOutputFiles)' == 'true' and
                     '$(ComHostIntermediatePath)' != '' and
                     Exists('@(IntermediateAssembly)') and
                     Exists('$(ComHostSourcePath)')) was evaluated as ('true' == 'true' and
                     '' != '' and
                     Exists('obj/Debug/net8.0/DeventSoft.RoadmapSkills.Users.IntegrationTests.dll') and
                     Exists('')).
   6:6>ResolveAssemblyReferences:
             Reference found at search path location "{RawFileName}".
   2:6>Target "_GetIjwHostPaths" skipped, due to false condition; ('$(UseIJWHost)' == 'true') was evaluated as ('' == 'true').
   6:6>ResolveAssemblyReferences:
             This reference is not "CopyLocal" because at least one source item had "Private" set to "false" and no source items had "Private" set to "true".
   5:6>Target "UnmanagedUnregistration" skipped, due to false condition; ((('$(_AssemblyTimestampBeforeCompile)' != '$(_AssemblyTimestampAfterCompile)' or '$(RegisterForComInterop)' != 'true' or '$(OutputType)' != 'library') or
                    ('$(_AssemblyTimestampBeforeCompile)' == '')) and
                   Exists('@(_UnmanagedRegistrationCache)')) was evaluated as ((('' != '' or '' != 'true' or 'Exe' != 'library') or
                    ('' == '')) and
                   Exists('obj/DeventSoft.RoadmapSkills.Users.UnitTests.csproj.UnmanagedRegistration.cache')).
   6:6>ResolveAssemblyReferences:
             The ImageRuntimeVersion for this reference is "".
   5:6>Target "GenerateSerializationAssemblies" skipped, due to false condition; ('$(_SGenGenerateSerializationAssembliesConfig)' == 'On' or ('@(WebReferenceUrl)'!='' and '$(_SGenGenerateSerializationAssembliesConfig)' == 'Auto')) was evaluated as ('Off' == 'On' or (''!='' and 'Off' == 'Auto')).
   2:6>Target "Compile" in file "/usr/local/share/dotnet/sdk/9.0.200/Microsoft.Common.CurrentVersion.targets" from project "/Users/dacanetdev/Dev/AIGenerated/RoadmapSkills/tests/Modules/Users/DeventSoft.RoadmapSkills.Users.IntegrationTests/DeventSoft.RoadmapSkills.Users.IntegrationTests.csproj" (target "CoreBuild" depends on it):
   2:6>Done building target "Compile" in project "DeventSoft.RoadmapSkills.Users.IntegrationTests.csproj".
   6:6>ResolveAssemblyReferences:
         Primary reference "System.ComponentModel.TypeConverter, Version=8.0.0.0, Culture=neutral, PublicKeyToken=b03f5f7f11d50a3a".
     0>Property reassignment: $(ResolveAssemblyReferencesDependsOn)="
      
      ResolveProjectReferences;
      FindInvalidProjectReferences;
      GetFrameworkPaths;
      GetReferenceAssemblyPaths;
      PrepareForBuild;
      ResolveSDKReferences;
      ExpandSDKReferences;
    ;
      ResolvePackageDependenciesForBuild;
      _HandlePackageFileConflicts;
    " (previous value: "
      ResolveProjectReferences;
      FindInvalidProjectReferences;
      GetFrameworkPaths;
      GetReferenceAssemblyPaths;
      PrepareForBuild;
      ResolveSDKReferences;
      ExpandSDKReferences;
    ") at /usr/local/share/dotnet/sdk/9.0.200/Sdks/Microsoft.NET.Sdk/targets/Microsoft.PackageDependencyResolution.targets (80,5)
   2:6>Target "ExportWindowsMDFile" skipped, due to false condition; ('$(ExportWinMDFile)' == 'true') was evaluated as ('' == 'true').
     0>Property reassignment: $(PrepareResourcesDependsOn)="
      ResolvePackageDependenciesForBuild;
      _HandlePackageFileConflicts;
      
      ;
      PrepareResourceNames;
      ResGen;
      CompileLicxFiles
    
    " (previous value: "
      ;
      PrepareResourceNames;
      ResGen;
      CompileLicxFiles
    ") at /usr/local/share/dotnet/sdk/9.0.200/Sdks/Microsoft.NET.Sdk/targets/Microsoft.PackageDependencyResolution.targets (86,5)
   6:6>ResolveAssemblyReferences:
             Resolved file path is "/Users/dacanetdev/.nuget/packages/microsoft.netcore.app.ref/8.0.13/ref/net8.0/System.ComponentModel.TypeConverter.dll".
   5:6>Target "_GenerateSatelliteAssemblyInputs" in file "/usr/local/share/dotnet/sdk/9.0.200/Microsoft.Common.CurrentVersion.targets" from project "/Users/dacanetdev/Dev/AIGenerated/RoadmapSkills/tests/Modules/Users/DeventSoft.RoadmapSkills.Users.UnitTests/DeventSoft.RoadmapSkills.Users.UnitTests.csproj" (target "CreateSatelliteAssemblies" depends on it):
   5:6>Task "MSBuildInternalMessage" skipped, due to false condition; ('@(ManifestResourceWithCulture)'!='' and '%(ManifestResourceWithCulture.EmittedForCompatibilityOnly)'=='') was evaluated as (''!='' and ''=='').
   2:6>Target "UnmanagedUnregistration" skipped, due to false condition; ((('$(_AssemblyTimestampBeforeCompile)' != '$(_AssemblyTimestampAfterCompile)' or '$(RegisterForComInterop)' != 'true' or '$(OutputType)' != 'library') or
                    ('$(_AssemblyTimestampBeforeCompile)' == '')) and
                   Exists('@(_UnmanagedRegistrationCache)')) was evaluated as ((('' != '' or '' != 'true' or 'Exe' != 'library') or
                    ('' == '')) and
                   Exists('obj/DeventSoft.RoadmapSkills.Users.IntegrationTests.csproj.UnmanagedRegistration.cache')).
   6:6>ResolveAssemblyReferences:
             Reference found at search path location "{RawFileName}".
   5:6>_GenerateSatelliteAssemblyInputs:
       Task "MSBuildInternalMessage" skipped, due to false condition; ('@(ManifestNonResxWithCultureOnDisk)'!='' and '%(ManifestNonResxWithCultureOnDisk.EmittedForCompatibilityOnly)'=='') was evaluated as (''!='' and ''=='').
   2:6>Target "GenerateSerializationAssemblies" skipped, due to false condition; ('$(_SGenGenerateSerializationAssembliesConfig)' == 'On' or ('@(WebReferenceUrl)'!='' and '$(_SGenGenerateSerializationAssembliesConfig)' == 'Auto')) was evaluated as ('Off' == 'On' or (''!='' and 'Off' == 'Auto')).
   6:6>ResolveAssemblyReferences:
             This reference is not "CopyLocal" because at least one source item had "Private" set to "false" and no source items had "Private" set to "true".
             The ImageRuntimeVersion for this reference is "".
   5:6>Done building target "_GenerateSatelliteAssemblyInputs" in project "DeventSoft.RoadmapSkills.Users.UnitTests.csproj".
   2:6>Target "_GenerateSatelliteAssemblyInputs" in file "/usr/local/share/dotnet/sdk/9.0.200/Microsoft.Common.CurrentVersion.targets" from project "/Users/dacanetdev/Dev/AIGenerated/RoadmapSkills/tests/Modules/Users/DeventSoft.RoadmapSkills.Users.IntegrationTests/DeventSoft.RoadmapSkills.Users.IntegrationTests.csproj" (target "CreateSatelliteAssemblies" depends on it):
   2:6>Task "MSBuildInternalMessage" skipped, due to false condition; ('@(ManifestResourceWithCulture)'!='' and '%(ManifestResourceWithCulture.EmittedForCompatibilityOnly)'=='') was evaluated as (''!='' and ''=='').
   6:6>ResolveAssemblyReferences:
         Primary reference "System.ComponentModel, Version=8.0.0.0, Culture=neutral, PublicKeyToken=b03f5f7f11d50a3a".
   5:6>Target "ComputeIntermediateSatelliteAssemblies" skipped, due to false condition; (@(EmbeddedResource->'%(WithCulture)') != '') was evaluated as ( != '').
   2:6>_GenerateSatelliteAssemblyInputs:
       Task "MSBuildInternalMessage" skipped, due to false condition; ('@(ManifestNonResxWithCultureOnDisk)'!='' and '%(ManifestNonResxWithCultureOnDisk.EmittedForCompatibilityOnly)'=='') was evaluated as (''!='' and ''=='').
   6:6>ResolveAssemblyReferences:
             Resolved file path is "/Users/dacanetdev/.nuget/packages/microsoft.netcore.app.ref/8.0.13/ref/net8.0/System.ComponentModel.dll".
   2:6>Done building target "_GenerateSatelliteAssemblyInputs" in project "DeventSoft.RoadmapSkills.Users.IntegrationTests.csproj".
   6:6>ResolveAssemblyReferences:
             Reference found at search path location "{RawFileName}".
   5:6>Target "GenerateSatelliteAssemblies" skipped, due to false condition; ('@(_SatelliteAssemblyResourceInputs)' != '' and '$(GenerateSatelliteAssembliesForCore)' != 'true') was evaluated as ('' != '' and 'true' != 'true').
   2:6>Target "ComputeIntermediateSatelliteAssemblies" skipped, due to false condition; (@(EmbeddedResource->'%(WithCulture)') != '') was evaluated as ( != '').
       Target "GenerateSatelliteAssemblies" skipped, due to false condition; ('@(_SatelliteAssemblyResourceInputs)' != '' and '$(GenerateSatelliteAssembliesForCore)' != 'true') was evaluated as ('' != '' and 'true' != 'true').
   6:6>ResolveAssemblyReferences:
             This reference is not "CopyLocal" because at least one source item had "Private" set to "false" and no source items had "Private" set to "true".
   2:6>Target "CoreGenerateSatelliteAssemblies" skipped, due to false condition; ('@(_SatelliteAssemblyResourceInputs)' != ''  and '$(GenerateSatelliteAssembliesForCore)' == 'true' ) was evaluated as ('' != ''  and 'true' == 'true' ).
   5:6>Target "CoreGenerateSatelliteAssemblies" skipped, due to false condition; ('@(_SatelliteAssemblyResourceInputs)' != ''  and '$(GenerateSatelliteAssembliesForCore)' == 'true' ) was evaluated as ('' != ''  and 'true' == 'true' ).
   6:6>ResolveAssemblyReferences:
             The ImageRuntimeVersion for this reference is "".
         Primary reference "System.Configuration, Version=4.0.0.0, Culture=neutral, PublicKeyToken=b03f5f7f11d50a3a".
   2:6>Target "CreateSatelliteAssemblies" in file "/usr/local/share/dotnet/sdk/9.0.200/Microsoft.Common.CurrentVersion.targets" from project "/Users/dacanetdev/Dev/AIGenerated/RoadmapSkills/tests/Modules/Users/DeventSoft.RoadmapSkills.Users.IntegrationTests/DeventSoft.RoadmapSkills.Users.IntegrationTests.csproj" (target "CoreBuild" depends on it):
   2:6>Done building target "CreateSatelliteAssemblies" in project "DeventSoft.RoadmapSkills.Users.IntegrationTests.csproj".
   6:6>ResolveAssemblyReferences:
             Resolved file path is "/Users/dacanetdev/.nuget/packages/microsoft.netcore.app.ref/8.0.13/ref/net8.0/System.Configuration.dll".
   5:6>Target "CreateSatelliteAssemblies" in file "/usr/local/share/dotnet/sdk/9.0.200/Microsoft.Common.CurrentVersion.targets" from project "/Users/dacanetdev/Dev/AIGenerated/RoadmapSkills/tests/Modules/Users/DeventSoft.RoadmapSkills.Users.UnitTests/DeventSoft.RoadmapSkills.Users.UnitTests.csproj" (target "CoreBuild" depends on it):
   5:6>Done building target "CreateSatelliteAssemblies" in project "DeventSoft.RoadmapSkills.Users.UnitTests.csproj".
   2:6>Target "GenerateManifests" skipped, due to false condition; ('$(GenerateClickOnceManifests)'=='true' or '@(NativeReference)'!='' or '@(ResolvedIsolatedComModules)'!='' or '$(GenerateAppxManifest)' == 'true') was evaluated as (''=='true' or ''!='' or ''!='' or '' == 'true').
   6:6>ResolveAssemblyReferences:
             Reference found at search path location "{RawFileName}".
   5:6>Target "GenerateManifests" skipped, due to false condition; ('$(GenerateClickOnceManifests)'=='true' or '@(NativeReference)'!='' or '@(ResolvedIsolatedComModules)'!='' or '$(GenerateAppxManifest)' == 'true') was evaluated as (''=='true' or ''!='' or ''!='' or '' == 'true').
   6:6>ResolveAssemblyReferences:
             This reference is not "CopyLocal" because at least one source item had "Private" set to "false" and no source items had "Private" set to "true".
             The ImageRuntimeVersion for this reference is "".
   2:6>Target "GetTargetPathWithTargetPlatformMoniker" in file "/usr/local/share/dotnet/sdk/9.0.200/Microsoft.Common.CurrentVersion.targets" from project "/Users/dacanetdev/Dev/AIGenerated/RoadmapSkills/tests/Modules/Users/DeventSoft.RoadmapSkills.Users.IntegrationTests/DeventSoft.RoadmapSkills.Users.IntegrationTests.csproj" (target "GetTargetPath" depends on it):
   2:6>Done building target "GetTargetPathWithTargetPlatformMoniker" in project "DeventSoft.RoadmapSkills.Users.IntegrationTests.csproj".
   5:6>Target "GetTargetPathWithTargetPlatformMoniker" in file "/usr/local/share/dotnet/sdk/9.0.200/Microsoft.Common.CurrentVersion.targets" from project "/Users/dacanetdev/Dev/AIGenerated/RoadmapSkills/tests/Modules/Users/DeventSoft.RoadmapSkills.Users.UnitTests/DeventSoft.RoadmapSkills.Users.UnitTests.csproj" (target "GetTargetPath" depends on it):
   5:6>Done building target "GetTargetPathWithTargetPlatformMoniker" in project "DeventSoft.RoadmapSkills.Users.UnitTests.csproj".
   2:6>Target "GetTargetPath" in file "/usr/local/share/dotnet/sdk/9.0.200/Microsoft.Common.CurrentVersion.targets" from project "/Users/dacanetdev/Dev/AIGenerated/RoadmapSkills/tests/Modules/Users/DeventSoft.RoadmapSkills.Users.IntegrationTests/DeventSoft.RoadmapSkills.Users.IntegrationTests.csproj" (target "CoreBuild" depends on it):
   2:6>Done building target "GetTargetPath" in project "DeventSoft.RoadmapSkills.Users.IntegrationTests.csproj".
   5:6>Target "GetTargetPath" in file "/usr/local/share/dotnet/sdk/9.0.200/Microsoft.Common.CurrentVersion.targets" from project "/Users/dacanetdev/Dev/AIGenerated/RoadmapSkills/tests/Modules/Users/DeventSoft.RoadmapSkills.Users.UnitTests/DeventSoft.RoadmapSkills.Users.UnitTests.csproj" (target "CoreBuild" depends on it):
   5:6>Done building target "GetTargetPath" in project "DeventSoft.RoadmapSkills.Users.UnitTests.csproj".
   6:6>ResolveAssemblyReferences:
         Primary reference "System.Console, Version=8.0.0.0, Culture=neutral, PublicKeyToken=b03f5f7f11d50a3a".
   2:6>Target "ComputeIntermediateSatelliteAssemblies" skipped, due to false condition; (@(EmbeddedResource->'%(WithCulture)') != '') was evaluated as ( != '').
   5:6>Target "ComputeIntermediateSatelliteAssemblies" skipped, due to false condition; (@(EmbeddedResource->'%(WithCulture)') != '') was evaluated as ( != '').
   6:6>ResolveAssemblyReferences:
             Resolved file path is "/Users/dacanetdev/.nuget/packages/microsoft.netcore.app.ref/8.0.13/ref/net8.0/System.Console.dll".
   2:6>Target "_CopyFilesMarkedCopyLocal" in file "/usr/local/share/dotnet/sdk/9.0.200/Microsoft.Common.CurrentVersion.targets" from project "/Users/dacanetdev/Dev/AIGenerated/RoadmapSkills/tests/Modules/Users/DeventSoft.RoadmapSkills.Users.IntegrationTests/DeventSoft.RoadmapSkills.Users.IntegrationTests.csproj" (target "CopyFilesToOutputDirectory" depends on it):
   2:6>Using "Copy" task from assembly "Microsoft.Build.Tasks.Core, Version=15.1.0.0, Culture=neutral, PublicKeyToken=b03f5f7f11d50a3a".
   6:6>ResolveAssemblyReferences:
             Reference found at search path location "{RawFileName}".
   5:6>Target "_CopyFilesMarkedCopyLocal" in file "/usr/local/share/dotnet/sdk/9.0.200/Microsoft.Common.CurrentVersion.targets" from project "/Users/dacanetdev/Dev/AIGenerated/RoadmapSkills/tests/Modules/Users/DeventSoft.RoadmapSkills.Users.UnitTests/DeventSoft.RoadmapSkills.Users.UnitTests.csproj" (target "CopyFilesToOutputDirectory" depends on it):
   5:6>Using "Copy" task from assembly "Microsoft.Build.Tasks.Core, Version=15.1.0.0, Culture=neutral, PublicKeyToken=b03f5f7f11d50a3a".
   6:6>ResolveAssemblyReferences:
             This reference is not "CopyLocal" because at least one source item had "Private" set to "false" and no source items had "Private" set to "true".
   2:6>Task "Copy"
   6:6>ResolveAssemblyReferences:
             The ImageRuntimeVersion for this reference is "".
   5:6>Task "Copy"
   2:6>_CopyFilesMarkedCopyLocal:
         Did not copy from file "/Users/dacanetdev/.nuget/packages/microsoft.codecoverage/17.8.0/lib/netcoreapp3.1/Microsoft.VisualStudio.CodeCoverage.Shim.dll" to file "bin/Debug/net8.0/Microsoft.VisualStudio.CodeCoverage.Shim.dll" because the "SkipUnchangedFiles" parameter was set to "true" in the project and the files' sizes and timestamps match.
   6:6>ResolveAssemblyReferences:
         Primary reference "System.Core, Version=4.0.0.0, Culture=neutral, PublicKeyToken=b77a5c561934e089".
   5:6>_CopyFilesMarkedCopyLocal:
         Did not copy from file "/Users/dacanetdev/.nuget/packages/microsoft.codecoverage/17.8.0/lib/netcoreapp3.1/Microsoft.VisualStudio.CodeCoverage.Shim.dll" to file "bin/Debug/net8.0/Microsoft.VisualStudio.CodeCoverage.Shim.dll" because the "SkipUnchangedFiles" parameter was set to "true" in the project and the files' sizes and timestamps match.
   2:6>_CopyFilesMarkedCopyLocal:
         Did not copy from file "/Users/dacanetdev/.nuget/packages/microsoft.testplatform.objectmodel/17.8.0/lib/netcoreapp3.1/Microsoft.TestPlatform.CoreUtilities.dll" to file "bin/Debug/net8.0/Microsoft.TestPlatform.CoreUtilities.dll" because the "SkipUnchangedFiles" parameter was set to "true" in the project and the files' sizes and timestamps match.
   6:6>ResolveAssemblyReferences:
             Resolved file path is "/Users/dacanetdev/.nuget/packages/microsoft.netcore.app.ref/8.0.13/ref/net8.0/System.Core.dll".
   5:6>_CopyFilesMarkedCopyLocal:
         Did not copy from file "/Users/dacanetdev/.nuget/packages/microsoft.testplatform.objectmodel/17.8.0/lib/netcoreapp3.1/Microsoft.TestPlatform.CoreUtilities.dll" to file "bin/Debug/net8.0/Microsoft.TestPlatform.CoreUtilities.dll" because the "SkipUnchangedFiles" parameter was set to "true" in the project and the files' sizes and timestamps match.
   6:6>ResolveAssemblyReferences:
             Reference found at search path location "{RawFileName}".
   2:6>_CopyFilesMarkedCopyLocal:
         Did not copy from file "/Users/dacanetdev/.nuget/packages/microsoft.testplatform.objectmodel/17.8.0/lib/netcoreapp3.1/Microsoft.TestPlatform.PlatformAbstractions.dll" to file "bin/Debug/net8.0/Microsoft.TestPlatform.PlatformAbstractions.dll" because the "SkipUnchangedFiles" parameter was set to "true" in the project and the files' sizes and timestamps match.
   5:6>_CopyFilesMarkedCopyLocal:
         Did not copy from file "/Users/dacanetdev/.nuget/packages/microsoft.testplatform.objectmodel/17.8.0/lib/netcoreapp3.1/Microsoft.TestPlatform.PlatformAbstractions.dll" to file "bin/Debug/net8.0/Microsoft.TestPlatform.PlatformAbstractions.dll" because the "SkipUnchangedFiles" parameter was set to "true" in the project and the files' sizes and timestamps match.
   6:6>ResolveAssemblyReferences:
             This reference is not "CopyLocal" because at least one source item had "Private" set to "false" and no source items had "Private" set to "true".
  10:6>Done executing task "ProcessFrameworkReferences".
   2:6>_CopyFilesMarkedCopyLocal:
         Did not copy from file "/Users/dacanetdev/.nuget/packages/microsoft.testplatform.objectmodel/17.8.0/lib/netcoreapp3.1/Microsoft.VisualStudio.TestPlatform.ObjectModel.dll" to file "bin/Debug/net8.0/Microsoft.VisualStudio.TestPlatform.ObjectModel.dll" because the "SkipUnchangedFiles" parameter was set to "true" in the project and the files' sizes and timestamps match.
   5:6>_CopyFilesMarkedCopyLocal:
         Did not copy from file "/Users/dacanetdev/.nuget/packages/microsoft.testplatform.testhost/17.8.0/lib/netcoreapp3.1/Microsoft.TestPlatform.CommunicationUtilities.dll" to file "bin/Debug/net8.0/Microsoft.TestPlatform.CommunicationUtilities.dll" because the "SkipUnchangedFiles" parameter was set to "true" in the project and the files' sizes and timestamps match.
   6:6>ResolveAssemblyReferences:
             The ImageRuntimeVersion for this reference is "".
  10:6>ProcessFrameworkReferences:
       Using "ResolveAppHosts" task from assembly "/usr/local/share/dotnet/sdk/9.0.200/Sdks/Microsoft.NET.Sdk/targets/../tools/net9.0/Microsoft.NET.Build.Tasks.dll".
   5:6>_CopyFilesMarkedCopyLocal:
         Did not copy from file "/Users/dacanetdev/.nuget/packages/microsoft.testplatform.objectmodel/17.8.0/lib/netcoreapp3.1/Microsoft.VisualStudio.TestPlatform.ObjectModel.dll" to file "bin/Debug/net8.0/Microsoft.VisualStudio.TestPlatform.ObjectModel.dll" because the "SkipUnchangedFiles" parameter was set to "true" in the project and the files' sizes and timestamps match.
   2:6>_CopyFilesMarkedCopyLocal:
         Did not copy from file "/Users/dacanetdev/.nuget/packages/microsoft.testplatform.testhost/17.8.0/lib/netcoreapp3.1/Microsoft.TestPlatform.CrossPlatEngine.dll" to file "bin/Debug/net8.0/Microsoft.TestPlatform.CrossPlatEngine.dll" because the "SkipUnchangedFiles" parameter was set to "true" in the project and the files' sizes and timestamps match.
   6:6>ResolveAssemblyReferences:
         Primary reference "System.Data.Common, Version=8.0.0.0, Culture=neutral, PublicKeyToken=b03f5f7f11d50a3a".
   5:6>_CopyFilesMarkedCopyLocal:
         Did not copy from file "/Users/dacanetdev/.nuget/packages/microsoft.testplatform.testhost/17.8.0/lib/netcoreapp3.1/Microsoft.TestPlatform.CrossPlatEngine.dll" to file "bin/Debug/net8.0/Microsoft.TestPlatform.CrossPlatEngine.dll" because the "SkipUnchangedFiles" parameter was set to "true" in the project and the files' sizes and timestamps match.
  10:6>Task "ResolveAppHosts"
   6:6>ResolveAssemblyReferences:
             Resolved file path is "/Users/dacanetdev/.nuget/packages/microsoft.netcore.app.ref/8.0.13/ref/net8.0/System.Data.Common.dll".
   2:6>_CopyFilesMarkedCopyLocal:
         Did not copy from file "/Users/dacanetdev/.nuget/packages/microsoft.testplatform.testhost/17.8.0/lib/netcoreapp3.1/Microsoft.VisualStudio.TestPlatform.Common.dll" to file "bin/Debug/net8.0/Microsoft.VisualStudio.TestPlatform.Common.dll" because the "SkipUnchangedFiles" parameter was set to "true" in the project and the files' sizes and timestamps match.
   5:6>_CopyFilesMarkedCopyLocal:
         Did not copy from file "/Users/dacanetdev/.nuget/packages/microsoft.testplatform.testhost/17.8.0/lib/netcoreapp3.1/Microsoft.TestPlatform.Utilities.dll" to file "bin/Debug/net8.0/Microsoft.TestPlatform.Utilities.dll" because the "SkipUnchangedFiles" parameter was set to "true" in the project and the files' sizes and timestamps match.
   6:6>ResolveAssemblyReferences:
             Reference found at search path location "{RawFileName}".
   2:6>_CopyFilesMarkedCopyLocal:
         Did not copy from file "/Users/dacanetdev/.nuget/packages/microsoft.testplatform.testhost/17.8.0/lib/netcoreapp3.1/Microsoft.TestPlatform.Utilities.dll" to file "bin/Debug/net8.0/Microsoft.TestPlatform.Utilities.dll" because the "SkipUnchangedFiles" parameter was set to "true" in the project and the files' sizes and timestamps match.
   5:6>_CopyFilesMarkedCopyLocal:
         Did not copy from file "/Users/dacanetdev/.nuget/packages/microsoft.testplatform.testhost/17.8.0/lib/netcoreapp3.1/Microsoft.VisualStudio.TestPlatform.Common.dll" to file "bin/Debug/net8.0/Microsoft.VisualStudio.TestPlatform.Common.dll" because the "SkipUnchangedFiles" parameter was set to "true" in the project and the files' sizes and timestamps match.
   6:6>ResolveAssemblyReferences:
             This reference is not "CopyLocal" because at least one source item had "Private" set to "false" and no source items had "Private" set to "true".
   2:6>_CopyFilesMarkedCopyLocal:
         Did not copy from file "/Users/dacanetdev/.nuget/packages/newtonsoft.json/13.0.1/lib/netstandard2.0/Newtonsoft.Json.dll" to file "bin/Debug/net8.0/Newtonsoft.Json.dll" because the "SkipUnchangedFiles" parameter was set to "true" in the project and the files' sizes and timestamps match.
   5:6>_CopyFilesMarkedCopyLocal:
         Did not copy from file "/Users/dacanetdev/.nuget/packages/microsoft.testplatform.testhost/17.8.0/lib/netcoreapp3.1/testhost.dll" to file "bin/Debug/net8.0/testhost.dll" because the "SkipUnchangedFiles" parameter was set to "true" in the project and the files' sizes and timestamps match.
   6:6>ResolveAssemblyReferences:
             The ImageRuntimeVersion for this reference is "".
   2:6>_CopyFilesMarkedCopyLocal:
         Did not copy from file "/Users/dacanetdev/.nuget/packages/nuget.frameworks/6.5.0/lib/netstandard2.0/NuGet.Frameworks.dll" to file "bin/Debug/net8.0/NuGet.Frameworks.dll" because the "SkipUnchangedFiles" parameter was set to "true" in the project and the files' sizes and timestamps match.
   5:6>_CopyFilesMarkedCopyLocal:
         Did not copy from file "/Users/dacanetdev/.nuget/packages/newtonsoft.json/13.0.1/lib/netstandard2.0/Newtonsoft.Json.dll" to file "bin/Debug/net8.0/Newtonsoft.Json.dll" because the "SkipUnchangedFiles" parameter was set to "true" in the project and the files' sizes and timestamps match.
   6:6>ResolveAssemblyReferences:
         Primary reference "System.Data.DataSetExtensions, Version=8.0.0.0, Culture=neutral, PublicKeyToken=b77a5c561934e089".
   2:6>_CopyFilesMarkedCopyLocal:
         Did not copy from file "/Users/dacanetdev/.nuget/packages/microsoft.testplatform.testhost/17.8.0/lib/netcoreapp3.1/testhost.dll" to file "bin/Debug/net8.0/testhost.dll" because the "SkipUnchangedFiles" parameter was set to "true" in the project and the files' sizes and timestamps match.
   5:6>_CopyFilesMarkedCopyLocal:
         Did not copy from file "/Users/dacanetdev/.nuget/packages/nuget.frameworks/6.5.0/lib/netstandard2.0/NuGet.Frameworks.dll" to file "bin/Debug/net8.0/NuGet.Frameworks.dll" because the "SkipUnchangedFiles" parameter was set to "true" in the project and the files' sizes and timestamps match.
   2:6>_CopyFilesMarkedCopyLocal:
         Did not copy from file "/Users/dacanetdev/.nuget/packages/xunit.assert/2.5.3/lib/netstandard1.1/xunit.assert.dll" to file "bin/Debug/net8.0/xunit.assert.dll" because the "SkipUnchangedFiles" parameter was set to "true" in the project and the files' sizes and timestamps match.
   5:6>_CopyFilesMarkedCopyLocal:
         Did not copy from file "/Users/dacanetdev/.nuget/packages/xunit.abstractions/2.0.3/lib/netstandard2.0/xunit.abstractions.dll" to file "bin/Debug/net8.0/xunit.abstractions.dll" because the "SkipUnchangedFiles" parameter was set to "true" in the project and the files' sizes and timestamps match.
   2:6>_CopyFilesMarkedCopyLocal:
         Did not copy from file "/Users/dacanetdev/.nuget/packages/xunit.extensibility.core/2.5.3/lib/netstandard1.1/xunit.core.dll" to file "bin/Debug/net8.0/xunit.core.dll" because the "SkipUnchangedFiles" parameter was set to "true" in the project and the files' sizes and timestamps match.
  10:6>Done executing task "ResolveAppHosts".
   5:6>_CopyFilesMarkedCopyLocal:
         Did not copy from file "/Users/dacanetdev/.nuget/packages/xunit.assert/2.5.3/lib/netstandard1.1/xunit.assert.dll" to file "bin/Debug/net8.0/xunit.assert.dll" because the "SkipUnchangedFiles" parameter was set to "true" in the project and the files' sizes and timestamps match.
   6:6>ResolveAssemblyReferences:
             Resolved file path is "/Users/dacanetdev/.nuget/packages/microsoft.netcore.app.ref/8.0.13/ref/net8.0/System.Data.DataSetExtensions.dll".
   2:6>_CopyFilesMarkedCopyLocal:
         Did not copy from file "/Users/dacanetdev/.nuget/packages/xunit.extensibility.execution/2.5.3/lib/netstandard1.1/xunit.execution.dotnet.dll" to file "bin/Debug/net8.0/xunit.execution.dotnet.dll" because the "SkipUnchangedFiles" parameter was set to "true" in the project and the files' sizes and timestamps match.
   5:6>_CopyFilesMarkedCopyLocal:
         Did not copy from file "/Users/dacanetdev/.nuget/packages/xunit.extensibility.core/2.5.3/lib/netstandard1.1/xunit.core.dll" to file "bin/Debug/net8.0/xunit.core.dll" because the "SkipUnchangedFiles" parameter was set to "true" in the project and the files' sizes and timestamps match.
   6:6>ResolveAssemblyReferences:
             Reference found at search path location "{RawFileName}".
   2:6>_CopyFilesMarkedCopyLocal:
         Did not copy from file "/Users/dacanetdev/.nuget/packages/xunit.abstractions/2.0.3/lib/netstandard2.0/xunit.abstractions.dll" to file "bin/Debug/net8.0/xunit.abstractions.dll" because the "SkipUnchangedFiles" parameter was set to "true" in the project and the files' sizes and timestamps match.
   5:6>_CopyFilesMarkedCopyLocal:
         Did not copy from file "/Users/dacanetdev/.nuget/packages/xunit.extensibility.execution/2.5.3/lib/netstandard1.1/xunit.execution.dotnet.dll" to file "bin/Debug/net8.0/xunit.execution.dotnet.dll" because the "SkipUnchangedFiles" parameter was set to "true" in the project and the files' sizes and timestamps match.
   6:6>ResolveAssemblyReferences:
             This reference is not "CopyLocal" because at least one source item had "Private" set to "false" and no source items had "Private" set to "true".
   5:6>_CopyFilesMarkedCopyLocal:
         Did not copy from file "/Users/dacanetdev/.nuget/packages/microsoft.testplatform.objectmodel/17.8.0/lib/netcoreapp3.1/cs/Microsoft.TestPlatform.CoreUtilities.resources.dll" to file "bin/Debug/net8.0/cs/Microsoft.TestPlatform.CoreUtilities.resources.dll" because the "SkipUnchangedFiles" parameter was set to "true" in the project and the files' sizes and timestamps match.
   2:6>_CopyFilesMarkedCopyLocal:
         Did not copy from file "/Users/dacanetdev/.nuget/packages/microsoft.testplatform.objectmodel/17.8.0/lib/netcoreapp3.1/cs/Microsoft.VisualStudio.TestPlatform.ObjectModel.resources.dll" to file "bin/Debug/net8.0/cs/Microsoft.VisualStudio.TestPlatform.ObjectModel.resources.dll" because the "SkipUnchangedFiles" parameter was set to "true" in the project and the files' sizes and timestamps match.
   6:6>ResolveAssemblyReferences:
             The ImageRuntimeVersion for this reference is "".
   5:6>_CopyFilesMarkedCopyLocal:
         Did not copy from file "/Users/dacanetdev/.nuget/packages/microsoft.testplatform.objectmodel/17.8.0/lib/netcoreapp3.1/de/Microsoft.TestPlatform.CoreUtilities.resources.dll" to file "bin/Debug/net8.0/de/Microsoft.TestPlatform.CoreUtilities.resources.dll" because the "SkipUnchangedFiles" parameter was set to "true" in the project and the files' sizes and timestamps match.
   2:6>_CopyFilesMarkedCopyLocal:
         Did not copy from file "/Users/dacanetdev/.nuget/packages/microsoft.testplatform.objectmodel/17.8.0/lib/netcoreapp3.1/de/Microsoft.TestPlatform.CoreUtilities.resources.dll" to file "bin/Debug/net8.0/de/Microsoft.TestPlatform.CoreUtilities.resources.dll" because the "SkipUnchangedFiles" parameter was set to "true" in the project and the files' sizes and timestamps match.
   5:6>_CopyFilesMarkedCopyLocal:
         Did not copy from file "/Users/dacanetdev/.nuget/packages/microsoft.testplatform.objectmodel/17.8.0/lib/netcoreapp3.1/cs/Microsoft.VisualStudio.TestPlatform.ObjectModel.resources.dll" to file "bin/Debug/net8.0/cs/Microsoft.VisualStudio.TestPlatform.ObjectModel.resources.dll" because the "SkipUnchangedFiles" parameter was set to "true" in the project and the files' sizes and timestamps match.
   2:6>_CopyFilesMarkedCopyLocal:
         Did not copy from file "/Users/dacanetdev/.nuget/packages/microsoft.testplatform.objectmodel/17.8.0/lib/netcoreapp3.1/cs/Microsoft.TestPlatform.CoreUtilities.resources.dll" to file "bin/Debug/net8.0/cs/Microsoft.TestPlatform.CoreUtilities.resources.dll" because the "SkipUnchangedFiles" parameter was set to "true" in the project and the files' sizes and timestamps match.
   6:6>ResolveAssemblyReferences:
         Primary reference "System.Data, Version=4.0.0.0, Culture=neutral, PublicKeyToken=b77a5c561934e089".
   5:6>_CopyFilesMarkedCopyLocal:
         Did not copy from file "/Users/dacanetdev/.nuget/packages/microsoft.testplatform.objectmodel/17.8.0/lib/netcoreapp3.1/de/Microsoft.VisualStudio.TestPlatform.ObjectModel.resources.dll" to file "bin/Debug/net8.0/de/Microsoft.VisualStudio.TestPlatform.ObjectModel.resources.dll" because the "SkipUnchangedFiles" parameter was set to "true" in the project and the files' sizes and timestamps match.
   2:6>_CopyFilesMarkedCopyLocal:
         Did not copy from file "/Users/dacanetdev/.nuget/packages/microsoft.testplatform.objectmodel/17.8.0/lib/netcoreapp3.1/es/Microsoft.TestPlatform.CoreUtilities.resources.dll" to file "bin/Debug/net8.0/es/Microsoft.TestPlatform.CoreUtilities.resources.dll" because the "SkipUnchangedFiles" parameter was set to "true" in the project and the files' sizes and timestamps match.
   5:6>_CopyFilesMarkedCopyLocal:
         Did not copy from file "/Users/dacanetdev/.nuget/packages/microsoft.testplatform.objectmodel/17.8.0/lib/netcoreapp3.1/es/Microsoft.TestPlatform.CoreUtilities.resources.dll" to file "bin/Debug/net8.0/es/Microsoft.TestPlatform.CoreUtilities.resources.dll" because the "SkipUnchangedFiles" parameter was set to "true" in the project and the files' sizes and timestamps match.
   6:6>ResolveAssemblyReferences:
             Resolved file path is "/Users/dacanetdev/.nuget/packages/microsoft.netcore.app.ref/8.0.13/ref/net8.0/System.Data.dll".
             Reference found at search path location "{RawFileName}".
   2:6>_CopyFilesMarkedCopyLocal:
         Did not copy from file "/Users/dacanetdev/.nuget/packages/microsoft.testplatform.objectmodel/17.8.0/lib/netcoreapp3.1/de/Microsoft.VisualStudio.TestPlatform.ObjectModel.resources.dll" to file "bin/Debug/net8.0/de/Microsoft.VisualStudio.TestPlatform.ObjectModel.resources.dll" because the "SkipUnchangedFiles" parameter was set to "true" in the project and the files' sizes and timestamps match.
   5:6>_CopyFilesMarkedCopyLocal:
         Did not copy from file "/Users/dacanetdev/.nuget/packages/microsoft.testplatform.objectmodel/17.8.0/lib/netcoreapp3.1/es/Microsoft.VisualStudio.TestPlatform.ObjectModel.resources.dll" to file "bin/Debug/net8.0/es/Microsoft.VisualStudio.TestPlatform.ObjectModel.resources.dll" because the "SkipUnchangedFiles" parameter was set to "true" in the project and the files' sizes and timestamps match.
   6:6>ResolveAssemblyReferences:
             This reference is not "CopyLocal" because at least one source item had "Private" set to "false" and no source items had "Private" set to "true".
  10:6>Done building target "ProcessFrameworkReferences" in project "DeventSoft.RoadmapSkills.Shared.Domain.csproj".
   2:6>_CopyFilesMarkedCopyLocal:
         Did not copy from file "/Users/dacanetdev/.nuget/packages/microsoft.testplatform.objectmodel/17.8.0/lib/netcoreapp3.1/es/Microsoft.VisualStudio.TestPlatform.ObjectModel.resources.dll" to file "bin/Debug/net8.0/es/Microsoft.VisualStudio.TestPlatform.ObjectModel.resources.dll" because the "SkipUnchangedFiles" parameter was set to "true" in the project and the files' sizes and timestamps match.
   6:6>ResolveAssemblyReferences:
             The ImageRuntimeVersion for this reference is "".
  10:6>Target "IncludeTargetingPackReference" skipped, due to false condition; ('$(TargetFrameworkMoniker)' != '' and '$(TargetFrameworkIdentifier)' == '.NETFramework' and '$(AutomaticallyUseReferenceAssemblyPackages)' == 'true') was evaluated as ('.NETCoreApp,Version=v8.0' != '' and '.NETCoreApp' == '.NETFramework' and 'true' == 'true').
   2:6>_CopyFilesMarkedCopyLocal:
         Did not copy from file "/Users/dacanetdev/.nuget/packages/microsoft.testplatform.objectmodel/17.8.0/lib/netcoreapp3.1/fr/Microsoft.VisualStudio.TestPlatform.ObjectModel.resources.dll" to file "bin/Debug/net8.0/fr/Microsoft.VisualStudio.TestPlatform.ObjectModel.resources.dll" because the "SkipUnchangedFiles" parameter was set to "true" in the project and the files' sizes and timestamps match.
   5:6>_CopyFilesMarkedCopyLocal:
         Did not copy from file "/Users/dacanetdev/.nuget/packages/microsoft.testplatform.objectmodel/17.8.0/lib/netcoreapp3.1/fr/Microsoft.TestPlatform.CoreUtilities.resources.dll" to file "bin/Debug/net8.0/fr/Microsoft.TestPlatform.CoreUtilities.resources.dll" because the "SkipUnchangedFiles" parameter was set to "true" in the project and the files' sizes and timestamps match.
   6:6>ResolveAssemblyReferences:
         Primary reference "System.Diagnostics.Contracts, Version=8.0.0.0, Culture=neutral, PublicKeyToken=b03f5f7f11d50a3a".
   2:6>_CopyFilesMarkedCopyLocal:
         Did not copy from file "/Users/dacanetdev/.nuget/packages/microsoft.testplatform.objectmodel/17.8.0/lib/netcoreapp3.1/fr/Microsoft.TestPlatform.CoreUtilities.resources.dll" to file "bin/Debug/net8.0/fr/Microsoft.TestPlatform.CoreUtilities.resources.dll" because the "SkipUnchangedFiles" parameter was set to "true" in the project and the files' sizes and timestamps match.
  10:6>Target "_CheckMicrosoftNetCompilersToolsetFrameworkPackageReference" skipped, due to false condition; ('$(MSBuildRuntimeType)' == 'Full') was evaluated as ('Core' == 'Full').
   6:6>ResolveAssemblyReferences:
             Resolved file path is "/Users/dacanetdev/.nuget/packages/microsoft.netcore.app.ref/8.0.13/ref/net8.0/System.Diagnostics.Contracts.dll".
   5:6>_CopyFilesMarkedCopyLocal:
         Did not copy from file "/Users/dacanetdev/.nuget/packages/microsoft.testplatform.objectmodel/17.8.0/lib/netcoreapp3.1/fr/Microsoft.VisualStudio.TestPlatform.ObjectModel.resources.dll" to file "bin/Debug/net8.0/fr/Microsoft.VisualStudio.TestPlatform.ObjectModel.resources.dll" because the "SkipUnchangedFiles" parameter was set to "true" in the project and the files' sizes and timestamps match.
   6:6>ResolveAssemblyReferences:
             Reference found at search path location "{RawFileName}".
   2:6>_CopyFilesMarkedCopyLocal:
         Did not copy from file "/Users/dacanetdev/.nuget/packages/microsoft.testplatform.objectmodel/17.8.0/lib/netcoreapp3.1/it/Microsoft.TestPlatform.CoreUtilities.resources.dll" to file "bin/Debug/net8.0/it/Microsoft.TestPlatform.CoreUtilities.resources.dll" because the "SkipUnchangedFiles" parameter was set to "true" in the project and the files' sizes and timestamps match.
   5:6>_CopyFilesMarkedCopyLocal:
         Did not copy from file "/Users/dacanetdev/.nuget/packages/microsoft.testplatform.objectmodel/17.8.0/lib/netcoreapp3.1/it/Microsoft.TestPlatform.CoreUtilities.resources.dll" to file "bin/Debug/net8.0/it/Microsoft.TestPlatform.CoreUtilities.resources.dll" because the "SkipUnchangedFiles" parameter was set to "true" in the project and the files' sizes and timestamps match.
   6:6>ResolveAssemblyReferences:
             This reference is not "CopyLocal" because at least one source item had "Private" set to "false" and no source items had "Private" set to "true".
   2:6>_CopyFilesMarkedCopyLocal:
         Did not copy from file "/Users/dacanetdev/.nuget/packages/microsoft.testplatform.objectmodel/17.8.0/lib/netcoreapp3.1/it/Microsoft.VisualStudio.TestPlatform.ObjectModel.resources.dll" to file "bin/Debug/net8.0/it/Microsoft.VisualStudio.TestPlatform.ObjectModel.resources.dll" because the "SkipUnchangedFiles" parameter was set to "true" in the project and the files' sizes and timestamps match.
   6:6>ResolveAssemblyReferences:
             The ImageRuntimeVersion for this reference is "".
   5:6>_CopyFilesMarkedCopyLocal:
         Did not copy from file "/Users/dacanetdev/.nuget/packages/microsoft.testplatform.objectmodel/17.8.0/lib/netcoreapp3.1/ja/Microsoft.TestPlatform.CoreUtilities.resources.dll" to file "bin/Debug/net8.0/ja/Microsoft.TestPlatform.CoreUtilities.resources.dll" because the "SkipUnchangedFiles" parameter was set to "true" in the project and the files' sizes and timestamps match.
   2:6>_CopyFilesMarkedCopyLocal:
         Did not copy from file "/Users/dacanetdev/.nuget/packages/microsoft.testplatform.objectmodel/17.8.0/lib/netcoreapp3.1/ja/Microsoft.TestPlatform.CoreUtilities.resources.dll" to file "bin/Debug/net8.0/ja/Microsoft.TestPlatform.CoreUtilities.resources.dll" because the "SkipUnchangedFiles" parameter was set to "true" in the project and the files' sizes and timestamps match.
   6:6>ResolveAssemblyReferences:
         Primary reference "System.Diagnostics.Debug, Version=8.0.0.0, Culture=neutral, PublicKeyToken=b03f5f7f11d50a3a".
   5:6>_CopyFilesMarkedCopyLocal:
         Did not copy from file "/Users/dacanetdev/.nuget/packages/microsoft.testplatform.objectmodel/17.8.0/lib/netcoreapp3.1/ko/Microsoft.VisualStudio.TestPlatform.ObjectModel.resources.dll" to file "bin/Debug/net8.0/ko/Microsoft.VisualStudio.TestPlatform.ObjectModel.resources.dll" because the "SkipUnchangedFiles" parameter was set to "true" in the project and the files' sizes and timestamps match.
  10:6>Target "_CheckForObsoleteDotNetCliToolReferences" in file "/usr/local/share/dotnet/sdk/9.0.200/Sdks/Microsoft.NET.Sdk/targets/Microsoft.NET.ObsoleteReferences.targets" from project "/Users/dacanetdev/Dev/AIGenerated/RoadmapSkills/src/Shared/DeventSoft.RoadmapSkills.Shared.Domain/DeventSoft.RoadmapSkills.Shared.Domain.csproj" (target "CollectPackageReferences" depends on it):
  10:6>Task "NETSdkWarning" skipped, due to false condition; ( '%(_ReferenceToObsoleteDotNetCliTool.Identity)' != '' ) was evaluated as ( '' != '' ).
   6:6>ResolveAssemblyReferences:
             Resolved file path is "/Users/dacanetdev/.nuget/packages/microsoft.netcore.app.ref/8.0.13/ref/net8.0/System.Diagnostics.Debug.dll".
   2:6>_CopyFilesMarkedCopyLocal:
         Did not copy from file "/Users/dacanetdev/.nuget/packages/microsoft.testplatform.objectmodel/17.8.0/lib/netcoreapp3.1/ja/Microsoft.VisualStudio.TestPlatform.ObjectModel.resources.dll" to file "bin/Debug/net8.0/ja/Microsoft.VisualStudio.TestPlatform.ObjectModel.resources.dll" because the "SkipUnchangedFiles" parameter was set to "true" in the project and the files' sizes and timestamps match.
   6:6>ResolveAssemblyReferences:
             Reference found at search path location "{RawFileName}".
  10:6>Done building target "_CheckForObsoleteDotNetCliToolReferences" in project "DeventSoft.RoadmapSkills.Shared.Domain.csproj".
   5:6>_CopyFilesMarkedCopyLocal:
         Did not copy from file "/Users/dacanetdev/.nuget/packages/microsoft.testplatform.objectmodel/17.8.0/lib/netcoreapp3.1/ko/Microsoft.TestPlatform.CoreUtilities.resources.dll" to file "bin/Debug/net8.0/ko/Microsoft.TestPlatform.CoreUtilities.resources.dll" because the "SkipUnchangedFiles" parameter was set to "true" in the project and the files' sizes and timestamps match.
   2:6>_CopyFilesMarkedCopyLocal:
         Did not copy from file "/Users/dacanetdev/.nuget/packages/microsoft.testplatform.objectmodel/17.8.0/lib/netcoreapp3.1/ko/Microsoft.TestPlatform.CoreUtilities.resources.dll" to file "bin/Debug/net8.0/ko/Microsoft.TestPlatform.CoreUtilities.resources.dll" because the "SkipUnchangedFiles" parameter was set to "true" in the project and the files' sizes and timestamps match.
   6:6>ResolveAssemblyReferences:
             This reference is not "CopyLocal" because at least one source item had "Private" set to "false" and no source items had "Private" set to "true".
             The ImageRuntimeVersion for this reference is "".
   2:6>_CopyFilesMarkedCopyLocal:
         Did not copy from file "/Users/dacanetdev/.nuget/packages/microsoft.testplatform.objectmodel/17.8.0/lib/netcoreapp3.1/pt-BR/Microsoft.TestPlatform.CoreUtilities.resources.dll" to file "bin/Debug/net8.0/pt-BR/Microsoft.TestPlatform.CoreUtilities.resources.dll" because the "SkipUnchangedFiles" parameter was set to "true" in the project and the files' sizes and timestamps match.
   5:6>_CopyFilesMarkedCopyLocal:
         Did not copy from file "/Users/dacanetdev/.nuget/packages/microsoft.testplatform.objectmodel/17.8.0/lib/netcoreapp3.1/ja/Microsoft.VisualStudio.TestPlatform.ObjectModel.resources.dll" to file "bin/Debug/net8.0/ja/Microsoft.VisualStudio.TestPlatform.ObjectModel.resources.dll" because the "SkipUnchangedFiles" parameter was set to "true" in the project and the files' sizes and timestamps match.
  10:6>Target "CollectPackageReferences" in file "/usr/local/share/dotnet/sdk/9.0.200/NuGet.targets" from project "/Users/dacanetdev/Dev/AIGenerated/RoadmapSkills/src/Shared/DeventSoft.RoadmapSkills.Shared.Domain/DeventSoft.RoadmapSkills.Shared.Domain.csproj" (target "_GetRestoreProjectStyle" depends on it):
  10:6>Using "CheckForDuplicateNuGetItemsTask" task from assembly "/usr/local/share/dotnet/sdk/9.0.200/NuGet.Build.Tasks.dll".
   6:6>ResolveAssemblyReferences:
         Primary reference "System.Diagnostics.DiagnosticSource, Version=8.0.0.0, Culture=neutral, PublicKeyToken=cc7b13ffcd2ddd51".
   2:6>_CopyFilesMarkedCopyLocal:
         Did not copy from file "/Users/dacanetdev/.nuget/packages/microsoft.testplatform.objectmodel/17.8.0/lib/netcoreapp3.1/ko/Microsoft.VisualStudio.TestPlatform.ObjectModel.resources.dll" to file "bin/Debug/net8.0/ko/Microsoft.VisualStudio.TestPlatform.ObjectModel.resources.dll" because the "SkipUnchangedFiles" parameter was set to "true" in the project and the files' sizes and timestamps match.
   5:6>_CopyFilesMarkedCopyLocal:
         Did not copy from file "/Users/dacanetdev/.nuget/packages/microsoft.testplatform.objectmodel/17.8.0/lib/netcoreapp3.1/it/Microsoft.VisualStudio.TestPlatform.ObjectModel.resources.dll" to file "bin/Debug/net8.0/it/Microsoft.VisualStudio.TestPlatform.ObjectModel.resources.dll" because the "SkipUnchangedFiles" parameter was set to "true" in the project and the files' sizes and timestamps match.
  10:6>Task "CheckForDuplicateNuGetItemsTask"
   6:6>ResolveAssemblyReferences:
             Resolved file path is "/Users/dacanetdev/.nuget/packages/microsoft.netcore.app.ref/8.0.13/ref/net8.0/System.Diagnostics.DiagnosticSource.dll".
   5:6>_CopyFilesMarkedCopyLocal:
         Did not copy from file "/Users/dacanetdev/.nuget/packages/microsoft.testplatform.objectmodel/17.8.0/lib/netcoreapp3.1/pt-BR/Microsoft.TestPlatform.CoreUtilities.resources.dll" to file "bin/Debug/net8.0/pt-BR/Microsoft.TestPlatform.CoreUtilities.resources.dll" because the "SkipUnchangedFiles" parameter was set to "true" in the project and the files' sizes and timestamps match.
  10:6>Done executing task "CheckForDuplicateNuGetItemsTask".
   2:6>_CopyFilesMarkedCopyLocal:
         Did not copy from file "/Users/dacanetdev/.nuget/packages/microsoft.testplatform.objectmodel/17.8.0/lib/netcoreapp3.1/pl/Microsoft.TestPlatform.CoreUtilities.resources.dll" to file "bin/Debug/net8.0/pl/Microsoft.TestPlatform.CoreUtilities.resources.dll" because the "SkipUnchangedFiles" parameter was set to "true" in the project and the files' sizes and timestamps match.
   6:6>ResolveAssemblyReferences:
             Reference found at search path location "{RawFileName}".
   5:6>_CopyFilesMarkedCopyLocal:
         Did not copy from file "/Users/dacanetdev/.nuget/packages/microsoft.testplatform.objectmodel/17.8.0/lib/netcoreapp3.1/pl/Microsoft.VisualStudio.TestPlatform.ObjectModel.resources.dll" to file "bin/Debug/net8.0/pl/Microsoft.VisualStudio.TestPlatform.ObjectModel.resources.dll" because the "SkipUnchangedFiles" parameter was set to "true" in the project and the files' sizes and timestamps match.
  10:6>Done building target "CollectPackageReferences" in project "DeventSoft.RoadmapSkills.Shared.Domain.csproj".
   6:6>ResolveAssemblyReferences:
             This reference is not "CopyLocal" because at least one source item had "Private" set to "false" and no source items had "Private" set to "true".
   5:6>_CopyFilesMarkedCopyLocal:
         Did not copy from file "/Users/dacanetdev/.nuget/packages/microsoft.testplatform.objectmodel/17.8.0/lib/netcoreapp3.1/pl/Microsoft.TestPlatform.CoreUtilities.resources.dll" to file "bin/Debug/net8.0/pl/Microsoft.TestPlatform.CoreUtilities.resources.dll" because the "SkipUnchangedFiles" parameter was set to "true" in the project and the files' sizes and timestamps match.
   2:6>_CopyFilesMarkedCopyLocal:
         Did not copy from file "/Users/dacanetdev/.nuget/packages/microsoft.testplatform.objectmodel/17.8.0/lib/netcoreapp3.1/pl/Microsoft.VisualStudio.TestPlatform.ObjectModel.resources.dll" to file "bin/Debug/net8.0/pl/Microsoft.VisualStudio.TestPlatform.ObjectModel.resources.dll" because the "SkipUnchangedFiles" parameter was set to "true" in the project and the files' sizes and timestamps match.
   6:6>ResolveAssemblyReferences:
             The ImageRuntimeVersion for this reference is "".
   5:6>_CopyFilesMarkedCopyLocal:
         Did not copy from file "/Users/dacanetdev/.nuget/packages/microsoft.testplatform.objectmodel/17.8.0/lib/netcoreapp3.1/pt-BR/Microsoft.VisualStudio.TestPlatform.ObjectModel.resources.dll" to file "bin/Debug/net8.0/pt-BR/Microsoft.VisualStudio.TestPlatform.ObjectModel.resources.dll" because the "SkipUnchangedFiles" parameter was set to "true" in the project and the files' sizes and timestamps match.
   2:6>_CopyFilesMarkedCopyLocal:
         Did not copy from file "/Users/dacanetdev/.nuget/packages/microsoft.testplatform.objectmodel/17.8.0/lib/netcoreapp3.1/pt-BR/Microsoft.VisualStudio.TestPlatform.ObjectModel.resources.dll" to file "bin/Debug/net8.0/pt-BR/Microsoft.VisualStudio.TestPlatform.ObjectModel.resources.dll" because the "SkipUnchangedFiles" parameter was set to "true" in the project and the files' sizes and timestamps match.
   6:6>ResolveAssemblyReferences:
         Primary reference "System.Diagnostics.FileVersionInfo, Version=8.0.0.0, Culture=neutral, PublicKeyToken=b03f5f7f11d50a3a".
   5:6>_CopyFilesMarkedCopyLocal:
         Did not copy from file "/Users/dacanetdev/.nuget/packages/microsoft.testplatform.objectmodel/17.8.0/lib/netcoreapp3.1/ru/Microsoft.TestPlatform.CoreUtilities.resources.dll" to file "bin/Debug/net8.0/ru/Microsoft.TestPlatform.CoreUtilities.resources.dll" because the "SkipUnchangedFiles" parameter was set to "true" in the project and the files' sizes and timestamps match.
   6:6>ResolveAssemblyReferences:
             Resolved file path is "/Users/dacanetdev/.nuget/packages/microsoft.netcore.app.ref/8.0.13/ref/net8.0/System.Diagnostics.FileVersionInfo.dll".
   5:6>_CopyFilesMarkedCopyLocal:
         Did not copy from file "/Users/dacanetdev/.nuget/packages/microsoft.testplatform.objectmodel/17.8.0/lib/netcoreapp3.1/ru/Microsoft.VisualStudio.TestPlatform.ObjectModel.resources.dll" to file "bin/Debug/net8.0/ru/Microsoft.VisualStudio.TestPlatform.ObjectModel.resources.dll" because the "SkipUnchangedFiles" parameter was set to "true" in the project and the files' sizes and timestamps match.
   6:6>ResolveAssemblyReferences:
             Reference found at search path location "{RawFileName}".
   5:6>_CopyFilesMarkedCopyLocal:
         Did not copy from file "/Users/dacanetdev/.nuget/packages/microsoft.testplatform.objectmodel/17.8.0/lib/netcoreapp3.1/tr/Microsoft.VisualStudio.TestPlatform.ObjectModel.resources.dll" to file "bin/Debug/net8.0/tr/Microsoft.VisualStudio.TestPlatform.ObjectModel.resources.dll" because the "SkipUnchangedFiles" parameter was set to "true" in the project and the files' sizes and timestamps match.
   6:6>ResolveAssemblyReferences:
             This reference is not "CopyLocal" because at least one source item had "Private" set to "false" and no source items had "Private" set to "true".
   2:6>_CopyFilesMarkedCopyLocal:
         Did not copy from file "/Users/dacanetdev/.nuget/packages/microsoft.testplatform.objectmodel/17.8.0/lib/netcoreapp3.1/ru/Microsoft.TestPlatform.CoreUtilities.resources.dll" to file "bin/Debug/net8.0/ru/Microsoft.TestPlatform.CoreUtilities.resources.dll" because the "SkipUnchangedFiles" parameter was set to "true" in the project and the files' sizes and timestamps match.
   6:6>ResolveAssemblyReferences:
             The ImageRuntimeVersion for this reference is "".
   5:6>_CopyFilesMarkedCopyLocal:
         Did not copy from file "/Users/dacanetdev/.nuget/packages/microsoft.testplatform.objectmodel/17.8.0/lib/netcoreapp3.1/tr/Microsoft.TestPlatform.CoreUtilities.resources.dll" to file "bin/Debug/net8.0/tr/Microsoft.TestPlatform.CoreUtilities.resources.dll" because the "SkipUnchangedFiles" parameter was set to "true" in the project and the files' sizes and timestamps match.
   6:6>ResolveAssemblyReferences:
         Primary reference "System.Diagnostics.Process, Version=8.0.0.0, Culture=neutral, PublicKeyToken=b03f5f7f11d50a3a".
   5:6>_CopyFilesMarkedCopyLocal:
         Did not copy from file "/Users/dacanetdev/.nuget/packages/microsoft.testplatform.objectmodel/17.8.0/lib/netcoreapp3.1/zh-Hans/Microsoft.TestPlatform.CoreUtilities.resources.dll" to file "bin/Debug/net8.0/zh-Hans/Microsoft.TestPlatform.CoreUtilities.resources.dll" because the "SkipUnchangedFiles" parameter was set to "true" in the project and the files' sizes and timestamps match.
   2:6>_CopyFilesMarkedCopyLocal:
         Did not copy from file "/Users/dacanetdev/.nuget/packages/microsoft.testplatform.objectmodel/17.8.0/lib/netcoreapp3.1/ru/Microsoft.VisualStudio.TestPlatform.ObjectModel.resources.dll" to file "bin/Debug/net8.0/ru/Microsoft.VisualStudio.TestPlatform.ObjectModel.resources.dll" because the "SkipUnchangedFiles" parameter was set to "true" in the project and the files' sizes and timestamps match.
   6:6>ResolveAssemblyReferences:
             Resolved file path is "/Users/dacanetdev/.nuget/packages/microsoft.netcore.app.ref/8.0.13/ref/net8.0/System.Diagnostics.Process.dll".
   5:6>_CopyFilesMarkedCopyLocal:
         Did not copy from file "/Users/dacanetdev/.nuget/packages/microsoft.testplatform.objectmodel/17.8.0/lib/netcoreapp3.1/zh-Hans/Microsoft.VisualStudio.TestPlatform.ObjectModel.resources.dll" to file "bin/Debug/net8.0/zh-Hans/Microsoft.VisualStudio.TestPlatform.ObjectModel.resources.dll" because the "SkipUnchangedFiles" parameter was set to "true" in the project and the files' sizes and timestamps match.
   2:6>_CopyFilesMarkedCopyLocal:
         Did not copy from file "/Users/dacanetdev/.nuget/packages/microsoft.testplatform.objectmodel/17.8.0/lib/netcoreapp3.1/tr/Microsoft.TestPlatform.CoreUtilities.resources.dll" to file "bin/Debug/net8.0/tr/Microsoft.TestPlatform.CoreUtilities.resources.dll" because the "SkipUnchangedFiles" parameter was set to "true" in the project and the files' sizes and timestamps match.
         Did not copy from file "/Users/dacanetdev/.nuget/packages/microsoft.testplatform.objectmodel/17.8.0/lib/netcoreapp3.1/tr/Microsoft.VisualStudio.TestPlatform.ObjectModel.resources.dll" to file "bin/Debug/net8.0/tr/Microsoft.VisualStudio.TestPlatform.ObjectModel.resources.dll" because the "SkipUnchangedFiles" parameter was set to "true" in the project and the files' sizes and timestamps match.
   5:6>_CopyFilesMarkedCopyLocal:
         Did not copy from file "/Users/dacanetdev/.nuget/packages/microsoft.testplatform.objectmodel/17.8.0/lib/netcoreapp3.1/zh-Hant/Microsoft.VisualStudio.TestPlatform.ObjectModel.resources.dll" to file "bin/Debug/net8.0/zh-Hant/Microsoft.VisualStudio.TestPlatform.ObjectModel.resources.dll" because the "SkipUnchangedFiles" parameter was set to "true" in the project and the files' sizes and timestamps match.
   6:6>ResolveAssemblyReferences:
             Reference found at search path location "{RawFileName}".
   2:6>_CopyFilesMarkedCopyLocal:
         Did not copy from file "/Users/dacanetdev/.nuget/packages/microsoft.testplatform.objectmodel/17.8.0/lib/netcoreapp3.1/zh-Hans/Microsoft.TestPlatform.CoreUtilities.resources.dll" to file "bin/Debug/net8.0/zh-Hans/Microsoft.TestPlatform.CoreUtilities.resources.dll" because the "SkipUnchangedFiles" parameter was set to "true" in the project and the files' sizes and timestamps match.
   6:6>ResolveAssemblyReferences:
             This reference is not "CopyLocal" because at least one source item had "Private" set to "false" and no source items had "Private" set to "true".
   5:6>_CopyFilesMarkedCopyLocal:
         Did not copy from file "/Users/dacanetdev/.nuget/packages/microsoft.testplatform.objectmodel/17.8.0/lib/netcoreapp3.1/zh-Hant/Microsoft.TestPlatform.CoreUtilities.resources.dll" to file "bin/Debug/net8.0/zh-Hant/Microsoft.TestPlatform.CoreUtilities.resources.dll" because the "SkipUnchangedFiles" parameter was set to "true" in the project and the files' sizes and timestamps match.
   6:6>ResolveAssemblyReferences:
             The ImageRuntimeVersion for this reference is "".
   2:6>_CopyFilesMarkedCopyLocal:
         Did not copy from file "/Users/dacanetdev/.nuget/packages/microsoft.testplatform.objectmodel/17.8.0/lib/netcoreapp3.1/zh-Hans/Microsoft.VisualStudio.TestPlatform.ObjectModel.resources.dll" to file "bin/Debug/net8.0/zh-Hans/Microsoft.VisualStudio.TestPlatform.ObjectModel.resources.dll" because the "SkipUnchangedFiles" parameter was set to "true" in the project and the files' sizes and timestamps match.
   5:6>_CopyFilesMarkedCopyLocal:
         Did not copy from file "/Users/dacanetdev/.nuget/packages/microsoft.testplatform.testhost/17.8.0/lib/netcoreapp3.1/cs/Microsoft.TestPlatform.CommunicationUtilities.resources.dll" to file "bin/Debug/net8.0/cs/Microsoft.TestPlatform.CommunicationUtilities.resources.dll" because the "SkipUnchangedFiles" parameter was set to "true" in the project and the files' sizes and timestamps match.
   6:6>ResolveAssemblyReferences:
         Primary reference "System.Diagnostics.StackTrace, Version=8.0.0.0, Culture=neutral, PublicKeyToken=b03f5f7f11d50a3a".
   2:6>_CopyFilesMarkedCopyLocal:
         Did not copy from file "/Users/dacanetdev/.nuget/packages/microsoft.testplatform.objectmodel/17.8.0/lib/netcoreapp3.1/zh-Hant/Microsoft.TestPlatform.CoreUtilities.resources.dll" to file "bin/Debug/net8.0/zh-Hant/Microsoft.TestPlatform.CoreUtilities.resources.dll" because the "SkipUnchangedFiles" parameter was set to "true" in the project and the files' sizes and timestamps match.
   6:6>ResolveAssemblyReferences:
             Resolved file path is "/Users/dacanetdev/.nuget/packages/microsoft.netcore.app.ref/8.0.13/ref/net8.0/System.Diagnostics.StackTrace.dll".
   5:6>_CopyFilesMarkedCopyLocal:
         Did not copy from file "/Users/dacanetdev/.nuget/packages/microsoft.testplatform.testhost/17.8.0/lib/netcoreapp3.1/cs/Microsoft.VisualStudio.TestPlatform.Common.resources.dll" to file "bin/Debug/net8.0/cs/Microsoft.VisualStudio.TestPlatform.Common.resources.dll" because the "SkipUnchangedFiles" parameter was set to "true" in the project and the files' sizes and timestamps match.
   2:6>_CopyFilesMarkedCopyLocal:
         Did not copy from file "/Users/dacanetdev/.nuget/packages/microsoft.testplatform.objectmodel/17.8.0/lib/netcoreapp3.1/zh-Hant/Microsoft.VisualStudio.TestPlatform.ObjectModel.resources.dll" to file "bin/Debug/net8.0/zh-Hant/Microsoft.VisualStudio.TestPlatform.ObjectModel.resources.dll" because the "SkipUnchangedFiles" parameter was set to "true" in the project and the files' sizes and timestamps match.
   6:6>ResolveAssemblyReferences:
             Reference found at search path location "{RawFileName}".
   5:6>_CopyFilesMarkedCopyLocal:
         Did not copy from file "/Users/dacanetdev/.nuget/packages/microsoft.testplatform.testhost/17.8.0/lib/netcoreapp3.1/de/Microsoft.TestPlatform.CommunicationUtilities.resources.dll" to file "bin/Debug/net8.0/de/Microsoft.TestPlatform.CommunicationUtilities.resources.dll" because the "SkipUnchangedFiles" parameter was set to "true" in the project and the files' sizes and timestamps match.
   2:6>_CopyFilesMarkedCopyLocal:
         Did not copy from file "/Users/dacanetdev/.nuget/packages/microsoft.testplatform.testhost/17.8.0/lib/netcoreapp3.1/cs/Microsoft.TestPlatform.CommunicationUtilities.resources.dll" to file "bin/Debug/net8.0/cs/Microsoft.TestPlatform.CommunicationUtilities.resources.dll" because the "SkipUnchangedFiles" parameter was set to "true" in the project and the files' sizes and timestamps match.
   6:6>ResolveAssemblyReferences:
             This reference is not "CopyLocal" because at least one source item had "Private" set to "false" and no source items had "Private" set to "true".
   5:6>_CopyFilesMarkedCopyLocal:
         Did not copy from file "/Users/dacanetdev/.nuget/packages/microsoft.testplatform.testhost/17.8.0/lib/netcoreapp3.1/cs/Microsoft.TestPlatform.CrossPlatEngine.resources.dll" to file "bin/Debug/net8.0/cs/Microsoft.TestPlatform.CrossPlatEngine.resources.dll" because the "SkipUnchangedFiles" parameter was set to "true" in the project and the files' sizes and timestamps match.
   2:6>_CopyFilesMarkedCopyLocal:
         Did not copy from file "/Users/dacanetdev/.nuget/packages/microsoft.testplatform.testhost/17.8.0/lib/netcoreapp3.1/cs/Microsoft.TestPlatform.CrossPlatEngine.resources.dll" to file "bin/Debug/net8.0/cs/Microsoft.TestPlatform.CrossPlatEngine.resources.dll" because the "SkipUnchangedFiles" parameter was set to "true" in the project and the files' sizes and timestamps match.
         Did not copy from file "/Users/dacanetdev/.nuget/packages/microsoft.testplatform.testhost/17.8.0/lib/netcoreapp3.1/cs/Microsoft.VisualStudio.TestPlatform.Common.resources.dll" to file "bin/Debug/net8.0/cs/Microsoft.VisualStudio.TestPlatform.Common.resources.dll" because the "SkipUnchangedFiles" parameter was set to "true" in the project and the files' sizes and timestamps match.
   6:6>ResolveAssemblyReferences:
             The ImageRuntimeVersion for this reference is "".
   5:6>_CopyFilesMarkedCopyLocal:
         Did not copy from file "/Users/dacanetdev/.nuget/packages/microsoft.testplatform.testhost/17.8.0/lib/netcoreapp3.1/de/Microsoft.TestPlatform.CrossPlatEngine.resources.dll" to file "bin/Debug/net8.0/de/Microsoft.TestPlatform.CrossPlatEngine.resources.dll" because the "SkipUnchangedFiles" parameter was set to "true" in the project and the files' sizes and timestamps match.
   2:6>_CopyFilesMarkedCopyLocal:
         Did not copy from file "/Users/dacanetdev/.nuget/packages/microsoft.testplatform.testhost/17.8.0/lib/netcoreapp3.1/de/Microsoft.TestPlatform.CrossPlatEngine.resources.dll" to file "bin/Debug/net8.0/de/Microsoft.TestPlatform.CrossPlatEngine.resources.dll" because the "SkipUnchangedFiles" parameter was set to "true" in the project and the files' sizes and timestamps match.
   6:6>ResolveAssemblyReferences:
         Primary reference "System.Diagnostics.TextWriterTraceListener, Version=8.0.0.0, Culture=neutral, PublicKeyToken=b03f5f7f11d50a3a".
   5:6>_CopyFilesMarkedCopyLocal:
         Did not copy from file "/Users/dacanetdev/.nuget/packages/microsoft.testplatform.testhost/17.8.0/lib/netcoreapp3.1/es/Microsoft.TestPlatform.CommunicationUtilities.resources.dll" to file "bin/Debug/net8.0/es/Microsoft.TestPlatform.CommunicationUtilities.resources.dll" because the "SkipUnchangedFiles" parameter was set to "true" in the project and the files' sizes and timestamps match.
   2:6>_CopyFilesMarkedCopyLocal:
         Did not copy from file "/Users/dacanetdev/.nuget/packages/microsoft.testplatform.testhost/17.8.0/lib/netcoreapp3.1/de/Microsoft.TestPlatform.CommunicationUtilities.resources.dll" to file "bin/Debug/net8.0/de/Microsoft.TestPlatform.CommunicationUtilities.resources.dll" because the "SkipUnchangedFiles" parameter was set to "true" in the project and the files' sizes and timestamps match.
   6:6>ResolveAssemblyReferences:
             Resolved file path is "/Users/dacanetdev/.nuget/packages/microsoft.netcore.app.ref/8.0.13/ref/net8.0/System.Diagnostics.TextWriterTraceListener.dll".
   5:6>_CopyFilesMarkedCopyLocal:
         Did not copy from file "/Users/dacanetdev/.nuget/packages/microsoft.testplatform.testhost/17.8.0/lib/netcoreapp3.1/de/Microsoft.VisualStudio.TestPlatform.Common.resources.dll" to file "bin/Debug/net8.0/de/Microsoft.VisualStudio.TestPlatform.Common.resources.dll" because the "SkipUnchangedFiles" parameter was set to "true" in the project and the files' sizes and timestamps match.
   6:6>ResolveAssemblyReferences:
             Reference found at search path location "{RawFileName}".
   2:6>_CopyFilesMarkedCopyLocal:
         Did not copy from file "/Users/dacanetdev/.nuget/packages/microsoft.testplatform.testhost/17.8.0/lib/netcoreapp3.1/de/Microsoft.VisualStudio.TestPlatform.Common.resources.dll" to file "bin/Debug/net8.0/de/Microsoft.VisualStudio.TestPlatform.Common.resources.dll" because the "SkipUnchangedFiles" parameter was set to "true" in the project and the files' sizes and timestamps match.
   5:6>_CopyFilesMarkedCopyLocal:
         Did not copy from file "/Users/dacanetdev/.nuget/packages/microsoft.testplatform.testhost/17.8.0/lib/netcoreapp3.1/es/Microsoft.TestPlatform.CrossPlatEngine.resources.dll" to file "bin/Debug/net8.0/es/Microsoft.TestPlatform.CrossPlatEngine.resources.dll" because the "SkipUnchangedFiles" parameter was set to "true" in the project and the files' sizes and timestamps match.
   6:6>ResolveAssemblyReferences:
             This reference is not "CopyLocal" because at least one source item had "Private" set to "false" and no source items had "Private" set to "true".
   2:6>_CopyFilesMarkedCopyLocal:
         Did not copy from file "/Users/dacanetdev/.nuget/packages/microsoft.testplatform.testhost/17.8.0/lib/netcoreapp3.1/es/Microsoft.TestPlatform.CommunicationUtilities.resources.dll" to file "bin/Debug/net8.0/es/Microsoft.TestPlatform.CommunicationUtilities.resources.dll" because the "SkipUnchangedFiles" parameter was set to "true" in the project and the files' sizes and timestamps match.
   5:6>_CopyFilesMarkedCopyLocal:
         Did not copy from file "/Users/dacanetdev/.nuget/packages/microsoft.testplatform.testhost/17.8.0/lib/netcoreapp3.1/es/Microsoft.VisualStudio.TestPlatform.Common.resources.dll" to file "bin/Debug/net8.0/es/Microsoft.VisualStudio.TestPlatform.Common.resources.dll" because the "SkipUnchangedFiles" parameter was set to "true" in the project and the files' sizes and timestamps match.
   2:6>_CopyFilesMarkedCopyLocal:
         Did not copy from file "/Users/dacanetdev/.nuget/packages/microsoft.testplatform.testhost/17.8.0/lib/netcoreapp3.1/es/Microsoft.VisualStudio.TestPlatform.Common.resources.dll" to file "bin/Debug/net8.0/es/Microsoft.VisualStudio.TestPlatform.Common.resources.dll" because the "SkipUnchangedFiles" parameter was set to "true" in the project and the files' sizes and timestamps match.
  10:6>Target "_GetRestoreProjectStyle" in file "/usr/local/share/dotnet/sdk/9.0.200/NuGet.targets" from project "/Users/dacanetdev/Dev/AIGenerated/RoadmapSkills/src/Shared/DeventSoft.RoadmapSkills.Shared.Domain/DeventSoft.RoadmapSkills.Shared.Domain.csproj" (target "EnableIntermediateOutputPathMismatchWarning" depends on it):
  10:6>Using "GetRestoreProjectStyleTask" task from assembly "/usr/local/share/dotnet/sdk/9.0.200/NuGet.Build.Tasks.dll".
   6:6>ResolveAssemblyReferences:
             The ImageRuntimeVersion for this reference is "".
   5:6>_CopyFilesMarkedCopyLocal:
         Did not copy from file "/Users/dacanetdev/.nuget/packages/microsoft.testplatform.testhost/17.8.0/lib/netcoreapp3.1/fr/Microsoft.TestPlatform.CommunicationUtilities.resources.dll" to file "bin/Debug/net8.0/fr/Microsoft.TestPlatform.CommunicationUtilities.resources.dll" because the "SkipUnchangedFiles" parameter was set to "true" in the project and the files' sizes and timestamps match.
   2:6>_CopyFilesMarkedCopyLocal:
         Did not copy from file "/Users/dacanetdev/.nuget/packages/microsoft.testplatform.testhost/17.8.0/lib/netcoreapp3.1/fr/Microsoft.TestPlatform.CommunicationUtilities.resources.dll" to file "bin/Debug/net8.0/fr/Microsoft.TestPlatform.CommunicationUtilities.resources.dll" because the "SkipUnchangedFiles" parameter was set to "true" in the project and the files' sizes and timestamps match.
  10:6>Task "GetRestoreProjectStyleTask"
   2:6>_CopyFilesMarkedCopyLocal:
         Did not copy from file "/Users/dacanetdev/.nuget/packages/microsoft.testplatform.testhost/17.8.0/lib/netcoreapp3.1/es/Microsoft.TestPlatform.CrossPlatEngine.resources.dll" to file "bin/Debug/net8.0/es/Microsoft.TestPlatform.CrossPlatEngine.resources.dll" because the "SkipUnchangedFiles" parameter was set to "true" in the project and the files' sizes and timestamps match.
   6:6>ResolveAssemblyReferences:
         Primary reference "System.Diagnostics.Tools, Version=8.0.0.0, Culture=neutral, PublicKeyToken=b03f5f7f11d50a3a".
   5:6>_CopyFilesMarkedCopyLocal:
         Did not copy from file "/Users/dacanetdev/.nuget/packages/microsoft.testplatform.testhost/17.8.0/lib/netcoreapp3.1/fr/Microsoft.TestPlatform.CrossPlatEngine.resources.dll" to file "bin/Debug/net8.0/fr/Microsoft.TestPlatform.CrossPlatEngine.resources.dll" because the "SkipUnchangedFiles" parameter was set to "true" in the project and the files' sizes and timestamps match.
   2:6>_CopyFilesMarkedCopyLocal:
         Did not copy from file "/Users/dacanetdev/.nuget/packages/microsoft.testplatform.testhost/17.8.0/lib/netcoreapp3.1/fr/Microsoft.TestPlatform.CrossPlatEngine.resources.dll" to file "bin/Debug/net8.0/fr/Microsoft.TestPlatform.CrossPlatEngine.resources.dll" because the "SkipUnchangedFiles" parameter was set to "true" in the project and the files' sizes and timestamps match.
   5:6>_CopyFilesMarkedCopyLocal:
         Did not copy from file "/Users/dacanetdev/.nuget/packages/microsoft.testplatform.testhost/17.8.0/lib/netcoreapp3.1/fr/Microsoft.VisualStudio.TestPlatform.Common.resources.dll" to file "bin/Debug/net8.0/fr/Microsoft.VisualStudio.TestPlatform.Common.resources.dll" because the "SkipUnchangedFiles" parameter was set to "true" in the project and the files' sizes and timestamps match.
   6:6>ResolveAssemblyReferences:
             Resolved file path is "/Users/dacanetdev/.nuget/packages/microsoft.netcore.app.ref/8.0.13/ref/net8.0/System.Diagnostics.Tools.dll".
   2:6>_CopyFilesMarkedCopyLocal:
         Did not copy from file "/Users/dacanetdev/.nuget/packages/microsoft.testplatform.testhost/17.8.0/lib/netcoreapp3.1/it/Microsoft.TestPlatform.CrossPlatEngine.resources.dll" to file "bin/Debug/net8.0/it/Microsoft.TestPlatform.CrossPlatEngine.resources.dll" because the "SkipUnchangedFiles" parameter was set to "true" in the project and the files' sizes and timestamps match.
   6:6>ResolveAssemblyReferences:
             Reference found at search path location "{RawFileName}".
   5:6>_CopyFilesMarkedCopyLocal:
         Did not copy from file "/Users/dacanetdev/.nuget/packages/microsoft.testplatform.testhost/17.8.0/lib/netcoreapp3.1/it/Microsoft.TestPlatform.CommunicationUtilities.resources.dll" to file "bin/Debug/net8.0/it/Microsoft.TestPlatform.CommunicationUtilities.resources.dll" because the "SkipUnchangedFiles" parameter was set to "true" in the project and the files' sizes and timestamps match.
   2:6>_CopyFilesMarkedCopyLocal:
         Did not copy from file "/Users/dacanetdev/.nuget/packages/microsoft.testplatform.testhost/17.8.0/lib/netcoreapp3.1/fr/Microsoft.VisualStudio.TestPlatform.Common.resources.dll" to file "bin/Debug/net8.0/fr/Microsoft.VisualStudio.TestPlatform.Common.resources.dll" because the "SkipUnchangedFiles" parameter was set to "true" in the project and the files' sizes and timestamps match.
   6:6>ResolveAssemblyReferences:
             This reference is not "CopyLocal" because at least one source item had "Private" set to "false" and no source items had "Private" set to "true".
   5:6>_CopyFilesMarkedCopyLocal:
         Did not copy from file "/Users/dacanetdev/.nuget/packages/microsoft.testplatform.testhost/17.8.0/lib/netcoreapp3.1/it/Microsoft.VisualStudio.TestPlatform.Common.resources.dll" to file "bin/Debug/net8.0/it/Microsoft.VisualStudio.TestPlatform.Common.resources.dll" because the "SkipUnchangedFiles" parameter was set to "true" in the project and the files' sizes and timestamps match.
   2:6>_CopyFilesMarkedCopyLocal:
         Did not copy from file "/Users/dacanetdev/.nuget/packages/microsoft.testplatform.testhost/17.8.0/lib/netcoreapp3.1/it/Microsoft.TestPlatform.CommunicationUtilities.resources.dll" to file "bin/Debug/net8.0/it/Microsoft.TestPlatform.CommunicationUtilities.resources.dll" because the "SkipUnchangedFiles" parameter was set to "true" in the project and the files' sizes and timestamps match.
   6:6>ResolveAssemblyReferences:
             The ImageRuntimeVersion for this reference is "".
   5:6>_CopyFilesMarkedCopyLocal:
         Did not copy from file "/Users/dacanetdev/.nuget/packages/microsoft.testplatform.testhost/17.8.0/lib/netcoreapp3.1/it/Microsoft.TestPlatform.CrossPlatEngine.resources.dll" to file "bin/Debug/net8.0/it/Microsoft.TestPlatform.CrossPlatEngine.resources.dll" because the "SkipUnchangedFiles" parameter was set to "true" in the project and the files' sizes and timestamps match.
   6:6>ResolveAssemblyReferences:
         Primary reference "System.Diagnostics.TraceSource, Version=8.0.0.0, Culture=neutral, PublicKeyToken=b03f5f7f11d50a3a".
   2:6>_CopyFilesMarkedCopyLocal:
         Did not copy from file "/Users/dacanetdev/.nuget/packages/microsoft.testplatform.testhost/17.8.0/lib/netcoreapp3.1/it/Microsoft.VisualStudio.TestPlatform.Common.resources.dll" to file "bin/Debug/net8.0/it/Microsoft.VisualStudio.TestPlatform.Common.resources.dll" because the "SkipUnchangedFiles" parameter was set to "true" in the project and the files' sizes and timestamps match.
   6:6>ResolveAssemblyReferences:
             Resolved file path is "/Users/dacanetdev/.nuget/packages/microsoft.netcore.app.ref/8.0.13/ref/net8.0/System.Diagnostics.TraceSource.dll".
   5:6>_CopyFilesMarkedCopyLocal:
         Did not copy from file "/Users/dacanetdev/.nuget/packages/microsoft.testplatform.testhost/17.8.0/lib/netcoreapp3.1/ja/Microsoft.VisualStudio.TestPlatform.Common.resources.dll" to file "bin/Debug/net8.0/ja/Microsoft.VisualStudio.TestPlatform.Common.resources.dll" because the "SkipUnchangedFiles" parameter was set to "true" in the project and the files' sizes and timestamps match.
   2:6>_CopyFilesMarkedCopyLocal:
         Did not copy from file "/Users/dacanetdev/.nuget/packages/microsoft.testplatform.testhost/17.8.0/lib/netcoreapp3.1/ja/Microsoft.TestPlatform.CommunicationUtilities.resources.dll" to file "bin/Debug/net8.0/ja/Microsoft.TestPlatform.CommunicationUtilities.resources.dll" because the "SkipUnchangedFiles" parameter was set to "true" in the project and the files' sizes and timestamps match.
  10:6>Done executing task "GetRestoreProjectStyleTask".
   6:6>ResolveAssemblyReferences:
             Reference found at search path location "{RawFileName}".
   5:6>_CopyFilesMarkedCopyLocal:
         Did not copy from file "/Users/dacanetdev/.nuget/packages/microsoft.testplatform.testhost/17.8.0/lib/netcoreapp3.1/ko/Microsoft.TestPlatform.CommunicationUtilities.resources.dll" to file "bin/Debug/net8.0/ko/Microsoft.TestPlatform.CommunicationUtilities.resources.dll" because the "SkipUnchangedFiles" parameter was set to "true" in the project and the files' sizes and timestamps match.
   6:6>ResolveAssemblyReferences:
             This reference is not "CopyLocal" because at least one source item had "Private" set to "false" and no source items had "Private" set to "true".
   2:6>_CopyFilesMarkedCopyLocal:
         Did not copy from file "/Users/dacanetdev/.nuget/packages/microsoft.testplatform.testhost/17.8.0/lib/netcoreapp3.1/ja/Microsoft.TestPlatform.CrossPlatEngine.resources.dll" to file "bin/Debug/net8.0/ja/Microsoft.TestPlatform.CrossPlatEngine.resources.dll" because the "SkipUnchangedFiles" parameter was set to "true" in the project and the files' sizes and timestamps match.
  10:6>Done building target "_GetRestoreProjectStyle" in project "DeventSoft.RoadmapSkills.Shared.Domain.csproj".
   5:6>_CopyFilesMarkedCopyLocal:
         Did not copy from file "/Users/dacanetdev/.nuget/packages/microsoft.testplatform.testhost/17.8.0/lib/netcoreapp3.1/ja/Microsoft.TestPlatform.CommunicationUtilities.resources.dll" to file "bin/Debug/net8.0/ja/Microsoft.TestPlatform.CommunicationUtilities.resources.dll" because the "SkipUnchangedFiles" parameter was set to "true" in the project and the files' sizes and timestamps match.
   6:6>ResolveAssemblyReferences:
             The ImageRuntimeVersion for this reference is "".
   2:6>_CopyFilesMarkedCopyLocal:
         Did not copy from file "/Users/dacanetdev/.nuget/packages/microsoft.testplatform.testhost/17.8.0/lib/netcoreapp3.1/ja/Microsoft.VisualStudio.TestPlatform.Common.resources.dll" to file "bin/Debug/net8.0/ja/Microsoft.VisualStudio.TestPlatform.Common.resources.dll" because the "SkipUnchangedFiles" parameter was set to "true" in the project and the files' sizes and timestamps match.
   6:6>ResolveAssemblyReferences:
         Primary reference "System.Diagnostics.Tracing, Version=8.0.0.0, Culture=neutral, PublicKeyToken=b03f5f7f11d50a3a".
   5:6>_CopyFilesMarkedCopyLocal:
         Did not copy from file "/Users/dacanetdev/.nuget/packages/microsoft.testplatform.testhost/17.8.0/lib/netcoreapp3.1/ja/Microsoft.TestPlatform.CrossPlatEngine.resources.dll" to file "bin/Debug/net8.0/ja/Microsoft.TestPlatform.CrossPlatEngine.resources.dll" because the "SkipUnchangedFiles" parameter was set to "true" in the project and the files' sizes and timestamps match.
   2:6>_CopyFilesMarkedCopyLocal:
         Did not copy from file "/Users/dacanetdev/.nuget/packages/microsoft.testplatform.testhost/17.8.0/lib/netcoreapp3.1/ko/Microsoft.TestPlatform.CommunicationUtilities.resources.dll" to file "bin/Debug/net8.0/ko/Microsoft.TestPlatform.CommunicationUtilities.resources.dll" because the "SkipUnchangedFiles" parameter was set to "true" in the project and the files' sizes and timestamps match.
  10:6>Target "EnableIntermediateOutputPathMismatchWarning" in file "/usr/local/share/dotnet/sdk/9.0.200/NuGet.targets" from project "/Users/dacanetdev/Dev/AIGenerated/RoadmapSkills/src/Shared/DeventSoft.RoadmapSkills.Shared.Domain/DeventSoft.RoadmapSkills.Shared.Domain.csproj" (target "_CheckForInvalidConfigurationAndPlatform" depends on it):
  10:6>Done building target "EnableIntermediateOutputPathMismatchWarning" in project "DeventSoft.RoadmapSkills.Shared.Domain.csproj".
   6:6>ResolveAssemblyReferences:
             Resolved file path is "/Users/dacanetdev/.nuget/packages/microsoft.netcore.app.ref/8.0.13/ref/net8.0/System.Diagnostics.Tracing.dll".
   5:6>_CopyFilesMarkedCopyLocal:
         Did not copy from file "/Users/dacanetdev/.nuget/packages/microsoft.testplatform.testhost/17.8.0/lib/netcoreapp3.1/ko/Microsoft.TestPlatform.CrossPlatEngine.resources.dll" to file "bin/Debug/net8.0/ko/Microsoft.TestPlatform.CrossPlatEngine.resources.dll" because the "SkipUnchangedFiles" parameter was set to "true" in the project and the files' sizes and timestamps match.
   2:6>_CopyFilesMarkedCopyLocal:
         Did not copy from file "/Users/dacanetdev/.nuget/packages/microsoft.testplatform.testhost/17.8.0/lib/netcoreapp3.1/ko/Microsoft.TestPlatform.CrossPlatEngine.resources.dll" to file "bin/Debug/net8.0/ko/Microsoft.TestPlatform.CrossPlatEngine.resources.dll" because the "SkipUnchangedFiles" parameter was set to "true" in the project and the files' sizes and timestamps match.
   6:6>ResolveAssemblyReferences:
             Reference found at search path location "{RawFileName}".
  10:6>Target "ApplyImplicitVersions" skipped, due to false condition; ('@(PackageReference)' != '') was evaluated as ('' != '').
   5:6>_CopyFilesMarkedCopyLocal:
         Did not copy from file "/Users/dacanetdev/.nuget/packages/microsoft.testplatform.testhost/17.8.0/lib/netcoreapp3.1/ko/Microsoft.VisualStudio.TestPlatform.Common.resources.dll" to file "bin/Debug/net8.0/ko/Microsoft.VisualStudio.TestPlatform.Common.resources.dll" because the "SkipUnchangedFiles" parameter was set to "true" in the project and the files' sizes and timestamps match.
   6:6>ResolveAssemblyReferences:
             This reference is not "CopyLocal" because at least one source item had "Private" set to "false" and no source items had "Private" set to "true".
   2:6>_CopyFilesMarkedCopyLocal:
         Did not copy from file "/Users/dacanetdev/.nuget/packages/microsoft.testplatform.testhost/17.8.0/lib/netcoreapp3.1/ko/Microsoft.VisualStudio.TestPlatform.Common.resources.dll" to file "bin/Debug/net8.0/ko/Microsoft.VisualStudio.TestPlatform.Common.resources.dll" because the "SkipUnchangedFiles" parameter was set to "true" in the project and the files' sizes and timestamps match.
  10:6>Target "CheckForImplicitPackageReferenceOverrides" skipped. Previously built successfully.
   6:6>ResolveAssemblyReferences:
             The ImageRuntimeVersion for this reference is "".
   5:6>_CopyFilesMarkedCopyLocal:
         Did not copy from file "/Users/dacanetdev/.nuget/packages/microsoft.testplatform.testhost/17.8.0/lib/netcoreapp3.1/pl/Microsoft.TestPlatform.CommunicationUtilities.resources.dll" to file "bin/Debug/net8.0/pl/Microsoft.TestPlatform.CommunicationUtilities.resources.dll" because the "SkipUnchangedFiles" parameter was set to "true" in the project and the files' sizes and timestamps match.
   2:6>_CopyFilesMarkedCopyLocal:
         Did not copy from file "/Users/dacanetdev/.nuget/packages/microsoft.testplatform.testhost/17.8.0/lib/netcoreapp3.1/pl/Microsoft.TestPlatform.CommunicationUtilities.resources.dll" to file "bin/Debug/net8.0/pl/Microsoft.TestPlatform.CommunicationUtilities.resources.dll" because the "SkipUnchangedFiles" parameter was set to "true" in the project and the files' sizes and timestamps match.
   6:6>ResolveAssemblyReferences:
         Primary reference "System.Drawing.Primitives, Version=8.0.0.0, Culture=neutral, PublicKeyToken=b03f5f7f11d50a3a".
   5:6>_CopyFilesMarkedCopyLocal:
         Did not copy from file "/Users/dacanetdev/.nuget/packages/microsoft.testplatform.testhost/17.8.0/lib/netcoreapp3.1/pl/Microsoft.VisualStudio.TestPlatform.Common.resources.dll" to file "bin/Debug/net8.0/pl/Microsoft.VisualStudio.TestPlatform.Common.resources.dll" because the "SkipUnchangedFiles" parameter was set to "true" in the project and the files' sizes and timestamps match.
   6:6>ResolveAssemblyReferences:
             Resolved file path is "/Users/dacanetdev/.nuget/packages/microsoft.netcore.app.ref/8.0.13/ref/net8.0/System.Drawing.Primitives.dll".
   2:6>_CopyFilesMarkedCopyLocal:
         Did not copy from file "/Users/dacanetdev/.nuget/packages/microsoft.testplatform.testhost/17.8.0/lib/netcoreapp3.1/pl/Microsoft.TestPlatform.CrossPlatEngine.resources.dll" to file "bin/Debug/net8.0/pl/Microsoft.TestPlatform.CrossPlatEngine.resources.dll" because the "SkipUnchangedFiles" parameter was set to "true" in the project and the files' sizes and timestamps match.
   6:6>ResolveAssemblyReferences:
             Reference found at search path location "{RawFileName}".
   2:6>_CopyFilesMarkedCopyLocal:
         Did not copy from file "/Users/dacanetdev/.nuget/packages/microsoft.testplatform.testhost/17.8.0/lib/netcoreapp3.1/pl/Microsoft.VisualStudio.TestPlatform.Common.resources.dll" to file "bin/Debug/net8.0/pl/Microsoft.VisualStudio.TestPlatform.Common.resources.dll" because the "SkipUnchangedFiles" parameter was set to "true" in the project and the files' sizes and timestamps match.
   5:6>_CopyFilesMarkedCopyLocal:
         Did not copy from file "/Users/dacanetdev/.nuget/packages/microsoft.testplatform.testhost/17.8.0/lib/netcoreapp3.1/pt-BR/Microsoft.TestPlatform.CommunicationUtilities.resources.dll" to file "bin/Debug/net8.0/pt-BR/Microsoft.TestPlatform.CommunicationUtilities.resources.dll" because the "SkipUnchangedFiles" parameter was set to "true" in the project and the files' sizes and timestamps match.
   6:6>ResolveAssemblyReferences:
             This reference is not "CopyLocal" because at least one source item had "Private" set to "false" and no source items had "Private" set to "true".
             The ImageRuntimeVersion for this reference is "".
   2:6>_CopyFilesMarkedCopyLocal:
         Did not copy from file "/Users/dacanetdev/.nuget/packages/microsoft.testplatform.testhost/17.8.0/lib/netcoreapp3.1/pt-BR/Microsoft.TestPlatform.CrossPlatEngine.resources.dll" to file "bin/Debug/net8.0/pt-BR/Microsoft.TestPlatform.CrossPlatEngine.resources.dll" because the "SkipUnchangedFiles" parameter was set to "true" in the project and the files' sizes and timestamps match.
   5:6>_CopyFilesMarkedCopyLocal:
         Did not copy from file "/Users/dacanetdev/.nuget/packages/microsoft.testplatform.testhost/17.8.0/lib/netcoreapp3.1/pl/Microsoft.TestPlatform.CrossPlatEngine.resources.dll" to file "bin/Debug/net8.0/pl/Microsoft.TestPlatform.CrossPlatEngine.resources.dll" because the "SkipUnchangedFiles" parameter was set to "true" in the project and the files' sizes and timestamps match.
   6:6>ResolveAssemblyReferences:
         Primary reference "System.Drawing, Version=4.0.0.0, Culture=neutral, PublicKeyToken=b03f5f7f11d50a3a".
   2:6>_CopyFilesMarkedCopyLocal:
         Did not copy from file "/Users/dacanetdev/.nuget/packages/microsoft.testplatform.testhost/17.8.0/lib/netcoreapp3.1/pt-BR/Microsoft.TestPlatform.CommunicationUtilities.resources.dll" to file "bin/Debug/net8.0/pt-BR/Microsoft.TestPlatform.CommunicationUtilities.resources.dll" because the "SkipUnchangedFiles" parameter was set to "true" in the project and the files' sizes and timestamps match.
   5:6>_CopyFilesMarkedCopyLocal:
         Did not copy from file "/Users/dacanetdev/.nuget/packages/microsoft.testplatform.testhost/17.8.0/lib/netcoreapp3.1/pt-BR/Microsoft.VisualStudio.TestPlatform.Common.resources.dll" to file "bin/Debug/net8.0/pt-BR/Microsoft.VisualStudio.TestPlatform.Common.resources.dll" because the "SkipUnchangedFiles" parameter was set to "true" in the project and the files' sizes and timestamps match.
   6:6>ResolveAssemblyReferences:
             Resolved file path is "/Users/dacanetdev/.nuget/packages/microsoft.netcore.app.ref/8.0.13/ref/net8.0/System.Drawing.dll".
   2:6>_CopyFilesMarkedCopyLocal:
         Did not copy from file "/Users/dacanetdev/.nuget/packages/microsoft.testplatform.testhost/17.8.0/lib/netcoreapp3.1/ru/Microsoft.TestPlatform.CommunicationUtilities.resources.dll" to file "bin/Debug/net8.0/ru/Microsoft.TestPlatform.CommunicationUtilities.resources.dll" because the "SkipUnchangedFiles" parameter was set to "true" in the project and the files' sizes and timestamps match.
   6:6>ResolveAssemblyReferences:
             Reference found at search path location "{RawFileName}".
  10:6>Target "CheckForDuplicateItems" in file "/usr/local/share/dotnet/sdk/9.0.200/Sdks/Microsoft.NET.Sdk/targets/Microsoft.NET.Sdk.DefaultItems.Shared.targets" from project "/Users/dacanetdev/Dev/AIGenerated/RoadmapSkills/src/Shared/DeventSoft.RoadmapSkills.Shared.Domain/DeventSoft.RoadmapSkills.Shared.Domain.csproj" (target "_CheckForInvalidConfigurationAndPlatform" depends on it):
  10:6>Using "CheckForDuplicateItems" task from assembly "/usr/local/share/dotnet/sdk/9.0.200/Sdks/Microsoft.NET.Sdk/targets/../tools/net9.0/Microsoft.NET.Build.Tasks.dll".
   6:6>ResolveAssemblyReferences:
             This reference is not "CopyLocal" because at least one source item had "Private" set to "false" and no source items had "Private" set to "true".
   2:6>_CopyFilesMarkedCopyLocal:
         Did not copy from file "/Users/dacanetdev/.nuget/packages/microsoft.testplatform.testhost/17.8.0/lib/netcoreapp3.1/pt-BR/Microsoft.VisualStudio.TestPlatform.Common.resources.dll" to file "bin/Debug/net8.0/pt-BR/Microsoft.VisualStudio.TestPlatform.Common.resources.dll" because the "SkipUnchangedFiles" parameter was set to "true" in the project and the files' sizes and timestamps match.
   5:6>_CopyFilesMarkedCopyLocal:
         Did not copy from file "/Users/dacanetdev/.nuget/packages/microsoft.testplatform.testhost/17.8.0/lib/netcoreapp3.1/ru/Microsoft.TestPlatform.CommunicationUtilities.resources.dll" to file "bin/Debug/net8.0/ru/Microsoft.TestPlatform.CommunicationUtilities.resources.dll" because the "SkipUnchangedFiles" parameter was set to "true" in the project and the files' sizes and timestamps match.
   6:6>ResolveAssemblyReferences:
             The ImageRuntimeVersion for this reference is "".
  10:6>Task "CheckForDuplicateItems"
     0>Property reassignment: $(DefaultItemExcludes)=";**\node_modules\**;node_modules\**;**\jspm_packages\**;jspm_packages\**;**\bower_components\**;bower_components\**;**\packages.lock.json;bin\Debug//**;obj\Debug//**;bin\/**" (previous value: ";**\node_modules\**;node_modules\**;**\jspm_packages\**;jspm_packages\**;**\bower_components\**;bower_components\**;**\packages.lock.json;bin\Debug//**;obj\Debug//**") at /usr/local/share/dotnet/sdk/9.0.200/Sdks/Microsoft.NET.Sdk/targets/Microsoft.NET.Sdk.DefaultItems.targets (27,5)
   6:6>ResolveAssemblyReferences:
         Primary reference "System.Dynamic.Runtime, Version=8.0.0.0, Culture=neutral, PublicKeyToken=b03f5f7f11d50a3a".
   2:6>_CopyFilesMarkedCopyLocal:
         Did not copy from file "/Users/dacanetdev/.nuget/packages/microsoft.testplatform.testhost/17.8.0/lib/netcoreapp3.1/ru/Microsoft.TestPlatform.CrossPlatEngine.resources.dll" to file "bin/Debug/net8.0/ru/Microsoft.TestPlatform.CrossPlatEngine.resources.dll" because the "SkipUnchangedFiles" parameter was set to "true" in the project and the files' sizes and timestamps match.
   5:6>_CopyFilesMarkedCopyLocal:
         Did not copy from file "/Users/dacanetdev/.nuget/packages/microsoft.testplatform.testhost/17.8.0/lib/netcoreapp3.1/pt-BR/Microsoft.TestPlatform.CrossPlatEngine.resources.dll" to file "bin/Debug/net8.0/pt-BR/Microsoft.TestPlatform.CrossPlatEngine.resources.dll" because the "SkipUnchangedFiles" parameter was set to "true" in the project and the files' sizes and timestamps match.
   6:6>ResolveAssemblyReferences:
             Resolved file path is "/Users/dacanetdev/.nuget/packages/microsoft.netcore.app.ref/8.0.13/ref/net8.0/System.Dynamic.Runtime.dll".
   5:6>_CopyFilesMarkedCopyLocal:
         Did not copy from file "/Users/dacanetdev/.nuget/packages/microsoft.testplatform.testhost/17.8.0/lib/netcoreapp3.1/ru/Microsoft.TestPlatform.CrossPlatEngine.resources.dll" to file "bin/Debug/net8.0/ru/Microsoft.TestPlatform.CrossPlatEngine.resources.dll" because the "SkipUnchangedFiles" parameter was set to "true" in the project and the files' sizes and timestamps match.
   2:6>_CopyFilesMarkedCopyLocal:
         Did not copy from file "/Users/dacanetdev/.nuget/packages/microsoft.testplatform.testhost/17.8.0/lib/netcoreapp3.1/ru/Microsoft.VisualStudio.TestPlatform.Common.resources.dll" to file "bin/Debug/net8.0/ru/Microsoft.VisualStudio.TestPlatform.Common.resources.dll" because the "SkipUnchangedFiles" parameter was set to "true" in the project and the files' sizes and timestamps match.
   6:6>ResolveAssemblyReferences:
             Reference found at search path location "{RawFileName}".
   5:6>_CopyFilesMarkedCopyLocal:
         Did not copy from file "/Users/dacanetdev/.nuget/packages/microsoft.testplatform.testhost/17.8.0/lib/netcoreapp3.1/tr/Microsoft.TestPlatform.CrossPlatEngine.resources.dll" to file "bin/Debug/net8.0/tr/Microsoft.TestPlatform.CrossPlatEngine.resources.dll" because the "SkipUnchangedFiles" parameter was set to "true" in the project and the files' sizes and timestamps match.
   6:6>ResolveAssemblyReferences:
             This reference is not "CopyLocal" because at least one source item had "Private" set to "false" and no source items had "Private" set to "true".
   2:6>_CopyFilesMarkedCopyLocal:
         Did not copy from file "/Users/dacanetdev/.nuget/packages/microsoft.testplatform.testhost/17.8.0/lib/netcoreapp3.1/tr/Microsoft.TestPlatform.CrossPlatEngine.resources.dll" to file "bin/Debug/net8.0/tr/Microsoft.TestPlatform.CrossPlatEngine.resources.dll" because the "SkipUnchangedFiles" parameter was set to "true" in the project and the files' sizes and timestamps match.
   5:6>_CopyFilesMarkedCopyLocal:
         Did not copy from file "/Users/dacanetdev/.nuget/packages/microsoft.testplatform.testhost/17.8.0/lib/netcoreapp3.1/tr/Microsoft.TestPlatform.CommunicationUtilities.resources.dll" to file "bin/Debug/net8.0/tr/Microsoft.TestPlatform.CommunicationUtilities.resources.dll" because the "SkipUnchangedFiles" parameter was set to "true" in the project and the files' sizes and timestamps match.
   6:6>ResolveAssemblyReferences:
             The ImageRuntimeVersion for this reference is "".
   2:6>_CopyFilesMarkedCopyLocal:
         Did not copy from file "/Users/dacanetdev/.nuget/packages/microsoft.testplatform.testhost/17.8.0/lib/netcoreapp3.1/tr/Microsoft.TestPlatform.CommunicationUtilities.resources.dll" to file "bin/Debug/net8.0/tr/Microsoft.TestPlatform.CommunicationUtilities.resources.dll" because the "SkipUnchangedFiles" parameter was set to "true" in the project and the files' sizes and timestamps match.
   6:6>ResolveAssemblyReferences:
         Primary reference "System.Formats.Asn1, Version=8.0.0.0, Culture=neutral, PublicKeyToken=cc7b13ffcd2ddd51".
   5:6>_CopyFilesMarkedCopyLocal:
         Did not copy from file "/Users/dacanetdev/.nuget/packages/microsoft.testplatform.testhost/17.8.0/lib/netcoreapp3.1/ru/Microsoft.VisualStudio.TestPlatform.Common.resources.dll" to file "bin/Debug/net8.0/ru/Microsoft.VisualStudio.TestPlatform.Common.resources.dll" because the "SkipUnchangedFiles" parameter was set to "true" in the project and the files' sizes and timestamps match.
   2:6>_CopyFilesMarkedCopyLocal:
         Did not copy from file "/Users/dacanetdev/.nuget/packages/microsoft.testplatform.testhost/17.8.0/lib/netcoreapp3.1/tr/Microsoft.VisualStudio.TestPlatform.Common.resources.dll" to file "bin/Debug/net8.0/tr/Microsoft.VisualStudio.TestPlatform.Common.resources.dll" because the "SkipUnchangedFiles" parameter was set to "true" in the project and the files' sizes and timestamps match.
   6:6>ResolveAssemblyReferences:
             Resolved file path is "/Users/dacanetdev/.nuget/packages/microsoft.netcore.app.ref/8.0.13/ref/net8.0/System.Formats.Asn1.dll".
   5:6>_CopyFilesMarkedCopyLocal:
         Did not copy from file "/Users/dacanetdev/.nuget/packages/microsoft.testplatform.testhost/17.8.0/lib/netcoreapp3.1/tr/Microsoft.VisualStudio.TestPlatform.Common.resources.dll" to file "bin/Debug/net8.0/tr/Microsoft.VisualStudio.TestPlatform.Common.resources.dll" because the "SkipUnchangedFiles" parameter was set to "true" in the project and the files' sizes and timestamps match.
   6:6>ResolveAssemblyReferences:
             Reference found at search path location "{RawFileName}".
   2:6>_CopyFilesMarkedCopyLocal:
         Did not copy from file "/Users/dacanetdev/.nuget/packages/microsoft.testplatform.testhost/17.8.0/lib/netcoreapp3.1/zh-Hans/Microsoft.TestPlatform.CommunicationUtilities.resources.dll" to file "bin/Debug/net8.0/zh-Hans/Microsoft.TestPlatform.CommunicationUtilities.resources.dll" because the "SkipUnchangedFiles" parameter was set to "true" in the project and the files' sizes and timestamps match.
   5:6>_CopyFilesMarkedCopyLocal:
         Did not copy from file "/Users/dacanetdev/.nuget/packages/microsoft.testplatform.testhost/17.8.0/lib/netcoreapp3.1/zh-Hans/Microsoft.TestPlatform.CommunicationUtilities.resources.dll" to file "bin/Debug/net8.0/zh-Hans/Microsoft.TestPlatform.CommunicationUtilities.resources.dll" because the "SkipUnchangedFiles" parameter was set to "true" in the project and the files' sizes and timestamps match.
   6:6>ResolveAssemblyReferences:
             This reference is not "CopyLocal" because at least one source item had "Private" set to "false" and no source items had "Private" set to "true".
   2:6>_CopyFilesMarkedCopyLocal:
         Did not copy from file "/Users/dacanetdev/.nuget/packages/microsoft.testplatform.testhost/17.8.0/lib/netcoreapp3.1/zh-Hans/Microsoft.TestPlatform.CrossPlatEngine.resources.dll" to file "bin/Debug/net8.0/zh-Hans/Microsoft.TestPlatform.CrossPlatEngine.resources.dll" because the "SkipUnchangedFiles" parameter was set to "true" in the project and the files' sizes and timestamps match.
   6:6>ResolveAssemblyReferences:
             The ImageRuntimeVersion for this reference is "".
   5:6>_CopyFilesMarkedCopyLocal:
         Did not copy from file "/Users/dacanetdev/.nuget/packages/microsoft.testplatform.testhost/17.8.0/lib/netcoreapp3.1/zh-Hans/Microsoft.TestPlatform.CrossPlatEngine.resources.dll" to file "bin/Debug/net8.0/zh-Hans/Microsoft.TestPlatform.CrossPlatEngine.resources.dll" because the "SkipUnchangedFiles" parameter was set to "true" in the project and the files' sizes and timestamps match.
   2:6>_CopyFilesMarkedCopyLocal:
         Did not copy from file "/Users/dacanetdev/.nuget/packages/microsoft.testplatform.testhost/17.8.0/lib/netcoreapp3.1/zh-Hans/Microsoft.VisualStudio.TestPlatform.Common.resources.dll" to file "bin/Debug/net8.0/zh-Hans/Microsoft.VisualStudio.TestPlatform.Common.resources.dll" because the "SkipUnchangedFiles" parameter was set to "true" in the project and the files' sizes and timestamps match.
   5:6>_CopyFilesMarkedCopyLocal:
         Did not copy from file "/Users/dacanetdev/.nuget/packages/microsoft.testplatform.testhost/17.8.0/lib/netcoreapp3.1/zh-Hant/Microsoft.VisualStudio.TestPlatform.Common.resources.dll" to file "bin/Debug/net8.0/zh-Hant/Microsoft.VisualStudio.TestPlatform.Common.resources.dll" because the "SkipUnchangedFiles" parameter was set to "true" in the project and the files' sizes and timestamps match.
   2:6>_CopyFilesMarkedCopyLocal:
         Did not copy from file "/Users/dacanetdev/.nuget/packages/microsoft.testplatform.testhost/17.8.0/lib/netcoreapp3.1/zh-Hant/Microsoft.TestPlatform.CommunicationUtilities.resources.dll" to file "bin/Debug/net8.0/zh-Hant/Microsoft.TestPlatform.CommunicationUtilities.resources.dll" because the "SkipUnchangedFiles" parameter was set to "true" in the project and the files' sizes and timestamps match.
   5:6>_CopyFilesMarkedCopyLocal:
         Did not copy from file "/Users/dacanetdev/.nuget/packages/microsoft.testplatform.testhost/17.8.0/lib/netcoreapp3.1/zh-Hans/Microsoft.VisualStudio.TestPlatform.Common.resources.dll" to file "bin/Debug/net8.0/zh-Hans/Microsoft.VisualStudio.TestPlatform.Common.resources.dll" because the "SkipUnchangedFiles" parameter was set to "true" in the project and the files' sizes and timestamps match.
   2:6>_CopyFilesMarkedCopyLocal:
         Did not copy from file "/Users/dacanetdev/.nuget/packages/microsoft.testplatform.testhost/17.8.0/lib/netcoreapp3.1/zh-Hant/Microsoft.TestPlatform.CrossPlatEngine.resources.dll" to file "bin/Debug/net8.0/zh-Hant/Microsoft.TestPlatform.CrossPlatEngine.resources.dll" because the "SkipUnchangedFiles" parameter was set to "true" in the project and the files' sizes and timestamps match.
   6:6>ResolveAssemblyReferences:
         Primary reference "System.Formats.Tar, Version=8.0.0.0, Culture=neutral, PublicKeyToken=cc7b13ffcd2ddd51".
   5:6>_CopyFilesMarkedCopyLocal:
         Did not copy from file "/Users/dacanetdev/.nuget/packages/microsoft.testplatform.testhost/17.8.0/lib/netcoreapp3.1/zh-Hant/Microsoft.TestPlatform.CommunicationUtilities.resources.dll" to file "bin/Debug/net8.0/zh-Hant/Microsoft.TestPlatform.CommunicationUtilities.resources.dll" because the "SkipUnchangedFiles" parameter was set to "true" in the project and the files' sizes and timestamps match.
   2:6>_CopyFilesMarkedCopyLocal:
         Did not copy from file "/Users/dacanetdev/.nuget/packages/microsoft.testplatform.testhost/17.8.0/lib/netcoreapp3.1/zh-Hant/Microsoft.VisualStudio.TestPlatform.Common.resources.dll" to file "bin/Debug/net8.0/zh-Hant/Microsoft.VisualStudio.TestPlatform.Common.resources.dll" because the "SkipUnchangedFiles" parameter was set to "true" in the project and the files' sizes and timestamps match.
   5:6>_CopyFilesMarkedCopyLocal:
         Did not copy from file "/Users/dacanetdev/.nuget/packages/microsoft.testplatform.testhost/17.8.0/lib/netcoreapp3.1/zh-Hant/Microsoft.TestPlatform.CrossPlatEngine.resources.dll" to file "bin/Debug/net8.0/zh-Hant/Microsoft.TestPlatform.CrossPlatEngine.resources.dll" because the "SkipUnchangedFiles" parameter was set to "true" in the project and the files' sizes and timestamps match.
   6:6>ResolveAssemblyReferences:
             Resolved file path is "/Users/dacanetdev/.nuget/packages/microsoft.netcore.app.ref/8.0.13/ref/net8.0/System.Formats.Tar.dll".
   2:6>_CopyFilesMarkedCopyLocal:
         Did not copy from file "/Users/dacanetdev/.nuget/packages/microsoft.testplatform.testhost/17.8.0/lib/netcoreapp3.1/Microsoft.TestPlatform.CommunicationUtilities.dll" to file "bin/Debug/net8.0/Microsoft.TestPlatform.CommunicationUtilities.dll" because the "SkipUnchangedFiles" parameter was set to "true" in the project and the files' sizes and timestamps match.
   5:6>Done executing task "Copy".
   2:6>Done executing task "Copy".
   5:6>_CopyFilesMarkedCopyLocal:
       Task "Touch" skipped, due to false condition; ('@(ReferencesCopiedInThisBuild)' != '' and '$(WroteAtLeastOneFile)' == 'true') was evaluated as ('bin/Debug/net8.0/Microsoft.VisualStudio.CodeCoverage.Shim.dll;bin/Debug/net8.0/Microsoft.TestPlatform.CoreUtilities.dll;bin/Debug/net8.0/Microsoft.TestPlatform.PlatformAbstractions.dll;...' != '' and 'False' == 'true').
   2:6>_CopyFilesMarkedCopyLocal:
       Task "Touch" skipped, due to false condition; ('@(ReferencesCopiedInThisBuild)' != '' and '$(WroteAtLeastOneFile)' == 'true') was evaluated as ('bin/Debug/net8.0/Microsoft.VisualStudio.CodeCoverage.Shim.dll;bin/Debug/net8.0/Microsoft.TestPlatform.CoreUtilities.dll;bin/Debug/net8.0/Microsoft.TestPlatform.PlatformAbstractions.dll;...' != '' and 'False' == 'true').
   5:6>Done building target "_CopyFilesMarkedCopyLocal" in project "DeventSoft.RoadmapSkills.Users.UnitTests.csproj".
   2:6>Done building target "_CopyFilesMarkedCopyLocal" in project "DeventSoft.RoadmapSkills.Users.IntegrationTests.csproj".
   5:6>Target "AssignTargetPaths" skipped. Previously built successfully.
     0>Property reassignment: $(DefaultItemExcludes)=";**\node_modules\**;node_modules\**;**\jspm_packages\**;jspm_packages\**;**\bower_components\**;bower_components\**;**\packages.lock.json;bin\Debug//**;obj\Debug//**;bin\/**;obj\/**" (previous value: ";**\node_modules\**;node_modules\**;**\jspm_packages\**;jspm_packages\**;**\bower_components\**;bower_components\**;**\packages.lock.json;bin\Debug//**;obj\Debug//**;bin\/**") at /usr/local/share/dotnet/sdk/9.0.200/Sdks/Microsoft.NET.Sdk/targets/Microsoft.NET.Sdk.DefaultItems.targets (29,5)
   2:6>Target "AssignTargetPaths" skipped. Previously built successfully.
   5:6>Target "AssignProjectConfiguration" skipped. Previously built successfully.
   2:6>Target "AssignProjectConfiguration" skipped. Previously built successfully.
   6:6>ResolveAssemblyReferences:
             Reference found at search path location "{RawFileName}".
   5:6>Target "_SplitProjectReferencesByFileExistence" skipped. Previously built successfully.
   2:6>Target "_SplitProjectReferencesByFileExistence" skipped. Previously built successfully.
   6:6>ResolveAssemblyReferences:
             This reference is not "CopyLocal" because at least one source item had "Private" set to "false" and no source items had "Private" set to "true".
   2:6>Target "_GetProjectReferenceTargetFrameworkProperties" skipped. Previously built successfully.
   6:6>ResolveAssemblyReferences:
             The ImageRuntimeVersion for this reference is "".
   5:6>Target "_GetProjectReferenceTargetFrameworkProperties" skipped. Previously built successfully.
   6:6>ResolveAssemblyReferences:
         Primary reference "System.Globalization.Calendars, Version=8.0.0.0, Culture=neutral, PublicKeyToken=b03f5f7f11d50a3a".
   2:6>Target "_PopulateCommonStateForGetCopyToOutputDirectoryItems" in file "/usr/local/share/dotnet/sdk/9.0.200/Microsoft.Common.CurrentVersion.targets" from project "/Users/dacanetdev/Dev/AIGenerated/RoadmapSkills/tests/Modules/Users/DeventSoft.RoadmapSkills.Users.IntegrationTests/DeventSoft.RoadmapSkills.Users.IntegrationTests.csproj" (target "GetCopyToOutputDirectoryItems" depends on it):
   2:6>Done building target "_PopulateCommonStateForGetCopyToOutputDirectoryItems" in project "DeventSoft.RoadmapSkills.Users.IntegrationTests.csproj".
   6:6>ResolveAssemblyReferences:
             Resolved file path is "/Users/dacanetdev/.nuget/packages/microsoft.netcore.app.ref/8.0.13/ref/net8.0/System.Globalization.Calendars.dll".
   5:6>Target "_PopulateCommonStateForGetCopyToOutputDirectoryItems" in file "/usr/local/share/dotnet/sdk/9.0.200/Microsoft.Common.CurrentVersion.targets" from project "/Users/dacanetdev/Dev/AIGenerated/RoadmapSkills/tests/Modules/Users/DeventSoft.RoadmapSkills.Users.UnitTests/DeventSoft.RoadmapSkills.Users.UnitTests.csproj" (target "GetCopyToOutputDirectoryItems" depends on it):
   5:6>Done building target "_PopulateCommonStateForGetCopyToOutputDirectoryItems" in project "DeventSoft.RoadmapSkills.Users.UnitTests.csproj".
     0>Property reassignment: $(DefaultItemExcludes)=";**\node_modules\**;node_modules\**;**\jspm_packages\**;jspm_packages\**;**\bower_components\**;bower_components\**;**\packages.lock.json;bin\Debug//**;obj\Debug//**;bin\/**;obj\/**;**/*.user" (previous value: ";**\node_modules\**;node_modules\**;**\jspm_packages\**;jspm_packages\**;**\bower_components\**;bower_components\**;**\packages.lock.json;bin\Debug//**;obj\Debug//**;bin\/**;obj\/**") at /usr/local/share/dotnet/sdk/9.0.200/Sdks/Microsoft.NET.Sdk/targets/Microsoft.NET.Sdk.DefaultItems.targets (32,5)
   6:6>ResolveAssemblyReferences:
             Reference found at search path location "{RawFileName}".
   2:6>Target "AddDepsJsonAndRuntimeConfigToCopyItemsForReferencingProjects" in file "/usr/local/share/dotnet/sdk/9.0.200/Sdks/Microsoft.NET.Sdk/targets/Microsoft.NET.Sdk.targets" from project "/Users/dacanetdev/Dev/AIGenerated/RoadmapSkills/tests/Modules/Users/DeventSoft.RoadmapSkills.Users.IntegrationTests/DeventSoft.RoadmapSkills.Users.IntegrationTests.csproj" (target "GetCopyToOutputDirectoryItems" depends on it):
   2:6>Done building target "AddDepsJsonAndRuntimeConfigToCopyItemsForReferencingProjects" in project "DeventSoft.RoadmapSkills.Users.IntegrationTests.csproj".
   5:6>Target "AddDepsJsonAndRuntimeConfigToCopyItemsForReferencingProjects" in file "/usr/local/share/dotnet/sdk/9.0.200/Sdks/Microsoft.NET.Sdk/targets/Microsoft.NET.Sdk.targets" from project "/Users/dacanetdev/Dev/AIGenerated/RoadmapSkills/tests/Modules/Users/DeventSoft.RoadmapSkills.Users.UnitTests/DeventSoft.RoadmapSkills.Users.UnitTests.csproj" (target "GetCopyToOutputDirectoryItems" depends on it):
   5:6>Done building target "AddDepsJsonAndRuntimeConfigToCopyItemsForReferencingProjects" in project "DeventSoft.RoadmapSkills.Users.UnitTests.csproj".
   2:6>Target "GetCopyToOutputDirectoryItems" in file "/usr/local/share/dotnet/sdk/9.0.200/Microsoft.Common.CurrentVersion.targets" from project "/Users/dacanetdev/Dev/AIGenerated/RoadmapSkills/tests/Modules/Users/DeventSoft.RoadmapSkills.Users.IntegrationTests/DeventSoft.RoadmapSkills.Users.IntegrationTests.csproj" (target "_CopySourceItemsToOutputDirectory" depends on it):
   2:6>Using "CallTarget" task from assembly "Microsoft.Build.Tasks.Core, Version=15.1.0.0, Culture=neutral, PublicKeyToken=b03f5f7f11d50a3a".
   6:6>ResolveAssemblyReferences:
             This reference is not "CopyLocal" because at least one source item had "Private" set to "false" and no source items had "Private" set to "true".
   2:6>Task "CallTarget"
   5:6>Target "GetCopyToOutputDirectoryItems" in file "/usr/local/share/dotnet/sdk/9.0.200/Microsoft.Common.CurrentVersion.targets" from project "/Users/dacanetdev/Dev/AIGenerated/RoadmapSkills/tests/Modules/Users/DeventSoft.RoadmapSkills.Users.UnitTests/DeventSoft.RoadmapSkills.Users.UnitTests.csproj" (target "_CopySourceItemsToOutputDirectory" depends on it):
   5:6>Using "CallTarget" task from assembly "Microsoft.Build.Tasks.Core, Version=15.1.0.0, Culture=neutral, PublicKeyToken=b03f5f7f11d50a3a".
   2:6>Target "_PopulateCommonStateForGetCopyToOutputDirectoryItems" skipped. Previously built successfully.
   6:6>ResolveAssemblyReferences:
             The ImageRuntimeVersion for this reference is "".
   5:6>Task "CallTarget"
   2:6>Target "_AddOutputPathToGlobalPropertiesToRemove" skipped. Previously built successfully.
   6:6>ResolveAssemblyReferences:
         Primary reference "System.Globalization.Extensions, Version=8.0.0.0, Culture=neutral, PublicKeyToken=b03f5f7f11d50a3a".
   5:6>Target "_PopulateCommonStateForGetCopyToOutputDirectoryItems" skipped. Previously built successfully.
   6:6>ResolveAssemblyReferences:
             Resolved file path is "/Users/dacanetdev/.nuget/packages/microsoft.netcore.app.ref/8.0.13/ref/net8.0/System.Globalization.Extensions.dll".
   5:6>Target "_AddOutputPathToGlobalPropertiesToRemove" skipped. Previously built successfully.
   2:6>Target "_GetCopyToOutputDirectoryItemsFromTransitiveProjectReferences" in file "/usr/local/share/dotnet/sdk/9.0.200/Microsoft.Common.CurrentVersion.targets" from project "/Users/dacanetdev/Dev/AIGenerated/RoadmapSkills/tests/Modules/Users/DeventSoft.RoadmapSkills.Users.IntegrationTests/DeventSoft.RoadmapSkills.Users.IntegrationTests.csproj" (target "GetCopyToOutputDirectoryItems" depends on it):
   2:6>Task "MSBuild" skipped, due to false condition; ('@(_MSBuildProjectReferenceExistent)' != '' and '$(_GetChildProjectCopyToOutputDirectoryItems)' == 'true' and '%(_MSBuildProjectReferenceExistent.Private)' != 'false' and '$(UseCommonOutputDirectory)' != 'true') was evaluated as ('' != '' and 'true' == 'true' and '' != 'false' and 'false' != 'true').
     0>Property reassignment: $(DefaultItemExcludes)=";**\node_modules\**;node_modules\**;**\jspm_packages\**;jspm_packages\**;**\bower_components\**;bower_components\**;**\packages.lock.json;bin\Debug//**;obj\Debug//**;bin\/**;obj\/**;**/*.user;**/*.*proj" (previous value: ";**\node_modules\**;node_modules\**;**\jspm_packages\**;jspm_packages\**;**\bower_components\**;bower_components\**;**\packages.lock.json;bin\Debug//**;obj\Debug//**;bin\/**;obj\/**;**/*.user") at /usr/local/share/dotnet/sdk/9.0.200/Sdks/Microsoft.NET.Sdk/targets/Microsoft.NET.Sdk.DefaultItems.targets (33,5)
   6:6>ResolveAssemblyReferences:
             Reference found at search path location "{RawFileName}".
   2:6>Task "AssignTargetPath"
   5:6>Target "_GetCopyToOutputDirectoryItemsFromTransitiveProjectReferences" in file "/usr/local/share/dotnet/sdk/9.0.200/Microsoft.Common.CurrentVersion.targets" from project "/Users/dacanetdev/Dev/AIGenerated/RoadmapSkills/tests/Modules/Users/DeventSoft.RoadmapSkills.Users.UnitTests/DeventSoft.RoadmapSkills.Users.UnitTests.csproj" (target "GetCopyToOutputDirectoryItems" depends on it):
   5:6>Task "MSBuild" skipped, due to false condition; ('@(_MSBuildProjectReferenceExistent)' != '' and '$(_GetChildProjectCopyToOutputDirectoryItems)' == 'true' and '%(_MSBuildProjectReferenceExistent.Private)' != 'false' and '$(UseCommonOutputDirectory)' != 'true') was evaluated as ('' != '' and 'true' == 'true' and '' != 'false' and 'false' != 'true').
   6:6>ResolveAssemblyReferences:
             This reference is not "CopyLocal" because at least one source item had "Private" set to "false" and no source items had "Private" set to "true".
   2:6>Done executing task "AssignTargetPath".
   5:6>Task "AssignTargetPath"
   6:6>ResolveAssemblyReferences:
             The ImageRuntimeVersion for this reference is "".
   2:6>Done building target "_GetCopyToOutputDirectoryItemsFromTransitiveProjectReferences" in project "DeventSoft.RoadmapSkills.Users.IntegrationTests.csproj".
   5:6>Done executing task "AssignTargetPath".
   6:6>ResolveAssemblyReferences:
         Primary reference "System.Globalization, Version=8.0.0.0, Culture=neutral, PublicKeyToken=b03f5f7f11d50a3a".
   2:6>Done executing task "CallTarget".
   5:6>Done building target "_GetCopyToOutputDirectoryItemsFromTransitiveProjectReferences" in project "DeventSoft.RoadmapSkills.Users.UnitTests.csproj".
   6:6>ResolveAssemblyReferences:
             Resolved file path is "/Users/dacanetdev/.nuget/packages/microsoft.netcore.app.ref/8.0.13/ref/net8.0/System.Globalization.dll".
   2:6>Task "CallTarget"
   6:6>ResolveAssemblyReferences:
             Reference found at search path location "{RawFileName}".
             This reference is not "CopyLocal" because at least one source item had "Private" set to "false" and no source items had "Private" set to "true".
   2:6>Target "AssignTargetPaths" skipped. Previously built successfully.
   6:6>ResolveAssemblyReferences:
             The ImageRuntimeVersion for this reference is "".
   2:6>Target "_PopulateCommonStateForGetCopyToOutputDirectoryItems" skipped. Previously built successfully.
   5:6>Done executing task "CallTarget".
   6:6>ResolveAssemblyReferences:
         Primary reference "System.IO.Compression.Brotli, Version=8.0.0.0, Culture=neutral, PublicKeyToken=b77a5c561934e089".
   5:6>Task "CallTarget"
   6:6>ResolveAssemblyReferences:
             Resolved file path is "/Users/dacanetdev/.nuget/packages/microsoft.netcore.app.ref/8.0.13/ref/net8.0/System.IO.Compression.Brotli.dll".
   2:6>Target "_GetCopyToOutputDirectoryItemsFromThisProject" in file "/usr/local/share/dotnet/sdk/9.0.200/Microsoft.Common.CurrentVersion.targets" from project "/Users/dacanetdev/Dev/AIGenerated/RoadmapSkills/tests/Modules/Users/DeventSoft.RoadmapSkills.Users.IntegrationTests/DeventSoft.RoadmapSkills.Users.IntegrationTests.csproj" (target "GetCopyToOutputDirectoryItems" depends on it):
   2:6>Task "AssignTargetPath"
   5:6>Target "AssignTargetPaths" skipped. Previously built successfully.
   6:6>ResolveAssemblyReferences:
             Reference found at search path location "{RawFileName}".
             This reference is not "CopyLocal" because at least one source item had "Private" set to "false" and no source items had "Private" set to "true".
   5:6>Target "_PopulateCommonStateForGetCopyToOutputDirectoryItems" skipped. Previously built successfully.
   6:6>ResolveAssemblyReferences:
             The ImageRuntimeVersion for this reference is "".
   2:6>Done executing task "AssignTargetPath".
   6:6>ResolveAssemblyReferences:
         Primary reference "System.IO.Compression.FileSystem, Version=4.0.0.0, Culture=neutral, PublicKeyToken=b77a5c561934e089".
   5:6>Target "_GetCopyToOutputDirectoryItemsFromThisProject" in file "/usr/local/share/dotnet/sdk/9.0.200/Microsoft.Common.CurrentVersion.targets" from project "/Users/dacanetdev/Dev/AIGenerated/RoadmapSkills/tests/Modules/Users/DeventSoft.RoadmapSkills.Users.UnitTests/DeventSoft.RoadmapSkills.Users.UnitTests.csproj" (target "GetCopyToOutputDirectoryItems" depends on it):
   5:6>Task "AssignTargetPath"
   2:6>Done building target "_GetCopyToOutputDirectoryItemsFromThisProject" in project "DeventSoft.RoadmapSkills.Users.IntegrationTests.csproj".
   6:6>ResolveAssemblyReferences:
             Resolved file path is "/Users/dacanetdev/.nuget/packages/microsoft.netcore.app.ref/8.0.13/ref/net8.0/System.IO.Compression.FileSystem.dll".
   5:6>Done executing task "AssignTargetPath".
   2:6>Done executing task "CallTarget".
   6:6>ResolveAssemblyReferences:
             Reference found at search path location "{RawFileName}".
   5:6>Done building target "_GetCopyToOutputDirectoryItemsFromThisProject" in project "DeventSoft.RoadmapSkills.Users.UnitTests.csproj".
   6:6>ResolveAssemblyReferences:
             This reference is not "CopyLocal" because at least one source item had "Private" set to "false" and no source items had "Private" set to "true".
   2:6>Done building target "GetCopyToOutputDirectoryItems" in project "DeventSoft.RoadmapSkills.Users.IntegrationTests.csproj".
  10:6>Done executing task "CheckForDuplicateItems".
   5:6>Done executing task "CallTarget".
   6:6>ResolveAssemblyReferences:
             The ImageRuntimeVersion for this reference is "".
  10:6>Task "CheckForDuplicateItems"
   6:6>ResolveAssemblyReferences:
         Primary reference "System.IO.Compression.ZipFile, Version=8.0.0.0, Culture=neutral, PublicKeyToken=b77a5c561934e089".
   5:6>Done building target "GetCopyToOutputDirectoryItems" in project "DeventSoft.RoadmapSkills.Users.UnitTests.csproj".
   2:6>Target "_CopyOutOfDateSourceItemsToOutputDirectory" in file "/usr/local/share/dotnet/sdk/9.0.200/Microsoft.Common.CurrentVersion.targets" from project "/Users/dacanetdev/Dev/AIGenerated/RoadmapSkills/tests/Modules/Users/DeventSoft.RoadmapSkills.Users.IntegrationTests/DeventSoft.RoadmapSkills.Users.IntegrationTests.csproj" (target "_CopySourceItemsToOutputDirectory" depends on it):
   2:6>Skipping target "_CopyOutOfDateSourceItemsToOutputDirectory" because all output files are up-to-date with respect to the input files.
  10:6>Done executing task "CheckForDuplicateItems".
   6:6>ResolveAssemblyReferences:
             Resolved file path is "/Users/dacanetdev/.nuget/packages/microsoft.netcore.app.ref/8.0.13/ref/net8.0/System.IO.Compression.ZipFile.dll".
   2:6>_CopyOutOfDateSourceItemsToOutputDirectory:
       Input files: 
           /Users/dacanetdev/.nuget/packages/xunit.runner.visualstudio/2.5.3/build/net6.0/xunit.runner.visualstudio.dotnetcore.testadapter.dll
           /Users/dacanetdev/.nuget/packages/xunit.runner.visualstudio/2.5.3/build/net6.0/xunit.runner.reporters.netcoreapp10.dll
           /Users/dacanetdev/.nuget/packages/xunit.runner.visualstudio/2.5.3/build/net6.0/xunit.runner.utility.netcoreapp10.dll
  10:6>Task "CheckForDuplicateItems"
   6:6>ResolveAssemblyReferences:
             Reference found at search path location "{RawFileName}".
   5:6>Target "_CopyOutOfDateSourceItemsToOutputDirectory" in file "/usr/local/share/dotnet/sdk/9.0.200/Microsoft.Common.CurrentVersion.targets" from project "/Users/dacanetdev/Dev/AIGenerated/RoadmapSkills/tests/Modules/Users/DeventSoft.RoadmapSkills.Users.UnitTests/DeventSoft.RoadmapSkills.Users.UnitTests.csproj" (target "_CopySourceItemsToOutputDirectory" depends on it):
   5:6>Skipping target "_CopyOutOfDateSourceItemsToOutputDirectory" because all output files are up-to-date with respect to the input files.
  10:6>Done executing task "CheckForDuplicateItems".
   2:6>_CopyOutOfDateSourceItemsToOutputDirectory:
       Output files: 
           bin/Debug/net8.0/xunit.runner.visualstudio.dotnetcore.testadapter.dll
           bin/Debug/net8.0/xunit.runner.reporters.netcoreapp10.dll
           bin/Debug/net8.0/xunit.runner.utility.netcoreapp10.dll
   6:6>ResolveAssemblyReferences:
             This reference is not "CopyLocal" because at least one source item had "Private" set to "false" and no source items had "Private" set to "true".
   5:6>_CopyOutOfDateSourceItemsToOutputDirectory:
       Input files: 
           /Users/dacanetdev/.nuget/packages/xunit.runner.visualstudio/2.5.3/build/net6.0/xunit.runner.visualstudio.dotnetcore.testadapter.dll
           /Users/dacanetdev/.nuget/packages/xunit.runner.visualstudio/2.5.3/build/net6.0/xunit.runner.reporters.netcoreapp10.dll
           /Users/dacanetdev/.nuget/packages/xunit.runner.visualstudio/2.5.3/build/net6.0/xunit.runner.utility.netcoreapp10.dll
  10:6>Done building target "CheckForDuplicateItems" in project "DeventSoft.RoadmapSkills.Shared.Domain.csproj".
   2:6>Done building target "_CopyOutOfDateSourceItemsToOutputDirectory" in project "DeventSoft.RoadmapSkills.Users.IntegrationTests.csproj".
   6:6>ResolveAssemblyReferences:
             The ImageRuntimeVersion for this reference is "".
   5:6>_CopyOutOfDateSourceItemsToOutputDirectory:
       Output files: 
           bin/Debug/net8.0/xunit.runner.visualstudio.dotnetcore.testadapter.dll
           bin/Debug/net8.0/xunit.runner.reporters.netcoreapp10.dll
           bin/Debug/net8.0/xunit.runner.utility.netcoreapp10.dll
  10:6>Target "WarnForExplicitVersions" skipped, due to false condition; ('@(SdkBuildWarning)' != '') was evaluated as ('' != '').
   2:6>Target "_CopyOutOfDateSourceItemsToOutputDirectoryAlways" skipped, due to false condition; ( '@(_SourceItemsToCopyToOutputDirectoryAlways)' != '' ) was evaluated as ( '' != '' ).
   6:6>ResolveAssemblyReferences:
         Primary reference "System.IO.Compression, Version=8.0.0.0, Culture=neutral, PublicKeyToken=b77a5c561934e089".
  10:6>Target "_CheckForFailedSDKResolution" skipped, due to false condition; ('$(SdkResolverHonoredGlobalJson)' == 'false') was evaluated as ('' == 'false').
   5:6>Done building target "_CopyOutOfDateSourceItemsToOutputDirectory" in project "DeventSoft.RoadmapSkills.Users.UnitTests.csproj".
   2:6>Target "_CopyDifferingSourceItemsToOutputDirectory" skipped, due to false condition; ( '@(_SourceItemsToCopyToOutputDirectoryIfDifferent)' != '' ) was evaluated as ( '' != '' ).
   6:6>ResolveAssemblyReferences:
             Resolved file path is "/Users/dacanetdev/.nuget/packages/microsoft.netcore.app.ref/8.0.13/ref/net8.0/System.IO.Compression.dll".
  10:6>Target "_WarnWhenUsingNET9AndVSPriorTo1712" skipped, due to false condition; ($([MSBuild]::VersionLessThan($(MSBuildVersion), '17.12.0')) and '$(TargetFrameworkIdentifier)' == '.NETCoreApp' and $([MSBuild]::VersionGreaterThanOrEquals($(_TargetFrameworkVersionWithoutV), '9.0'))) was evaluated as (False and '.NETCoreApp' == '.NETCoreApp' and False).
   5:6>Target "_CopyOutOfDateSourceItemsToOutputDirectoryAlways" skipped, due to false condition; ( '@(_SourceItemsToCopyToOutputDirectoryAlways)' != '' ) was evaluated as ( '' != '' ).
   6:6>ResolveAssemblyReferences:
             Reference found at search path location "{RawFileName}".
   2:6>Target "_CopySourceItemsToOutputDirectory" in file "/usr/local/share/dotnet/sdk/9.0.200/Microsoft.Common.CurrentVersion.targets" from project "/Users/dacanetdev/Dev/AIGenerated/RoadmapSkills/tests/Modules/Users/DeventSoft.RoadmapSkills.Users.IntegrationTests/DeventSoft.RoadmapSkills.Users.IntegrationTests.csproj" (target "CopyFilesToOutputDirectory" depends on it):
   2:6>Done building target "_CopySourceItemsToOutputDirectory" in project "DeventSoft.RoadmapSkills.Users.IntegrationTests.csproj".
  10:6>Target "_CheckForInvalidWindowsDesktopTargetingConfiguration" skipped, due to false condition; ('$(TargetFrameworkIdentifier)' == '.NETCoreApp' and $([MSBuild]::VersionGreaterThanOrEquals($(_TargetFrameworkVersionWithoutV), '5.0')) and ('$(UseWindowsForms)' == 'true' or '$(UseWPF)' == 'true')) was evaluated as ('.NETCoreApp' == '.NETCoreApp' and True and ('' == 'true' or '' == 'true')).
   5:6>Target "_CopyDifferingSourceItemsToOutputDirectory" skipped, due to false condition; ( '@(_SourceItemsToCopyToOutputDirectoryIfDifferent)' != '' ) was evaluated as ( '' != '' ).
   6:6>ResolveAssemblyReferences:
             This reference is not "CopyLocal" because at least one source item had "Private" set to "false" and no source items had "Private" set to "true".
  10:6>Target "_CheckForUnnecessaryWindowsDesktopSDK" skipped, due to false condition; ('$(TargetFrameworkIdentifier)' == '.NETCoreApp' and $([MSBuild]::VersionGreaterThanOrEquals($(_TargetFrameworkVersionWithoutV), '5.0')) and '$(_MicrosoftWindowsDesktopSdkImported)' == 'true' and '$(TargetFrameworks)' == '') was evaluated as ('.NETCoreApp' == '.NETCoreApp' and True and '' == 'true' and '' == '').
   2:6>Target "_CopyAppConfigFile" skipped, due to false condition; ( '@(AppConfigWithTargetPath)' != '' ) was evaluated as ( '' != '' ).
   6:6>ResolveAssemblyReferences:
             The ImageRuntimeVersion for this reference is "".
  10:6>Target "ProcessFrameworkReferences" skipped. Previously built successfully.
   2:6>Target "_CopyManifestFiles" skipped, due to false condition; ( '$(_DeploymentCopyApplicationManifest)'=='true' or '$(GenerateClickOnceManifests)'=='true' ) was evaluated as ( ''=='true' or ''=='true' ).
   5:6>Target "_CopySourceItemsToOutputDirectory" in file "/usr/local/share/dotnet/sdk/9.0.200/Microsoft.Common.CurrentVersion.targets" from project "/Users/dacanetdev/Dev/AIGenerated/RoadmapSkills/tests/Modules/Users/DeventSoft.RoadmapSkills.Users.UnitTests/DeventSoft.RoadmapSkills.Users.UnitTests.csproj" (target "CopyFilesToOutputDirectory" depends on it):
   5:6>Done building target "_CopySourceItemsToOutputDirectory" in project "DeventSoft.RoadmapSkills.Users.UnitTests.csproj".
   6:6>ResolveAssemblyReferences:
         Primary reference "System.IO.FileSystem.AccessControl, Version=8.0.0.0, Culture=neutral, PublicKeyToken=b03f5f7f11d50a3a".
   5:6>Target "_CopyAppConfigFile" skipped, due to false condition; ( '@(AppConfigWithTargetPath)' != '' ) was evaluated as ( '' != '' ).
   6:6>ResolveAssemblyReferences:
             Resolved file path is "/Users/dacanetdev/.nuget/packages/microsoft.netcore.app.ref/8.0.13/ref/net8.0/System.IO.FileSystem.AccessControl.dll".
  10:6>Target "IncludeTargetingPackReference" skipped, due to false condition; ('$(TargetFrameworkMoniker)' != '' and '$(TargetFrameworkIdentifier)' == '.NETFramework' and '$(AutomaticallyUseReferenceAssemblyPackages)' == 'true') was evaluated as ('.NETCoreApp,Version=v8.0' != '' and '.NETCoreApp' == '.NETFramework' and 'true' == 'true').
   5:6>Target "_CopyManifestFiles" skipped, due to false condition; ( '$(_DeploymentCopyApplicationManifest)'=='true' or '$(GenerateClickOnceManifests)'=='true' ) was evaluated as ( ''=='true' or ''=='true' ).
   6:6>ResolveAssemblyReferences:
             Reference found at search path location "{RawFileName}".
             This reference is not "CopyLocal" because at least one source item had "Private" set to "false" and no source items had "Private" set to "true".
  10:6>Target "_CheckForInvalidConfigurationAndPlatform" in file "/usr/local/share/dotnet/sdk/9.0.200/Microsoft.Common.CurrentVersion.targets" from project "/Users/dacanetdev/Dev/AIGenerated/RoadmapSkills/src/Shared/DeventSoft.RoadmapSkills.Shared.Domain/DeventSoft.RoadmapSkills.Shared.Domain.csproj" (target "BeforeBuild" depends on it):
  10:6>Task "MSBuildInternalMessage" skipped, due to false condition; ('$(_InvalidConfigurationMessageSeverity)' != '') was evaluated as ('' != '').
   2:6>Target "_CheckForCompileOutputs" in file "/usr/local/share/dotnet/sdk/9.0.200/Microsoft.Common.CurrentVersion.targets" from project "/Users/dacanetdev/Dev/AIGenerated/RoadmapSkills/tests/Modules/Users/DeventSoft.RoadmapSkills.Users.IntegrationTests/DeventSoft.RoadmapSkills.Users.IntegrationTests.csproj" (target "CopyFilesToOutputDirectory" depends on it):
   2:6>Done building target "_CheckForCompileOutputs" in project "DeventSoft.RoadmapSkills.Users.IntegrationTests.csproj".
   6:6>ResolveAssemblyReferences:
             The ImageRuntimeVersion for this reference is "".
   5:6>Target "_CheckForCompileOutputs" in file "/usr/local/share/dotnet/sdk/9.0.200/Microsoft.Common.CurrentVersion.targets" from project "/Users/dacanetdev/Dev/AIGenerated/RoadmapSkills/tests/Modules/Users/DeventSoft.RoadmapSkills.Users.UnitTests/DeventSoft.RoadmapSkills.Users.UnitTests.csproj" (target "CopyFilesToOutputDirectory" depends on it):
   5:6>Done building target "_CheckForCompileOutputs" in project "DeventSoft.RoadmapSkills.Users.UnitTests.csproj".
  10:6>Task "Message"
   6:6>ResolveAssemblyReferences:
         Primary reference "System.IO.FileSystem.DriveInfo, Version=8.0.0.0, Culture=neutral, PublicKeyToken=b03f5f7f11d50a3a".
   2:6>Target "_SGenCheckForOutputs" skipped, due to false condition; ('$(_SGenGenerateSerializationAssembliesConfig)' == 'On' or ('@(WebReferenceUrl)'!='' and '$(_SGenGenerateSerializationAssembliesConfig)' == 'Auto')) was evaluated as ('Off' == 'On' or (''!='' and 'Off' == 'Auto')).
   5:6>Target "_SGenCheckForOutputs" skipped, due to false condition; ('$(_SGenGenerateSerializationAssembliesConfig)' == 'On' or ('@(WebReferenceUrl)'!='' and '$(_SGenGenerateSerializationAssembliesConfig)' == 'Auto')) was evaluated as ('Off' == 'On' or (''!='' and 'Off' == 'Auto')).
  10:6>_CheckForInvalidConfigurationAndPlatform:
         Configuration=Debug
   6:6>ResolveAssemblyReferences:
             Resolved file path is "/Users/dacanetdev/.nuget/packages/microsoft.netcore.app.ref/8.0.13/ref/net8.0/System.IO.FileSystem.DriveInfo.dll".
   2:6>Target "_DefaultMicrosoftNETPlatformLibrary" skipped. Previously built successfully.
   5:6>Target "_DefaultMicrosoftNETPlatformLibrary" skipped. Previously built successfully.
  10:6>Done executing task "Message".
   6:6>ResolveAssemblyReferences:
             Reference found at search path location "{RawFileName}".
   5:6>Target "_HandlePackageFileConflicts" skipped. Previously built successfully.
  10:6>Task "Message"
   6:6>ResolveAssemblyReferences:
             This reference is not "CopyLocal" because at least one source item had "Private" set to "false" and no source items had "Private" set to "true".
   2:6>Target "_HandlePackageFileConflicts" skipped. Previously built successfully.
   5:6>Target "ResolveAssemblyReferences" skipped. Previously built successfully.
  10:6>_CheckForInvalidConfigurationAndPlatform:
         Platform=AnyCPU
   6:6>ResolveAssemblyReferences:
             The ImageRuntimeVersion for this reference is "".
         Primary reference "System.IO.FileSystem.Primitives, Version=8.0.0.0, Culture=neutral, PublicKeyToken=b03f5f7f11d50a3a".
  10:6>Done executing task "Message".
   2:6>Target "ResolveAssemblyReferences" skipped. Previously built successfully.
   5:6>Target "_ComputeReferenceAssemblies" in file "/usr/local/share/dotnet/sdk/9.0.200/Sdks/Microsoft.NET.Sdk/targets/Microsoft.NET.Sdk.targets" from project "/Users/dacanetdev/Dev/AIGenerated/RoadmapSkills/tests/Modules/Users/DeventSoft.RoadmapSkills.Users.UnitTests/DeventSoft.RoadmapSkills.Users.UnitTests.csproj" (target "GenerateBuildDependencyFile" depends on it):
   5:6>Done building target "_ComputeReferenceAssemblies" in project "DeventSoft.RoadmapSkills.Users.UnitTests.csproj".
   6:6>ResolveAssemblyReferences:
             Resolved file path is "/Users/dacanetdev/.nuget/packages/microsoft.netcore.app.ref/8.0.13/ref/net8.0/System.IO.FileSystem.Primitives.dll".
  10:6>_CheckForInvalidConfigurationAndPlatform:
       Task "MSBuildInternalMessage" skipped, due to false condition; ('$(OutDir)' != '' and !HasTrailingSlash('$(OutDir)')) was evaluated as ('bin/Debug/net8.0/' != '' and !HasTrailingSlash('bin/Debug/net8.0/')).
   6:6>ResolveAssemblyReferences:
             Reference found at search path location "{RawFileName}".
   5:6>Target "_ComputeUserRuntimeAssemblies" in file "/usr/local/share/dotnet/sdk/9.0.200/Sdks/Microsoft.NET.Sdk/targets/Microsoft.NET.Sdk.targets" from project "/Users/dacanetdev/Dev/AIGenerated/RoadmapSkills/tests/Modules/Users/DeventSoft.RoadmapSkills.Users.UnitTests/DeventSoft.RoadmapSkills.Users.UnitTests.csproj" (target "GenerateBuildDependencyFile" depends on it):
   5:6>Done building target "_ComputeUserRuntimeAssemblies" in project "DeventSoft.RoadmapSkills.Users.UnitTests.csproj".
   2:6>Target "_ComputeReferenceAssemblies" in file "/usr/local/share/dotnet/sdk/9.0.200/Sdks/Microsoft.NET.Sdk/targets/Microsoft.NET.Sdk.targets" from project "/Users/dacanetdev/Dev/AIGenerated/RoadmapSkills/tests/Modules/Users/DeventSoft.RoadmapSkills.Users.IntegrationTests/DeventSoft.RoadmapSkills.Users.IntegrationTests.csproj" (target "GenerateBuildDependencyFile" depends on it):
   2:6>Done building target "_ComputeReferenceAssemblies" in project "DeventSoft.RoadmapSkills.Users.IntegrationTests.csproj".
   6:6>ResolveAssemblyReferences:
             This reference is not "CopyLocal" because at least one source item had "Private" set to "false" and no source items had "Private" set to "true".
   5:6>Target "ResolveRuntimePackAssets" skipped, due to false condition; ('@(RuntimePack)' != '') was evaluated as ('' != '').
   6:6>ResolveAssemblyReferences:
             The ImageRuntimeVersion for this reference is "".
     0>Property reassignment: $(DefaultItemExcludes)=";**\node_modules\**;node_modules\**;**\jspm_packages\**;jspm_packages\**;**\bower_components\**;bower_components\**;**\packages.lock.json;bin\Debug//**;obj\Debug//**;bin\/**;obj\/**;**/*.user;**/*.*proj;**/*.sln" (previous value: ";**\node_modules\**;node_modules\**;**\jspm_packages\**;jspm_packages\**;**\bower_components\**;bower_components\**;**\packages.lock.json;bin\Debug//**;obj\Debug//**;bin\/**;obj\/**;**/*.user;**/*.*proj") at /usr/local/share/dotnet/sdk/9.0.200/Sdks/Microsoft.NET.Sdk/targets/Microsoft.NET.Sdk.DefaultItems.targets (34,5)
   5:6>Target "_ComputePackageReferencePublish" skipped. Previously built successfully.
   6:6>ResolveAssemblyReferences:
         Primary reference "System.IO.FileSystem.Watcher, Version=8.0.0.0, Culture=neutral, PublicKeyToken=b03f5f7f11d50a3a".
   2:6>Target "_ComputeUserRuntimeAssemblies" in file "/usr/local/share/dotnet/sdk/9.0.200/Sdks/Microsoft.NET.Sdk/targets/Microsoft.NET.Sdk.targets" from project "/Users/dacanetdev/Dev/AIGenerated/RoadmapSkills/tests/Modules/Users/DeventSoft.RoadmapSkills.Users.IntegrationTests/DeventSoft.RoadmapSkills.Users.IntegrationTests.csproj" (target "GenerateBuildDependencyFile" depends on it):
   2:6>Done building target "_ComputeUserRuntimeAssemblies" in project "DeventSoft.RoadmapSkills.Users.IntegrationTests.csproj".
   5:6>Target "ComputeDependencyFileCompilerOptions" skipped, due to false condition; ('$(PreserveCompilationContext)' == 'true') was evaluated as ('' == 'true').
   6:6>ResolveAssemblyReferences:
             Resolved file path is "/Users/dacanetdev/.nuget/packages/microsoft.netcore.app.ref/8.0.13/ref/net8.0/System.IO.FileSystem.Watcher.dll".
   2:6>Target "ResolveRuntimePackAssets" skipped, due to false condition; ('@(RuntimePack)' != '') was evaluated as ('' != '').
   6:6>ResolveAssemblyReferences:
             Reference found at search path location "{RawFileName}".
   2:6>Target "_ComputePackageReferencePublish" skipped. Previously built successfully.
   5:6>Target "GenerateBuildDependencyFile" in file "/usr/local/share/dotnet/sdk/9.0.200/Sdks/Microsoft.NET.Sdk/targets/Microsoft.NET.Sdk.targets" from project "/Users/dacanetdev/Dev/AIGenerated/RoadmapSkills/tests/Modules/Users/DeventSoft.RoadmapSkills.Users.UnitTests/DeventSoft.RoadmapSkills.Users.UnitTests.csproj" (target "CopyFilesToOutputDirectory" depends on it):
   5:6>Skipping target "GenerateBuildDependencyFile" because all output files are up-to-date with respect to the input files.
   6:6>ResolveAssemblyReferences:
             This reference is not "CopyLocal" because at least one source item had "Private" set to "false" and no source items had "Private" set to "true".
   2:6>Target "ComputeDependencyFileCompilerOptions" skipped, due to false condition; ('$(PreserveCompilationContext)' == 'true') was evaluated as ('' == 'true').
   5:6>GenerateBuildDependencyFile:
       Input files: 
           /Users/dacanetdev/Dev/AIGenerated/RoadmapSkills/tests/Modules/Users/DeventSoft.RoadmapSkills.Users.UnitTests/obj/project.assets.json
           /Users/dacanetdev/Dev/AIGenerated/RoadmapSkills/tests/Modules/Users/DeventSoft.RoadmapSkills.Users.UnitTests/obj/Debug/net8.0/DeventSoft.RoadmapSkills.Users.UnitTests.assets.cache
           /Users/dacanetdev/Dev/AIGenerated/RoadmapSkills/tests/Modules/Users/DeventSoft.RoadmapSkills.Users.UnitTests/obj/DeventSoft.RoadmapSkills.Users.UnitTests.csproj.nuget.g.targets
           /usr/local/share/dotnet/sdk/9.0.200/Current/Microsoft.Common.targets/ImportAfter/Microsoft.TestPlatform.ImportAfter.targets
   6:6>ResolveAssemblyReferences:
             The ImageRuntimeVersion for this reference is "".
   5:6>GenerateBuildDependencyFile:
       Output files: /Users/dacanetdev/Dev/AIGenerated/RoadmapSkills/tests/Modules/Users/DeventSoft.RoadmapSkills.Users.UnitTests/bin/Debug/net8.0/DeventSoft.RoadmapSkills.Users.UnitTests.deps.json
   6:6>ResolveAssemblyReferences:
         Primary reference "System.IO.FileSystem, Version=8.0.0.0, Culture=neutral, PublicKeyToken=b03f5f7f11d50a3a".
   5:6>Done building target "GenerateBuildDependencyFile" in project "DeventSoft.RoadmapSkills.Users.UnitTests.csproj".
   2:6>Target "GenerateBuildDependencyFile" in file "/usr/local/share/dotnet/sdk/9.0.200/Sdks/Microsoft.NET.Sdk/targets/Microsoft.NET.Sdk.targets" from project "/Users/dacanetdev/Dev/AIGenerated/RoadmapSkills/tests/Modules/Users/DeventSoft.RoadmapSkills.Users.IntegrationTests/DeventSoft.RoadmapSkills.Users.IntegrationTests.csproj" (target "CopyFilesToOutputDirectory" depends on it):
   2:6>Skipping target "GenerateBuildDependencyFile" because all output files are up-to-date with respect to the input files.
   6:6>ResolveAssemblyReferences:
             Resolved file path is "/Users/dacanetdev/.nuget/packages/microsoft.netcore.app.ref/8.0.13/ref/net8.0/System.IO.FileSystem.dll".
   5:6>Target "_DefaultMicrosoftNETPlatformLibrary" skipped. Previously built successfully.
     0>Property reassignment: $(DefaultItemExcludes)=";**\node_modules\**;node_modules\**;**\jspm_packages\**;jspm_packages\**;**\bower_components\**;bower_components\**;**\packages.lock.json;bin\Debug//**;obj\Debug//**;bin\/**;obj\/**;**/*.user;**/*.*proj;**/*.sln;**/*.vssscc" (previous value: ";**\node_modules\**;node_modules\**;**\jspm_packages\**;jspm_packages\**;**\bower_components\**;bower_components\**;**\packages.lock.json;bin\Debug//**;obj\Debug//**;bin\/**;obj\/**;**/*.user;**/*.*proj;**/*.sln") at /usr/local/share/dotnet/sdk/9.0.200/Sdks/Microsoft.NET.Sdk/targets/Microsoft.NET.Sdk.DefaultItems.targets (35,5)
   2:6>GenerateBuildDependencyFile:
       Input files: 
           /Users/dacanetdev/Dev/AIGenerated/RoadmapSkills/tests/Modules/Users/DeventSoft.RoadmapSkills.Users.IntegrationTests/obj/project.assets.json
           /Users/dacanetdev/Dev/AIGenerated/RoadmapSkills/tests/Modules/Users/DeventSoft.RoadmapSkills.Users.IntegrationTests/obj/Debug/net8.0/DeventSoft.RoadmapSkills.Users.IntegrationTests.assets.cache
           /Users/dacanetdev/Dev/AIGenerated/RoadmapSkills/tests/Modules/Users/DeventSoft.RoadmapSkills.Users.IntegrationTests/obj/DeventSoft.RoadmapSkills.Users.IntegrationTests.csproj.nuget.g.targets
           /usr/local/share/dotnet/sdk/9.0.200/Current/Microsoft.Common.targets/ImportAfter/Microsoft.TestPlatform.ImportAfter.targets
   6:6>ResolveAssemblyReferences:
             Reference found at search path location "{RawFileName}".
   2:6>GenerateBuildDependencyFile:
       Output files: /Users/dacanetdev/Dev/AIGenerated/RoadmapSkills/tests/Modules/Users/DeventSoft.RoadmapSkills.Users.IntegrationTests/bin/Debug/net8.0/DeventSoft.RoadmapSkills.Users.IntegrationTests.deps.json
   5:6>Target "_GenerateRuntimeConfigurationFilesInputCache" in file "/usr/local/share/dotnet/sdk/9.0.200/Sdks/Microsoft.NET.Sdk/targets/Microsoft.NET.Sdk.targets" from project "/Users/dacanetdev/Dev/AIGenerated/RoadmapSkills/tests/Modules/Users/DeventSoft.RoadmapSkills.Users.UnitTests/DeventSoft.RoadmapSkills.Users.UnitTests.csproj" (target "GenerateBuildRuntimeConfigurationFiles" depends on it):
   5:6>Task "Hash"
   6:6>ResolveAssemblyReferences:
             This reference is not "CopyLocal" because at least one source item had "Private" set to "false" and no source items had "Private" set to "true".
   2:6>Done building target "GenerateBuildDependencyFile" in project "DeventSoft.RoadmapSkills.Users.IntegrationTests.csproj".
   5:6>Done executing task "Hash".
   2:6>Target "_DefaultMicrosoftNETPlatformLibrary" skipped. Previously built successfully.
   5:6>Task "WriteLinesToFile"
   6:6>ResolveAssemblyReferences:
             The ImageRuntimeVersion for this reference is "".
   5:6>_GenerateRuntimeConfigurationFilesInputCache:
         Skipping write to file "/Users/dacanetdev/Dev/AIGenerated/RoadmapSkills/tests/Modules/Users/DeventSoft.RoadmapSkills.Users.UnitTests/obj/Debug/net8.0/DeventSoft.RoadmapSkills.Users.UnitTests.genruntimeconfig.cache" because content would not change.
   6:6>ResolveAssemblyReferences:
         Primary reference "System.IO.IsolatedStorage, Version=8.0.0.0, Culture=neutral, PublicKeyToken=b03f5f7f11d50a3a".
   5:6>Done executing task "WriteLinesToFile".
   2:6>Target "_GenerateRuntimeConfigurationFilesInputCache" in file "/usr/local/share/dotnet/sdk/9.0.200/Sdks/Microsoft.NET.Sdk/targets/Microsoft.NET.Sdk.targets" from project "/Users/dacanetdev/Dev/AIGenerated/RoadmapSkills/tests/Modules/Users/DeventSoft.RoadmapSkills.Users.IntegrationTests/DeventSoft.RoadmapSkills.Users.IntegrationTests.csproj" (target "GenerateBuildRuntimeConfigurationFiles" depends on it):
   2:6>Task "Hash"
   5:6>Done building target "_GenerateRuntimeConfigurationFilesInputCache" in project "DeventSoft.RoadmapSkills.Users.UnitTests.csproj".
  10:6>_CheckForInvalidConfigurationAndPlatform:
       Task "MSBuildInternalMessage" skipped, due to false condition; ('$(IntermediateOutputPath)' != '' and !HasTrailingSlash('$(IntermediateOutputPath)')) was evaluated as ('obj/Debug/net8.0/' != '' and !HasTrailingSlash('obj/Debug/net8.0/')).
   6:6>ResolveAssemblyReferences:
             Resolved file path is "/Users/dacanetdev/.nuget/packages/microsoft.netcore.app.ref/8.0.13/ref/net8.0/System.IO.IsolatedStorage.dll".
   2:6>Done executing task "Hash".
   6:6>ResolveAssemblyReferences:
             Reference found at search path location "{RawFileName}".
   5:6>Target "GenerateBuildRuntimeConfigurationFiles" in file "/usr/local/share/dotnet/sdk/9.0.200/Sdks/Microsoft.NET.Sdk/targets/Microsoft.NET.Sdk.targets" from project "/Users/dacanetdev/Dev/AIGenerated/RoadmapSkills/tests/Modules/Users/DeventSoft.RoadmapSkills.Users.UnitTests/DeventSoft.RoadmapSkills.Users.UnitTests.csproj" (target "CopyFilesToOutputDirectory" depends on it):
   5:6>Skipping target "GenerateBuildRuntimeConfigurationFiles" because all output files are up-to-date with respect to the input files.
   2:6>Task "WriteLinesToFile"
   6:6>ResolveAssemblyReferences:
             This reference is not "CopyLocal" because at least one source item had "Private" set to "false" and no source items had "Private" set to "true".
   5:6>GenerateBuildRuntimeConfigurationFiles:
       Input files: 
           /Users/dacanetdev/Dev/AIGenerated/RoadmapSkills/tests/Modules/Users/DeventSoft.RoadmapSkills.Users.UnitTests/obj/project.assets.json
           /Users/dacanetdev/Dev/AIGenerated/RoadmapSkills/tests/Modules/Users/DeventSoft.RoadmapSkills.Users.UnitTests/obj/Debug/net8.0/DeventSoft.RoadmapSkills.Users.UnitTests.assets.cache
           /Users/dacanetdev/Dev/AIGenerated/RoadmapSkills/tests/Modules/Users/DeventSoft.RoadmapSkills.Users.UnitTests/obj/Debug/net8.0/DeventSoft.RoadmapSkills.Users.UnitTests.genruntimeconfig.cache
   6:6>ResolveAssemblyReferences:
             The ImageRuntimeVersion for this reference is "".
   2:6>_GenerateRuntimeConfigurationFilesInputCache:
         Skipping write to file "/Users/dacanetdev/Dev/AIGenerated/RoadmapSkills/tests/Modules/Users/DeventSoft.RoadmapSkills.Users.IntegrationTests/obj/Debug/net8.0/DeventSoft.RoadmapSkills.Users.IntegrationTests.genruntimeconfig.cache" because content would not change.
   5:6>GenerateBuildRuntimeConfigurationFiles:
       Output files: /Users/dacanetdev/Dev/AIGenerated/RoadmapSkills/tests/Modules/Users/DeventSoft.RoadmapSkills.Users.UnitTests/bin/Debug/net8.0/DeventSoft.RoadmapSkills.Users.UnitTests.runtimeconfig.json
   6:6>ResolveAssemblyReferences:
         Primary reference "System.IO.MemoryMappedFiles, Version=8.0.0.0, Culture=neutral, PublicKeyToken=b03f5f7f11d50a3a".
   2:6>Done executing task "WriteLinesToFile".
   5:6>Done building target "GenerateBuildRuntimeConfigurationFiles" in project "DeventSoft.RoadmapSkills.Users.UnitTests.csproj".
   6:6>ResolveAssemblyReferences:
             Resolved file path is "/Users/dacanetdev/.nuget/packages/microsoft.netcore.app.ref/8.0.13/ref/net8.0/System.IO.MemoryMappedFiles.dll".
     0>Property reassignment: $(DefaultItemExcludes)=";**\node_modules\**;node_modules\**;**\jspm_packages\**;jspm_packages\**;**\bower_components\**;bower_components\**;**\packages.lock.json;bin\Debug//**;obj\Debug//**;bin\/**;obj\/**;**/*.user;**/*.*proj;**/*.sln;**/*.vssscc;**/.DS_Store" (previous value: ";**\node_modules\**;node_modules\**;**\jspm_packages\**;jspm_packages\**;**\bower_components\**;bower_components\**;**\packages.lock.json;bin\Debug//**;obj\Debug//**;bin\/**;obj\/**;**/*.user;**/*.*proj;**/*.sln;**/*.vssscc") at /usr/local/share/dotnet/sdk/9.0.200/Sdks/Microsoft.NET.Sdk/targets/Microsoft.NET.Sdk.DefaultItems.targets (36,5)
   2:6>Done building target "_GenerateRuntimeConfigurationFilesInputCache" in project "DeventSoft.RoadmapSkills.Users.IntegrationTests.csproj".
   5:6>Target "GenerateShimsAssets" skipped, due to false condition; ('$(PackAsTool)' == 'true' and $(PackAsToolShimRuntimeIdentifiers) != '' ) was evaluated as ('' == 'true' and  != '' ).
   6:6>ResolveAssemblyReferences:
             Reference found at search path location "{RawFileName}".
             This reference is not "CopyLocal" because at least one source item had "Private" set to "false" and no source items had "Private" set to "true".
   2:6>Target "GenerateBuildRuntimeConfigurationFiles" in file "/usr/local/share/dotnet/sdk/9.0.200/Sdks/Microsoft.NET.Sdk/targets/Microsoft.NET.Sdk.targets" from project "/Users/dacanetdev/Dev/AIGenerated/RoadmapSkills/tests/Modules/Users/DeventSoft.RoadmapSkills.Users.IntegrationTests/DeventSoft.RoadmapSkills.Users.IntegrationTests.csproj" (target "CopyFilesToOutputDirectory" depends on it):
   2:6>Skipping target "GenerateBuildRuntimeConfigurationFiles" because all output files are up-to-date with respect to the input files.
   6:6>ResolveAssemblyReferences:
             The ImageRuntimeVersion for this reference is "".
   5:6>Target "CopyFilesToOutputDirectory" in file "/usr/local/share/dotnet/sdk/9.0.200/Microsoft.Common.CurrentVersion.targets" from project "/Users/dacanetdev/Dev/AIGenerated/RoadmapSkills/tests/Modules/Users/DeventSoft.RoadmapSkills.Users.UnitTests/DeventSoft.RoadmapSkills.Users.UnitTests.csproj" (target "PrepareForRun" depends on it):
   5:6>Task "Copy"
   2:6>GenerateBuildRuntimeConfigurationFiles:
       Input files: 
           /Users/dacanetdev/Dev/AIGenerated/RoadmapSkills/tests/Modules/Users/DeventSoft.RoadmapSkills.Users.IntegrationTests/obj/project.assets.json
           /Users/dacanetdev/Dev/AIGenerated/RoadmapSkills/tests/Modules/Users/DeventSoft.RoadmapSkills.Users.IntegrationTests/obj/Debug/net8.0/DeventSoft.RoadmapSkills.Users.IntegrationTests.assets.cache
           /Users/dacanetdev/Dev/AIGenerated/RoadmapSkills/tests/Modules/Users/DeventSoft.RoadmapSkills.Users.IntegrationTests/obj/Debug/net8.0/DeventSoft.RoadmapSkills.Users.IntegrationTests.genruntimeconfig.cache
   6:6>ResolveAssemblyReferences:
         Primary reference "System.IO.Pipes.AccessControl, Version=8.0.0.0, Culture=neutral, PublicKeyToken=b03f5f7f11d50a3a".
   5:6>CopyFilesToOutputDirectory:
         Did not copy from file "obj/Debug/net8.0/DeventSoft.RoadmapSkills.Users.UnitTests.dll" to file "bin/Debug/net8.0/DeventSoft.RoadmapSkills.Users.UnitTests.dll" because the "SkipUnchangedFiles" parameter was set to "true" in the project and the files' sizes and timestamps match.
   2:6>GenerateBuildRuntimeConfigurationFiles:
       Output files: /Users/dacanetdev/Dev/AIGenerated/RoadmapSkills/tests/Modules/Users/DeventSoft.RoadmapSkills.Users.IntegrationTests/bin/Debug/net8.0/DeventSoft.RoadmapSkills.Users.IntegrationTests.runtimeconfig.json
   6:6>ResolveAssemblyReferences:
             Resolved file path is "/Users/dacanetdev/.nuget/packages/microsoft.netcore.app.ref/8.0.13/ref/net8.0/System.IO.Pipes.AccessControl.dll".
   5:6>Done executing task "Copy".
   6:6>ResolveAssemblyReferences:
             Reference found at search path location "{RawFileName}".
   2:6>Done building target "GenerateBuildRuntimeConfigurationFiles" in project "DeventSoft.RoadmapSkills.Users.IntegrationTests.csproj".
   5:6>CopyFilesToOutputDirectory:
       Using "CopyRefAssembly" task from assembly "/usr/local/share/dotnet/sdk/9.0.200/Roslyn/Microsoft.Build.Tasks.CodeAnalysis.dll".
   6:6>ResolveAssemblyReferences:
             This reference is not "CopyLocal" because at least one source item had "Private" set to "false" and no source items had "Private" set to "true".
   2:6>Target "GenerateShimsAssets" skipped, due to false condition; ('$(PackAsTool)' == 'true' and $(PackAsToolShimRuntimeIdentifiers) != '' ) was evaluated as ('' == 'true' and  != '' ).
   6:6>ResolveAssemblyReferences:
             The ImageRuntimeVersion for this reference is "".
   5:6>Task "CopyRefAssembly"
   6:6>ResolveAssemblyReferences:
         Primary reference "System.IO.Pipes, Version=8.0.0.0, Culture=neutral, PublicKeyToken=b03f5f7f11d50a3a".
   5:6>CopyFilesToOutputDirectory:
         Reference assembly "/Users/dacanetdev/Dev/AIGenerated/RoadmapSkills/tests/Modules/Users/DeventSoft.RoadmapSkills.Users.UnitTests/obj/Debug/net8.0/ref/DeventSoft.RoadmapSkills.Users.UnitTests.dll" already has latest information. Leaving it untouched.
   6:6>ResolveAssemblyReferences:
             Resolved file path is "/Users/dacanetdev/.nuget/packages/microsoft.netcore.app.ref/8.0.13/ref/net8.0/System.IO.Pipes.dll".
   5:6>Done executing task "CopyRefAssembly".
   2:6>Target "CopyFilesToOutputDirectory" in file "/usr/local/share/dotnet/sdk/9.0.200/Microsoft.Common.CurrentVersion.targets" from project "/Users/dacanetdev/Dev/AIGenerated/RoadmapSkills/tests/Modules/Users/DeventSoft.RoadmapSkills.Users.IntegrationTests/DeventSoft.RoadmapSkills.Users.IntegrationTests.csproj" (target "PrepareForRun" depends on it):
   2:6>Task "Copy"
   6:6>ResolveAssemblyReferences:
             Reference found at search path location "{RawFileName}".
   5:6>Task "Message"
   6:6>ResolveAssemblyReferences:
             This reference is not "CopyLocal" because at least one source item had "Private" set to "false" and no source items had "Private" set to "true".
   2:6>CopyFilesToOutputDirectory:
         Did not copy from file "obj/Debug/net8.0/DeventSoft.RoadmapSkills.Users.IntegrationTests.dll" to file "bin/Debug/net8.0/DeventSoft.RoadmapSkills.Users.IntegrationTests.dll" because the "SkipUnchangedFiles" parameter was set to "true" in the project and the files' sizes and timestamps match.
   5:6>CopyFilesToOutputDirectory:
         DeventSoft.RoadmapSkills.Users.UnitTests -> /Users/dacanetdev/Dev/AIGenerated/RoadmapSkills/tests/Modules/Users/DeventSoft.RoadmapSkills.Users.UnitTests/bin/Debug/net8.0/DeventSoft.RoadmapSkills.Users.UnitTests.dll
   6:6>ResolveAssemblyReferences:
             The ImageRuntimeVersion for this reference is "".
   5:6>Done executing task "Message".
   6:6>ResolveAssemblyReferences:
         Primary reference "System.IO.UnmanagedMemoryStream, Version=8.0.0.0, Culture=neutral, PublicKeyToken=b03f5f7f11d50a3a".
   5:6>CopyFilesToOutputDirectory:
       Task "Copy" skipped, due to false condition; ('@(AddModules)' != '') was evaluated as ('' != '').
   6:6>ResolveAssemblyReferences:
             Resolved file path is "/Users/dacanetdev/.nuget/packages/microsoft.netcore.app.ref/8.0.13/ref/net8.0/System.IO.UnmanagedMemoryStream.dll".
  10:6>_CheckForInvalidConfigurationAndPlatform:
       Task "MSBuildInternalMessage" skipped, due to false condition; ('$(BaseIntermediateOutputPath)' != '' and !HasTrailingSlash('$(BaseIntermediateOutputPath)')) was evaluated as ('obj/' != '' and !HasTrailingSlash('obj/')).
   6:6>ResolveAssemblyReferences:
             Reference found at search path location "{RawFileName}".
   5:6>CopyFilesToOutputDirectory:
       Task "Copy" skipped, due to false condition; ('$(_SGenDllCreated)'=='true') was evaluated as ('false'=='true').
  10:6>_CheckForInvalidConfigurationAndPlatform:
       Task "MSBuildInternalMessage" skipped, due to false condition; ( '$(Prefer32Bit)' == 'true' and '$(PreferNativeArm64)' == 'true' ) was evaluated as ( 'false' == 'true' and 'false' == 'true' ).
   6:6>ResolveAssemblyReferences:
             This reference is not "CopyLocal" because at least one source item had "Private" set to "false" and no source items had "Private" set to "true".
   5:6>Task "Copy"
  10:6>_CheckForInvalidConfigurationAndPlatform:
       Task "MSBuildInternalMessage" skipped, due to false condition; ( '$(NoWin32Manifest)' == 'true' and '$(PreferNativeArm64)' == 'true' ) was evaluated as ( '' == 'true' and 'false' == 'true' ).
   6:6>ResolveAssemblyReferences:
             The ImageRuntimeVersion for this reference is "".
   5:6>CopyFilesToOutputDirectory:
         Did not copy from file "obj/Debug/net8.0/DeventSoft.RoadmapSkills.Users.UnitTests.pdb" to file "bin/Debug/net8.0/DeventSoft.RoadmapSkills.Users.UnitTests.pdb" because the "SkipUnchangedFiles" parameter was set to "true" in the project and the files' sizes and timestamps match.
  10:6>_CheckForInvalidConfigurationAndPlatform:
       Task "MSBuildInternalMessage" skipped, due to false condition; ( '$(PreferNativeArm64)' == 'true' and '$(Platform)' != 'AnyCPU' ) was evaluated as ( 'false' == 'true' and 'AnyCPU' != 'AnyCPU' ).
   6:6>ResolveAssemblyReferences:
         Primary reference "System.IO, Version=8.0.0.0, Culture=neutral, PublicKeyToken=b03f5f7f11d50a3a".
   5:6>Done executing task "Copy".
   6:6>ResolveAssemblyReferences:
             Resolved file path is "/Users/dacanetdev/.nuget/packages/microsoft.netcore.app.ref/8.0.13/ref/net8.0/System.IO.dll".
  10:6>_CheckForInvalidConfigurationAndPlatform:
       Task "MSBuildInternalMessage" skipped, due to false condition; ( '$(_InitialMSBuildProjectExtensionsPath)' != '' And '$(MSBuildProjectExtensionsPath)' != '$(_InitialMSBuildProjectExtensionsPath)' ) was evaluated as ( '/Users/dacanetdev/Dev/AIGenerated/RoadmapSkills/src/Shared/DeventSoft.RoadmapSkills.Shared.Domain/obj/' != '' And '/Users/dacanetdev/Dev/AIGenerated/RoadmapSkills/src/Shared/DeventSoft.RoadmapSkills.Shared.Domain/obj/' != '/Users/dacanetdev/Dev/AIGenerated/RoadmapSkills/src/Shared/DeventSoft.RoadmapSkills.Shared.Domain/obj/' ).
   6:6>ResolveAssemblyReferences:
             Reference found at search path location "{RawFileName}".
   5:6>CopyFilesToOutputDirectory:
       Task "Copy" skipped, due to false condition; ('$(_DocumentationFileProduced)'=='true' and '$(CopyDocumentationFileToOutputDirectory)'=='true') was evaluated as ('false'=='true' and 'true'=='true').
   6:6>ResolveAssemblyReferences:
             This reference is not "CopyLocal" because at least one source item had "Private" set to "false" and no source items had "Private" set to "true".
   5:6>CopyFilesToOutputDirectory:
       Task "Copy" skipped, due to false condition; ('@(IntermediateSatelliteAssembliesWithTargetPath)' != '') was evaluated as ('' != '').
   2:6>Done executing task "Copy".
   6:6>ResolveAssemblyReferences:
             The ImageRuntimeVersion for this reference is "".
   5:6>CopyFilesToOutputDirectory:
       Task "Copy" skipped, due to false condition; ('@(ReferenceComWrappersToCopyLocal)' != '' or '@(ResolvedIsolatedComModules)' != '' or '@(_DeploymentLooseManifestFile)' != '' or '@(NativeReferenceFile)' != '' ) was evaluated as ('' != '' or '' != '' or '' != '' or '' != '' ).
   6:6>ResolveAssemblyReferences:
         Primary reference "System.Linq.Expressions, Version=8.0.0.0, Culture=neutral, PublicKeyToken=b03f5f7f11d50a3a".
   5:6>CopyFilesToOutputDirectory:
       Task "Copy" skipped, due to false condition; ('$(SkipCopyWinMDArtifact)' != 'true' and '@(WinMDExpArtifacts)' != '') was evaluated as ('' != 'true' and '' != '').
   6:6>ResolveAssemblyReferences:
             Resolved file path is "/Users/dacanetdev/.nuget/packages/microsoft.netcore.app.ref/8.0.13/ref/net8.0/System.Linq.Expressions.dll".
   5:6>CopyFilesToOutputDirectory:
       Task "Message" skipped, due to false condition; ('$(SkipCopyWinMDArtifact)' != 'true' and '$(_WindowsMetadataOutputPath)' != '') was evaluated as ('' != 'true' and '' != '').
   6:6>ResolveAssemblyReferences:
             Reference found at search path location "{RawFileName}".
   5:6>Done building target "CopyFilesToOutputDirectory" in project "DeventSoft.RoadmapSkills.Users.UnitTests.csproj".
   6:6>ResolveAssemblyReferences:
             This reference is not "CopyLocal" because at least one source item had "Private" set to "false" and no source items had "Private" set to "true".
             The ImageRuntimeVersion for this reference is "".
   5:6>Target "_CopyReferenceOnlyAssembliesForBuild" skipped, due to false condition; ('$(PreserveCompilationReferences)' == 'true') was evaluated as ('' == 'true').
   6:6>ResolveAssemblyReferences:
         Primary reference "System.Linq.Parallel, Version=8.0.0.0, Culture=neutral, PublicKeyToken=b03f5f7f11d50a3a".
             Resolved file path is "/Users/dacanetdev/.nuget/packages/microsoft.netcore.app.ref/8.0.13/ref/net8.0/System.Linq.Parallel.dll".
   5:6>Target "PrepareForRun" in file "/usr/local/share/dotnet/sdk/9.0.200/Microsoft.Common.CurrentVersion.targets" from project "/Users/dacanetdev/Dev/AIGenerated/RoadmapSkills/tests/Modules/Users/DeventSoft.RoadmapSkills.Users.UnitTests/DeventSoft.RoadmapSkills.Users.UnitTests.csproj" (target "CoreBuild" depends on it):
   5:6>Done building target "PrepareForRun" in project "DeventSoft.RoadmapSkills.Users.UnitTests.csproj".
   6:6>ResolveAssemblyReferences:
             Reference found at search path location "{RawFileName}".
   2:6>CopyFilesToOutputDirectory:
       Using "CopyRefAssembly" task from assembly "/usr/local/share/dotnet/sdk/9.0.200/Roslyn/Microsoft.Build.Tasks.CodeAnalysis.dll".
   6:6>ResolveAssemblyReferences:
             This reference is not "CopyLocal" because at least one source item had "Private" set to "false" and no source items had "Private" set to "true".
   5:6>Target "UnmanagedRegistration" skipped, due to false condition; ('$(RegisterForComInterop)'=='true' and '$(OutputType)'=='library') was evaluated as (''=='true' and 'Exe'=='library').
   6:6>ResolveAssemblyReferences:
             The ImageRuntimeVersion for this reference is "".
   5:6>Target "_CheckForCompileOutputs" skipped. Previously built successfully.
   2:6>Task "CopyRefAssembly"
   6:6>ResolveAssemblyReferences:
         Primary reference "System.Linq.Queryable, Version=8.0.0.0, Culture=neutral, PublicKeyToken=b03f5f7f11d50a3a".
   5:6>Target "_SGenCheckForOutputs" skipped, due to false condition; ('$(_SGenGenerateSerializationAssembliesConfig)' == 'On' or ('@(WebReferenceUrl)'!='' and '$(_SGenGenerateSerializationAssembliesConfig)' == 'Auto')) was evaluated as ('Off' == 'On' or (''!='' and 'Off' == 'Auto')).
   6:6>ResolveAssemblyReferences:
             Resolved file path is "/Users/dacanetdev/.nuget/packages/microsoft.netcore.app.ref/8.0.13/ref/net8.0/System.Linq.Queryable.dll".
             Reference found at search path location "{RawFileName}".
  10:6>_CheckForInvalidConfigurationAndPlatform:
       Task "MSBuildInternalMessage" skipped, due to false condition; ( '$(EnableBaseIntermediateOutputPathMismatchWarning)' == 'true' And '$(_InitialBaseIntermediateOutputPath)' != '$(BaseIntermediateOutputPath)' And '$(BaseIntermediateOutputPath)' != '$(MSBuildProjectExtensionsPath)' ) was evaluated as ( 'true' == 'true' And 'obj/' != 'obj/' And 'obj/' != '/Users/dacanetdev/Dev/AIGenerated/RoadmapSkills/src/Shared/DeventSoft.RoadmapSkills.Shared.Domain/obj/' ).
   5:6>Target "_CleanGetCurrentAndPriorFileWrites" in file "/usr/local/share/dotnet/sdk/9.0.200/Microsoft.Common.CurrentVersion.targets" from project "/Users/dacanetdev/Dev/AIGenerated/RoadmapSkills/tests/Modules/Users/DeventSoft.RoadmapSkills.Users.UnitTests/DeventSoft.RoadmapSkills.Users.UnitTests.csproj" (target "IncrementalClean" depends on it):
   5:6>Using "ReadLinesFromFile" task from assembly "Microsoft.Build.Tasks.Core, Version=15.1.0.0, Culture=neutral, PublicKeyToken=b03f5f7f11d50a3a".
   6:6>ResolveAssemblyReferences:
             This reference is not "CopyLocal" because at least one source item had "Private" set to "false" and no source items had "Private" set to "true".
  10:6>Done building target "_CheckForInvalidConfigurationAndPlatform" in project "DeventSoft.RoadmapSkills.Shared.Domain.csproj".
   6:6>ResolveAssemblyReferences:
             The ImageRuntimeVersion for this reference is "".
   5:6>Task "ReadLinesFromFile"
   6:6>ResolveAssemblyReferences:
         Primary reference "System.Linq, Version=8.0.0.0, Culture=neutral, PublicKeyToken=b03f5f7f11d50a3a".
   5:6>Done executing task "ReadLinesFromFile".
   6:6>ResolveAssemblyReferences:
             Resolved file path is "/Users/dacanetdev/.nuget/packages/microsoft.netcore.app.ref/8.0.13/ref/net8.0/System.Linq.dll".
   5:6>Task "ConvertToAbsolutePath"
  10:6>Target "ValidateCommandLineProperties" in file "/usr/local/share/dotnet/sdk/9.0.200/Sdks/Microsoft.NET.Sdk/targets/Microsoft.NET.Sdk.targets" from project "/Users/dacanetdev/Dev/AIGenerated/RoadmapSkills/src/Shared/DeventSoft.RoadmapSkills.Shared.Domain/DeventSoft.RoadmapSkills.Shared.Domain.csproj" (target "BeforeBuild" depends on it):
  10:6>Done building target "ValidateCommandLineProperties" in project "DeventSoft.RoadmapSkills.Shared.Domain.csproj".
   6:6>ResolveAssemblyReferences:
             Reference found at search path location "{RawFileName}".
   5:6>Done executing task "ConvertToAbsolutePath".
   6:6>ResolveAssemblyReferences:
             This reference is not "CopyLocal" because at least one source item had "Private" set to "false" and no source items had "Private" set to "true".
   5:6>_CleanGetCurrentAndPriorFileWrites:
       Using "FindUnderPath" task from assembly "Microsoft.Build.Tasks.Core, Version=15.1.0.0, Culture=neutral, PublicKeyToken=b03f5f7f11d50a3a".
   6:6>ResolveAssemblyReferences:
             The ImageRuntimeVersion for this reference is "".
   5:6>Task "FindUnderPath"
  10:6>Target "BeforeBuild" in file "/usr/local/share/dotnet/sdk/9.0.200/Microsoft.Common.CurrentVersion.targets" from project "/Users/dacanetdev/Dev/AIGenerated/RoadmapSkills/src/Shared/DeventSoft.RoadmapSkills.Shared.Domain/DeventSoft.RoadmapSkills.Shared.Domain.csproj" (target "Build" depends on it):
  10:6>Done building target "BeforeBuild" in project "DeventSoft.RoadmapSkills.Shared.Domain.csproj".
   6:6>ResolveAssemblyReferences:
         Primary reference "System.Memory, Version=8.0.0.0, Culture=neutral, PublicKeyToken=cc7b13ffcd2ddd51".
   5:6>_CleanGetCurrentAndPriorFileWrites:
         Comparison path is "/Users/dacanetdev/Dev/AIGenerated/RoadmapSkills/tests/Modules/Users/DeventSoft.RoadmapSkills.Users.UnitTests".
   6:6>ResolveAssemblyReferences:
             Resolved file path is "/Users/dacanetdev/.nuget/packages/microsoft.netcore.app.ref/8.0.13/ref/net8.0/System.Memory.dll".
  10:6>Target "_CheckForBuildWithNoBuild" skipped, due to false condition; ('$(NoBuild)' == 'true' and '$(GeneratePackageOnBuild)' != 'true') was evaluated as ('' == 'true' and 'false' != 'true').
   5:6>Done executing task "FindUnderPath".
   6:6>ResolveAssemblyReferences:
             Reference found at search path location "{RawFileName}".
             This reference is not "CopyLocal" because at least one source item had "Private" set to "false" and no source items had "Private" set to "true".
   5:6>Task "FindUnderPath"
  10:6>Target "BuildOnlySettings" in file "/usr/local/share/dotnet/sdk/9.0.200/Microsoft.Common.CurrentVersion.targets" from project "/Users/dacanetdev/Dev/AIGenerated/RoadmapSkills/src/Shared/DeventSoft.RoadmapSkills.Shared.Domain/DeventSoft.RoadmapSkills.Shared.Domain.csproj" (target "CoreBuild" depends on it):
  10:6>Done building target "BuildOnlySettings" in project "DeventSoft.RoadmapSkills.Shared.Domain.csproj".
   6:6>ResolveAssemblyReferences:
             The ImageRuntimeVersion for this reference is "".
   5:6>_CleanGetCurrentAndPriorFileWrites:
         Comparison path is "bin/Debug/net8.0/".
   6:6>ResolveAssemblyReferences:
         Primary reference "System.Net.Http.Json, Version=8.0.0.0, Culture=neutral, PublicKeyToken=cc7b13ffcd2ddd51".
  10:6>Target "_CheckForUnsupportedTargetFramework" skipped, due to false condition; ('$(_UnsupportedTargetFrameworkError)' == 'true') was evaluated as ('' == 'true').
   5:6>Done executing task "FindUnderPath".
   6:6>ResolveAssemblyReferences:
             Resolved file path is "/Users/dacanetdev/.nuget/packages/microsoft.netcore.app.ref/8.0.13/ref/net8.0/System.Net.Http.Json.dll".
  10:6>Target "_CheckForUnsupportedTargetPlatformIdentifier" skipped, due to false condition; ('$(TargetPlatformIdentifier)' != '' and '$(TargetFrameworkIdentifier)' == '.NETCoreApp' and $([MSBuild]::VersionGreaterThanOrEquals($(TargetFrameworkVersion), 5.0)) And ('$(DesignTimeBuild)' != 'true' Or '@(MissingWorkloadPack)' == '')) was evaluated as ('' != '' and '.NETCoreApp' == '.NETCoreApp' and True And ('' != 'true' Or '' == '')).
   5:6>Task "FindUnderPath"
   6:6>ResolveAssemblyReferences:
             Reference found at search path location "{RawFileName}".
  10:6>Target "_CheckForMissingWorkload" skipped, due to false condition; ('@(MissingWorkloadPack)' != '' And '$(DesignTimeBuild)' != 'true') was evaluated as ('' != '' And '' != 'true').
   5:6>_CleanGetCurrentAndPriorFileWrites:
         Comparison path is "obj/Debug/net8.0/".
   6:6>ResolveAssemblyReferences:
             This reference is not "CopyLocal" because at least one source item had "Private" set to "false" and no source items had "Private" set to "true".
             The ImageRuntimeVersion for this reference is "".
   5:6>Done executing task "FindUnderPath".
  10:6>Target "GetFrameworkPaths" in file "/usr/local/share/dotnet/sdk/9.0.200/Sdks/Microsoft.NET.Sdk/targets/Microsoft.NET.DisableStandardFrameworkResolution.targets" from project "/Users/dacanetdev/Dev/AIGenerated/RoadmapSkills/src/Shared/DeventSoft.RoadmapSkills.Shared.Domain/DeventSoft.RoadmapSkills.Shared.Domain.csproj" (target "PrepareForBuild" depends on it):
  10:6>Done building target "GetFrameworkPaths" in project "DeventSoft.RoadmapSkills.Shared.Domain.csproj".
   6:6>ResolveAssemblyReferences:
         Primary reference "System.Net.Http, Version=8.0.0.0, Culture=neutral, PublicKeyToken=b03f5f7f11d50a3a".
  10:6>Target "_CheckForUnsupportedTargetFramework" skipped, due to false condition; ('$(_UnsupportedTargetFrameworkError)' == 'true') was evaluated as ('' == 'true').
   6:6>ResolveAssemblyReferences:
             Resolved file path is "/Users/dacanetdev/.nuget/packages/microsoft.netcore.app.ref/8.0.13/ref/net8.0/System.Net.Http.dll".
   5:6>Task "RemoveDuplicates"
  10:6>Target "_CheckForUnsupportedTargetPlatformIdentifier" skipped, due to false condition; ('$(TargetPlatformIdentifier)' != '' and '$(TargetFrameworkIdentifier)' == '.NETCoreApp' and $([MSBuild]::VersionGreaterThanOrEquals($(TargetFrameworkVersion), 5.0)) And ('$(DesignTimeBuild)' != 'true' Or '@(MissingWorkloadPack)' == '')) was evaluated as ('' != '' and '.NETCoreApp' == '.NETCoreApp' and True And ('' != 'true' Or '' == '')).
   6:6>ResolveAssemblyReferences:
             Reference found at search path location "{RawFileName}".
   5:6>Done executing task "RemoveDuplicates".
  10:6>Target "_CheckForMissingWorkload" skipped, due to false condition; ('@(MissingWorkloadPack)' != '' And '$(DesignTimeBuild)' != 'true') was evaluated as ('' != '' And '' != 'true').
   6:6>ResolveAssemblyReferences:
             This reference is not "CopyLocal" because at least one source item had "Private" set to "false" and no source items had "Private" set to "true".
             The ImageRuntimeVersion for this reference is "".
   5:6>Done building target "_CleanGetCurrentAndPriorFileWrites" in project "DeventSoft.RoadmapSkills.Users.UnitTests.csproj".
   6:6>ResolveAssemblyReferences:
         Primary reference "System.Net.HttpListener, Version=8.0.0.0, Culture=neutral, PublicKeyToken=cc7b13ffcd2ddd51".
  10:6>Target "GetReferenceAssemblyPaths" in file "/usr/local/share/dotnet/sdk/9.0.200/Sdks/Microsoft.NET.Sdk/targets/Microsoft.NET.DisableStandardFrameworkResolution.targets" from project "/Users/dacanetdev/Dev/AIGenerated/RoadmapSkills/src/Shared/DeventSoft.RoadmapSkills.Shared.Domain/DeventSoft.RoadmapSkills.Shared.Domain.csproj" (target "PrepareForBuild" depends on it):
  10:6>Done building target "GetReferenceAssemblyPaths" in project "DeventSoft.RoadmapSkills.Shared.Domain.csproj".
   6:6>ResolveAssemblyReferences:
             Resolved file path is "/Users/dacanetdev/.nuget/packages/microsoft.netcore.app.ref/8.0.13/ref/net8.0/System.Net.HttpListener.dll".
   5:6>Target "IncrementalClean" in file "/usr/local/share/dotnet/sdk/9.0.200/Microsoft.Common.CurrentVersion.targets" from project "/Users/dacanetdev/Dev/AIGenerated/RoadmapSkills/tests/Modules/Users/DeventSoft.RoadmapSkills.Users.UnitTests/DeventSoft.RoadmapSkills.Users.UnitTests.csproj" (target "CoreBuild" depends on it):
   5:6>Task "FindUnderPath"
   6:6>ResolveAssemblyReferences:
             Reference found at search path location "{RawFileName}".
  10:6>Target "AssignLinkMetadata" skipped, due to false condition; ( '$(SynthesizeLinkMetadata)' == 'true' ) was evaluated as ( '' == 'true' ).
   5:6>IncrementalClean:
         Comparison path is "bin/Debug/net8.0/".
   6:6>ResolveAssemblyReferences:
             This reference is not "CopyLocal" because at least one source item had "Private" set to "false" and no source items had "Private" set to "true".
  10:6>Target "_VerifyPackReleaseConfigurations" skipped, due to false condition; ('$(_IsPacking)' == 'true' and '$(DOTNET_CLI_DISABLE_PUBLISH_AND_PACK_RELEASE)' != 'true' and '$(DOTNET_CLI_LAZY_PUBLISH_AND_PACK_RELEASE_FOR_SOLUTIONS)' == 'true') was evaluated as ('' == 'true' and '' != 'true' and '' == 'true').
   5:6>Done executing task "FindUnderPath".
   6:6>ResolveAssemblyReferences:
             The ImageRuntimeVersion for this reference is "".
   5:6>Task "FindUnderPath"
   6:6>ResolveAssemblyReferences:
         Primary reference "System.Net.Mail, Version=8.0.0.0, Culture=neutral, PublicKeyToken=cc7b13ffcd2ddd51".
  10:6>Target "PrepareForBuild" in file "/usr/local/share/dotnet/sdk/9.0.200/Microsoft.Common.CurrentVersion.targets" from project "/Users/dacanetdev/Dev/AIGenerated/RoadmapSkills/src/Shared/DeventSoft.RoadmapSkills.Shared.Domain/DeventSoft.RoadmapSkills.Shared.Domain.csproj" (target "CoreBuild" depends on it):
  10:6>Task "FindAppConfigFile"
   5:6>IncrementalClean:
         Comparison path is "obj/Debug/net8.0/".
   6:6>ResolveAssemblyReferences:
             Resolved file path is "/Users/dacanetdev/.nuget/packages/microsoft.netcore.app.ref/8.0.13/ref/net8.0/System.Net.Mail.dll".
  10:6>Done executing task "FindAppConfigFile".
   5:6>Done executing task "FindUnderPath".
   6:6>ResolveAssemblyReferences:
             Reference found at search path location "{RawFileName}".
  10:6>Task "MakeDir"
   5:6>IncrementalClean:
       Using "Delete" task from assembly "Microsoft.Build.Tasks.Core, Version=15.1.0.0, Culture=neutral, PublicKeyToken=b03f5f7f11d50a3a".
   6:6>ResolveAssemblyReferences:
             This reference is not "CopyLocal" because at least one source item had "Private" set to "false" and no source items had "Private" set to "true".
   5:6>Task "Delete"
   6:6>ResolveAssemblyReferences:
             The ImageRuntimeVersion for this reference is "".
   5:6>Done executing task "Delete".
   6:6>ResolveAssemblyReferences:
         Primary reference "System.Net.NameResolution, Version=8.0.0.0, Culture=neutral, PublicKeyToken=b03f5f7f11d50a3a".
             Resolved file path is "/Users/dacanetdev/.nuget/packages/microsoft.netcore.app.ref/8.0.13/ref/net8.0/System.Net.NameResolution.dll".
   5:6>Task "RemoveDuplicates"
   6:6>ResolveAssemblyReferences:
             Reference found at search path location "{RawFileName}".
   5:6>Done executing task "RemoveDuplicates".
   6:6>ResolveAssemblyReferences:
             This reference is not "CopyLocal" because at least one source item had "Private" set to "false" and no source items had "Private" set to "true".
             The ImageRuntimeVersion for this reference is "".
   5:6>IncrementalClean:
       Task "WriteLinesToFile" skipped, due to false condition; ('@(_CleanUnfilteredPriorFileWrites)'!='@(_CleanUniqueRemainingFileWritesAfterIncrementalClean)') was evaluated as ('/Users/dacanetdev/Dev/AIGenerated/RoadmapSkills/tests/Modules/Users/DeventSoft.RoadmapSkills.Users.UnitTests/bin/Debug/net8.0/xunit.runner.visualstudio.dotnetcore.testadapter.dll;/Users/dacanetdev/Dev/AIGenerated/RoadmapSkills/tests/Modules/Users/DeventSoft.RoadmapSkills.Users.UnitTests/bin/Debug/net8.0/xunit.runner.reporters.netcoreapp10.dll;/Users/dacanetdev/Dev/AIGenerated/RoadmapSkills/tests/Modules/Users/DeventSoft.RoadmapSkills.Users.UnitTests/bin/Debug/net8.0/xunit.runner.utility.netcoreapp10.dll;...'!='/Users/dacanetdev/Dev/AIGenerated/RoadmapSkills/tests/Modules/Users/DeventSoft.RoadmapSkills.Users.UnitTests/bin/Debug/net8.0/xunit.runner.visualstudio.dotnetcore.testadapter.dll;/Users/dacanetdev/Dev/AIGenerated/RoadmapSkills/tests/Modules/Users/DeventSoft.RoadmapSkills.Users.UnitTests/bin/Debug/net8.0/xunit.runner.reporters.netcoreapp10.dll;/Users/dacanetdev/Dev/AIGenerated/RoadmapSkills/tests/Modules/Users/DeventSoft.RoadmapSkills.Users.UnitTests/bin/Debug/net8.0/xunit.runner.utility.netcoreapp10.dll;...').
   6:6>ResolveAssemblyReferences:
         Primary reference "System.Net.NetworkInformation, Version=8.0.0.0, Culture=neutral, PublicKeyToken=b03f5f7f11d50a3a".
   5:6>Done building target "IncrementalClean" in project "DeventSoft.RoadmapSkills.Users.UnitTests.csproj".
   6:6>ResolveAssemblyReferences:
             Resolved file path is "/Users/dacanetdev/.nuget/packages/microsoft.netcore.app.ref/8.0.13/ref/net8.0/System.Net.NetworkInformation.dll".
             Reference found at search path location "{RawFileName}".
   5:6>Target "PostBuildEvent" skipped, due to false condition; ('$(PostBuildEvent)' != '' and ('$(RunPostBuildEvent)' != 'OnOutputUpdated' or '$(_AssemblyTimestampBeforeCompile)' != '$(_AssemblyTimestampAfterCompile)')) was evaluated as ('' != '' and ('' != 'OnOutputUpdated' or '' != '')).
   6:6>ResolveAssemblyReferences:
             This reference is not "CopyLocal" because at least one source item had "Private" set to "false" and no source items had "Private" set to "true".
   5:6>Target "GenerateBuildDependencyFile" skipped. Previously built successfully.
   6:6>ResolveAssemblyReferences:
             The ImageRuntimeVersion for this reference is "".
   2:6>CopyFilesToOutputDirectory:
         Reference assembly "/Users/dacanetdev/Dev/AIGenerated/RoadmapSkills/tests/Modules/Users/DeventSoft.RoadmapSkills.Users.IntegrationTests/obj/Debug/net8.0/ref/DeventSoft.RoadmapSkills.Users.IntegrationTests.dll" already has latest information. Leaving it untouched.
   5:6>Target "GenerateBuildRuntimeConfigurationFiles" skipped. Previously built successfully.
   6:6>ResolveAssemblyReferences:
         Primary reference "System.Net.Ping, Version=8.0.0.0, Culture=neutral, PublicKeyToken=b03f5f7f11d50a3a".
   2:6>Done executing task "CopyRefAssembly".
   5:6>Target "CoreBuild" in file "/usr/local/share/dotnet/sdk/9.0.200/Microsoft.Common.CurrentVersion.targets" from project "/Users/dacanetdev/Dev/AIGenerated/RoadmapSkills/tests/Modules/Users/DeventSoft.RoadmapSkills.Users.UnitTests/DeventSoft.RoadmapSkills.Users.UnitTests.csproj" (target "Build" depends on it):
   5:6>Done building target "CoreBuild" in project "DeventSoft.RoadmapSkills.Users.UnitTests.csproj".
   6:6>ResolveAssemblyReferences:
             Resolved file path is "/Users/dacanetdev/.nuget/packages/microsoft.netcore.app.ref/8.0.13/ref/net8.0/System.Net.Ping.dll".
   2:6>Task "Message"
   6:6>ResolveAssemblyReferences:
             Reference found at search path location "{RawFileName}".
   5:6>Target "AfterBuild" in file "/usr/local/share/dotnet/sdk/9.0.200/Microsoft.Common.CurrentVersion.targets" from project "/Users/dacanetdev/Dev/AIGenerated/RoadmapSkills/tests/Modules/Users/DeventSoft.RoadmapSkills.Users.UnitTests/DeventSoft.RoadmapSkills.Users.UnitTests.csproj" (target "Build" depends on it):
   5:6>Done building target "AfterBuild" in project "DeventSoft.RoadmapSkills.Users.UnitTests.csproj".
   6:6>ResolveAssemblyReferences:
             This reference is not "CopyLocal" because at least one source item had "Private" set to "false" and no source items had "Private" set to "true".
  10:6>Done executing task "MakeDir".
   6:6>ResolveAssemblyReferences:
             The ImageRuntimeVersion for this reference is "".
   5:6>Target "_CheckBrowserWorkloadNeededButNotAvailable" skipped, due to false condition; ('$(RuntimeIdentifier)' == 'browser-wasm' and '$(_BrowserWorkloadDisabled)' != 'true' and '$(WasmNativeWorkloadAvailable)' != 'true') was evaluated as ('' == 'browser-wasm' and '' != 'true' and '' != 'true').
  10:6>Done building target "PrepareForBuild" in project "DeventSoft.RoadmapSkills.Shared.Domain.csproj".
   6:6>ResolveAssemblyReferences:
         Primary reference "System.Net.Primitives, Version=8.0.0.0, Culture=neutral, PublicKeyToken=b03f5f7f11d50a3a".
   5:6>Target "_ErrorWorkloadDisabledForTFMLessThan6" skipped, due to false condition; ('$(_BrowserWorkloadNotSupportedForTFM)' == 'true') was evaluated as ('' == 'true').
   6:6>ResolveAssemblyReferences:
             Resolved file path is "/Users/dacanetdev/.nuget/packages/microsoft.netcore.app.ref/8.0.13/ref/net8.0/System.Net.Primitives.dll".
   5:6>Target "_ErrorDualWasmThreadPropsOn7" skipped, due to false condition; ('$(TargetsNet7)' == 'true' and '$(RuntimeIdentifier)' == 'browser-wasm' and
    '$(BrowserWorkloadDisabled)' != 'true' and '$(WasmEnableThreads)' == 'true' and '$(WasmEnablePerfTrace)' == 'true') was evaluated as ('' == 'true' and '' == 'browser-wasm' and
    '' != 'true' and '' == 'true' and '' == 'true').
   6:6>ResolveAssemblyReferences:
             Reference found at search path location "{RawFileName}".
  10:6>Target "GenerateGlobalUsings" in file "/usr/local/share/dotnet/sdk/9.0.200/Sdks/Microsoft.NET.Sdk/targets/Microsoft.NET.GenerateGlobalUsings.targets" from project "/Users/dacanetdev/Dev/AIGenerated/RoadmapSkills/src/Shared/DeventSoft.RoadmapSkills.Shared.Domain/DeventSoft.RoadmapSkills.Shared.Domain.csproj" (target "CoreBuild" depends on it):
  10:6>Using "GenerateGlobalUsings" task from assembly "/usr/local/share/dotnet/sdk/9.0.200/Sdks/Microsoft.NET.Sdk/targets/../tools/net9.0/Microsoft.NET.Build.Tasks.dll".
   5:6>Target "_CheckForInvalidConfigurationAndPlatform" skipped. Previously built successfully.
   6:6>ResolveAssemblyReferences:
             This reference is not "CopyLocal" because at least one source item had "Private" set to "false" and no source items had "Private" set to "true".
   5:6>Target "_CheckForInvalidConfigurationAndPlatform" skipped. Previously built successfully.
   6:6>ResolveAssemblyReferences:
             The ImageRuntimeVersion for this reference is "".
  10:6>Task "GenerateGlobalUsings"
   6:6>ResolveAssemblyReferences:
         Primary reference "System.Net.Quic, Version=8.0.0.0, Culture=neutral, PublicKeyToken=b03f5f7f11d50a3a".
   5:6>Target "Build" in file "/usr/local/share/dotnet/sdk/9.0.200/Microsoft.Common.CurrentVersion.targets" from project "/Users/dacanetdev/Dev/AIGenerated/RoadmapSkills/tests/Modules/Users/DeventSoft.RoadmapSkills.Users.UnitTests/DeventSoft.RoadmapSkills.Users.UnitTests.csproj" (entry point):
   5:6>Done building target "Build" in project "DeventSoft.RoadmapSkills.Users.UnitTests.csproj".
   6:6>ResolveAssemblyReferences:
             Resolved file path is "/Users/dacanetdev/.nuget/packages/microsoft.netcore.app.ref/8.0.13/ref/net8.0/System.Net.Quic.dll".
             Reference found at search path location "{RawFileName}".
   5:6>Target "_PackAsBuildAfterTarget" skipped, due to false condition; ('$(GeneratePackageOnBuild)' == 'true' AND '$(IsInnerBuild)' != 'true') was evaluated as ('false' == 'true' AND '' != 'true').
   6:6>ResolveAssemblyReferences:
             This reference is not "CopyLocal" because at least one source item had "Private" set to "false" and no source items had "Private" set to "true".
             The ImageRuntimeVersion for this reference is "".
   2:6>CopyFilesToOutputDirectory:
         DeventSoft.RoadmapSkills.Users.IntegrationTests -> /Users/dacanetdev/Dev/AIGenerated/RoadmapSkills/tests/Modules/Users/DeventSoft.RoadmapSkills.Users.IntegrationTests/bin/Debug/net8.0/DeventSoft.RoadmapSkills.Users.IntegrationTests.dll
   6:6>ResolveAssemblyReferences:
         Primary reference "System.Net.Requests, Version=8.0.0.0, Culture=neutral, PublicKeyToken=b03f5f7f11d50a3a".
   5:6>Target "_CheckContainersPackage" in file "/usr/local/share/dotnet/sdk/9.0.200/Containers/build/Microsoft.NET.Build.Containers.targets" from project "/Users/dacanetdev/Dev/AIGenerated/RoadmapSkills/tests/Modules/Users/DeventSoft.RoadmapSkills.Users.UnitTests/DeventSoft.RoadmapSkills.Users.UnitTests.csproj" (entry point):
   5:6>Task "Warning" skipped, due to false condition; ($(_ContainerPackageIsPresent)
        and (
          ($(_SdkCanPublishWeb) and $(_IsWebProject)) or
          ($(_SdkCanPublishWorker) and $(_IsWorkerProject)) or
          ($(_SdkCanPublishConsole) and '$(EnableSdkContainerSupport)' == 'true')
        )) was evaluated as (false
        and (
          (True and false) or
          (True and false) or
          (True and '' == 'true')
        )).
   2:6>Done executing task "Message".
   6:6>ResolveAssemblyReferences:
             Resolved file path is "/Users/dacanetdev/.nuget/packages/microsoft.netcore.app.ref/8.0.13/ref/net8.0/System.Net.Requests.dll".
   5:6>Done building target "_CheckContainersPackage" in project "DeventSoft.RoadmapSkills.Users.UnitTests.csproj".
   6:6>ResolveAssemblyReferences:
             Reference found at search path location "{RawFileName}".
   2:6>CopyFilesToOutputDirectory:
       Task "Copy" skipped, due to false condition; ('@(AddModules)' != '') was evaluated as ('' != '').
   5:6>Done Building Project "/Users/dacanetdev/Dev/AIGenerated/RoadmapSkills/tests/Modules/Users/DeventSoft.RoadmapSkills.Users.UnitTests/DeventSoft.RoadmapSkills.Users.UnitTests.csproj" (default targets).
   6:6>ResolveAssemblyReferences:
             This reference is not "CopyLocal" because at least one source item had "Private" set to "false" and no source items had "Private" set to "true".
   2:6>CopyFilesToOutputDirectory:
       Task "Copy" skipped, due to false condition; ('$(_SGenDllCreated)'=='true') was evaluated as ('false'=='true').
   6:6>ResolveAssemblyReferences:
             The ImageRuntimeVersion for this reference is "".
         Primary reference "System.Net.Security, Version=8.0.0.0, Culture=neutral, PublicKeyToken=b03f5f7f11d50a3a".
   2:6>Task "Copy"
   6:6>ResolveAssemblyReferences:
             Resolved file path is "/Users/dacanetdev/.nuget/packages/microsoft.netcore.app.ref/8.0.13/ref/net8.0/System.Net.Security.dll".
             Reference found at search path location "{RawFileName}".
  10:6>Done executing task "GenerateGlobalUsings".
   6:6>ResolveAssemblyReferences:
             This reference is not "CopyLocal" because at least one source item had "Private" set to "false" and no source items had "Private" set to "true".
             The ImageRuntimeVersion for this reference is "".
  10:6>Task "WriteLinesToFile"
   6:6>ResolveAssemblyReferences:
         Primary reference "System.Net.ServicePoint, Version=8.0.0.0, Culture=neutral, PublicKeyToken=cc7b13ffcd2ddd51".
             Resolved file path is "/Users/dacanetdev/.nuget/packages/microsoft.netcore.app.ref/8.0.13/ref/net8.0/System.Net.ServicePoint.dll".
             Reference found at search path location "{RawFileName}".
             This reference is not "CopyLocal" because at least one source item had "Private" set to "false" and no source items had "Private" set to "true".
             The ImageRuntimeVersion for this reference is "".
         Primary reference "System.Net.Sockets, Version=8.0.0.0, Culture=neutral, PublicKeyToken=b03f5f7f11d50a3a".
             Resolved file path is "/Users/dacanetdev/.nuget/packages/microsoft.netcore.app.ref/8.0.13/ref/net8.0/System.Net.Sockets.dll".
             Reference found at search path location "{RawFileName}".
             This reference is not "CopyLocal" because at least one source item had "Private" set to "false" and no source items had "Private" set to "true".
             The ImageRuntimeVersion for this reference is "".
         Primary reference "System.Net.WebClient, Version=8.0.0.0, Culture=neutral, PublicKeyToken=cc7b13ffcd2ddd51".
             Resolved file path is "/Users/dacanetdev/.nuget/packages/microsoft.netcore.app.ref/8.0.13/ref/net8.0/System.Net.WebClient.dll".
             Reference found at search path location "{RawFileName}".
             This reference is not "CopyLocal" because at least one source item had "Private" set to "false" and no source items had "Private" set to "true".
             The ImageRuntimeVersion for this reference is "".
         Primary reference "System.Net.WebHeaderCollection, Version=8.0.0.0, Culture=neutral, PublicKeyToken=b03f5f7f11d50a3a".
             Resolved file path is "/Users/dacanetdev/.nuget/packages/microsoft.netcore.app.ref/8.0.13/ref/net8.0/System.Net.WebHeaderCollection.dll".
             Reference found at search path location "{RawFileName}".
             This reference is not "CopyLocal" because at least one source item had "Private" set to "false" and no source items had "Private" set to "true".
             The ImageRuntimeVersion for this reference is "".
         Primary reference "System.Net.WebProxy, Version=8.0.0.0, Culture=neutral, PublicKeyToken=cc7b13ffcd2ddd51".
             Resolved file path is "/Users/dacanetdev/.nuget/packages/microsoft.netcore.app.ref/8.0.13/ref/net8.0/System.Net.WebProxy.dll".
             Reference found at search path location "{RawFileName}".
             This reference is not "CopyLocal" because at least one source item had "Private" set to "false" and no source items had "Private" set to "true".
             The ImageRuntimeVersion for this reference is "".
         Primary reference "System.Net.WebSockets.Client, Version=8.0.0.0, Culture=neutral, PublicKeyToken=b03f5f7f11d50a3a".
             Resolved file path is "/Users/dacanetdev/.nuget/packages/microsoft.netcore.app.ref/8.0.13/ref/net8.0/System.Net.WebSockets.Client.dll".
             Reference found at search path location "{RawFileName}".
             This reference is not "CopyLocal" because at least one source item had "Private" set to "false" and no source items had "Private" set to "true".
             The ImageRuntimeVersion for this reference is "".
         Primary reference "System.Net.WebSockets, Version=8.0.0.0, Culture=neutral, PublicKeyToken=b03f5f7f11d50a3a".
             Resolved file path is "/Users/dacanetdev/.nuget/packages/microsoft.netcore.app.ref/8.0.13/ref/net8.0/System.Net.WebSockets.dll".
             Reference found at search path location "{RawFileName}".
             This reference is not "CopyLocal" because at least one source item had "Private" set to "false" and no source items had "Private" set to "true".
             The ImageRuntimeVersion for this reference is "".
         Primary reference "System.Net, Version=4.0.0.0, Culture=neutral, PublicKeyToken=b03f5f7f11d50a3a".
             Resolved file path is "/Users/dacanetdev/.nuget/packages/microsoft.netcore.app.ref/8.0.13/ref/net8.0/System.Net.dll".
             Reference found at search path location "{RawFileName}".
             This reference is not "CopyLocal" because at least one source item had "Private" set to "false" and no source items had "Private" set to "true".
             The ImageRuntimeVersion for this reference is "".
         Primary reference "System.Numerics.Vectors, Version=8.0.0.0, Culture=neutral, PublicKeyToken=b03f5f7f11d50a3a".
  10:6>GenerateGlobalUsings:
         Skipping write to file "obj/Debug/net8.0/DeventSoft.RoadmapSkills.Shared.Domain.GlobalUsings.g.cs" because content would not change.
   6:6>ResolveAssemblyReferences:
             Resolved file path is "/Users/dacanetdev/.nuget/packages/microsoft.netcore.app.ref/8.0.13/ref/net8.0/System.Numerics.Vectors.dll".
             Reference found at search path location "{RawFileName}".
  10:6>Done executing task "WriteLinesToFile".
   6:6>ResolveAssemblyReferences:
             This reference is not "CopyLocal" because at least one source item had "Private" set to "false" and no source items had "Private" set to "true".
             The ImageRuntimeVersion for this reference is "".
         Primary reference "System.Numerics, Version=4.0.0.0, Culture=neutral, PublicKeyToken=b77a5c561934e089".
  10:6>Done building target "GenerateGlobalUsings" in project "DeventSoft.RoadmapSkills.Shared.Domain.csproj".
   6:6>ResolveAssemblyReferences:
             Resolved file path is "/Users/dacanetdev/.nuget/packages/microsoft.netcore.app.ref/8.0.13/ref/net8.0/System.Numerics.dll".
             Reference found at search path location "{RawFileName}".
             This reference is not "CopyLocal" because at least one source item had "Private" set to "false" and no source items had "Private" set to "true".
  10:6>Target "PreBuildEvent" skipped, due to false condition; ('$(PreBuildEvent)'!='') was evaluated as (''!='').
   6:6>ResolveAssemblyReferences:
             The ImageRuntimeVersion for this reference is "".
         Primary reference "System.ObjectModel, Version=8.0.0.0, Culture=neutral, PublicKeyToken=b03f5f7f11d50a3a".
             Resolved file path is "/Users/dacanetdev/.nuget/packages/microsoft.netcore.app.ref/8.0.13/ref/net8.0/System.ObjectModel.dll".
  10:6>Target "BeforeResolveReferences" in file "/usr/local/share/dotnet/sdk/9.0.200/Microsoft.Common.CurrentVersion.targets" from project "/Users/dacanetdev/Dev/AIGenerated/RoadmapSkills/src/Shared/DeventSoft.RoadmapSkills.Shared.Domain/DeventSoft.RoadmapSkills.Shared.Domain.csproj" (target "ResolveReferences" depends on it):
  10:6>Done building target "BeforeResolveReferences" in project "DeventSoft.RoadmapSkills.Shared.Domain.csproj".
   6:6>ResolveAssemblyReferences:
             Reference found at search path location "{RawFileName}".
             This reference is not "CopyLocal" because at least one source item had "Private" set to "false" and no source items had "Private" set to "true".
             The ImageRuntimeVersion for this reference is "".
         Primary reference "System.Reflection.DispatchProxy, Version=8.0.0.0, Culture=neutral, PublicKeyToken=b03f5f7f11d50a3a".
             Resolved file path is "/Users/dacanetdev/.nuget/packages/microsoft.netcore.app.ref/8.0.13/ref/net8.0/System.Reflection.DispatchProxy.dll".
             Reference found at search path location "{RawFileName}".
             This reference is not "CopyLocal" because at least one source item had "Private" set to "false" and no source items had "Private" set to "true".
  10:6>Target "IgnoreJavaScriptOutputAssembly" in file "/usr/local/share/dotnet/sdk/9.0.200/Microsoft.Common.CurrentVersion.targets" from project "/Users/dacanetdev/Dev/AIGenerated/RoadmapSkills/src/Shared/DeventSoft.RoadmapSkills.Shared.Domain/DeventSoft.RoadmapSkills.Shared.Domain.csproj" (target "AssignProjectConfiguration" depends on it):
  10:6>Done building target "IgnoreJavaScriptOutputAssembly" in project "DeventSoft.RoadmapSkills.Shared.Domain.csproj".
   6:6>ResolveAssemblyReferences:
             The ImageRuntimeVersion for this reference is "".
  10:6>Target "ProcessFrameworkReferences" skipped. Previously built successfully.
   6:6>ResolveAssemblyReferences:
         Primary reference "System.Reflection.Emit.ILGeneration, Version=8.0.0.0, Culture=neutral, PublicKeyToken=b03f5f7f11d50a3a".
             Resolved file path is "/Users/dacanetdev/.nuget/packages/microsoft.netcore.app.ref/8.0.13/ref/net8.0/System.Reflection.Emit.ILGeneration.dll".
             Reference found at search path location "{RawFileName}".
  10:6>Target "_DefaultMicrosoftNETPlatformLibrary" in file "/usr/local/share/dotnet/sdk/9.0.200/Sdks/Microsoft.NET.Sdk/targets/Microsoft.NET.Sdk.Shared.targets" from project "/Users/dacanetdev/Dev/AIGenerated/RoadmapSkills/src/Shared/DeventSoft.RoadmapSkills.Shared.Domain/DeventSoft.RoadmapSkills.Shared.Domain.csproj" (target "ResolvePackageAssets" depends on it):
  10:6>Done building target "_DefaultMicrosoftNETPlatformLibrary" in project "DeventSoft.RoadmapSkills.Shared.Domain.csproj".
   6:6>ResolveAssemblyReferences:
             This reference is not "CopyLocal" because at least one source item had "Private" set to "false" and no source items had "Private" set to "true".
             The ImageRuntimeVersion for this reference is "".
         Primary reference "System.Reflection.Emit.Lightweight, Version=8.0.0.0, Culture=neutral, PublicKeyToken=b03f5f7f11d50a3a".
  10:6>Target "_ComputePackageReferencePublish" in file "/usr/local/share/dotnet/sdk/9.0.200/Sdks/Microsoft.NET.Sdk/targets/Microsoft.NET.Sdk.Shared.targets" from project "/Users/dacanetdev/Dev/AIGenerated/RoadmapSkills/src/Shared/DeventSoft.RoadmapSkills.Shared.Domain/DeventSoft.RoadmapSkills.Shared.Domain.csproj" (target "ResolvePackageAssets" depends on it):
  10:6>Done building target "_ComputePackageReferencePublish" in project "DeventSoft.RoadmapSkills.Shared.Domain.csproj".
   2:6>CopyFilesToOutputDirectory:
         Did not copy from file "obj/Debug/net8.0/DeventSoft.RoadmapSkills.Users.IntegrationTests.pdb" to file "bin/Debug/net8.0/DeventSoft.RoadmapSkills.Users.IntegrationTests.pdb" because the "SkipUnchangedFiles" parameter was set to "true" in the project and the files' sizes and timestamps match.
   6:6>ResolveAssemblyReferences:
             Resolved file path is "/Users/dacanetdev/.nuget/packages/microsoft.netcore.app.ref/8.0.13/ref/net8.0/System.Reflection.Emit.Lightweight.dll".
             Reference found at search path location "{RawFileName}".
   2:6>Done executing task "Copy".
  10:6>Target "_ResolveCompilerVersion" skipped, due to false condition; ('$(CompilerApiVersion)' == '' And
                     ('$(Language)' == 'C#' Or '$(Language)' == 'VB') And
                     Exists('$(RoslynTargetsPath)\Microsoft.Build.Tasks.CodeAnalysis.dll')) was evaluated as ('roslyn4.13' == '' And
                     ('C#' == 'C#' Or 'C#' == 'VB') And
                     Exists('/usr/local/share/dotnet/sdk/9.0.200/Roslyn\Microsoft.Build.Tasks.CodeAnalysis.dll')).
   6:6>ResolveAssemblyReferences:
             This reference is not "CopyLocal" because at least one source item had "Private" set to "false" and no source items had "Private" set to "true".
             The ImageRuntimeVersion for this reference is "".
   2:6>CopyFilesToOutputDirectory:
       Task "Copy" skipped, due to false condition; ('$(_DocumentationFileProduced)'=='true' and '$(CopyDocumentationFileToOutputDirectory)'=='true') was evaluated as ('false'=='true' and 'true'=='true').
   6:6>ResolveAssemblyReferences:
         Primary reference "System.Reflection.Emit, Version=8.0.0.0, Culture=neutral, PublicKeyToken=b03f5f7f11d50a3a".
             Resolved file path is "/Users/dacanetdev/.nuget/packages/microsoft.netcore.app.ref/8.0.13/ref/net8.0/System.Reflection.Emit.dll".
   2:6>CopyFilesToOutputDirectory:
       Task "Copy" skipped, due to false condition; ('@(IntermediateSatelliteAssembliesWithTargetPath)' != '') was evaluated as ('' != '').
   6:6>ResolveAssemblyReferences:
             Reference found at search path location "{RawFileName}".
             This reference is not "CopyLocal" because at least one source item had "Private" set to "false" and no source items had "Private" set to "true".
   2:6>CopyFilesToOutputDirectory:
       Task "Copy" skipped, due to false condition; ('@(ReferenceComWrappersToCopyLocal)' != '' or '@(ResolvedIsolatedComModules)' != '' or '@(_DeploymentLooseManifestFile)' != '' or '@(NativeReferenceFile)' != '' ) was evaluated as ('' != '' or '' != '' or '' != '' or '' != '' ).
   6:6>ResolveAssemblyReferences:
             The ImageRuntimeVersion for this reference is "".
   2:6>CopyFilesToOutputDirectory:
       Task "Copy" skipped, due to false condition; ('$(SkipCopyWinMDArtifact)' != 'true' and '@(WinMDExpArtifacts)' != '') was evaluated as ('' != 'true' and '' != '').
   6:6>ResolveAssemblyReferences:
         Primary reference "System.Reflection.Extensions, Version=8.0.0.0, Culture=neutral, PublicKeyToken=b03f5f7f11d50a3a".
   2:6>CopyFilesToOutputDirectory:
       Task "Message" skipped, due to false condition; ('$(SkipCopyWinMDArtifact)' != 'true' and '$(_WindowsMetadataOutputPath)' != '') was evaluated as ('' != 'true' and '' != '').
   6:6>ResolveAssemblyReferences:
             Resolved file path is "/Users/dacanetdev/.nuget/packages/microsoft.netcore.app.ref/8.0.13/ref/net8.0/System.Reflection.Extensions.dll".
             Reference found at search path location "{RawFileName}".
   2:6>Done building target "CopyFilesToOutputDirectory" in project "DeventSoft.RoadmapSkills.Users.IntegrationTests.csproj".
   6:6>ResolveAssemblyReferences:
             This reference is not "CopyLocal" because at least one source item had "Private" set to "false" and no source items had "Private" set to "true".
             The ImageRuntimeVersion for this reference is "".
   2:6>Target "_CopyReferenceOnlyAssembliesForBuild" skipped, due to false condition; ('$(PreserveCompilationReferences)' == 'true') was evaluated as ('' == 'true').
   6:6>ResolveAssemblyReferences:
         Primary reference "System.Reflection.Metadata, Version=8.0.0.0, Culture=neutral, PublicKeyToken=b03f5f7f11d50a3a".
             Resolved file path is "/Users/dacanetdev/.nuget/packages/microsoft.netcore.app.ref/8.0.13/ref/net8.0/System.Reflection.Metadata.dll".
             Reference found at search path location "{RawFileName}".
   2:6>Target "PrepareForRun" in file "/usr/local/share/dotnet/sdk/9.0.200/Microsoft.Common.CurrentVersion.targets" from project "/Users/dacanetdev/Dev/AIGenerated/RoadmapSkills/tests/Modules/Users/DeventSoft.RoadmapSkills.Users.IntegrationTests/DeventSoft.RoadmapSkills.Users.IntegrationTests.csproj" (target "CoreBuild" depends on it):
   2:6>Done building target "PrepareForRun" in project "DeventSoft.RoadmapSkills.Users.IntegrationTests.csproj".
   6:6>ResolveAssemblyReferences:
             This reference is not "CopyLocal" because at least one source item had "Private" set to "false" and no source items had "Private" set to "true".
   2:6>Target "UnmanagedRegistration" skipped, due to false condition; ('$(RegisterForComInterop)'=='true' and '$(OutputType)'=='library') was evaluated as (''=='true' and 'Exe'=='library').
   6:6>ResolveAssemblyReferences:
             The ImageRuntimeVersion for this reference is "".
  10:6>Target "ResolvePackageAssets" in file "/usr/local/share/dotnet/sdk/9.0.200/Sdks/Microsoft.NET.Sdk/targets/Microsoft.PackageDependencyResolution.targets" from project "/Users/dacanetdev/Dev/AIGenerated/RoadmapSkills/src/Shared/DeventSoft.RoadmapSkills.Shared.Domain/DeventSoft.RoadmapSkills.Shared.Domain.csproj" (target "ResolveLockFileReferences" depends on it):
  10:6>Using "ResolvePackageAssets" task from assembly "/usr/local/share/dotnet/sdk/9.0.200/Sdks/Microsoft.NET.Sdk/targets/../tools/net9.0/Microsoft.NET.Build.Tasks.dll".
   6:6>ResolveAssemblyReferences:
         Primary reference "System.Reflection.Primitives, Version=8.0.0.0, Culture=neutral, PublicKeyToken=b03f5f7f11d50a3a".
   2:6>Target "_CheckForCompileOutputs" skipped. Previously built successfully.
  10:6>Task "ResolvePackageAssets"
   6:6>ResolveAssemblyReferences:
             Resolved file path is "/Users/dacanetdev/.nuget/packages/microsoft.netcore.app.ref/8.0.13/ref/net8.0/System.Reflection.Primitives.dll".
   2:6>Target "_SGenCheckForOutputs" skipped, due to false condition; ('$(_SGenGenerateSerializationAssembliesConfig)' == 'On' or ('@(WebReferenceUrl)'!='' and '$(_SGenGenerateSerializationAssembliesConfig)' == 'Auto')) was evaluated as ('Off' == 'On' or (''!='' and 'Off' == 'Auto')).
   6:6>ResolveAssemblyReferences:
             Reference found at search path location "{RawFileName}".
             This reference is not "CopyLocal" because at least one source item had "Private" set to "false" and no source items had "Private" set to "true".
             The ImageRuntimeVersion for this reference is "".
   2:6>Target "_CleanGetCurrentAndPriorFileWrites" in file "/usr/local/share/dotnet/sdk/9.0.200/Microsoft.Common.CurrentVersion.targets" from project "/Users/dacanetdev/Dev/AIGenerated/RoadmapSkills/tests/Modules/Users/DeventSoft.RoadmapSkills.Users.IntegrationTests/DeventSoft.RoadmapSkills.Users.IntegrationTests.csproj" (target "IncrementalClean" depends on it):
   2:6>Using "ReadLinesFromFile" task from assembly "Microsoft.Build.Tasks.Core, Version=15.1.0.0, Culture=neutral, PublicKeyToken=b03f5f7f11d50a3a".
   6:6>ResolveAssemblyReferences:
         Primary reference "System.Reflection.TypeExtensions, Version=8.0.0.0, Culture=neutral, PublicKeyToken=b03f5f7f11d50a3a".
   2:6>Task "ReadLinesFromFile"
   6:6>ResolveAssemblyReferences:
             Resolved file path is "/Users/dacanetdev/.nuget/packages/microsoft.netcore.app.ref/8.0.13/ref/net8.0/System.Reflection.TypeExtensions.dll".
             Reference found at search path location "{RawFileName}".
             This reference is not "CopyLocal" because at least one source item had "Private" set to "false" and no source items had "Private" set to "true".
             The ImageRuntimeVersion for this reference is "".
         Primary reference "System.Reflection, Version=8.0.0.0, Culture=neutral, PublicKeyToken=b03f5f7f11d50a3a".
             Resolved file path is "/Users/dacanetdev/.nuget/packages/microsoft.netcore.app.ref/8.0.13/ref/net8.0/System.Reflection.dll".
             Reference found at search path location "{RawFileName}".
             This reference is not "CopyLocal" because at least one source item had "Private" set to "false" and no source items had "Private" set to "true".
             The ImageRuntimeVersion for this reference is "".
         Primary reference "System.Resources.Reader, Version=8.0.0.0, Culture=neutral, PublicKeyToken=b03f5f7f11d50a3a".
             Resolved file path is "/Users/dacanetdev/.nuget/packages/microsoft.netcore.app.ref/8.0.13/ref/net8.0/System.Resources.Reader.dll".
             Reference found at search path location "{RawFileName}".
             This reference is not "CopyLocal" because at least one source item had "Private" set to "false" and no source items had "Private" set to "true".
             The ImageRuntimeVersion for this reference is "".
         Primary reference "System.Resources.ResourceManager, Version=8.0.0.0, Culture=neutral, PublicKeyToken=b03f5f7f11d50a3a".
             Resolved file path is "/Users/dacanetdev/.nuget/packages/microsoft.netcore.app.ref/8.0.13/ref/net8.0/System.Resources.ResourceManager.dll".
             Reference found at search path location "{RawFileName}".
             This reference is not "CopyLocal" because at least one source item had "Private" set to "false" and no source items had "Private" set to "true".
             The ImageRuntimeVersion for this reference is "".
         Primary reference "System.Resources.Writer, Version=8.0.0.0, Culture=neutral, PublicKeyToken=b03f5f7f11d50a3a".
             Resolved file path is "/Users/dacanetdev/.nuget/packages/microsoft.netcore.app.ref/8.0.13/ref/net8.0/System.Resources.Writer.dll".
             Reference found at search path location "{RawFileName}".
             This reference is not "CopyLocal" because at least one source item had "Private" set to "false" and no source items had "Private" set to "true".
             The ImageRuntimeVersion for this reference is "".
         Primary reference "System.Runtime.CompilerServices.Unsafe, Version=8.0.0.0, Culture=neutral, PublicKeyToken=b03f5f7f11d50a3a".
             Resolved file path is "/Users/dacanetdev/.nuget/packages/microsoft.netcore.app.ref/8.0.13/ref/net8.0/System.Runtime.CompilerServices.Unsafe.dll".
             Reference found at search path location "{RawFileName}".
             This reference is not "CopyLocal" because at least one source item had "Private" set to "false" and no source items had "Private" set to "true".
             The ImageRuntimeVersion for this reference is "".
         Primary reference "System.Runtime.CompilerServices.VisualC, Version=8.0.0.0, Culture=neutral, PublicKeyToken=b03f5f7f11d50a3a".
             Resolved file path is "/Users/dacanetdev/.nuget/packages/microsoft.netcore.app.ref/8.0.13/ref/net8.0/System.Runtime.CompilerServices.VisualC.dll".
             Reference found at search path location "{RawFileName}".
             This reference is not "CopyLocal" because at least one source item had "Private" set to "false" and no source items had "Private" set to "true".
             The ImageRuntimeVersion for this reference is "".
         Primary reference "System.Runtime.Extensions, Version=8.0.0.0, Culture=neutral, PublicKeyToken=b03f5f7f11d50a3a".
             Resolved file path is "/Users/dacanetdev/.nuget/packages/microsoft.netcore.app.ref/8.0.13/ref/net8.0/System.Runtime.Extensions.dll".
     0>Property reassignment: $(ResolveAssemblyReferencesDependsOn)="
      
      
      ResolveProjectReferences;
      FindInvalidProjectReferences;
      GetFrameworkPaths;
      GetReferenceAssemblyPaths;
      PrepareForBuild;
      ResolveSDKReferences;
      ExpandSDKReferences;
    ;
      ResolvePackageDependenciesForBuild;
      _HandlePackageFileConflicts;
    ;
      ResolveTargetingPackAssets;
    " (previous value: "
      
      ResolveProjectReferences;
      FindInvalidProjectReferences;
      GetFrameworkPaths;
      GetReferenceAssemblyPaths;
      PrepareForBuild;
      ResolveSDKReferences;
      ExpandSDKReferences;
    ;
      ResolvePackageDependenciesForBuild;
      _HandlePackageFileConflicts;
    ") at /usr/local/share/dotnet/sdk/9.0.200/Sdks/Microsoft.NET.Sdk/targets/Microsoft.NET.Sdk.FrameworkReferenceResolution.targets (14,5)
   6:6>ResolveAssemblyReferences:
             Reference found at search path location "{RawFileName}".
             This reference is not "CopyLocal" because at least one source item had "Private" set to "false" and no source items had "Private" set to "true".
             The ImageRuntimeVersion for this reference is "".
         Primary reference "System.Runtime.Handles, Version=8.0.0.0, Culture=neutral, PublicKeyToken=b03f5f7f11d50a3a".
             Resolved file path is "/Users/dacanetdev/.nuget/packages/microsoft.netcore.app.ref/8.0.13/ref/net8.0/System.Runtime.Handles.dll".
             Reference found at search path location "{RawFileName}".
             This reference is not "CopyLocal" because at least one source item had "Private" set to "false" and no source items had "Private" set to "true".
             The ImageRuntimeVersion for this reference is "".
         Primary reference "System.Runtime.InteropServices.JavaScript, Version=8.0.0.0, Culture=neutral, PublicKeyToken=b03f5f7f11d50a3a".
             Resolved file path is "/Users/dacanetdev/.nuget/packages/microsoft.netcore.app.ref/8.0.13/ref/net8.0/System.Runtime.InteropServices.JavaScript.dll".
             Reference found at search path location "{RawFileName}".
             This reference is not "CopyLocal" because at least one source item had "Private" set to "false" and no source items had "Private" set to "true".
             The ImageRuntimeVersion for this reference is "".
         Primary reference "System.Runtime.InteropServices.RuntimeInformation, Version=8.0.0.0, Culture=neutral, PublicKeyToken=b03f5f7f11d50a3a".
             Resolved file path is "/Users/dacanetdev/.nuget/packages/microsoft.netcore.app.ref/8.0.13/ref/net8.0/System.Runtime.InteropServices.RuntimeInformation.dll".
             Reference found at search path location "{RawFileName}".
             This reference is not "CopyLocal" because at least one source item had "Private" set to "false" and no source items had "Private" set to "true".
             The ImageRuntimeVersion for this reference is "".
         Primary reference "System.Runtime.InteropServices, Version=8.0.0.0, Culture=neutral, PublicKeyToken=b03f5f7f11d50a3a".
             Resolved file path is "/Users/dacanetdev/.nuget/packages/microsoft.netcore.app.ref/8.0.13/ref/net8.0/System.Runtime.InteropServices.dll".
             Reference found at search path location "{RawFileName}".
             This reference is not "CopyLocal" because at least one source item had "Private" set to "false" and no source items had "Private" set to "true".
             The ImageRuntimeVersion for this reference is "".
         Primary reference "System.Runtime.Intrinsics, Version=8.0.0.0, Culture=neutral, PublicKeyToken=cc7b13ffcd2ddd51".
             Resolved file path is "/Users/dacanetdev/.nuget/packages/microsoft.netcore.app.ref/8.0.13/ref/net8.0/System.Runtime.Intrinsics.dll".
             Reference found at search path location "{RawFileName}".
             This reference is not "CopyLocal" because at least one source item had "Private" set to "false" and no source items had "Private" set to "true".
             The ImageRuntimeVersion for this reference is "".
         Primary reference "System.Runtime.Loader, Version=8.0.0.0, Culture=neutral, PublicKeyToken=b03f5f7f11d50a3a".
     0>Property reassignment: $(_GenerateRuntimeConfigurationPropertyInputsCache)="/Users/dacanetdev/Dev/AIGenerated/RoadmapSkills/src/DeventSoft.RoadmapSkills.BlazorApp/obj/Debug/net8.0/DeventSoft.RoadmapSkills.BlazorApp.genruntimeconfig.cache" (previous value: "obj\Debug/net8.0/DeventSoft.RoadmapSkills.BlazorApp.genruntimeconfig.cache") at /usr/local/share/dotnet/sdk/9.0.200/Sdks/Microsoft.NET.Sdk/targets/Microsoft.NET.Sdk.targets (44,5)
   6:6>ResolveAssemblyReferences:
             Resolved file path is "/Users/dacanetdev/.nuget/packages/microsoft.netcore.app.ref/8.0.13/ref/net8.0/System.Runtime.Loader.dll".
             Reference found at search path location "{RawFileName}".
             This reference is not "CopyLocal" because at least one source item had "Private" set to "false" and no source items had "Private" set to "true".
             The ImageRuntimeVersion for this reference is "".
         Primary reference "System.Runtime.Numerics, Version=8.0.0.0, Culture=neutral, PublicKeyToken=b03f5f7f11d50a3a".
   2:6>Done executing task "ReadLinesFromFile".
       Task "ConvertToAbsolutePath"
   6:6>ResolveAssemblyReferences:
             Resolved file path is "/Users/dacanetdev/.nuget/packages/microsoft.netcore.app.ref/8.0.13/ref/net8.0/System.Runtime.Numerics.dll".
             Reference found at search path location "{RawFileName}".
             This reference is not "CopyLocal" because at least one source item had "Private" set to "false" and no source items had "Private" set to "true".
             The ImageRuntimeVersion for this reference is "".
         Primary reference "System.Runtime.Serialization.Formatters, Version=8.0.0.0, Culture=neutral, PublicKeyToken=b03f5f7f11d50a3a".
             Resolved file path is "/Users/dacanetdev/.nuget/packages/microsoft.netcore.app.ref/8.0.13/ref/net8.0/System.Runtime.Serialization.Formatters.dll".
     0>Property reassignment: $(_GeneratePublishDependencyFilePropertyInputsCache)="/Users/dacanetdev/Dev/AIGenerated/RoadmapSkills/src/DeventSoft.RoadmapSkills.BlazorApp/obj/Debug/net8.0/DeventSoft.RoadmapSkills.BlazorApp.genpublishdeps.cache" (previous value: "obj\Debug/net8.0/DeventSoft.RoadmapSkills.BlazorApp.genpublishdeps.cache") at /usr/local/share/dotnet/sdk/9.0.200/Sdks/Microsoft.NET.Sdk/targets/Microsoft.NET.Sdk.targets (46,5)
   6:6>ResolveAssemblyReferences:
             Reference found at search path location "{RawFileName}".
             This reference is not "CopyLocal" because at least one source item had "Private" set to "false" and no source items had "Private" set to "true".
             The ImageRuntimeVersion for this reference is "".
         Primary reference "System.Runtime.Serialization.Json, Version=8.0.0.0, Culture=neutral, PublicKeyToken=b03f5f7f11d50a3a".
             Resolved file path is "/Users/dacanetdev/.nuget/packages/microsoft.netcore.app.ref/8.0.13/ref/net8.0/System.Runtime.Serialization.Json.dll".
             Reference found at search path location "{RawFileName}".
             This reference is not "CopyLocal" because at least one source item had "Private" set to "false" and no source items had "Private" set to "true".
             The ImageRuntimeVersion for this reference is "".
   2:6>Done executing task "ConvertToAbsolutePath".
   6:6>ResolveAssemblyReferences:
         Primary reference "System.Runtime.Serialization.Primitives, Version=8.0.0.0, Culture=neutral, PublicKeyToken=b03f5f7f11d50a3a".
             Resolved file path is "/Users/dacanetdev/.nuget/packages/microsoft.netcore.app.ref/8.0.13/ref/net8.0/System.Runtime.Serialization.Primitives.dll".
             Reference found at search path location "{RawFileName}".
             This reference is not "CopyLocal" because at least one source item had "Private" set to "false" and no source items had "Private" set to "true".
     0>Property reassignment: $(_GenerateSingleFileBundlePropertyInputsCache)="/Users/dacanetdev/Dev/AIGenerated/RoadmapSkills/src/DeventSoft.RoadmapSkills.BlazorApp/obj/Debug/net8.0/DeventSoft.RoadmapSkills.BlazorApp.genbundle.cache" (previous value: "obj\Debug/net8.0/DeventSoft.RoadmapSkills.BlazorApp.genbundle.cache") at /usr/local/share/dotnet/sdk/9.0.200/Sdks/Microsoft.NET.Sdk/targets/Microsoft.NET.Sdk.targets (48,5)
   6:6>ResolveAssemblyReferences:
             The ImageRuntimeVersion for this reference is "".
         Primary reference "System.Runtime.Serialization.Xml, Version=8.0.0.0, Culture=neutral, PublicKeyToken=b03f5f7f11d50a3a".
             Resolved file path is "/Users/dacanetdev/.nuget/packages/microsoft.netcore.app.ref/8.0.13/ref/net8.0/System.Runtime.Serialization.Xml.dll".
             Reference found at search path location "{RawFileName}".
             This reference is not "CopyLocal" because at least one source item had "Private" set to "false" and no source items had "Private" set to "true".
             The ImageRuntimeVersion for this reference is "".
         Primary reference "System.Runtime.Serialization, Version=4.0.0.0, Culture=neutral, PublicKeyToken=b77a5c561934e089".
             Resolved file path is "/Users/dacanetdev/.nuget/packages/microsoft.netcore.app.ref/8.0.13/ref/net8.0/System.Runtime.Serialization.dll".
             Reference found at search path location "{RawFileName}".
             This reference is not "CopyLocal" because at least one source item had "Private" set to "false" and no source items had "Private" set to "true".
             The ImageRuntimeVersion for this reference is "".
         Primary reference "System.Runtime, Version=8.0.0.0, Culture=neutral, PublicKeyToken=b03f5f7f11d50a3a".
             Resolved file path is "/Users/dacanetdev/.nuget/packages/microsoft.netcore.app.ref/8.0.13/ref/net8.0/System.Runtime.dll".
     0>Property reassignment: $(GenerateRuntimeConfigDevFile)="false" (previous value: "true") at /usr/local/share/dotnet/sdk/9.0.200/Sdks/Microsoft.NET.Sdk/targets/Microsoft.NET.Sdk.targets (81,5)
   6:6>ResolveAssemblyReferences:
             Reference found at search path location "{RawFileName}".
             This reference is not "CopyLocal" because at least one source item had "Private" set to "false" and no source items had "Private" set to "true".
             The ImageRuntimeVersion for this reference is "".
         Primary reference "System.Security.AccessControl, Version=8.0.0.0, Culture=neutral, PublicKeyToken=b03f5f7f11d50a3a".
             Resolved file path is "/Users/dacanetdev/.nuget/packages/microsoft.netcore.app.ref/8.0.13/ref/net8.0/System.Security.AccessControl.dll".
             Reference found at search path location "{RawFileName}".
             This reference is not "CopyLocal" because at least one source item had "Private" set to "false" and no source items had "Private" set to "true".
             The ImageRuntimeVersion for this reference is "".
         Primary reference "System.Security.Claims, Version=8.0.0.0, Culture=neutral, PublicKeyToken=b03f5f7f11d50a3a".
             Resolved file path is "/Users/dacanetdev/.nuget/packages/microsoft.netcore.app.ref/8.0.13/ref/net8.0/System.Security.Claims.dll".
             Reference found at search path location "{RawFileName}".
             This reference is not "CopyLocal" because at least one source item had "Private" set to "false" and no source items had "Private" set to "true".
             The ImageRuntimeVersion for this reference is "".
         Primary reference "System.Security.Cryptography.Algorithms, Version=8.0.0.0, Culture=neutral, PublicKeyToken=b03f5f7f11d50a3a".
             Resolved file path is "/Users/dacanetdev/.nuget/packages/microsoft.netcore.app.ref/8.0.13/ref/net8.0/System.Security.Cryptography.Algorithms.dll".
   2:6>_CleanGetCurrentAndPriorFileWrites:
       Using "FindUnderPath" task from assembly "Microsoft.Build.Tasks.Core, Version=15.1.0.0, Culture=neutral, PublicKeyToken=b03f5f7f11d50a3a".
   6:6>ResolveAssemblyReferences:
             Reference found at search path location "{RawFileName}".
             This reference is not "CopyLocal" because at least one source item had "Private" set to "false" and no source items had "Private" set to "true".
   2:6>Task "FindUnderPath"
   6:6>ResolveAssemblyReferences:
             The ImageRuntimeVersion for this reference is "".
         Primary reference "System.Security.Cryptography.Cng, Version=8.0.0.0, Culture=neutral, PublicKeyToken=b03f5f7f11d50a3a".
             Resolved file path is "/Users/dacanetdev/.nuget/packages/microsoft.netcore.app.ref/8.0.13/ref/net8.0/System.Security.Cryptography.Cng.dll".
             Reference found at search path location "{RawFileName}".
             This reference is not "CopyLocal" because at least one source item had "Private" set to "false" and no source items had "Private" set to "true".
             The ImageRuntimeVersion for this reference is "".
         Primary reference "System.Security.Cryptography.Csp, Version=8.0.0.0, Culture=neutral, PublicKeyToken=b03f5f7f11d50a3a".
   2:6>_CleanGetCurrentAndPriorFileWrites:
         Comparison path is "/Users/dacanetdev/Dev/AIGenerated/RoadmapSkills/tests/Modules/Users/DeventSoft.RoadmapSkills.Users.IntegrationTests".
   6:6>ResolveAssemblyReferences:
             Resolved file path is "/Users/dacanetdev/.nuget/packages/microsoft.netcore.app.ref/8.0.13/ref/net8.0/System.Security.Cryptography.Csp.dll".
             Reference found at search path location "{RawFileName}".
             This reference is not "CopyLocal" because at least one source item had "Private" set to "false" and no source items had "Private" set to "true".
             The ImageRuntimeVersion for this reference is "".
         Primary reference "System.Security.Cryptography.Encoding, Version=8.0.0.0, Culture=neutral, PublicKeyToken=b03f5f7f11d50a3a".
             Resolved file path is "/Users/dacanetdev/.nuget/packages/microsoft.netcore.app.ref/8.0.13/ref/net8.0/System.Security.Cryptography.Encoding.dll".
             Reference found at search path location "{RawFileName}".
             This reference is not "CopyLocal" because at least one source item had "Private" set to "false" and no source items had "Private" set to "true".
             The ImageRuntimeVersion for this reference is "".
         Primary reference "System.Security.Cryptography.OpenSsl, Version=8.0.0.0, Culture=neutral, PublicKeyToken=b03f5f7f11d50a3a".
             Resolved file path is "/Users/dacanetdev/.nuget/packages/microsoft.netcore.app.ref/8.0.13/ref/net8.0/System.Security.Cryptography.OpenSsl.dll".
             Reference found at search path location "{RawFileName}".
             This reference is not "CopyLocal" because at least one source item had "Private" set to "false" and no source items had "Private" set to "true".
             The ImageRuntimeVersion for this reference is "".
         Primary reference "System.Security.Cryptography.Primitives, Version=8.0.0.0, Culture=neutral, PublicKeyToken=b03f5f7f11d50a3a".
             Resolved file path is "/Users/dacanetdev/.nuget/packages/microsoft.netcore.app.ref/8.0.13/ref/net8.0/System.Security.Cryptography.Primitives.dll".
             Reference found at search path location "{RawFileName}".
             This reference is not "CopyLocal" because at least one source item had "Private" set to "false" and no source items had "Private" set to "true".
             The ImageRuntimeVersion for this reference is "".
         Primary reference "System.Security.Cryptography.X509Certificates, Version=8.0.0.0, Culture=neutral, PublicKeyToken=b03f5f7f11d50a3a".
             Resolved file path is "/Users/dacanetdev/.nuget/packages/microsoft.netcore.app.ref/8.0.13/ref/net8.0/System.Security.Cryptography.X509Certificates.dll".
             Reference found at search path location "{RawFileName}".
             This reference is not "CopyLocal" because at least one source item had "Private" set to "false" and no source items had "Private" set to "true".
             The ImageRuntimeVersion for this reference is "".
         Primary reference "System.Security.Cryptography, Version=8.0.0.0, Culture=neutral, PublicKeyToken=b03f5f7f11d50a3a".
             Resolved file path is "/Users/dacanetdev/.nuget/packages/microsoft.netcore.app.ref/8.0.13/ref/net8.0/System.Security.Cryptography.dll".
             Reference found at search path location "{RawFileName}".
             This reference is not "CopyLocal" because at least one source item had "Private" set to "false" and no source items had "Private" set to "true".
             The ImageRuntimeVersion for this reference is "".
     0>/usr/local/share/dotnet/sdk/9.0.200/Sdks/Microsoft.NET.Sdk/targets/Microsoft.NET.Sdk.targets(96,5): message : Property 'HOME' with value '/Users/dacanetdev' expanded from the environment.
   6:6>ResolveAssemblyReferences:
         Primary reference "System.Security.Principal.Windows, Version=8.0.0.0, Culture=neutral, PublicKeyToken=b03f5f7f11d50a3a".
             Resolved file path is "/Users/dacanetdev/.nuget/packages/microsoft.netcore.app.ref/8.0.13/ref/net8.0/System.Security.Principal.Windows.dll".
             Reference found at search path location "{RawFileName}".
             This reference is not "CopyLocal" because at least one source item had "Private" set to "false" and no source items had "Private" set to "true".
             The ImageRuntimeVersion for this reference is "".
         Primary reference "System.Security.Principal, Version=8.0.0.0, Culture=neutral, PublicKeyToken=b03f5f7f11d50a3a".
             Resolved file path is "/Users/dacanetdev/.nuget/packages/microsoft.netcore.app.ref/8.0.13/ref/net8.0/System.Security.Principal.dll".
     0>Property reassignment: $(_DefaultUserProfileRuntimeStorePath)="/Users/dacanetdev/.dotnet/store" (previous value: "/Users/dacanetdev") at /usr/local/share/dotnet/sdk/9.0.200/Sdks/Microsoft.NET.Sdk/targets/Microsoft.NET.Sdk.targets (98,5)
   6:6>ResolveAssemblyReferences:
             Reference found at search path location "{RawFileName}".
             This reference is not "CopyLocal" because at least one source item had "Private" set to "false" and no source items had "Private" set to "true".
             The ImageRuntimeVersion for this reference is "".
         Primary reference "System.Security.SecureString, Version=8.0.0.0, Culture=neutral, PublicKeyToken=b03f5f7f11d50a3a".
             Resolved file path is "/Users/dacanetdev/.nuget/packages/microsoft.netcore.app.ref/8.0.13/ref/net8.0/System.Security.SecureString.dll".
             Reference found at search path location "{RawFileName}".
             This reference is not "CopyLocal" because at least one source item had "Private" set to "false" and no source items had "Private" set to "true".
             The ImageRuntimeVersion for this reference is "".
         Primary reference "System.Security, Version=4.0.0.0, Culture=neutral, PublicKeyToken=b03f5f7f11d50a3a".
             Resolved file path is "/Users/dacanetdev/.nuget/packages/microsoft.netcore.app.ref/8.0.13/ref/net8.0/System.Security.dll".
             Reference found at search path location "{RawFileName}".
             This reference is not "CopyLocal" because at least one source item had "Private" set to "false" and no source items had "Private" set to "true".
             The ImageRuntimeVersion for this reference is "".
         Primary reference "System.ServiceModel.Web, Version=4.0.0.0, Culture=neutral, PublicKeyToken=31bf3856ad364e35".
             Resolved file path is "/Users/dacanetdev/.nuget/packages/microsoft.netcore.app.ref/8.0.13/ref/net8.0/System.ServiceModel.Web.dll".
             Reference found at search path location "{RawFileName}".
             This reference is not "CopyLocal" because at least one source item had "Private" set to "false" and no source items had "Private" set to "true".
     0>Property reassignment: $(AvailablePlatforms)="Any CPU,x86,x64,ARM32" (previous value: "Any CPU,x86,x64") at /usr/local/share/dotnet/sdk/9.0.200/Sdks/Microsoft.NET.Sdk/targets/Microsoft.NET.Sdk.targets (140,5)
   6:6>ResolveAssemblyReferences:
             The ImageRuntimeVersion for this reference is "".
         Primary reference "System.ServiceProcess, Version=4.0.0.0, Culture=neutral, PublicKeyToken=b03f5f7f11d50a3a".
             Resolved file path is "/Users/dacanetdev/.nuget/packages/microsoft.netcore.app.ref/8.0.13/ref/net8.0/System.ServiceProcess.dll".
             Reference found at search path location "{RawFileName}".
     0>Property reassignment: $(AvailablePlatforms)="Any CPU,x86,x64,ARM32,ARM64" (previous value: "Any CPU,x86,x64,ARM32") at /usr/local/share/dotnet/sdk/9.0.200/Sdks/Microsoft.NET.Sdk/targets/Microsoft.NET.Sdk.targets (144,5)
   6:6>ResolveAssemblyReferences:
             This reference is not "CopyLocal" because at least one source item had "Private" set to "false" and no source items had "Private" set to "true".
             The ImageRuntimeVersion for this reference is "".
         Primary reference "System.Text.Encoding.CodePages, Version=8.0.0.0, Culture=neutral, PublicKeyToken=b03f5f7f11d50a3a".
             Resolved file path is "/Users/dacanetdev/.nuget/packages/microsoft.netcore.app.ref/8.0.13/ref/net8.0/System.Text.Encoding.CodePages.dll".
             Reference found at search path location "{RawFileName}".
             This reference is not "CopyLocal" because at least one source item had "Private" set to "false" and no source items had "Private" set to "true".
             The ImageRuntimeVersion for this reference is "".
         Primary reference "System.Text.Encoding.Extensions, Version=8.0.0.0, Culture=neutral, PublicKeyToken=b03f5f7f11d50a3a".
             Resolved file path is "/Users/dacanetdev/.nuget/packages/microsoft.netcore.app.ref/8.0.13/ref/net8.0/System.Text.Encoding.Extensions.dll".
     0>Property reassignment: $(CoreBuildDependsOn)="
      _CheckForBuildWithNoBuild;
      
      BuildOnlySettings;
      PrepareForBuild;
      PreBuildEvent;
      ResolveReferences;
      PrepareResources;
      ResolveKeySource;
      Compile;
      ExportWindowsMDFile;
      UnmanagedUnregistration;
      GenerateSerializationAssemblies;
      CreateSatelliteAssemblies;
      GenerateManifests;
      GetTargetPath;
      PrepareForRun;
      UnmanagedRegistration;
      IncrementalClean;
      PostBuildEvent
    ;
      GenerateBuildDependencyFile;
      GenerateBuildRuntimeConfigurationFiles
    " (previous value: "
      BuildOnlySettings;
      PrepareForBuild;
      PreBuildEvent;
      ResolveReferences;
      PrepareResources;
      ResolveKeySource;
      Compile;
      ExportWindowsMDFile;
      UnmanagedUnregistration;
      GenerateSerializationAssemblies;
      CreateSatelliteAssemblies;
      GenerateManifests;
      GetTargetPath;
      PrepareForRun;
      UnmanagedRegistration;
      IncrementalClean;
      PostBuildEvent
    ") at /usr/local/share/dotnet/sdk/9.0.200/Sdks/Microsoft.NET.Sdk/targets/Microsoft.NET.Sdk.targets (201,5)
   6:6>ResolveAssemblyReferences:
             Reference found at search path location "{RawFileName}".
             This reference is not "CopyLocal" because at least one source item had "Private" set to "false" and no source items had "Private" set to "true".
     0>Property reassignment: $(CoreCleanDependsOn)="
      _SdkBeforeClean;
      
    " (previous value: "") at /usr/local/share/dotnet/sdk/9.0.200/Sdks/Microsoft.NET.Sdk/targets/Microsoft.NET.Sdk.targets (210,5)
   6:6>ResolveAssemblyReferences:
             The ImageRuntimeVersion for this reference is "".
         Primary reference "System.Text.Encoding, Version=8.0.0.0, Culture=neutral, PublicKeyToken=b03f5f7f11d50a3a".
             Resolved file path is "/Users/dacanetdev/.nuget/packages/microsoft.netcore.app.ref/8.0.13/ref/net8.0/System.Text.Encoding.dll".
     0>Property reassignment: $(RebuildDependsOn)="
      _SdkBeforeRebuild;
      
      BeforeRebuild;
      Clean;
      Build;
      AfterRebuild;
    
    " (previous value: "
      BeforeRebuild;
      Clean;
      Build;
      AfterRebuild;
    ") at /usr/local/share/dotnet/sdk/9.0.200/Sdks/Microsoft.NET.Sdk/targets/Microsoft.NET.Sdk.targets (217,5)
   6:6>ResolveAssemblyReferences:
             Reference found at search path location "{RawFileName}".
             This reference is not "CopyLocal" because at least one source item had "Private" set to "false" and no source items had "Private" set to "true".
             The ImageRuntimeVersion for this reference is "".
         Primary reference "System.Text.Encodings.Web, Version=8.0.0.0, Culture=neutral, PublicKeyToken=cc7b13ffcd2ddd51".
             Resolved file path is "/Users/dacanetdev/.nuget/packages/microsoft.netcore.app.ref/8.0.13/ref/net8.0/System.Text.Encodings.Web.dll".
             Reference found at search path location "{RawFileName}".
     0>Property reassignment: $(CompileDependsOn)="
      
      ResolveReferences;
      ResolveKeySource;
      SetWin32ManifestProperties;
      _SetPreferNativeArm64Win32ManifestProperties;
      FindReferenceAssembliesForReferences;
      _GenerateCompileInputs;
      BeforeCompile;
      _TimeStampBeforeCompile;
      _GenerateCompileDependencyCache;
      CoreCompile;
      _TimeStampAfterCompile;
      AfterCompile;
    ;
      _CreateAppHost;
      _CreateComHost;
      _GetIjwHostPaths;
    " (previous value: "
      ResolveReferences;
      ResolveKeySource;
      SetWin32ManifestProperties;
      _SetPreferNativeArm64Win32ManifestProperties;
      FindReferenceAssembliesForReferences;
      _GenerateCompileInputs;
      BeforeCompile;
      _TimeStampBeforeCompile;
      _GenerateCompileDependencyCache;
      CoreCompile;
      _TimeStampAfterCompile;
      AfterCompile;
    ") at /usr/local/share/dotnet/sdk/9.0.200/Sdks/Microsoft.NET.Sdk/targets/Microsoft.NET.Sdk.targets (784,5)
   6:6>ResolveAssemblyReferences:
             This reference is not "CopyLocal" because at least one source item had "Private" set to "false" and no source items had "Private" set to "true".
             The ImageRuntimeVersion for this reference is "".
         Primary reference "System.Text.Json, Version=8.0.0.0, Culture=neutral, PublicKeyToken=cc7b13ffcd2ddd51".
             Resolved file path is "/Users/dacanetdev/.nuget/packages/microsoft.netcore.app.ref/8.0.13/ref/net8.0/System.Text.Json.dll".
             Reference found at search path location "{RawFileName}".
             This reference is not "CopyLocal" because at least one source item had "Private" set to "false" and no source items had "Private" set to "true".
             The ImageRuntimeVersion for this reference is "".
         Primary reference "System.Text.RegularExpressions, Version=8.0.0.0, Culture=neutral, PublicKeyToken=b03f5f7f11d50a3a".
             Resolved file path is "/Users/dacanetdev/.nuget/packages/microsoft.netcore.app.ref/8.0.13/ref/net8.0/System.Text.RegularExpressions.dll".
             Reference found at search path location "{RawFileName}".
             This reference is not "CopyLocal" because at least one source item had "Private" set to "false" and no source items had "Private" set to "true".
             The ImageRuntimeVersion for this reference is "".
         Primary reference "System.Threading.Channels, Version=8.0.0.0, Culture=neutral, PublicKeyToken=cc7b13ffcd2ddd51".
             Resolved file path is "/Users/dacanetdev/.nuget/packages/microsoft.netcore.app.ref/8.0.13/ref/net8.0/System.Threading.Channels.dll".
             Reference found at search path location "{RawFileName}".
             This reference is not "CopyLocal" because at least one source item had "Private" set to "false" and no source items had "Private" set to "true".
     0>Property reassignment: $(CreateSatelliteAssembliesDependsOn)="
      
      ;
      _GenerateSatelliteAssemblyInputs;
      ComputeIntermediateSatelliteAssemblies;
      GenerateSatelliteAssemblies
    ;
      CoreGenerateSatelliteAssemblies
    " (previous value: "
      ;
      _GenerateSatelliteAssemblyInputs;
      ComputeIntermediateSatelliteAssemblies;
      GenerateSatelliteAssemblies
    ") at /usr/local/share/dotnet/sdk/9.0.200/Sdks/Microsoft.NET.Sdk/targets/Microsoft.NET.Sdk.targets (1184,5)
   6:6>ResolveAssemblyReferences:
             The ImageRuntimeVersion for this reference is "".
         Primary reference "System.Threading.Overlapped, Version=8.0.0.0, Culture=neutral, PublicKeyToken=b03f5f7f11d50a3a".
             Resolved file path is "/Users/dacanetdev/.nuget/packages/microsoft.netcore.app.ref/8.0.13/ref/net8.0/System.Threading.Overlapped.dll".
             Reference found at search path location "{RawFileName}".
             This reference is not "CopyLocal" because at least one source item had "Private" set to "false" and no source items had "Private" set to "true".
             The ImageRuntimeVersion for this reference is "".
         Primary reference "System.Threading.Tasks.Dataflow, Version=8.0.0.0, Culture=neutral, PublicKeyToken=b03f5f7f11d50a3a".
             Resolved file path is "/Users/dacanetdev/.nuget/packages/microsoft.netcore.app.ref/8.0.13/ref/net8.0/System.Threading.Tasks.Dataflow.dll".
             Reference found at search path location "{RawFileName}".
             This reference is not "CopyLocal" because at least one source item had "Private" set to "false" and no source items had "Private" set to "true".
             The ImageRuntimeVersion for this reference is "".
         Primary reference "System.Threading.Tasks.Extensions, Version=8.0.0.0, Culture=neutral, PublicKeyToken=cc7b13ffcd2ddd51".
             Resolved file path is "/Users/dacanetdev/.nuget/packages/microsoft.netcore.app.ref/8.0.13/ref/net8.0/System.Threading.Tasks.Extensions.dll".
  10:6>Done executing task "ResolvePackageAssets".
   6:6>ResolveAssemblyReferences:
             Reference found at search path location "{RawFileName}".
             This reference is not "CopyLocal" because at least one source item had "Private" set to "false" and no source items had "Private" set to "true".
             The ImageRuntimeVersion for this reference is "".
  10:6>Done building target "ResolvePackageAssets" in project "DeventSoft.RoadmapSkills.Shared.Domain.csproj".
   6:6>ResolveAssemblyReferences:
         Primary reference "System.Threading.Tasks.Parallel, Version=8.0.0.0, Culture=neutral, PublicKeyToken=b03f5f7f11d50a3a".
  10:6>Target "AdjustDefaultPlatformTargetForNetFrameworkExeWithNoNativeCopyLocalItems" skipped, due to false condition; ('$(_UsingDefaultPlatformTarget)' == 'true' and
                     '$(_UsingDefaultRuntimeIdentifier)' == 'true') was evaluated as ('true' == 'true' and
                     '' == 'true').
   6:6>ResolveAssemblyReferences:
             Resolved file path is "/Users/dacanetdev/.nuget/packages/microsoft.netcore.app.ref/8.0.13/ref/net8.0/System.Threading.Tasks.Parallel.dll".
             Reference found at search path location "{RawFileName}".
  10:6>Target "_CheckForTransitiveWindowsDesktopDependencies" skipped, due to false condition; ('$(TargetFrameworkIdentifier)' == '.NETCoreApp' and $([MSBuild]::VersionGreaterThanOrEquals($(_TargetFrameworkVersionWithoutV), '5.0')) and '$(TargetPlatformIdentifier)' != 'Windows' and '@(TransitiveFrameworkReference)' != '') was evaluated as ('.NETCoreApp' == '.NETCoreApp' and True and '' != 'Windows' and '' != '').
   6:6>ResolveAssemblyReferences:
             This reference is not "CopyLocal" because at least one source item had "Private" set to "false" and no source items had "Private" set to "true".
  10:6>Target "AddTransitiveFrameworkReferences" skipped, due to false condition; ('@(TransitiveFrameworkReference)' != '') was evaluated as ('' != '').
   6:6>ResolveAssemblyReferences:
             The ImageRuntimeVersion for this reference is "".
         Primary reference "System.Threading.Tasks, Version=8.0.0.0, Culture=neutral, PublicKeyToken=b03f5f7f11d50a3a".
             Resolved file path is "/Users/dacanetdev/.nuget/packages/microsoft.netcore.app.ref/8.0.13/ref/net8.0/System.Threading.Tasks.dll".
             Reference found at search path location "{RawFileName}".
             This reference is not "CopyLocal" because at least one source item had "Private" set to "false" and no source items had "Private" set to "true".
             The ImageRuntimeVersion for this reference is "".
  10:6>Target "ResolveLockFileReferences" in file "/usr/local/share/dotnet/sdk/9.0.200/Sdks/Microsoft.NET.Sdk/targets/Microsoft.PackageDependencyResolution.targets" from project "/Users/dacanetdev/Dev/AIGenerated/RoadmapSkills/src/Shared/DeventSoft.RoadmapSkills.Shared.Domain/DeventSoft.RoadmapSkills.Shared.Domain.csproj" (target "ResolvePackageDependenciesForBuild" depends on it):
  10:6>Using "JoinItems" task from assembly "/usr/local/share/dotnet/sdk/9.0.200/Sdks/Microsoft.NET.Sdk/targets/../tools/net9.0/Microsoft.NET.Build.Tasks.dll".
   6:6>ResolveAssemblyReferences:
         Primary reference "System.Threading.Thread, Version=8.0.0.0, Culture=neutral, PublicKeyToken=b03f5f7f11d50a3a".
             Resolved file path is "/Users/dacanetdev/.nuget/packages/microsoft.netcore.app.ref/8.0.13/ref/net8.0/System.Threading.Thread.dll".
  10:6>Task "JoinItems"
   6:6>ResolveAssemblyReferences:
             Reference found at search path location "{RawFileName}".
             This reference is not "CopyLocal" because at least one source item had "Private" set to "false" and no source items had "Private" set to "true".
             The ImageRuntimeVersion for this reference is "".
         Primary reference "System.Threading.ThreadPool, Version=8.0.0.0, Culture=neutral, PublicKeyToken=b03f5f7f11d50a3a".
             Resolved file path is "/Users/dacanetdev/.nuget/packages/microsoft.netcore.app.ref/8.0.13/ref/net8.0/System.Threading.ThreadPool.dll".
             Reference found at search path location "{RawFileName}".
             This reference is not "CopyLocal" because at least one source item had "Private" set to "false" and no source items had "Private" set to "true".
             The ImageRuntimeVersion for this reference is "".
         Primary reference "System.Threading.Timer, Version=8.0.0.0, Culture=neutral, PublicKeyToken=b03f5f7f11d50a3a".
             Resolved file path is "/Users/dacanetdev/.nuget/packages/microsoft.netcore.app.ref/8.0.13/ref/net8.0/System.Threading.Timer.dll".
             Reference found at search path location "{RawFileName}".
             This reference is not "CopyLocal" because at least one source item had "Private" set to "false" and no source items had "Private" set to "true".
             The ImageRuntimeVersion for this reference is "".
         Primary reference "System.Threading, Version=8.0.0.0, Culture=neutral, PublicKeyToken=b03f5f7f11d50a3a".
             Resolved file path is "/Users/dacanetdev/.nuget/packages/microsoft.netcore.app.ref/8.0.13/ref/net8.0/System.Threading.dll".
             Reference found at search path location "{RawFileName}".
             This reference is not "CopyLocal" because at least one source item had "Private" set to "false" and no source items had "Private" set to "true".
             The ImageRuntimeVersion for this reference is "".
         Primary reference "System.Transactions.Local, Version=8.0.0.0, Culture=neutral, PublicKeyToken=cc7b13ffcd2ddd51".
             Resolved file path is "/Users/dacanetdev/.nuget/packages/microsoft.netcore.app.ref/8.0.13/ref/net8.0/System.Transactions.Local.dll".
             Reference found at search path location "{RawFileName}".
             This reference is not "CopyLocal" because at least one source item had "Private" set to "false" and no source items had "Private" set to "true".
             The ImageRuntimeVersion for this reference is "".
         Primary reference "System.Transactions, Version=4.0.0.0, Culture=neutral, PublicKeyToken=b77a5c561934e089".
             Resolved file path is "/Users/dacanetdev/.nuget/packages/microsoft.netcore.app.ref/8.0.13/ref/net8.0/System.Transactions.dll".
             Reference found at search path location "{RawFileName}".
             This reference is not "CopyLocal" because at least one source item had "Private" set to "false" and no source items had "Private" set to "true".
             The ImageRuntimeVersion for this reference is "".
         Primary reference "System.ValueTuple, Version=8.0.0.0, Culture=neutral, PublicKeyToken=cc7b13ffcd2ddd51".
             Resolved file path is "/Users/dacanetdev/.nuget/packages/microsoft.netcore.app.ref/8.0.13/ref/net8.0/System.ValueTuple.dll".
             Reference found at search path location "{RawFileName}".
             This reference is not "CopyLocal" because at least one source item had "Private" set to "false" and no source items had "Private" set to "true".
             The ImageRuntimeVersion for this reference is "".
         Primary reference "System.Web.HttpUtility, Version=8.0.0.0, Culture=neutral, PublicKeyToken=cc7b13ffcd2ddd51".
             Resolved file path is "/Users/dacanetdev/.nuget/packages/microsoft.netcore.app.ref/8.0.13/ref/net8.0/System.Web.HttpUtility.dll".
   2:6>Done executing task "FindUnderPath".
   6:6>ResolveAssemblyReferences:
             Reference found at search path location "{RawFileName}".
             This reference is not "CopyLocal" because at least one source item had "Private" set to "false" and no source items had "Private" set to "true".
   2:6>Task "FindUnderPath"
   6:6>ResolveAssemblyReferences:
             The ImageRuntimeVersion for this reference is "".
         Primary reference "System.Web, Version=4.0.0.0, Culture=neutral, PublicKeyToken=b03f5f7f11d50a3a".
             Resolved file path is "/Users/dacanetdev/.nuget/packages/microsoft.netcore.app.ref/8.0.13/ref/net8.0/System.Web.dll".
  10:6>Done executing task "JoinItems".
   6:6>ResolveAssemblyReferences:
             Reference found at search path location "{RawFileName}".
             This reference is not "CopyLocal" because at least one source item had "Private" set to "false" and no source items had "Private" set to "true".
  10:6>Done building target "ResolveLockFileReferences" in project "DeventSoft.RoadmapSkills.Shared.Domain.csproj".
       Target "ResolvePackageAssets" skipped. Previously built successfully.
   6:6>ResolveAssemblyReferences:
             The ImageRuntimeVersion for this reference is "".
         Primary reference "System.Windows, Version=4.0.0.0, Culture=neutral, PublicKeyToken=b03f5f7f11d50a3a".
  10:6>Target "ResolveLockFileAnalyzers" in file "/usr/local/share/dotnet/sdk/9.0.200/Sdks/Microsoft.NET.Sdk/targets/Microsoft.PackageDependencyResolution.targets" from project "/Users/dacanetdev/Dev/AIGenerated/RoadmapSkills/src/Shared/DeventSoft.RoadmapSkills.Shared.Domain/DeventSoft.RoadmapSkills.Shared.Domain.csproj" (target "ResolvePackageDependenciesForBuild" depends on it):
  10:6>Done building target "ResolveLockFileAnalyzers" in project "DeventSoft.RoadmapSkills.Shared.Domain.csproj".
   6:6>ResolveAssemblyReferences:
             Resolved file path is "/Users/dacanetdev/.nuget/packages/microsoft.netcore.app.ref/8.0.13/ref/net8.0/System.Windows.dll".
  10:6>Target "ResolvePackageAssets" skipped. Previously built successfully.
   6:6>ResolveAssemblyReferences:
             Reference found at search path location "{RawFileName}".
  10:6>Target "RunProduceContentAssets" skipped, due to false condition; ('@(_ContentFilesToPreprocess)' != '' and '$(_CleaningWithoutRebuilding)' != 'true') was evaluated as ('' != '' and '' != 'true').
   6:6>ResolveAssemblyReferences:
             This reference is not "CopyLocal" because at least one source item had "Private" set to "false" and no source items had "Private" set to "true".
             The ImageRuntimeVersion for this reference is "".
         Primary reference "System.Xml.Linq, Version=4.0.0.0, Culture=neutral, PublicKeyToken=b77a5c561934e089".
  10:6>Target "ResolveLockFileCopyLocalFiles" in file "/usr/local/share/dotnet/sdk/9.0.200/Sdks/Microsoft.NET.Sdk/targets/Microsoft.PackageDependencyResolution.targets" from project "/Users/dacanetdev/Dev/AIGenerated/RoadmapSkills/src/Shared/DeventSoft.RoadmapSkills.Shared.Domain/DeventSoft.RoadmapSkills.Shared.Domain.csproj" (target "ResolvePackageDependenciesForBuild" depends on it):
  10:6>Done building target "ResolveLockFileCopyLocalFiles" in project "DeventSoft.RoadmapSkills.Shared.Domain.csproj".
   6:6>ResolveAssemblyReferences:
             Resolved file path is "/Users/dacanetdev/.nuget/packages/microsoft.netcore.app.ref/8.0.13/ref/net8.0/System.Xml.Linq.dll".
             Reference found at search path location "{RawFileName}".
  10:6>Target "ResolveRuntimePackAssets" skipped, due to false condition; ('@(RuntimePack)' != '') was evaluated as ('' != '').
   6:6>ResolveAssemblyReferences:
             This reference is not "CopyLocal" because at least one source item had "Private" set to "false" and no source items had "Private" set to "true".
  10:6>Target "RunProduceContentAssets" skipped, due to false condition; ('@(_ContentFilesToPreprocess)' != '' and '$(_CleaningWithoutRebuilding)' != 'true') was evaluated as ('' != '' and '' != 'true').
   6:6>ResolveAssemblyReferences:
             The ImageRuntimeVersion for this reference is "".
  10:6>Target "ResolvePackageAssets" skipped. Previously built successfully.
   6:6>ResolveAssemblyReferences:
         Primary reference "System.Xml.ReaderWriter, Version=8.0.0.0, Culture=neutral, PublicKeyToken=b03f5f7f11d50a3a".
   2:6>_CleanGetCurrentAndPriorFileWrites:
         Comparison path is "bin/Debug/net8.0/".
   6:6>ResolveAssemblyReferences:
             Resolved file path is "/Users/dacanetdev/.nuget/packages/microsoft.netcore.app.ref/8.0.13/ref/net8.0/System.Xml.ReaderWriter.dll".
             Reference found at search path location "{RawFileName}".
  10:6>Target "IncludeTransitiveProjectReferences" in file "/usr/local/share/dotnet/sdk/9.0.200/Sdks/Microsoft.NET.Sdk/targets/Microsoft.PackageDependencyResolution.targets" from project "/Users/dacanetdev/Dev/AIGenerated/RoadmapSkills/src/Shared/DeventSoft.RoadmapSkills.Shared.Domain/DeventSoft.RoadmapSkills.Shared.Domain.csproj" (target "ResolvePackageDependenciesForBuild" depends on it):
  10:6>Done building target "IncludeTransitiveProjectReferences" in project "DeventSoft.RoadmapSkills.Shared.Domain.csproj".
   6:6>ResolveAssemblyReferences:
             This reference is not "CopyLocal" because at least one source item had "Private" set to "false" and no source items had "Private" set to "true".
             The ImageRuntimeVersion for this reference is "".
         Primary reference "System.Xml.Serialization, Version=4.0.0.0, Culture=neutral, PublicKeyToken=b77a5c561934e089".
  10:6>Target "ResolvePackageDependenciesForBuild" in file "/usr/local/share/dotnet/sdk/9.0.200/Sdks/Microsoft.NET.Sdk/targets/Microsoft.PackageDependencyResolution.targets" from project "/Users/dacanetdev/Dev/AIGenerated/RoadmapSkills/src/Shared/DeventSoft.RoadmapSkills.Shared.Domain/DeventSoft.RoadmapSkills.Shared.Domain.csproj" (target "AssignProjectConfiguration" depends on it):
  10:6>Done building target "ResolvePackageDependenciesForBuild" in project "DeventSoft.RoadmapSkills.Shared.Domain.csproj".
   6:6>ResolveAssemblyReferences:
             Resolved file path is "/Users/dacanetdev/.nuget/packages/microsoft.netcore.app.ref/8.0.13/ref/net8.0/System.Xml.Serialization.dll".
             Reference found at search path location "{RawFileName}".
             This reference is not "CopyLocal" because at least one source item had "Private" set to "false" and no source items had "Private" set to "true".
  10:6>Target "AssignProjectConfiguration" in file "/usr/local/share/dotnet/sdk/9.0.200/Microsoft.Common.CurrentVersion.targets" from project "/Users/dacanetdev/Dev/AIGenerated/RoadmapSkills/src/Shared/DeventSoft.RoadmapSkills.Shared.Domain/DeventSoft.RoadmapSkills.Shared.Domain.csproj" (target "ResolveReferences" depends on it):
  10:6>Task "AssignProjectConfiguration"
   6:6>ResolveAssemblyReferences:
             The ImageRuntimeVersion for this reference is "".
         Primary reference "System.Xml.XDocument, Version=8.0.0.0, Culture=neutral, PublicKeyToken=b03f5f7f11d50a3a".
             Resolved file path is "/Users/dacanetdev/.nuget/packages/microsoft.netcore.app.ref/8.0.13/ref/net8.0/System.Xml.XDocument.dll".
             Reference found at search path location "{RawFileName}".
             This reference is not "CopyLocal" because at least one source item had "Private" set to "false" and no source items had "Private" set to "true".
             The ImageRuntimeVersion for this reference is "".
         Primary reference "System.Xml.XPath.XDocument, Version=8.0.0.0, Culture=neutral, PublicKeyToken=b03f5f7f11d50a3a".
             Resolved file path is "/Users/dacanetdev/.nuget/packages/microsoft.netcore.app.ref/8.0.13/ref/net8.0/System.Xml.XPath.XDocument.dll".
             Reference found at search path location "{RawFileName}".
             This reference is not "CopyLocal" because at least one source item had "Private" set to "false" and no source items had "Private" set to "true".
             The ImageRuntimeVersion for this reference is "".
         Primary reference "System.Xml.XPath, Version=8.0.0.0, Culture=neutral, PublicKeyToken=b03f5f7f11d50a3a".
             Resolved file path is "/Users/dacanetdev/.nuget/packages/microsoft.netcore.app.ref/8.0.13/ref/net8.0/System.Xml.XPath.dll".
             Reference found at search path location "{RawFileName}".
             This reference is not "CopyLocal" because at least one source item had "Private" set to "false" and no source items had "Private" set to "true".
             The ImageRuntimeVersion for this reference is "".
         Primary reference "System.Xml.XmlDocument, Version=8.0.0.0, Culture=neutral, PublicKeyToken=b03f5f7f11d50a3a".
  10:6>Done executing task "AssignProjectConfiguration".
   6:6>ResolveAssemblyReferences:
             Resolved file path is "/Users/dacanetdev/.nuget/packages/microsoft.netcore.app.ref/8.0.13/ref/net8.0/System.Xml.XmlDocument.dll".
  10:6>Done building target "AssignProjectConfiguration" in project "DeventSoft.RoadmapSkills.Shared.Domain.csproj".
   6:6>ResolveAssemblyReferences:
             Reference found at search path location "{RawFileName}".
  10:6>Target "AssignProjectConfiguration" skipped. Previously built successfully.
   6:6>ResolveAssemblyReferences:
             This reference is not "CopyLocal" because at least one source item had "Private" set to "false" and no source items had "Private" set to "true".
             The ImageRuntimeVersion for this reference is "".
  10:6>Target "_SplitProjectReferencesByFileExistence" in file "/usr/local/share/dotnet/sdk/9.0.200/Microsoft.Common.CurrentVersion.targets" from project "/Users/dacanetdev/Dev/AIGenerated/RoadmapSkills/src/Shared/DeventSoft.RoadmapSkills.Shared.Domain/DeventSoft.RoadmapSkills.Shared.Domain.csproj" (target "PrepareProjectReferences" depends on it):
  10:6>Task "ResolveNonMSBuildProjectOutput" skipped, due to false condition; ('$(BuildingInsideVisualStudio)'=='true' and '@(ProjectReferenceWithConfiguration)'!='') was evaluated as (''=='true' and ''!='').
   6:6>ResolveAssemblyReferences:
         Primary reference "System.Xml.XmlSerializer, Version=8.0.0.0, Culture=neutral, PublicKeyToken=b03f5f7f11d50a3a".
             Resolved file path is "/Users/dacanetdev/.nuget/packages/microsoft.netcore.app.ref/8.0.13/ref/net8.0/System.Xml.XmlSerializer.dll".
  10:6>Done building target "_SplitProjectReferencesByFileExistence" in project "DeventSoft.RoadmapSkills.Shared.Domain.csproj".
   6:6>ResolveAssemblyReferences:
             Reference found at search path location "{RawFileName}".
             This reference is not "CopyLocal" because at least one source item had "Private" set to "false" and no source items had "Private" set to "true".
             The ImageRuntimeVersion for this reference is "".
  10:6>Target "_AddOutputPathToGlobalPropertiesToRemove" in file "/usr/local/share/dotnet/sdk/9.0.200/Microsoft.Common.CurrentVersion.targets" from project "/Users/dacanetdev/Dev/AIGenerated/RoadmapSkills/src/Shared/DeventSoft.RoadmapSkills.Shared.Domain/DeventSoft.RoadmapSkills.Shared.Domain.csproj" (target "_GetProjectReferenceTargetFrameworkProperties" depends on it):
  10:6>Done building target "_AddOutputPathToGlobalPropertiesToRemove" in project "DeventSoft.RoadmapSkills.Shared.Domain.csproj".
   6:6>ResolveAssemblyReferences:
         Primary reference "System.Xml, Version=4.0.0.0, Culture=neutral, PublicKeyToken=b77a5c561934e089".
             Resolved file path is "/Users/dacanetdev/.nuget/packages/microsoft.netcore.app.ref/8.0.13/ref/net8.0/System.Xml.dll".
             Reference found at search path location "{RawFileName}".
   2:6>Done executing task "FindUnderPath".
   6:6>ResolveAssemblyReferences:
             This reference is not "CopyLocal" because at least one source item had "Private" set to "false" and no source items had "Private" set to "true".
   2:6>Task "FindUnderPath"
   6:6>ResolveAssemblyReferences:
             The ImageRuntimeVersion for this reference is "".
         Primary reference "System, Version=4.0.0.0, Culture=neutral, PublicKeyToken=b77a5c561934e089".
  10:6>Target "_GetProjectReferenceTargetFrameworkProperties" in file "/usr/local/share/dotnet/sdk/9.0.200/Microsoft.Common.CurrentVersion.targets" from project "/Users/dacanetdev/Dev/AIGenerated/RoadmapSkills/src/Shared/DeventSoft.RoadmapSkills.Shared.Domain/DeventSoft.RoadmapSkills.Shared.Domain.csproj" (target "PrepareProjectReferences" depends on it):
  10:6>Task "MSBuild"
   6:6>ResolveAssemblyReferences:
             Resolved file path is "/Users/dacanetdev/.nuget/packages/microsoft.netcore.app.ref/8.0.13/ref/net8.0/System.dll".
             Reference found at search path location "{RawFileName}".
             This reference is not "CopyLocal" because at least one source item had "Private" set to "false" and no source items had "Private" set to "true".
             The ImageRuntimeVersion for this reference is "".
         Primary reference "WindowsBase, Version=4.0.0.0, Culture=neutral, PublicKeyToken=31bf3856ad364e35".
             Resolved file path is "/Users/dacanetdev/.nuget/packages/microsoft.netcore.app.ref/8.0.13/ref/net8.0/WindowsBase.dll".
             Reference found at search path location "{RawFileName}".
             This reference is not "CopyLocal" because at least one source item had "Private" set to "false" and no source items had "Private" set to "true".
             The ImageRuntimeVersion for this reference is "".
         Primary reference "mscorlib, Version=4.0.0.0, Culture=neutral, PublicKeyToken=b77a5c561934e089".
             Resolved file path is "/Users/dacanetdev/.nuget/packages/microsoft.netcore.app.ref/8.0.13/ref/net8.0/mscorlib.dll".
             Reference found at search path location "{RawFileName}".
   2:6>_CleanGetCurrentAndPriorFileWrites:
         Comparison path is "obj/Debug/net8.0/".
   6:6>ResolveAssemblyReferences:
             This reference is not "CopyLocal" because at least one source item had "Private" set to "false" and no source items had "Private" set to "true".
             The ImageRuntimeVersion for this reference is "".
         Primary reference "netstandard, Version=2.1.0.0, Culture=neutral, PublicKeyToken=cc7b13ffcd2ddd51".
             Resolved file path is "/Users/dacanetdev/.nuget/packages/microsoft.netcore.app.ref/8.0.13/ref/net8.0/netstandard.dll".
             Reference found at search path location "{RawFileName}".
             This reference is not "CopyLocal" because at least one source item had "Private" set to "false" and no source items had "Private" set to "true".
             The ImageRuntimeVersion for this reference is "".
         Primary reference "Microsoft.AspNetCore.Antiforgery, Version=8.0.0.0, Culture=neutral, PublicKeyToken=adb9793829ddae60".
             Resolved file path is "/Users/dacanetdev/.nuget/packages/microsoft.aspnetcore.app.ref/8.0.13/ref/net8.0/Microsoft.AspNetCore.Antiforgery.dll".
             Reference found at search path location "{RawFileName}".
             This reference is not "CopyLocal" because at least one source item had "Private" set to "false" and no source items had "Private" set to "true".
             The ImageRuntimeVersion for this reference is "".
         Primary reference "Microsoft.AspNetCore.Authentication.Abstractions, Version=8.0.0.0, Culture=neutral, PublicKeyToken=adb9793829ddae60".
             Resolved file path is "/Users/dacanetdev/.nuget/packages/microsoft.aspnetcore.app.ref/8.0.13/ref/net8.0/Microsoft.AspNetCore.Authentication.Abstractions.dll".
             Reference found at search path location "{RawFileName}".
             This reference is not "CopyLocal" because at least one source item had "Private" set to "false" and no source items had "Private" set to "true".
             The ImageRuntimeVersion for this reference is "".
         Primary reference "Microsoft.AspNetCore.Authentication.BearerToken, Version=8.0.0.0, Culture=neutral, PublicKeyToken=adb9793829ddae60".
             Resolved file path is "/Users/dacanetdev/.nuget/packages/microsoft.aspnetcore.app.ref/8.0.13/ref/net8.0/Microsoft.AspNetCore.Authentication.BearerToken.dll".
             Reference found at search path location "{RawFileName}".
             This reference is not "CopyLocal" because at least one source item had "Private" set to "false" and no source items had "Private" set to "true".
             The ImageRuntimeVersion for this reference is "".
         Primary reference "Microsoft.AspNetCore.Authentication.Cookies, Version=8.0.0.0, Culture=neutral, PublicKeyToken=adb9793829ddae60".
             Resolved file path is "/Users/dacanetdev/.nuget/packages/microsoft.aspnetcore.app.ref/8.0.13/ref/net8.0/Microsoft.AspNetCore.Authentication.Cookies.dll".
             Reference found at search path location "{RawFileName}".
             This reference is not "CopyLocal" because at least one source item had "Private" set to "false" and no source items had "Private" set to "true".
             The ImageRuntimeVersion for this reference is "".
         Primary reference "Microsoft.AspNetCore.Authentication.Core, Version=8.0.0.0, Culture=neutral, PublicKeyToken=adb9793829ddae60".
             Resolved file path is "/Users/dacanetdev/.nuget/packages/microsoft.aspnetcore.app.ref/8.0.13/ref/net8.0/Microsoft.AspNetCore.Authentication.Core.dll".
             Reference found at search path location "{RawFileName}".
   2:6>Done executing task "FindUnderPath".
   6:6>ResolveAssemblyReferences:
             This reference is not "CopyLocal" because at least one source item had "Private" set to "false" and no source items had "Private" set to "true".
             The ImageRuntimeVersion for this reference is "".
         Primary reference "Microsoft.AspNetCore.Authentication.OAuth, Version=8.0.0.0, Culture=neutral, PublicKeyToken=adb9793829ddae60".
             Resolved file path is "/Users/dacanetdev/.nuget/packages/microsoft.aspnetcore.app.ref/8.0.13/ref/net8.0/Microsoft.AspNetCore.Authentication.OAuth.dll".
             Reference found at search path location "{RawFileName}".
             This reference is not "CopyLocal" because at least one source item had "Private" set to "false" and no source items had "Private" set to "true".
             The ImageRuntimeVersion for this reference is "".
         Primary reference "Microsoft.AspNetCore.Authentication, Version=8.0.0.0, Culture=neutral, PublicKeyToken=adb9793829ddae60".
  10:6>Done executing task "MSBuild".
   6:6>ResolveAssemblyReferences:
             Resolved file path is "/Users/dacanetdev/.nuget/packages/microsoft.aspnetcore.app.ref/8.0.13/ref/net8.0/Microsoft.AspNetCore.Authentication.dll".
             Reference found at search path location "{RawFileName}".
             This reference is not "CopyLocal" because at least one source item had "Private" set to "false" and no source items had "Private" set to "true".
  10:6>_GetProjectReferenceTargetFrameworkProperties:
       Task "MSBuild" skipped, due to false condition; ('%(_MSBuildProjectReferenceExistent.SkipGetTargetFrameworkProperties)' != 'true' and '$(EnableDynamicPlatformResolution)' == 'true') was evaluated as ('' != 'true' and '' == 'true').
   6:6>ResolveAssemblyReferences:
             The ImageRuntimeVersion for this reference is "".
         Primary reference "Microsoft.AspNetCore.Authorization.Policy, Version=8.0.0.0, Culture=neutral, PublicKeyToken=adb9793829ddae60".
  10:6>_GetProjectReferenceTargetFrameworkProperties:
       Task "GetReferenceNearestTargetFrameworkTask" skipped, due to false condition; ('@(_ProjectReferenceTargetFrameworkPossibilities)' != '' and '$(ReferringTargetFrameworkForProjectReferences)' != ''
                                                               And '$(GetReferenceNearestTargetFrameworkTaskSupportsTargetPlatformParameter)' == 'true' and '%(_ProjectReferenceTargetFrameworkPossibilities.IsVcxOrNativeProj)' != 'true') was evaluated as ('' != '' and '.NETCoreApp,Version=v8.0' != ''
                                                               And 'true' == 'true' and '' != 'true').
   6:6>ResolveAssemblyReferences:
             Resolved file path is "/Users/dacanetdev/.nuget/packages/microsoft.aspnetcore.app.ref/8.0.13/ref/net8.0/Microsoft.AspNetCore.Authorization.Policy.dll".
             Reference found at search path location "{RawFileName}".
  10:6>_GetProjectReferenceTargetFrameworkProperties:
       Task "GetReferenceNearestTargetFrameworkTask" skipped, due to false condition; ('@(_ProjectReferenceTargetFrameworkPossibilities)' != '' and '$(ReferringTargetFrameworkForProjectReferences)' != ''
                                                               And '$(GetReferenceNearestTargetFrameworkTaskSupportsTargetPlatformParameter)' != 'true' and '%(_ProjectReferenceTargetFrameworkPossibilities.IsVcxOrNativeProj)' != 'true') was evaluated as ('' != '' and '.NETCoreApp,Version=v8.0' != ''
                                                               And 'true' != 'true' and '' != 'true').
   6:6>ResolveAssemblyReferences:
             This reference is not "CopyLocal" because at least one source item had "Private" set to "false" and no source items had "Private" set to "true".
             The ImageRuntimeVersion for this reference is "".
         Primary reference "Microsoft.AspNetCore.Authorization, Version=8.0.0.0, Culture=neutral, PublicKeyToken=adb9793829ddae60".
             Resolved file path is "/Users/dacanetdev/.nuget/packages/microsoft.aspnetcore.app.ref/8.0.13/ref/net8.0/Microsoft.AspNetCore.Authorization.dll".
             Reference found at search path location "{RawFileName}".
             This reference is not "CopyLocal" because at least one source item had "Private" set to "false" and no source items had "Private" set to "true".
             The ImageRuntimeVersion for this reference is "".
  10:6>Task "SetRidAgnosticValueForProjects"
   6:6>ResolveAssemblyReferences:
         Primary reference "Microsoft.AspNetCore.Components.Authorization, Version=8.0.0.0, Culture=neutral, PublicKeyToken=adb9793829ddae60".
  10:6>Done executing task "SetRidAgnosticValueForProjects".
   6:6>ResolveAssemblyReferences:
             Resolved file path is "/Users/dacanetdev/.nuget/packages/microsoft.aspnetcore.app.ref/8.0.13/ref/net8.0/Microsoft.AspNetCore.Components.Authorization.dll".
             Reference found at search path location "{RawFileName}".
             This reference is not "CopyLocal" because at least one source item had "Private" set to "false" and no source items had "Private" set to "true".
             The ImageRuntimeVersion for this reference is "".
         Primary reference "Microsoft.AspNetCore.Components.Endpoints, Version=8.0.0.0, Culture=neutral, PublicKeyToken=adb9793829ddae60".
             Resolved file path is "/Users/dacanetdev/.nuget/packages/microsoft.aspnetcore.app.ref/8.0.13/ref/net8.0/Microsoft.AspNetCore.Components.Endpoints.dll".
  10:6>Done building target "_GetProjectReferenceTargetFrameworkProperties" in project "DeventSoft.RoadmapSkills.Shared.Domain.csproj".
   6:6>ResolveAssemblyReferences:
             Reference found at search path location "{RawFileName}".
             This reference is not "CopyLocal" because at least one source item had "Private" set to "false" and no source items had "Private" set to "true".
  10:6>Target "ValidateExecutableReferences" in file "/usr/local/share/dotnet/sdk/9.0.200/Sdks/Microsoft.NET.Sdk/targets/Microsoft.NET.Sdk.targets" from project "/Users/dacanetdev/Dev/AIGenerated/RoadmapSkills/src/Shared/DeventSoft.RoadmapSkills.Shared.Domain/DeventSoft.RoadmapSkills.Shared.Domain.csproj" (target "PrepareProjectReferences" depends on it):
  10:6>Using "ValidateExecutableReferences" task from assembly "/usr/local/share/dotnet/sdk/9.0.200/Sdks/Microsoft.NET.Sdk/targets/../tools/net9.0/Microsoft.NET.Build.Tasks.dll".
   6:6>ResolveAssemblyReferences:
             The ImageRuntimeVersion for this reference is "".
  10:6>Task "ValidateExecutableReferences"
   6:6>ResolveAssemblyReferences:
         Primary reference "Microsoft.AspNetCore.Components.Forms, Version=8.0.0.0, Culture=neutral, PublicKeyToken=adb9793829ddae60".
   2:6>Task "RemoveDuplicates"
   6:6>ResolveAssemblyReferences:
             Resolved file path is "/Users/dacanetdev/.nuget/packages/microsoft.aspnetcore.app.ref/8.0.13/ref/net8.0/Microsoft.AspNetCore.Components.Forms.dll".
             Reference found at search path location "{RawFileName}".
             This reference is not "CopyLocal" because at least one source item had "Private" set to "false" and no source items had "Private" set to "true".
             The ImageRuntimeVersion for this reference is "".
         Primary reference "Microsoft.AspNetCore.Components.Server, Version=8.0.0.0, Culture=neutral, PublicKeyToken=adb9793829ddae60".
     0>Property reassignment: $(SourceLinkUrlInitializerTargets)=";_InitializeGitHubSourceLinkUrl;_InitializeGitLabSourceLinkUrl" (previous value: ";_InitializeGitHubSourceLinkUrl") at /usr/local/share/dotnet/sdk/9.0.200/Sdks/Microsoft.SourceLink.GitLab/build/Microsoft.SourceLink.GitLab.targets (12,5)
       Property reassignment: $(SourceControlManagerUrlTranslationTargets)=";TranslateGitHubUrlsInSourceControlInformation;TranslateGitLabUrlsInSourceControlInformation" (previous value: ";TranslateGitHubUrlsInSourceControlInformation") at /usr/local/share/dotnet/sdk/9.0.200/Sdks/Microsoft.SourceLink.GitLab/build/Microsoft.SourceLink.GitLab.targets (13,5)
   6:6>ResolveAssemblyReferences:
             Resolved file path is "/Users/dacanetdev/.nuget/packages/microsoft.aspnetcore.app.ref/8.0.13/ref/net8.0/Microsoft.AspNetCore.Components.Server.dll".
             Reference found at search path location "{RawFileName}".
  10:6>Done executing task "ValidateExecutableReferences".
   6:6>ResolveAssemblyReferences:
             This reference is not "CopyLocal" because at least one source item had "Private" set to "false" and no source items had "Private" set to "true".
             The ImageRuntimeVersion for this reference is "".
  10:6>Done building target "ValidateExecutableReferences" in project "DeventSoft.RoadmapSkills.Shared.Domain.csproj".
   6:6>ResolveAssemblyReferences:
         Primary reference "Microsoft.AspNetCore.Components.Web, Version=8.0.0.0, Culture=neutral, PublicKeyToken=adb9793829ddae60".
  10:6>Target "_GetProjectReferencePlatformProperties" skipped, due to false condition; ('$(EnableDynamicPlatformResolution)' == 'true'
                     and '@(_MSBuildProjectReferenceExistent)' != '') was evaluated as ('' == 'true'
                     and '' != '').
   6:6>ResolveAssemblyReferences:
             Resolved file path is "/Users/dacanetdev/.nuget/packages/microsoft.aspnetcore.app.ref/8.0.13/ref/net8.0/Microsoft.AspNetCore.Components.Web.dll".
             Reference found at search path location "{RawFileName}".
  10:6>Target "PrepareProjectReferences" in file "/usr/local/share/dotnet/sdk/9.0.200/Microsoft.Common.CurrentVersion.targets" from project "/Users/dacanetdev/Dev/AIGenerated/RoadmapSkills/src/Shared/DeventSoft.RoadmapSkills.Shared.Domain/DeventSoft.RoadmapSkills.Shared.Domain.csproj" (target "ResolveProjectReferences" depends on it):
  10:6>Done building target "PrepareProjectReferences" in project "DeventSoft.RoadmapSkills.Shared.Domain.csproj".
   6:6>ResolveAssemblyReferences:
             This reference is not "CopyLocal" because at least one source item had "Private" set to "false" and no source items had "Private" set to "true".
   2:6>Done executing task "RemoveDuplicates".
   6:6>ResolveAssemblyReferences:
             The ImageRuntimeVersion for this reference is "".
  10:6>Target "ResolveProjectReferences" in file "/usr/local/share/dotnet/sdk/9.0.200/Microsoft.Common.CurrentVersion.targets" from project "/Users/dacanetdev/Dev/AIGenerated/RoadmapSkills/src/Shared/DeventSoft.RoadmapSkills.Shared.Domain/DeventSoft.RoadmapSkills.Shared.Domain.csproj" (target "ResolveReferences" depends on it):
  10:6>Task "MSBuild" skipped, due to false condition; ('%(_MSBuildProjectReferenceExistent.BuildReference)' == 'true' and '@(ProjectReferenceWithConfiguration)' != '' and ('$(BuildingInsideVisualStudio)' == 'true' or '$(BuildProjectReferences)' != 'true') and '$(VisualStudioVersion)' != '10.0' and '@(_MSBuildProjectReferenceExistent)' != '') was evaluated as ('' == 'true' and '' != '' and ('' == 'true' or 'true' != 'true') and '17.0' != '10.0' and '' != '').
       Task "MSBuild" skipped, due to false condition; ('%(_MSBuildProjectReferenceExistent.BuildReference)' == 'true' and '@(ProjectReferenceWithConfiguration)' != '' and '$(BuildingInsideVisualStudio)' != 'true' and '$(BuildProjectReferences)' == 'true' and '@(_MSBuildProjectReferenceExistent)' != '') was evaluated as ('' == 'true' and '' != '' and '' != 'true' and 'true' == 'true' and '' != '').
   6:6>ResolveAssemblyReferences:
         Primary reference "Microsoft.AspNetCore.Components, Version=8.0.0.0, Culture=neutral, PublicKeyToken=adb9793829ddae60".
  10:6>ResolveProjectReferences:
       Task "MSBuild" skipped, due to false condition; ('%(_MSBuildProjectReferenceExistent.BuildReference)' == 'true' and '@(ProjectReferenceWithConfiguration)' != '' and '$(BuildingProject)' == 'true' and '@(_MSBuildProjectReferenceExistent)' != '') was evaluated as ('' == 'true' and '' != '' and 'true' == 'true' and '' != '').
       Task "MSBuildInternalMessage" skipped, due to false condition; ('$(_NonExistentProjectReferenceSeverity)' != '') was evaluated as ('' != '').
   6:6>ResolveAssemblyReferences:
             Resolved file path is "/Users/dacanetdev/.nuget/packages/microsoft.aspnetcore.app.ref/8.0.13/ref/net8.0/Microsoft.AspNetCore.Components.dll".
  10:6>Done building target "ResolveProjectReferences" in project "DeventSoft.RoadmapSkills.Shared.Domain.csproj".
   6:6>ResolveAssemblyReferences:
             Reference found at search path location "{RawFileName}".
             This reference is not "CopyLocal" because at least one source item had "Private" set to "false" and no source items had "Private" set to "true".
  10:6>Target "FindInvalidProjectReferences" skipped, due to false condition; ('$(FindInvalidProjectReferences)' == 'true') was evaluated as ('' == 'true').
   6:6>ResolveAssemblyReferences:
             The ImageRuntimeVersion for this reference is "".
  10:6>Target "ResolveNativeReferences" skipped, due to false condition; ('@(NativeReference)'!='') was evaluated as (''!='').
   6:6>ResolveAssemblyReferences:
         Primary reference "Microsoft.AspNetCore.Connections.Abstractions, Version=8.0.0.0, Culture=neutral, PublicKeyToken=adb9793829ddae60".
  10:6>Target "ResolveProjectReferences" skipped. Previously built successfully.
   6:6>ResolveAssemblyReferences:
             Resolved file path is "/Users/dacanetdev/.nuget/packages/microsoft.aspnetcore.app.ref/8.0.13/ref/net8.0/Microsoft.AspNetCore.Connections.Abstractions.dll".
             Reference found at search path location "{RawFileName}".
  10:6>Target "FindInvalidProjectReferences" skipped, due to false condition; ('$(FindInvalidProjectReferences)' == 'true') was evaluated as ('' == 'true').
   6:6>ResolveAssemblyReferences:
             This reference is not "CopyLocal" because at least one source item had "Private" set to "false" and no source items had "Private" set to "true".
   2:6>Done building target "_CleanGetCurrentAndPriorFileWrites" in project "DeventSoft.RoadmapSkills.Users.IntegrationTests.csproj".
  10:6>Target "GetFrameworkPaths" skipped. Previously built successfully.
   6:6>ResolveAssemblyReferences:
             The ImageRuntimeVersion for this reference is "".
  10:6>Target "GetReferenceAssemblyPaths" skipped. Previously built successfully.
   6:6>ResolveAssemblyReferences:
         Primary reference "Microsoft.AspNetCore.CookiePolicy, Version=8.0.0.0, Culture=neutral, PublicKeyToken=adb9793829ddae60".
             Resolved file path is "/Users/dacanetdev/.nuget/packages/microsoft.aspnetcore.app.ref/8.0.13/ref/net8.0/Microsoft.AspNetCore.CookiePolicy.dll".
  10:6>Target "PrepareForBuild" skipped. Previously built successfully.
   6:6>ResolveAssemblyReferences:
             Reference found at search path location "{RawFileName}".
  10:6>Target "GetInstalledSDKLocations" skipped, due to false condition; ('@(SDKReference)' != '') was evaluated as ('' != '').
   6:6>ResolveAssemblyReferences:
             This reference is not "CopyLocal" because at least one source item had "Private" set to "false" and no source items had "Private" set to "true".
             The ImageRuntimeVersion for this reference is "".
  10:6>Target "ResolveSDKReferences" in file "/usr/local/share/dotnet/sdk/9.0.200/Microsoft.Common.CurrentVersion.targets" from project "/Users/dacanetdev/Dev/AIGenerated/RoadmapSkills/src/Shared/DeventSoft.RoadmapSkills.Shared.Domain/DeventSoft.RoadmapSkills.Shared.Domain.csproj" (target "ResolveAssemblyReferences" depends on it):
  10:6>Task "ResolveSDKReference" skipped, due to false condition; ('@(SDKReference)'!='') was evaluated as (''!='').
   6:6>ResolveAssemblyReferences:
         Primary reference "Microsoft.AspNetCore.Cors, Version=8.0.0.0, Culture=neutral, PublicKeyToken=adb9793829ddae60".
  10:6>Done building target "ResolveSDKReferences" in project "DeventSoft.RoadmapSkills.Shared.Domain.csproj".
   6:6>ResolveAssemblyReferences:
             Resolved file path is "/Users/dacanetdev/.nuget/packages/microsoft.aspnetcore.app.ref/8.0.13/ref/net8.0/Microsoft.AspNetCore.Cors.dll".
  10:6>Target "ResolveSDKReferences" skipped. Previously built successfully.
   6:6>ResolveAssemblyReferences:
             Reference found at search path location "{RawFileName}".
             This reference is not "CopyLocal" because at least one source item had "Private" set to "false" and no source items had "Private" set to "true".
             The ImageRuntimeVersion for this reference is "".
  10:6>Target "ExpandSDKReferences" in file "/usr/local/share/dotnet/sdk/9.0.200/Microsoft.Common.CurrentVersion.targets" from project "/Users/dacanetdev/Dev/AIGenerated/RoadmapSkills/src/Shared/DeventSoft.RoadmapSkills.Shared.Domain/DeventSoft.RoadmapSkills.Shared.Domain.csproj" (target "ResolveAssemblyReferences" depends on it):
  10:6>Task "GetSDKReferenceFiles" skipped, due to false condition; ('@(ResolvedSDKReference)'!='') was evaluated as (''!='').
   2:6>Target "IncrementalClean" in file "/usr/local/share/dotnet/sdk/9.0.200/Microsoft.Common.CurrentVersion.targets" from project "/Users/dacanetdev/Dev/AIGenerated/RoadmapSkills/tests/Modules/Users/DeventSoft.RoadmapSkills.Users.IntegrationTests/DeventSoft.RoadmapSkills.Users.IntegrationTests.csproj" (target "CoreBuild" depends on it):
   2:6>Task "FindUnderPath"
   6:6>ResolveAssemblyReferences:
         Primary reference "Microsoft.AspNetCore.Cryptography.Internal, Version=8.0.0.0, Culture=neutral, PublicKeyToken=adb9793829ddae60".
  10:6>Done building target "ExpandSDKReferences" in project "DeventSoft.RoadmapSkills.Shared.Domain.csproj".
   6:6>ResolveAssemblyReferences:
             Resolved file path is "/Users/dacanetdev/.nuget/packages/microsoft.aspnetcore.app.ref/8.0.13/ref/net8.0/Microsoft.AspNetCore.Cryptography.Internal.dll".
  10:6>Target "ResolvePackageDependenciesForBuild" skipped. Previously built successfully.
   6:6>ResolveAssemblyReferences:
             Reference found at search path location "{RawFileName}".
             This reference is not "CopyLocal" because at least one source item had "Private" set to "false" and no source items had "Private" set to "true".
  10:6>Target "GetFrameworkPaths" skipped. Previously built successfully.
   6:6>ResolveAssemblyReferences:
             The ImageRuntimeVersion for this reference is "".
  10:6>Target "GetReferenceAssemblyPaths" skipped. Previously built successfully.
   6:6>ResolveAssemblyReferences:
         Primary reference "Microsoft.AspNetCore.Cryptography.KeyDerivation, Version=8.0.0.0, Culture=neutral, PublicKeyToken=adb9793829ddae60".
  10:6>Target "ProcessFrameworkReferences" skipped. Previously built successfully.
   6:6>ResolveAssemblyReferences:
             Resolved file path is "/Users/dacanetdev/.nuget/packages/microsoft.aspnetcore.app.ref/8.0.13/ref/net8.0/Microsoft.AspNetCore.Cryptography.KeyDerivation.dll".
  10:6>Target "ResolvePackageAssets" skipped. Previously built successfully.
   6:6>ResolveAssemblyReferences:
             Reference found at search path location "{RawFileName}".
             This reference is not "CopyLocal" because at least one source item had "Private" set to "false" and no source items had "Private" set to "true".
  10:6>Target "ResolveFrameworkReferences" in file "/usr/local/share/dotnet/sdk/9.0.200/Sdks/Microsoft.NET.Sdk/targets/Microsoft.NET.Sdk.FrameworkReferenceResolution.targets" from project "/Users/dacanetdev/Dev/AIGenerated/RoadmapSkills/src/Shared/DeventSoft.RoadmapSkills.Shared.Domain/DeventSoft.RoadmapSkills.Shared.Domain.csproj" (target "ResolveTargetingPackAssets" depends on it):
  10:6>Using "GetPackageDirectory" task from assembly "/usr/local/share/dotnet/sdk/9.0.200/Sdks/Microsoft.NET.Sdk/targets/../tools/net9.0/Microsoft.NET.Build.Tasks.dll".
   6:6>ResolveAssemblyReferences:
             The ImageRuntimeVersion for this reference is "".
  10:6>Task "GetPackageDirectory"
   6:6>ResolveAssemblyReferences:
         Primary reference "Microsoft.AspNetCore.DataProtection.Abstractions, Version=8.0.0.0, Culture=neutral, PublicKeyToken=adb9793829ddae60".
             Resolved file path is "/Users/dacanetdev/.nuget/packages/microsoft.aspnetcore.app.ref/8.0.13/ref/net8.0/Microsoft.AspNetCore.DataProtection.Abstractions.dll".
   2:6>IncrementalClean:
         Comparison path is "bin/Debug/net8.0/".
   6:6>ResolveAssemblyReferences:
             Reference found at search path location "{RawFileName}".
             This reference is not "CopyLocal" because at least one source item had "Private" set to "false" and no source items had "Private" set to "true".
     0>Property reassignment: $(SourceLinkUrlInitializerTargets)=";_InitializeGitHubSourceLinkUrl;_InitializeGitLabSourceLinkUrl;_InitializeAzureReposGitSourceLinkUrl" (previous value: ";_InitializeGitHubSourceLinkUrl;_InitializeGitLabSourceLinkUrl") at /usr/local/share/dotnet/sdk/9.0.200/Sdks/Microsoft.SourceLink.AzureRepos.Git/build/Microsoft.SourceLink.AzureRepos.Git.targets (12,5)
   2:6>Done executing task "FindUnderPath".
     0>Property reassignment: $(SourceControlManagerUrlTranslationTargets)=";TranslateGitHubUrlsInSourceControlInformation;TranslateGitLabUrlsInSourceControlInformation;TranslateAzureReposGitUrlsInSourceControlInformation" (previous value: ";TranslateGitHubUrlsInSourceControlInformation;TranslateGitLabUrlsInSourceControlInformation") at /usr/local/share/dotnet/sdk/9.0.200/Sdks/Microsoft.SourceLink.AzureRepos.Git/build/Microsoft.SourceLink.AzureRepos.Git.targets (13,5)
   6:6>ResolveAssemblyReferences:
             The ImageRuntimeVersion for this reference is "".
   2:6>Task "FindUnderPath"
   6:6>ResolveAssemblyReferences:
         Primary reference "Microsoft.AspNetCore.DataProtection.Extensions, Version=8.0.0.0, Culture=neutral, PublicKeyToken=adb9793829ddae60".
             Resolved file path is "/Users/dacanetdev/.nuget/packages/microsoft.aspnetcore.app.ref/8.0.13/ref/net8.0/Microsoft.AspNetCore.DataProtection.Extensions.dll".
             Reference found at search path location "{RawFileName}".
             This reference is not "CopyLocal" because at least one source item had "Private" set to "false" and no source items had "Private" set to "true".
             The ImageRuntimeVersion for this reference is "".
         Primary reference "Microsoft.AspNetCore.DataProtection, Version=8.0.0.0, Culture=neutral, PublicKeyToken=adb9793829ddae60".
   2:6>IncrementalClean:
         Comparison path is "obj/Debug/net8.0/".
   6:6>ResolveAssemblyReferences:
             Resolved file path is "/Users/dacanetdev/.nuget/packages/microsoft.aspnetcore.app.ref/8.0.13/ref/net8.0/Microsoft.AspNetCore.DataProtection.dll".
   2:6>Done executing task "FindUnderPath".
   6:6>ResolveAssemblyReferences:
             Reference found at search path location "{RawFileName}".
             This reference is not "CopyLocal" because at least one source item had "Private" set to "false" and no source items had "Private" set to "true".
             The ImageRuntimeVersion for this reference is "".
         Primary reference "Microsoft.AspNetCore.Diagnostics.Abstractions, Version=8.0.0.0, Culture=neutral, PublicKeyToken=adb9793829ddae60".
             Resolved file path is "/Users/dacanetdev/.nuget/packages/microsoft.aspnetcore.app.ref/8.0.13/ref/net8.0/Microsoft.AspNetCore.Diagnostics.Abstractions.dll".
             Reference found at search path location "{RawFileName}".
             This reference is not "CopyLocal" because at least one source item had "Private" set to "false" and no source items had "Private" set to "true".
             The ImageRuntimeVersion for this reference is "".
         Primary reference "Microsoft.AspNetCore.Diagnostics.HealthChecks, Version=8.0.0.0, Culture=neutral, PublicKeyToken=adb9793829ddae60".
             Resolved file path is "/Users/dacanetdev/.nuget/packages/microsoft.aspnetcore.app.ref/8.0.13/ref/net8.0/Microsoft.AspNetCore.Diagnostics.HealthChecks.dll".
             Reference found at search path location "{RawFileName}".
   2:6>IncrementalClean:
       Using "Delete" task from assembly "Microsoft.Build.Tasks.Core, Version=15.1.0.0, Culture=neutral, PublicKeyToken=b03f5f7f11d50a3a".
   6:6>ResolveAssemblyReferences:
             This reference is not "CopyLocal" because at least one source item had "Private" set to "false" and no source items had "Private" set to "true".
   2:6>Task "Delete"
   6:6>ResolveAssemblyReferences:
             The ImageRuntimeVersion for this reference is "".
         Primary reference "Microsoft.AspNetCore.Diagnostics, Version=8.0.0.0, Culture=neutral, PublicKeyToken=adb9793829ddae60".
             Resolved file path is "/Users/dacanetdev/.nuget/packages/microsoft.aspnetcore.app.ref/8.0.13/ref/net8.0/Microsoft.AspNetCore.Diagnostics.dll".
     0>Property reassignment: $(SourceLinkUrlInitializerTargets)=";_InitializeGitHubSourceLinkUrl;_InitializeGitLabSourceLinkUrl;_InitializeAzureReposGitSourceLinkUrl;_InitializeBitbucketGitSourceLinkUrl" (previous value: ";_InitializeGitHubSourceLinkUrl;_InitializeGitLabSourceLinkUrl;_InitializeAzureReposGitSourceLinkUrl") at /usr/local/share/dotnet/sdk/9.0.200/Sdks/Microsoft.SourceLink.Bitbucket.Git/build/Microsoft.SourceLink.Bitbucket.Git.targets (12,5)
   6:6>ResolveAssemblyReferences:
             Reference found at search path location "{RawFileName}".
     0>Property reassignment: $(SourceControlManagerUrlTranslationTargets)=";TranslateGitHubUrlsInSourceControlInformation;TranslateGitLabUrlsInSourceControlInformation;TranslateAzureReposGitUrlsInSourceControlInformation;TranslateBitbucketGitUrlsInSourceControlInformation" (previous value: ";TranslateGitHubUrlsInSourceControlInformation;TranslateGitLabUrlsInSourceControlInformation;TranslateAzureReposGitUrlsInSourceControlInformation") at /usr/local/share/dotnet/sdk/9.0.200/Sdks/Microsoft.SourceLink.Bitbucket.Git/build/Microsoft.SourceLink.Bitbucket.Git.targets (13,5)
  10:6>Done executing task "GetPackageDirectory".
   2:6>Done executing task "Delete".
  10:6>Task "GetPackageDirectory"
   2:6>Task "RemoveDuplicates"
   6:6>ResolveAssemblyReferences:
             This reference is not "CopyLocal" because at least one source item had "Private" set to "false" and no source items had "Private" set to "true".
  10:6>Done executing task "GetPackageDirectory".
   2:6>Done executing task "RemoveDuplicates".
   6:6>ResolveAssemblyReferences:
             The ImageRuntimeVersion for this reference is "".
  10:6>Task "GetPackageDirectory"
   2:6>IncrementalClean:
       Task "WriteLinesToFile" skipped, due to false condition; ('@(_CleanUnfilteredPriorFileWrites)'!='@(_CleanUniqueRemainingFileWritesAfterIncrementalClean)') was evaluated as ('/Users/dacanetdev/Dev/AIGenerated/RoadmapSkills/tests/Modules/Users/DeventSoft.RoadmapSkills.Users.IntegrationTests/bin/Debug/net8.0/xunit.runner.visualstudio.dotnetcore.testadapter.dll;/Users/dacanetdev/Dev/AIGenerated/RoadmapSkills/tests/Modules/Users/DeventSoft.RoadmapSkills.Users.IntegrationTests/bin/Debug/net8.0/xunit.runner.reporters.netcoreapp10.dll;/Users/dacanetdev/Dev/AIGenerated/RoadmapSkills/tests/Modules/Users/DeventSoft.RoadmapSkills.Users.IntegrationTests/bin/Debug/net8.0/xunit.runner.utility.netcoreapp10.dll;...'!='/Users/dacanetdev/Dev/AIGenerated/RoadmapSkills/tests/Modules/Users/DeventSoft.RoadmapSkills.Users.IntegrationTests/bin/Debug/net8.0/xunit.runner.visualstudio.dotnetcore.testadapter.dll;/Users/dacanetdev/Dev/AIGenerated/RoadmapSkills/tests/Modules/Users/DeventSoft.RoadmapSkills.Users.IntegrationTests/bin/Debug/net8.0/xunit.runner.reporters.netcoreapp10.dll;/Users/dacanetdev/Dev/AIGenerated/RoadmapSkills/tests/Modules/Users/DeventSoft.RoadmapSkills.Users.IntegrationTests/bin/Debug/net8.0/xunit.runner.utility.netcoreapp10.dll;...').
   6:6>ResolveAssemblyReferences:
         Primary reference "Microsoft.AspNetCore.HostFiltering, Version=8.0.0.0, Culture=neutral, PublicKeyToken=adb9793829ddae60".
  10:6>Done executing task "GetPackageDirectory".
   2:6>Done building target "IncrementalClean" in project "DeventSoft.RoadmapSkills.Users.IntegrationTests.csproj".
   6:6>ResolveAssemblyReferences:
             Resolved file path is "/Users/dacanetdev/.nuget/packages/microsoft.aspnetcore.app.ref/8.0.13/ref/net8.0/Microsoft.AspNetCore.HostFiltering.dll".
  10:6>Task "GetPackageDirectory"
       Done executing task "GetPackageDirectory".
   2:6>Target "PostBuildEvent" skipped, due to false condition; ('$(PostBuildEvent)' != '' and ('$(RunPostBuildEvent)' != 'OnOutputUpdated' or '$(_AssemblyTimestampBeforeCompile)' != '$(_AssemblyTimestampAfterCompile)')) was evaluated as ('' != '' and ('' != 'OnOutputUpdated' or '' != '')).
   6:6>ResolveAssemblyReferences:
             Reference found at search path location "{RawFileName}".
             This reference is not "CopyLocal" because at least one source item had "Private" set to "false" and no source items had "Private" set to "true".
   2:6>Target "GenerateBuildDependencyFile" skipped. Previously built successfully.
   6:6>ResolveAssemblyReferences:
             The ImageRuntimeVersion for this reference is "".
   2:6>Target "GenerateBuildRuntimeConfigurationFiles" skipped. Previously built successfully.
  10:6>Task "GetPackageDirectory"
   6:6>ResolveAssemblyReferences:
         Primary reference "Microsoft.AspNetCore.Hosting.Abstractions, Version=8.0.0.0, Culture=neutral, PublicKeyToken=adb9793829ddae60".
  10:6>Done executing task "GetPackageDirectory".
   6:6>ResolveAssemblyReferences:
             Resolved file path is "/Users/dacanetdev/.nuget/packages/microsoft.aspnetcore.app.ref/8.0.13/ref/net8.0/Microsoft.AspNetCore.Hosting.Abstractions.dll".
   2:6>Target "CoreBuild" in file "/usr/local/share/dotnet/sdk/9.0.200/Microsoft.Common.CurrentVersion.targets" from project "/Users/dacanetdev/Dev/AIGenerated/RoadmapSkills/tests/Modules/Users/DeventSoft.RoadmapSkills.Users.IntegrationTests/DeventSoft.RoadmapSkills.Users.IntegrationTests.csproj" (target "Build" depends on it):
   2:6>Done building target "CoreBuild" in project "DeventSoft.RoadmapSkills.Users.IntegrationTests.csproj".
  10:6>Task "GetPackageDirectory"
   6:6>ResolveAssemblyReferences:
             Reference found at search path location "{RawFileName}".
  10:6>Done executing task "GetPackageDirectory".
   6:6>ResolveAssemblyReferences:
             This reference is not "CopyLocal" because at least one source item had "Private" set to "false" and no source items had "Private" set to "true".
   2:6>Target "AfterBuild" in file "/usr/local/share/dotnet/sdk/9.0.200/Microsoft.Common.CurrentVersion.targets" from project "/Users/dacanetdev/Dev/AIGenerated/RoadmapSkills/tests/Modules/Users/DeventSoft.RoadmapSkills.Users.IntegrationTests/DeventSoft.RoadmapSkills.Users.IntegrationTests.csproj" (target "Build" depends on it):
   2:6>Done building target "AfterBuild" in project "DeventSoft.RoadmapSkills.Users.IntegrationTests.csproj".
  10:6>Task "GetPackageDirectory"
   6:6>ResolveAssemblyReferences:
             The ImageRuntimeVersion for this reference is "".
   2:6>Target "_CheckBrowserWorkloadNeededButNotAvailable" skipped, due to false condition; ('$(RuntimeIdentifier)' == 'browser-wasm' and '$(_BrowserWorkloadDisabled)' != 'true' and '$(WasmNativeWorkloadAvailable)' != 'true') was evaluated as ('' == 'browser-wasm' and '' != 'true' and '' != 'true').
   6:6>ResolveAssemblyReferences:
         Primary reference "Microsoft.AspNetCore.Hosting.Server.Abstractions, Version=8.0.0.0, Culture=neutral, PublicKeyToken=adb9793829ddae60".
   2:6>Target "_ErrorWorkloadDisabledForTFMLessThan6" skipped, due to false condition; ('$(_BrowserWorkloadNotSupportedForTFM)' == 'true') was evaluated as ('' == 'true').
   6:6>ResolveAssemblyReferences:
             Resolved file path is "/Users/dacanetdev/.nuget/packages/microsoft.aspnetcore.app.ref/8.0.13/ref/net8.0/Microsoft.AspNetCore.Hosting.Server.Abstractions.dll".
  10:6>Done executing task "GetPackageDirectory".
   2:6>Target "_ErrorDualWasmThreadPropsOn7" skipped, due to false condition; ('$(TargetsNet7)' == 'true' and '$(RuntimeIdentifier)' == 'browser-wasm' and
    '$(BrowserWorkloadDisabled)' != 'true' and '$(WasmEnableThreads)' == 'true' and '$(WasmEnablePerfTrace)' == 'true') was evaluated as ('' == 'true' and '' == 'browser-wasm' and
    '' != 'true' and '' == 'true' and '' == 'true').
   6:6>ResolveAssemblyReferences:
             Reference found at search path location "{RawFileName}".
  10:6>Task "GetPackageDirectory"
   2:6>Target "_CheckForInvalidConfigurationAndPlatform" skipped. Previously built successfully.
   6:6>ResolveAssemblyReferences:
             This reference is not "CopyLocal" because at least one source item had "Private" set to "false" and no source items had "Private" set to "true".
  10:6>Done executing task "GetPackageDirectory".
   2:6>Target "_CheckForInvalidConfigurationAndPlatform" skipped. Previously built successfully.
   6:6>ResolveAssemblyReferences:
             The ImageRuntimeVersion for this reference is "".
  10:6>Task "GetPackageDirectory"
   6:6>ResolveAssemblyReferences:
         Primary reference "Microsoft.AspNetCore.Hosting, Version=8.0.0.0, Culture=neutral, PublicKeyToken=adb9793829ddae60".
  10:6>Done executing task "GetPackageDirectory".
   2:6>Target "Build" in file "/usr/local/share/dotnet/sdk/9.0.200/Microsoft.Common.CurrentVersion.targets" from project "/Users/dacanetdev/Dev/AIGenerated/RoadmapSkills/tests/Modules/Users/DeventSoft.RoadmapSkills.Users.IntegrationTests/DeventSoft.RoadmapSkills.Users.IntegrationTests.csproj" (entry point):
   2:6>Done building target "Build" in project "DeventSoft.RoadmapSkills.Users.IntegrationTests.csproj".
   6:6>ResolveAssemblyReferences:
             Resolved file path is "/Users/dacanetdev/.nuget/packages/microsoft.aspnetcore.app.ref/8.0.13/ref/net8.0/Microsoft.AspNetCore.Hosting.dll".
  10:6>Task "GetPackageDirectory"
   6:6>ResolveAssemblyReferences:
             Reference found at search path location "{RawFileName}".
   2:6>Target "_PackAsBuildAfterTarget" skipped, due to false condition; ('$(GeneratePackageOnBuild)' == 'true' AND '$(IsInnerBuild)' != 'true') was evaluated as ('false' == 'true' AND '' != 'true').
  10:6>Done executing task "GetPackageDirectory".
   6:6>ResolveAssemblyReferences:
             This reference is not "CopyLocal" because at least one source item had "Private" set to "false" and no source items had "Private" set to "true".
             The ImageRuntimeVersion for this reference is "".
  10:6>ResolveFrameworkReferences:
       Using "ResolveFrameworkReferences" task from assembly "/usr/local/share/dotnet/sdk/9.0.200/Sdks/Microsoft.NET.Sdk/targets/../tools/net9.0/Microsoft.NET.Build.Tasks.dll".
   2:6>Target "_CheckContainersPackage" in file "/usr/local/share/dotnet/sdk/9.0.200/Containers/build/Microsoft.NET.Build.Containers.targets" from project "/Users/dacanetdev/Dev/AIGenerated/RoadmapSkills/tests/Modules/Users/DeventSoft.RoadmapSkills.Users.IntegrationTests/DeventSoft.RoadmapSkills.Users.IntegrationTests.csproj" (entry point):
   2:6>Task "Warning" skipped, due to false condition; ($(_ContainerPackageIsPresent)
        and (
          ($(_SdkCanPublishWeb) and $(_IsWebProject)) or
          ($(_SdkCanPublishWorker) and $(_IsWorkerProject)) or
          ($(_SdkCanPublishConsole) and '$(EnableSdkContainerSupport)' == 'true')
        )) was evaluated as (false
        and (
          (True and false) or
          (True and false) or
          (True and '' == 'true')
        )).
   6:6>ResolveAssemblyReferences:
         Primary reference "Microsoft.AspNetCore.Html.Abstractions, Version=8.0.0.0, Culture=neutral, PublicKeyToken=adb9793829ddae60".
  10:6>Task "ResolveFrameworkReferences"
   2:6>Done building target "_CheckContainersPackage" in project "DeventSoft.RoadmapSkills.Users.IntegrationTests.csproj".
   6:6>ResolveAssemblyReferences:
             Resolved file path is "/Users/dacanetdev/.nuget/packages/microsoft.aspnetcore.app.ref/8.0.13/ref/net8.0/Microsoft.AspNetCore.Html.Abstractions.dll".
  10:6>Done executing task "ResolveFrameworkReferences".
   2:6>Done Building Project "/Users/dacanetdev/Dev/AIGenerated/RoadmapSkills/tests/Modules/Users/DeventSoft.RoadmapSkills.Users.IntegrationTests/DeventSoft.RoadmapSkills.Users.IntegrationTests.csproj" (default targets).
   6:6>ResolveAssemblyReferences:
             Reference found at search path location "{RawFileName}".
  10:6>Done building target "ResolveFrameworkReferences" in project "DeventSoft.RoadmapSkills.Shared.Domain.csproj".
   6:6>ResolveAssemblyReferences:
             This reference is not "CopyLocal" because at least one source item had "Private" set to "false" and no source items had "Private" set to "true".
             The ImageRuntimeVersion for this reference is "".
         Primary reference "Microsoft.AspNetCore.Http.Abstractions, Version=8.0.0.0, Culture=neutral, PublicKeyToken=adb9793829ddae60".
  10:6>Target "ResolveTargetingPackAssets" in file "/usr/local/share/dotnet/sdk/9.0.200/Sdks/Microsoft.NET.Sdk/targets/Microsoft.NET.Sdk.FrameworkReferenceResolution.targets" from project "/Users/dacanetdev/Dev/AIGenerated/RoadmapSkills/src/Shared/DeventSoft.RoadmapSkills.Shared.Domain/DeventSoft.RoadmapSkills.Shared.Domain.csproj" (target "_HandlePackageFileConflicts" depends on it):
  10:6>Using "ResolveTargetingPackAssets" task from assembly "/usr/local/share/dotnet/sdk/9.0.200/Sdks/Microsoft.NET.Sdk/targets/../tools/net9.0/Microsoft.NET.Build.Tasks.dll".
   6:6>ResolveAssemblyReferences:
             Resolved file path is "/Users/dacanetdev/.nuget/packages/microsoft.aspnetcore.app.ref/8.0.13/ref/net8.0/Microsoft.AspNetCore.Http.Abstractions.dll".
  10:6>Task "ResolveTargetingPackAssets"
   6:6>ResolveAssemblyReferences:
             Reference found at search path location "{RawFileName}".
  10:6>Done executing task "ResolveTargetingPackAssets".
   6:6>ResolveAssemblyReferences:
             This reference is not "CopyLocal" because at least one source item had "Private" set to "false" and no source items had "Private" set to "true".
             The ImageRuntimeVersion for this reference is "".
  10:6>Done building target "ResolveTargetingPackAssets" in project "DeventSoft.RoadmapSkills.Shared.Domain.csproj".
   6:6>ResolveAssemblyReferences:
         Primary reference "Microsoft.AspNetCore.Http.Connections.Common, Version=8.0.0.0, Culture=neutral, PublicKeyToken=adb9793829ddae60".
             Resolved file path is "/Users/dacanetdev/.nuget/packages/microsoft.aspnetcore.app.ref/8.0.13/ref/net8.0/Microsoft.AspNetCore.Http.Connections.Common.dll".
  10:6>Target "ResolveOffByDefaultAnalyzers" in file "/usr/local/share/dotnet/sdk/9.0.200/Sdks/Microsoft.NET.Sdk/targets/Microsoft.NET.Sdk.FrameworkReferenceResolution.targets" from project "/Users/dacanetdev/Dev/AIGenerated/RoadmapSkills/src/Shared/DeventSoft.RoadmapSkills.Shared.Domain/DeventSoft.RoadmapSkills.Shared.Domain.csproj" (target "_HandlePackageFileConflicts" depends on it):
  10:6>Done building target "ResolveOffByDefaultAnalyzers" in project "DeventSoft.RoadmapSkills.Shared.Domain.csproj".
   6:6>ResolveAssemblyReferences:
             Reference found at search path location "{RawFileName}".
             This reference is not "CopyLocal" because at least one source item had "Private" set to "false" and no source items had "Private" set to "true".
             The ImageRuntimeVersion for this reference is "".
  10:6>Target "_HandlePackageFileConflicts" in file "/usr/local/share/dotnet/sdk/9.0.200/Sdks/Microsoft.NET.Sdk/targets/Microsoft.NET.ConflictResolution.targets" from project "/Users/dacanetdev/Dev/AIGenerated/RoadmapSkills/src/Shared/DeventSoft.RoadmapSkills.Shared.Domain/DeventSoft.RoadmapSkills.Shared.Domain.csproj" (target "ResolveAssemblyReferences" depends on it):
  10:6>Using "ResolvePackageFileConflicts" task from assembly "/usr/local/share/dotnet/sdk/9.0.200/Sdks/Microsoft.NET.Sdk/targets/../tools/net9.0/Microsoft.NET.Build.Tasks.dll".
   6:6>ResolveAssemblyReferences:
         Primary reference "Microsoft.AspNetCore.Http.Connections, Version=8.0.0.0, Culture=neutral, PublicKeyToken=adb9793829ddae60".
  10:6>Task "ResolvePackageFileConflicts"
   6:6>ResolveAssemblyReferences:
             Resolved file path is "/Users/dacanetdev/.nuget/packages/microsoft.aspnetcore.app.ref/8.0.13/ref/net8.0/Microsoft.AspNetCore.Http.Connections.dll".
             Reference found at search path location "{RawFileName}".
             This reference is not "CopyLocal" because at least one source item had "Private" set to "false" and no source items had "Private" set to "true".
             The ImageRuntimeVersion for this reference is "".
         Primary reference "Microsoft.AspNetCore.Http.Extensions, Version=8.0.0.0, Culture=neutral, PublicKeyToken=adb9793829ddae60".
             Resolved file path is "/Users/dacanetdev/.nuget/packages/microsoft.aspnetcore.app.ref/8.0.13/ref/net8.0/Microsoft.AspNetCore.Http.Extensions.dll".
             Reference found at search path location "{RawFileName}".
             This reference is not "CopyLocal" because at least one source item had "Private" set to "false" and no source items had "Private" set to "true".
             The ImageRuntimeVersion for this reference is "".
         Primary reference "Microsoft.AspNetCore.Http.Features, Version=8.0.0.0, Culture=neutral, PublicKeyToken=adb9793829ddae60".
             Resolved file path is "/Users/dacanetdev/.nuget/packages/microsoft.aspnetcore.app.ref/8.0.13/ref/net8.0/Microsoft.AspNetCore.Http.Features.dll".
             Reference found at search path location "{RawFileName}".
             This reference is not "CopyLocal" because at least one source item had "Private" set to "false" and no source items had "Private" set to "true".
             The ImageRuntimeVersion for this reference is "".
         Primary reference "Microsoft.AspNetCore.Http.Results, Version=8.0.0.0, Culture=neutral, PublicKeyToken=adb9793829ddae60".
             Resolved file path is "/Users/dacanetdev/.nuget/packages/microsoft.aspnetcore.app.ref/8.0.13/ref/net8.0/Microsoft.AspNetCore.Http.Results.dll".
             Reference found at search path location "{RawFileName}".
             This reference is not "CopyLocal" because at least one source item had "Private" set to "false" and no source items had "Private" set to "true".
             The ImageRuntimeVersion for this reference is "".
         Primary reference "Microsoft.AspNetCore.Http, Version=8.0.0.0, Culture=neutral, PublicKeyToken=adb9793829ddae60".
     0>Property reassignment: $(DesignerRuntimeImplementationProjectOutputGroupDependsOn)="
      
      ;
      
      ;
      BuildOnlySettings;
      PrepareForBuild;
      AssignTargetPaths;
      ResolveReferences
    
    ;
      _GenerateDesignerDepsFile;
      _GenerateDesignerRuntimeConfigFile;
      GetCopyToOutputDirectoryItems;
      _GatherDesignerShadowCopyFiles;
    " (previous value: "
      ;
      
      ;
      BuildOnlySettings;
      PrepareForBuild;
      AssignTargetPaths;
      ResolveReferences
    
    ") at /usr/local/share/dotnet/sdk/9.0.200/Sdks/Microsoft.NET.Sdk/targets/Microsoft.NET.DesignerSupport.targets (21,5)
   6:6>ResolveAssemblyReferences:
             Resolved file path is "/Users/dacanetdev/.nuget/packages/microsoft.aspnetcore.app.ref/8.0.13/ref/net8.0/Microsoft.AspNetCore.Http.dll".
             Reference found at search path location "{RawFileName}".
             This reference is not "CopyLocal" because at least one source item had "Private" set to "false" and no source items had "Private" set to "true".
             The ImageRuntimeVersion for this reference is "".
         Primary reference "Microsoft.AspNetCore.HttpLogging, Version=8.0.0.0, Culture=neutral, PublicKeyToken=adb9793829ddae60".
             Resolved file path is "/Users/dacanetdev/.nuget/packages/microsoft.aspnetcore.app.ref/8.0.13/ref/net8.0/Microsoft.AspNetCore.HttpLogging.dll".
             Reference found at search path location "{RawFileName}".
             This reference is not "CopyLocal" because at least one source item had "Private" set to "false" and no source items had "Private" set to "true".
             The ImageRuntimeVersion for this reference is "".
         Primary reference "Microsoft.AspNetCore.HttpOverrides, Version=8.0.0.0, Culture=neutral, PublicKeyToken=adb9793829ddae60".
             Resolved file path is "/Users/dacanetdev/.nuget/packages/microsoft.aspnetcore.app.ref/8.0.13/ref/net8.0/Microsoft.AspNetCore.HttpOverrides.dll".
             Reference found at search path location "{RawFileName}".
             This reference is not "CopyLocal" because at least one source item had "Private" set to "false" and no source items had "Private" set to "true".
             The ImageRuntimeVersion for this reference is "".
         Primary reference "Microsoft.AspNetCore.HttpsPolicy, Version=8.0.0.0, Culture=neutral, PublicKeyToken=adb9793829ddae60".
             Resolved file path is "/Users/dacanetdev/.nuget/packages/microsoft.aspnetcore.app.ref/8.0.13/ref/net8.0/Microsoft.AspNetCore.HttpsPolicy.dll".
             Reference found at search path location "{RawFileName}".
             This reference is not "CopyLocal" because at least one source item had "Private" set to "false" and no source items had "Private" set to "true".
             The ImageRuntimeVersion for this reference is "".
         Primary reference "Microsoft.AspNetCore.Identity, Version=8.0.0.0, Culture=neutral, PublicKeyToken=adb9793829ddae60".
             Resolved file path is "/Users/dacanetdev/.nuget/packages/microsoft.aspnetcore.app.ref/8.0.13/ref/net8.0/Microsoft.AspNetCore.Identity.dll".
             Reference found at search path location "{RawFileName}".
             This reference is not "CopyLocal" because at least one source item had "Private" set to "false" and no source items had "Private" set to "true".
             The ImageRuntimeVersion for this reference is "".
         Primary reference "Microsoft.AspNetCore.Localization.Routing, Version=8.0.0.0, Culture=neutral, PublicKeyToken=adb9793829ddae60".
             Resolved file path is "/Users/dacanetdev/.nuget/packages/microsoft.aspnetcore.app.ref/8.0.13/ref/net8.0/Microsoft.AspNetCore.Localization.Routing.dll".
             Reference found at search path location "{RawFileName}".
             This reference is not "CopyLocal" because at least one source item had "Private" set to "false" and no source items had "Private" set to "true".
             The ImageRuntimeVersion for this reference is "".
         Primary reference "Microsoft.AspNetCore.Localization, Version=8.0.0.0, Culture=neutral, PublicKeyToken=adb9793829ddae60".
             Resolved file path is "/Users/dacanetdev/.nuget/packages/microsoft.aspnetcore.app.ref/8.0.13/ref/net8.0/Microsoft.AspNetCore.Localization.dll".
             Reference found at search path location "{RawFileName}".
             This reference is not "CopyLocal" because at least one source item had "Private" set to "false" and no source items had "Private" set to "true".
             The ImageRuntimeVersion for this reference is "".
         Primary reference "Microsoft.AspNetCore.Metadata, Version=8.0.0.0, Culture=neutral, PublicKeyToken=adb9793829ddae60".
             Resolved file path is "/Users/dacanetdev/.nuget/packages/microsoft.aspnetcore.app.ref/8.0.13/ref/net8.0/Microsoft.AspNetCore.Metadata.dll".
             Reference found at search path location "{RawFileName}".
             This reference is not "CopyLocal" because at least one source item had "Private" set to "false" and no source items had "Private" set to "true".
             The ImageRuntimeVersion for this reference is "".
         Primary reference "Microsoft.AspNetCore.Mvc.Abstractions, Version=8.0.0.0, Culture=neutral, PublicKeyToken=adb9793829ddae60".
             Resolved file path is "/Users/dacanetdev/.nuget/packages/microsoft.aspnetcore.app.ref/8.0.13/ref/net8.0/Microsoft.AspNetCore.Mvc.Abstractions.dll".
             Reference found at search path location "{RawFileName}".
             This reference is not "CopyLocal" because at least one source item had "Private" set to "false" and no source items had "Private" set to "true".
             The ImageRuntimeVersion for this reference is "".
         Primary reference "Microsoft.AspNetCore.Mvc.ApiExplorer, Version=8.0.0.0, Culture=neutral, PublicKeyToken=adb9793829ddae60".
             Resolved file path is "/Users/dacanetdev/.nuget/packages/microsoft.aspnetcore.app.ref/8.0.13/ref/net8.0/Microsoft.AspNetCore.Mvc.ApiExplorer.dll".
             Reference found at search path location "{RawFileName}".
             This reference is not "CopyLocal" because at least one source item had "Private" set to "false" and no source items had "Private" set to "true".
             The ImageRuntimeVersion for this reference is "".
         Primary reference "Microsoft.AspNetCore.Mvc.Core, Version=8.0.0.0, Culture=neutral, PublicKeyToken=adb9793829ddae60".
             Resolved file path is "/Users/dacanetdev/.nuget/packages/microsoft.aspnetcore.app.ref/8.0.13/ref/net8.0/Microsoft.AspNetCore.Mvc.Core.dll".
             Reference found at search path location "{RawFileName}".
             This reference is not "CopyLocal" because at least one source item had "Private" set to "false" and no source items had "Private" set to "true".
             The ImageRuntimeVersion for this reference is "".
         Primary reference "Microsoft.AspNetCore.Mvc.Cors, Version=8.0.0.0, Culture=neutral, PublicKeyToken=adb9793829ddae60".
             Resolved file path is "/Users/dacanetdev/.nuget/packages/microsoft.aspnetcore.app.ref/8.0.13/ref/net8.0/Microsoft.AspNetCore.Mvc.Cors.dll".
             Reference found at search path location "{RawFileName}".
             This reference is not "CopyLocal" because at least one source item had "Private" set to "false" and no source items had "Private" set to "true".
             The ImageRuntimeVersion for this reference is "".
         Primary reference "Microsoft.AspNetCore.Mvc.DataAnnotations, Version=8.0.0.0, Culture=neutral, PublicKeyToken=adb9793829ddae60".
             Resolved file path is "/Users/dacanetdev/.nuget/packages/microsoft.aspnetcore.app.ref/8.0.13/ref/net8.0/Microsoft.AspNetCore.Mvc.DataAnnotations.dll".
             Reference found at search path location "{RawFileName}".
             This reference is not "CopyLocal" because at least one source item had "Private" set to "false" and no source items had "Private" set to "true".
             The ImageRuntimeVersion for this reference is "".
         Primary reference "Microsoft.AspNetCore.Mvc.Formatters.Json, Version=8.0.0.0, Culture=neutral, PublicKeyToken=adb9793829ddae60".
             Resolved file path is "/Users/dacanetdev/.nuget/packages/microsoft.aspnetcore.app.ref/8.0.13/ref/net8.0/Microsoft.AspNetCore.Mvc.Formatters.Json.dll".
             Reference found at search path location "{RawFileName}".
             This reference is not "CopyLocal" because at least one source item had "Private" set to "false" and no source items had "Private" set to "true".
             The ImageRuntimeVersion for this reference is "".
         Primary reference "Microsoft.AspNetCore.Mvc.Formatters.Xml, Version=8.0.0.0, Culture=neutral, PublicKeyToken=adb9793829ddae60".
             Resolved file path is "/Users/dacanetdev/.nuget/packages/microsoft.aspnetcore.app.ref/8.0.13/ref/net8.0/Microsoft.AspNetCore.Mvc.Formatters.Xml.dll".
             Reference found at search path location "{RawFileName}".
             This reference is not "CopyLocal" because at least one source item had "Private" set to "false" and no source items had "Private" set to "true".
             The ImageRuntimeVersion for this reference is "".
         Primary reference "Microsoft.AspNetCore.Mvc.Localization, Version=8.0.0.0, Culture=neutral, PublicKeyToken=adb9793829ddae60".
             Resolved file path is "/Users/dacanetdev/.nuget/packages/microsoft.aspnetcore.app.ref/8.0.13/ref/net8.0/Microsoft.AspNetCore.Mvc.Localization.dll".
             Reference found at search path location "{RawFileName}".
             This reference is not "CopyLocal" because at least one source item had "Private" set to "false" and no source items had "Private" set to "true".
             The ImageRuntimeVersion for this reference is "".
         Primary reference "Microsoft.AspNetCore.Mvc.Razor, Version=8.0.0.0, Culture=neutral, PublicKeyToken=adb9793829ddae60".
             Resolved file path is "/Users/dacanetdev/.nuget/packages/microsoft.aspnetcore.app.ref/8.0.13/ref/net8.0/Microsoft.AspNetCore.Mvc.Razor.dll".
             Reference found at search path location "{RawFileName}".
             This reference is not "CopyLocal" because at least one source item had "Private" set to "false" and no source items had "Private" set to "true".
             The ImageRuntimeVersion for this reference is "".
         Primary reference "Microsoft.AspNetCore.Mvc.RazorPages, Version=8.0.0.0, Culture=neutral, PublicKeyToken=adb9793829ddae60".
             Resolved file path is "/Users/dacanetdev/.nuget/packages/microsoft.aspnetcore.app.ref/8.0.13/ref/net8.0/Microsoft.AspNetCore.Mvc.RazorPages.dll".
             Reference found at search path location "{RawFileName}".
             This reference is not "CopyLocal" because at least one source item had "Private" set to "false" and no source items had "Private" set to "true".
             The ImageRuntimeVersion for this reference is "".
         Primary reference "Microsoft.AspNetCore.Mvc.TagHelpers, Version=8.0.0.0, Culture=neutral, PublicKeyToken=adb9793829ddae60".
             Resolved file path is "/Users/dacanetdev/.nuget/packages/microsoft.aspnetcore.app.ref/8.0.13/ref/net8.0/Microsoft.AspNetCore.Mvc.TagHelpers.dll".
             Reference found at search path location "{RawFileName}".
             This reference is not "CopyLocal" because at least one source item had "Private" set to "false" and no source items had "Private" set to "true".
             The ImageRuntimeVersion for this reference is "".
         Primary reference "Microsoft.AspNetCore.Mvc.ViewFeatures, Version=8.0.0.0, Culture=neutral, PublicKeyToken=adb9793829ddae60".
             Resolved file path is "/Users/dacanetdev/.nuget/packages/microsoft.aspnetcore.app.ref/8.0.13/ref/net8.0/Microsoft.AspNetCore.Mvc.ViewFeatures.dll".
             Reference found at search path location "{RawFileName}".
             This reference is not "CopyLocal" because at least one source item had "Private" set to "false" and no source items had "Private" set to "true".
             The ImageRuntimeVersion for this reference is "".
         Primary reference "Microsoft.AspNetCore.Mvc, Version=8.0.0.0, Culture=neutral, PublicKeyToken=adb9793829ddae60".
             Resolved file path is "/Users/dacanetdev/.nuget/packages/microsoft.aspnetcore.app.ref/8.0.13/ref/net8.0/Microsoft.AspNetCore.Mvc.dll".
             Reference found at search path location "{RawFileName}".
             This reference is not "CopyLocal" because at least one source item had "Private" set to "false" and no source items had "Private" set to "true".
             The ImageRuntimeVersion for this reference is "".
         Primary reference "Microsoft.AspNetCore.OutputCaching, Version=8.0.0.0, Culture=neutral, PublicKeyToken=adb9793829ddae60".
             Resolved file path is "/Users/dacanetdev/.nuget/packages/microsoft.aspnetcore.app.ref/8.0.13/ref/net8.0/Microsoft.AspNetCore.OutputCaching.dll".
             Reference found at search path location "{RawFileName}".
             This reference is not "CopyLocal" because at least one source item had "Private" set to "false" and no source items had "Private" set to "true".
             The ImageRuntimeVersion for this reference is "".
         Primary reference "Microsoft.AspNetCore.RateLimiting, Version=8.0.0.0, Culture=neutral, PublicKeyToken=adb9793829ddae60".
             Resolved file path is "/Users/dacanetdev/.nuget/packages/microsoft.aspnetcore.app.ref/8.0.13/ref/net8.0/Microsoft.AspNetCore.RateLimiting.dll".
             Reference found at search path location "{RawFileName}".
             This reference is not "CopyLocal" because at least one source item had "Private" set to "false" and no source items had "Private" set to "true".
             The ImageRuntimeVersion for this reference is "".
         Primary reference "Microsoft.AspNetCore.Razor.Runtime, Version=8.0.0.0, Culture=neutral, PublicKeyToken=adb9793829ddae60".
             Resolved file path is "/Users/dacanetdev/.nuget/packages/microsoft.aspnetcore.app.ref/8.0.13/ref/net8.0/Microsoft.AspNetCore.Razor.Runtime.dll".
             Reference found at search path location "{RawFileName}".
             This reference is not "CopyLocal" because at least one source item had "Private" set to "false" and no source items had "Private" set to "true".
             The ImageRuntimeVersion for this reference is "".
         Primary reference "Microsoft.AspNetCore.Razor, Version=8.0.0.0, Culture=neutral, PublicKeyToken=adb9793829ddae60".
             Resolved file path is "/Users/dacanetdev/.nuget/packages/microsoft.aspnetcore.app.ref/8.0.13/ref/net8.0/Microsoft.AspNetCore.Razor.dll".
             Reference found at search path location "{RawFileName}".
             This reference is not "CopyLocal" because at least one source item had "Private" set to "false" and no source items had "Private" set to "true".
             The ImageRuntimeVersion for this reference is "".
         Primary reference "Microsoft.AspNetCore.RequestDecompression, Version=8.0.0.0, Culture=neutral, PublicKeyToken=adb9793829ddae60".
             Resolved file path is "/Users/dacanetdev/.nuget/packages/microsoft.aspnetcore.app.ref/8.0.13/ref/net8.0/Microsoft.AspNetCore.RequestDecompression.dll".
             Reference found at search path location "{RawFileName}".
             This reference is not "CopyLocal" because at least one source item had "Private" set to "false" and no source items had "Private" set to "true".
             The ImageRuntimeVersion for this reference is "".
  10:6>_HandlePackageFileConflicts:
         Encountered conflict between 'Platform:mscorlib.dll' and 'Platform:mscorlib.dll'. Could not determine winner due to equal file and assembly versions.
         Encountered conflict between 'Platform:Microsoft.VisualBasic.dll' and 'Platform:Microsoft.VisualBasic.dll'. Could not determine winner due to equal file and assembly versions.
   6:6>ResolveAssemblyReferences:
         Primary reference "Microsoft.AspNetCore.ResponseCaching.Abstractions, Version=8.0.0.0, Culture=neutral, PublicKeyToken=adb9793829ddae60".
  10:6>_HandlePackageFileConflicts:
         Encountered conflict between 'Platform:System.dll' and 'Platform:System.dll'. Could not determine winner due to equal file and assembly versions.
         Encountered conflict between 'Platform:System.ComponentModel.DataAnnotations.dll' and 'Platform:System.ComponentModel.DataAnnotations.dll'. Could not determine winner due to equal file and assembly versions.
   6:6>ResolveAssemblyReferences:
             Resolved file path is "/Users/dacanetdev/.nuget/packages/microsoft.aspnetcore.app.ref/8.0.13/ref/net8.0/Microsoft.AspNetCore.ResponseCaching.Abstractions.dll".
  10:6>_HandlePackageFileConflicts:
         Encountered conflict between 'Platform:System.Configuration.dll' and 'Platform:System.Configuration.dll'. Could not determine winner due to equal file and assembly versions.
         Encountered conflict between 'Platform:System.Core.dll' and 'Platform:System.Core.dll'. Could not determine winner due to equal file and assembly versions.
   6:6>ResolveAssemblyReferences:
             Reference found at search path location "{RawFileName}".
  10:6>_HandlePackageFileConflicts:
         Encountered conflict between 'Platform:System.Data.dll' and 'Platform:System.Data.dll'. Could not determine winner due to equal file and assembly versions.
         Encountered conflict between 'Platform:System.Drawing.dll' and 'Platform:System.Drawing.dll'. Could not determine winner due to equal file and assembly versions.
   6:6>ResolveAssemblyReferences:
             This reference is not "CopyLocal" because at least one source item had "Private" set to "false" and no source items had "Private" set to "true".
  10:6>_HandlePackageFileConflicts:
         Encountered conflict between 'Platform:System.IO.Compression.FileSystem.dll' and 'Platform:System.IO.Compression.FileSystem.dll'. Could not determine winner due to equal file and assembly versions.
         Encountered conflict between 'Platform:System.Net.dll' and 'Platform:System.Net.dll'. Could not determine winner due to equal file and assembly versions.
         Encountered conflict between 'Platform:System.Numerics.dll' and 'Platform:System.Numerics.dll'. Could not determine winner due to equal file and assembly versions.
   6:6>ResolveAssemblyReferences:
             The ImageRuntimeVersion for this reference is "".
  10:6>_HandlePackageFileConflicts:
         Encountered conflict between 'Platform:System.Runtime.Serialization.dll' and 'Platform:System.Runtime.Serialization.dll'. Could not determine winner due to equal file and assembly versions.
   6:6>ResolveAssemblyReferences:
         Primary reference "Microsoft.AspNetCore.ResponseCaching, Version=8.0.0.0, Culture=neutral, PublicKeyToken=adb9793829ddae60".
  10:6>_HandlePackageFileConflicts:
         Encountered conflict between 'Platform:System.Security.dll' and 'Platform:System.Security.dll'. Could not determine winner due to equal file and assembly versions.
   6:6>ResolveAssemblyReferences:
             Resolved file path is "/Users/dacanetdev/.nuget/packages/microsoft.aspnetcore.app.ref/8.0.13/ref/net8.0/Microsoft.AspNetCore.ResponseCaching.dll".
  10:6>_HandlePackageFileConflicts:
         Encountered conflict between 'Platform:System.ServiceProcess.dll' and 'Platform:System.ServiceProcess.dll'. Could not determine winner due to equal file and assembly versions.
   6:6>ResolveAssemblyReferences:
             Reference found at search path location "{RawFileName}".
  10:6>_HandlePackageFileConflicts:
         Encountered conflict between 'Platform:System.ServiceModel.Web.dll' and 'Platform:System.ServiceModel.Web.dll'. Could not determine winner due to equal file and assembly versions.
   6:6>ResolveAssemblyReferences:
             This reference is not "CopyLocal" because at least one source item had "Private" set to "false" and no source items had "Private" set to "true".
  10:6>_HandlePackageFileConflicts:
         Encountered conflict between 'Platform:System.Transactions.dll' and 'Platform:System.Transactions.dll'. Could not determine winner due to equal file and assembly versions.
   6:6>ResolveAssemblyReferences:
             The ImageRuntimeVersion for this reference is "".
  10:6>_HandlePackageFileConflicts:
         Encountered conflict between 'Platform:System.Web.dll' and 'Platform:System.Web.dll'. Could not determine winner due to equal file and assembly versions.
   6:6>ResolveAssemblyReferences:
         Primary reference "Microsoft.AspNetCore.ResponseCompression, Version=8.0.0.0, Culture=neutral, PublicKeyToken=adb9793829ddae60".
  10:6>_HandlePackageFileConflicts:
         Encountered conflict between 'Platform:System.Windows.dll' and 'Platform:System.Windows.dll'. Could not determine winner due to equal file and assembly versions.
   6:6>ResolveAssemblyReferences:
             Resolved file path is "/Users/dacanetdev/.nuget/packages/microsoft.aspnetcore.app.ref/8.0.13/ref/net8.0/Microsoft.AspNetCore.ResponseCompression.dll".
  10:6>_HandlePackageFileConflicts:
         Encountered conflict between 'Platform:System.Xml.dll' and 'Platform:System.Xml.dll'. Could not determine winner due to equal file and assembly versions.
   6:6>ResolveAssemblyReferences:
             Reference found at search path location "{RawFileName}".
  10:6>_HandlePackageFileConflicts:
         Encountered conflict between 'Platform:System.Xml.Serialization.dll' and 'Platform:System.Xml.Serialization.dll'. Could not determine winner due to equal file and assembly versions.
   6:6>ResolveAssemblyReferences:
             This reference is not "CopyLocal" because at least one source item had "Private" set to "false" and no source items had "Private" set to "true".
  10:6>_HandlePackageFileConflicts:
         Encountered conflict between 'Platform:System.Xml.Linq.dll' and 'Platform:System.Xml.Linq.dll'. Could not determine winner due to equal file and assembly versions.
         Encountered conflict between 'Platform:WindowsBase.dll' and 'Platform:WindowsBase.dll'. Could not determine winner due to equal file and assembly versions.
   6:6>ResolveAssemblyReferences:
             The ImageRuntimeVersion for this reference is "".
  10:6>_HandlePackageFileConflicts:
         Encountered conflict between 'Platform:netstandard.dll' and 'Platform:netstandard.dll'. Could not determine winner due to equal file and assembly versions.
   6:6>ResolveAssemblyReferences:
         Primary reference "Microsoft.AspNetCore.Rewrite, Version=8.0.0.0, Culture=neutral, PublicKeyToken=adb9793829ddae60".
  10:6>_HandlePackageFileConflicts:
         Encountered conflict between 'Platform:System.Private.CoreLib.dll' and 'Platform:System.Private.CoreLib.dll'. Could not determine winner due to equal file and assembly versions.
   6:6>ResolveAssemblyReferences:
             Resolved file path is "/Users/dacanetdev/.nuget/packages/microsoft.aspnetcore.app.ref/8.0.13/ref/net8.0/Microsoft.AspNetCore.Rewrite.dll".
  10:6>_HandlePackageFileConflicts:
         Encountered conflict between 'Platform:System.Private.DataContractSerialization.dll' and 'Platform:System.Private.DataContractSerialization.dll'. Could not determine winner due to equal file and assembly versions.
         Encountered conflict between 'Platform:System.Private.Uri.dll' and 'Platform:System.Private.Uri.dll'. Could not determine winner due to equal file and assembly versions.
   6:6>ResolveAssemblyReferences:
             Reference found at search path location "{RawFileName}".
  10:6>_HandlePackageFileConflicts:
         Encountered conflict between 'Platform:System.Private.Xml.dll' and 'Platform:System.Private.Xml.dll'. Could not determine winner due to equal file and assembly versions.
         Encountered conflict between 'Platform:System.Private.Xml.Linq.dll' and 'Platform:System.Private.Xml.Linq.dll'. Could not determine winner due to equal file and assembly versions.
   6:6>ResolveAssemblyReferences:
             This reference is not "CopyLocal" because at least one source item had "Private" set to "false" and no source items had "Private" set to "true".
  10:6>_HandlePackageFileConflicts:
         Encountered conflict between 'Platform:mscordaccore_amd64_amd64_8.0.1325.6609.dll' and 'Platform:mscordaccore_amd64_amd64_8.0.1325.6609.dll'. Could not determine winner due to equal file and assembly versions.
   6:6>ResolveAssemblyReferences:
             The ImageRuntimeVersion for this reference is "".
         Primary reference "Microsoft.AspNetCore.Routing.Abstractions, Version=8.0.0.0, Culture=neutral, PublicKeyToken=adb9793829ddae60".
             Resolved file path is "/Users/dacanetdev/.nuget/packages/microsoft.aspnetcore.app.ref/8.0.13/ref/net8.0/Microsoft.AspNetCore.Routing.Abstractions.dll".
             Reference found at search path location "{RawFileName}".
             This reference is not "CopyLocal" because at least one source item had "Private" set to "false" and no source items had "Private" set to "true".
             The ImageRuntimeVersion for this reference is "".
         Primary reference "Microsoft.AspNetCore.Routing, Version=8.0.0.0, Culture=neutral, PublicKeyToken=adb9793829ddae60".
             Resolved file path is "/Users/dacanetdev/.nuget/packages/microsoft.aspnetcore.app.ref/8.0.13/ref/net8.0/Microsoft.AspNetCore.Routing.dll".
             Reference found at search path location "{RawFileName}".
             This reference is not "CopyLocal" because at least one source item had "Private" set to "false" and no source items had "Private" set to "true".
             The ImageRuntimeVersion for this reference is "".
         Primary reference "Microsoft.AspNetCore.Server.HttpSys, Version=8.0.0.0, Culture=neutral, PublicKeyToken=adb9793829ddae60".
             Resolved file path is "/Users/dacanetdev/.nuget/packages/microsoft.aspnetcore.app.ref/8.0.13/ref/net8.0/Microsoft.AspNetCore.Server.HttpSys.dll".
             Reference found at search path location "{RawFileName}".
             This reference is not "CopyLocal" because at least one source item had "Private" set to "false" and no source items had "Private" set to "true".
             The ImageRuntimeVersion for this reference is "".
         Primary reference "Microsoft.AspNetCore.Server.IIS, Version=8.0.0.0, Culture=neutral, PublicKeyToken=adb9793829ddae60".
             Resolved file path is "/Users/dacanetdev/.nuget/packages/microsoft.aspnetcore.app.ref/8.0.13/ref/net8.0/Microsoft.AspNetCore.Server.IIS.dll".
             Reference found at search path location "{RawFileName}".
  10:6>Done executing task "ResolvePackageFileConflicts".
   6:6>ResolveAssemblyReferences:
             This reference is not "CopyLocal" because at least one source item had "Private" set to "false" and no source items had "Private" set to "true".
             The ImageRuntimeVersion for this reference is "".
         Primary reference "Microsoft.AspNetCore.Server.IISIntegration, Version=8.0.0.0, Culture=neutral, PublicKeyToken=adb9793829ddae60".
             Resolved file path is "/Users/dacanetdev/.nuget/packages/microsoft.aspnetcore.app.ref/8.0.13/ref/net8.0/Microsoft.AspNetCore.Server.IISIntegration.dll".
             Reference found at search path location "{RawFileName}".
             This reference is not "CopyLocal" because at least one source item had "Private" set to "false" and no source items had "Private" set to "true".
             The ImageRuntimeVersion for this reference is "".
         Primary reference "Microsoft.AspNetCore.Server.Kestrel.Core, Version=8.0.0.0, Culture=neutral, PublicKeyToken=adb9793829ddae60".
             Resolved file path is "/Users/dacanetdev/.nuget/packages/microsoft.aspnetcore.app.ref/8.0.13/ref/net8.0/Microsoft.AspNetCore.Server.Kestrel.Core.dll".
             Reference found at search path location "{RawFileName}".
             This reference is not "CopyLocal" because at least one source item had "Private" set to "false" and no source items had "Private" set to "true".
             The ImageRuntimeVersion for this reference is "".
         Primary reference "Microsoft.AspNetCore.Server.Kestrel.Transport.NamedPipes, Version=8.0.0.0, Culture=neutral, PublicKeyToken=adb9793829ddae60".
             Resolved file path is "/Users/dacanetdev/.nuget/packages/microsoft.aspnetcore.app.ref/8.0.13/ref/net8.0/Microsoft.AspNetCore.Server.Kestrel.Transport.NamedPipes.dll".
             Reference found at search path location "{RawFileName}".
             This reference is not "CopyLocal" because at least one source item had "Private" set to "false" and no source items had "Private" set to "true".
             The ImageRuntimeVersion for this reference is "".
         Primary reference "Microsoft.AspNetCore.Server.Kestrel.Transport.Quic, Version=8.0.0.0, Culture=neutral, PublicKeyToken=adb9793829ddae60".
             Resolved file path is "/Users/dacanetdev/.nuget/packages/microsoft.aspnetcore.app.ref/8.0.13/ref/net8.0/Microsoft.AspNetCore.Server.Kestrel.Transport.Quic.dll".
             Reference found at search path location "{RawFileName}".
             This reference is not "CopyLocal" because at least one source item had "Private" set to "false" and no source items had "Private" set to "true".
             The ImageRuntimeVersion for this reference is "".
         Primary reference "Microsoft.AspNetCore.Server.Kestrel.Transport.Sockets, Version=8.0.0.0, Culture=neutral, PublicKeyToken=adb9793829ddae60".
             Resolved file path is "/Users/dacanetdev/.nuget/packages/microsoft.aspnetcore.app.ref/8.0.13/ref/net8.0/Microsoft.AspNetCore.Server.Kestrel.Transport.Sockets.dll".
             Reference found at search path location "{RawFileName}".
             This reference is not "CopyLocal" because at least one source item had "Private" set to "false" and no source items had "Private" set to "true".
             The ImageRuntimeVersion for this reference is "".
         Primary reference "Microsoft.AspNetCore.Server.Kestrel, Version=8.0.0.0, Culture=neutral, PublicKeyToken=adb9793829ddae60".
             Resolved file path is "/Users/dacanetdev/.nuget/packages/microsoft.aspnetcore.app.ref/8.0.13/ref/net8.0/Microsoft.AspNetCore.Server.Kestrel.dll".
             Reference found at search path location "{RawFileName}".
             This reference is not "CopyLocal" because at least one source item had "Private" set to "false" and no source items had "Private" set to "true".
             The ImageRuntimeVersion for this reference is "".
         Primary reference "Microsoft.AspNetCore.Session, Version=8.0.0.0, Culture=neutral, PublicKeyToken=adb9793829ddae60".
             Resolved file path is "/Users/dacanetdev/.nuget/packages/microsoft.aspnetcore.app.ref/8.0.13/ref/net8.0/Microsoft.AspNetCore.Session.dll".
             Reference found at search path location "{RawFileName}".
             This reference is not "CopyLocal" because at least one source item had "Private" set to "false" and no source items had "Private" set to "true".
             The ImageRuntimeVersion for this reference is "".
         Primary reference "Microsoft.AspNetCore.SignalR.Common, Version=8.0.0.0, Culture=neutral, PublicKeyToken=adb9793829ddae60".
             Resolved file path is "/Users/dacanetdev/.nuget/packages/microsoft.aspnetcore.app.ref/8.0.13/ref/net8.0/Microsoft.AspNetCore.SignalR.Common.dll".
             Reference found at search path location "{RawFileName}".
             This reference is not "CopyLocal" because at least one source item had "Private" set to "false" and no source items had "Private" set to "true".
             The ImageRuntimeVersion for this reference is "".
         Primary reference "Microsoft.AspNetCore.SignalR.Core, Version=8.0.0.0, Culture=neutral, PublicKeyToken=adb9793829ddae60".
             Resolved file path is "/Users/dacanetdev/.nuget/packages/microsoft.aspnetcore.app.ref/8.0.13/ref/net8.0/Microsoft.AspNetCore.SignalR.Core.dll".
             Reference found at search path location "{RawFileName}".
             This reference is not "CopyLocal" because at least one source item had "Private" set to "false" and no source items had "Private" set to "true".
             The ImageRuntimeVersion for this reference is "".
         Primary reference "Microsoft.AspNetCore.SignalR.Protocols.Json, Version=8.0.0.0, Culture=neutral, PublicKeyToken=adb9793829ddae60".
             Resolved file path is "/Users/dacanetdev/.nuget/packages/microsoft.aspnetcore.app.ref/8.0.13/ref/net8.0/Microsoft.AspNetCore.SignalR.Protocols.Json.dll".
             Reference found at search path location "{RawFileName}".
             This reference is not "CopyLocal" because at least one source item had "Private" set to "false" and no source items had "Private" set to "true".
             The ImageRuntimeVersion for this reference is "".
         Primary reference "Microsoft.AspNetCore.SignalR, Version=8.0.0.0, Culture=neutral, PublicKeyToken=adb9793829ddae60".
             Resolved file path is "/Users/dacanetdev/.nuget/packages/microsoft.aspnetcore.app.ref/8.0.13/ref/net8.0/Microsoft.AspNetCore.SignalR.dll".
             Reference found at search path location "{RawFileName}".
             This reference is not "CopyLocal" because at least one source item had "Private" set to "false" and no source items had "Private" set to "true".
             The ImageRuntimeVersion for this reference is "".
         Primary reference "Microsoft.AspNetCore.StaticFiles, Version=8.0.0.0, Culture=neutral, PublicKeyToken=adb9793829ddae60".
             Resolved file path is "/Users/dacanetdev/.nuget/packages/microsoft.aspnetcore.app.ref/8.0.13/ref/net8.0/Microsoft.AspNetCore.StaticFiles.dll".
             Reference found at search path location "{RawFileName}".
             This reference is not "CopyLocal" because at least one source item had "Private" set to "false" and no source items had "Private" set to "true".
             The ImageRuntimeVersion for this reference is "".
         Primary reference "Microsoft.AspNetCore.WebSockets, Version=8.0.0.0, Culture=neutral, PublicKeyToken=adb9793829ddae60".
             Resolved file path is "/Users/dacanetdev/.nuget/packages/microsoft.aspnetcore.app.ref/8.0.13/ref/net8.0/Microsoft.AspNetCore.WebSockets.dll".
             Reference found at search path location "{RawFileName}".
             This reference is not "CopyLocal" because at least one source item had "Private" set to "false" and no source items had "Private" set to "true".
             The ImageRuntimeVersion for this reference is "".
         Primary reference "Microsoft.AspNetCore.WebUtilities, Version=8.0.0.0, Culture=neutral, PublicKeyToken=adb9793829ddae60".
             Resolved file path is "/Users/dacanetdev/.nuget/packages/microsoft.aspnetcore.app.ref/8.0.13/ref/net8.0/Microsoft.AspNetCore.WebUtilities.dll".
             Reference found at search path location "{RawFileName}".
             This reference is not "CopyLocal" because at least one source item had "Private" set to "false" and no source items had "Private" set to "true".
             The ImageRuntimeVersion for this reference is "".
         Primary reference "Microsoft.AspNetCore, Version=8.0.0.0, Culture=neutral, PublicKeyToken=adb9793829ddae60".
             Resolved file path is "/Users/dacanetdev/.nuget/packages/microsoft.aspnetcore.app.ref/8.0.13/ref/net8.0/Microsoft.AspNetCore.dll".
             Reference found at search path location "{RawFileName}".
             This reference is not "CopyLocal" because at least one source item had "Private" set to "false" and no source items had "Private" set to "true".
             The ImageRuntimeVersion for this reference is "".
         Primary reference "Microsoft.Extensions.Caching.Abstractions, Version=8.0.0.0, Culture=neutral, PublicKeyToken=adb9793829ddae60".
             Resolved file path is "/Users/dacanetdev/.nuget/packages/microsoft.aspnetcore.app.ref/8.0.13/ref/net8.0/Microsoft.Extensions.Caching.Abstractions.dll".
             Reference found at search path location "{RawFileName}".
             This reference is not "CopyLocal" because at least one source item had "Private" set to "false" and no source items had "Private" set to "true".
             The ImageRuntimeVersion for this reference is "".
         Primary reference "Microsoft.Extensions.Caching.Memory, Version=8.0.0.0, Culture=neutral, PublicKeyToken=adb9793829ddae60".
             Resolved file path is "/Users/dacanetdev/.nuget/packages/microsoft.aspnetcore.app.ref/8.0.13/ref/net8.0/Microsoft.Extensions.Caching.Memory.dll".
             Reference found at search path location "{RawFileName}".
             This reference is not "CopyLocal" because at least one source item had "Private" set to "false" and no source items had "Private" set to "true".
             The ImageRuntimeVersion for this reference is "".
         Primary reference "Microsoft.Extensions.Configuration.Abstractions, Version=8.0.0.0, Culture=neutral, PublicKeyToken=adb9793829ddae60".
             Resolved file path is "/Users/dacanetdev/.nuget/packages/microsoft.aspnetcore.app.ref/8.0.13/ref/net8.0/Microsoft.Extensions.Configuration.Abstractions.dll".
             Reference found at search path location "{RawFileName}".
             This reference is not "CopyLocal" because at least one source item had "Private" set to "false" and no source items had "Private" set to "true".
             The ImageRuntimeVersion for this reference is "".
         Primary reference "Microsoft.Extensions.Configuration.Binder, Version=8.0.0.0, Culture=neutral, PublicKeyToken=adb9793829ddae60".
             Resolved file path is "/Users/dacanetdev/.nuget/packages/microsoft.aspnetcore.app.ref/8.0.13/ref/net8.0/Microsoft.Extensions.Configuration.Binder.dll".
             Reference found at search path location "{RawFileName}".
             This reference is not "CopyLocal" because at least one source item had "Private" set to "false" and no source items had "Private" set to "true".
             The ImageRuntimeVersion for this reference is "".
         Primary reference "Microsoft.Extensions.Configuration.CommandLine, Version=8.0.0.0, Culture=neutral, PublicKeyToken=adb9793829ddae60".
             Resolved file path is "/Users/dacanetdev/.nuget/packages/microsoft.aspnetcore.app.ref/8.0.13/ref/net8.0/Microsoft.Extensions.Configuration.CommandLine.dll".
             Reference found at search path location "{RawFileName}".
             This reference is not "CopyLocal" because at least one source item had "Private" set to "false" and no source items had "Private" set to "true".
             The ImageRuntimeVersion for this reference is "".
         Primary reference "Microsoft.Extensions.Configuration.EnvironmentVariables, Version=8.0.0.0, Culture=neutral, PublicKeyToken=adb9793829ddae60".
             Resolved file path is "/Users/dacanetdev/.nuget/packages/microsoft.aspnetcore.app.ref/8.0.13/ref/net8.0/Microsoft.Extensions.Configuration.EnvironmentVariables.dll".
             Reference found at search path location "{RawFileName}".
             This reference is not "CopyLocal" because at least one source item had "Private" set to "false" and no source items had "Private" set to "true".
             The ImageRuntimeVersion for this reference is "".
         Primary reference "Microsoft.Extensions.Configuration.FileExtensions, Version=8.0.0.0, Culture=neutral, PublicKeyToken=adb9793829ddae60".
             Resolved file path is "/Users/dacanetdev/.nuget/packages/microsoft.aspnetcore.app.ref/8.0.13/ref/net8.0/Microsoft.Extensions.Configuration.FileExtensions.dll".
             Reference found at search path location "{RawFileName}".
             This reference is not "CopyLocal" because at least one source item had "Private" set to "false" and no source items had "Private" set to "true".
             The ImageRuntimeVersion for this reference is "".
         Primary reference "Microsoft.Extensions.Configuration.Ini, Version=8.0.0.0, Culture=neutral, PublicKeyToken=adb9793829ddae60".
             Resolved file path is "/Users/dacanetdev/.nuget/packages/microsoft.aspnetcore.app.ref/8.0.13/ref/net8.0/Microsoft.Extensions.Configuration.Ini.dll".
             Reference found at search path location "{RawFileName}".
             This reference is not "CopyLocal" because at least one source item had "Private" set to "false" and no source items had "Private" set to "true".
             The ImageRuntimeVersion for this reference is "".
         Primary reference "Microsoft.Extensions.Configuration.Json, Version=8.0.0.0, Culture=neutral, PublicKeyToken=adb9793829ddae60".
             Resolved file path is "/Users/dacanetdev/.nuget/packages/microsoft.aspnetcore.app.ref/8.0.13/ref/net8.0/Microsoft.Extensions.Configuration.Json.dll".
             Reference found at search path location "{RawFileName}".
             This reference is not "CopyLocal" because at least one source item had "Private" set to "false" and no source items had "Private" set to "true".
             The ImageRuntimeVersion for this reference is "".
         Primary reference "Microsoft.Extensions.Configuration.KeyPerFile, Version=8.0.0.0, Culture=neutral, PublicKeyToken=adb9793829ddae60".
             Resolved file path is "/Users/dacanetdev/.nuget/packages/microsoft.aspnetcore.app.ref/8.0.13/ref/net8.0/Microsoft.Extensions.Configuration.KeyPerFile.dll".
             Reference found at search path location "{RawFileName}".
             This reference is not "CopyLocal" because at least one source item had "Private" set to "false" and no source items had "Private" set to "true".
             The ImageRuntimeVersion for this reference is "".
         Primary reference "Microsoft.Extensions.Configuration.UserSecrets, Version=8.0.0.0, Culture=neutral, PublicKeyToken=adb9793829ddae60".
             Resolved file path is "/Users/dacanetdev/.nuget/packages/microsoft.aspnetcore.app.ref/8.0.13/ref/net8.0/Microsoft.Extensions.Configuration.UserSecrets.dll".
             Reference found at search path location "{RawFileName}".
             This reference is not "CopyLocal" because at least one source item had "Private" set to "false" and no source items had "Private" set to "true".
             The ImageRuntimeVersion for this reference is "".
         Primary reference "Microsoft.Extensions.Configuration.Xml, Version=8.0.0.0, Culture=neutral, PublicKeyToken=adb9793829ddae60".
             Resolved file path is "/Users/dacanetdev/.nuget/packages/microsoft.aspnetcore.app.ref/8.0.13/ref/net8.0/Microsoft.Extensions.Configuration.Xml.dll".
             Reference found at search path location "{RawFileName}".
             This reference is not "CopyLocal" because at least one source item had "Private" set to "false" and no source items had "Private" set to "true".
             The ImageRuntimeVersion for this reference is "".
         Primary reference "Microsoft.Extensions.Configuration, Version=8.0.0.0, Culture=neutral, PublicKeyToken=adb9793829ddae60".
             Resolved file path is "/Users/dacanetdev/.nuget/packages/microsoft.aspnetcore.app.ref/8.0.13/ref/net8.0/Microsoft.Extensions.Configuration.dll".
             Reference found at search path location "{RawFileName}".
             This reference is not "CopyLocal" because at least one source item had "Private" set to "false" and no source items had "Private" set to "true".
             The ImageRuntimeVersion for this reference is "".
         Primary reference "Microsoft.Extensions.DependencyInjection.Abstractions, Version=8.0.0.0, Culture=neutral, PublicKeyToken=adb9793829ddae60".
             Resolved file path is "/Users/dacanetdev/.nuget/packages/microsoft.aspnetcore.app.ref/8.0.13/ref/net8.0/Microsoft.Extensions.DependencyInjection.Abstractions.dll".
             Reference found at search path location "{RawFileName}".
             This reference is not "CopyLocal" because at least one source item had "Private" set to "false" and no source items had "Private" set to "true".
             The ImageRuntimeVersion for this reference is "".
         Primary reference "Microsoft.Extensions.DependencyInjection, Version=8.0.0.0, Culture=neutral, PublicKeyToken=adb9793829ddae60".
             Resolved file path is "/Users/dacanetdev/.nuget/packages/microsoft.aspnetcore.app.ref/8.0.13/ref/net8.0/Microsoft.Extensions.DependencyInjection.dll".
             Reference found at search path location "{RawFileName}".
             This reference is not "CopyLocal" because at least one source item had "Private" set to "false" and no source items had "Private" set to "true".
             The ImageRuntimeVersion for this reference is "".
         Primary reference "Microsoft.Extensions.Diagnostics.Abstractions, Version=8.0.0.0, Culture=neutral, PublicKeyToken=adb9793829ddae60".
             Resolved file path is "/Users/dacanetdev/.nuget/packages/microsoft.aspnetcore.app.ref/8.0.13/ref/net8.0/Microsoft.Extensions.Diagnostics.Abstractions.dll".
             Reference found at search path location "{RawFileName}".
             This reference is not "CopyLocal" because at least one source item had "Private" set to "false" and no source items had "Private" set to "true".
             The ImageRuntimeVersion for this reference is "".
         Primary reference "Microsoft.Extensions.Diagnostics.HealthChecks.Abstractions, Version=8.0.0.0, Culture=neutral, PublicKeyToken=adb9793829ddae60".
             Resolved file path is "/Users/dacanetdev/.nuget/packages/microsoft.aspnetcore.app.ref/8.0.13/ref/net8.0/Microsoft.Extensions.Diagnostics.HealthChecks.Abstractions.dll".
             Reference found at search path location "{RawFileName}".
             This reference is not "CopyLocal" because at least one source item had "Private" set to "false" and no source items had "Private" set to "true".
             The ImageRuntimeVersion for this reference is "".
         Primary reference "Microsoft.Extensions.Diagnostics.HealthChecks, Version=8.0.0.0, Culture=neutral, PublicKeyToken=adb9793829ddae60".
             Resolved file path is "/Users/dacanetdev/.nuget/packages/microsoft.aspnetcore.app.ref/8.0.13/ref/net8.0/Microsoft.Extensions.Diagnostics.HealthChecks.dll".
             Reference found at search path location "{RawFileName}".
             This reference is not "CopyLocal" because at least one source item had "Private" set to "false" and no source items had "Private" set to "true".
             The ImageRuntimeVersion for this reference is "".
         Primary reference "Microsoft.Extensions.Diagnostics, Version=8.0.0.0, Culture=neutral, PublicKeyToken=adb9793829ddae60".
             Resolved file path is "/Users/dacanetdev/.nuget/packages/microsoft.aspnetcore.app.ref/8.0.13/ref/net8.0/Microsoft.Extensions.Diagnostics.dll".
             Reference found at search path location "{RawFileName}".
             This reference is not "CopyLocal" because at least one source item had "Private" set to "false" and no source items had "Private" set to "true".
             The ImageRuntimeVersion for this reference is "".
         Primary reference "Microsoft.Extensions.Features, Version=8.0.0.0, Culture=neutral, PublicKeyToken=adb9793829ddae60".
             Resolved file path is "/Users/dacanetdev/.nuget/packages/microsoft.aspnetcore.app.ref/8.0.13/ref/net8.0/Microsoft.Extensions.Features.dll".
             Reference found at search path location "{RawFileName}".
             This reference is not "CopyLocal" because at least one source item had "Private" set to "false" and no source items had "Private" set to "true".
             The ImageRuntimeVersion for this reference is "".
         Primary reference "Microsoft.Extensions.FileProviders.Abstractions, Version=8.0.0.0, Culture=neutral, PublicKeyToken=adb9793829ddae60".
             Resolved file path is "/Users/dacanetdev/.nuget/packages/microsoft.aspnetcore.app.ref/8.0.13/ref/net8.0/Microsoft.Extensions.FileProviders.Abstractions.dll".
             Reference found at search path location "{RawFileName}".
             This reference is not "CopyLocal" because at least one source item had "Private" set to "false" and no source items had "Private" set to "true".
             The ImageRuntimeVersion for this reference is "".
         Primary reference "Microsoft.Extensions.FileProviders.Composite, Version=8.0.0.0, Culture=neutral, PublicKeyToken=adb9793829ddae60".
             Resolved file path is "/Users/dacanetdev/.nuget/packages/microsoft.aspnetcore.app.ref/8.0.13/ref/net8.0/Microsoft.Extensions.FileProviders.Composite.dll".
             Reference found at search path location "{RawFileName}".
             This reference is not "CopyLocal" because at least one source item had "Private" set to "false" and no source items had "Private" set to "true".
             The ImageRuntimeVersion for this reference is "".
         Primary reference "Microsoft.Extensions.FileProviders.Embedded, Version=8.0.0.0, Culture=neutral, PublicKeyToken=adb9793829ddae60".
             Resolved file path is "/Users/dacanetdev/.nuget/packages/microsoft.aspnetcore.app.ref/8.0.13/ref/net8.0/Microsoft.Extensions.FileProviders.Embedded.dll".
             Reference found at search path location "{RawFileName}".
             This reference is not "CopyLocal" because at least one source item had "Private" set to "false" and no source items had "Private" set to "true".
             The ImageRuntimeVersion for this reference is "".
         Primary reference "Microsoft.Extensions.FileProviders.Physical, Version=8.0.0.0, Culture=neutral, PublicKeyToken=adb9793829ddae60".
             Resolved file path is "/Users/dacanetdev/.nuget/packages/microsoft.aspnetcore.app.ref/8.0.13/ref/net8.0/Microsoft.Extensions.FileProviders.Physical.dll".
             Reference found at search path location "{RawFileName}".
             This reference is not "CopyLocal" because at least one source item had "Private" set to "false" and no source items had "Private" set to "true".
             The ImageRuntimeVersion for this reference is "".
         Primary reference "Microsoft.Extensions.FileSystemGlobbing, Version=8.0.0.0, Culture=neutral, PublicKeyToken=adb9793829ddae60".
             Resolved file path is "/Users/dacanetdev/.nuget/packages/microsoft.aspnetcore.app.ref/8.0.13/ref/net8.0/Microsoft.Extensions.FileSystemGlobbing.dll".
             Reference found at search path location "{RawFileName}".
             This reference is not "CopyLocal" because at least one source item had "Private" set to "false" and no source items had "Private" set to "true".
             The ImageRuntimeVersion for this reference is "".
         Primary reference "Microsoft.Extensions.Hosting.Abstractions, Version=8.0.0.0, Culture=neutral, PublicKeyToken=adb9793829ddae60".
             Resolved file path is "/Users/dacanetdev/.nuget/packages/microsoft.aspnetcore.app.ref/8.0.13/ref/net8.0/Microsoft.Extensions.Hosting.Abstractions.dll".
             Reference found at search path location "{RawFileName}".
             This reference is not "CopyLocal" because at least one source item had "Private" set to "false" and no source items had "Private" set to "true".
             The ImageRuntimeVersion for this reference is "".
         Primary reference "Microsoft.Extensions.Hosting, Version=8.0.0.0, Culture=neutral, PublicKeyToken=adb9793829ddae60".
             Resolved file path is "/Users/dacanetdev/.nuget/packages/microsoft.aspnetcore.app.ref/8.0.13/ref/net8.0/Microsoft.Extensions.Hosting.dll".
             Reference found at search path location "{RawFileName}".
             This reference is not "CopyLocal" because at least one source item had "Private" set to "false" and no source items had "Private" set to "true".
             The ImageRuntimeVersion for this reference is "".
         Primary reference "Microsoft.Extensions.Http, Version=8.0.0.0, Culture=neutral, PublicKeyToken=adb9793829ddae60".
             Resolved file path is "/Users/dacanetdev/.nuget/packages/microsoft.aspnetcore.app.ref/8.0.13/ref/net8.0/Microsoft.Extensions.Http.dll".
             Reference found at search path location "{RawFileName}".
             This reference is not "CopyLocal" because at least one source item had "Private" set to "false" and no source items had "Private" set to "true".
             The ImageRuntimeVersion for this reference is "".
         Primary reference "Microsoft.Extensions.Identity.Core, Version=8.0.0.0, Culture=neutral, PublicKeyToken=adb9793829ddae60".
             Resolved file path is "/Users/dacanetdev/.nuget/packages/microsoft.aspnetcore.app.ref/8.0.13/ref/net8.0/Microsoft.Extensions.Identity.Core.dll".
             Reference found at search path location "{RawFileName}".
             This reference is not "CopyLocal" because at least one source item had "Private" set to "false" and no source items had "Private" set to "true".
             The ImageRuntimeVersion for this reference is "".
         Primary reference "Microsoft.Extensions.Identity.Stores, Version=8.0.0.0, Culture=neutral, PublicKeyToken=adb9793829ddae60".
             Resolved file path is "/Users/dacanetdev/.nuget/packages/microsoft.aspnetcore.app.ref/8.0.13/ref/net8.0/Microsoft.Extensions.Identity.Stores.dll".
             Reference found at search path location "{RawFileName}".
             This reference is not "CopyLocal" because at least one source item had "Private" set to "false" and no source items had "Private" set to "true".
             The ImageRuntimeVersion for this reference is "".
         Primary reference "Microsoft.Extensions.Localization.Abstractions, Version=8.0.0.0, Culture=neutral, PublicKeyToken=adb9793829ddae60".
             Resolved file path is "/Users/dacanetdev/.nuget/packages/microsoft.aspnetcore.app.ref/8.0.13/ref/net8.0/Microsoft.Extensions.Localization.Abstractions.dll".
             Reference found at search path location "{RawFileName}".
             This reference is not "CopyLocal" because at least one source item had "Private" set to "false" and no source items had "Private" set to "true".
             The ImageRuntimeVersion for this reference is "".
         Primary reference "Microsoft.Extensions.Localization, Version=8.0.0.0, Culture=neutral, PublicKeyToken=adb9793829ddae60".
             Resolved file path is "/Users/dacanetdev/.nuget/packages/microsoft.aspnetcore.app.ref/8.0.13/ref/net8.0/Microsoft.Extensions.Localization.dll".
             Reference found at search path location "{RawFileName}".
             This reference is not "CopyLocal" because at least one source item had "Private" set to "false" and no source items had "Private" set to "true".
             The ImageRuntimeVersion for this reference is "".
         Primary reference "Microsoft.Extensions.Logging.Abstractions, Version=8.0.0.0, Culture=neutral, PublicKeyToken=adb9793829ddae60".
             Resolved file path is "/Users/dacanetdev/.nuget/packages/microsoft.aspnetcore.app.ref/8.0.13/ref/net8.0/Microsoft.Extensions.Logging.Abstractions.dll".
             Reference found at search path location "{RawFileName}".
             This reference is not "CopyLocal" because at least one source item had "Private" set to "false" and no source items had "Private" set to "true".
             The ImageRuntimeVersion for this reference is "".
         Primary reference "Microsoft.Extensions.Logging.Configuration, Version=8.0.0.0, Culture=neutral, PublicKeyToken=adb9793829ddae60".
             Resolved file path is "/Users/dacanetdev/.nuget/packages/microsoft.aspnetcore.app.ref/8.0.13/ref/net8.0/Microsoft.Extensions.Logging.Configuration.dll".
             Reference found at search path location "{RawFileName}".
             This reference is not "CopyLocal" because at least one source item had "Private" set to "false" and no source items had "Private" set to "true".
             The ImageRuntimeVersion for this reference is "".
         Primary reference "Microsoft.Extensions.Logging.Console, Version=8.0.0.0, Culture=neutral, PublicKeyToken=adb9793829ddae60".
             Resolved file path is "/Users/dacanetdev/.nuget/packages/microsoft.aspnetcore.app.ref/8.0.13/ref/net8.0/Microsoft.Extensions.Logging.Console.dll".
             Reference found at search path location "{RawFileName}".
             This reference is not "CopyLocal" because at least one source item had "Private" set to "false" and no source items had "Private" set to "true".
             The ImageRuntimeVersion for this reference is "".
         Primary reference "Microsoft.Extensions.Logging.Debug, Version=8.0.0.0, Culture=neutral, PublicKeyToken=adb9793829ddae60".
             Resolved file path is "/Users/dacanetdev/.nuget/packages/microsoft.aspnetcore.app.ref/8.0.13/ref/net8.0/Microsoft.Extensions.Logging.Debug.dll".
             Reference found at search path location "{RawFileName}".
             This reference is not "CopyLocal" because at least one source item had "Private" set to "false" and no source items had "Private" set to "true".
             The ImageRuntimeVersion for this reference is "".
         Primary reference "Microsoft.Extensions.Logging.EventLog, Version=8.0.0.0, Culture=neutral, PublicKeyToken=adb9793829ddae60".
             Resolved file path is "/Users/dacanetdev/.nuget/packages/microsoft.aspnetcore.app.ref/8.0.13/ref/net8.0/Microsoft.Extensions.Logging.EventLog.dll".
             Reference found at search path location "{RawFileName}".
             This reference is not "CopyLocal" because at least one source item had "Private" set to "false" and no source items had "Private" set to "true".
             The ImageRuntimeVersion for this reference is "".
         Primary reference "Microsoft.Extensions.Logging.EventSource, Version=8.0.0.0, Culture=neutral, PublicKeyToken=adb9793829ddae60".
             Resolved file path is "/Users/dacanetdev/.nuget/packages/microsoft.aspnetcore.app.ref/8.0.13/ref/net8.0/Microsoft.Extensions.Logging.EventSource.dll".
             Reference found at search path location "{RawFileName}".
             This reference is not "CopyLocal" because at least one source item had "Private" set to "false" and no source items had "Private" set to "true".
             The ImageRuntimeVersion for this reference is "".
         Primary reference "Microsoft.Extensions.Logging.TraceSource, Version=8.0.0.0, Culture=neutral, PublicKeyToken=adb9793829ddae60".
             Resolved file path is "/Users/dacanetdev/.nuget/packages/microsoft.aspnetcore.app.ref/8.0.13/ref/net8.0/Microsoft.Extensions.Logging.TraceSource.dll".
             Reference found at search path location "{RawFileName}".
             This reference is not "CopyLocal" because at least one source item had "Private" set to "false" and no source items had "Private" set to "true".
             The ImageRuntimeVersion for this reference is "".
         Primary reference "Microsoft.Extensions.Logging, Version=8.0.0.0, Culture=neutral, PublicKeyToken=adb9793829ddae60".
             Resolved file path is "/Users/dacanetdev/.nuget/packages/microsoft.aspnetcore.app.ref/8.0.13/ref/net8.0/Microsoft.Extensions.Logging.dll".
             Reference found at search path location "{RawFileName}".
             This reference is not "CopyLocal" because at least one source item had "Private" set to "false" and no source items had "Private" set to "true".
             The ImageRuntimeVersion for this reference is "".
         Primary reference "Microsoft.Extensions.ObjectPool, Version=8.0.0.0, Culture=neutral, PublicKeyToken=adb9793829ddae60".
             Resolved file path is "/Users/dacanetdev/.nuget/packages/microsoft.aspnetcore.app.ref/8.0.13/ref/net8.0/Microsoft.Extensions.ObjectPool.dll".
             Reference found at search path location "{RawFileName}".
             This reference is not "CopyLocal" because at least one source item had "Private" set to "false" and no source items had "Private" set to "true".
             The ImageRuntimeVersion for this reference is "".
         Primary reference "Microsoft.Extensions.Options.ConfigurationExtensions, Version=8.0.0.0, Culture=neutral, PublicKeyToken=adb9793829ddae60".
             Resolved file path is "/Users/dacanetdev/.nuget/packages/microsoft.aspnetcore.app.ref/8.0.13/ref/net8.0/Microsoft.Extensions.Options.ConfigurationExtensions.dll".
             Reference found at search path location "{RawFileName}".
             This reference is not "CopyLocal" because at least one source item had "Private" set to "false" and no source items had "Private" set to "true".
             The ImageRuntimeVersion for this reference is "".
         Primary reference "Microsoft.Extensions.Options.DataAnnotations, Version=8.0.0.0, Culture=neutral, PublicKeyToken=adb9793829ddae60".
             Resolved file path is "/Users/dacanetdev/.nuget/packages/microsoft.aspnetcore.app.ref/8.0.13/ref/net8.0/Microsoft.Extensions.Options.DataAnnotations.dll".
             Reference found at search path location "{RawFileName}".
             This reference is not "CopyLocal" because at least one source item had "Private" set to "false" and no source items had "Private" set to "true".
             The ImageRuntimeVersion for this reference is "".
         Primary reference "Microsoft.Extensions.Options, Version=8.0.0.0, Culture=neutral, PublicKeyToken=adb9793829ddae60".
             Resolved file path is "/Users/dacanetdev/.nuget/packages/microsoft.aspnetcore.app.ref/8.0.13/ref/net8.0/Microsoft.Extensions.Options.dll".
             Reference found at search path location "{RawFileName}".
             This reference is not "CopyLocal" because at least one source item had "Private" set to "false" and no source items had "Private" set to "true".
             The ImageRuntimeVersion for this reference is "".
         Primary reference "Microsoft.Extensions.Primitives, Version=8.0.0.0, Culture=neutral, PublicKeyToken=adb9793829ddae60".
             Resolved file path is "/Users/dacanetdev/.nuget/packages/microsoft.aspnetcore.app.ref/8.0.13/ref/net8.0/Microsoft.Extensions.Primitives.dll".
             Reference found at search path location "{RawFileName}".
             This reference is not "CopyLocal" because at least one source item had "Private" set to "false" and no source items had "Private" set to "true".
             The ImageRuntimeVersion for this reference is "".
         Primary reference "Microsoft.Extensions.WebEncoders, Version=8.0.0.0, Culture=neutral, PublicKeyToken=adb9793829ddae60".
             Resolved file path is "/Users/dacanetdev/.nuget/packages/microsoft.aspnetcore.app.ref/8.0.13/ref/net8.0/Microsoft.Extensions.WebEncoders.dll".
             Reference found at search path location "{RawFileName}".
             This reference is not "CopyLocal" because at least one source item had "Private" set to "false" and no source items had "Private" set to "true".
             The ImageRuntimeVersion for this reference is "".
         Primary reference "Microsoft.JSInterop, Version=8.0.0.0, Culture=neutral, PublicKeyToken=adb9793829ddae60".
             Resolved file path is "/Users/dacanetdev/.nuget/packages/microsoft.aspnetcore.app.ref/8.0.13/ref/net8.0/Microsoft.JSInterop.dll".
             Reference found at search path location "{RawFileName}".
             This reference is not "CopyLocal" because at least one source item had "Private" set to "false" and no source items had "Private" set to "true".
             The ImageRuntimeVersion for this reference is "".
         Primary reference "Microsoft.Net.Http.Headers, Version=8.0.0.0, Culture=neutral, PublicKeyToken=adb9793829ddae60".
             Resolved file path is "/Users/dacanetdev/.nuget/packages/microsoft.aspnetcore.app.ref/8.0.13/ref/net8.0/Microsoft.Net.Http.Headers.dll".
             Reference found at search path location "{RawFileName}".
             This reference is not "CopyLocal" because at least one source item had "Private" set to "false" and no source items had "Private" set to "true".
             The ImageRuntimeVersion for this reference is "".
         Primary reference "System.Diagnostics.EventLog, Version=8.0.0.0, Culture=neutral, PublicKeyToken=cc7b13ffcd2ddd51".
             Resolved file path is "/Users/dacanetdev/.nuget/packages/microsoft.aspnetcore.app.ref/8.0.13/ref/net8.0/System.Diagnostics.EventLog.dll".
             Reference found at search path location "{RawFileName}".
             This reference is not "CopyLocal" because at least one source item had "Private" set to "false" and no source items had "Private" set to "true".
             The ImageRuntimeVersion for this reference is "".
         Primary reference "System.IO.Pipelines, Version=8.0.0.0, Culture=neutral, PublicKeyToken=cc7b13ffcd2ddd51".
             Resolved file path is "/Users/dacanetdev/.nuget/packages/microsoft.aspnetcore.app.ref/8.0.13/ref/net8.0/System.IO.Pipelines.dll".
             Reference found at search path location "{RawFileName}".
             This reference is not "CopyLocal" because at least one source item had "Private" set to "false" and no source items had "Private" set to "true".
             The ImageRuntimeVersion for this reference is "".
         Primary reference "System.Security.Cryptography.Xml, Version=8.0.0.0, Culture=neutral, PublicKeyToken=cc7b13ffcd2ddd51".
             Resolved file path is "/Users/dacanetdev/.nuget/packages/microsoft.aspnetcore.app.ref/8.0.13/ref/net8.0/System.Security.Cryptography.Xml.dll".
             Reference found at search path location "{RawFileName}".
             This reference is not "CopyLocal" because at least one source item had "Private" set to "false" and no source items had "Private" set to "true".
             The ImageRuntimeVersion for this reference is "".
         Primary reference "System.Threading.RateLimiting, Version=8.0.0.0, Culture=neutral, PublicKeyToken=cc7b13ffcd2ddd51".
             Resolved file path is "/Users/dacanetdev/.nuget/packages/microsoft.aspnetcore.app.ref/8.0.13/ref/net8.0/System.Threading.RateLimiting.dll".
             Reference found at search path location "{RawFileName}".
             This reference is not "CopyLocal" because at least one source item had "Private" set to "false" and no source items had "Private" set to "true".
             The ImageRuntimeVersion for this reference is "".
       Done executing task "ResolveAssemblyReference".
   6:6>Done building target "ResolveAssemblyReferences" in project "DeventSoft.RoadmapSkills.Api.csproj".
       Target "GenerateBindingRedirects" skipped, due to false condition; ('$(AutoGenerateBindingRedirects)' == 'true' and '$(GenerateBindingRedirectsOutputType)' == 'true' and '@(SuggestedBindingRedirects)' != '' and '$(DesignTimeBuild)' != 'true' and '$(BuildingProject)' == 'true') was evaluated as ('' == 'true' and 'true' == 'true' and '' != '' and '' != 'true' and 'true' == 'true').
       Target "GenerateSupportedRuntime" skipped, due to false condition; ('$(GenerateSupportedRuntime)' != 'false' and '$(TargetFrameworkIdentifier)' == '.NETFramework' and '$(HasRuntimeOutput)' == 'true') was evaluated as ('' != 'false' and '.NETCoreApp' == '.NETFramework' and 'true' == 'true').
       Target "GenerateBindingRedirectsUpdateAppConfig" skipped, due to false condition; ('$(AutoGenerateBindingRedirects)' == 'true' and '$(GenerateBindingRedirectsOutputType)' == 'true') was evaluated as ('' == 'true' and 'true' == 'true').
       Target "ResolveComReferences" skipped, due to false condition; ('@(COMReference)'!='' or '@(COMFileReference)'!='') was evaluated as (''!='' or ''!='').
   6:6>Target "AfterResolveReferences" in file "/usr/local/share/dotnet/sdk/9.0.200/Microsoft.Common.CurrentVersion.targets" from project "/Users/dacanetdev/Dev/AIGenerated/RoadmapSkills/src/DeventSoft.RoadmapSkills.Api/DeventSoft.RoadmapSkills.Api.csproj" (target "ResolveReferences" depends on it):
   6:6>Done building target "AfterResolveReferences" in project "DeventSoft.RoadmapSkills.Api.csproj".
   6:6>Target "ResolveReferences" in file "/usr/local/share/dotnet/sdk/9.0.200/Microsoft.Common.CurrentVersion.targets" from project "/Users/dacanetdev/Dev/AIGenerated/RoadmapSkills/src/DeventSoft.RoadmapSkills.Api/DeventSoft.RoadmapSkills.Api.csproj" (target "_BlockWinMDsOnUnsupportedTFMs" depends on it):
   6:6>Done building target "ResolveReferences" in project "DeventSoft.RoadmapSkills.Api.csproj".
   6:6>Target "_BlockWinMDsOnUnsupportedTFMs" in file "/usr/local/share/dotnet/sdk/9.0.200/Sdks/Microsoft.NET.Sdk/targets/Microsoft.NET.Sdk.targets" from project "/Users/dacanetdev/Dev/AIGenerated/RoadmapSkills/src/DeventSoft.RoadmapSkills.Api/DeventSoft.RoadmapSkills.Api.csproj" (target "CoreBuild" depends on it):
       Using "CheckForUnsupportedWinMDReferences" task from assembly "/usr/local/share/dotnet/sdk/9.0.200/Sdks/Microsoft.NET.Sdk/targets/../tools/net9.0/Microsoft.NET.Build.Tasks.dll".
       Task "CheckForUnsupportedWinMDReferences"
       Done executing task "CheckForUnsupportedWinMDReferences".
       Task "NETSdkError" skipped, due to false condition; ('$(OutputType)' == 'winmdobj') was evaluated as ('Exe' == 'winmdobj').
   6:6>Done building target "_BlockWinMDsOnUnsupportedTFMs" in project "DeventSoft.RoadmapSkills.Api.csproj".
       Target "ResolveReferences" skipped. Previously built successfully.
       Target "ResolvePackageDependenciesForBuild" skipped. Previously built successfully.
       Target "_HandlePackageFileConflicts" skipped. Previously built successfully.
   6:6>Target "CopyAdditionalFiles" in file "/usr/local/share/dotnet/sdk/9.0.200/Roslyn/Microsoft.Managed.Core.targets" from project "/Users/dacanetdev/Dev/AIGenerated/RoadmapSkills/src/DeventSoft.RoadmapSkills.Api/DeventSoft.RoadmapSkills.Api.csproj" (target "AssignTargetPaths" depends on it):
   6:6>Done building target "CopyAdditionalFiles" in project "DeventSoft.RoadmapSkills.Api.csproj".
       Target "ResolvePackageAssets" skipped. Previously built successfully.
       Target "ResolveFrameworkReferences" skipped. Previously built successfully.
   6:6>Target "_GetAppHostPaths" in file "/usr/local/share/dotnet/sdk/9.0.200/Sdks/Microsoft.NET.Sdk/targets/Microsoft.NET.Sdk.targets" from project "/Users/dacanetdev/Dev/AIGenerated/RoadmapSkills/src/DeventSoft.RoadmapSkills.Api/DeventSoft.RoadmapSkills.Api.csproj" (target "_ComputeNETCoreBuildOutputFiles" depends on it):
       Task "NETSdkError" skipped, due to false condition; ('@(_NativeRestoredAppHostNETCore->Count())' > 1) was evaluated as ('0' > 1).
   6:6>Done building target "_GetAppHostPaths" in project "DeventSoft.RoadmapSkills.Api.csproj".
   6:6>Target "_GetAppHostCreationConfiguration" in file "/usr/local/share/dotnet/sdk/9.0.200/Sdks/Microsoft.NET.Sdk/targets/Microsoft.NET.Sdk.targets" from project "/Users/dacanetdev/Dev/AIGenerated/RoadmapSkills/src/DeventSoft.RoadmapSkills.Api/DeventSoft.RoadmapSkills.Api.csproj" (target "_ComputeNETCoreBuildOutputFiles" depends on it):
   6:6>Done building target "_GetAppHostCreationConfiguration" in project "DeventSoft.RoadmapSkills.Api.csproj".
       Target "_GetComHostPaths" skipped, due to false condition; ('$(EnableComHosting)' == 'true' and '$(_IsExecutable)' != 'true') was evaluated as ('' == 'true' and 'true' != 'true').
       Target "_GetIjwHostPaths" skipped, due to false condition; ('$(UseIJWHost)' == 'true') was evaluated as ('' == 'true').
   6:6>Target "_ComputeNETCoreBuildOutputFiles" in file "/usr/local/share/dotnet/sdk/9.0.200/Sdks/Microsoft.NET.Sdk/targets/Microsoft.NET.Sdk.targets" from project "/Users/dacanetdev/Dev/AIGenerated/RoadmapSkills/src/DeventSoft.RoadmapSkills.Api/DeventSoft.RoadmapSkills.Api.csproj" (target "AssignTargetPaths" depends on it):
   6:6>Done building target "_ComputeNETCoreBuildOutputFiles" in project "DeventSoft.RoadmapSkills.Api.csproj".
   6:6>Target "ResolveStaticWebAssetsConfiguration" in file "/usr/local/share/dotnet/sdk/9.0.200/Sdks/Microsoft.NET.Sdk.StaticWebAssets/targets/Microsoft.NET.Sdk.StaticWebAssets.targets" from project "/Users/dacanetdev/Dev/AIGenerated/RoadmapSkills/src/DeventSoft.RoadmapSkills.Api/DeventSoft.RoadmapSkills.Api.csproj" (target "ResolveProjectStaticWebAssets" depends on it):
       Task "MakeDir" skipped, due to false condition; (!Exists('$(_StaticWebAssetsManifestBase)')) was evaluated as (!Exists('obj/Debug/net8.0/')).
       Task "MakeDir" skipped, due to false condition; (!Exists('$(_StaticWebAssetsIntermediateOutputPath)')) was evaluated as (!Exists('obj/Debug/net8.0/staticwebassets/')).
   6:6>Done building target "ResolveStaticWebAssetsConfiguration" in project "DeventSoft.RoadmapSkills.Api.csproj".
   6:6>Target "UpdateExistingPackageStaticWebAssets" in file "/usr/local/share/dotnet/sdk/9.0.200/Sdks/Microsoft.NET.Sdk.StaticWebAssets/targets/Microsoft.NET.Sdk.StaticWebAssets.targets" from project "/Users/dacanetdev/Dev/AIGenerated/RoadmapSkills/src/DeventSoft.RoadmapSkills.Api/DeventSoft.RoadmapSkills.Api.csproj" (target "ResolveProjectStaticWebAssets" depends on it):
       Using "UpdatePackageStaticWebAssets" task from assembly "/usr/local/share/dotnet/sdk/9.0.200/Sdks/Microsoft.NET.Sdk.StaticWebAssets/targets/../tasks/net9.0/Microsoft.NET.Sdk.StaticWebAssets.Tasks.dll".
       Task "UpdatePackageStaticWebAssets"
       Done executing task "UpdatePackageStaticWebAssets".
   6:6>Done building target "UpdateExistingPackageStaticWebAssets" in project "DeventSoft.RoadmapSkills.Api.csproj".
   6:6>Target "ResolveProjectStaticWebAssets" in file "/usr/local/share/dotnet/sdk/9.0.200/Sdks/Microsoft.NET.Sdk.StaticWebAssets/targets/Microsoft.NET.Sdk.StaticWebAssets.targets" from project "/Users/dacanetdev/Dev/AIGenerated/RoadmapSkills/src/DeventSoft.RoadmapSkills.Api/DeventSoft.RoadmapSkills.Api.csproj" (target "AssignTargetPaths" depends on it):
       Using "DefineStaticWebAssets" task from assembly "/usr/local/share/dotnet/sdk/9.0.200/Sdks/Microsoft.NET.Sdk.StaticWebAssets/targets/../tasks/net9.0/Microsoft.NET.Sdk.StaticWebAssets.Tasks.dll".
       Task "DefineStaticWebAssets"
         Rejected asset 'appsettings.Development.json' for pattern 'wwwroot/**'
         Rejected asset 'appsettings.json' for pattern 'wwwroot/**'
       Done executing task "DefineStaticWebAssets".
       Using "DefineStaticWebAssetEndpoints" task from assembly "/usr/local/share/dotnet/sdk/9.0.200/Sdks/Microsoft.NET.Sdk.StaticWebAssets/targets/../tasks/net9.0/Microsoft.NET.Sdk.StaticWebAssets.Tasks.dll".
       Task "DefineStaticWebAssetEndpoints"
       Done executing task "DefineStaticWebAssetEndpoints".
   6:6>Done building target "ResolveProjectStaticWebAssets" in project "DeventSoft.RoadmapSkills.Api.csproj".
   6:6>Target "AssignTargetPaths" in file "/usr/local/share/dotnet/sdk/9.0.200/Microsoft.Common.CurrentVersion.targets" from project "/Users/dacanetdev/Dev/AIGenerated/RoadmapSkills/src/DeventSoft.RoadmapSkills.Api/DeventSoft.RoadmapSkills.Api.csproj" (target "PrepareResourceNames" depends on it):
       Using "AssignTargetPath" task from assembly "Microsoft.Build.Tasks.Core, Version=15.1.0.0, Culture=neutral, PublicKeyToken=b03f5f7f11d50a3a".
       Task "AssignTargetPath"
       Done executing task "AssignTargetPath".
       Task "AssignTargetPath"
       Done executing task "AssignTargetPath".
       Task "AssignTargetPath"
       Done executing task "AssignTargetPath".
       Task "AssignTargetPath"
       Done executing task "AssignTargetPath".
       Task "AssignTargetPath" skipped, due to false condition; ('@(_DeploymentBaseManifestWithTargetPath)'=='' and '%(None.Extension)'=='.manifest') was evaluated as (''=='' and '.http'=='.manifest').
       Task "AssignTargetPath" skipped, due to false condition; ('@(_DeploymentBaseManifestWithTargetPath)'=='' and '%(None.Extension)'=='.manifest') was evaluated as (''=='' and '.json'=='.manifest').
       Task "AssignTargetPath" skipped, due to false condition; ('@(_DeploymentBaseManifestWithTargetPath)'=='' and '%(None.Extension)'=='.manifest') was evaluated as (''=='' and ''=='.manifest').
   6:6>Done building target "AssignTargetPaths" in project "DeventSoft.RoadmapSkills.Api.csproj".
       Target "AssignTargetPaths" skipped. Previously built successfully.
     0>Property reassignment: $(_GenerateToolsSettingsFileCacheFile)="/Users/dacanetdev/Dev/AIGenerated/RoadmapSkills/src/DeventSoft.RoadmapSkills.BlazorApp/obj/Debug/net8.0/DeventSoft.RoadmapSkills.BlazorApp.toolssettingsinput.cache" (previous value: "obj\Debug/net8.0/DeventSoft.RoadmapSkills.BlazorApp.toolssettingsinput.cache") at /usr/local/share/dotnet/sdk/9.0.200/Sdks/Microsoft.NET.Sdk/targets/Microsoft.NET.PackTool.targets (68,5)
   6:6>Target "SplitResourcesByCulture" in file "/usr/local/share/dotnet/sdk/9.0.200/Microsoft.Common.CurrentVersion.targets" from project "/Users/dacanetdev/Dev/AIGenerated/RoadmapSkills/src/DeventSoft.RoadmapSkills.Api/DeventSoft.RoadmapSkills.Api.csproj" (target "PrepareResourceNames" depends on it):
   6:6>Task "MSBuildInternalMessage" skipped, due to false condition; ('@(ResxWithNoCulture)'!='') was evaluated as (''!='').
       Task "MSBuildInternalMessage" skipped, due to false condition; ('@(ResxWithCulture)'!='') was evaluated as (''!='').
       Task "MSBuildInternalMessage" skipped, due to false condition; ('@(NonResxWithCulture)'!='') was evaluated as (''!='').
       Task "MSBuildInternalMessage" skipped, due to false condition; ('@(NonResxWithNoCulture)'!='') was evaluated as (''!='').
       Using "AssignCulture" task from assembly "Microsoft.Build.Tasks.Core, Version=15.1.0.0, Culture=neutral, PublicKeyToken=b03f5f7f11d50a3a".
       Task "AssignCulture"
       Done executing task "AssignCulture".
   6:6>Done building target "SplitResourcesByCulture" in project "DeventSoft.RoadmapSkills.Api.csproj".
       Target "CreateManifestResourceNames" skipped, due to false condition; ('@(EmbeddedResource)' != '') was evaluated as ('' != '').
     0>Property reassignment: $(_ShimInputCacheFile)="/Users/dacanetdev/Dev/AIGenerated/RoadmapSkills/src/DeventSoft.RoadmapSkills.BlazorApp/obj/Debug/net8.0/DeventSoft.RoadmapSkills.BlazorApp.shiminput.cache" (previous value: "obj\Debug/net8.0/DeventSoft.RoadmapSkills.BlazorApp.shiminput.cache") at /usr/local/share/dotnet/sdk/9.0.200/Sdks/Microsoft.NET.Sdk/targets/Microsoft.NET.PackTool.targets (137,5)
   6:6>Target "CreateCustomManifestResourceNames" in file "/usr/local/share/dotnet/sdk/9.0.200/Microsoft.Common.CurrentVersion.targets" from project "/Users/dacanetdev/Dev/AIGenerated/RoadmapSkills/src/DeventSoft.RoadmapSkills.Api/DeventSoft.RoadmapSkills.Api.csproj" (target "PrepareResourceNames" depends on it):
   6:6>Done building target "CreateCustomManifestResourceNames" in project "DeventSoft.RoadmapSkills.Api.csproj".
   6:6>Target "PrepareResourceNames" in file "/usr/local/share/dotnet/sdk/9.0.200/Microsoft.Common.CurrentVersion.targets" from project "/Users/dacanetdev/Dev/AIGenerated/RoadmapSkills/src/DeventSoft.RoadmapSkills.Api/DeventSoft.RoadmapSkills.Api.csproj" (target "PrepareResources" depends on it):
   6:6>Done building target "PrepareResourceNames" in project "DeventSoft.RoadmapSkills.Api.csproj".
       Target "ResolveAssemblyReferences" skipped. Previously built successfully.
       Target "SplitResourcesByCulture" skipped. Previously built successfully.
   6:6>Target "BeforeResGen" in file "/usr/local/share/dotnet/sdk/9.0.200/Microsoft.Common.CurrentVersion.targets" from project "/Users/dacanetdev/Dev/AIGenerated/RoadmapSkills/src/DeventSoft.RoadmapSkills.Api/DeventSoft.RoadmapSkills.Api.csproj" (target "ResGen" depends on it):
   6:6>Done building target "BeforeResGen" in project "DeventSoft.RoadmapSkills.Api.csproj".
       Target "ResolveReferences" skipped. Previously built successfully.
   6:6>Target "FindReferenceAssembliesForReferences" in file "/usr/local/share/dotnet/sdk/9.0.200/Microsoft.Common.CurrentVersion.targets" from project "/Users/dacanetdev/Dev/AIGenerated/RoadmapSkills/src/DeventSoft.RoadmapSkills.Api/DeventSoft.RoadmapSkills.Api.csproj" (target "CoreResGen" depends on it):
   6:6>Done building target "FindReferenceAssembliesForReferences" in project "DeventSoft.RoadmapSkills.Api.csproj".
   6:6>Target "CoreResGen" in file "/usr/local/share/dotnet/sdk/9.0.200/Microsoft.Common.CurrentVersion.targets" from project "/Users/dacanetdev/Dev/AIGenerated/RoadmapSkills/src/DeventSoft.RoadmapSkills.Api/DeventSoft.RoadmapSkills.Api.csproj" (target "ResGen" depends on it):
       Task "GenerateResource" skipped, due to false condition; ('%(EmbeddedResource.Type)' == 'Resx' and '%(EmbeddedResource.GenerateResource)' != 'false' and '$(GenerateResourceMSBuildRuntime)' != 'CLR2') was evaluated as ('' == 'Resx' and '' != 'false' and 'CurrentRuntime' != 'CLR2').
       Task "GenerateResource" skipped, due to false condition; ('%(EmbeddedResource.Type)' == 'Resx' and '%(EmbeddedResource.GenerateResource)' != 'false' and '$(GenerateResourceMSBuildRuntime)' == 'CLR2') was evaluated as ('' == 'Resx' and '' != 'false' and 'CurrentRuntime' == 'CLR2').
   6:6>Done building target "CoreResGen" in project "DeventSoft.RoadmapSkills.Api.csproj".
   6:6>Target "AfterResGen" in file "/usr/local/share/dotnet/sdk/9.0.200/Microsoft.Common.CurrentVersion.targets" from project "/Users/dacanetdev/Dev/AIGenerated/RoadmapSkills/src/DeventSoft.RoadmapSkills.Api/DeventSoft.RoadmapSkills.Api.csproj" (target "ResGen" depends on it):
   6:6>Done building target "AfterResGen" in project "DeventSoft.RoadmapSkills.Api.csproj".
   6:6>Target "ResGen" in file "/usr/local/share/dotnet/sdk/9.0.200/Microsoft.Common.CurrentVersion.targets" from project "/Users/dacanetdev/Dev/AIGenerated/RoadmapSkills/src/DeventSoft.RoadmapSkills.Api/DeventSoft.RoadmapSkills.Api.csproj" (target "PrepareResources" depends on it):
   6:6>Done building target "ResGen" in project "DeventSoft.RoadmapSkills.Api.csproj".
       Target "CompileLicxFiles" skipped, due to false condition; ('@(_LicxFile)'!='') was evaluated as (''!='').
     0>Property reassignment: $(_ShimCreatedSentinelFile)="/Users/dacanetdev/Dev/AIGenerated/RoadmapSkills/src/DeventSoft.RoadmapSkills.BlazorApp/obj/Debug/net8.0/DeventSoft.RoadmapSkills.BlazorApp.shimcreated.sentinel" (previous value: "obj\Debug/net8.0/DeventSoft.RoadmapSkills.BlazorApp.shimcreated.sentinel") at /usr/local/share/dotnet/sdk/9.0.200/Sdks/Microsoft.NET.Sdk/targets/Microsoft.NET.PackTool.targets (139,5)
   6:6>Target "PrepareResources" in file "/usr/local/share/dotnet/sdk/9.0.200/Microsoft.Common.CurrentVersion.targets" from project "/Users/dacanetdev/Dev/AIGenerated/RoadmapSkills/src/DeventSoft.RoadmapSkills.Api/DeventSoft.RoadmapSkills.Api.csproj" (target "CoreBuild" depends on it):
   6:6>Done building target "PrepareResources" in project "DeventSoft.RoadmapSkills.Api.csproj".
       Target "ResolveKeySource" skipped, due to false condition; ($(SignManifests) == 'true' or $(SignAssembly) == 'true') was evaluated as ( == 'true' or false == 'true').
       Target "ResolveReferences" skipped. Previously built successfully.
       Target "ResolveKeySource" skipped, due to false condition; ($(SignManifests) == 'true' or $(SignAssembly) == 'true') was evaluated as ( == 'true' or false == 'true').
       Target "ResolveComReferences" skipped, due to false condition; ('@(COMReference)'!='' or '@(COMFileReference)'!='') was evaluated as (''!='' or ''!='').
       Target "ResolveNativeReferences" skipped, due to false condition; ('@(NativeReference)'!='') was evaluated as (''!='').
       Target "_SetExternalWin32ManifestProperties" skipped, due to false condition; ('$(GenerateClickOnceManifests)'=='true' or '@(NativeReference)'!='' or '@(ResolvedIsolatedComModules)'!='') was evaluated as (''=='true' or ''!='' or ''!='').
   6:6>Target "_SetEmbeddedWin32ManifestProperties" in file "/usr/local/share/dotnet/sdk/9.0.200/Microsoft.Common.CurrentVersion.targets" from project "/Users/dacanetdev/Dev/AIGenerated/RoadmapSkills/src/DeventSoft.RoadmapSkills.Api/DeventSoft.RoadmapSkills.Api.csproj" (target "SetWin32ManifestProperties" depends on it):
       Using "GetFrameworkPath" task from assembly "Microsoft.Build.Tasks.Core, Version=15.1.0.0, Culture=neutral, PublicKeyToken=b03f5f7f11d50a3a".
       Task "GetFrameworkPath"
       Done executing task "GetFrameworkPath".
   6:6>Done building target "_SetEmbeddedWin32ManifestProperties" in project "DeventSoft.RoadmapSkills.Api.csproj".
   6:6>Target "SetWin32ManifestProperties" in file "/usr/local/share/dotnet/sdk/9.0.200/Microsoft.Common.CurrentVersion.targets" from project "/Users/dacanetdev/Dev/AIGenerated/RoadmapSkills/src/DeventSoft.RoadmapSkills.Api/DeventSoft.RoadmapSkills.Api.csproj" (target "Compile" depends on it):
   6:6>Done building target "SetWin32ManifestProperties" in project "DeventSoft.RoadmapSkills.Api.csproj".
       Target "_SetPreferNativeArm64Win32ManifestProperties" skipped, due to false condition; ( '$(PreferNativeArm64)'=='true' and '$(NoWin32Manifest)'!='true') was evaluated as ( 'false'=='true' and ''!='true').
       Target "FindReferenceAssembliesForReferences" skipped. Previously built successfully.
   6:6>Target "_GenerateCompileInputs" in file "/usr/local/share/dotnet/sdk/9.0.200/Microsoft.Common.CurrentVersion.targets" from project "/Users/dacanetdev/Dev/AIGenerated/RoadmapSkills/src/DeventSoft.RoadmapSkills.Api/DeventSoft.RoadmapSkills.Api.csproj" (target "Compile" depends on it):
       Task "MSBuildInternalMessage" skipped, due to false condition; ('@(ManifestResourceWithNoCulture)'!='' and '%(ManifestResourceWithNoCulture.EmittedForCompatibilityOnly)'=='') was evaluated as (''!='' and ''=='').
       Task "MSBuildInternalMessage" skipped, due to false condition; ('@(ManifestNonResxWithNoCultureOnDisk)'!='' and '%(ManifestNonResxWithNoCultureOnDisk.EmittedForCompatibilityOnly)'=='') was evaluated as (''!='' and ''=='').
   6:6>Done building target "_GenerateCompileInputs" in project "DeventSoft.RoadmapSkills.Api.csproj".
       Target "GenerateTargetPlatformDefineConstants" skipped, due to false condition; ( '$(DisableImplicitFrameworkDefines)' != 'true' and '$(TargetPlatformIdentifier)' != '' and '$(TargetFrameworkIdentifier)' == '.NETCoreApp' and $([MSBuild]::VersionGreaterThanOrEquals($(TargetFrameworkVersion), 5.0)) ) was evaluated as ( '' != 'true' and '' != '' and '.NETCoreApp' == '.NETCoreApp' and True ).
   6:6>Target "GenerateNETCompatibleDefineConstants" in file "/usr/local/share/dotnet/sdk/9.0.200/Sdks/Microsoft.NET.Sdk/targets/Microsoft.NET.Sdk.BeforeCommon.targets" from project "/Users/dacanetdev/Dev/AIGenerated/RoadmapSkills/src/DeventSoft.RoadmapSkills.Api/DeventSoft.RoadmapSkills.Api.csproj" (target "AddImplicitDefineConstants" depends on it):
   6:6>Done building target "GenerateNETCompatibleDefineConstants" in project "DeventSoft.RoadmapSkills.Api.csproj".
       Target "GeneratePlatformCompatibleDefineConstants" skipped, due to false condition; ( '$(DisableImplicitFrameworkDefines)' != 'true' and '$(TargetPlatformIdentifier)' != '' and '$(TargetFrameworkIdentifier)' == '.NETCoreApp' and $([MSBuild]::VersionGreaterThanOrEquals($(TargetFrameworkVersion), 5.0)) ) was evaluated as ( '' != 'true' and '' != '' and '.NETCoreApp' == '.NETCoreApp' and True ).
       Target "_DisableDiagnosticTracing" skipped, due to false condition; ('$(DisableDiagnosticTracing)' == 'true') was evaluated as ('' == 'true').
   6:6>Target "AddImplicitDefineConstants" in file "/usr/local/share/dotnet/sdk/9.0.200/Sdks/Microsoft.NET.Sdk/targets/Microsoft.NET.Sdk.BeforeCommon.targets" from project "/Users/dacanetdev/Dev/AIGenerated/RoadmapSkills/src/DeventSoft.RoadmapSkills.Api/DeventSoft.RoadmapSkills.Api.csproj" (target "BeforeCompile" depends on it):
   6:6>Done building target "AddImplicitDefineConstants" in project "DeventSoft.RoadmapSkills.Api.csproj".
       Target "PrepareForBuild" skipped. Previously built successfully.
   6:6>Target "ResolveRazorConfiguration" in file "/usr/local/share/dotnet/sdk/9.0.200/Sdks/Microsoft.NET.Sdk.Razor/targets/Sdk.Razor.CurrentVersion.targets" from project "/Users/dacanetdev/Dev/AIGenerated/RoadmapSkills/src/DeventSoft.RoadmapSkills.Api/DeventSoft.RoadmapSkills.Api.csproj" (target "PrepareForRazorGenerate" depends on it):
       Task "Warning" skipped, due to false condition; ('$(_Targeting30OrNewerRazorLangVersion)' == 'true' AND '@(ResolvedRazorConfiguration->Count())' == '0') was evaluated as ('true' == 'true' AND '1' == '0').
       Task "Warning" skipped, due to false condition; ('$(_Targeting30OrNewerRazorLangVersion)' == 'true' AND '@(ResolvedRazorConfiguration->Count())' > '1') was evaluated as ('true' == 'true' AND '1' > '1').
       Task "Warning" skipped, due to false condition; ('$(_Targeting30OrNewerRazorLangVersion)' != 'true' AND '$(_TargetingNETCoreApp30OrLater)' == 'true') was evaluated as ('true' != 'true' AND 'true' == 'true').
       Using "FindInList" task from assembly "Microsoft.Build.Tasks.Core, Version=15.1.0.0, Culture=neutral, PublicKeyToken=b03f5f7f11d50a3a".
       Task "FindInList"
         Found "MVC-3.0".
       Done executing task "FindInList".
   6:6>Done building target "ResolveRazorConfiguration" in project "DeventSoft.RoadmapSkills.Api.csproj".
       Target "ResolveRazorGenerateInputs" skipped. Previously built successfully.
       Target "AssignRazorGenerateTargetPaths" skipped, due to false condition; ('@(RazorGenerate)' != '') was evaluated as ('' != '').
   6:6>Target "ResolveScopedCssInputs" in file "/usr/local/share/dotnet/sdk/9.0.200/Sdks/Microsoft.NET.Sdk.StaticWebAssets/targets/Microsoft.NET.Sdk.StaticWebAssets.ScopedCss.targets" from project "/Users/dacanetdev/Dev/AIGenerated/RoadmapSkills/src/DeventSoft.RoadmapSkills.Api/DeventSoft.RoadmapSkills.Api.csproj" (target "ComputeCssScope" depends on it):
       Using "DiscoverDefaultScopedCssItems" task from assembly "/usr/local/share/dotnet/sdk/9.0.200/Sdks/Microsoft.NET.Sdk.StaticWebAssets/targets/../tasks/net9.0/Microsoft.NET.Sdk.StaticWebAssets.Tasks.dll".
       Task "DiscoverDefaultScopedCssItems"
       Done executing task "DiscoverDefaultScopedCssItems".
   6:6>Done building target "ResolveScopedCssInputs" in project "DeventSoft.RoadmapSkills.Api.csproj".
   6:6>Target "ComputeCssScope" in file "/usr/local/share/dotnet/sdk/9.0.200/Sdks/Microsoft.NET.Sdk.StaticWebAssets/targets/Microsoft.NET.Sdk.StaticWebAssets.ScopedCss.targets" from project "/Users/dacanetdev/Dev/AIGenerated/RoadmapSkills/src/DeventSoft.RoadmapSkills.Api/DeventSoft.RoadmapSkills.Api.csproj" (target "ResolveCssScopes" depends on it):
       Using "ComputeCssScope" task from assembly "/usr/local/share/dotnet/sdk/9.0.200/Sdks/Microsoft.NET.Sdk.StaticWebAssets/targets/../tasks/net9.0/Microsoft.NET.Sdk.StaticWebAssets.Tasks.dll".
       Task "ComputeCssScope"
       Done executing task "ComputeCssScope".
   6:6>Done building target "ComputeCssScope" in project "DeventSoft.RoadmapSkills.Api.csproj".
   6:6>Target "ResolveRazorComponentInputs" in file "/usr/local/share/dotnet/sdk/9.0.200/Sdks/Microsoft.NET.Sdk.Razor/targets/Sdk.Razor.CurrentVersion.targets" from project "/Users/dacanetdev/Dev/AIGenerated/RoadmapSkills/src/DeventSoft.RoadmapSkills.Api/DeventSoft.RoadmapSkills.Api.csproj" (target "ResolveCssScopes" depends on it):
   6:6>Done building target "ResolveRazorComponentInputs" in project "DeventSoft.RoadmapSkills.Api.csproj".
       Target "ResolveRazorGenerateInputs" skipped. Previously built successfully.
   6:6>Target "ResolveCssScopes" in file "/usr/local/share/dotnet/sdk/9.0.200/Sdks/Microsoft.NET.Sdk.Razor/targets/Sdk.Razor.CurrentVersion.targets" from project "/Users/dacanetdev/Dev/AIGenerated/RoadmapSkills/src/DeventSoft.RoadmapSkills.Api/DeventSoft.RoadmapSkills.Api.csproj" (target "AssignRazorGenerateTargetPaths" depends on it):
       Using "ApplyCssScopes" task from assembly "/usr/local/share/dotnet/sdk/9.0.200/Sdks/Microsoft.NET.Sdk.StaticWebAssets/targets/../tasks/net9.0/Microsoft.NET.Sdk.StaticWebAssets.Tasks.dll".
       Task "ApplyCssScopes"
       Done executing task "ApplyCssScopes".
   6:6>Done building target "ResolveCssScopes" in project "DeventSoft.RoadmapSkills.Api.csproj".
   6:6>Target "_ResolveGeneratedRazorCompileInputs" in file "/usr/local/share/dotnet/sdk/9.0.200/Sdks/Microsoft.NET.Sdk.Razor/targets/Sdk.Razor.CurrentVersion.targets" from project "/Users/dacanetdev/Dev/AIGenerated/RoadmapSkills/src/DeventSoft.RoadmapSkills.Api/DeventSoft.RoadmapSkills.Api.csproj" (target "PrepareForRazorGenerate" depends on it):
   6:6>Done building target "_ResolveGeneratedRazorCompileInputs" in project "DeventSoft.RoadmapSkills.Api.csproj".
       Target "_CheckForIncorrectMvcConfiguration" skipped, due to false condition; ('@(ResolvedRazorConfiguration)' == 'Default' AND
             ('$(RazorCompileOnBuild)' == 'true' OR '$(RazorCompileOnPublish)' =='true') AND
             '@(RazorGenerate->Count())' != '0' AND
             '$(_Targeting30OrNewerRazorLangVersion)' == 'true' AND
             '$(_IsTargetingRazor2X)' != 'true') was evaluated as ('MVC-3.0' == 'Default' AND
             ('true' == 'true' OR 'true' =='true') AND
             '0' != '0' AND
             'true' == 'true' AND
             '' != 'true').
   6:6>Target "PrepareForRazorGenerate" in file "/usr/local/share/dotnet/sdk/9.0.200/Sdks/Microsoft.NET.Sdk.Razor/targets/Sdk.Razor.CurrentVersion.targets" from project "/Users/dacanetdev/Dev/AIGenerated/RoadmapSkills/src/DeventSoft.RoadmapSkills.Api/DeventSoft.RoadmapSkills.Api.csproj" (target "_PrepareRazorSourceGenerators" depends on it):
   6:6>Done building target "PrepareForRazorGenerate" in project "DeventSoft.RoadmapSkills.Api.csproj".
       Target "ResolveRazorConfiguration" skipped. Previously built successfully.
       Target "ResolveRazorComponentInputs" skipped. Previously built successfully.
       Target "_CheckForIncorrectComponentsConfiguration" skipped, due to false condition; (('$(RazorCompileOnBuild)' == 'true' OR '$(RazorCompileOnPublish)' =='true') AND
             '@(RazorComponent->Count())' != '0' AND
             '$(_Targeting30OrNewerRazorLangVersion)' != 'true' AND
             '$(_IsTargetingRazor2X)' != 'true') was evaluated as (('true' == 'true' OR 'true' =='true') AND
             '0' != '0' AND
             'true' != 'true' AND
             '' != 'true').
       Target "AssignRazorComponentTargetPaths" skipped, due to false condition; ('@(RazorComponent)' != '') was evaluated as ('' != '').
   6:6>Target "PrepareForRazorComponentGenerate" in file "/usr/local/share/dotnet/sdk/9.0.200/Sdks/Microsoft.NET.Sdk.Razor/targets/Sdk.Razor.CurrentVersion.targets" from project "/Users/dacanetdev/Dev/AIGenerated/RoadmapSkills/src/DeventSoft.RoadmapSkills.Api/DeventSoft.RoadmapSkills.Api.csproj" (target "_PrepareRazorSourceGenerators" depends on it):
   6:6>Done building target "PrepareForRazorComponentGenerate" in project "DeventSoft.RoadmapSkills.Api.csproj".
   6:6>Target "_PrepareRazorSourceGenerators" in file "/usr/local/share/dotnet/sdk/9.0.200/Sdks/Microsoft.NET.Sdk.Razor/targets/Microsoft.NET.Sdk.Razor.SourceGenerators.targets" from project "/Users/dacanetdev/Dev/AIGenerated/RoadmapSkills/src/DeventSoft.RoadmapSkills.Api/DeventSoft.RoadmapSkills.Api.csproj" (target "GenerateMSBuildEditorConfigFileShouldRun" depends on it):
       Using "EncodeRazorInputItem" task from assembly "/usr/local/share/dotnet/sdk/9.0.200/Sdks/Microsoft.NET.Sdk.Razor/targets/../tasks/net9.0/Microsoft.NET.Sdk.Razor.Tasks.dll".
       Task "EncodeRazorInputItem"
       Done executing task "EncodeRazorInputItem".
   6:6>Done building target "_PrepareRazorSourceGenerators" in project "DeventSoft.RoadmapSkills.Api.csproj".
   6:6>Target "GenerateMSBuildEditorConfigFileShouldRun" in file "/usr/local/share/dotnet/sdk/9.0.200/Roslyn/Microsoft.Managed.Core.targets" from project "/Users/dacanetdev/Dev/AIGenerated/RoadmapSkills/src/DeventSoft.RoadmapSkills.Api/DeventSoft.RoadmapSkills.Api.csproj" (target "GenerateMSBuildEditorConfigFile" depends on it):
   6:6>Done building target "GenerateMSBuildEditorConfigFileShouldRun" in project "DeventSoft.RoadmapSkills.Api.csproj".
   6:6>Target "AddGlobalAnalyzerConfigForPackage_MicrosoftCodeAnalysisCSharpCodeStyle" in file "/usr/local/share/dotnet/sdk/9.0.200/Sdks/Microsoft.NET.Sdk/codestyle/cs/build/Microsoft.CodeAnalysis.CSharp.CodeStyle.targets" from project "/Users/dacanetdev/Dev/AIGenerated/RoadmapSkills/src/DeventSoft.RoadmapSkills.Api/DeventSoft.RoadmapSkills.Api.csproj" (target "GenerateMSBuildEditorConfigFileCore" depends on it):
   6:6>Done building target "AddGlobalAnalyzerConfigForPackage_MicrosoftCodeAnalysisCSharpCodeStyle" in project "DeventSoft.RoadmapSkills.Api.csproj".
   6:6>Target "GenerateMSBuildEditorConfigFileCore" in file "/usr/local/share/dotnet/sdk/9.0.200/Roslyn/Microsoft.Managed.Core.targets" from project "/Users/dacanetdev/Dev/AIGenerated/RoadmapSkills/src/DeventSoft.RoadmapSkills.Api/DeventSoft.RoadmapSkills.Api.csproj" (target "GenerateMSBuildEditorConfigFile" depends on it):
       Building target "GenerateMSBuildEditorConfigFileCore" completely.
       No input files were specified.
     0>Property reassignment: $(DefineConstants)="TRACE;DEBUG" (previous value: "TRACE") at /usr/local/share/dotnet/sdk/9.0.200/Sdks/Microsoft.NET.Sdk/targets/Microsoft.NET.Sdk.CSharp.targets (31,5)
       Property reassignment: $(DefineConstants)="TRACE;DEBUG;NET;NET8_0;NETCOREAPP" (previous value: "TRACE;DEBUG") at /usr/local/share/dotnet/sdk/9.0.200/Sdks/Microsoft.NET.Sdk/targets/Microsoft.NET.Sdk.CSharp.targets (34,5)
       Property reassignment: $(WarningsAsErrors)=";NU1605;SYSLIB0011" (previous value: ";NU1605") at /usr/local/share/dotnet/sdk/9.0.200/Sdks/Microsoft.NET.Sdk/targets/Microsoft.NET.Sdk.CSharp.targets (48,5)
  10:6>Done building target "_HandlePackageFileConflicts" in project "DeventSoft.RoadmapSkills.Shared.Domain.csproj".
       Target "ResolveTargetingPackAssets" skipped. Previously built successfully.
  10:6>Target "ResolveAssemblyReferences" in file "/usr/local/share/dotnet/sdk/9.0.200/Microsoft.Common.CurrentVersion.targets" from project "/Users/dacanetdev/Dev/AIGenerated/RoadmapSkills/src/Shared/DeventSoft.RoadmapSkills.Shared.Domain/DeventSoft.RoadmapSkills.Shared.Domain.csproj" (target "ResolveReferences" depends on it):
       Using "ResolveAssemblyReference" task from assembly "Microsoft.Build.Tasks.Core, Version=15.1.0.0, Culture=neutral, PublicKeyToken=b03f5f7f11d50a3a".
       Task "ResolveAssemblyReference"
         TargetFrameworkMoniker:
             .NETCoreApp,Version=v8.0
         TargetFrameworkMonikerDisplayName:
             .NET 8.0
         TargetedRuntimeVersion:
             
         Assemblies:
             /Users/dacanetdev/.nuget/packages/microsoft.netcore.app.ref/8.0.13/ref/net8.0/Microsoft.CSharp.dll
                 Private = 'false'
             /Users/dacanetdev/.nuget/packages/microsoft.netcore.app.ref/8.0.13/ref/net8.0/Microsoft.VisualBasic.Core.dll
                 Private = 'false'
             /Users/dacanetdev/.nuget/packages/microsoft.netcore.app.ref/8.0.13/ref/net8.0/Microsoft.VisualBasic.dll
                 Private = 'false'
             /Users/dacanetdev/.nuget/packages/microsoft.netcore.app.ref/8.0.13/ref/net8.0/Microsoft.Win32.Primitives.dll
                 Private = 'false'
             /Users/dacanetdev/.nuget/packages/microsoft.netcore.app.ref/8.0.13/ref/net8.0/Microsoft.Win32.Registry.dll
                 Private = 'false'
             /Users/dacanetdev/.nuget/packages/microsoft.netcore.app.ref/8.0.13/ref/net8.0/System.AppContext.dll
                 Private = 'false'
             /Users/dacanetdev/.nuget/packages/microsoft.netcore.app.ref/8.0.13/ref/net8.0/System.Buffers.dll
                 Private = 'false'
             /Users/dacanetdev/.nuget/packages/microsoft.netcore.app.ref/8.0.13/ref/net8.0/System.Collections.Concurrent.dll
                 Private = 'false'
             /Users/dacanetdev/.nuget/packages/microsoft.netcore.app.ref/8.0.13/ref/net8.0/System.Collections.Immutable.dll
                 Private = 'false'
             /Users/dacanetdev/.nuget/packages/microsoft.netcore.app.ref/8.0.13/ref/net8.0/System.Collections.NonGeneric.dll
                 Private = 'false'
             /Users/dacanetdev/.nuget/packages/microsoft.netcore.app.ref/8.0.13/ref/net8.0/System.Collections.Specialized.dll
                 Private = 'false'
             /Users/dacanetdev/.nuget/packages/microsoft.netcore.app.ref/8.0.13/ref/net8.0/System.Collections.dll
                 Private = 'false'
             /Users/dacanetdev/.nuget/packages/microsoft.netcore.app.ref/8.0.13/ref/net8.0/System.ComponentModel.Annotations.dll
                 Private = 'false'
             /Users/dacanetdev/.nuget/packages/microsoft.netcore.app.ref/8.0.13/ref/net8.0/System.ComponentModel.DataAnnotations.dll
                 Private = 'false'
             /Users/dacanetdev/.nuget/packages/microsoft.netcore.app.ref/8.0.13/ref/net8.0/System.ComponentModel.EventBasedAsync.dll
                 Private = 'false'
             /Users/dacanetdev/.nuget/packages/microsoft.netcore.app.ref/8.0.13/ref/net8.0/System.ComponentModel.Primitives.dll
                 Private = 'false'
             /Users/dacanetdev/.nuget/packages/microsoft.netcore.app.ref/8.0.13/ref/net8.0/System.ComponentModel.TypeConverter.dll
                 Private = 'false'
             /Users/dacanetdev/.nuget/packages/microsoft.netcore.app.ref/8.0.13/ref/net8.0/System.ComponentModel.dll
                 Private = 'false'
             /Users/dacanetdev/.nuget/packages/microsoft.netcore.app.ref/8.0.13/ref/net8.0/System.Configuration.dll
                 Private = 'false'
             /Users/dacanetdev/.nuget/packages/microsoft.netcore.app.ref/8.0.13/ref/net8.0/System.Console.dll
                 Private = 'false'
             /Users/dacanetdev/.nuget/packages/microsoft.netcore.app.ref/8.0.13/ref/net8.0/System.Core.dll
                 Private = 'false'
             /Users/dacanetdev/.nuget/packages/microsoft.netcore.app.ref/8.0.13/ref/net8.0/System.Data.Common.dll
                 Private = 'false'
             /Users/dacanetdev/.nuget/packages/microsoft.netcore.app.ref/8.0.13/ref/net8.0/System.Data.DataSetExtensions.dll
                 Private = 'false'
             /Users/dacanetdev/.nuget/packages/microsoft.netcore.app.ref/8.0.13/ref/net8.0/System.Data.dll
                 Private = 'false'
             /Users/dacanetdev/.nuget/packages/microsoft.netcore.app.ref/8.0.13/ref/net8.0/System.Diagnostics.Contracts.dll
                 Private = 'false'
             /Users/dacanetdev/.nuget/packages/microsoft.netcore.app.ref/8.0.13/ref/net8.0/System.Diagnostics.Debug.dll
                 Private = 'false'
             /Users/dacanetdev/.nuget/packages/microsoft.netcore.app.ref/8.0.13/ref/net8.0/System.Diagnostics.DiagnosticSource.dll
                 Private = 'false'
             /Users/dacanetdev/.nuget/packages/microsoft.netcore.app.ref/8.0.13/ref/net8.0/System.Diagnostics.FileVersionInfo.dll
                 Private = 'false'
             /Users/dacanetdev/.nuget/packages/microsoft.netcore.app.ref/8.0.13/ref/net8.0/System.Diagnostics.Process.dll
                 Private = 'false'
             /Users/dacanetdev/.nuget/packages/microsoft.netcore.app.ref/8.0.13/ref/net8.0/System.Diagnostics.StackTrace.dll
                 Private = 'false'
             /Users/dacanetdev/.nuget/packages/microsoft.netcore.app.ref/8.0.13/ref/net8.0/System.Diagnostics.TextWriterTraceListener.dll
                 Private = 'false'
             /Users/dacanetdev/.nuget/packages/microsoft.netcore.app.ref/8.0.13/ref/net8.0/System.Diagnostics.Tools.dll
                 Private = 'false'
             /Users/dacanetdev/.nuget/packages/microsoft.netcore.app.ref/8.0.13/ref/net8.0/System.Diagnostics.TraceSource.dll
                 Private = 'false'
             /Users/dacanetdev/.nuget/packages/microsoft.netcore.app.ref/8.0.13/ref/net8.0/System.Diagnostics.Tracing.dll
                 Private = 'false'
             /Users/dacanetdev/.nuget/packages/microsoft.netcore.app.ref/8.0.13/ref/net8.0/System.Drawing.Primitives.dll
                 Private = 'false'
             /Users/dacanetdev/.nuget/packages/microsoft.netcore.app.ref/8.0.13/ref/net8.0/System.Drawing.dll
                 Private = 'false'
             /Users/dacanetdev/.nuget/packages/microsoft.netcore.app.ref/8.0.13/ref/net8.0/System.Dynamic.Runtime.dll
                 Private = 'false'
             /Users/dacanetdev/.nuget/packages/microsoft.netcore.app.ref/8.0.13/ref/net8.0/System.Formats.Asn1.dll
                 Private = 'false'
             /Users/dacanetdev/.nuget/packages/microsoft.netcore.app.ref/8.0.13/ref/net8.0/System.Formats.Tar.dll
                 Private = 'false'
             /Users/dacanetdev/.nuget/packages/microsoft.netcore.app.ref/8.0.13/ref/net8.0/System.Globalization.Calendars.dll
                 Private = 'false'
             /Users/dacanetdev/.nuget/packages/microsoft.netcore.app.ref/8.0.13/ref/net8.0/System.Globalization.Extensions.dll
                 Private = 'false'
             /Users/dacanetdev/.nuget/packages/microsoft.netcore.app.ref/8.0.13/ref/net8.0/System.Globalization.dll
                 Private = 'false'
             /Users/dacanetdev/.nuget/packages/microsoft.netcore.app.ref/8.0.13/ref/net8.0/System.IO.Compression.Brotli.dll
                 Private = 'false'
             /Users/dacanetdev/.nuget/packages/microsoft.netcore.app.ref/8.0.13/ref/net8.0/System.IO.Compression.FileSystem.dll
                 Private = 'false'
             /Users/dacanetdev/.nuget/packages/microsoft.netcore.app.ref/8.0.13/ref/net8.0/System.IO.Compression.ZipFile.dll
                 Private = 'false'
             /Users/dacanetdev/.nuget/packages/microsoft.netcore.app.ref/8.0.13/ref/net8.0/System.IO.Compression.dll
                 Private = 'false'
             /Users/dacanetdev/.nuget/packages/microsoft.netcore.app.ref/8.0.13/ref/net8.0/System.IO.FileSystem.AccessControl.dll
                 Private = 'false'
             /Users/dacanetdev/.nuget/packages/microsoft.netcore.app.ref/8.0.13/ref/net8.0/System.IO.FileSystem.DriveInfo.dll
                 Private = 'false'
             /Users/dacanetdev/.nuget/packages/microsoft.netcore.app.ref/8.0.13/ref/net8.0/System.IO.FileSystem.Primitives.dll
                 Private = 'false'
             /Users/dacanetdev/.nuget/packages/microsoft.netcore.app.ref/8.0.13/ref/net8.0/System.IO.FileSystem.Watcher.dll
                 Private = 'false'
             /Users/dacanetdev/.nuget/packages/microsoft.netcore.app.ref/8.0.13/ref/net8.0/System.IO.FileSystem.dll
                 Private = 'false'
             /Users/dacanetdev/.nuget/packages/microsoft.netcore.app.ref/8.0.13/ref/net8.0/System.IO.IsolatedStorage.dll
     0>Property reassignment: $(PackageDescription)="Package Description" (previous value: "") at /usr/local/share/dotnet/sdk/9.0.200/Sdks/NuGet.Build.Tasks.Pack/build/NuGet.Build.Tasks.Pack.targets (34,5)
  10:6>ResolveAssemblyReferences:
                 Private = 'false'
             /Users/dacanetdev/.nuget/packages/microsoft.netcore.app.ref/8.0.13/ref/net8.0/System.IO.MemoryMappedFiles.dll
                 Private = 'false'
             /Users/dacanetdev/.nuget/packages/microsoft.netcore.app.ref/8.0.13/ref/net8.0/System.IO.Pipes.AccessControl.dll
                 Private = 'false'
             /Users/dacanetdev/.nuget/packages/microsoft.netcore.app.ref/8.0.13/ref/net8.0/System.IO.Pipes.dll
                 Private = 'false'
     0>Property reassignment: $(GenerateNuspecDependsOn)="Build;_LoadPackInputItems; _GetTargetFrameworksOutput; _WalkEachTargetPerFramework; _GetPackageFiles; " (previous value: "_LoadPackInputItems; _GetTargetFrameworksOutput; _WalkEachTargetPerFramework; _GetPackageFiles; ") at /usr/local/share/dotnet/sdk/9.0.200/Sdks/NuGet.Build.Tasks.Pack/build/NuGet.Build.Tasks.Pack.targets (59,5)
  10:6>ResolveAssemblyReferences:
             /Users/dacanetdev/.nuget/packages/microsoft.netcore.app.ref/8.0.13/ref/net8.0/System.IO.UnmanagedMemoryStream.dll
                 Private = 'false'
             /Users/dacanetdev/.nuget/packages/microsoft.netcore.app.ref/8.0.13/ref/net8.0/System.IO.dll
                 Private = 'false'
             /Users/dacanetdev/.nuget/packages/microsoft.netcore.app.ref/8.0.13/ref/net8.0/System.Linq.Expressions.dll
                 Private = 'false'
             /Users/dacanetdev/.nuget/packages/microsoft.netcore.app.ref/8.0.13/ref/net8.0/System.Linq.Parallel.dll
                 Private = 'false'
             /Users/dacanetdev/.nuget/packages/microsoft.netcore.app.ref/8.0.13/ref/net8.0/System.Linq.Queryable.dll
                 Private = 'false'
             /Users/dacanetdev/.nuget/packages/microsoft.netcore.app.ref/8.0.13/ref/net8.0/System.Linq.dll
                 Private = 'false'
             /Users/dacanetdev/.nuget/packages/microsoft.netcore.app.ref/8.0.13/ref/net8.0/System.Memory.dll
                 Private = 'false'
             /Users/dacanetdev/.nuget/packages/microsoft.netcore.app.ref/8.0.13/ref/net8.0/System.Net.Http.Json.dll
                 Private = 'false'
     0>Property reassignment: $(_IsNotSetContainersTargetsDir)="true" (previous value: "false") at /usr/local/share/dotnet/sdk/9.0.200/Sdks/Microsoft.NET.Sdk/Sdk/Sdk.targets (60,5)
  10:6>ResolveAssemblyReferences:
             /Users/dacanetdev/.nuget/packages/microsoft.netcore.app.ref/8.0.13/ref/net8.0/System.Net.Http.dll
                 Private = 'false'
             /Users/dacanetdev/.nuget/packages/microsoft.netcore.app.ref/8.0.13/ref/net8.0/System.Net.HttpListener.dll
                 Private = 'false'
             /Users/dacanetdev/.nuget/packages/microsoft.netcore.app.ref/8.0.13/ref/net8.0/System.Net.Mail.dll
                 Private = 'false'
             /Users/dacanetdev/.nuget/packages/microsoft.netcore.app.ref/8.0.13/ref/net8.0/System.Net.NameResolution.dll
                 Private = 'false'
             /Users/dacanetdev/.nuget/packages/microsoft.netcore.app.ref/8.0.13/ref/net8.0/System.Net.NetworkInformation.dll
                 Private = 'false'
             /Users/dacanetdev/.nuget/packages/microsoft.netcore.app.ref/8.0.13/ref/net8.0/System.Net.Ping.dll
                 Private = 'false'
             /Users/dacanetdev/.nuget/packages/microsoft.netcore.app.ref/8.0.13/ref/net8.0/System.Net.Primitives.dll
                 Private = 'false'
             /Users/dacanetdev/.nuget/packages/microsoft.netcore.app.ref/8.0.13/ref/net8.0/System.Net.Quic.dll
                 Private = 'false'
             /Users/dacanetdev/.nuget/packages/microsoft.netcore.app.ref/8.0.13/ref/net8.0/System.Net.Requests.dll
                 Private = 'false'
             /Users/dacanetdev/.nuget/packages/microsoft.netcore.app.ref/8.0.13/ref/net8.0/System.Net.Security.dll
                 Private = 'false'
             /Users/dacanetdev/.nuget/packages/microsoft.netcore.app.ref/8.0.13/ref/net8.0/System.Net.ServicePoint.dll
                 Private = 'false'
             /Users/dacanetdev/.nuget/packages/microsoft.netcore.app.ref/8.0.13/ref/net8.0/System.Net.Sockets.dll
                 Private = 'false'
             /Users/dacanetdev/.nuget/packages/microsoft.netcore.app.ref/8.0.13/ref/net8.0/System.Net.WebClient.dll
                 Private = 'false'
             /Users/dacanetdev/.nuget/packages/microsoft.netcore.app.ref/8.0.13/ref/net8.0/System.Net.WebHeaderCollection.dll
                 Private = 'false'
             /Users/dacanetdev/.nuget/packages/microsoft.netcore.app.ref/8.0.13/ref/net8.0/System.Net.WebProxy.dll
                 Private = 'false'
             /Users/dacanetdev/.nuget/packages/microsoft.netcore.app.ref/8.0.13/ref/net8.0/System.Net.WebSockets.Client.dll
                 Private = 'false'
             /Users/dacanetdev/.nuget/packages/microsoft.netcore.app.ref/8.0.13/ref/net8.0/System.Net.WebSockets.dll
                 Private = 'false'
             /Users/dacanetdev/.nuget/packages/microsoft.netcore.app.ref/8.0.13/ref/net8.0/System.Net.dll
                 Private = 'false'
             /Users/dacanetdev/.nuget/packages/microsoft.netcore.app.ref/8.0.13/ref/net8.0/System.Numerics.Vectors.dll
                 Private = 'false'
             /Users/dacanetdev/.nuget/packages/microsoft.netcore.app.ref/8.0.13/ref/net8.0/System.Numerics.dll
                 Private = 'false'
             /Users/dacanetdev/.nuget/packages/microsoft.netcore.app.ref/8.0.13/ref/net8.0/System.ObjectModel.dll
                 Private = 'false'
             /Users/dacanetdev/.nuget/packages/microsoft.netcore.app.ref/8.0.13/ref/net8.0/System.Reflection.DispatchProxy.dll
                 Private = 'false'
             /Users/dacanetdev/.nuget/packages/microsoft.netcore.app.ref/8.0.13/ref/net8.0/System.Reflection.Emit.ILGeneration.dll
                 Private = 'false'
             /Users/dacanetdev/.nuget/packages/microsoft.netcore.app.ref/8.0.13/ref/net8.0/System.Reflection.Emit.Lightweight.dll
                 Private = 'false'
             /Users/dacanetdev/.nuget/packages/microsoft.netcore.app.ref/8.0.13/ref/net8.0/System.Reflection.Emit.dll
                 Private = 'false'
             /Users/dacanetdev/.nuget/packages/microsoft.netcore.app.ref/8.0.13/ref/net8.0/System.Reflection.Extensions.dll
                 Private = 'false'
             /Users/dacanetdev/.nuget/packages/microsoft.netcore.app.ref/8.0.13/ref/net8.0/System.Reflection.Metadata.dll
                 Private = 'false'
             /Users/dacanetdev/.nuget/packages/microsoft.netcore.app.ref/8.0.13/ref/net8.0/System.Reflection.Primitives.dll
                 Private = 'false'
             /Users/dacanetdev/.nuget/packages/microsoft.netcore.app.ref/8.0.13/ref/net8.0/System.Reflection.TypeExtensions.dll
                 Private = 'false'
             /Users/dacanetdev/.nuget/packages/microsoft.netcore.app.ref/8.0.13/ref/net8.0/System.Reflection.dll
                 Private = 'false'
             /Users/dacanetdev/.nuget/packages/microsoft.netcore.app.ref/8.0.13/ref/net8.0/System.Resources.Reader.dll
                 Private = 'false'
             /Users/dacanetdev/.nuget/packages/microsoft.netcore.app.ref/8.0.13/ref/net8.0/System.Resources.ResourceManager.dll
                 Private = 'false'
             /Users/dacanetdev/.nuget/packages/microsoft.netcore.app.ref/8.0.13/ref/net8.0/System.Resources.Writer.dll
                 Private = 'false'
             /Users/dacanetdev/.nuget/packages/microsoft.netcore.app.ref/8.0.13/ref/net8.0/System.Runtime.CompilerServices.Unsafe.dll
                 Private = 'false'
             /Users/dacanetdev/.nuget/packages/microsoft.netcore.app.ref/8.0.13/ref/net8.0/System.Runtime.CompilerServices.VisualC.dll
                 Private = 'false'
             /Users/dacanetdev/.nuget/packages/microsoft.netcore.app.ref/8.0.13/ref/net8.0/System.Runtime.Extensions.dll
                 Private = 'false'
             /Users/dacanetdev/.nuget/packages/microsoft.netcore.app.ref/8.0.13/ref/net8.0/System.Runtime.Handles.dll
                 Private = 'false'
             /Users/dacanetdev/.nuget/packages/microsoft.netcore.app.ref/8.0.13/ref/net8.0/System.Runtime.InteropServices.JavaScript.dll
                 Private = 'false'
             /Users/dacanetdev/.nuget/packages/microsoft.netcore.app.ref/8.0.13/ref/net8.0/System.Runtime.InteropServices.RuntimeInformation.dll
                 Private = 'false'
             /Users/dacanetdev/.nuget/packages/microsoft.netcore.app.ref/8.0.13/ref/net8.0/System.Runtime.InteropServices.dll
                 Private = 'false'
             /Users/dacanetdev/.nuget/packages/microsoft.netcore.app.ref/8.0.13/ref/net8.0/System.Runtime.Intrinsics.dll
                 Private = 'false'
             /Users/dacanetdev/.nuget/packages/microsoft.netcore.app.ref/8.0.13/ref/net8.0/System.Runtime.Loader.dll
                 Private = 'false'
             /Users/dacanetdev/.nuget/packages/microsoft.netcore.app.ref/8.0.13/ref/net8.0/System.Runtime.Numerics.dll
                 Private = 'false'
             /Users/dacanetdev/.nuget/packages/microsoft.netcore.app.ref/8.0.13/ref/net8.0/System.Runtime.Serialization.Formatters.dll
                 Private = 'false'
             /Users/dacanetdev/.nuget/packages/microsoft.netcore.app.ref/8.0.13/ref/net8.0/System.Runtime.Serialization.Json.dll
                 Private = 'false'
             /Users/dacanetdev/.nuget/packages/microsoft.netcore.app.ref/8.0.13/ref/net8.0/System.Runtime.Serialization.Primitives.dll
                 Private = 'false'
             /Users/dacanetdev/.nuget/packages/microsoft.netcore.app.ref/8.0.13/ref/net8.0/System.Runtime.Serialization.Xml.dll
                 Private = 'false'
             /Users/dacanetdev/.nuget/packages/microsoft.netcore.app.ref/8.0.13/ref/net8.0/System.Runtime.Serialization.dll
                 Private = 'false'
             /Users/dacanetdev/.nuget/packages/microsoft.netcore.app.ref/8.0.13/ref/net8.0/System.Runtime.dll
                 Private = 'false'
             /Users/dacanetdev/.nuget/packages/microsoft.netcore.app.ref/8.0.13/ref/net8.0/System.Security.AccessControl.dll
                 Private = 'false'
             /Users/dacanetdev/.nuget/packages/microsoft.netcore.app.ref/8.0.13/ref/net8.0/System.Security.Claims.dll
                 Private = 'false'
             /Users/dacanetdev/.nuget/packages/microsoft.netcore.app.ref/8.0.13/ref/net8.0/System.Security.Cryptography.Algorithms.dll
                 Private = 'false'
             /Users/dacanetdev/.nuget/packages/microsoft.netcore.app.ref/8.0.13/ref/net8.0/System.Security.Cryptography.Cng.dll
                 Private = 'false'
             /Users/dacanetdev/.nuget/packages/microsoft.netcore.app.ref/8.0.13/ref/net8.0/System.Security.Cryptography.Csp.dll
                 Private = 'false'
             /Users/dacanetdev/.nuget/packages/microsoft.netcore.app.ref/8.0.13/ref/net8.0/System.Security.Cryptography.Encoding.dll
                 Private = 'false'
             /Users/dacanetdev/.nuget/packages/microsoft.netcore.app.ref/8.0.13/ref/net8.0/System.Security.Cryptography.OpenSsl.dll
                 Private = 'false'
             /Users/dacanetdev/.nuget/packages/microsoft.netcore.app.ref/8.0.13/ref/net8.0/System.Security.Cryptography.Primitives.dll
                 Private = 'false'
             /Users/dacanetdev/.nuget/packages/microsoft.netcore.app.ref/8.0.13/ref/net8.0/System.Security.Cryptography.X509Certificates.dll
                 Private = 'false'
             /Users/dacanetdev/.nuget/packages/microsoft.netcore.app.ref/8.0.13/ref/net8.0/System.Security.Cryptography.dll
                 Private = 'false'
             /Users/dacanetdev/.nuget/packages/microsoft.netcore.app.ref/8.0.13/ref/net8.0/System.Security.Principal.Windows.dll
                 Private = 'false'
             /Users/dacanetdev/.nuget/packages/microsoft.netcore.app.ref/8.0.13/ref/net8.0/System.Security.Principal.dll
                 Private = 'false'
   6:6>GenerateMSBuildEditorConfigFileCore:
       Using "GenerateMSBuildEditorConfig" task from assembly "/usr/local/share/dotnet/sdk/9.0.200/Roslyn/Microsoft.Build.Tasks.CodeAnalysis.dll".
  10:6>ResolveAssemblyReferences:
             /Users/dacanetdev/.nuget/packages/microsoft.netcore.app.ref/8.0.13/ref/net8.0/System.Security.SecureString.dll
                 Private = 'false'
   6:6>Task "GenerateMSBuildEditorConfig"
  10:6>ResolveAssemblyReferences:
             /Users/dacanetdev/.nuget/packages/microsoft.netcore.app.ref/8.0.13/ref/net8.0/System.Security.dll
                 Private = 'false'
             /Users/dacanetdev/.nuget/packages/microsoft.netcore.app.ref/8.0.13/ref/net8.0/System.ServiceModel.Web.dll
                 Private = 'false'
             /Users/dacanetdev/.nuget/packages/microsoft.netcore.app.ref/8.0.13/ref/net8.0/System.ServiceProcess.dll
                 Private = 'false'
             /Users/dacanetdev/.nuget/packages/microsoft.netcore.app.ref/8.0.13/ref/net8.0/System.Text.Encoding.CodePages.dll
     0>Property reassignment: $(_IsSDKContainerAllowedVersion)="true" (previous value: "false") at /usr/local/share/dotnet/sdk/9.0.200/Containers/build/Microsoft.NET.Build.Containers.targets (5,5)
  10:6>ResolveAssemblyReferences:
                 Private = 'false'
             /Users/dacanetdev/.nuget/packages/microsoft.netcore.app.ref/8.0.13/ref/net8.0/System.Text.Encoding.Extensions.dll
     0>Property reassignment: $(_ContainerIsTargetingNet8TFM)="true" (previous value: "false") at /usr/local/share/dotnet/sdk/9.0.200/Containers/build/Microsoft.NET.Build.Containers.targets (15,5)
  10:6>ResolveAssemblyReferences:
                 Private = 'false'
             /Users/dacanetdev/.nuget/packages/microsoft.netcore.app.ref/8.0.13/ref/net8.0/System.Text.Encoding.dll
                 Private = 'false'
             /Users/dacanetdev/.nuget/packages/microsoft.netcore.app.ref/8.0.13/ref/net8.0/System.Text.Encodings.Web.dll
                 Private = 'false'
             /Users/dacanetdev/.nuget/packages/microsoft.netcore.app.ref/8.0.13/ref/net8.0/System.Text.Json.dll
                 Private = 'false'
             /Users/dacanetdev/.nuget/packages/microsoft.netcore.app.ref/8.0.13/ref/net8.0/System.Text.RegularExpressions.dll
                 Private = 'false'
             /Users/dacanetdev/.nuget/packages/microsoft.netcore.app.ref/8.0.13/ref/net8.0/System.Threading.Channels.dll
                 Private = 'false'
             /Users/dacanetdev/.nuget/packages/microsoft.netcore.app.ref/8.0.13/ref/net8.0/System.Threading.Overlapped.dll
                 Private = 'false'
             /Users/dacanetdev/.nuget/packages/microsoft.netcore.app.ref/8.0.13/ref/net8.0/System.Threading.Tasks.Dataflow.dll
                 Private = 'false'
             /Users/dacanetdev/.nuget/packages/microsoft.netcore.app.ref/8.0.13/ref/net8.0/System.Threading.Tasks.Extensions.dll
                 Private = 'false'
             /Users/dacanetdev/.nuget/packages/microsoft.netcore.app.ref/8.0.13/ref/net8.0/System.Threading.Tasks.Parallel.dll
                 Private = 'false'
             /Users/dacanetdev/.nuget/packages/microsoft.netcore.app.ref/8.0.13/ref/net8.0/System.Threading.Tasks.dll
                 Private = 'false'
             /Users/dacanetdev/.nuget/packages/microsoft.netcore.app.ref/8.0.13/ref/net8.0/System.Threading.Thread.dll
                 Private = 'false'
             /Users/dacanetdev/.nuget/packages/microsoft.netcore.app.ref/8.0.13/ref/net8.0/System.Threading.ThreadPool.dll
                 Private = 'false'
             /Users/dacanetdev/.nuget/packages/microsoft.netcore.app.ref/8.0.13/ref/net8.0/System.Threading.Timer.dll
                 Private = 'false'
             /Users/dacanetdev/.nuget/packages/microsoft.netcore.app.ref/8.0.13/ref/net8.0/System.Threading.dll
                 Private = 'false'
             /Users/dacanetdev/.nuget/packages/microsoft.netcore.app.ref/8.0.13/ref/net8.0/System.Transactions.Local.dll
                 Private = 'false'
             /Users/dacanetdev/.nuget/packages/microsoft.netcore.app.ref/8.0.13/ref/net8.0/System.Transactions.dll
                 Private = 'false'
             /Users/dacanetdev/.nuget/packages/microsoft.netcore.app.ref/8.0.13/ref/net8.0/System.ValueTuple.dll
                 Private = 'false'
             /Users/dacanetdev/.nuget/packages/microsoft.netcore.app.ref/8.0.13/ref/net8.0/System.Web.HttpUtility.dll
   6:6>Done executing task "GenerateMSBuildEditorConfig".
  10:6>ResolveAssemblyReferences:
                 Private = 'false'
             /Users/dacanetdev/.nuget/packages/microsoft.netcore.app.ref/8.0.13/ref/net8.0/System.Web.dll
   6:6>Done building target "GenerateMSBuildEditorConfigFileCore" in project "DeventSoft.RoadmapSkills.Api.csproj".
  10:6>ResolveAssemblyReferences:
                 Private = 'false'
             /Users/dacanetdev/.nuget/packages/microsoft.netcore.app.ref/8.0.13/ref/net8.0/System.Windows.dll
                 Private = 'false'
             /Users/dacanetdev/.nuget/packages/microsoft.netcore.app.ref/8.0.13/ref/net8.0/System.Xml.Linq.dll
   6:6>Target "GenerateMSBuildEditorConfigFile" in file "/usr/local/share/dotnet/sdk/9.0.200/Roslyn/Microsoft.Managed.Core.targets" from project "/Users/dacanetdev/Dev/AIGenerated/RoadmapSkills/src/DeventSoft.RoadmapSkills.Api/DeventSoft.RoadmapSkills.Api.csproj" (target "BeforeCompile" depends on it):
   6:6>Done building target "GenerateMSBuildEditorConfigFile" in project "DeventSoft.RoadmapSkills.Api.csproj".
  10:6>ResolveAssemblyReferences:
                 Private = 'false'
   6:6>Target "PrepareForBuild" skipped. Previously built successfully.
  10:6>ResolveAssemblyReferences:
             /Users/dacanetdev/.nuget/packages/microsoft.netcore.app.ref/8.0.13/ref/net8.0/System.Xml.ReaderWriter.dll
   6:6>Target "GetReferenceAssemblyPaths" skipped. Previously built successfully.
  10:6>ResolveAssemblyReferences:
                 Private = 'false'
             /Users/dacanetdev/.nuget/packages/microsoft.netcore.app.ref/8.0.13/ref/net8.0/System.Xml.Serialization.dll
   6:6>Target "_SetTargetFrameworkMonikerAttribute" in file "/usr/local/share/dotnet/sdk/9.0.200/Microsoft.CSharp.CurrentVersion.targets" from project "/Users/dacanetdev/Dev/AIGenerated/RoadmapSkills/src/DeventSoft.RoadmapSkills.Api/DeventSoft.RoadmapSkills.Api.csproj" (target "GenerateTargetFrameworkMonikerAttribute" depends on it):
   6:6>Done building target "_SetTargetFrameworkMonikerAttribute" in project "DeventSoft.RoadmapSkills.Api.csproj".
  10:6>ResolveAssemblyReferences:
                 Private = 'false'
             /Users/dacanetdev/.nuget/packages/microsoft.netcore.app.ref/8.0.13/ref/net8.0/System.Xml.XDocument.dll
                 Private = 'false'
             /Users/dacanetdev/.nuget/packages/microsoft.netcore.app.ref/8.0.13/ref/net8.0/System.Xml.XPath.XDocument.dll
                 Private = 'false'
             /Users/dacanetdev/.nuget/packages/microsoft.netcore.app.ref/8.0.13/ref/net8.0/System.Xml.XPath.dll
   6:6>Target "GenerateTargetFrameworkMonikerAttribute" in file "/usr/local/share/dotnet/sdk/9.0.200/Microsoft.Common.CurrentVersion.targets" from project "/Users/dacanetdev/Dev/AIGenerated/RoadmapSkills/src/DeventSoft.RoadmapSkills.Api/DeventSoft.RoadmapSkills.Api.csproj" (target "BeforeCompile" depends on it):
   6:6>Skipping target "GenerateTargetFrameworkMonikerAttribute" because all output files are up-to-date with respect to the input files.
  10:6>ResolveAssemblyReferences:
                 Private = 'false'
             /Users/dacanetdev/.nuget/packages/microsoft.netcore.app.ref/8.0.13/ref/net8.0/System.Xml.XmlDocument.dll
                 Private = 'false'
             /Users/dacanetdev/.nuget/packages/microsoft.netcore.app.ref/8.0.13/ref/net8.0/System.Xml.XmlSerializer.dll
                 Private = 'false'
             /Users/dacanetdev/.nuget/packages/microsoft.netcore.app.ref/8.0.13/ref/net8.0/System.Xml.dll
   6:6>GenerateTargetFrameworkMonikerAttribute:
       Input files: /usr/local/share/dotnet/sdk/9.0.200/Microsoft.Common.targets
  10:6>ResolveAssemblyReferences:
                 Private = 'false'
             /Users/dacanetdev/.nuget/packages/microsoft.netcore.app.ref/8.0.13/ref/net8.0/System.dll
                 Private = 'false'
             /Users/dacanetdev/.nuget/packages/microsoft.netcore.app.ref/8.0.13/ref/net8.0/WindowsBase.dll
   6:6>GenerateTargetFrameworkMonikerAttribute:
       Output files: obj/Debug/net8.0/.NETCoreApp,Version=v8.0.AssemblyAttributes.cs
  10:6>ResolveAssemblyReferences:
                 Private = 'false'
             /Users/dacanetdev/.nuget/packages/microsoft.netcore.app.ref/8.0.13/ref/net8.0/mscorlib.dll
                 Private = 'false'
             /Users/dacanetdev/.nuget/packages/microsoft.netcore.app.ref/8.0.13/ref/net8.0/netstandard.dll
   6:6>Done building target "GenerateTargetFrameworkMonikerAttribute" in project "DeventSoft.RoadmapSkills.Api.csproj".
  10:6>ResolveAssemblyReferences:
                 Private = 'false'
   6:6>Target "GenerateAdditionalSources" skipped, due to false condition; ('@(AssemblyAttributes)' != '' and '$(GenerateAdditionalSources)' == 'true') was evaluated as ('' != '' and '' == 'true').
  10:6>ResolveAssemblyReferences:
         AssemblyFiles:
   6:6>Target "PrepareForBuild" skipped. Previously built successfully.
  10:6>ResolveAssemblyReferences:
         CandidateAssemblyFiles:
         TargetFrameworkDirectories:
             
         InstalledAssemblyTables:
         IgnoreInstalledAssemblyTable:
             False
         SearchPaths:
             {CandidateAssemblyFiles}
   6:6>Target "GetAssemblyVersion" in file "/usr/local/share/dotnet/sdk/9.0.200/Sdks/Microsoft.NET.Sdk/targets/Microsoft.NET.GenerateAssemblyInfo.targets" from project "/Users/dacanetdev/Dev/AIGenerated/RoadmapSkills/src/DeventSoft.RoadmapSkills.Api/DeventSoft.RoadmapSkills.Api.csproj" (target "GetAssemblyAttributes" depends on it):
   6:6>Using "GetAssemblyVersion" task from assembly "/usr/local/share/dotnet/sdk/9.0.200/Sdks/Microsoft.NET.Sdk/targets/../tools/net9.0/Microsoft.NET.Build.Tasks.dll".
  10:6>ResolveAssemblyReferences:
             {HintPathFromItem}
             {TargetFrameworkDirectory}
   6:6>Task "GetAssemblyVersion"
  10:6>ResolveAssemblyReferences:
             {RawFileName}
   6:6>Done executing task "GetAssemblyVersion".
  10:6>ResolveAssemblyReferences:
         AllowedAssemblyExtensions:
             .winmd
   6:6>Done building target "GetAssemblyVersion" in project "DeventSoft.RoadmapSkills.Api.csproj".
  10:6>ResolveAssemblyReferences:
             .dll
             .exe
   6:6>Target "GetAssemblyVersion" skipped. Previously built successfully.
  10:6>ResolveAssemblyReferences:
         AllowedRelatedFileExtensions:
             .pdb
             .xml
             .pri
             .dll.config
             .exe.config
         AppConfigFile:
             
         AutoUnify:
             True
         CopyLocalDependenciesWhenParentReferenceInGac:
             True
         FindDependencies:
   6:6>Target "InitializeSourceControlInformationFromSourceControlManager" in file "/usr/local/share/dotnet/sdk/9.0.200/Sdks/Microsoft.Build.Tasks.Git/build/Microsoft.Build.Tasks.Git.targets" from project "/Users/dacanetdev/Dev/AIGenerated/RoadmapSkills/src/DeventSoft.RoadmapSkills.Api/DeventSoft.RoadmapSkills.Api.csproj" (target "_InitializeSourceControlInformationFromSourceControlManager" depends on it):
   6:6>Using "Microsoft.Build.Tasks.Git.LocateRepository" task from assembly "/usr/local/share/dotnet/sdk/9.0.200/Sdks/Microsoft.Build.Tasks.Git/build/../tools/net/Microsoft.Build.Tasks.Git.dll".
  10:6>ResolveAssemblyReferences:
             True
   6:6>Task "Microsoft.Build.Tasks.Git.LocateRepository"
  10:6>ResolveAssemblyReferences:
         TargetProcessorArchitecture:
             msil
         StateFile:
             obj/Debug/net8.0/DeventSoft.RoadmapSkills.Shared.Domain.csproj.AssemblyReference.cache
         InstalledAssemblySubsetTables:
         IgnoreInstalledAssemblySubsetTable:
             False
         TargetFrameworkSubsets:
   6:6>InitializeSourceControlInformationFromSourceControlManager:
         SourceLink: Repository instance not found in cache: '*:/Users/dacanetdev/Dev/AIGenerated/RoadmapSkills/.git'
  10:6>ResolveAssemblyReferences:
         FullTargetFrameworkSubsetNames:
             Full
         ProfileName:
             
         FullFrameworkFolders:
         LatestTargetFrameworkDirectories:
         ProfileTablesLocation:
   6:6>Done executing task "Microsoft.Build.Tasks.Git.LocateRepository".
   6:6>Done building target "InitializeSourceControlInformationFromSourceControlManager" in project "DeventSoft.RoadmapSkills.Api.csproj".
   6:6>Target "_SourceLinkHasSingleProvider" in file "/usr/local/share/dotnet/sdk/9.0.200/Sdks/Microsoft.SourceLink.Common/build/InitializeSourceControlInformation.targets" from project "/Users/dacanetdev/Dev/AIGenerated/RoadmapSkills/src/DeventSoft.RoadmapSkills.Api/DeventSoft.RoadmapSkills.Api.csproj" (target "_InitializeSourceControlInformationFromSourceControlManager" depends on it):
       Using "Microsoft.SourceLink.Common.SourceLinkHasSingleProvider" task from assembly "/usr/local/share/dotnet/sdk/9.0.200/Sdks/Microsoft.SourceLink.Common/build/../tools/net/Microsoft.SourceLink.Common.dll".
       Task "Microsoft.SourceLink.Common.SourceLinkHasSingleProvider"
       Done executing task "Microsoft.SourceLink.Common.SourceLinkHasSingleProvider".
   6:6>Done building target "_SourceLinkHasSingleProvider" in project "DeventSoft.RoadmapSkills.Api.csproj".
     0>/usr/local/share/dotnet/sdk/9.0.200/Sdks/Microsoft.NET.Sdk.StaticWebAssets/targets/Sdk.StaticWebAssets.CurrentVersion.targets(37,18): message : Property 'DOTNET_HOST_PATH' with value '/usr/local/share/dotnet/dotnet' expanded from the environment.
   6:6>Target "TranslateGitHubUrlsInSourceControlInformation" in file "/usr/local/share/dotnet/sdk/9.0.200/Sdks/Microsoft.SourceLink.GitHub/build/Microsoft.SourceLink.GitHub.targets" from project "/Users/dacanetdev/Dev/AIGenerated/RoadmapSkills/src/DeventSoft.RoadmapSkills.Api/DeventSoft.RoadmapSkills.Api.csproj" (target "_InitializeSourceControlInformationFromSourceControlManager" depends on it):
   6:6>Using "Microsoft.SourceLink.GitHub.TranslateRepositoryUrls" task from assembly "/usr/local/share/dotnet/sdk/9.0.200/Sdks/Microsoft.SourceLink.GitHub/build/../tools/net/Microsoft.SourceLink.GitHub.dll".
       Task "Microsoft.SourceLink.GitHub.TranslateRepositoryUrls"
       Done executing task "Microsoft.SourceLink.GitHub.TranslateRepositoryUrls".
   6:6>Done building target "TranslateGitHubUrlsInSourceControlInformation" in project "DeventSoft.RoadmapSkills.Api.csproj".
   6:6>Target "TranslateGitLabUrlsInSourceControlInformation" in file "/usr/local/share/dotnet/sdk/9.0.200/Sdks/Microsoft.SourceLink.GitLab/build/Microsoft.SourceLink.GitLab.targets" from project "/Users/dacanetdev/Dev/AIGenerated/RoadmapSkills/src/DeventSoft.RoadmapSkills.Api/DeventSoft.RoadmapSkills.Api.csproj" (target "_InitializeSourceControlInformationFromSourceControlManager" depends on it):
       Using "Microsoft.SourceLink.GitLab.TranslateRepositoryUrls" task from assembly "/usr/local/share/dotnet/sdk/9.0.200/Sdks/Microsoft.SourceLink.GitLab/build/../tools/net/Microsoft.SourceLink.GitLab.dll".
       Task "Microsoft.SourceLink.GitLab.TranslateRepositoryUrls"
       Done executing task "Microsoft.SourceLink.GitLab.TranslateRepositoryUrls".
   6:6>Done building target "TranslateGitLabUrlsInSourceControlInformation" in project "DeventSoft.RoadmapSkills.Api.csproj".
   6:6>Target "TranslateAzureReposGitUrlsInSourceControlInformation" in file "/usr/local/share/dotnet/sdk/9.0.200/Sdks/Microsoft.SourceLink.AzureRepos.Git/build/Microsoft.SourceLink.AzureRepos.Git.targets" from project "/Users/dacanetdev/Dev/AIGenerated/RoadmapSkills/src/DeventSoft.RoadmapSkills.Api/DeventSoft.RoadmapSkills.Api.csproj" (target "_InitializeSourceControlInformationFromSourceControlManager" depends on it):
       Using "Microsoft.SourceLink.AzureRepos.Git.TranslateRepositoryUrls" task from assembly "/usr/local/share/dotnet/sdk/9.0.200/Sdks/Microsoft.SourceLink.AzureRepos.Git/build/../tools/net/Microsoft.SourceLink.AzureRepos.Git.dll".
       Task "Microsoft.SourceLink.AzureRepos.Git.TranslateRepositoryUrls"
       Done executing task "Microsoft.SourceLink.AzureRepos.Git.TranslateRepositoryUrls".
   6:6>Done building target "TranslateAzureReposGitUrlsInSourceControlInformation" in project "DeventSoft.RoadmapSkills.Api.csproj".
   6:6>Target "TranslateBitbucketGitUrlsInSourceControlInformation" in file "/usr/local/share/dotnet/sdk/9.0.200/Sdks/Microsoft.SourceLink.Bitbucket.Git/build/Microsoft.SourceLink.Bitbucket.Git.targets" from project "/Users/dacanetdev/Dev/AIGenerated/RoadmapSkills/src/DeventSoft.RoadmapSkills.Api/DeventSoft.RoadmapSkills.Api.csproj" (target "_InitializeSourceControlInformationFromSourceControlManager" depends on it):
       Using "Microsoft.SourceLink.Bitbucket.Git.TranslateRepositoryUrls" task from assembly "/usr/local/share/dotnet/sdk/9.0.200/Sdks/Microsoft.SourceLink.Bitbucket.Git/build/../tools/net/Microsoft.SourceLink.Bitbucket.Git.dll".
       Task "Microsoft.SourceLink.Bitbucket.Git.TranslateRepositoryUrls"
       Done executing task "Microsoft.SourceLink.Bitbucket.Git.TranslateRepositoryUrls".
   6:6>Done building target "TranslateBitbucketGitUrlsInSourceControlInformation" in project "DeventSoft.RoadmapSkills.Api.csproj".
   6:6>Target "SourceControlManagerPublishTranslatedUrls" in file "/usr/local/share/dotnet/sdk/9.0.200/Sdks/Microsoft.SourceLink.Common/build/InitializeSourceControlInformation.targets" from project "/Users/dacanetdev/Dev/AIGenerated/RoadmapSkills/src/DeventSoft.RoadmapSkills.Api/DeventSoft.RoadmapSkills.Api.csproj" (target "_InitializeSourceControlInformationFromSourceControlManager" depends on it):
   6:6>Done building target "SourceControlManagerPublishTranslatedUrls" in project "DeventSoft.RoadmapSkills.Api.csproj".
   6:6>Target "_InitializeSourceControlInformationFromSourceControlManager" in file "/usr/local/share/dotnet/sdk/9.0.200/Sdks/Microsoft.SourceLink.Common/build/InitializeSourceControlInformation.targets" from project "/Users/dacanetdev/Dev/AIGenerated/RoadmapSkills/src/DeventSoft.RoadmapSkills.Api/DeventSoft.RoadmapSkills.Api.csproj" (target "InitializeSourceControlInformation" depends on it):
   6:6>Done building target "_InitializeSourceControlInformationFromSourceControlManager" in project "DeventSoft.RoadmapSkills.Api.csproj".
   6:6>Target "InitializeSourceControlInformation" in file "/usr/local/share/dotnet/sdk/9.0.200/Microsoft.Common.CurrentVersion.targets" from project "/Users/dacanetdev/Dev/AIGenerated/RoadmapSkills/src/DeventSoft.RoadmapSkills.Api/DeventSoft.RoadmapSkills.Api.csproj" (target "AddSourceRevisionToInformationalVersion" depends on it):
   6:6>Done building target "InitializeSourceControlInformation" in project "DeventSoft.RoadmapSkills.Api.csproj".
   6:6>Target "AddSourceRevisionToInformationalVersion" in file "/usr/local/share/dotnet/sdk/9.0.200/Sdks/Microsoft.NET.Sdk/targets/Microsoft.NET.GenerateAssemblyInfo.targets" from project "/Users/dacanetdev/Dev/AIGenerated/RoadmapSkills/src/DeventSoft.RoadmapSkills.Api/DeventSoft.RoadmapSkills.Api.csproj" (target "GetAssemblyAttributes" depends on it):
   6:6>Done building target "AddSourceRevisionToInformationalVersion" in project "DeventSoft.RoadmapSkills.Api.csproj".
       Target "_GetUserSecretsAssemblyAttribute" skipped, due to false condition; ( '$(UserSecretsId)' != '' AND '$(GenerateUserSecretsAttribute)' != 'false' AND '$(GeneratedUserSecretsAttributeFile)' == '' ) was evaluated as ( '' != '' AND '' != 'false' AND '' == '' ).
   6:6>Target "GetAssemblyAttributes" in file "/usr/local/share/dotnet/sdk/9.0.200/Sdks/Microsoft.NET.Sdk/targets/Microsoft.NET.GenerateAssemblyInfo.targets" from project "/Users/dacanetdev/Dev/AIGenerated/RoadmapSkills/src/DeventSoft.RoadmapSkills.Api/DeventSoft.RoadmapSkills.Api.csproj" (target "CreateGeneratedAssemblyInfoInputsCacheFile" depends on it):
   6:6>Done building target "GetAssemblyAttributes" in project "DeventSoft.RoadmapSkills.Api.csproj".
   6:6>Target "CreateGeneratedAssemblyInfoInputsCacheFile" in file "/usr/local/share/dotnet/sdk/9.0.200/Sdks/Microsoft.NET.Sdk/targets/Microsoft.NET.GenerateAssemblyInfo.targets" from project "/Users/dacanetdev/Dev/AIGenerated/RoadmapSkills/src/DeventSoft.RoadmapSkills.Api/DeventSoft.RoadmapSkills.Api.csproj" (target "CoreGenerateAssemblyInfo" depends on it):
       Using "Hash" task from assembly "Microsoft.Build.Tasks.Core, Version=15.1.0.0, Culture=neutral, PublicKeyToken=b03f5f7f11d50a3a".
       Task "Hash"
       Done executing task "Hash".
       Task "WriteLinesToFile"
         Skipping write to file "obj/Debug/net8.0/DeventSoft.RoadmapSkills.Api.AssemblyInfoInputs.cache" because content would not change.
       Done executing task "WriteLinesToFile".
   6:6>Done building target "CreateGeneratedAssemblyInfoInputsCacheFile" in project "DeventSoft.RoadmapSkills.Api.csproj".
     0>Property reassignment: $(PrepareForRunDependsOn)="StaticWebAssetsPrepareForRun;
      CopyFilesToOutputDirectory
    " (previous value: "
      CopyFilesToOutputDirectory
    ") at /usr/local/share/dotnet/sdk/9.0.200/Sdks/Microsoft.NET.Sdk.StaticWebAssets/targets/Microsoft.NET.Sdk.StaticWebAssets.targets (286,5)
       Property reassignment: $(GetCopyToOutputDirectoryItemsDependsOn)="
             AssignTargetPaths;
             
             AssignProjectConfiguration;
             _SplitProjectReferencesByFileExistence
           ;
             _GetProjectReferenceTargetFrameworkProperties;
             _PopulateCommonStateForGetCopyToOutputDirectoryItems
           ;AddStaticWebAssetsManifest;AddStaticWebAssetEndpointsBuildManifest" (previous value: "
             AssignTargetPaths;
             
             AssignProjectConfiguration;
             _SplitProjectReferencesByFileExistence
           ;
             _GetProjectReferenceTargetFrameworkProperties;
             _PopulateCommonStateForGetCopyToOutputDirectoryItems
           ") at /usr/local/share/dotnet/sdk/9.0.200/Sdks/Microsoft.NET.Sdk.StaticWebAssets/targets/Microsoft.NET.Sdk.StaticWebAssets.targets (323,5)
   6:6>Target "CoreGenerateAssemblyInfo" in file "/usr/local/share/dotnet/sdk/9.0.200/Sdks/Microsoft.NET.Sdk/targets/Microsoft.NET.GenerateAssemblyInfo.targets" from project "/Users/dacanetdev/Dev/AIGenerated/RoadmapSkills/src/DeventSoft.RoadmapSkills.Api/DeventSoft.RoadmapSkills.Api.csproj" (target "GenerateAssemblyInfo" depends on it):
   6:6>Skipping target "CoreGenerateAssemblyInfo" because all output files are up-to-date with respect to the input files.
       Input files: obj/Debug/net8.0/DeventSoft.RoadmapSkills.Api.AssemblyInfoInputs.cache
       Output files: obj/Debug/net8.0/DeventSoft.RoadmapSkills.Api.AssemblyInfo.cs
   6:6>Done building target "CoreGenerateAssemblyInfo" in project "DeventSoft.RoadmapSkills.Api.csproj".
   6:6>Target "GenerateAssemblyInfo" in file "/usr/local/share/dotnet/sdk/9.0.200/Sdks/Microsoft.NET.Sdk/targets/Microsoft.NET.GenerateAssemblyInfo.targets" from project "/Users/dacanetdev/Dev/AIGenerated/RoadmapSkills/src/DeventSoft.RoadmapSkills.Api/DeventSoft.RoadmapSkills.Api.csproj" (target "BeforeCompile" depends on it):
   6:6>Done building target "GenerateAssemblyInfo" in project "DeventSoft.RoadmapSkills.Api.csproj".
   6:6>Target "BeforeCompile" in file "/usr/local/share/dotnet/sdk/9.0.200/Microsoft.Common.CurrentVersion.targets" from project "/Users/dacanetdev/Dev/AIGenerated/RoadmapSkills/src/DeventSoft.RoadmapSkills.Api/DeventSoft.RoadmapSkills.Api.csproj" (target "Compile" depends on it):
   6:6>Done building target "BeforeCompile" in project "DeventSoft.RoadmapSkills.Api.csproj".
       Target "_TimeStampBeforeCompile" skipped, due to false condition; ('$(RunPostBuildEvent)'=='OnOutputUpdated' or ('$(RegisterForComInterop)'=='true' and '$(OutputType)'=='library')) was evaluated as (''=='OnOutputUpdated' or (''=='true' and 'Exe'=='library')).
       Target "ResolveAssemblyReferences" skipped. Previously built successfully.
   6:6>Target "_GenerateCompileDependencyCache" in file "/usr/local/share/dotnet/sdk/9.0.200/Microsoft.Common.CurrentVersion.targets" from project "/Users/dacanetdev/Dev/AIGenerated/RoadmapSkills/src/DeventSoft.RoadmapSkills.Api/DeventSoft.RoadmapSkills.Api.csproj" (target "Compile" depends on it):
       Task "Hash"
       Done executing task "Hash".
       Task "WriteLinesToFile"
         Skipping write to file "obj/Debug/net8.0/DeventSoft.RoadmapSkills.Api.csproj.CoreCompileInputs.cache" because content would not change.
       Done executing task "WriteLinesToFile".
   6:6>Done building target "_GenerateCompileDependencyCache" in project "DeventSoft.RoadmapSkills.Api.csproj".
       Target "ResolveAssemblyReferences" skipped. Previously built successfully.
   6:6>Target "_DiscoverMvcApplicationParts" in file "/usr/local/share/dotnet/sdk/9.0.200/Sdks/Microsoft.NET.Sdk.Razor/targets/Microsoft.NET.Sdk.Razor.MvcApplicationPartsDiscovery.targets" from project "/Users/dacanetdev/Dev/AIGenerated/RoadmapSkills/src/DeventSoft.RoadmapSkills.Api/DeventSoft.RoadmapSkills.Api.csproj" (target "CoreCompile" depends on it):
       Skipping target "_DiscoverMvcApplicationParts" because all output files are up-to-date with respect to the input files.
       Input files: 
           /Users/dacanetdev/Dev/AIGenerated/RoadmapSkills/src/DeventSoft.RoadmapSkills.Api/obj/project.assets.json
           /Users/dacanetdev/Dev/AIGenerated/RoadmapSkills/src/DeventSoft.RoadmapSkills.Api/obj/DeventSoft.RoadmapSkills.Api.csproj.nuget.g.targets
           /usr/local/share/dotnet/sdk/9.0.200/Current/Microsoft.Common.targets/ImportAfter/Microsoft.TestPlatform.ImportAfter.targets
       Output files: obj/Debug/net8.0/DeventSoft.RoadmapSkills.Api.MvcApplicationPartsAssemblyInfo.cache
   6:6>Done building target "_DiscoverMvcApplicationParts" in project "DeventSoft.RoadmapSkills.Api.csproj".
       Target "_ComputeNonExistentFileProperty" skipped, due to false condition; (('$(BuildingInsideVisualStudio)' == 'true') and ('$(BuildingOutOfProcess)' != 'true') and (('$(BuildingProject)' == 'false') or ('$(UseHostCompilerIfAvailable)' == 'true'))) was evaluated as (('' == 'true') and ('' != 'true') and (('true' == 'false') or ('true' == 'true'))).
       Target "ResolveCodeAnalysisRuleSet" skipped, due to false condition; ('$(CodeAnalysisRuleSet)' != '') was evaluated as ('' != '').
       Target "ResolveRazorGenerateInputs" skipped. Previously built successfully.
   6:6>Target "_ResolveMvcAssemblyAttributes" in file "/usr/local/share/dotnet/sdk/9.0.200/Sdks/Microsoft.NET.Sdk.Razor/targets/Microsoft.NET.Sdk.Razor.Configuration.targets" from project "/Users/dacanetdev/Dev/AIGenerated/RoadmapSkills/src/DeventSoft.RoadmapSkills.Api/DeventSoft.RoadmapSkills.Api.csproj" (target "_GenerateRazorAssemblyInfo" depends on it):
   6:6>Done building target "_ResolveMvcAssemblyAttributes" in project "DeventSoft.RoadmapSkills.Api.csproj".
       Target "RazorGetAssemblyAttributes" skipped, due to false condition; ('$(GenerateRazorHostingAssemblyInfo)'=='true' and '$(RazorDefaultConfiguration)'!='') was evaluated as (''=='true' and 'MVC-3.0'!='').
       Target "PrepareForBuild" skipped. Previously built successfully.
       Target "_CoreGenerateRazorAssemblyInfo" skipped, due to false condition; ('$(GenerateRazorAssemblyInfo)' == 'true' AND '@(_RazorAssemblyAttribute)' != '') was evaluated as ('' == 'true' AND '' != '').
   6:6>Target "_GenerateRazorAssemblyInfo" in file "/usr/local/share/dotnet/sdk/9.0.200/Sdks/Microsoft.NET.Sdk.Razor/targets/Microsoft.NET.Sdk.Razor.GenerateAssemblyInfo.targets" from project "/Users/dacanetdev/Dev/AIGenerated/RoadmapSkills/src/DeventSoft.RoadmapSkills.Api/DeventSoft.RoadmapSkills.Api.csproj" (target "CoreCompile" depends on it):
   6:6>Done building target "_GenerateRazorAssemblyInfo" in project "DeventSoft.RoadmapSkills.Api.csproj".
       Target "ShimReferencePathsWhenCommonTargetsDoesNotUnderstandReferenceAssemblies" skipped, due to false condition; ('@(ReferencePathWithRefAssemblies)' == '') was evaluated as ('/Users/dacanetdev/.nuget/packages/microsoft.aspnetcore.app.ref/8.0.13/ref/net8.0/Microsoft.AspNetCore.Antiforgery.dll;/Users/dacanetdev/.nuget/packages/microsoft.aspnetcore.app.ref/8.0.13/ref/net8.0/Microsoft.AspNetCore.Authentication.Abstractions.dll;/Users/dacanetdev/.nuget/packages/microsoft.aspnetcore.app.ref/8.0.13/ref/net8.0/Microsoft.AspNetCore.Authentication.BearerToken.dll;...' == '').
   6:6>Target "_BeforeVBCSCoreCompile" in file "/usr/local/share/dotnet/sdk/9.0.200/Roslyn/Microsoft.Managed.Core.targets" from project "/Users/dacanetdev/Dev/AIGenerated/RoadmapSkills/src/DeventSoft.RoadmapSkills.Api/DeventSoft.RoadmapSkills.Api.csproj" (target "CoreCompile" depends on it):
   6:6>Done building target "_BeforeVBCSCoreCompile" in project "DeventSoft.RoadmapSkills.Api.csproj".
       Target "AdjustDefaultPlatformTargetForNetFrameworkExeWithNoNativeCopyLocalItems" skipped, due to false condition; ('$(_UsingDefaultPlatformTarget)' == 'true' and
                            '$(_UsingDefaultRuntimeIdentifier)' == 'true') was evaluated as ('true' == 'true' and
                            '' == 'true').
       Target "_DisableDiagnosticTracing" skipped, due to false condition; ('$(DisableDiagnosticTracing)' == 'true') was evaluated as ('' == 'true').
       Target "ShimReferencePathsWhenCommonTargetsDoesNotUnderstandReferenceAssemblies" skipped, due to false condition; ('@(ReferencePathWithRefAssemblies)' == '') was evaluated as ('/Users/dacanetdev/.nuget/packages/microsoft.aspnetcore.app.ref/8.0.13/ref/net8.0/Microsoft.AspNetCore.Antiforgery.dll;/Users/dacanetdev/.nuget/packages/microsoft.aspnetcore.app.ref/8.0.13/ref/net8.0/Microsoft.AspNetCore.Authentication.Abstractions.dll;/Users/dacanetdev/.nuget/packages/microsoft.aspnetcore.app.ref/8.0.13/ref/net8.0/Microsoft.AspNetCore.Authentication.BearerToken.dll;...' == '').
   6:6>Target "_ComputeSkipAnalyzers" in file "/usr/local/share/dotnet/sdk/9.0.200/Roslyn/Microsoft.Managed.Core.targets" from project "/Users/dacanetdev/Dev/AIGenerated/RoadmapSkills/src/DeventSoft.RoadmapSkills.Api/DeventSoft.RoadmapSkills.Api.csproj" (target "CoreCompile" depends on it):
       Task "ShowMessageForImplicitlySkipAnalyzers" skipped, due to false condition; ('$(_ImplicitlySkipAnalyzers)' == 'true') was evaluated as ('' == 'true').
   6:6>Done building target "_ComputeSkipAnalyzers" in project "DeventSoft.RoadmapSkills.Api.csproj".
       Target "_SetPathMapFromSourceRoots" skipped, due to false condition; ('$(DeterministicSourcePaths)' == 'true') was evaluated as ('' == 'true').
       Target "CreateCompilerGeneratedFilesOutputPath" skipped, due to false condition; ('$(EmitCompilerGeneratedFiles)' == 'true' and !('$(DesignTimeBuild)' == 'true' OR '$(BuildingProject)' != 'true')) was evaluated as ('false' == 'true' and !('' == 'true' OR 'true' != 'true')).
       Target "_CheckMicrosoftNetSdkCompilersToolsetPackageExists" skipped, due to false condition; ('$(_NeedToDownloadMicrosoftNetSdkCompilersToolsetPackage)' == 'true' and '$(DesignTimeBuild)' != 'true') was evaluated as ('' == 'true' and '' != 'true').
       Target "BeforeCompile" skipped. Previously built successfully.
       Target "InitializeSourceControlInformationFromSourceControlManager" skipped. Previously built successfully.
   6:6>Target "SetEmbeddedFilesFromSourceControlManagerUntrackedFiles" in file "/usr/local/share/dotnet/sdk/9.0.200/Sdks/Microsoft.Build.Tasks.Git/build/Microsoft.Build.Tasks.Git.targets" from project "/Users/dacanetdev/Dev/AIGenerated/RoadmapSkills/src/DeventSoft.RoadmapSkills.Api/DeventSoft.RoadmapSkills.Api.csproj" (target "_SetEmbeddedFilesFromSourceControlManagerUntrackedFiles" depends on it):
       Using "Microsoft.Build.Tasks.Git.GetUntrackedFiles" task from assembly "/usr/local/share/dotnet/sdk/9.0.200/Sdks/Microsoft.Build.Tasks.Git/build/../tools/net/Microsoft.Build.Tasks.Git.dll".
  10:6>ResolveAssemblyReferences:
         Primary reference "Microsoft.CSharp, Version=8.0.0.0, Culture=neutral, PublicKeyToken=b03f5f7f11d50a3a".
   6:6>Task "Microsoft.Build.Tasks.Git.GetUntrackedFiles"
  10:6>ResolveAssemblyReferences:
             Resolved file path is "/Users/dacanetdev/.nuget/packages/microsoft.netcore.app.ref/8.0.13/ref/net8.0/Microsoft.CSharp.dll".
   6:6>SetEmbeddedFilesFromSourceControlManagerUntrackedFiles:
         SourceLink: Reusing cached git repository information.
  10:6>ResolveAssemblyReferences:
             Reference found at search path location "{RawFileName}".
   6:6>Done executing task "Microsoft.Build.Tasks.Git.GetUntrackedFiles".
  10:6>ResolveAssemblyReferences:
             This reference is not "CopyLocal" because at least one source item had "Private" set to "false" and no source items had "Private" set to "true".
   6:6>Done building target "SetEmbeddedFilesFromSourceControlManagerUntrackedFiles" in project "DeventSoft.RoadmapSkills.Api.csproj".
  10:6>ResolveAssemblyReferences:
             The ImageRuntimeVersion for this reference is "".
         Primary reference "Microsoft.VisualBasic.Core, Version=13.0.0.0, Culture=neutral, PublicKeyToken=b03f5f7f11d50a3a".
   6:6>Target "_SetEmbeddedFilesFromSourceControlManagerUntrackedFiles" in file "/usr/local/share/dotnet/sdk/9.0.200/Sdks/Microsoft.SourceLink.Common/build/Microsoft.SourceLink.Common.targets" from project "/Users/dacanetdev/Dev/AIGenerated/RoadmapSkills/src/DeventSoft.RoadmapSkills.Api/DeventSoft.RoadmapSkills.Api.csproj" (target "CoreCompile" depends on it):
   6:6>Done building target "_SetEmbeddedFilesFromSourceControlManagerUntrackedFiles" in project "DeventSoft.RoadmapSkills.Api.csproj".
  10:6>ResolveAssemblyReferences:
             Resolved file path is "/Users/dacanetdev/.nuget/packages/microsoft.netcore.app.ref/8.0.13/ref/net8.0/Microsoft.VisualBasic.Core.dll".
   6:6>Target "InitializeSourceControlInformation" skipped. Previously built successfully.
  10:6>ResolveAssemblyReferences:
             Reference found at search path location "{RawFileName}".
             This reference is not "CopyLocal" because at least one source item had "Private" set to "false" and no source items had "Private" set to "true".
             The ImageRuntimeVersion for this reference is "".
   6:6>Target "_SetSourceLinkFilePath" in file "/usr/local/share/dotnet/sdk/9.0.200/Sdks/Microsoft.SourceLink.Common/build/Microsoft.SourceLink.Common.targets" from project "/Users/dacanetdev/Dev/AIGenerated/RoadmapSkills/src/DeventSoft.RoadmapSkills.Api/DeventSoft.RoadmapSkills.Api.csproj" (target "_GenerateSourceLinkFile" depends on it):
   6:6>Done building target "_SetSourceLinkFilePath" in project "DeventSoft.RoadmapSkills.Api.csproj".
  10:6>ResolveAssemblyReferences:
         Primary reference "Microsoft.VisualBasic, Version=10.0.0.0, Culture=neutral, PublicKeyToken=b03f5f7f11d50a3a".
   6:6>Target "InitializeSourceControlInformation" skipped. Previously built successfully.
  10:6>ResolveAssemblyReferences:
             Resolved file path is "/Users/dacanetdev/.nuget/packages/microsoft.netcore.app.ref/8.0.13/ref/net8.0/Microsoft.VisualBasic.dll".
   6:6>Target "_InitializeSourceRootMappedPathsFromSourceControl" in file "/usr/local/share/dotnet/sdk/9.0.200/Roslyn/Microsoft.Managed.Core.targets" from project "/Users/dacanetdev/Dev/AIGenerated/RoadmapSkills/src/DeventSoft.RoadmapSkills.Api/DeventSoft.RoadmapSkills.Api.csproj" (target "InitializeSourceRootMappedPaths" depends on it):
   6:6>Done building target "_InitializeSourceRootMappedPathsFromSourceControl" in project "DeventSoft.RoadmapSkills.Api.csproj".
  10:6>ResolveAssemblyReferences:
             Reference found at search path location "{RawFileName}".
             This reference is not "CopyLocal" because at least one source item had "Private" set to "false" and no source items had "Private" set to "true".
   6:6>Target "InitializeSourceRootMappedPaths" in file "/usr/local/share/dotnet/sdk/9.0.200/Roslyn/Microsoft.Managed.Core.targets" from project "/Users/dacanetdev/Dev/AIGenerated/RoadmapSkills/src/DeventSoft.RoadmapSkills.Api/DeventSoft.RoadmapSkills.Api.csproj" (target "_InitializeSourceRootMappedPathsOpt" depends on it):
   6:6>Using "Microsoft.CodeAnalysis.BuildTasks.MapSourceRoots" task from assembly "/usr/local/share/dotnet/sdk/9.0.200/Roslyn/Microsoft.Build.Tasks.CodeAnalysis.dll".
  10:6>ResolveAssemblyReferences:
             The ImageRuntimeVersion for this reference is "".
   6:6>Task "Microsoft.CodeAnalysis.BuildTasks.MapSourceRoots"
  10:6>ResolveAssemblyReferences:
         Primary reference "Microsoft.Win32.Primitives, Version=8.0.0.0, Culture=neutral, PublicKeyToken=b03f5f7f11d50a3a".
   6:6>Done executing task "Microsoft.CodeAnalysis.BuildTasks.MapSourceRoots".
  10:6>ResolveAssemblyReferences:
             Resolved file path is "/Users/dacanetdev/.nuget/packages/microsoft.netcore.app.ref/8.0.13/ref/net8.0/Microsoft.Win32.Primitives.dll".
             Reference found at search path location "{RawFileName}".
   6:6>Done building target "InitializeSourceRootMappedPaths" in project "DeventSoft.RoadmapSkills.Api.csproj".
  10:6>ResolveAssemblyReferences:
             This reference is not "CopyLocal" because at least one source item had "Private" set to "false" and no source items had "Private" set to "true".
             The ImageRuntimeVersion for this reference is "".
         Primary reference "Microsoft.Win32.Registry, Version=8.0.0.0, Culture=neutral, PublicKeyToken=b03f5f7f11d50a3a".
             Resolved file path is "/Users/dacanetdev/.nuget/packages/microsoft.netcore.app.ref/8.0.13/ref/net8.0/Microsoft.Win32.Registry.dll".
             Reference found at search path location "{RawFileName}".
             This reference is not "CopyLocal" because at least one source item had "Private" set to "false" and no source items had "Private" set to "true".
             The ImageRuntimeVersion for this reference is "".
         Primary reference "System.AppContext, Version=8.0.0.0, Culture=neutral, PublicKeyToken=b03f5f7f11d50a3a".
   6:6>Target "_InitializeSourceRootMappedPathsOpt" in file "/usr/local/share/dotnet/sdk/9.0.200/Sdks/Microsoft.SourceLink.Common/build/Microsoft.SourceLink.Common.targets" from project "/Users/dacanetdev/Dev/AIGenerated/RoadmapSkills/src/DeventSoft.RoadmapSkills.Api/DeventSoft.RoadmapSkills.Api.csproj" (target "_GenerateSourceLinkFile" depends on it):
   6:6>Done building target "_InitializeSourceRootMappedPathsOpt" in project "DeventSoft.RoadmapSkills.Api.csproj".
  10:6>ResolveAssemblyReferences:
             Resolved file path is "/Users/dacanetdev/.nuget/packages/microsoft.netcore.app.ref/8.0.13/ref/net8.0/System.AppContext.dll".
             Reference found at search path location "{RawFileName}".
             This reference is not "CopyLocal" because at least one source item had "Private" set to "false" and no source items had "Private" set to "true".
   6:6>Target "_InitializeGitHubSourceLinkUrl" in file "/usr/local/share/dotnet/sdk/9.0.200/Sdks/Microsoft.SourceLink.GitHub/build/Microsoft.SourceLink.GitHub.targets" from project "/Users/dacanetdev/Dev/AIGenerated/RoadmapSkills/src/DeventSoft.RoadmapSkills.Api/DeventSoft.RoadmapSkills.Api.csproj" (target "_GenerateSourceLinkFile" depends on it):
   6:6>Building target "_InitializeGitHubSourceLinkUrl" completely.
       No input files were specified.
  10:6>ResolveAssemblyReferences:
             The ImageRuntimeVersion for this reference is "".
   6:6>_InitializeGitHubSourceLinkUrl:
       Using "Microsoft.SourceLink.GitHub.GetSourceLinkUrl" task from assembly "/usr/local/share/dotnet/sdk/9.0.200/Sdks/Microsoft.SourceLink.GitHub/build/../tools/net/Microsoft.SourceLink.GitHub.dll".
  10:6>ResolveAssemblyReferences:
         Primary reference "System.Buffers, Version=8.0.0.0, Culture=neutral, PublicKeyToken=cc7b13ffcd2ddd51".
   6:6>Task "Microsoft.SourceLink.GitHub.GetSourceLinkUrl"
  10:6>ResolveAssemblyReferences:
             Resolved file path is "/Users/dacanetdev/.nuget/packages/microsoft.netcore.app.ref/8.0.13/ref/net8.0/System.Buffers.dll".
   6:6>Done executing task "Microsoft.SourceLink.GitHub.GetSourceLinkUrl".
   6:6>Done building target "_InitializeGitHubSourceLinkUrl" in project "DeventSoft.RoadmapSkills.Api.csproj".
  10:6>ResolveAssemblyReferences:
             Reference found at search path location "{RawFileName}".
             This reference is not "CopyLocal" because at least one source item had "Private" set to "false" and no source items had "Private" set to "true".
   6:6>Target "_InitializeGitLabSourceLinkUrl" in file "/usr/local/share/dotnet/sdk/9.0.200/Sdks/Microsoft.SourceLink.GitLab/build/Microsoft.SourceLink.GitLab.targets" from project "/Users/dacanetdev/Dev/AIGenerated/RoadmapSkills/src/DeventSoft.RoadmapSkills.Api/DeventSoft.RoadmapSkills.Api.csproj" (target "_GenerateSourceLinkFile" depends on it):
   6:6>Building target "_InitializeGitLabSourceLinkUrl" completely.
       No input files were specified.
  10:6>ResolveAssemblyReferences:
             The ImageRuntimeVersion for this reference is "".
   6:6>_InitializeGitLabSourceLinkUrl:
       Using "Microsoft.SourceLink.GitLab.GetSourceLinkUrl" task from assembly "/usr/local/share/dotnet/sdk/9.0.200/Sdks/Microsoft.SourceLink.GitLab/build/../tools/net/Microsoft.SourceLink.GitLab.dll".
  10:6>ResolveAssemblyReferences:
         Primary reference "System.Collections.Concurrent, Version=8.0.0.0, Culture=neutral, PublicKeyToken=b03f5f7f11d50a3a".
   6:6>Task "Microsoft.SourceLink.GitLab.GetSourceLinkUrl"
       Done executing task "Microsoft.SourceLink.GitLab.GetSourceLinkUrl".
  10:6>ResolveAssemblyReferences:
             Resolved file path is "/Users/dacanetdev/.nuget/packages/microsoft.netcore.app.ref/8.0.13/ref/net8.0/System.Collections.Concurrent.dll".
   6:6>Done building target "_InitializeGitLabSourceLinkUrl" in project "DeventSoft.RoadmapSkills.Api.csproj".
  10:6>ResolveAssemblyReferences:
             Reference found at search path location "{RawFileName}".
   6:6>Target "_InitializeAzureReposGitSourceLinkUrl" in file "/usr/local/share/dotnet/sdk/9.0.200/Sdks/Microsoft.SourceLink.AzureRepos.Git/build/Microsoft.SourceLink.AzureRepos.Git.targets" from project "/Users/dacanetdev/Dev/AIGenerated/RoadmapSkills/src/DeventSoft.RoadmapSkills.Api/DeventSoft.RoadmapSkills.Api.csproj" (target "_GenerateSourceLinkFile" depends on it):
   6:6>Building target "_InitializeAzureReposGitSourceLinkUrl" completely.
       No input files were specified.
  10:6>ResolveAssemblyReferences:
             This reference is not "CopyLocal" because at least one source item had "Private" set to "false" and no source items had "Private" set to "true".
   6:6>_InitializeAzureReposGitSourceLinkUrl:
       Using "Microsoft.SourceLink.AzureRepos.Git.GetSourceLinkUrl" task from assembly "/usr/local/share/dotnet/sdk/9.0.200/Sdks/Microsoft.SourceLink.AzureRepos.Git/build/../tools/net/Microsoft.SourceLink.AzureRepos.Git.dll".
  10:6>ResolveAssemblyReferences:
             The ImageRuntimeVersion for this reference is "".
   6:6>Task "Microsoft.SourceLink.AzureRepos.Git.GetSourceLinkUrl"
       Done executing task "Microsoft.SourceLink.AzureRepos.Git.GetSourceLinkUrl".
  10:6>ResolveAssemblyReferences:
         Primary reference "System.Collections.Immutable, Version=8.0.0.0, Culture=neutral, PublicKeyToken=b03f5f7f11d50a3a".
   6:6>Done building target "_InitializeAzureReposGitSourceLinkUrl" in project "DeventSoft.RoadmapSkills.Api.csproj".
  10:6>ResolveAssemblyReferences:
             Resolved file path is "/Users/dacanetdev/.nuget/packages/microsoft.netcore.app.ref/8.0.13/ref/net8.0/System.Collections.Immutable.dll".
   6:6>Target "_InitializeBitbucketGitSourceLinkUrl" in file "/usr/local/share/dotnet/sdk/9.0.200/Sdks/Microsoft.SourceLink.Bitbucket.Git/build/Microsoft.SourceLink.Bitbucket.Git.targets" from project "/Users/dacanetdev/Dev/AIGenerated/RoadmapSkills/src/DeventSoft.RoadmapSkills.Api/DeventSoft.RoadmapSkills.Api.csproj" (target "_GenerateSourceLinkFile" depends on it):
   6:6>Building target "_InitializeBitbucketGitSourceLinkUrl" completely.
       No input files were specified.
  10:6>ResolveAssemblyReferences:
             Reference found at search path location "{RawFileName}".
   6:6>_InitializeBitbucketGitSourceLinkUrl:
       Using "Microsoft.SourceLink.Bitbucket.Git.GetSourceLinkUrl" task from assembly "/usr/local/share/dotnet/sdk/9.0.200/Sdks/Microsoft.SourceLink.Bitbucket.Git/build/../tools/net/Microsoft.SourceLink.Bitbucket.Git.dll".
       Task "Microsoft.SourceLink.Bitbucket.Git.GetSourceLinkUrl"
  10:6>ResolveAssemblyReferences:
             This reference is not "CopyLocal" because at least one source item had "Private" set to "false" and no source items had "Private" set to "true".
   6:6>Done executing task "Microsoft.SourceLink.Bitbucket.Git.GetSourceLinkUrl".
   6:6>Done building target "_InitializeBitbucketGitSourceLinkUrl" in project "DeventSoft.RoadmapSkills.Api.csproj".
  10:6>ResolveAssemblyReferences:
             The ImageRuntimeVersion for this reference is "".
         Primary reference "System.Collections.NonGeneric, Version=8.0.0.0, Culture=neutral, PublicKeyToken=b03f5f7f11d50a3a".
             Resolved file path is "/Users/dacanetdev/.nuget/packages/microsoft.netcore.app.ref/8.0.13/ref/net8.0/System.Collections.NonGeneric.dll".
   6:6>Target "_GenerateSourceLinkFile" in file "/usr/local/share/dotnet/sdk/9.0.200/Sdks/Microsoft.SourceLink.Common/build/Microsoft.SourceLink.Common.targets" from project "/Users/dacanetdev/Dev/AIGenerated/RoadmapSkills/src/DeventSoft.RoadmapSkills.Api/DeventSoft.RoadmapSkills.Api.csproj" (target "GenerateSourceLinkFile" depends on it):
   6:6>Building target "_GenerateSourceLinkFile" completely.
  10:6>ResolveAssemblyReferences:
             Reference found at search path location "{RawFileName}".
             This reference is not "CopyLocal" because at least one source item had "Private" set to "false" and no source items had "Private" set to "true".
   6:6>_GenerateSourceLinkFile:
       No input files were specified.
  10:6>ResolveAssemblyReferences:
             The ImageRuntimeVersion for this reference is "".
   6:6>_GenerateSourceLinkFile:
       Using "Microsoft.SourceLink.Common.GenerateSourceLinkFile" task from assembly "/usr/local/share/dotnet/sdk/9.0.200/Sdks/Microsoft.SourceLink.Common/build/../tools/net/Microsoft.SourceLink.Common.dll".
  10:6>ResolveAssemblyReferences:
         Primary reference "System.Collections.Specialized, Version=8.0.0.0, Culture=neutral, PublicKeyToken=b03f5f7f11d50a3a".
             Resolved file path is "/Users/dacanetdev/.nuget/packages/microsoft.netcore.app.ref/8.0.13/ref/net8.0/System.Collections.Specialized.dll".
   6:6>Task "Microsoft.SourceLink.Common.GenerateSourceLinkFile"
  10:6>ResolveAssemblyReferences:
             Reference found at search path location "{RawFileName}".
   6:6>_GenerateSourceLinkFile:
         Source Link is empty, file 'obj/Debug/net8.0/DeventSoft.RoadmapSkills.Api.sourcelink.json' does not exist.
  10:6>ResolveAssemblyReferences:
             This reference is not "CopyLocal" because at least one source item had "Private" set to "false" and no source items had "Private" set to "true".
   6:6>Done executing task "Microsoft.SourceLink.Common.GenerateSourceLinkFile".
  10:6>ResolveAssemblyReferences:
             The ImageRuntimeVersion for this reference is "".
         Primary reference "System.Collections, Version=8.0.0.0, Culture=neutral, PublicKeyToken=b03f5f7f11d50a3a".
   6:6>Done building target "_GenerateSourceLinkFile" in project "DeventSoft.RoadmapSkills.Api.csproj".
  10:6>ResolveAssemblyReferences:
             Resolved file path is "/Users/dacanetdev/.nuget/packages/microsoft.netcore.app.ref/8.0.13/ref/net8.0/System.Collections.dll".
             Reference found at search path location "{RawFileName}".
   6:6>Target "GenerateSourceLinkFile" in file "/usr/local/share/dotnet/sdk/9.0.200/Sdks/Microsoft.SourceLink.Common/build/Microsoft.SourceLink.Common.targets" from project "/Users/dacanetdev/Dev/AIGenerated/RoadmapSkills/src/DeventSoft.RoadmapSkills.Api/DeventSoft.RoadmapSkills.Api.csproj" (target "CoreCompile" depends on it):
   6:6>Done building target "GenerateSourceLinkFile" in project "DeventSoft.RoadmapSkills.Api.csproj".
  10:6>ResolveAssemblyReferences:
             This reference is not "CopyLocal" because at least one source item had "Private" set to "false" and no source items had "Private" set to "true".
             The ImageRuntimeVersion for this reference is "".
         Primary reference "System.ComponentModel.Annotations, Version=8.0.0.0, Culture=neutral, PublicKeyToken=b03f5f7f11d50a3a".
   6:6>Target "AddGlobalAnalyzerConfigForPackage_MicrosoftCodeAnalysisNetAnalyzers" in file "/usr/local/share/dotnet/sdk/9.0.200/Sdks/Microsoft.NET.Sdk/analyzers/build/Microsoft.CodeAnalysis.NetAnalyzers.targets" from project "/Users/dacanetdev/Dev/AIGenerated/RoadmapSkills/src/DeventSoft.RoadmapSkills.Api/DeventSoft.RoadmapSkills.Api.csproj" (target "CoreCompile" depends on it):
   6:6>Done building target "AddGlobalAnalyzerConfigForPackage_MicrosoftCodeAnalysisNetAnalyzers" in project "DeventSoft.RoadmapSkills.Api.csproj".
  10:6>ResolveAssemblyReferences:
             Resolved file path is "/Users/dacanetdev/.nuget/packages/microsoft.netcore.app.ref/8.0.13/ref/net8.0/System.ComponentModel.Annotations.dll".
   6:6>Target "AddGlobalAnalyzerConfigForPackage_MicrosoftCodeAnalysisNetAnalyzersDesign" skipped, due to false condition; ('$(SkipGlobalAnalyzerConfigForPackage)' != 'true' and ('$(AnalysisLevelDesign)' != '' or '$(AnalysisModeDesign)' != '')) was evaluated as ('' != 'true' and ('' != '' or '' != '')).
  10:6>ResolveAssemblyReferences:
             Reference found at search path location "{RawFileName}".
   6:6>Target "AddGlobalAnalyzerConfigForPackage_MicrosoftCodeAnalysisNetAnalyzersDocumentation" skipped, due to false condition; ('$(SkipGlobalAnalyzerConfigForPackage)' != 'true' and ('$(AnalysisLevelDocumentation)' != '' or '$(AnalysisModeDocumentation)' != '')) was evaluated as ('' != 'true' and ('' != '' or '' != '')).
  10:6>ResolveAssemblyReferences:
             This reference is not "CopyLocal" because at least one source item had "Private" set to "false" and no source items had "Private" set to "true".
   6:6>Target "AddGlobalAnalyzerConfigForPackage_MicrosoftCodeAnalysisNetAnalyzersGlobalization" skipped, due to false condition; ('$(SkipGlobalAnalyzerConfigForPackage)' != 'true' and ('$(AnalysisLevelGlobalization)' != '' or '$(AnalysisModeGlobalization)' != '')) was evaluated as ('' != 'true' and ('' != '' or '' != '')).
  10:6>ResolveAssemblyReferences:
             The ImageRuntimeVersion for this reference is "".
         Primary reference "System.ComponentModel.DataAnnotations, Version=4.0.0.0, Culture=neutral, PublicKeyToken=31bf3856ad364e35".
   6:6>Target "AddGlobalAnalyzerConfigForPackage_MicrosoftCodeAnalysisNetAnalyzersInteroperability" skipped, due to false condition; ('$(SkipGlobalAnalyzerConfigForPackage)' != 'true' and ('$(AnalysisLevelInteroperability)' != '' or '$(AnalysisModeInteroperability)' != '')) was evaluated as ('' != 'true' and ('' != '' or '' != '')).
  10:6>ResolveAssemblyReferences:
             Resolved file path is "/Users/dacanetdev/.nuget/packages/microsoft.netcore.app.ref/8.0.13/ref/net8.0/System.ComponentModel.DataAnnotations.dll".
             Reference found at search path location "{RawFileName}".
             This reference is not "CopyLocal" because at least one source item had "Private" set to "false" and no source items had "Private" set to "true".
   6:6>Target "AddGlobalAnalyzerConfigForPackage_MicrosoftCodeAnalysisNetAnalyzersMaintainability" skipped, due to false condition; ('$(SkipGlobalAnalyzerConfigForPackage)' != 'true' and ('$(AnalysisLevelMaintainability)' != '' or '$(AnalysisModeMaintainability)' != '')) was evaluated as ('' != 'true' and ('' != '' or '' != '')).
  10:6>ResolveAssemblyReferences:
             The ImageRuntimeVersion for this reference is "".
         Primary reference "System.ComponentModel.EventBasedAsync, Version=8.0.0.0, Culture=neutral, PublicKeyToken=b03f5f7f11d50a3a".
             Resolved file path is "/Users/dacanetdev/.nuget/packages/microsoft.netcore.app.ref/8.0.13/ref/net8.0/System.ComponentModel.EventBasedAsync.dll".
   6:6>Target "AddGlobalAnalyzerConfigForPackage_MicrosoftCodeAnalysisNetAnalyzersNaming" skipped, due to false condition; ('$(SkipGlobalAnalyzerConfigForPackage)' != 'true' and ('$(AnalysisLevelNaming)' != '' or '$(AnalysisModeNaming)' != '')) was evaluated as ('' != 'true' and ('' != '' or '' != '')).
  10:6>ResolveAssemblyReferences:
             Reference found at search path location "{RawFileName}".
             This reference is not "CopyLocal" because at least one source item had "Private" set to "false" and no source items had "Private" set to "true".
   6:6>Target "AddGlobalAnalyzerConfigForPackage_MicrosoftCodeAnalysisNetAnalyzersPerformance" skipped, due to false condition; ('$(SkipGlobalAnalyzerConfigForPackage)' != 'true' and ('$(AnalysisLevelPerformance)' != '' or '$(AnalysisModePerformance)' != '')) was evaluated as ('' != 'true' and ('' != '' or '' != '')).
  10:6>ResolveAssemblyReferences:
             The ImageRuntimeVersion for this reference is "".
         Primary reference "System.ComponentModel.Primitives, Version=8.0.0.0, Culture=neutral, PublicKeyToken=b03f5f7f11d50a3a".
   6:6>Target "AddGlobalAnalyzerConfigForPackage_MicrosoftCodeAnalysisNetAnalyzersReliability" skipped, due to false condition; ('$(SkipGlobalAnalyzerConfigForPackage)' != 'true' and ('$(AnalysisLevelReliability)' != '' or '$(AnalysisModeReliability)' != '')) was evaluated as ('' != 'true' and ('' != '' or '' != '')).
  10:6>ResolveAssemblyReferences:
             Resolved file path is "/Users/dacanetdev/.nuget/packages/microsoft.netcore.app.ref/8.0.13/ref/net8.0/System.ComponentModel.Primitives.dll".
   6:6>Target "AddGlobalAnalyzerConfigForPackage_MicrosoftCodeAnalysisNetAnalyzersSecurity" skipped, due to false condition; ('$(SkipGlobalAnalyzerConfigForPackage)' != 'true' and ('$(AnalysisLevelSecurity)' != '' or '$(AnalysisModeSecurity)' != '')) was evaluated as ('' != 'true' and ('' != '' or '' != '')).
  10:6>ResolveAssemblyReferences:
             Reference found at search path location "{RawFileName}".
   6:6>Target "AddGlobalAnalyzerConfigForPackage_MicrosoftCodeAnalysisNetAnalyzersUsage" skipped, due to false condition; ('$(SkipGlobalAnalyzerConfigForPackage)' != 'true' and ('$(AnalysisLevelUsage)' != '' or '$(AnalysisModeUsage)' != '')) was evaluated as ('' != 'true' and ('' != '' or '' != '')).
  10:6>ResolveAssemblyReferences:
             This reference is not "CopyLocal" because at least one source item had "Private" set to "false" and no source items had "Private" set to "true".
             The ImageRuntimeVersion for this reference is "".
   6:6>Target "_CodeAnalysisTreatWarningsAsErrors" skipped, due to false condition; ('$(DesignTimeBuild)' == 'true' OR '$(BuildingProject)' != 'true') was evaluated as ('' == 'true' OR 'true' != 'true').
  10:6>ResolveAssemblyReferences:
         Primary reference "System.ComponentModel.TypeConverter, Version=8.0.0.0, Culture=neutral, PublicKeyToken=b03f5f7f11d50a3a".
             Resolved file path is "/Users/dacanetdev/.nuget/packages/microsoft.netcore.app.ref/8.0.13/ref/net8.0/System.ComponentModel.TypeConverter.dll".
   6:6>Target "CoreCompile" in file "/usr/local/share/dotnet/sdk/9.0.200/Roslyn/Microsoft.CSharp.Core.targets" from project "/Users/dacanetdev/Dev/AIGenerated/RoadmapSkills/src/DeventSoft.RoadmapSkills.Api/DeventSoft.RoadmapSkills.Api.csproj" (target "Compile" depends on it):
   6:6>Skipping target "CoreCompile" because all output files are up-to-date with respect to the input files.
  10:6>ResolveAssemblyReferences:
             Reference found at search path location "{RawFileName}".
             This reference is not "CopyLocal" because at least one source item had "Private" set to "false" and no source items had "Private" set to "true".
             The ImageRuntimeVersion for this reference is "".
         Primary reference "System.ComponentModel, Version=8.0.0.0, Culture=neutral, PublicKeyToken=b03f5f7f11d50a3a".
             Resolved file path is "/Users/dacanetdev/.nuget/packages/microsoft.netcore.app.ref/8.0.13/ref/net8.0/System.ComponentModel.dll".
             Reference found at search path location "{RawFileName}".
             This reference is not "CopyLocal" because at least one source item had "Private" set to "false" and no source items had "Private" set to "true".
             The ImageRuntimeVersion for this reference is "".
         Primary reference "System.Configuration, Version=4.0.0.0, Culture=neutral, PublicKeyToken=b03f5f7f11d50a3a".
             Resolved file path is "/Users/dacanetdev/.nuget/packages/microsoft.netcore.app.ref/8.0.13/ref/net8.0/System.Configuration.dll".
             Reference found at search path location "{RawFileName}".
             This reference is not "CopyLocal" because at least one source item had "Private" set to "false" and no source items had "Private" set to "true".
             The ImageRuntimeVersion for this reference is "".
         Primary reference "System.Console, Version=8.0.0.0, Culture=neutral, PublicKeyToken=b03f5f7f11d50a3a".
             Resolved file path is "/Users/dacanetdev/.nuget/packages/microsoft.netcore.app.ref/8.0.13/ref/net8.0/System.Console.dll".
             Reference found at search path location "{RawFileName}".
             This reference is not "CopyLocal" because at least one source item had "Private" set to "false" and no source items had "Private" set to "true".
             The ImageRuntimeVersion for this reference is "".
   6:6>CoreCompile:
       Input files: 
           Program.cs
           obj/Debug/net8.0/DeventSoft.RoadmapSkills.Api.GlobalUsings.g.cs
           obj/Debug/net8.0/.NETCoreApp,Version=v8.0.AssemblyAttributes.cs
           obj/Debug/net8.0/DeventSoft.RoadmapSkills.Api.AssemblyInfo.cs
           obj/Debug/net8.0/DeventSoft.RoadmapSkills.Api.MvcApplicationPartsAssemblyInfo.cs
           /Users/dacanetdev/.nuget/packages/microsoft.aspnetcore.app.ref/8.0.13/ref/net8.0/Microsoft.AspNetCore.Antiforgery.dll
           /Users/dacanetdev/.nuget/packages/microsoft.aspnetcore.app.ref/8.0.13/ref/net8.0/Microsoft.AspNetCore.Authentication.Abstractions.dll
           /Users/dacanetdev/.nuget/packages/microsoft.aspnetcore.app.ref/8.0.13/ref/net8.0/Microsoft.AspNetCore.Authentication.BearerToken.dll
           /Users/dacanetdev/.nuget/packages/microsoft.aspnetcore.app.ref/8.0.13/ref/net8.0/Microsoft.AspNetCore.Authentication.Cookies.dll
           /Users/dacanetdev/.nuget/packages/microsoft.aspnetcore.app.ref/8.0.13/ref/net8.0/Microsoft.AspNetCore.Authentication.Core.dll
           /Users/dacanetdev/.nuget/packages/microsoft.aspnetcore.app.ref/8.0.13/ref/net8.0/Microsoft.AspNetCore.Authentication.dll
           /Users/dacanetdev/.nuget/packages/microsoft.aspnetcore.app.ref/8.0.13/ref/net8.0/Microsoft.AspNetCore.Authentication.OAuth.dll
           /Users/dacanetdev/.nuget/packages/microsoft.aspnetcore.app.ref/8.0.13/ref/net8.0/Microsoft.AspNetCore.Authorization.dll
           /Users/dacanetdev/.nuget/packages/microsoft.aspnetcore.app.ref/8.0.13/ref/net8.0/Microsoft.AspNetCore.Authorization.Policy.dll
           /Users/dacanetdev/.nuget/packages/microsoft.aspnetcore.app.ref/8.0.13/ref/net8.0/Microsoft.AspNetCore.Components.Authorization.dll
           /Users/dacanetdev/.nuget/packages/microsoft.aspnetcore.app.ref/8.0.13/ref/net8.0/Microsoft.AspNetCore.Components.dll
           /Users/dacanetdev/.nuget/packages/microsoft.aspnetcore.app.ref/8.0.13/ref/net8.0/Microsoft.AspNetCore.Components.Endpoints.dll
           /Users/dacanetdev/.nuget/packages/microsoft.aspnetcore.app.ref/8.0.13/ref/net8.0/Microsoft.AspNetCore.Components.Forms.dll
           /Users/dacanetdev/.nuget/packages/microsoft.aspnetcore.app.ref/8.0.13/ref/net8.0/Microsoft.AspNetCore.Components.Server.dll
           /Users/dacanetdev/.nuget/packages/microsoft.aspnetcore.app.ref/8.0.13/ref/net8.0/Microsoft.AspNetCore.Components.Web.dll
           /Users/dacanetdev/.nuget/packages/microsoft.aspnetcore.app.ref/8.0.13/ref/net8.0/Microsoft.AspNetCore.Connections.Abstractions.dll
           /Users/dacanetdev/.nuget/packages/microsoft.aspnetcore.app.ref/8.0.13/ref/net8.0/Microsoft.AspNetCore.CookiePolicy.dll
           /Users/dacanetdev/.nuget/packages/microsoft.aspnetcore.app.ref/8.0.13/ref/net8.0/Microsoft.AspNetCore.Cors.dll
           /Users/dacanetdev/.nuget/packages/microsoft.aspnetcore.app.ref/8.0.13/ref/net8.0/Microsoft.AspNetCore.Cryptography.Internal.dll
           /Users/dacanetdev/.nuget/packages/microsoft.aspnetcore.app.ref/8.0.13/ref/net8.0/Microsoft.AspNetCore.Cryptography.KeyDerivation.dll
           /Users/dacanetdev/.nuget/packages/microsoft.aspnetcore.app.ref/8.0.13/ref/net8.0/Microsoft.AspNetCore.DataProtection.Abstractions.dll
           /Users/dacanetdev/.nuget/packages/microsoft.aspnetcore.app.ref/8.0.13/ref/net8.0/Microsoft.AspNetCore.DataProtection.dll
           /Users/dacanetdev/.nuget/packages/microsoft.aspnetcore.app.ref/8.0.13/ref/net8.0/Microsoft.AspNetCore.DataProtection.Extensions.dll
           /Users/dacanetdev/.nuget/packages/microsoft.aspnetcore.app.ref/8.0.13/ref/net8.0/Microsoft.AspNetCore.Diagnostics.Abstractions.dll
           /Users/dacanetdev/.nuget/packages/microsoft.aspnetcore.app.ref/8.0.13/ref/net8.0/Microsoft.AspNetCore.Diagnostics.dll
           /Users/dacanetdev/.nuget/packages/microsoft.aspnetcore.app.ref/8.0.13/ref/net8.0/Microsoft.AspNetCore.Diagnostics.HealthChecks.dll
           /Users/dacanetdev/.nuget/packages/microsoft.aspnetcore.app.ref/8.0.13/ref/net8.0/Microsoft.AspNetCore.dll
           /Users/dacanetdev/.nuget/packages/microsoft.aspnetcore.app.ref/8.0.13/ref/net8.0/Microsoft.AspNetCore.HostFiltering.dll
           /Users/dacanetdev/.nuget/packages/microsoft.aspnetcore.app.ref/8.0.13/ref/net8.0/Microsoft.AspNetCore.Hosting.Abstractions.dll
           /Users/dacanetdev/.nuget/packages/microsoft.aspnetcore.app.ref/8.0.13/ref/net8.0/Microsoft.AspNetCore.Hosting.dll
           /Users/dacanetdev/.nuget/packages/microsoft.aspnetcore.app.ref/8.0.13/ref/net8.0/Microsoft.AspNetCore.Hosting.Server.Abstractions.dll
           /Users/dacanetdev/.nuget/packages/microsoft.aspnetcore.app.ref/8.0.13/ref/net8.0/Microsoft.AspNetCore.Html.Abstractions.dll
           /Users/dacanetdev/.nuget/packages/microsoft.aspnetcore.app.ref/8.0.13/ref/net8.0/Microsoft.AspNetCore.Http.Abstractions.dll
           /Users/dacanetdev/.nuget/packages/microsoft.aspnetcore.app.ref/8.0.13/ref/net8.0/Microsoft.AspNetCore.Http.Connections.Common.dll
           /Users/dacanetdev/.nuget/packages/microsoft.aspnetcore.app.ref/8.0.13/ref/net8.0/Microsoft.AspNetCore.Http.Connections.dll
           /Users/dacanetdev/.nuget/packages/microsoft.aspnetcore.app.ref/8.0.13/ref/net8.0/Microsoft.AspNetCore.Http.dll
           /Users/dacanetdev/.nuget/packages/microsoft.aspnetcore.app.ref/8.0.13/ref/net8.0/Microsoft.AspNetCore.Http.Extensions.dll
           /Users/dacanetdev/.nuget/packages/microsoft.aspnetcore.app.ref/8.0.13/ref/net8.0/Microsoft.AspNetCore.Http.Features.dll
           /Users/dacanetdev/.nuget/packages/microsoft.aspnetcore.app.ref/8.0.13/ref/net8.0/Microsoft.AspNetCore.Http.Results.dll
           /Users/dacanetdev/.nuget/packages/microsoft.aspnetcore.app.ref/8.0.13/ref/net8.0/Microsoft.AspNetCore.HttpLogging.dll
           /Users/dacanetdev/.nuget/packages/microsoft.aspnetcore.app.ref/8.0.13/ref/net8.0/Microsoft.AspNetCore.HttpOverrides.dll
           /Users/dacanetdev/.nuget/packages/microsoft.aspnetcore.app.ref/8.0.13/ref/net8.0/Microsoft.AspNetCore.HttpsPolicy.dll
           /Users/dacanetdev/.nuget/packages/microsoft.aspnetcore.app.ref/8.0.13/ref/net8.0/Microsoft.AspNetCore.Identity.dll
           /Users/dacanetdev/.nuget/packages/microsoft.aspnetcore.app.ref/8.0.13/ref/net8.0/Microsoft.AspNetCore.Localization.dll
           /Users/dacanetdev/.nuget/packages/microsoft.aspnetcore.app.ref/8.0.13/ref/net8.0/Microsoft.AspNetCore.Localization.Routing.dll
           /Users/dacanetdev/.nuget/packages/microsoft.aspnetcore.app.ref/8.0.13/ref/net8.0/Microsoft.AspNetCore.Metadata.dll
           /Users/dacanetdev/.nuget/packages/microsoft.aspnetcore.app.ref/8.0.13/ref/net8.0/Microsoft.AspNetCore.Mvc.Abstractions.dll
           /Users/dacanetdev/.nuget/packages/microsoft.aspnetcore.app.ref/8.0.13/ref/net8.0/Microsoft.AspNetCore.Mvc.ApiExplorer.dll
           /Users/dacanetdev/.nuget/packages/microsoft.aspnetcore.app.ref/8.0.13/ref/net8.0/Microsoft.AspNetCore.Mvc.Core.dll
           /Users/dacanetdev/.nuget/packages/microsoft.aspnetcore.app.ref/8.0.13/ref/net8.0/Microsoft.AspNetCore.Mvc.Cors.dll
           /Users/dacanetdev/.nuget/packages/microsoft.aspnetcore.app.ref/8.0.13/ref/net8.0/Microsoft.AspNetCore.Mvc.DataAnnotations.dll
           /Users/dacanetdev/.nuget/packages/microsoft.aspnetcore.app.ref/8.0.13/ref/net8.0/Microsoft.AspNetCore.Mvc.dll
           /Users/dacanetdev/.nuget/packages/microsoft.aspnetcore.app.ref/8.0.13/ref/net8.0/Microsoft.AspNetCore.Mvc.Formatters.Json.dll
           /Users/dacanetdev/.nuget/packages/microsoft.aspnetcore.app.ref/8.0.13/ref/net8.0/Microsoft.AspNetCore.Mvc.Formatters.Xml.dll
           /Users/dacanetdev/.nuget/packages/microsoft.aspnetcore.app.ref/8.0.13/ref/net8.0/Microsoft.AspNetCore.Mvc.Localization.dll
           /Users/dacanetdev/.nuget/packages/microsoft.aspnetcore.app.ref/8.0.13/ref/net8.0/Microsoft.AspNetCore.Mvc.Razor.dll
           /Users/dacanetdev/.nuget/packages/microsoft.aspnetcore.app.ref/8.0.13/ref/net8.0/Microsoft.AspNetCore.Mvc.RazorPages.dll
           /Users/dacanetdev/.nuget/packages/microsoft.aspnetcore.app.ref/8.0.13/ref/net8.0/Microsoft.AspNetCore.Mvc.TagHelpers.dll
           /Users/dacanetdev/.nuget/packages/microsoft.aspnetcore.app.ref/8.0.13/ref/net8.0/Microsoft.AspNetCore.Mvc.ViewFeatures.dll
           /Users/dacanetdev/.nuget/packages/microsoft.aspnetcore.openapi/8.0.8/lib/net8.0/Microsoft.AspNetCore.OpenApi.dll
           /Users/dacanetdev/.nuget/packages/microsoft.aspnetcore.app.ref/8.0.13/ref/net8.0/Microsoft.AspNetCore.OutputCaching.dll
           /Users/dacanetdev/.nuget/packages/microsoft.aspnetcore.app.ref/8.0.13/ref/net8.0/Microsoft.AspNetCore.RateLimiting.dll
           /Users/dacanetdev/.nuget/packages/microsoft.aspnetcore.app.ref/8.0.13/ref/net8.0/Microsoft.AspNetCore.Razor.dll
           /Users/dacanetdev/.nuget/packages/microsoft.aspnetcore.app.ref/8.0.13/ref/net8.0/Microsoft.AspNetCore.Razor.Runtime.dll
           /Users/dacanetdev/.nuget/packages/microsoft.aspnetcore.app.ref/8.0.13/ref/net8.0/Microsoft.AspNetCore.RequestDecompression.dll
           /Users/dacanetdev/.nuget/packages/microsoft.aspnetcore.app.ref/8.0.13/ref/net8.0/Microsoft.AspNetCore.ResponseCaching.Abstractions.dll
           /Users/dacanetdev/.nuget/packages/microsoft.aspnetcore.app.ref/8.0.13/ref/net8.0/Microsoft.AspNetCore.ResponseCaching.dll
           /Users/dacanetdev/.nuget/packages/microsoft.aspnetcore.app.ref/8.0.13/ref/net8.0/Microsoft.AspNetCore.ResponseCompression.dll
           /Users/dacanetdev/.nuget/packages/microsoft.aspnetcore.app.ref/8.0.13/ref/net8.0/Microsoft.AspNetCore.Rewrite.dll
           /Users/dacanetdev/.nuget/packages/microsoft.aspnetcore.app.ref/8.0.13/ref/net8.0/Microsoft.AspNetCore.Routing.Abstractions.dll
           /Users/dacanetdev/.nuget/packages/microsoft.aspnetcore.app.ref/8.0.13/ref/net8.0/Microsoft.AspNetCore.Routing.dll
           /Users/dacanetdev/.nuget/packages/microsoft.aspnetcore.app.ref/8.0.13/ref/net8.0/Microsoft.AspNetCore.Server.HttpSys.dll
           /Users/dacanetdev/.nuget/packages/microsoft.aspnetcore.app.ref/8.0.13/ref/net8.0/Microsoft.AspNetCore.Server.IIS.dll
           /Users/dacanetdev/.nuget/packages/microsoft.aspnetcore.app.ref/8.0.13/ref/net8.0/Microsoft.AspNetCore.Server.IISIntegration.dll
           /Users/dacanetdev/.nuget/packages/microsoft.aspnetcore.app.ref/8.0.13/ref/net8.0/Microsoft.AspNetCore.Server.Kestrel.Core.dll
           /Users/dacanetdev/.nuget/packages/microsoft.aspnetcore.app.ref/8.0.13/ref/net8.0/Microsoft.AspNetCore.Server.Kestrel.dll
           /Users/dacanetdev/.nuget/packages/microsoft.aspnetcore.app.ref/8.0.13/ref/net8.0/Microsoft.AspNetCore.Server.Kestrel.Transport.NamedPipes.dll
           /Users/dacanetdev/.nuget/packages/microsoft.aspnetcore.app.ref/8.0.13/ref/net8.0/Microsoft.AspNetCore.Server.Kestrel.Transport.Quic.dll
           /Users/dacanetdev/.nuget/packages/microsoft.aspnetcore.app.ref/8.0.13/ref/net8.0/Microsoft.AspNetCore.Server.Kestrel.Transport.Sockets.dll
           /Users/dacanetdev/.nuget/packages/microsoft.aspnetcore.app.ref/8.0.13/ref/net8.0/Microsoft.AspNetCore.Session.dll
           /Users/dacanetdev/.nuget/packages/microsoft.aspnetcore.app.ref/8.0.13/ref/net8.0/Microsoft.AspNetCore.SignalR.Common.dll
           /Users/dacanetdev/.nuget/packages/microsoft.aspnetcore.app.ref/8.0.13/ref/net8.0/Microsoft.AspNetCore.SignalR.Core.dll
           /Users/dacanetdev/.nuget/packages/microsoft.aspnetcore.app.ref/8.0.13/ref/net8.0/Microsoft.AspNetCore.SignalR.dll
           /Users/dacanetdev/.nuget/packages/microsoft.aspnetcore.app.ref/8.0.13/ref/net8.0/Microsoft.AspNetCore.SignalR.Protocols.Json.dll
           /Users/dacanetdev/.nuget/packages/microsoft.aspnetcore.app.ref/8.0.13/ref/net8.0/Microsoft.AspNetCore.StaticFiles.dll
           /Users/dacanetdev/.nuget/packages/microsoft.aspnetcore.app.ref/8.0.13/ref/net8.0/Microsoft.AspNetCore.WebSockets.dll
           /Users/dacanetdev/.nuget/packages/microsoft.aspnetcore.app.ref/8.0.13/ref/net8.0/Microsoft.AspNetCore.WebUtilities.dll
           /Users/dacanetdev/.nuget/packages/microsoft.netcore.app.ref/8.0.13/ref/net8.0/Microsoft.CSharp.dll
           /Users/dacanetdev/.nuget/packages/microsoft.aspnetcore.app.ref/8.0.13/ref/net8.0/Microsoft.Extensions.Caching.Abstractions.dll
           /Users/dacanetdev/.nuget/packages/microsoft.aspnetcore.app.ref/8.0.13/ref/net8.0/Microsoft.Extensions.Caching.Memory.dll
           /Users/dacanetdev/.nuget/packages/microsoft.aspnetcore.app.ref/8.0.13/ref/net8.0/Microsoft.Extensions.Configuration.Abstractions.dll
           /Users/dacanetdev/.nuget/packages/microsoft.aspnetcore.app.ref/8.0.13/ref/net8.0/Microsoft.Extensions.Configuration.Binder.dll
           /Users/dacanetdev/.nuget/packages/microsoft.aspnetcore.app.ref/8.0.13/ref/net8.0/Microsoft.Extensions.Configuration.CommandLine.dll
           /Users/dacanetdev/.nuget/packages/microsoft.aspnetcore.app.ref/8.0.13/ref/net8.0/Microsoft.Extensions.Configuration.dll
           /Users/dacanetdev/.nuget/packages/microsoft.aspnetcore.app.ref/8.0.13/ref/net8.0/Microsoft.Extensions.Configuration.EnvironmentVariables.dll
           /Users/dacanetdev/.nuget/packages/microsoft.aspnetcore.app.ref/8.0.13/ref/net8.0/Microsoft.Extensions.Configuration.FileExtensions.dll
           /Users/dacanetdev/.nuget/packages/microsoft.aspnetcore.app.ref/8.0.13/ref/net8.0/Microsoft.Extensions.Configuration.Ini.dll
           /Users/dacanetdev/.nuget/packages/microsoft.aspnetcore.app.ref/8.0.13/ref/net8.0/Microsoft.Extensions.Configuration.Json.dll
           /Users/dacanetdev/.nuget/packages/microsoft.aspnetcore.app.ref/8.0.13/ref/net8.0/Microsoft.Extensions.Configuration.KeyPerFile.dll
           /Users/dacanetdev/.nuget/packages/microsoft.aspnetcore.app.ref/8.0.13/ref/net8.0/Microsoft.Extensions.Configuration.UserSecrets.dll
           /Users/dacanetdev/.nuget/packages/microsoft.aspnetcore.app.ref/8.0.13/ref/net8.0/Microsoft.Extensions.Configuration.Xml.dll
           /Users/dacanetdev/.nuget/packages/microsoft.aspnetcore.app.ref/8.0.13/ref/net8.0/Microsoft.Extensions.DependencyInjection.Abstractions.dll
           /Users/dacanetdev/.nuget/packages/microsoft.aspnetcore.app.ref/8.0.13/ref/net8.0/Microsoft.Extensions.DependencyInjection.dll
           /Users/dacanetdev/.nuget/packages/microsoft.aspnetcore.app.ref/8.0.13/ref/net8.0/Microsoft.Extensions.Diagnostics.Abstractions.dll
           /Users/dacanetdev/.nuget/packages/microsoft.aspnetcore.app.ref/8.0.13/ref/net8.0/Microsoft.Extensions.Diagnostics.dll
           /Users/dacanetdev/.nuget/packages/microsoft.aspnetcore.app.ref/8.0.13/ref/net8.0/Microsoft.Extensions.Diagnostics.HealthChecks.Abstractions.dll
           /Users/dacanetdev/.nuget/packages/microsoft.aspnetcore.app.ref/8.0.13/ref/net8.0/Microsoft.Extensions.Diagnostics.HealthChecks.dll
           /Users/dacanetdev/.nuget/packages/microsoft.aspnetcore.app.ref/8.0.13/ref/net8.0/Microsoft.Extensions.Features.dll
           /Users/dacanetdev/.nuget/packages/microsoft.aspnetcore.app.ref/8.0.13/ref/net8.0/Microsoft.Extensions.FileProviders.Abstractions.dll
           /Users/dacanetdev/.nuget/packages/microsoft.aspnetcore.app.ref/8.0.13/ref/net8.0/Microsoft.Extensions.FileProviders.Composite.dll
           /Users/dacanetdev/.nuget/packages/microsoft.aspnetcore.app.ref/8.0.13/ref/net8.0/Microsoft.Extensions.FileProviders.Embedded.dll
           /Users/dacanetdev/.nuget/packages/microsoft.aspnetcore.app.ref/8.0.13/ref/net8.0/Microsoft.Extensions.FileProviders.Physical.dll
           /Users/dacanetdev/.nuget/packages/microsoft.aspnetcore.app.ref/8.0.13/ref/net8.0/Microsoft.Extensions.FileSystemGlobbing.dll
           /Users/dacanetdev/.nuget/packages/microsoft.aspnetcore.app.ref/8.0.13/ref/net8.0/Microsoft.Extensions.Hosting.Abstractions.dll
           /Users/dacanetdev/.nuget/packages/microsoft.aspnetcore.app.ref/8.0.13/ref/net8.0/Microsoft.Extensions.Hosting.dll
           /Users/dacanetdev/.nuget/packages/microsoft.aspnetcore.app.ref/8.0.13/ref/net8.0/Microsoft.Extensions.Http.dll
           /Users/dacanetdev/.nuget/packages/microsoft.aspnetcore.app.ref/8.0.13/ref/net8.0/Microsoft.Extensions.Identity.Core.dll
           /Users/dacanetdev/.nuget/packages/microsoft.aspnetcore.app.ref/8.0.13/ref/net8.0/Microsoft.Extensions.Identity.Stores.dll
           /Users/dacanetdev/.nuget/packages/microsoft.aspnetcore.app.ref/8.0.13/ref/net8.0/Microsoft.Extensions.Localization.Abstractions.dll
           /Users/dacanetdev/.nuget/packages/microsoft.aspnetcore.app.ref/8.0.13/ref/net8.0/Microsoft.Extensions.Localization.dll
           /Users/dacanetdev/.nuget/packages/microsoft.aspnetcore.app.ref/8.0.13/ref/net8.0/Microsoft.Extensions.Logging.Abstractions.dll
           /Users/dacanetdev/.nuget/packages/microsoft.aspnetcore.app.ref/8.0.13/ref/net8.0/Microsoft.Extensions.Logging.Configuration.dll
           /Users/dacanetdev/.nuget/packages/microsoft.aspnetcore.app.ref/8.0.13/ref/net8.0/Microsoft.Extensions.Logging.Console.dll
           /Users/dacanetdev/.nuget/packages/microsoft.aspnetcore.app.ref/8.0.13/ref/net8.0/Microsoft.Extensions.Logging.Debug.dll
           /Users/dacanetdev/.nuget/packages/microsoft.aspnetcore.app.ref/8.0.13/ref/net8.0/Microsoft.Extensions.Logging.dll
           /Users/dacanetdev/.nuget/packages/microsoft.aspnetcore.app.ref/8.0.13/ref/net8.0/Microsoft.Extensions.Logging.EventLog.dll
           /Users/dacanetdev/.nuget/packages/microsoft.aspnetcore.app.ref/8.0.13/ref/net8.0/Microsoft.Extensions.Logging.EventSource.dll
           /Users/dacanetdev/.nuget/packages/microsoft.aspnetcore.app.ref/8.0.13/ref/net8.0/Microsoft.Extensions.Logging.TraceSource.dll
           /Users/dacanetdev/.nuget/packages/microsoft.aspnetcore.app.ref/8.0.13/ref/net8.0/Microsoft.Extensions.ObjectPool.dll
           /Users/dacanetdev/.nuget/packages/microsoft.aspnetcore.app.ref/8.0.13/ref/net8.0/Microsoft.Extensions.Options.ConfigurationExtensions.dll
           /Users/dacanetdev/.nuget/packages/microsoft.aspnetcore.app.ref/8.0.13/ref/net8.0/Microsoft.Extensions.Options.DataAnnotations.dll
           /Users/dacanetdev/.nuget/packages/microsoft.aspnetcore.app.ref/8.0.13/ref/net8.0/Microsoft.Extensions.Options.dll
           /Users/dacanetdev/.nuget/packages/microsoft.aspnetcore.app.ref/8.0.13/ref/net8.0/Microsoft.Extensions.Primitives.dll
           /Users/dacanetdev/.nuget/packages/microsoft.aspnetcore.app.ref/8.0.13/ref/net8.0/Microsoft.Extensions.WebEncoders.dll
           /Users/dacanetdev/.nuget/packages/microsoft.aspnetcore.app.ref/8.0.13/ref/net8.0/Microsoft.JSInterop.dll
           /Users/dacanetdev/.nuget/packages/microsoft.aspnetcore.app.ref/8.0.13/ref/net8.0/Microsoft.Net.Http.Headers.dll
           /Users/dacanetdev/.nuget/packages/microsoft.openapi/1.4.3/lib/netstandard2.0/Microsoft.OpenApi.dll
           /Users/dacanetdev/.nuget/packages/microsoft.netcore.app.ref/8.0.13/ref/net8.0/Microsoft.VisualBasic.Core.dll
           /Users/dacanetdev/.nuget/packages/microsoft.netcore.app.ref/8.0.13/ref/net8.0/Microsoft.VisualBasic.dll
           /Users/dacanetdev/.nuget/packages/microsoft.netcore.app.ref/8.0.13/ref/net8.0/Microsoft.Win32.Primitives.dll
           /Users/dacanetdev/.nuget/packages/microsoft.netcore.app.ref/8.0.13/ref/net8.0/Microsoft.Win32.Registry.dll
           /Users/dacanetdev/.nuget/packages/microsoft.netcore.app.ref/8.0.13/ref/net8.0/mscorlib.dll
           /Users/dacanetdev/.nuget/packages/microsoft.netcore.app.ref/8.0.13/ref/net8.0/netstandard.dll
           /Users/dacanetdev/.nuget/packages/swashbuckle.aspnetcore.swagger/6.4.0/lib/net6.0/Swashbuckle.AspNetCore.Swagger.dll
           /Users/dacanetdev/.nuget/packages/swashbuckle.aspnetcore.swaggergen/6.4.0/lib/net6.0/Swashbuckle.AspNetCore.SwaggerGen.dll
           /Users/dacanetdev/.nuget/packages/swashbuckle.aspnetcore.swaggerui/6.4.0/lib/net6.0/Swashbuckle.AspNetCore.SwaggerUI.dll
           /Users/dacanetdev/.nuget/packages/microsoft.netcore.app.ref/8.0.13/ref/net8.0/System.AppContext.dll
           /Users/dacanetdev/.nuget/packages/microsoft.netcore.app.ref/8.0.13/ref/net8.0/System.Buffers.dll
           /Users/dacanetdev/.nuget/packages/microsoft.netcore.app.ref/8.0.13/ref/net8.0/System.Collections.Concurrent.dll
           /Users/dacanetdev/.nuget/packages/microsoft.netcore.app.ref/8.0.13/ref/net8.0/System.Collections.dll
           /Users/dacanetdev/.nuget/packages/microsoft.netcore.app.ref/8.0.13/ref/net8.0/System.Collections.Immutable.dll
           /Users/dacanetdev/.nuget/packages/microsoft.netcore.app.ref/8.0.13/ref/net8.0/System.Collections.NonGeneric.dll
           /Users/dacanetdev/.nuget/packages/microsoft.netcore.app.ref/8.0.13/ref/net8.0/System.Collections.Specialized.dll
           /Users/dacanetdev/.nuget/packages/microsoft.netcore.app.ref/8.0.13/ref/net8.0/System.ComponentModel.Annotations.dll
           /Users/dacanetdev/.nuget/packages/microsoft.netcore.app.ref/8.0.13/ref/net8.0/System.ComponentModel.DataAnnotations.dll
           /Users/dacanetdev/.nuget/packages/microsoft.netcore.app.ref/8.0.13/ref/net8.0/System.ComponentModel.dll
           /Users/dacanetdev/.nuget/packages/microsoft.netcore.app.ref/8.0.13/ref/net8.0/System.ComponentModel.EventBasedAsync.dll
           /Users/dacanetdev/.nuget/packages/microsoft.netcore.app.ref/8.0.13/ref/net8.0/System.ComponentModel.Primitives.dll
           /Users/dacanetdev/.nuget/packages/microsoft.netcore.app.ref/8.0.13/ref/net8.0/System.ComponentModel.TypeConverter.dll
           /Users/dacanetdev/.nuget/packages/microsoft.netcore.app.ref/8.0.13/ref/net8.0/System.Configuration.dll
           /Users/dacanetdev/.nuget/packages/microsoft.netcore.app.ref/8.0.13/ref/net8.0/System.Console.dll
           /Users/dacanetdev/.nuget/packages/microsoft.netcore.app.ref/8.0.13/ref/net8.0/System.Core.dll
           /Users/dacanetdev/.nuget/packages/microsoft.netcore.app.ref/8.0.13/ref/net8.0/System.Data.Common.dll
           /Users/dacanetdev/.nuget/packages/microsoft.netcore.app.ref/8.0.13/ref/net8.0/System.Data.DataSetExtensions.dll
           /Users/dacanetdev/.nuget/packages/microsoft.netcore.app.ref/8.0.13/ref/net8.0/System.Data.dll
           /Users/dacanetdev/.nuget/packages/microsoft.netcore.app.ref/8.0.13/ref/net8.0/System.Diagnostics.Contracts.dll
           /Users/dacanetdev/.nuget/packages/microsoft.netcore.app.ref/8.0.13/ref/net8.0/System.Diagnostics.Debug.dll
           /Users/dacanetdev/.nuget/packages/microsoft.netcore.app.ref/8.0.13/ref/net8.0/System.Diagnostics.DiagnosticSource.dll
           /Users/dacanetdev/.nuget/packages/microsoft.aspnetcore.app.ref/8.0.13/ref/net8.0/System.Diagnostics.EventLog.dll
           /Users/dacanetdev/.nuget/packages/microsoft.netcore.app.ref/8.0.13/ref/net8.0/System.Diagnostics.FileVersionInfo.dll
           /Users/dacanetdev/.nuget/packages/microsoft.netcore.app.ref/8.0.13/ref/net8.0/System.Diagnostics.Process.dll
           /Users/dacanetdev/.nuget/packages/microsoft.netcore.app.ref/8.0.13/ref/net8.0/System.Diagnostics.StackTrace.dll
           /Users/dacanetdev/.nuget/packages/microsoft.netcore.app.ref/8.0.13/ref/net8.0/System.Diagnostics.TextWriterTraceListener.dll
           /Users/dacanetdev/.nuget/packages/microsoft.netcore.app.ref/8.0.13/ref/net8.0/System.Diagnostics.Tools.dll
           /Users/dacanetdev/.nuget/packages/microsoft.netcore.app.ref/8.0.13/ref/net8.0/System.Diagnostics.TraceSource.dll
           /Users/dacanetdev/.nuget/packages/microsoft.netcore.app.ref/8.0.13/ref/net8.0/System.Diagnostics.Tracing.dll
           /Users/dacanetdev/.nuget/packages/microsoft.netcore.app.ref/8.0.13/ref/net8.0/System.dll
           /Users/dacanetdev/.nuget/packages/microsoft.netcore.app.ref/8.0.13/ref/net8.0/System.Drawing.dll
           /Users/dacanetdev/.nuget/packages/microsoft.netcore.app.ref/8.0.13/ref/net8.0/System.Drawing.Primitives.dll
           /Users/dacanetdev/.nuget/packages/microsoft.netcore.app.ref/8.0.13/ref/net8.0/System.Dynamic.Runtime.dll
           /Users/dacanetdev/.nuget/packages/microsoft.netcore.app.ref/8.0.13/ref/net8.0/System.Formats.Asn1.dll
           /Users/dacanetdev/.nuget/packages/microsoft.netcore.app.ref/8.0.13/ref/net8.0/System.Formats.Tar.dll
           /Users/dacanetdev/.nuget/packages/microsoft.netcore.app.ref/8.0.13/ref/net8.0/System.Globalization.Calendars.dll
           /Users/dacanetdev/.nuget/packages/microsoft.netcore.app.ref/8.0.13/ref/net8.0/System.Globalization.dll
           /Users/dacanetdev/.nuget/packages/microsoft.netcore.app.ref/8.0.13/ref/net8.0/System.Globalization.Extensions.dll
           /Users/dacanetdev/.nuget/packages/microsoft.netcore.app.ref/8.0.13/ref/net8.0/System.IO.Compression.Brotli.dll
           /Users/dacanetdev/.nuget/packages/microsoft.netcore.app.ref/8.0.13/ref/net8.0/System.IO.Compression.dll
           /Users/dacanetdev/.nuget/packages/microsoft.netcore.app.ref/8.0.13/ref/net8.0/System.IO.Compression.FileSystem.dll
           /Users/dacanetdev/.nuget/packages/microsoft.netcore.app.ref/8.0.13/ref/net8.0/System.IO.Compression.ZipFile.dll
           /Users/dacanetdev/.nuget/packages/microsoft.netcore.app.ref/8.0.13/ref/net8.0/System.IO.dll
           /Users/dacanetdev/.nuget/packages/microsoft.netcore.app.ref/8.0.13/ref/net8.0/System.IO.FileSystem.AccessControl.dll
           /Users/dacanetdev/.nuget/packages/microsoft.netcore.app.ref/8.0.13/ref/net8.0/System.IO.FileSystem.dll
           /Users/dacanetdev/.nuget/packages/microsoft.netcore.app.ref/8.0.13/ref/net8.0/System.IO.FileSystem.DriveInfo.dll
           /Users/dacanetdev/.nuget/packages/microsoft.netcore.app.ref/8.0.13/ref/net8.0/System.IO.FileSystem.Primitives.dll
           /Users/dacanetdev/.nuget/packages/microsoft.netcore.app.ref/8.0.13/ref/net8.0/System.IO.FileSystem.Watcher.dll
           /Users/dacanetdev/.nuget/packages/microsoft.netcore.app.ref/8.0.13/ref/net8.0/System.IO.IsolatedStorage.dll
           /Users/dacanetdev/.nuget/packages/microsoft.netcore.app.ref/8.0.13/ref/net8.0/System.IO.MemoryMappedFiles.dll
           /Users/dacanetdev/.nuget/packages/microsoft.aspnetcore.app.ref/8.0.13/ref/net8.0/System.IO.Pipelines.dll
           /Users/dacanetdev/.nuget/packages/microsoft.netcore.app.ref/8.0.13/ref/net8.0/System.IO.Pipes.AccessControl.dll
           /Users/dacanetdev/.nuget/packages/microsoft.netcore.app.ref/8.0.13/ref/net8.0/System.IO.Pipes.dll
           /Users/dacanetdev/.nuget/packages/microsoft.netcore.app.ref/8.0.13/ref/net8.0/System.IO.UnmanagedMemoryStream.dll
           /Users/dacanetdev/.nuget/packages/microsoft.netcore.app.ref/8.0.13/ref/net8.0/System.Linq.dll
           /Users/dacanetdev/.nuget/packages/microsoft.netcore.app.ref/8.0.13/ref/net8.0/System.Linq.Expressions.dll
           /Users/dacanetdev/.nuget/packages/microsoft.netcore.app.ref/8.0.13/ref/net8.0/System.Linq.Parallel.dll
           /Users/dacanetdev/.nuget/packages/microsoft.netcore.app.ref/8.0.13/ref/net8.0/System.Linq.Queryable.dll
           /Users/dacanetdev/.nuget/packages/microsoft.netcore.app.ref/8.0.13/ref/net8.0/System.Memory.dll
           /Users/dacanetdev/.nuget/packages/microsoft.netcore.app.ref/8.0.13/ref/net8.0/System.Net.dll
           /Users/dacanetdev/.nuget/packages/microsoft.netcore.app.ref/8.0.13/ref/net8.0/System.Net.Http.dll
           /Users/dacanetdev/.nuget/packages/microsoft.netcore.app.ref/8.0.13/ref/net8.0/System.Net.Http.Json.dll
           /Users/dacanetdev/.nuget/packages/microsoft.netcore.app.ref/8.0.13/ref/net8.0/System.Net.HttpListener.dll
           /Users/dacanetdev/.nuget/packages/microsoft.netcore.app.ref/8.0.13/ref/net8.0/System.Net.Mail.dll
           /Users/dacanetdev/.nuget/packages/microsoft.netcore.app.ref/8.0.13/ref/net8.0/System.Net.NameResolution.dll
           /Users/dacanetdev/.nuget/packages/microsoft.netcore.app.ref/8.0.13/ref/net8.0/System.Net.NetworkInformation.dll
           /Users/dacanetdev/.nuget/packages/microsoft.netcore.app.ref/8.0.13/ref/net8.0/System.Net.Ping.dll
           /Users/dacanetdev/.nuget/packages/microsoft.netcore.app.ref/8.0.13/ref/net8.0/System.Net.Primitives.dll
           /Users/dacanetdev/.nuget/packages/microsoft.netcore.app.ref/8.0.13/ref/net8.0/System.Net.Quic.dll
           /Users/dacanetdev/.nuget/packages/microsoft.netcore.app.ref/8.0.13/ref/net8.0/System.Net.Requests.dll
           /Users/dacanetdev/.nuget/packages/microsoft.netcore.app.ref/8.0.13/ref/net8.0/System.Net.Security.dll
           /Users/dacanetdev/.nuget/packages/microsoft.netcore.app.ref/8.0.13/ref/net8.0/System.Net.ServicePoint.dll
           /Users/dacanetdev/.nuget/packages/microsoft.netcore.app.ref/8.0.13/ref/net8.0/System.Net.Sockets.dll
           /Users/dacanetdev/.nuget/packages/microsoft.netcore.app.ref/8.0.13/ref/net8.0/System.Net.WebClient.dll
           /Users/dacanetdev/.nuget/packages/microsoft.netcore.app.ref/8.0.13/ref/net8.0/System.Net.WebHeaderCollection.dll
           /Users/dacanetdev/.nuget/packages/microsoft.netcore.app.ref/8.0.13/ref/net8.0/System.Net.WebProxy.dll
           /Users/dacanetdev/.nuget/packages/microsoft.netcore.app.ref/8.0.13/ref/net8.0/System.Net.WebSockets.Client.dll
           /Users/dacanetdev/.nuget/packages/microsoft.netcore.app.ref/8.0.13/ref/net8.0/System.Net.WebSockets.dll
           /Users/dacanetdev/.nuget/packages/microsoft.netcore.app.ref/8.0.13/ref/net8.0/System.Numerics.dll
           /Users/dacanetdev/.nuget/packages/microsoft.netcore.app.ref/8.0.13/ref/net8.0/System.Numerics.Vectors.dll
           /Users/dacanetdev/.nuget/packages/microsoft.netcore.app.ref/8.0.13/ref/net8.0/System.ObjectModel.dll
           /Users/dacanetdev/.nuget/packages/microsoft.netcore.app.ref/8.0.13/ref/net8.0/System.Reflection.DispatchProxy.dll
           /Users/dacanetdev/.nuget/packages/microsoft.netcore.app.ref/8.0.13/ref/net8.0/System.Reflection.dll
           /Users/dacanetdev/.nuget/packages/microsoft.netcore.app.ref/8.0.13/ref/net8.0/System.Reflection.Emit.dll
           /Users/dacanetdev/.nuget/packages/microsoft.netcore.app.ref/8.0.13/ref/net8.0/System.Reflection.Emit.ILGeneration.dll
           /Users/dacanetdev/.nuget/packages/microsoft.netcore.app.ref/8.0.13/ref/net8.0/System.Reflection.Emit.Lightweight.dll
           /Users/dacanetdev/.nuget/packages/microsoft.netcore.app.ref/8.0.13/ref/net8.0/System.Reflection.Extensions.dll
           /Users/dacanetdev/.nuget/packages/microsoft.netcore.app.ref/8.0.13/ref/net8.0/System.Reflection.Metadata.dll
           /Users/dacanetdev/.nuget/packages/microsoft.netcore.app.ref/8.0.13/ref/net8.0/System.Reflection.Primitives.dll
           /Users/dacanetdev/.nuget/packages/microsoft.netcore.app.ref/8.0.13/ref/net8.0/System.Reflection.TypeExtensions.dll
           /Users/dacanetdev/.nuget/packages/microsoft.netcore.app.ref/8.0.13/ref/net8.0/System.Resources.Reader.dll
           /Users/dacanetdev/.nuget/packages/microsoft.netcore.app.ref/8.0.13/ref/net8.0/System.Resources.ResourceManager.dll
           /Users/dacanetdev/.nuget/packages/microsoft.netcore.app.ref/8.0.13/ref/net8.0/System.Resources.Writer.dll
           /Users/dacanetdev/.nuget/packages/microsoft.netcore.app.ref/8.0.13/ref/net8.0/System.Runtime.CompilerServices.Unsafe.dll
           /Users/dacanetdev/.nuget/packages/microsoft.netcore.app.ref/8.0.13/ref/net8.0/System.Runtime.CompilerServices.VisualC.dll
           /Users/dacanetdev/.nuget/packages/microsoft.netcore.app.ref/8.0.13/ref/net8.0/System.Runtime.dll
           /Users/dacanetdev/.nuget/packages/microsoft.netcore.app.ref/8.0.13/ref/net8.0/System.Runtime.Extensions.dll
           /Users/dacanetdev/.nuget/packages/microsoft.netcore.app.ref/8.0.13/ref/net8.0/System.Runtime.Handles.dll
           /Users/dacanetdev/.nuget/packages/microsoft.netcore.app.ref/8.0.13/ref/net8.0/System.Runtime.InteropServices.dll
           /Users/dacanetdev/.nuget/packages/microsoft.netcore.app.ref/8.0.13/ref/net8.0/System.Runtime.InteropServices.JavaScript.dll
           /Users/dacanetdev/.nuget/packages/microsoft.netcore.app.ref/8.0.13/ref/net8.0/System.Runtime.InteropServices.RuntimeInformation.dll
           /Users/dacanetdev/.nuget/packages/microsoft.netcore.app.ref/8.0.13/ref/net8.0/System.Runtime.Intrinsics.dll
           /Users/dacanetdev/.nuget/packages/microsoft.netcore.app.ref/8.0.13/ref/net8.0/System.Runtime.Loader.dll
           /Users/dacanetdev/.nuget/packages/microsoft.netcore.app.ref/8.0.13/ref/net8.0/System.Runtime.Numerics.dll
           /Users/dacanetdev/.nuget/packages/microsoft.netcore.app.ref/8.0.13/ref/net8.0/System.Runtime.Serialization.dll
           /Users/dacanetdev/.nuget/packages/microsoft.netcore.app.ref/8.0.13/ref/net8.0/System.Runtime.Serialization.Formatters.dll
           /Users/dacanetdev/.nuget/packages/microsoft.netcore.app.ref/8.0.13/ref/net8.0/System.Runtime.Serialization.Json.dll
           /Users/dacanetdev/.nuget/packages/microsoft.netcore.app.ref/8.0.13/ref/net8.0/System.Runtime.Serialization.Primitives.dll
           /Users/dacanetdev/.nuget/packages/microsoft.netcore.app.ref/8.0.13/ref/net8.0/System.Runtime.Serialization.Xml.dll
           /Users/dacanetdev/.nuget/packages/microsoft.netcore.app.ref/8.0.13/ref/net8.0/System.Security.AccessControl.dll
           /Users/dacanetdev/.nuget/packages/microsoft.netcore.app.ref/8.0.13/ref/net8.0/System.Security.Claims.dll
           /Users/dacanetdev/.nuget/packages/microsoft.netcore.app.ref/8.0.13/ref/net8.0/System.Security.Cryptography.Algorithms.dll
           /Users/dacanetdev/.nuget/packages/microsoft.netcore.app.ref/8.0.13/ref/net8.0/System.Security.Cryptography.Cng.dll
           /Users/dacanetdev/.nuget/packages/microsoft.netcore.app.ref/8.0.13/ref/net8.0/System.Security.Cryptography.Csp.dll
           /Users/dacanetdev/.nuget/packages/microsoft.netcore.app.ref/8.0.13/ref/net8.0/System.Security.Cryptography.dll
           /Users/dacanetdev/.nuget/packages/microsoft.netcore.app.ref/8.0.13/ref/net8.0/System.Security.Cryptography.Encoding.dll
           /Users/dacanetdev/.nuget/packages/microsoft.netcore.app.ref/8.0.13/ref/net8.0/System.Security.Cryptography.OpenSsl.dll
           /Users/dacanetdev/.nuget/packages/microsoft.netcore.app.ref/8.0.13/ref/net8.0/System.Security.Cryptography.Primitives.dll
           /Users/dacanetdev/.nuget/packages/microsoft.netcore.app.ref/8.0.13/ref/net8.0/System.Security.Cryptography.X509Certificates.dll
           /Users/dacanetdev/.nuget/packages/microsoft.aspnetcore.app.ref/8.0.13/ref/net8.0/System.Security.Cryptography.Xml.dll
           /Users/dacanetdev/.nuget/packages/microsoft.netcore.app.ref/8.0.13/ref/net8.0/System.Security.dll
           /Users/dacanetdev/.nuget/packages/microsoft.netcore.app.ref/8.0.13/ref/net8.0/System.Security.Principal.dll
           /Users/dacanetdev/.nuget/packages/microsoft.netcore.app.ref/8.0.13/ref/net8.0/System.Security.Principal.Windows.dll
           /Users/dacanetdev/.nuget/packages/microsoft.netcore.app.ref/8.0.13/ref/net8.0/System.Security.SecureString.dll
           /Users/dacanetdev/.nuget/packages/microsoft.netcore.app.ref/8.0.13/ref/net8.0/System.ServiceModel.Web.dll
           /Users/dacanetdev/.nuget/packages/microsoft.netcore.app.ref/8.0.13/ref/net8.0/System.ServiceProcess.dll
           /Users/dacanetdev/.nuget/packages/microsoft.netcore.app.ref/8.0.13/ref/net8.0/System.Text.Encoding.CodePages.dll
           /Users/dacanetdev/.nuget/packages/microsoft.netcore.app.ref/8.0.13/ref/net8.0/System.Text.Encoding.dll
           /Users/dacanetdev/.nuget/packages/microsoft.netcore.app.ref/8.0.13/ref/net8.0/System.Text.Encoding.Extensions.dll
           /Users/dacanetdev/.nuget/packages/microsoft.netcore.app.ref/8.0.13/ref/net8.0/System.Text.Encodings.Web.dll
           /Users/dacanetdev/.nuget/packages/microsoft.netcore.app.ref/8.0.13/ref/net8.0/System.Text.Json.dll
           /Users/dacanetdev/.nuget/packages/microsoft.netcore.app.ref/8.0.13/ref/net8.0/System.Text.RegularExpressions.dll
           /Users/dacanetdev/.nuget/packages/microsoft.netcore.app.ref/8.0.13/ref/net8.0/System.Threading.Channels.dll
           /Users/dacanetdev/.nuget/packages/microsoft.netcore.app.ref/8.0.13/ref/net8.0/System.Threading.dll
           /Users/dacanetdev/.nuget/packages/microsoft.netcore.app.ref/8.0.13/ref/net8.0/System.Threading.Overlapped.dll
           /Users/dacanetdev/.nuget/packages/microsoft.aspnetcore.app.ref/8.0.13/ref/net8.0/System.Threading.RateLimiting.dll
           /Users/dacanetdev/.nuget/packages/microsoft.netcore.app.ref/8.0.13/ref/net8.0/System.Threading.Tasks.Dataflow.dll
           /Users/dacanetdev/.nuget/packages/microsoft.netcore.app.ref/8.0.13/ref/net8.0/System.Threading.Tasks.dll
           /Users/dacanetdev/.nuget/packages/microsoft.netcore.app.ref/8.0.13/ref/net8.0/System.Threading.Tasks.Extensions.dll
           /Users/dacanetdev/.nuget/packages/microsoft.netcore.app.ref/8.0.13/ref/net8.0/System.Threading.Tasks.Parallel.dll
           /Users/dacanetdev/.nuget/packages/microsoft.netcore.app.ref/8.0.13/ref/net8.0/System.Threading.Thread.dll
           /Users/dacanetdev/.nuget/packages/microsoft.netcore.app.ref/8.0.13/ref/net8.0/System.Threading.ThreadPool.dll
           /Users/dacanetdev/.nuget/packages/microsoft.netcore.app.ref/8.0.13/ref/net8.0/System.Threading.Timer.dll
           /Users/dacanetdev/.nuget/packages/microsoft.netcore.app.ref/8.0.13/ref/net8.0/System.Transactions.dll
           /Users/dacanetdev/.nuget/packages/microsoft.netcore.app.ref/8.0.13/ref/net8.0/System.Transactions.Local.dll
           /Users/dacanetdev/.nuget/packages/microsoft.netcore.app.ref/8.0.13/ref/net8.0/System.ValueTuple.dll
           /Users/dacanetdev/.nuget/packages/microsoft.netcore.app.ref/8.0.13/ref/net8.0/System.Web.dll
           /Users/dacanetdev/.nuget/packages/microsoft.netcore.app.ref/8.0.13/ref/net8.0/System.Web.HttpUtility.dll
           /Users/dacanetdev/.nuget/packages/microsoft.netcore.app.ref/8.0.13/ref/net8.0/System.Windows.dll
           /Users/dacanetdev/.nuget/packages/microsoft.netcore.app.ref/8.0.13/ref/net8.0/System.Xml.dll
           /Users/dacanetdev/.nuget/packages/microsoft.netcore.app.ref/8.0.13/ref/net8.0/System.Xml.Linq.dll
           /Users/dacanetdev/.nuget/packages/microsoft.netcore.app.ref/8.0.13/ref/net8.0/System.Xml.ReaderWriter.dll
           /Users/dacanetdev/.nuget/packages/microsoft.netcore.app.ref/8.0.13/ref/net8.0/System.Xml.Serialization.dll
           /Users/dacanetdev/.nuget/packages/microsoft.netcore.app.ref/8.0.13/ref/net8.0/System.Xml.XDocument.dll
           /Users/dacanetdev/.nuget/packages/microsoft.netcore.app.ref/8.0.13/ref/net8.0/System.Xml.XmlDocument.dll
           /Users/dacanetdev/.nuget/packages/microsoft.netcore.app.ref/8.0.13/ref/net8.0/System.Xml.XmlSerializer.dll
           /Users/dacanetdev/.nuget/packages/microsoft.netcore.app.ref/8.0.13/ref/net8.0/System.Xml.XPath.dll
           /Users/dacanetdev/.nuget/packages/microsoft.netcore.app.ref/8.0.13/ref/net8.0/System.Xml.XPath.XDocument.dll
           /Users/dacanetdev/.nuget/packages/microsoft.netcore.app.ref/8.0.13/ref/net8.0/WindowsBase.dll
           obj/Debug/net8.0/DeventSoft.RoadmapSkills.Api.csproj.CoreCompileInputs.cache
           /usr/local/share/dotnet/sdk/9.0.200/Sdks/Microsoft.NET.Sdk.Web/analyzers/cs/Microsoft.AspNetCore.Analyzers.dll
           /usr/local/share/dotnet/sdk/9.0.200/Sdks/Microsoft.NET.Sdk.Web/analyzers/cs/Microsoft.AspNetCore.Mvc.Analyzers.dll
           /usr/local/share/dotnet/sdk/9.0.200/Sdks/Microsoft.NET.Sdk/targets/../analyzers/Microsoft.CodeAnalysis.CSharp.NetAnalyzers.dll
           /usr/local/share/dotnet/sdk/9.0.200/Sdks/Microsoft.NET.Sdk/targets/../analyzers/Microsoft.CodeAnalysis.NetAnalyzers.dll
           /Users/dacanetdev/.nuget/packages/microsoft.netcore.app.ref/8.0.13/analyzers/dotnet/cs/Microsoft.Interop.ComInterfaceGenerator.dll
           /Users/dacanetdev/.nuget/packages/microsoft.netcore.app.ref/8.0.13/analyzers/dotnet/cs/Microsoft.Interop.JavaScript.JSImportGenerator.dll
           /Users/dacanetdev/.nuget/packages/microsoft.netcore.app.ref/8.0.13/analyzers/dotnet/cs/Microsoft.Interop.LibraryImportGenerator.dll
           /Users/dacanetdev/.nuget/packages/microsoft.netcore.app.ref/8.0.13/analyzers/dotnet/cs/Microsoft.Interop.SourceGeneration.dll
           /Users/dacanetdev/.nuget/packages/microsoft.netcore.app.ref/8.0.13/analyzers/dotnet/cs/System.Text.Json.SourceGeneration.dll
           /Users/dacanetdev/.nuget/packages/microsoft.netcore.app.ref/8.0.13/analyzers/dotnet/cs/System.Text.RegularExpressions.Generator.dll
           /Users/dacanetdev/.nuget/packages/microsoft.aspnetcore.app.ref/8.0.13/analyzers/dotnet/cs/Microsoft.AspNetCore.App.Analyzers.dll
           /Users/dacanetdev/.nuget/packages/microsoft.aspnetcore.app.ref/8.0.13/analyzers/dotnet/cs/Microsoft.AspNetCore.App.CodeFixes.dll
           /Users/dacanetdev/.nuget/packages/microsoft.aspnetcore.app.ref/8.0.13/analyzers/dotnet/cs/Microsoft.AspNetCore.Components.Analyzers.dll
           /Users/dacanetdev/.nuget/packages/microsoft.aspnetcore.app.ref/8.0.13/analyzers/dotnet/roslyn4.4/cs/Microsoft.Extensions.Logging.Generators.dll
           /Users/dacanetdev/.nuget/packages/microsoft.aspnetcore.app.ref/8.0.13/analyzers/dotnet/roslyn4.4/cs/Microsoft.Extensions.Options.SourceGeneration.dll
           /usr/local/share/dotnet/sdk/9.0.200/Sdks/Microsoft.NET.Sdk.Razor/targets/../source-generators/Microsoft.AspNetCore.Razor.Utilities.Shared.dll
           /usr/local/share/dotnet/sdk/9.0.200/Sdks/Microsoft.NET.Sdk.Razor/targets/../source-generators/Microsoft.CodeAnalysis.Razor.Compiler.dll
           /usr/local/share/dotnet/sdk/9.0.200/Sdks/Microsoft.NET.Sdk.Razor/targets/../source-generators/Microsoft.Extensions.ObjectPool.dll
           /usr/local/share/dotnet/sdk/9.0.200/Sdks/Microsoft.NET.Sdk.Razor/targets/../source-generators/System.Collections.Immutable.dll
           obj/Debug/net8.0/DeventSoft.RoadmapSkills.Api.GeneratedMSBuildEditorConfig.editorconfig
           /usr/local/share/dotnet/sdk/9.0.200/Sdks/Microsoft.NET.Sdk/analyzers/build/config/analysislevel_8_default.globalconfig
           /Users/dacanetdev/Dev/AIGenerated/RoadmapSkills/src/DeventSoft.RoadmapSkills.Api/obj/DeventSoft.RoadmapSkills.Api.csproj.nuget.g.targets
           /usr/local/share/dotnet/sdk/9.0.200/Current/Microsoft.Common.targets/ImportAfter/Microsoft.TestPlatform.ImportAfter.targets
  10:6>ResolveAssemblyReferences:
         Primary reference "System.Core, Version=4.0.0.0, Culture=neutral, PublicKeyToken=b77a5c561934e089".
   6:6>CoreCompile:
       Output files: 
           obj/Debug/net8.0/DeventSoft.RoadmapSkills.Api.dll
           obj/Debug/net8.0/refint/DeventSoft.RoadmapSkills.Api.dll
           obj/Debug/net8.0/DeventSoft.RoadmapSkills.Api.pdb
  10:6>ResolveAssemblyReferences:
             Resolved file path is "/Users/dacanetdev/.nuget/packages/microsoft.netcore.app.ref/8.0.13/ref/net8.0/System.Core.dll".
   6:6>Done building target "CoreCompile" in project "DeventSoft.RoadmapSkills.Api.csproj".
  10:6>ResolveAssemblyReferences:
             Reference found at search path location "{RawFileName}".
             This reference is not "CopyLocal" because at least one source item had "Private" set to "false" and no source items had "Private" set to "true".
   6:6>Target "_TouchLastBuildWithSkipAnalyzers" skipped, due to false condition; ('$(_SkipAnalyzers)' == 'true') was evaluated as ('' == 'true').
  10:6>ResolveAssemblyReferences:
             The ImageRuntimeVersion for this reference is "".
   6:6>Target "_TimeStampAfterCompile" skipped, due to false condition; ('$(RunPostBuildEvent)'=='OnOutputUpdated' or ('$(RegisterForComInterop)'=='true' and '$(OutputType)'=='library')) was evaluated as (''=='OnOutputUpdated' or (''=='true' and 'Exe'=='library')).
  10:6>ResolveAssemblyReferences:
         Primary reference "System.Data.Common, Version=8.0.0.0, Culture=neutral, PublicKeyToken=b03f5f7f11d50a3a".
             Resolved file path is "/Users/dacanetdev/.nuget/packages/microsoft.netcore.app.ref/8.0.13/ref/net8.0/System.Data.Common.dll".
   6:6>Target "AfterCompile" in file "/usr/local/share/dotnet/sdk/9.0.200/Microsoft.Common.CurrentVersion.targets" from project "/Users/dacanetdev/Dev/AIGenerated/RoadmapSkills/src/DeventSoft.RoadmapSkills.Api/DeventSoft.RoadmapSkills.Api.csproj" (target "Compile" depends on it):
   6:6>Done building target "AfterCompile" in project "DeventSoft.RoadmapSkills.Api.csproj".
  10:6>ResolveAssemblyReferences:
             Reference found at search path location "{RawFileName}".
             This reference is not "CopyLocal" because at least one source item had "Private" set to "false" and no source items had "Private" set to "true".
   6:6>Target "_GetAppHostPaths" skipped. Previously built successfully.
  10:6>ResolveAssemblyReferences:
             The ImageRuntimeVersion for this reference is "".
   6:6>Target "_GetAppHostCreationConfiguration" skipped. Previously built successfully.
  10:6>ResolveAssemblyReferences:
         Primary reference "System.Data.DataSetExtensions, Version=8.0.0.0, Culture=neutral, PublicKeyToken=b77a5c561934e089".
   6:6>Target "CoreCompile" skipped. Previously built successfully.
  10:6>ResolveAssemblyReferences:
             Resolved file path is "/Users/dacanetdev/.nuget/packages/microsoft.netcore.app.ref/8.0.13/ref/net8.0/System.Data.DataSetExtensions.dll".
             Reference found at search path location "{RawFileName}".
   6:6>Target "_CreateAppHost" in file "/usr/local/share/dotnet/sdk/9.0.200/Sdks/Microsoft.NET.Sdk/targets/Microsoft.NET.Sdk.targets" from project "/Users/dacanetdev/Dev/AIGenerated/RoadmapSkills/src/DeventSoft.RoadmapSkills.Api/DeventSoft.RoadmapSkills.Api.csproj" (target "Compile" depends on it):
   6:6>Skipping target "_CreateAppHost" because all output files are up-to-date with respect to the input files.
  10:6>ResolveAssemblyReferences:
             This reference is not "CopyLocal" because at least one source item had "Private" set to "false" and no source items had "Private" set to "true".
   6:6>_CreateAppHost:
       Input files: 
           obj/Debug/net8.0/DeventSoft.RoadmapSkills.Api.dll
           /Users/dacanetdev/.nuget/packages/microsoft.netcore.app.host.osx-x64/8.0.13/runtimes/osx-x64/native/apphost
  10:6>ResolveAssemblyReferences:
             The ImageRuntimeVersion for this reference is "".
     0>Property reassignment: $(GenerateNuspecDependsOn)="
      IncludeStaticWebAssetsPackItems;
      Build;_LoadPackInputItems; _GetTargetFrameworksOutput; _WalkEachTargetPerFramework; _GetPackageFiles; ;
    " (previous value: "Build;_LoadPackInputItems; _GetTargetFrameworksOutput; _WalkEachTargetPerFramework; _GetPackageFiles; ") at /usr/local/share/dotnet/sdk/9.0.200/Sdks/Microsoft.NET.Sdk.StaticWebAssets/targets/Microsoft.NET.Sdk.StaticWebAssets.Pack.targets (46,5)
   6:6>_CreateAppHost:
       Output files: /Users/dacanetdev/Dev/AIGenerated/RoadmapSkills/src/DeventSoft.RoadmapSkills.Api/obj/Debug/net8.0/apphost
  10:6>ResolveAssemblyReferences:
         Primary reference "System.Data, Version=4.0.0.0, Culture=neutral, PublicKeyToken=b77a5c561934e089".
   6:6>Done building target "_CreateAppHost" in project "DeventSoft.RoadmapSkills.Api.csproj".
  10:6>ResolveAssemblyReferences:
             Resolved file path is "/Users/dacanetdev/.nuget/packages/microsoft.netcore.app.ref/8.0.13/ref/net8.0/System.Data.dll".
   6:6>Target "_CreateComHost" skipped, due to false condition; ('$(ComputeNETCoreBuildOutputFiles)' == 'true' and
                     '$(ComHostIntermediatePath)' != '' and
                     Exists('@(IntermediateAssembly)') and
                     Exists('$(ComHostSourcePath)')) was evaluated as ('true' == 'true' and
                     '' != '' and
                     Exists('obj/Debug/net8.0/DeventSoft.RoadmapSkills.Api.dll') and
                     Exists('/Users/dacanetdev/.nuget/packages/microsoft.netcore.app.host.osx-x64/8.0.13/runtimes/osx-x64/native/comhost.dll')).
     0>Property reassignment: $(IncludeStaticWebAssetsPackItemsDependsOn)="
      Build;
      ResolveStaticWebAssetsConfiguration;LoadStaticWebAssetsBuildManifest
    ;
    " (previous value: "
      ResolveStaticWebAssetsConfiguration;LoadStaticWebAssetsBuildManifest
    ") at /usr/local/share/dotnet/sdk/9.0.200/Sdks/Microsoft.NET.Sdk.StaticWebAssets/targets/Microsoft.NET.Sdk.StaticWebAssets.Pack.targets (55,5)
   6:6>Target "_GetIjwHostPaths" skipped, due to false condition; ('$(UseIJWHost)' == 'true') was evaluated as ('' == 'true').
  10:6>ResolveAssemblyReferences:
             Reference found at search path location "{RawFileName}".
   6:6>Target "Compile" in file "/usr/local/share/dotnet/sdk/9.0.200/Microsoft.Common.CurrentVersion.targets" from project "/Users/dacanetdev/Dev/AIGenerated/RoadmapSkills/src/DeventSoft.RoadmapSkills.Api/DeventSoft.RoadmapSkills.Api.csproj" (target "CoreBuild" depends on it):
   6:6>Done building target "Compile" in project "DeventSoft.RoadmapSkills.Api.csproj".
  10:6>ResolveAssemblyReferences:
             This reference is not "CopyLocal" because at least one source item had "Private" set to "false" and no source items had "Private" set to "true".
   6:6>Target "ExportWindowsMDFile" skipped, due to false condition; ('$(ExportWinMDFile)' == 'true') was evaluated as ('' == 'true').
  10:6>ResolveAssemblyReferences:
             The ImageRuntimeVersion for this reference is "".
   6:6>Target "UnmanagedUnregistration" skipped, due to false condition; ((('$(_AssemblyTimestampBeforeCompile)' != '$(_AssemblyTimestampAfterCompile)' or '$(RegisterForComInterop)' != 'true' or '$(OutputType)' != 'library') or
                    ('$(_AssemblyTimestampBeforeCompile)' == '')) and
                   Exists('@(_UnmanagedRegistrationCache)')) was evaluated as ((('' != '' or '' != 'true' or 'Exe' != 'library') or
                    ('' == '')) and
                   Exists('/Users/dacanetdev/Dev/AIGenerated/RoadmapSkills/src/DeventSoft.RoadmapSkills.Api/obj/DeventSoft.RoadmapSkills.Api.csproj.UnmanagedRegistration.cache')).
  10:6>ResolveAssemblyReferences:
         Primary reference "System.Diagnostics.Contracts, Version=8.0.0.0, Culture=neutral, PublicKeyToken=b03f5f7f11d50a3a".
   6:6>Target "GenerateSerializationAssemblies" skipped, due to false condition; ('$(_SGenGenerateSerializationAssembliesConfig)' == 'On' or ('@(WebReferenceUrl)'!='' and '$(_SGenGenerateSerializationAssembliesConfig)' == 'Auto')) was evaluated as ('Off' == 'On' or (''!='' and 'Off' == 'Auto')).
  10:6>ResolveAssemblyReferences:
             Resolved file path is "/Users/dacanetdev/.nuget/packages/microsoft.netcore.app.ref/8.0.13/ref/net8.0/System.Diagnostics.Contracts.dll".
   6:6>Target "_GenerateSatelliteAssemblyInputs" in file "/usr/local/share/dotnet/sdk/9.0.200/Microsoft.Common.CurrentVersion.targets" from project "/Users/dacanetdev/Dev/AIGenerated/RoadmapSkills/src/DeventSoft.RoadmapSkills.Api/DeventSoft.RoadmapSkills.Api.csproj" (target "CreateSatelliteAssemblies" depends on it):
   6:6>Task "MSBuildInternalMessage" skipped, due to false condition; ('@(ManifestResourceWithCulture)'!='' and '%(ManifestResourceWithCulture.EmittedForCompatibilityOnly)'=='') was evaluated as (''!='' and ''=='').
       Task "MSBuildInternalMessage" skipped, due to false condition; ('@(ManifestNonResxWithCultureOnDisk)'!='' and '%(ManifestNonResxWithCultureOnDisk.EmittedForCompatibilityOnly)'=='') was evaluated as (''!='' and ''=='').
  10:6>ResolveAssemblyReferences:
             Reference found at search path location "{RawFileName}".
   6:6>Done building target "_GenerateSatelliteAssemblyInputs" in project "DeventSoft.RoadmapSkills.Api.csproj".
       Target "ComputeIntermediateSatelliteAssemblies" skipped, due to false condition; (@(EmbeddedResource->'%(WithCulture)') != '') was evaluated as ( != '').
  10:6>ResolveAssemblyReferences:
             This reference is not "CopyLocal" because at least one source item had "Private" set to "false" and no source items had "Private" set to "true".
   6:6>Target "GenerateSatelliteAssemblies" skipped, due to false condition; ('@(_SatelliteAssemblyResourceInputs)' != '' and '$(GenerateSatelliteAssembliesForCore)' != 'true') was evaluated as ('' != '' and 'true' != 'true').
  10:6>ResolveAssemblyReferences:
             The ImageRuntimeVersion for this reference is "".
   6:6>Target "CoreGenerateSatelliteAssemblies" skipped, due to false condition; ('@(_SatelliteAssemblyResourceInputs)' != ''  and '$(GenerateSatelliteAssembliesForCore)' == 'true' ) was evaluated as ('' != ''  and 'true' == 'true' ).
  10:6>ResolveAssemblyReferences:
         Primary reference "System.Diagnostics.Debug, Version=8.0.0.0, Culture=neutral, PublicKeyToken=b03f5f7f11d50a3a".
             Resolved file path is "/Users/dacanetdev/.nuget/packages/microsoft.netcore.app.ref/8.0.13/ref/net8.0/System.Diagnostics.Debug.dll".
   6:6>Target "CreateSatelliteAssemblies" in file "/usr/local/share/dotnet/sdk/9.0.200/Microsoft.Common.CurrentVersion.targets" from project "/Users/dacanetdev/Dev/AIGenerated/RoadmapSkills/src/DeventSoft.RoadmapSkills.Api/DeventSoft.RoadmapSkills.Api.csproj" (target "CoreBuild" depends on it):
   6:6>Done building target "CreateSatelliteAssemblies" in project "DeventSoft.RoadmapSkills.Api.csproj".
  10:6>ResolveAssemblyReferences:
             Reference found at search path location "{RawFileName}".
   6:6>Target "GenerateManifests" skipped, due to false condition; ('$(GenerateClickOnceManifests)'=='true' or '@(NativeReference)'!='' or '@(ResolvedIsolatedComModules)'!='' or '$(GenerateAppxManifest)' == 'true') was evaluated as (''=='true' or ''!='' or ''!='' or '' == 'true').
  10:6>ResolveAssemblyReferences:
             This reference is not "CopyLocal" because at least one source item had "Private" set to "false" and no source items had "Private" set to "true".
             The ImageRuntimeVersion for this reference is "".
         Primary reference "System.Diagnostics.DiagnosticSource, Version=8.0.0.0, Culture=neutral, PublicKeyToken=cc7b13ffcd2ddd51".
   6:6>Target "GetTargetPathWithTargetPlatformMoniker" in file "/usr/local/share/dotnet/sdk/9.0.200/Microsoft.Common.CurrentVersion.targets" from project "/Users/dacanetdev/Dev/AIGenerated/RoadmapSkills/src/DeventSoft.RoadmapSkills.Api/DeventSoft.RoadmapSkills.Api.csproj" (target "GetTargetPath" depends on it):
   6:6>Done building target "GetTargetPathWithTargetPlatformMoniker" in project "DeventSoft.RoadmapSkills.Api.csproj".
  10:6>ResolveAssemblyReferences:
             Resolved file path is "/Users/dacanetdev/.nuget/packages/microsoft.netcore.app.ref/8.0.13/ref/net8.0/System.Diagnostics.DiagnosticSource.dll".
             Reference found at search path location "{RawFileName}".
   6:6>Target "GetTargetPath" in file "/usr/local/share/dotnet/sdk/9.0.200/Microsoft.Common.CurrentVersion.targets" from project "/Users/dacanetdev/Dev/AIGenerated/RoadmapSkills/src/DeventSoft.RoadmapSkills.Api/DeventSoft.RoadmapSkills.Api.csproj" (target "CoreBuild" depends on it):
   6:6>Done building target "GetTargetPath" in project "DeventSoft.RoadmapSkills.Api.csproj".
  10:6>ResolveAssemblyReferences:
             This reference is not "CopyLocal" because at least one source item had "Private" set to "false" and no source items had "Private" set to "true".
             The ImageRuntimeVersion for this reference is "".
   6:6>Target "RazorCompile" in file "/usr/local/share/dotnet/sdk/9.0.200/Sdks/Microsoft.NET.Sdk.Razor/targets/Sdk.Razor.CurrentVersion.targets" from project "/Users/dacanetdev/Dev/AIGenerated/RoadmapSkills/src/DeventSoft.RoadmapSkills.Api/DeventSoft.RoadmapSkills.Api.csproj" (target "_RazorPrepareForRun" depends on it):
   6:6>Done building target "RazorCompile" in project "DeventSoft.RoadmapSkills.Api.csproj".
  10:6>ResolveAssemblyReferences:
         Primary reference "System.Diagnostics.FileVersionInfo, Version=8.0.0.0, Culture=neutral, PublicKeyToken=b03f5f7f11d50a3a".
   6:6>Target "_RazorPrepareForRun" in file "/usr/local/share/dotnet/sdk/9.0.200/Sdks/Microsoft.NET.Sdk.Razor/targets/Sdk.Razor.CurrentVersion.targets" from project "/Users/dacanetdev/Dev/AIGenerated/RoadmapSkills/src/DeventSoft.RoadmapSkills.Api/DeventSoft.RoadmapSkills.Api.csproj" (target "PrepareForRun" depends on it):
   6:6>Done building target "_RazorPrepareForRun" in project "DeventSoft.RoadmapSkills.Api.csproj".
       Target "UpdateExistingPackageStaticWebAssets" skipped. Previously built successfully.
  10:6>ResolveAssemblyReferences:
             Resolved file path is "/Users/dacanetdev/.nuget/packages/microsoft.netcore.app.ref/8.0.13/ref/net8.0/System.Diagnostics.FileVersionInfo.dll".
   6:6>Target "ResolveProjectStaticWebAssets" skipped. Previously built successfully.
  10:6>ResolveAssemblyReferences:
             Reference found at search path location "{RawFileName}".
             This reference is not "CopyLocal" because at least one source item had "Private" set to "false" and no source items had "Private" set to "true".
   6:6>Target "ResolveStaticWebAssetsCrossTargetingConfiguration" skipped, due to false condition; ('$(TargetFrameworks)' != '' And '@(StaticWebAssetsEmbeddedConfiguration)' != '') was evaluated as ('' != '' And '' != '').
  10:6>ResolveAssemblyReferences:
             The ImageRuntimeVersion for this reference is "".
         Primary reference "System.Diagnostics.Process, Version=8.0.0.0, Culture=neutral, PublicKeyToken=b03f5f7f11d50a3a".
   6:6>Target "ResolveEmbeddedProjectsStaticWebAssets" in file "/usr/local/share/dotnet/sdk/9.0.200/Sdks/Microsoft.NET.Sdk.StaticWebAssets/targets/Microsoft.NET.Sdk.StaticWebAssets.EmbeddedAssets.targets" from project "/Users/dacanetdev/Dev/AIGenerated/RoadmapSkills/src/DeventSoft.RoadmapSkills.Api/DeventSoft.RoadmapSkills.Api.csproj" (target "ResolveCoreStaticWebAssets" depends on it):
   6:6>Task "MSBuild" skipped, due to false condition; ('@(_StaticWebAssetsEmbeddedProjectAssetConfigurations)' != '' and %(_StaticWebAssetsEmbeddedProjectAssetConfigurations.TargetFramework) != '$(TargetFramework)') was evaluated as ('' != '' and  != 'net8.0').
  10:6>ResolveAssemblyReferences:
             Resolved file path is "/Users/dacanetdev/.nuget/packages/microsoft.netcore.app.ref/8.0.13/ref/net8.0/System.Diagnostics.Process.dll".
   6:6>Done building target "ResolveEmbeddedProjectsStaticWebAssets" in project "DeventSoft.RoadmapSkills.Api.csproj".
  10:6>ResolveAssemblyReferences:
             Reference found at search path location "{RawFileName}".
   6:6>Target "ResolveStaticWebAssetsConfiguration" skipped. Previously built successfully.
  10:6>ResolveAssemblyReferences:
             This reference is not "CopyLocal" because at least one source item had "Private" set to "false" and no source items had "Private" set to "true".
   6:6>Target "PrepareProjectReferences" skipped. Previously built successfully.
  10:6>ResolveAssemblyReferences:
             The ImageRuntimeVersion for this reference is "".
         Primary reference "System.Diagnostics.StackTrace, Version=8.0.0.0, Culture=neutral, PublicKeyToken=b03f5f7f11d50a3a".
             Resolved file path is "/Users/dacanetdev/.nuget/packages/microsoft.netcore.app.ref/8.0.13/ref/net8.0/System.Diagnostics.StackTrace.dll".
   6:6>Target "ResolveReferencedProjectsStaticWebAssetsConfiguration" in file "/usr/local/share/dotnet/sdk/9.0.200/Sdks/Microsoft.NET.Sdk.StaticWebAssets/targets/Microsoft.NET.Sdk.StaticWebAssets.References.targets" from project "/Users/dacanetdev/Dev/AIGenerated/RoadmapSkills/src/DeventSoft.RoadmapSkills.Api/DeventSoft.RoadmapSkills.Api.csproj" (target "ResolveReferencedProjectsStaticWebAssets" depends on it):
   6:6>Task "MSBuild" skipped, due to false condition; ('@(_StaticWebAssetProjectReference)' != '') was evaluated as ('' != '').
  10:6>ResolveAssemblyReferences:
             Reference found at search path location "{RawFileName}".
   6:6>ResolveReferencedProjectsStaticWebAssetsConfiguration:
       Task "WriteLinesToFile" skipped, due to false condition; ('$(BuildingInsideVisualStudio)' == 'true') was evaluated as ('' == 'true').
  10:6>ResolveAssemblyReferences:
             This reference is not "CopyLocal" because at least one source item had "Private" set to "false" and no source items had "Private" set to "true".
   6:6>ResolveReferencedProjectsStaticWebAssetsConfiguration:
       Using "MergeConfigurationProperties" task from assembly "/usr/local/share/dotnet/sdk/9.0.200/Sdks/Microsoft.NET.Sdk.StaticWebAssets/targets/../tasks/net9.0/Microsoft.NET.Sdk.StaticWebAssets.Tasks.dll".
  10:6>ResolveAssemblyReferences:
             The ImageRuntimeVersion for this reference is "".
   6:6>Task "MergeConfigurationProperties"
  10:6>ResolveAssemblyReferences:
         Primary reference "System.Diagnostics.TextWriterTraceListener, Version=8.0.0.0, Culture=neutral, PublicKeyToken=b03f5f7f11d50a3a".
   6:6>Done executing task "MergeConfigurationProperties".
  10:6>ResolveAssemblyReferences:
             Resolved file path is "/Users/dacanetdev/.nuget/packages/microsoft.netcore.app.ref/8.0.13/ref/net8.0/System.Diagnostics.TextWriterTraceListener.dll".
   6:6>Done building target "ResolveReferencedProjectsStaticWebAssetsConfiguration" in project "DeventSoft.RoadmapSkills.Api.csproj".
  10:6>ResolveAssemblyReferences:
             Reference found at search path location "{RawFileName}".
   6:6>Target "ResolveReferencedProjectsStaticWebAssets" in file "/usr/local/share/dotnet/sdk/9.0.200/Sdks/Microsoft.NET.Sdk.StaticWebAssets/targets/Microsoft.NET.Sdk.StaticWebAssets.References.targets" from project "/Users/dacanetdev/Dev/AIGenerated/RoadmapSkills/src/DeventSoft.RoadmapSkills.Api/DeventSoft.RoadmapSkills.Api.csproj" (target "ResolveCoreStaticWebAssets" depends on it):
   6:6>Task "MSBuild" skipped, due to false condition; ('@(StaticWebAssetProjectConfiguration)' != '') was evaluated as ('' != '').
  10:6>ResolveAssemblyReferences:
             This reference is not "CopyLocal" because at least one source item had "Private" set to "false" and no source items had "Private" set to "true".
   6:6>ResolveReferencedProjectsStaticWebAssets:
       Task "UpdateExternallyDefinedStaticWebAssets" skipped, due to false condition; (@(_ResolvedReferencedProjectBuildStaticWebAssetCandidates) != '') was evaluated as ( != '').
       Task "DefineStaticWebAssetEndpoints" skipped, due to false condition; ('@(_ReferencedProjectBuildStaticWebAssetsWithoutEndpoints)' != '') was evaluated as ('' != '').
  10:6>ResolveAssemblyReferences:
             The ImageRuntimeVersion for this reference is "".
   6:6>Done building target "ResolveReferencedProjectsStaticWebAssets" in project "DeventSoft.RoadmapSkills.Api.csproj".
  10:6>ResolveAssemblyReferences:
         Primary reference "System.Diagnostics.Tools, Version=8.0.0.0, Culture=neutral, PublicKeyToken=b03f5f7f11d50a3a".
   6:6>Target "ResolveJsInitializerModuleStaticWebAssets" in file "/usr/local/share/dotnet/sdk/9.0.200/Sdks/Microsoft.NET.Sdk.StaticWebAssets/targets/Microsoft.NET.Sdk.StaticWebAssets.JSModules.targets" from project "/Users/dacanetdev/Dev/AIGenerated/RoadmapSkills/src/DeventSoft.RoadmapSkills.Api/DeventSoft.RoadmapSkills.Api.csproj" (target "ResolveCoreStaticWebAssets" depends on it):
   6:6>Task "DefineStaticWebAssets" skipped, due to false condition; (@(_JSModuleCandidates) != '') was evaluated as ( != '').
  10:6>ResolveAssemblyReferences:
             Resolved file path is "/Users/dacanetdev/.nuget/packages/microsoft.netcore.app.ref/8.0.13/ref/net8.0/System.Diagnostics.Tools.dll".
   6:6>Task "DefineStaticWebAssetEndpoints"
       Done executing task "DefineStaticWebAssetEndpoints".
  10:6>ResolveAssemblyReferences:
             Reference found at search path location "{RawFileName}".
   6:6>ResolveJsInitializerModuleStaticWebAssets:
       Task "FilterStaticWebAssetEndpoints" skipped, due to false condition; ('@(_JSModuleStaticWebAsset)' != '') was evaluated as ('' != '').
       Task "Error" skipped, due to false condition; ('@(_MissingJSModuleStaticWebAsset)' != '') was evaluated as ('' != '').
  10:6>ResolveAssemblyReferences:
             This reference is not "CopyLocal" because at least one source item had "Private" set to "false" and no source items had "Private" set to "true".
   6:6>ResolveJsInitializerModuleStaticWebAssets:
       Task "UpdateStaticWebAssetEndpoints" skipped, due to false condition; ('@(_AddPropertyToInitializers)' != '') was evaluated as ('' != '').
   6:6>Done building target "ResolveJsInitializerModuleStaticWebAssets" in project "DeventSoft.RoadmapSkills.Api.csproj".
  10:6>ResolveAssemblyReferences:
             The ImageRuntimeVersion for this reference is "".
   6:6>Target "ResolveProjectStaticWebAssets" skipped. Previously built successfully.
       Target "ResolveRazorComponentInputs" skipped. Previously built successfully.
  10:6>ResolveAssemblyReferences:
         Primary reference "System.Diagnostics.TraceSource, Version=8.0.0.0, Culture=neutral, PublicKeyToken=b03f5f7f11d50a3a".
   6:6>Target "ResolveRazorGenerateInputs" skipped. Previously built successfully.
  10:6>ResolveAssemblyReferences:
             Resolved file path is "/Users/dacanetdev/.nuget/packages/microsoft.netcore.app.ref/8.0.13/ref/net8.0/System.Diagnostics.TraceSource.dll".
   6:6>Target "ResolveJSModuleStaticWebAssets" in file "/usr/local/share/dotnet/sdk/9.0.200/Sdks/Microsoft.NET.Sdk.StaticWebAssets/targets/Microsoft.NET.Sdk.StaticWebAssets.JSModules.targets" from project "/Users/dacanetdev/Dev/AIGenerated/RoadmapSkills/src/DeventSoft.RoadmapSkills.Api/DeventSoft.RoadmapSkills.Api.csproj" (target "ResolveCoreStaticWebAssets" depends on it):
   6:6>Task "DefineStaticWebAssets"
         Rejected asset 'appsettings.Development.json' for pattern '**/*.razor.js'
         Rejected asset 'appsettings.json' for pattern '**/*.razor.js'
         Rejected asset 'DeventSoft.RoadmapSkills.Api.http' for pattern '**/*.razor.js'
         Rejected asset 'Properties/launchSettings.json' for pattern '**/*.razor.js'
         Link 'DeventSoft.RoadmapSkills.Api' found for candidate '/Users/dacanetdev/Dev/AIGenerated/RoadmapSkills/src/DeventSoft.RoadmapSkills.Api/obj/Debug/net8.0/apphost' and will be used for matching.
         Rejected asset 'DeventSoft.RoadmapSkills.Api' for pattern '**/*.razor.js'
  10:6>ResolveAssemblyReferences:
             Reference found at search path location "{RawFileName}".
   6:6>Done executing task "DefineStaticWebAssets".
       Task "DefineStaticWebAssets"
  10:6>ResolveAssemblyReferences:
             This reference is not "CopyLocal" because at least one source item had "Private" set to "false" and no source items had "Private" set to "true".
   6:6>ResolveJSModuleStaticWebAssets:
         Rejected asset 'appsettings.Development.json' for pattern '**/*.cshtml.js'
  10:6>ResolveAssemblyReferences:
             The ImageRuntimeVersion for this reference is "".
   6:6>ResolveJSModuleStaticWebAssets:
         Rejected asset 'appsettings.json' for pattern '**/*.cshtml.js'
  10:6>ResolveAssemblyReferences:
         Primary reference "System.Diagnostics.Tracing, Version=8.0.0.0, Culture=neutral, PublicKeyToken=b03f5f7f11d50a3a".
   6:6>ResolveJSModuleStaticWebAssets:
         Rejected asset 'DeventSoft.RoadmapSkills.Api.http' for pattern '**/*.cshtml.js'
         Rejected asset 'Properties/launchSettings.json' for pattern '**/*.cshtml.js'
  10:6>ResolveAssemblyReferences:
             Resolved file path is "/Users/dacanetdev/.nuget/packages/microsoft.netcore.app.ref/8.0.13/ref/net8.0/System.Diagnostics.Tracing.dll".
   6:6>ResolveJSModuleStaticWebAssets:
         Link 'DeventSoft.RoadmapSkills.Api' found for candidate '/Users/dacanetdev/Dev/AIGenerated/RoadmapSkills/src/DeventSoft.RoadmapSkills.Api/obj/Debug/net8.0/apphost' and will be used for matching.
  10:6>ResolveAssemblyReferences:
             Reference found at search path location "{RawFileName}".
   6:6>ResolveJSModuleStaticWebAssets:
         Rejected asset 'DeventSoft.RoadmapSkills.Api' for pattern '**/*.cshtml.js'
  10:6>ResolveAssemblyReferences:
             This reference is not "CopyLocal" because at least one source item had "Private" set to "false" and no source items had "Private" set to "true".
   6:6>Done executing task "DefineStaticWebAssets".
  10:6>ResolveAssemblyReferences:
             The ImageRuntimeVersion for this reference is "".
   6:6>Task "DefineStaticWebAssetEndpoints"
  10:6>ResolveAssemblyReferences:
         Primary reference "System.Drawing.Primitives, Version=8.0.0.0, Culture=neutral, PublicKeyToken=b03f5f7f11d50a3a".
   6:6>Done executing task "DefineStaticWebAssetEndpoints".
  10:6>ResolveAssemblyReferences:
             Resolved file path is "/Users/dacanetdev/.nuget/packages/microsoft.netcore.app.ref/8.0.13/ref/net8.0/System.Drawing.Primitives.dll".
   6:6>Task "DefineStaticWebAssetEndpoints"
       Done executing task "DefineStaticWebAssetEndpoints".
       Using "ApplyJsModules" task from assembly "/usr/local/share/dotnet/sdk/9.0.200/Sdks/Microsoft.NET.Sdk.StaticWebAssets/targets/../tasks/net9.0/Microsoft.NET.Sdk.StaticWebAssets.Tasks.dll".
       Task "ApplyJsModules"
  10:6>ResolveAssemblyReferences:
             Reference found at search path location "{RawFileName}".
   6:6>Done executing task "ApplyJsModules".
       Task "UpdateStaticWebAssetEndpoints" skipped, due to false condition; ('@(_AddPropertyToJsModules)' != '') was evaluated as ('' != '').
  10:6>ResolveAssemblyReferences:
             This reference is not "CopyLocal" because at least one source item had "Private" set to "false" and no source items had "Private" set to "true".
   6:6>Done building target "ResolveJSModuleStaticWebAssets" in project "DeventSoft.RoadmapSkills.Api.csproj".
  10:6>ResolveAssemblyReferences:
             The ImageRuntimeVersion for this reference is "".
   6:6>Target "ResolveCoreStaticWebAssets" in file "/usr/local/share/dotnet/sdk/9.0.200/Sdks/Microsoft.NET.Sdk.StaticWebAssets/targets/Microsoft.NET.Sdk.StaticWebAssets.targets" from project "/Users/dacanetdev/Dev/AIGenerated/RoadmapSkills/src/DeventSoft.RoadmapSkills.Api/DeventSoft.RoadmapSkills.Api.csproj" (target "ResolveBuildStaticWebAssets" depends on it):
   6:6>Done building target "ResolveCoreStaticWebAssets" in project "DeventSoft.RoadmapSkills.Api.csproj".
  10:6>ResolveAssemblyReferences:
         Primary reference "System.Drawing, Version=4.0.0.0, Culture=neutral, PublicKeyToken=b03f5f7f11d50a3a".
   6:6>Target "ResolveCoreStaticWebAssets" skipped. Previously built successfully.
       Target "ResolveJsInitializerModuleStaticWebAssets" skipped. Previously built successfully.
  10:6>ResolveAssemblyReferences:
             Resolved file path is "/Users/dacanetdev/.nuget/packages/microsoft.netcore.app.ref/8.0.13/ref/net8.0/System.Drawing.dll".
   6:6>Target "ResolveJSModuleManifestBuildConfiguration" in file "/usr/local/share/dotnet/sdk/9.0.200/Sdks/Microsoft.NET.Sdk.StaticWebAssets/targets/Microsoft.NET.Sdk.StaticWebAssets.JSModules.targets" from project "/Users/dacanetdev/Dev/AIGenerated/RoadmapSkills/src/DeventSoft.RoadmapSkills.Api/DeventSoft.RoadmapSkills.Api.csproj" (target "GenerateJSModuleManifestBuildStaticWebAssets" depends on it):
   6:6>Done building target "ResolveJSModuleManifestBuildConfiguration" in project "DeventSoft.RoadmapSkills.Api.csproj".
  10:6>ResolveAssemblyReferences:
             Reference found at search path location "{RawFileName}".
             This reference is not "CopyLocal" because at least one source item had "Private" set to "false" and no source items had "Private" set to "true".
   6:6>Target "GenerateJSModuleManifestBuildStaticWebAssets" in file "/usr/local/share/dotnet/sdk/9.0.200/Sdks/Microsoft.NET.Sdk.StaticWebAssets/targets/Microsoft.NET.Sdk.StaticWebAssets.JSModules.targets" from project "/Users/dacanetdev/Dev/AIGenerated/RoadmapSkills/src/DeventSoft.RoadmapSkills.Api/DeventSoft.RoadmapSkills.Api.csproj" (target "ResolveJSModuleManifestBuildStaticWebAssets" depends on it):
   6:6>Task "FilterStaticWebAssetEndpoints" skipped, due to false condition; ('@(_ExistingBuildJSModules)' != '') was evaluated as ('' != '').
  10:6>ResolveAssemblyReferences:
             The ImageRuntimeVersion for this reference is "".
         Primary reference "System.Dynamic.Runtime, Version=8.0.0.0, Culture=neutral, PublicKeyToken=b03f5f7f11d50a3a".
   6:6>GenerateJSModuleManifestBuildStaticWebAssets:
       Task "FilterStaticWebAssetEndpoints" skipped, due to false condition; ('$(StaticWebAssetStandaloneHosting)' != 'true' and '@(_ExistingBuildJSModulesWithoutFingerprint)' != '') was evaluated as ('' != 'true' and '' != '').
  10:6>ResolveAssemblyReferences:
             Resolved file path is "/Users/dacanetdev/.nuget/packages/microsoft.netcore.app.ref/8.0.13/ref/net8.0/System.Dynamic.Runtime.dll".
             Reference found at search path location "{RawFileName}".
             This reference is not "CopyLocal" because at least one source item had "Private" set to "false" and no source items had "Private" set to "true".
   6:6>GenerateJSModuleManifestBuildStaticWebAssets:
       Task "Error" skipped, due to false condition; ('@(_ExistingBuildJSModules)' != '' and '@(_BuildJSModulessWithoutEndpoints)' != '') was evaluated as ('' != '' and '' != '').
  10:6>ResolveAssemblyReferences:
             The ImageRuntimeVersion for this reference is "".
         Primary reference "System.Formats.Asn1, Version=8.0.0.0, Culture=neutral, PublicKeyToken=cc7b13ffcd2ddd51".
   6:6>GenerateJSModuleManifestBuildStaticWebAssets:
       Task "ResolveStaticWebAssetEndpointRoutes" skipped, due to false condition; ('@(_ExistingBuildJSModules)' != '') was evaluated as ('' != '').
  10:6>ResolveAssemblyReferences:
             Resolved file path is "/Users/dacanetdev/.nuget/packages/microsoft.netcore.app.ref/8.0.13/ref/net8.0/System.Formats.Asn1.dll".
             Reference found at search path location "{RawFileName}".
             This reference is not "CopyLocal" because at least one source item had "Private" set to "false" and no source items had "Private" set to "true".
   6:6>GenerateJSModuleManifestBuildStaticWebAssets:
       Task "GenerateJsModuleManifest" skipped, due to false condition; ('@(_ExistingBuildJSModules)' != '') was evaluated as ('' != '').
  10:6>ResolveAssemblyReferences:
             The ImageRuntimeVersion for this reference is "".
         Primary reference "System.Formats.Tar, Version=8.0.0.0, Culture=neutral, PublicKeyToken=cc7b13ffcd2ddd51".
             Resolved file path is "/Users/dacanetdev/.nuget/packages/microsoft.netcore.app.ref/8.0.13/ref/net8.0/System.Formats.Tar.dll".
   6:6>Done building target "GenerateJSModuleManifestBuildStaticWebAssets" in project "DeventSoft.RoadmapSkills.Api.csproj".
  10:6>ResolveAssemblyReferences:
             Reference found at search path location "{RawFileName}".
             This reference is not "CopyLocal" because at least one source item had "Private" set to "false" and no source items had "Private" set to "true".
             The ImageRuntimeVersion for this reference is "".
         Primary reference "System.Globalization.Calendars, Version=8.0.0.0, Culture=neutral, PublicKeyToken=b03f5f7f11d50a3a".
             Resolved file path is "/Users/dacanetdev/.nuget/packages/microsoft.netcore.app.ref/8.0.13/ref/net8.0/System.Globalization.Calendars.dll".
   6:6>Target "ResolveJSModuleManifestBuildStaticWebAssets" in file "/usr/local/share/dotnet/sdk/9.0.200/Sdks/Microsoft.NET.Sdk.StaticWebAssets/targets/Microsoft.NET.Sdk.StaticWebAssets.JSModules.targets" from project "/Users/dacanetdev/Dev/AIGenerated/RoadmapSkills/src/DeventSoft.RoadmapSkills.Api/DeventSoft.RoadmapSkills.Api.csproj" (target "ResolveStaticWebAssetsInputs" depends on it):
   6:6>Task "DefineStaticWebAssets" skipped, due to false condition; (@(_ExistingBuildJSModules) != '') was evaluated as ( != '').
  10:6>ResolveAssemblyReferences:
             Reference found at search path location "{RawFileName}".
   6:6>Task "DefineStaticWebAssetEndpoints"
  10:6>ResolveAssemblyReferences:
             This reference is not "CopyLocal" because at least one source item had "Private" set to "false" and no source items had "Private" set to "true".
             The ImageRuntimeVersion for this reference is "".
   6:6>Done executing task "DefineStaticWebAssetEndpoints".
  10:6>ResolveAssemblyReferences:
         Primary reference "System.Globalization.Extensions, Version=8.0.0.0, Culture=neutral, PublicKeyToken=b03f5f7f11d50a3a".
   6:6>Done building target "ResolveJSModuleManifestBuildStaticWebAssets" in project "DeventSoft.RoadmapSkills.Api.csproj".
  10:6>ResolveAssemblyReferences:
             Resolved file path is "/Users/dacanetdev/.nuget/packages/microsoft.netcore.app.ref/8.0.13/ref/net8.0/System.Globalization.Extensions.dll".
             Reference found at search path location "{RawFileName}".
             This reference is not "CopyLocal" because at least one source item had "Private" set to "false" and no source items had "Private" set to "true".
   6:6>Target "ResolveCoreStaticWebAssets" skipped. Previously built successfully.
       Target "ResolveCoreStaticWebAssets" skipped. Previously built successfully.
  10:6>ResolveAssemblyReferences:
             The ImageRuntimeVersion for this reference is "".
   6:6>Target "ResolveCssScopes" skipped. Previously built successfully.
  10:6>ResolveAssemblyReferences:
         Primary reference "System.Globalization, Version=8.0.0.0, Culture=neutral, PublicKeyToken=b03f5f7f11d50a3a".
   6:6>Target "ResolveScopedCssOutputs" in file "/usr/local/share/dotnet/sdk/9.0.200/Sdks/Microsoft.NET.Sdk.StaticWebAssets/targets/Microsoft.NET.Sdk.StaticWebAssets.ScopedCss.targets" from project "/Users/dacanetdev/Dev/AIGenerated/RoadmapSkills/src/DeventSoft.RoadmapSkills.Api/DeventSoft.RoadmapSkills.Api.csproj" (target "_ComputeScopedCssStaticWebAssets" depends on it):
   6:6>Done building target "ResolveScopedCssOutputs" in project "DeventSoft.RoadmapSkills.Api.csproj".
  10:6>ResolveAssemblyReferences:
             Resolved file path is "/Users/dacanetdev/.nuget/packages/microsoft.netcore.app.ref/8.0.13/ref/net8.0/System.Globalization.dll".
   6:6>Target "ResolveStaticWebAssetsConfiguration" skipped. Previously built successfully.
  10:6>ResolveAssemblyReferences:
             Reference found at search path location "{RawFileName}".
     0>Property reassignment: $(ResolveStaticWebAssetsInputsDependsOn)="
    
      ResolveCoreStaticWebAssets;
      GenerateComputedBuildStaticWebAssets;
      
    ;
    ResolveScopedCssAssets;
  " (previous value: "
      ResolveCoreStaticWebAssets;
      GenerateComputedBuildStaticWebAssets;
      
    ") at /usr/local/share/dotnet/sdk/9.0.200/Sdks/Microsoft.NET.Sdk.StaticWebAssets/targets/Microsoft.NET.Sdk.StaticWebAssets.ScopedCss.targets (55,3)
  10:6>ResolveAssemblyReferences:
             This reference is not "CopyLocal" because at least one source item had "Private" set to "false" and no source items had "Private" set to "true".
   6:6>Target "_ComputeScopedCssStaticWebAssets" in file "/usr/local/share/dotnet/sdk/9.0.200/Sdks/Microsoft.NET.Sdk.StaticWebAssets/targets/Microsoft.NET.Sdk.StaticWebAssets.ScopedCss.targets" from project "/Users/dacanetdev/Dev/AIGenerated/RoadmapSkills/src/DeventSoft.RoadmapSkills.Api/DeventSoft.RoadmapSkills.Api.csproj" (target "_CollectAllScopedCssAssets" depends on it):
   6:6>Task "DefineStaticWebAssets" skipped, due to false condition; (@(_ScopedCss) != '') was evaluated as ( != '').
  10:6>ResolveAssemblyReferences:
             The ImageRuntimeVersion for this reference is "".
   6:6>_ComputeScopedCssStaticWebAssets:
       Task "DefineStaticWebAssetEndpoints" skipped, due to false condition; (@(_ScopedCss) != '') was evaluated as ( != '').
  10:6>ResolveAssemblyReferences:
         Primary reference "System.IO.Compression.Brotli, Version=8.0.0.0, Culture=neutral, PublicKeyToken=b77a5c561934e089".
     0>Property reassignment: $(GenerateComputedBuildStaticWebAssetsDependsOn)="
    ResolveCoreStaticWebAssets;;
    BundleScopedCssFiles;
  " (previous value: "ResolveCoreStaticWebAssets;") at /usr/local/share/dotnet/sdk/9.0.200/Sdks/Microsoft.NET.Sdk.StaticWebAssets/targets/Microsoft.NET.Sdk.StaticWebAssets.ScopedCss.targets (88,3)
   6:6>Done building target "_ComputeScopedCssStaticWebAssets" in project "DeventSoft.RoadmapSkills.Api.csproj".
  10:6>ResolveAssemblyReferences:
             Resolved file path is "/Users/dacanetdev/.nuget/packages/microsoft.netcore.app.ref/8.0.13/ref/net8.0/System.IO.Compression.Brotli.dll".
             Reference found at search path location "{RawFileName}".
   6:6>Target "_CollectAllScopedCssAssets" in file "/usr/local/share/dotnet/sdk/9.0.200/Sdks/Microsoft.NET.Sdk.StaticWebAssets/targets/Microsoft.NET.Sdk.StaticWebAssets.ScopedCss.targets" from project "/Users/dacanetdev/Dev/AIGenerated/RoadmapSkills/src/DeventSoft.RoadmapSkills.Api/DeventSoft.RoadmapSkills.Api.csproj" (target "BundleScopedCssFiles" depends on it):
   6:6>Using "ResolveAllScopedCssAssets" task from assembly "/usr/local/share/dotnet/sdk/9.0.200/Sdks/Microsoft.NET.Sdk.StaticWebAssets/targets/../tasks/net9.0/Microsoft.NET.Sdk.StaticWebAssets.Tasks.dll".
  10:6>ResolveAssemblyReferences:
             This reference is not "CopyLocal" because at least one source item had "Private" set to "false" and no source items had "Private" set to "true".
   6:6>Task "ResolveAllScopedCssAssets"
       Done executing task "ResolveAllScopedCssAssets".
  10:6>ResolveAssemblyReferences:
             The ImageRuntimeVersion for this reference is "".
   6:6>Done building target "_CollectAllScopedCssAssets" in project "DeventSoft.RoadmapSkills.Api.csproj".
  10:6>ResolveAssemblyReferences:
         Primary reference "System.IO.Compression.FileSystem, Version=4.0.0.0, Culture=neutral, PublicKeyToken=b77a5c561934e089".
   6:6>Target "ResolveScopedCssOutputs" skipped. Previously built successfully.
  10:6>ResolveAssemblyReferences:
             Resolved file path is "/Users/dacanetdev/.nuget/packages/microsoft.netcore.app.ref/8.0.13/ref/net8.0/System.IO.Compression.FileSystem.dll".
   6:6>Target "_ProcessScopedCssFiles" in file "/usr/local/share/dotnet/sdk/9.0.200/Sdks/Microsoft.NET.Sdk.StaticWebAssets/targets/Microsoft.NET.Sdk.StaticWebAssets.ScopedCss.targets" from project "/Users/dacanetdev/Dev/AIGenerated/RoadmapSkills/src/DeventSoft.RoadmapSkills.Api/DeventSoft.RoadmapSkills.Api.csproj" (target "BundleScopedCssFiles" depends on it):
   6:6>Skipping target "_ProcessScopedCssFiles" because it has no outputs.
       Though the target has declared its outputs, the output specification only references empty properties and/or empty item lists.
  10:6>ResolveAssemblyReferences:
             Reference found at search path location "{RawFileName}".
   6:6>Done building target "_ProcessScopedCssFiles" in project "DeventSoft.RoadmapSkills.Api.csproj".
  10:6>ResolveAssemblyReferences:
             This reference is not "CopyLocal" because at least one source item had "Private" set to "false" and no source items had "Private" set to "true".
   6:6>Target "ResolveStaticWebAssetsConfiguration" skipped. Previously built successfully.
  10:6>ResolveAssemblyReferences:
             The ImageRuntimeVersion for this reference is "".
         Primary reference "System.IO.Compression.ZipFile, Version=8.0.0.0, Culture=neutral, PublicKeyToken=b77a5c561934e089".
   6:6>Target "_ResolveBundlingConfiguration" in file "/usr/local/share/dotnet/sdk/9.0.200/Sdks/Microsoft.NET.Sdk.StaticWebAssets/targets/Microsoft.NET.Sdk.StaticWebAssets.ScopedCss.targets" from project "/Users/dacanetdev/Dev/AIGenerated/RoadmapSkills/src/DeventSoft.RoadmapSkills.Api/DeventSoft.RoadmapSkills.Api.csproj" (target "BundleScopedCssFiles" depends on it):
   6:6>Done building target "_ResolveBundlingConfiguration" in project "DeventSoft.RoadmapSkills.Api.csproj".
  10:6>ResolveAssemblyReferences:
             Resolved file path is "/Users/dacanetdev/.nuget/packages/microsoft.netcore.app.ref/8.0.13/ref/net8.0/System.IO.Compression.ZipFile.dll".
   6:6>Target "BundleScopedCssFiles" in file "/usr/local/share/dotnet/sdk/9.0.200/Sdks/Microsoft.NET.Sdk.StaticWebAssets/targets/Microsoft.NET.Sdk.StaticWebAssets.ScopedCss.targets" from project "/Users/dacanetdev/Dev/AIGenerated/RoadmapSkills/src/DeventSoft.RoadmapSkills.Api/DeventSoft.RoadmapSkills.Api.csproj" (target "GenerateComputedBuildStaticWebAssets" depends on it):
   6:6>Task "FilterStaticWebAssetEndpoints" skipped, due to false condition; ('@(_ScopedCssProjectBundles)' != '') was evaluated as ('' != '').
  10:6>ResolveAssemblyReferences:
             Reference found at search path location "{RawFileName}".
   6:6>BundleScopedCssFiles:
       Task "FilterStaticWebAssetEndpoints" skipped, due to false condition; ('$(StaticWebAssetStandaloneHosting)' != 'true' and '@(_ScopedCssBundlesWithoutFingerprint)' != '') was evaluated as ('' != 'true' and '' != '').
  10:6>ResolveAssemblyReferences:
             This reference is not "CopyLocal" because at least one source item had "Private" set to "false" and no source items had "Private" set to "true".
   6:6>BundleScopedCssFiles:
       Task "Error" skipped, due to false condition; ('@(_ScopedCssProjectBundles)' != '' and '@(_ScopedCssBundlesWithoutEndpoints)' != '') was evaluated as ('' != '' and '' != '').
       Task "ResolveStaticWebAssetEndpointRoutes" skipped, due to false condition; ('@(_ScopedCssProjectBundles)' != '') was evaluated as ('' != '').
  10:6>ResolveAssemblyReferences:
             The ImageRuntimeVersion for this reference is "".
   6:6>BundleScopedCssFiles:
       Task "ConcatenateCssFiles" skipped, due to false condition; ('@(_ScopedCssProjectBundles)' != '' or '@(_ScopedCss)' != '') was evaluated as ('' != '' or '' != '').
  10:6>ResolveAssemblyReferences:
         Primary reference "System.IO.Compression, Version=8.0.0.0, Culture=neutral, PublicKeyToken=b77a5c561934e089".
   6:6>BundleScopedCssFiles:
       Task "ConcatenateCssFiles" skipped, due to false condition; ('@(_ScopedCss)' != '') was evaluated as ('' != '').
  10:6>ResolveAssemblyReferences:
             Resolved file path is "/Users/dacanetdev/.nuget/packages/microsoft.netcore.app.ref/8.0.13/ref/net8.0/System.IO.Compression.dll".
   6:6>Done building target "BundleScopedCssFiles" in project "DeventSoft.RoadmapSkills.Api.csproj".
  10:6>ResolveAssemblyReferences:
             Reference found at search path location "{RawFileName}".
             This reference is not "CopyLocal" because at least one source item had "Private" set to "false" and no source items had "Private" set to "true".
   6:6>Target "GenerateComputedBuildStaticWebAssets" in file "/usr/local/share/dotnet/sdk/9.0.200/Sdks/Microsoft.NET.Sdk.StaticWebAssets/targets/Microsoft.NET.Sdk.StaticWebAssets.targets" from project "/Users/dacanetdev/Dev/AIGenerated/RoadmapSkills/src/DeventSoft.RoadmapSkills.Api/DeventSoft.RoadmapSkills.Api.csproj" (target "ResolveStaticWebAssetsInputs" depends on it):
   6:6>Done building target "GenerateComputedBuildStaticWebAssets" in project "DeventSoft.RoadmapSkills.Api.csproj".
  10:6>ResolveAssemblyReferences:
             The ImageRuntimeVersion for this reference is "".
   6:6>Target "UpdateExistingPackageStaticWebAssets" skipped. Previously built successfully.
   6:6>Target "UpdateLegacyPackageScopedCssBundles" in file "/usr/local/share/dotnet/sdk/9.0.200/Sdks/Microsoft.NET.Sdk.StaticWebAssets/targets/Microsoft.NET.Sdk.StaticWebAssets.ScopedCss.targets" from project "/Users/dacanetdev/Dev/AIGenerated/RoadmapSkills/src/DeventSoft.RoadmapSkills.Api/DeventSoft.RoadmapSkills.Api.csproj" (target "ResolveScopedCssAssets" depends on it):
       Task "DefineStaticWebAssets"
  10:6>ResolveAssemblyReferences:
         Primary reference "System.IO.FileSystem.AccessControl, Version=8.0.0.0, Culture=neutral, PublicKeyToken=b03f5f7f11d50a3a".
   6:6>Done executing task "DefineStaticWebAssets".
  10:6>ResolveAssemblyReferences:
             Resolved file path is "/Users/dacanetdev/.nuget/packages/microsoft.netcore.app.ref/8.0.13/ref/net8.0/System.IO.FileSystem.AccessControl.dll".
   6:6>Task "DefineStaticWebAssets"
  10:6>ResolveAssemblyReferences:
             Reference found at search path location "{RawFileName}".
   6:6>Done executing task "DefineStaticWebAssets".
  10:6>ResolveAssemblyReferences:
             This reference is not "CopyLocal" because at least one source item had "Private" set to "false" and no source items had "Private" set to "true".
   6:6>Done building target "UpdateLegacyPackageScopedCssBundles" in project "DeventSoft.RoadmapSkills.Api.csproj".
       Target "_ResolveBundlingConfiguration" skipped. Previously built successfully.
  10:6>ResolveAssemblyReferences:
             The ImageRuntimeVersion for this reference is "".
   6:6>Target "ResolveScopedCssOutputs" skipped. Previously built successfully.
  10:6>ResolveAssemblyReferences:
         Primary reference "System.IO.FileSystem.DriveInfo, Version=8.0.0.0, Culture=neutral, PublicKeyToken=b03f5f7f11d50a3a".
             Resolved file path is "/Users/dacanetdev/.nuget/packages/microsoft.netcore.app.ref/8.0.13/ref/net8.0/System.IO.FileSystem.DriveInfo.dll".
             Reference found at search path location "{RawFileName}".
   6:6>Target "_ProcessScopedCssFiles" in file "/usr/local/share/dotnet/sdk/9.0.200/Sdks/Microsoft.NET.Sdk.StaticWebAssets/targets/Microsoft.NET.Sdk.StaticWebAssets.ScopedCss.targets" from project "/Users/dacanetdev/Dev/AIGenerated/RoadmapSkills/src/DeventSoft.RoadmapSkills.Api/DeventSoft.RoadmapSkills.Api.csproj" (target "GenerateScopedCssFiles" depends on it):
   6:6>Skipping target "_ProcessScopedCssFiles" because it has no outputs.
  10:6>ResolveAssemblyReferences:
             This reference is not "CopyLocal" because at least one source item had "Private" set to "false" and no source items had "Private" set to "true".
   6:6>_ProcessScopedCssFiles:
       Though the target has declared its outputs, the output specification only references empty properties and/or empty item lists.
  10:6>ResolveAssemblyReferences:
             The ImageRuntimeVersion for this reference is "".
         Primary reference "System.IO.FileSystem.Primitives, Version=8.0.0.0, Culture=neutral, PublicKeyToken=b03f5f7f11d50a3a".
   6:6>Done building target "_ProcessScopedCssFiles" in project "DeventSoft.RoadmapSkills.Api.csproj".
       Target "BundleScopedCssFiles" skipped. Previously built successfully.
  10:6>ResolveAssemblyReferences:
             Resolved file path is "/Users/dacanetdev/.nuget/packages/microsoft.netcore.app.ref/8.0.13/ref/net8.0/System.IO.FileSystem.Primitives.dll".
             Reference found at search path location "{RawFileName}".
   6:6>Target "GenerateScopedCssFiles" in file "/usr/local/share/dotnet/sdk/9.0.200/Sdks/Microsoft.NET.Sdk.StaticWebAssets/targets/Microsoft.NET.Sdk.StaticWebAssets.ScopedCss.targets" from project "/Users/dacanetdev/Dev/AIGenerated/RoadmapSkills/src/DeventSoft.RoadmapSkills.Api/DeventSoft.RoadmapSkills.Api.csproj" (target "ResolveScopedCssAssets" depends on it):
   6:6>Done building target "GenerateScopedCssFiles" in project "DeventSoft.RoadmapSkills.Api.csproj".
  10:6>ResolveAssemblyReferences:
             This reference is not "CopyLocal" because at least one source item had "Private" set to "false" and no source items had "Private" set to "true".
   6:6>Target "_ResolveBundlingConfiguration" skipped. Previously built successfully.
  10:6>ResolveAssemblyReferences:
             The ImageRuntimeVersion for this reference is "".
         Primary reference "System.IO.FileSystem.Watcher, Version=8.0.0.0, Culture=neutral, PublicKeyToken=b03f5f7f11d50a3a".
   6:6>Target "_CollectAllScopedCssAssets" skipped. Previously built successfully.
  10:6>ResolveAssemblyReferences:
             Resolved file path is "/Users/dacanetdev/.nuget/packages/microsoft.netcore.app.ref/8.0.13/ref/net8.0/System.IO.FileSystem.Watcher.dll".
             Reference found at search path location "{RawFileName}".
             This reference is not "CopyLocal" because at least one source item had "Private" set to "false" and no source items had "Private" set to "true".
   6:6>Target "ResolveBundledCssAssets" in file "/usr/local/share/dotnet/sdk/9.0.200/Sdks/Microsoft.NET.Sdk.StaticWebAssets/targets/Microsoft.NET.Sdk.StaticWebAssets.ScopedCss.targets" from project "/Users/dacanetdev/Dev/AIGenerated/RoadmapSkills/src/DeventSoft.RoadmapSkills.Api/DeventSoft.RoadmapSkills.Api.csproj" (target "ResolveScopedCssAssets" depends on it):
   6:6>Task "DefineStaticWebAssets" skipped, due to false condition; (@(_AllScopedCss) != '') was evaluated as ( != '').
  10:6>ResolveAssemblyReferences:
             The ImageRuntimeVersion for this reference is "".
   6:6>ResolveBundledCssAssets:
       Task "DefineStaticWebAssetEndpoints" skipped, due to false condition; (@(_AllScopedCss) != '') was evaluated as ( != '').
  10:6>ResolveAssemblyReferences:
         Primary reference "System.IO.FileSystem, Version=8.0.0.0, Culture=neutral, PublicKeyToken=b03f5f7f11d50a3a".
   6:6>ResolveBundledCssAssets:
       Task "UpdateStaticWebAssetEndpoints" skipped, due to false condition; ('@(_AddLinkHeaderToAppBundle)' != '') was evaluated as ('' != '').
  10:6>ResolveAssemblyReferences:
             Resolved file path is "/Users/dacanetdev/.nuget/packages/microsoft.netcore.app.ref/8.0.13/ref/net8.0/System.IO.FileSystem.dll".
   6:6>ResolveBundledCssAssets:
       Task "DefineStaticWebAssets" skipped, due to false condition; (@(_ScopedCss) != '') was evaluated as ( != '').
       Task "DefineStaticWebAssetEndpoints" skipped, due to false condition; (@(_ScopedCss) != '') was evaluated as ( != '').
   6:6>Done building target "ResolveBundledCssAssets" in project "DeventSoft.RoadmapSkills.Api.csproj".
  10:6>ResolveAssemblyReferences:
             Reference found at search path location "{RawFileName}".
   6:6>Target "ResolveScopedCssAssets" in file "/usr/local/share/dotnet/sdk/9.0.200/Sdks/Microsoft.NET.Sdk.StaticWebAssets/targets/Microsoft.NET.Sdk.StaticWebAssets.ScopedCss.targets" from project "/Users/dacanetdev/Dev/AIGenerated/RoadmapSkills/src/DeventSoft.RoadmapSkills.Api/DeventSoft.RoadmapSkills.Api.csproj" (target "ResolveStaticWebAssetsInputs" depends on it):
   6:6>Done building target "ResolveScopedCssAssets" in project "DeventSoft.RoadmapSkills.Api.csproj".
  10:6>ResolveAssemblyReferences:
             This reference is not "CopyLocal" because at least one source item had "Private" set to "false" and no source items had "Private" set to "true".
   6:6>Target "ResolveStaticWebAssetsInputs" in file "/usr/local/share/dotnet/sdk/9.0.200/Sdks/Microsoft.NET.Sdk.StaticWebAssets/targets/Microsoft.NET.Sdk.StaticWebAssets.targets" from project "/Users/dacanetdev/Dev/AIGenerated/RoadmapSkills/src/DeventSoft.RoadmapSkills.Api/DeventSoft.RoadmapSkills.Api.csproj" (target "ResolveBuildStaticWebAssets" depends on it):
   6:6>Done building target "ResolveStaticWebAssetsInputs" in project "DeventSoft.RoadmapSkills.Api.csproj".
       Target "ResolveStaticWebAssetsInputs" skipped. Previously built successfully.
  10:6>ResolveAssemblyReferences:
             The ImageRuntimeVersion for this reference is "".
   6:6>Target "ResolveBuildCompressedStaticWebAssetsConfiguration" in file "/usr/local/share/dotnet/sdk/9.0.200/Sdks/Microsoft.NET.Sdk.StaticWebAssets/targets/Microsoft.NET.Sdk.StaticWebAssets.Compression.targets" from project "/Users/dacanetdev/Dev/AIGenerated/RoadmapSkills/src/DeventSoft.RoadmapSkills.Api/DeventSoft.RoadmapSkills.Api.csproj" (target "GenerateBuildCompressedStaticWebAssets" depends on it):
   6:6>Using "DiscoverPrecompressedAssets" task from assembly "/usr/local/share/dotnet/sdk/9.0.200/Sdks/Microsoft.NET.Sdk.StaticWebAssets/targets/../tasks/net9.0/Microsoft.NET.Sdk.StaticWebAssets.Tasks.dll".
  10:6>ResolveAssemblyReferences:
         Primary reference "System.IO.IsolatedStorage, Version=8.0.0.0, Culture=neutral, PublicKeyToken=b03f5f7f11d50a3a".
   6:6>Task "DiscoverPrecompressedAssets"
         Skipping task 'ResolveCompressedAssets' because no candidate assets for compression were specified.
  10:6>ResolveAssemblyReferences:
             Resolved file path is "/Users/dacanetdev/.nuget/packages/microsoft.netcore.app.ref/8.0.13/ref/net8.0/System.IO.IsolatedStorage.dll".
   6:6>Done executing task "DiscoverPrecompressedAssets".
  10:6>ResolveAssemblyReferences:
             Reference found at search path location "{RawFileName}".
   6:6>ResolveBuildCompressedStaticWebAssetsConfiguration:
       Task "FilterStaticWebAssetEndpoints" skipped, due to false condition; ('@(_PrecompressedStaticWebAssets)' != '') was evaluated as ('' != '').
  10:6>ResolveAssemblyReferences:
             This reference is not "CopyLocal" because at least one source item had "Private" set to "false" and no source items had "Private" set to "true".
   6:6>ResolveBuildCompressedStaticWebAssetsConfiguration:
       Using "ResolveCompressedAssets" task from assembly "/usr/local/share/dotnet/sdk/9.0.200/Sdks/Microsoft.NET.Sdk.StaticWebAssets/targets/../tasks/net9.0/Microsoft.NET.Sdk.StaticWebAssets.Tasks.dll".
  10:6>ResolveAssemblyReferences:
             The ImageRuntimeVersion for this reference is "".
   6:6>Task "ResolveCompressedAssets"
  10:6>ResolveAssemblyReferences:
         Primary reference "System.IO.MemoryMappedFiles, Version=8.0.0.0, Culture=neutral, PublicKeyToken=b03f5f7f11d50a3a".
   6:6>ResolveBuildCompressedStaticWebAssetsConfiguration:
         Skipping task 'ResolveCompressedAssets' because no candidate assets for compression were specified.
  10:6>ResolveAssemblyReferences:
             Resolved file path is "/Users/dacanetdev/.nuget/packages/microsoft.netcore.app.ref/8.0.13/ref/net8.0/System.IO.MemoryMappedFiles.dll".
   6:6>Done executing task "ResolveCompressedAssets".
  10:6>ResolveAssemblyReferences:
             Reference found at search path location "{RawFileName}".
   6:6>Done building target "ResolveBuildCompressedStaticWebAssetsConfiguration" in project "DeventSoft.RoadmapSkills.Api.csproj".
  10:6>ResolveAssemblyReferences:
             This reference is not "CopyLocal" because at least one source item had "Private" set to "false" and no source items had "Private" set to "true".
             The ImageRuntimeVersion for this reference is "".
         Primary reference "System.IO.Pipes.AccessControl, Version=8.0.0.0, Culture=neutral, PublicKeyToken=b03f5f7f11d50a3a".
   6:6>Target "GenerateBuildCompressedStaticWebAssets" in file "/usr/local/share/dotnet/sdk/9.0.200/Sdks/Microsoft.NET.Sdk.StaticWebAssets/targets/Microsoft.NET.Sdk.StaticWebAssets.Compression.targets" from project "/Users/dacanetdev/Dev/AIGenerated/RoadmapSkills/src/DeventSoft.RoadmapSkills.Api/DeventSoft.RoadmapSkills.Api.csproj" (target "ResolveBuildCompressedStaticWebAssets" depends on it):
   6:6>Task "GZipCompress" skipped, due to false condition; ('@(_GZipCompressedStaticWebAssets)' != '') was evaluated as ('' != '').
  10:6>ResolveAssemblyReferences:
             Resolved file path is "/Users/dacanetdev/.nuget/packages/microsoft.netcore.app.ref/8.0.13/ref/net8.0/System.IO.Pipes.AccessControl.dll".
   6:6>GenerateBuildCompressedStaticWebAssets:
       Task "BrotliCompress" skipped, due to false condition; ('@(_BrotliCompressedStaticWebAssets)' != '') was evaluated as ('' != '').
  10:6>ResolveAssemblyReferences:
             Reference found at search path location "{RawFileName}".
   6:6>Done building target "GenerateBuildCompressedStaticWebAssets" in project "DeventSoft.RoadmapSkills.Api.csproj".
  10:6>ResolveAssemblyReferences:
             This reference is not "CopyLocal" because at least one source item had "Private" set to "false" and no source items had "Private" set to "true".
             The ImageRuntimeVersion for this reference is "".
         Primary reference "System.IO.Pipes, Version=8.0.0.0, Culture=neutral, PublicKeyToken=b03f5f7f11d50a3a".
   6:6>Target "ResolveBuildCompressedStaticWebAssets" in file "/usr/local/share/dotnet/sdk/9.0.200/Sdks/Microsoft.NET.Sdk.StaticWebAssets/targets/Microsoft.NET.Sdk.StaticWebAssets.Compression.targets" from project "/Users/dacanetdev/Dev/AIGenerated/RoadmapSkills/src/DeventSoft.RoadmapSkills.Api/DeventSoft.RoadmapSkills.Api.csproj" (target "ResolveBuildRelatedStaticWebAssets" depends on it):
   6:6>Task "DefineStaticWebAssets"
  10:6>ResolveAssemblyReferences:
             Resolved file path is "/Users/dacanetdev/.nuget/packages/microsoft.netcore.app.ref/8.0.13/ref/net8.0/System.IO.Pipes.dll".
   6:6>Done executing task "DefineStaticWebAssets".
  10:6>ResolveAssemblyReferences:
             Reference found at search path location "{RawFileName}".
   6:6>Task "DefineStaticWebAssetEndpoints"
  10:6>ResolveAssemblyReferences:
             This reference is not "CopyLocal" because at least one source item had "Private" set to "false" and no source items had "Private" set to "true".
   6:6>Done executing task "DefineStaticWebAssetEndpoints".
  10:6>ResolveAssemblyReferences:
             The ImageRuntimeVersion for this reference is "".
   6:6>ResolveBuildCompressedStaticWebAssets:
       Using "ApplyCompressionNegotiation" task from assembly "/usr/local/share/dotnet/sdk/9.0.200/Sdks/Microsoft.NET.Sdk.StaticWebAssets/targets/../tasks/net9.0/Microsoft.NET.Sdk.StaticWebAssets.Tasks.dll".
  10:6>ResolveAssemblyReferences:
         Primary reference "System.IO.UnmanagedMemoryStream, Version=8.0.0.0, Culture=neutral, PublicKeyToken=b03f5f7f11d50a3a".
   6:6>Task "ApplyCompressionNegotiation"
  10:6>ResolveAssemblyReferences:
             Resolved file path is "/Users/dacanetdev/.nuget/packages/microsoft.netcore.app.ref/8.0.13/ref/net8.0/System.IO.UnmanagedMemoryStream.dll".
   6:6>Done executing task "ApplyCompressionNegotiation".
  10:6>ResolveAssemblyReferences:
             Reference found at search path location "{RawFileName}".
             This reference is not "CopyLocal" because at least one source item had "Private" set to "false" and no source items had "Private" set to "true".
   6:6>Done building target "ResolveBuildCompressedStaticWebAssets" in project "DeventSoft.RoadmapSkills.Api.csproj".
  10:6>ResolveAssemblyReferences:
             The ImageRuntimeVersion for this reference is "".
   6:6>Target "ResolveStaticWebAssetsInputs" skipped. Previously built successfully.
  10:6>ResolveAssemblyReferences:
         Primary reference "System.IO, Version=8.0.0.0, Culture=neutral, PublicKeyToken=b03f5f7f11d50a3a".
   6:6>Target "ResolveBuildRelatedStaticWebAssets" in file "/usr/local/share/dotnet/sdk/9.0.200/Sdks/Microsoft.NET.Sdk.StaticWebAssets/targets/Microsoft.NET.Sdk.StaticWebAssets.targets" from project "/Users/dacanetdev/Dev/AIGenerated/RoadmapSkills/src/DeventSoft.RoadmapSkills.Api/DeventSoft.RoadmapSkills.Api.csproj" (target "ResolveBuildStaticWebAssets" depends on it):
   6:6>Done building target "ResolveBuildRelatedStaticWebAssets" in project "DeventSoft.RoadmapSkills.Api.csproj".
  10:6>ResolveAssemblyReferences:
             Resolved file path is "/Users/dacanetdev/.nuget/packages/microsoft.netcore.app.ref/8.0.13/ref/net8.0/System.IO.dll".
             Reference found at search path location "{RawFileName}".
   6:6>Target "ResolveBuildStaticWebAssets" in file "/usr/local/share/dotnet/sdk/9.0.200/Sdks/Microsoft.NET.Sdk.StaticWebAssets/targets/Microsoft.NET.Sdk.StaticWebAssets.targets" from project "/Users/dacanetdev/Dev/AIGenerated/RoadmapSkills/src/DeventSoft.RoadmapSkills.Api/DeventSoft.RoadmapSkills.Api.csproj" (target "StaticWebAssetsPrepareForRun" depends on it):
   6:6>Done building target "ResolveBuildStaticWebAssets" in project "DeventSoft.RoadmapSkills.Api.csproj".
  10:6>ResolveAssemblyReferences:
             This reference is not "CopyLocal" because at least one source item had "Private" set to "false" and no source items had "Private" set to "true".
             The ImageRuntimeVersion for this reference is "".
   6:6>Target "ResolveBuildStaticWebAssets" skipped. Previously built successfully.
  10:6>ResolveAssemblyReferences:
         Primary reference "System.Linq.Expressions, Version=8.0.0.0, Culture=neutral, PublicKeyToken=b03f5f7f11d50a3a".
             Resolved file path is "/Users/dacanetdev/.nuget/packages/microsoft.netcore.app.ref/8.0.13/ref/net8.0/System.Linq.Expressions.dll".
   6:6>Target "GenerateStaticWebAssetsManifest" in file "/usr/local/share/dotnet/sdk/9.0.200/Sdks/Microsoft.NET.Sdk.StaticWebAssets/targets/Microsoft.NET.Sdk.StaticWebAssets.targets" from project "/Users/dacanetdev/Dev/AIGenerated/RoadmapSkills/src/DeventSoft.RoadmapSkills.Api/DeventSoft.RoadmapSkills.Api.csproj" (target "StaticWebAssetsPrepareForRun" depends on it):
   6:6>Task "MergeStaticWebAssets" skipped, due to false condition; ('@(StaticWebAssetsEmbeddedConfiguration)' != '') was evaluated as ('' != '').
  10:6>ResolveAssemblyReferences:
             Reference found at search path location "{RawFileName}".
             This reference is not "CopyLocal" because at least one source item had "Private" set to "false" and no source items had "Private" set to "true".
             The ImageRuntimeVersion for this reference is "".
     0>Property reassignment: $(ResolveCoreStaticWebAssetsDependsOn)="
      
      UpdateExistingPackageStaticWebAssets;
      ResolveProjectStaticWebAssets;
      ResolveEmbeddedProjectsStaticWebAssets;
      ResolveReferencedProjectsStaticWebAssets;
      ;
    ;
      ResolveJsInitializerModuleStaticWebAssets;
    " (previous value: "
      UpdateExistingPackageStaticWebAssets;
      ResolveProjectStaticWebAssets;
      ResolveEmbeddedProjectsStaticWebAssets;
      ResolveReferencedProjectsStaticWebAssets;
      ;
    ") at /usr/local/share/dotnet/sdk/9.0.200/Sdks/Microsoft.NET.Sdk.StaticWebAssets/targets/Microsoft.NET.Sdk.StaticWebAssets.JSModules.targets (37,5)
  10:6>ResolveAssemblyReferences:
         Primary reference "System.Linq.Parallel, Version=8.0.0.0, Culture=neutral, PublicKeyToken=b03f5f7f11d50a3a".
     0>Property reassignment: $(ResolveCoreStaticWebAssetsDependsOn)="
      
      
      UpdateExistingPackageStaticWebAssets;
      ResolveProjectStaticWebAssets;
      ResolveEmbeddedProjectsStaticWebAssets;
      ResolveReferencedProjectsStaticWebAssets;
      ;
    ;
      ResolveJsInitializerModuleStaticWebAssets;
    ;
      ResolveJSModuleStaticWebAssets;
    " (previous value: "
      
      UpdateExistingPackageStaticWebAssets;
      ResolveProjectStaticWebAssets;
      ResolveEmbeddedProjectsStaticWebAssets;
      ResolveReferencedProjectsStaticWebAssets;
      ;
    ;
      ResolveJsInitializerModuleStaticWebAssets;
    ") at /usr/local/share/dotnet/sdk/9.0.200/Sdks/Microsoft.NET.Sdk.StaticWebAssets/targets/Microsoft.NET.Sdk.StaticWebAssets.JSModules.targets (42,5)
  10:6>ResolveAssemblyReferences:
             Resolved file path is "/Users/dacanetdev/.nuget/packages/microsoft.netcore.app.ref/8.0.13/ref/net8.0/System.Linq.Parallel.dll".
   6:6>GenerateStaticWebAssetsManifest:
       Using "GenerateStaticWebAssetsManifest" task from assembly "/usr/local/share/dotnet/sdk/9.0.200/Sdks/Microsoft.NET.Sdk.StaticWebAssets/targets/../tasks/net9.0/Microsoft.NET.Sdk.StaticWebAssets.Tasks.dll".
     0>Property reassignment: $(ResolveStaticWebAssetsInputsDependsOn)="
      ResolveJSModuleManifestBuildStaticWebAssets;
      
    
      ResolveCoreStaticWebAssets;
      GenerateComputedBuildStaticWebAssets;
      
    ;
    ResolveScopedCssAssets;
  
    " (previous value: "
    
      ResolveCoreStaticWebAssets;
      GenerateComputedBuildStaticWebAssets;
      
    ;
    ResolveScopedCssAssets;
  ") at /usr/local/share/dotnet/sdk/9.0.200/Sdks/Microsoft.NET.Sdk.StaticWebAssets/targets/Microsoft.NET.Sdk.StaticWebAssets.JSModules.targets (57,5)
  10:6>ResolveAssemblyReferences:
             Reference found at search path location "{RawFileName}".
     0>Property reassignment: $(ResolvePublishStaticWebAssetsDependsOn)="
      ResolveJSModuleManifestPublishStaticWebAssets;
      
      ResolveCorePublishStaticWebAssets;
      GenerateComputedPublishStaticWebAssets;
      ;
    
    " (previous value: "
      ResolveCorePublishStaticWebAssets;
      GenerateComputedPublishStaticWebAssets;
      ;
    ") at /usr/local/share/dotnet/sdk/9.0.200/Sdks/Microsoft.NET.Sdk.StaticWebAssets/targets/Microsoft.NET.Sdk.StaticWebAssets.JSModules.targets (76,5)
   6:6>Task "GenerateStaticWebAssetsManifest"
  10:6>ResolveAssemblyReferences:
             This reference is not "CopyLocal" because at least one source item had "Private" set to "false" and no source items had "Private" set to "true".
             The ImageRuntimeVersion for this reference is "".
         Primary reference "System.Linq.Queryable, Version=8.0.0.0, Culture=neutral, PublicKeyToken=b03f5f7f11d50a3a".
             Resolved file path is "/Users/dacanetdev/.nuget/packages/microsoft.netcore.app.ref/8.0.13/ref/net8.0/System.Linq.Queryable.dll".
             Reference found at search path location "{RawFileName}".
             This reference is not "CopyLocal" because at least one source item had "Private" set to "false" and no source items had "Private" set to "true".
             The ImageRuntimeVersion for this reference is "".
         Primary reference "System.Linq, Version=8.0.0.0, Culture=neutral, PublicKeyToken=b03f5f7f11d50a3a".
             Resolved file path is "/Users/dacanetdev/.nuget/packages/microsoft.netcore.app.ref/8.0.13/ref/net8.0/System.Linq.dll".
             Reference found at search path location "{RawFileName}".
             This reference is not "CopyLocal" because at least one source item had "Private" set to "false" and no source items had "Private" set to "true".
             The ImageRuntimeVersion for this reference is "".
         Primary reference "System.Memory, Version=8.0.0.0, Culture=neutral, PublicKeyToken=cc7b13ffcd2ddd51".
   6:6>GenerateStaticWebAssetsManifest:
         Generating manifest for '0' assets and '0' endpoints
  10:6>ResolveAssemblyReferences:
             Resolved file path is "/Users/dacanetdev/.nuget/packages/microsoft.netcore.app.ref/8.0.13/ref/net8.0/System.Memory.dll".
             Reference found at search path location "{RawFileName}".
             This reference is not "CopyLocal" because at least one source item had "Private" set to "false" and no source items had "Private" set to "true".
             The ImageRuntimeVersion for this reference is "".
         Primary reference "System.Net.Http.Json, Version=8.0.0.0, Culture=neutral, PublicKeyToken=cc7b13ffcd2ddd51".
             Resolved file path is "/Users/dacanetdev/.nuget/packages/microsoft.netcore.app.ref/8.0.13/ref/net8.0/System.Net.Http.Json.dll".
             Reference found at search path location "{RawFileName}".
             This reference is not "CopyLocal" because at least one source item had "Private" set to "false" and no source items had "Private" set to "true".
             The ImageRuntimeVersion for this reference is "".
         Primary reference "System.Net.Http, Version=8.0.0.0, Culture=neutral, PublicKeyToken=b03f5f7f11d50a3a".
             Resolved file path is "/Users/dacanetdev/.nuget/packages/microsoft.netcore.app.ref/8.0.13/ref/net8.0/System.Net.Http.dll".
             Reference found at search path location "{RawFileName}".
             This reference is not "CopyLocal" because at least one source item had "Private" set to "false" and no source items had "Private" set to "true".
             The ImageRuntimeVersion for this reference is "".
         Primary reference "System.Net.HttpListener, Version=8.0.0.0, Culture=neutral, PublicKeyToken=cc7b13ffcd2ddd51".
             Resolved file path is "/Users/dacanetdev/.nuget/packages/microsoft.netcore.app.ref/8.0.13/ref/net8.0/System.Net.HttpListener.dll".
             Reference found at search path location "{RawFileName}".
             This reference is not "CopyLocal" because at least one source item had "Private" set to "false" and no source items had "Private" set to "true".
             The ImageRuntimeVersion for this reference is "".
         Primary reference "System.Net.Mail, Version=8.0.0.0, Culture=neutral, PublicKeyToken=cc7b13ffcd2ddd51".
             Resolved file path is "/Users/dacanetdev/.nuget/packages/microsoft.netcore.app.ref/8.0.13/ref/net8.0/System.Net.Mail.dll".
             Reference found at search path location "{RawFileName}".
             This reference is not "CopyLocal" because at least one source item had "Private" set to "false" and no source items had "Private" set to "true".
             The ImageRuntimeVersion for this reference is "".
         Primary reference "System.Net.NameResolution, Version=8.0.0.0, Culture=neutral, PublicKeyToken=b03f5f7f11d50a3a".
             Resolved file path is "/Users/dacanetdev/.nuget/packages/microsoft.netcore.app.ref/8.0.13/ref/net8.0/System.Net.NameResolution.dll".
             Reference found at search path location "{RawFileName}".
             This reference is not "CopyLocal" because at least one source item had "Private" set to "false" and no source items had "Private" set to "true".
             The ImageRuntimeVersion for this reference is "".
         Primary reference "System.Net.NetworkInformation, Version=8.0.0.0, Culture=neutral, PublicKeyToken=b03f5f7f11d50a3a".
             Resolved file path is "/Users/dacanetdev/.nuget/packages/microsoft.netcore.app.ref/8.0.13/ref/net8.0/System.Net.NetworkInformation.dll".
             Reference found at search path location "{RawFileName}".
             This reference is not "CopyLocal" because at least one source item had "Private" set to "false" and no source items had "Private" set to "true".
   6:6>GenerateStaticWebAssetsManifest:
         Skipping manifest updated because manifest version 'HMX+ib9spJDRMOjXh4XXtCucSAHwJmQieNTMya6mWrs=' has not changed.
  10:6>ResolveAssemblyReferences:
             The ImageRuntimeVersion for this reference is "".
         Primary reference "System.Net.Ping, Version=8.0.0.0, Culture=neutral, PublicKeyToken=b03f5f7f11d50a3a".
   6:6>Done executing task "GenerateStaticWebAssetsManifest".
  10:6>ResolveAssemblyReferences:
             Resolved file path is "/Users/dacanetdev/.nuget/packages/microsoft.netcore.app.ref/8.0.13/ref/net8.0/System.Net.Ping.dll".
             Reference found at search path location "{RawFileName}".
             This reference is not "CopyLocal" because at least one source item had "Private" set to "false" and no source items had "Private" set to "true".
             The ImageRuntimeVersion for this reference is "".
         Primary reference "System.Net.Primitives, Version=8.0.0.0, Culture=neutral, PublicKeyToken=b03f5f7f11d50a3a".
             Resolved file path is "/Users/dacanetdev/.nuget/packages/microsoft.netcore.app.ref/8.0.13/ref/net8.0/System.Net.Primitives.dll".
             Reference found at search path location "{RawFileName}".
             This reference is not "CopyLocal" because at least one source item had "Private" set to "false" and no source items had "Private" set to "true".
             The ImageRuntimeVersion for this reference is "".
         Primary reference "System.Net.Quic, Version=8.0.0.0, Culture=neutral, PublicKeyToken=b03f5f7f11d50a3a".
   6:6>GenerateStaticWebAssetsManifest:
       Using "GenerateStaticWebAssetEndpointsManifest" task from assembly "/usr/local/share/dotnet/sdk/9.0.200/Sdks/Microsoft.NET.Sdk.StaticWebAssets/targets/../tasks/net9.0/Microsoft.NET.Sdk.StaticWebAssets.Tasks.dll".
  10:6>ResolveAssemblyReferences:
             Resolved file path is "/Users/dacanetdev/.nuget/packages/microsoft.netcore.app.ref/8.0.13/ref/net8.0/System.Net.Quic.dll".
             Reference found at search path location "{RawFileName}".
             This reference is not "CopyLocal" because at least one source item had "Private" set to "false" and no source items had "Private" set to "true".
   6:6>Task "GenerateStaticWebAssetEndpointsManifest"
     0>Property reassignment: $(ResolveBuildRelatedStaticWebAssetsDependsOn)="
      ResolveBuildCompressedStaticWebAssets;
      
      ResolveStaticWebAssetsInputs;
      
    
    " (previous value: "
      ResolveStaticWebAssetsInputs;
      
    ") at /usr/local/share/dotnet/sdk/9.0.200/Sdks/Microsoft.NET.Sdk.StaticWebAssets/targets/Microsoft.NET.Sdk.StaticWebAssets.Compression.targets (179,5)
       Property reassignment: $(ResolvePublishRelatedStaticWebAssetsDependsOn)="
             ResolvePublishCompressedStaticWebAssets;
             
           " (previous value: "") at /usr/local/share/dotnet/sdk/9.0.200/Sdks/Microsoft.NET.Sdk.StaticWebAssets/targets/Microsoft.NET.Sdk.StaticWebAssets.Compression.targets (198,5)
   6:6>GenerateStaticWebAssetsManifest:
         Skipping artifact updated because artifact version 'NI4lWDqOVhEAbhou9pE6iW5QFiWHTNiQpSdU7KwU11A=' has not changed.
       Done executing task "GenerateStaticWebAssetEndpointsManifest".
       Using "GenerateStaticWebAssetsDevelopmentManifest" task from assembly "/usr/local/share/dotnet/sdk/9.0.200/Sdks/Microsoft.NET.Sdk.StaticWebAssets/targets/../tasks/net9.0/Microsoft.NET.Sdk.StaticWebAssets.Tasks.dll".
       Task "GenerateStaticWebAssetsDevelopmentManifest"
         Skipping manifest generation because no assets nor discovery patterns were found.
       Done executing task "GenerateStaticWebAssetsDevelopmentManifest".
   6:6>Done building target "GenerateStaticWebAssetsManifest" in project "DeventSoft.RoadmapSkills.Api.csproj".
   6:6>Target "GenerateStaticWebAssetsPackFiles" in file "/usr/local/share/dotnet/sdk/9.0.200/Sdks/Microsoft.NET.Sdk.StaticWebAssets/targets/Microsoft.NET.Sdk.StaticWebAssets.Pack.targets" from project "/Users/dacanetdev/Dev/AIGenerated/RoadmapSkills/src/DeventSoft.RoadmapSkills.Api/DeventSoft.RoadmapSkills.Api.csproj" (target "StaticWebAssetsPrepareForRun" depends on it):
       Using "ComputeReferenceStaticWebAssetItems" task from assembly "/usr/local/share/dotnet/sdk/9.0.200/Sdks/Microsoft.NET.Sdk.StaticWebAssets/targets/../tasks/net9.0/Microsoft.NET.Sdk.StaticWebAssets.Tasks.dll".
       Task "ComputeReferenceStaticWebAssetItems"
       Done executing task "ComputeReferenceStaticWebAssetItems".
       Using "ComputeEndpointsForReferenceStaticWebAssets" task from assembly "/usr/local/share/dotnet/sdk/9.0.200/Sdks/Microsoft.NET.Sdk.StaticWebAssets/targets/../tasks/net9.0/Microsoft.NET.Sdk.StaticWebAssets.Tasks.dll".
       Task "ComputeEndpointsForReferenceStaticWebAssets"
       Done executing task "ComputeEndpointsForReferenceStaticWebAssets".
       Using "GenerateStaticWebAssetsPropsFile" task from assembly "/usr/local/share/dotnet/sdk/9.0.200/Sdks/Microsoft.NET.Sdk.StaticWebAssets/targets/../tasks/net9.0/Microsoft.NET.Sdk.StaticWebAssets.Tasks.dll".
       Task "GenerateStaticWebAssetsPropsFile"
       Done executing task "GenerateStaticWebAssetsPropsFile".
       Using "GenerateStaticWebAssetEndpointsPropsFile" task from assembly "/usr/local/share/dotnet/sdk/9.0.200/Sdks/Microsoft.NET.Sdk.StaticWebAssets/targets/../tasks/net9.0/Microsoft.NET.Sdk.StaticWebAssets.Tasks.dll".
       Task "GenerateStaticWebAssetEndpointsPropsFile"
       Done executing task "GenerateStaticWebAssetEndpointsPropsFile".
       Using "StaticWebAssetsGeneratePackagePropsFile" task from assembly "/usr/local/share/dotnet/sdk/9.0.200/Sdks/Microsoft.NET.Sdk.StaticWebAssets/targets/../tasks/net9.0/Microsoft.NET.Sdk.StaticWebAssets.Tasks.dll".
       Task "StaticWebAssetsGeneratePackagePropsFile"
     0>Property reassignment: $(DebugSymbolsProjectOutputGroupDependsOn)="
      ;
      _RazorAddDebugSymbolsProjectOutputGroupOutput
    " (previous value: "") at /usr/local/share/dotnet/sdk/9.0.200/Sdks/Microsoft.NET.Sdk.Razor/targets/Sdk.Razor.CurrentVersion.targets (205,5)
       Property reassignment: $(PrepareForBuildDependsOn)="
             ;GetFrameworkPaths;GetReferenceAssemblyPaths;AssignLinkMetadata;
             ResolveRazorGenerateInputs
           " (previous value: ";GetFrameworkPaths;GetReferenceAssemblyPaths;AssignLinkMetadata") at /usr/local/share/dotnet/sdk/9.0.200/Sdks/Microsoft.NET.Sdk.Razor/targets/Sdk.Razor.CurrentVersion.targets (210,5)
       Property reassignment: $(GenerateNuspecDependsOn)="
             ResolveRazorGenerateInputs;
             
             IncludeStaticWebAssetsPackItems;
             Build;_LoadPackInputItems; _GetTargetFrameworksOutput; _WalkEachTargetPerFramework; _GetPackageFiles; ;
           
           " (previous value: "
             IncludeStaticWebAssetsPackItems;
             Build;_LoadPackInputItems; _GetTargetFrameworksOutput; _WalkEachTargetPerFramework; _GetPackageFiles; ;
           ") at /usr/local/share/dotnet/sdk/9.0.200/Sdks/Microsoft.NET.Sdk.Razor/targets/Sdk.Razor.CurrentVersion.targets (215,5)
       Property reassignment: $(PrepareForRunDependsOn)="
             _RazorPrepareForRun;
             StaticWebAssetsPrepareForRun;
             CopyFilesToOutputDirectory
           
           " (previous value: "StaticWebAssetsPrepareForRun;
             CopyFilesToOutputDirectory
           ") at /usr/local/share/dotnet/sdk/9.0.200/Sdks/Microsoft.NET.Sdk.Razor/targets/Sdk.Razor.CurrentVersion.targets (220,5)
   6:6>GenerateStaticWebAssetsPackFiles:
         Skipping file update because the hash 'AavPAD+xJKfSFKiJjCkywRua6vCo7L0Wu8oYT11LhZs=' has not changed.
       Done executing task "StaticWebAssetsGeneratePackagePropsFile".
       Task "StaticWebAssetsGeneratePackagePropsFile"
     0>Property reassignment: $(UseRazorBuildServer)="true" (previous value: "") at /usr/local/share/dotnet/sdk/9.0.200/Sdks/Microsoft.NET.Sdk.Razor/targets/Sdk.Razor.CurrentVersion.targets (311,5)
       Property reassignment: $(_RazorDebugSymbolsProduced)="true" (previous value: "false") at /usr/local/share/dotnet/sdk/9.0.200/Sdks/Microsoft.NET.Sdk.Razor/targets/Sdk.Razor.CurrentVersion.targets (317,5)
   6:6>GenerateStaticWebAssetsPackFiles:
         Skipping file update because the hash 'wWrHd99to1Tdq4KZ9vC30EixtQewNDvS9IWiqSOfeKo=' has not changed.
       Done executing task "StaticWebAssetsGeneratePackagePropsFile".
       Task "StaticWebAssetsGeneratePackagePropsFile"
  10:6>ResolveAssemblyReferences:
             The ImageRuntimeVersion for this reference is "".
         Primary reference "System.Net.Requests, Version=8.0.0.0, Culture=neutral, PublicKeyToken=b03f5f7f11d50a3a".
             Resolved file path is "/Users/dacanetdev/.nuget/packages/microsoft.netcore.app.ref/8.0.13/ref/net8.0/System.Net.Requests.dll".
             Reference found at search path location "{RawFileName}".
             This reference is not "CopyLocal" because at least one source item had "Private" set to "false" and no source items had "Private" set to "true".
             The ImageRuntimeVersion for this reference is "".
         Primary reference "System.Net.Security, Version=8.0.0.0, Culture=neutral, PublicKeyToken=b03f5f7f11d50a3a".
             Resolved file path is "/Users/dacanetdev/.nuget/packages/microsoft.netcore.app.ref/8.0.13/ref/net8.0/System.Net.Security.dll".
   6:6>GenerateStaticWebAssetsPackFiles:
         Skipping file update because the hash 'BhKFJYBdgaZeAG8DKqPKn/2zfORolsXn8FSgnolwOVw=' has not changed.
  10:6>ResolveAssemblyReferences:
             Reference found at search path location "{RawFileName}".
             This reference is not "CopyLocal" because at least one source item had "Private" set to "false" and no source items had "Private" set to "true".
   6:6>Done executing task "StaticWebAssetsGeneratePackagePropsFile".
  10:6>ResolveAssemblyReferences:
             The ImageRuntimeVersion for this reference is "".
         Primary reference "System.Net.ServicePoint, Version=8.0.0.0, Culture=neutral, PublicKeyToken=cc7b13ffcd2ddd51".
             Resolved file path is "/Users/dacanetdev/.nuget/packages/microsoft.netcore.app.ref/8.0.13/ref/net8.0/System.Net.ServicePoint.dll".
             Reference found at search path location "{RawFileName}".
             This reference is not "CopyLocal" because at least one source item had "Private" set to "false" and no source items had "Private" set to "true".
             The ImageRuntimeVersion for this reference is "".
         Primary reference "System.Net.Sockets, Version=8.0.0.0, Culture=neutral, PublicKeyToken=b03f5f7f11d50a3a".
   6:6>GenerateStaticWebAssetsPackFiles:
       Using "ComputeStaticWebAssetsTargetPaths" task from assembly "/usr/local/share/dotnet/sdk/9.0.200/Sdks/Microsoft.NET.Sdk.StaticWebAssets/targets/../tasks/net9.0/Microsoft.NET.Sdk.StaticWebAssets.Tasks.dll".
  10:6>ResolveAssemblyReferences:
             Resolved file path is "/Users/dacanetdev/.nuget/packages/microsoft.netcore.app.ref/8.0.13/ref/net8.0/System.Net.Sockets.dll".
   6:6>Task "ComputeStaticWebAssetsTargetPaths"
  10:6>ResolveAssemblyReferences:
             Reference found at search path location "{RawFileName}".
             This reference is not "CopyLocal" because at least one source item had "Private" set to "false" and no source items had "Private" set to "true".
             The ImageRuntimeVersion for this reference is "".
         Primary reference "System.Net.WebClient, Version=8.0.0.0, Culture=neutral, PublicKeyToken=cc7b13ffcd2ddd51".
             Resolved file path is "/Users/dacanetdev/.nuget/packages/microsoft.netcore.app.ref/8.0.13/ref/net8.0/System.Net.WebClient.dll".
   6:6>GenerateStaticWebAssetsPackFiles:
         Using path prefix 'staticwebassets'
  10:6>ResolveAssemblyReferences:
             Reference found at search path location "{RawFileName}".
             This reference is not "CopyLocal" because at least one source item had "Private" set to "false" and no source items had "Private" set to "true".
   6:6>Done executing task "ComputeStaticWebAssetsTargetPaths".
  10:6>ResolveAssemblyReferences:
             The ImageRuntimeVersion for this reference is "".
         Primary reference "System.Net.WebHeaderCollection, Version=8.0.0.0, Culture=neutral, PublicKeyToken=b03f5f7f11d50a3a".
             Resolved file path is "/Users/dacanetdev/.nuget/packages/microsoft.netcore.app.ref/8.0.13/ref/net8.0/System.Net.WebHeaderCollection.dll".
             Reference found at search path location "{RawFileName}".
             This reference is not "CopyLocal" because at least one source item had "Private" set to "false" and no source items had "Private" set to "true".
             The ImageRuntimeVersion for this reference is "".
         Primary reference "System.Net.WebProxy, Version=8.0.0.0, Culture=neutral, PublicKeyToken=cc7b13ffcd2ddd51".
   6:6>GenerateStaticWebAssetsPackFiles:
       Using "StaticWebAssetsGeneratePackManifest" task from assembly "/usr/local/share/dotnet/sdk/9.0.200/Sdks/Microsoft.NET.Sdk.StaticWebAssets/targets/../tasks/net9.0/Microsoft.NET.Sdk.StaticWebAssets.Tasks.dll".
  10:6>ResolveAssemblyReferences:
             Resolved file path is "/Users/dacanetdev/.nuget/packages/microsoft.netcore.app.ref/8.0.13/ref/net8.0/System.Net.WebProxy.dll".
   6:6>Task "StaticWebAssetsGeneratePackManifest"
  10:6>ResolveAssemblyReferences:
             Reference found at search path location "{RawFileName}".
             This reference is not "CopyLocal" because at least one source item had "Private" set to "false" and no source items had "Private" set to "true".
             The ImageRuntimeVersion for this reference is "".
         Primary reference "System.Net.WebSockets.Client, Version=8.0.0.0, Culture=neutral, PublicKeyToken=b03f5f7f11d50a3a".
             Resolved file path is "/Users/dacanetdev/.nuget/packages/microsoft.netcore.app.ref/8.0.13/ref/net8.0/System.Net.WebSockets.Client.dll".
             Reference found at search path location "{RawFileName}".
             This reference is not "CopyLocal" because at least one source item had "Private" set to "false" and no source items had "Private" set to "true".
             The ImageRuntimeVersion for this reference is "".
         Primary reference "System.Net.WebSockets, Version=8.0.0.0, Culture=neutral, PublicKeyToken=b03f5f7f11d50a3a".
             Resolved file path is "/Users/dacanetdev/.nuget/packages/microsoft.netcore.app.ref/8.0.13/ref/net8.0/System.Net.WebSockets.dll".
             Reference found at search path location "{RawFileName}".
             This reference is not "CopyLocal" because at least one source item had "Private" set to "false" and no source items had "Private" set to "true".
             The ImageRuntimeVersion for this reference is "".
   6:6>GenerateStaticWebAssetsPackFiles:
         Skipping manifest creation because there are no static web assets to pack.
  10:6>ResolveAssemblyReferences:
         Primary reference "System.Net, Version=4.0.0.0, Culture=neutral, PublicKeyToken=b03f5f7f11d50a3a".
   6:6>Done executing task "StaticWebAssetsGeneratePackManifest".
  10:6>ResolveAssemblyReferences:
             Resolved file path is "/Users/dacanetdev/.nuget/packages/microsoft.netcore.app.ref/8.0.13/ref/net8.0/System.Net.dll".
   6:6>Done building target "GenerateStaticWebAssetsPackFiles" in project "DeventSoft.RoadmapSkills.Api.csproj".
  10:6>ResolveAssemblyReferences:
             Reference found at search path location "{RawFileName}".
             This reference is not "CopyLocal" because at least one source item had "Private" set to "false" and no source items had "Private" set to "true".
             The ImageRuntimeVersion for this reference is "".
         Primary reference "System.Numerics.Vectors, Version=8.0.0.0, Culture=neutral, PublicKeyToken=b03f5f7f11d50a3a".
             Resolved file path is "/Users/dacanetdev/.nuget/packages/microsoft.netcore.app.ref/8.0.13/ref/net8.0/System.Numerics.Vectors.dll".
             Reference found at search path location "{RawFileName}".
             This reference is not "CopyLocal" because at least one source item had "Private" set to "false" and no source items had "Private" set to "true".
             The ImageRuntimeVersion for this reference is "".
   6:6>Target "LoadStaticWebAssetsBuildManifest" in file "/usr/local/share/dotnet/sdk/9.0.200/Sdks/Microsoft.NET.Sdk.StaticWebAssets/targets/Microsoft.NET.Sdk.StaticWebAssets.Publish.targets" from project "/Users/dacanetdev/Dev/AIGenerated/RoadmapSkills/src/DeventSoft.RoadmapSkills.Api/DeventSoft.RoadmapSkills.Api.csproj" (target "CopyStaticWebAssetsToOutputDirectory" depends on it):
   6:6>Using "ReadStaticWebAssetsManifestFile" task from assembly "/usr/local/share/dotnet/sdk/9.0.200/Sdks/Microsoft.NET.Sdk.StaticWebAssets/targets/../tasks/net9.0/Microsoft.NET.Sdk.StaticWebAssets.Tasks.dll".
  10:6>ResolveAssemblyReferences:
         Primary reference "System.Numerics, Version=4.0.0.0, Culture=neutral, PublicKeyToken=b77a5c561934e089".
             Resolved file path is "/Users/dacanetdev/.nuget/packages/microsoft.netcore.app.ref/8.0.13/ref/net8.0/System.Numerics.dll".
   6:6>Task "ReadStaticWebAssetsManifestFile"
  10:6>ResolveAssemblyReferences:
             Reference found at search path location "{RawFileName}".
             This reference is not "CopyLocal" because at least one source item had "Private" set to "false" and no source items had "Private" set to "true".
             The ImageRuntimeVersion for this reference is "".
         Primary reference "System.ObjectModel, Version=8.0.0.0, Culture=neutral, PublicKeyToken=b03f5f7f11d50a3a".
             Resolved file path is "/Users/dacanetdev/.nuget/packages/microsoft.netcore.app.ref/8.0.13/ref/net8.0/System.ObjectModel.dll".
             Reference found at search path location "{RawFileName}".
             This reference is not "CopyLocal" because at least one source item had "Private" set to "false" and no source items had "Private" set to "true".
             The ImageRuntimeVersion for this reference is "".
         Primary reference "System.Reflection.DispatchProxy, Version=8.0.0.0, Culture=neutral, PublicKeyToken=b03f5f7f11d50a3a".
             Resolved file path is "/Users/dacanetdev/.nuget/packages/microsoft.netcore.app.ref/8.0.13/ref/net8.0/System.Reflection.DispatchProxy.dll".
             Reference found at search path location "{RawFileName}".
             This reference is not "CopyLocal" because at least one source item had "Private" set to "false" and no source items had "Private" set to "true".
             The ImageRuntimeVersion for this reference is "".
   6:6>Done executing task "ReadStaticWebAssetsManifestFile".
  10:6>ResolveAssemblyReferences:
         Primary reference "System.Reflection.Emit.ILGeneration, Version=8.0.0.0, Culture=neutral, PublicKeyToken=b03f5f7f11d50a3a".
   6:6>Done building target "LoadStaticWebAssetsBuildManifest" in project "DeventSoft.RoadmapSkills.Api.csproj".
  10:6>ResolveAssemblyReferences:
             Resolved file path is "/Users/dacanetdev/.nuget/packages/microsoft.netcore.app.ref/8.0.13/ref/net8.0/System.Reflection.Emit.ILGeneration.dll".
             Reference found at search path location "{RawFileName}".
   6:6>Target "_EnsureContentRootFolders" in file "/usr/local/share/dotnet/sdk/9.0.200/Sdks/Microsoft.NET.Sdk.StaticWebAssets/targets/Microsoft.NET.Sdk.StaticWebAssets.targets" from project "/Users/dacanetdev/Dev/AIGenerated/RoadmapSkills/src/DeventSoft.RoadmapSkills.Api/DeventSoft.RoadmapSkills.Api.csproj" (target "CopyStaticWebAssetsToOutputDirectory" depends on it):
   6:6>Task "MakeDir"
  10:6>ResolveAssemblyReferences:
             This reference is not "CopyLocal" because at least one source item had "Private" set to "false" and no source items had "Private" set to "true".
   6:6>Done executing task "MakeDir".
  10:6>ResolveAssemblyReferences:
             The ImageRuntimeVersion for this reference is "".
   6:6>Done building target "_EnsureContentRootFolders" in project "DeventSoft.RoadmapSkills.Api.csproj".
  10:6>ResolveAssemblyReferences:
         Primary reference "System.Reflection.Emit.Lightweight, Version=8.0.0.0, Culture=neutral, PublicKeyToken=b03f5f7f11d50a3a".
             Resolved file path is "/Users/dacanetdev/.nuget/packages/microsoft.netcore.app.ref/8.0.13/ref/net8.0/System.Reflection.Emit.Lightweight.dll".
   6:6>Target "CopyStaticWebAssetsToOutputDirectory" in file "/usr/local/share/dotnet/sdk/9.0.200/Sdks/Microsoft.NET.Sdk.StaticWebAssets/targets/Microsoft.NET.Sdk.StaticWebAssets.targets" from project "/Users/dacanetdev/Dev/AIGenerated/RoadmapSkills/src/DeventSoft.RoadmapSkills.Api/DeventSoft.RoadmapSkills.Api.csproj" (target "StaticWebAssetsPrepareForRun" depends on it):
   6:6>Done building target "CopyStaticWebAssetsToOutputDirectory" in project "DeventSoft.RoadmapSkills.Api.csproj".
  10:6>ResolveAssemblyReferences:
             Reference found at search path location "{RawFileName}".
             This reference is not "CopyLocal" because at least one source item had "Private" set to "false" and no source items had "Private" set to "true".
   6:6>Target "_SplitStaticWebAssetsByCopyOptions" in file "/usr/local/share/dotnet/sdk/9.0.200/Sdks/Microsoft.NET.Sdk.StaticWebAssets/targets/Microsoft.NET.Sdk.StaticWebAssets.targets" from project "/Users/dacanetdev/Dev/AIGenerated/RoadmapSkills/src/DeventSoft.RoadmapSkills.Api/DeventSoft.RoadmapSkills.Api.csproj" (target "StaticWebAssetsPrepareForRun" depends on it):
   6:6>Using "CollectStaticWebAssetsToCopy" task from assembly "/usr/local/share/dotnet/sdk/9.0.200/Sdks/Microsoft.NET.Sdk.StaticWebAssets/targets/../tasks/net9.0/Microsoft.NET.Sdk.StaticWebAssets.Tasks.dll".
       Task "CollectStaticWebAssetsToCopy"
  10:6>ResolveAssemblyReferences:
             The ImageRuntimeVersion for this reference is "".
         Primary reference "System.Reflection.Emit, Version=8.0.0.0, Culture=neutral, PublicKeyToken=b03f5f7f11d50a3a".
             Resolved file path is "/Users/dacanetdev/.nuget/packages/microsoft.netcore.app.ref/8.0.13/ref/net8.0/System.Reflection.Emit.dll".
   6:6>Done executing task "CollectStaticWebAssetsToCopy".
  10:6>ResolveAssemblyReferences:
             Reference found at search path location "{RawFileName}".
             This reference is not "CopyLocal" because at least one source item had "Private" set to "false" and no source items had "Private" set to "true".
   6:6>Done building target "_SplitStaticWebAssetsByCopyOptions" in project "DeventSoft.RoadmapSkills.Api.csproj".
  10:6>ResolveAssemblyReferences:
             The ImageRuntimeVersion for this reference is "".
         Primary reference "System.Reflection.Extensions, Version=8.0.0.0, Culture=neutral, PublicKeyToken=b03f5f7f11d50a3a".
   6:6>Target "_BuildCopyStaticWebAssetsPreserveNewest" in file "/usr/local/share/dotnet/sdk/9.0.200/Sdks/Microsoft.NET.Sdk.StaticWebAssets/targets/Microsoft.NET.Sdk.StaticWebAssets.targets" from project "/Users/dacanetdev/Dev/AIGenerated/RoadmapSkills/src/DeventSoft.RoadmapSkills.Api/DeventSoft.RoadmapSkills.Api.csproj" (target "StaticWebAssetsPrepareForRun" depends on it):
   6:6>Skipping target "_BuildCopyStaticWebAssetsPreserveNewest" because it has no outputs.
  10:6>ResolveAssemblyReferences:
             Resolved file path is "/Users/dacanetdev/.nuget/packages/microsoft.netcore.app.ref/8.0.13/ref/net8.0/System.Reflection.Extensions.dll".
   6:6>_BuildCopyStaticWebAssetsPreserveNewest:
       Though the target has declared its outputs, the output specification only references empty properties and/or empty item lists.
   6:6>Done building target "_BuildCopyStaticWebAssetsPreserveNewest" in project "DeventSoft.RoadmapSkills.Api.csproj".
  10:6>ResolveAssemblyReferences:
             Reference found at search path location "{RawFileName}".
             This reference is not "CopyLocal" because at least one source item had "Private" set to "false" and no source items had "Private" set to "true".
             The ImageRuntimeVersion for this reference is "".
         Primary reference "System.Reflection.Metadata, Version=8.0.0.0, Culture=neutral, PublicKeyToken=b03f5f7f11d50a3a".
   6:6>Target "_BuildCopyStaticWebAssetsAlways" in file "/usr/local/share/dotnet/sdk/9.0.200/Sdks/Microsoft.NET.Sdk.StaticWebAssets/targets/Microsoft.NET.Sdk.StaticWebAssets.targets" from project "/Users/dacanetdev/Dev/AIGenerated/RoadmapSkills/src/DeventSoft.RoadmapSkills.Api/DeventSoft.RoadmapSkills.Api.csproj" (target "StaticWebAssetsPrepareForRun" depends on it):
   6:6>Using "Copy" task from assembly "Microsoft.Build.Tasks.Core, Version=15.1.0.0, Culture=neutral, PublicKeyToken=b03f5f7f11d50a3a".
  10:6>ResolveAssemblyReferences:
             Resolved file path is "/Users/dacanetdev/.nuget/packages/microsoft.netcore.app.ref/8.0.13/ref/net8.0/System.Reflection.Metadata.dll".
   6:6>Task "Copy"
  10:6>ResolveAssemblyReferences:
             Reference found at search path location "{RawFileName}".
             This reference is not "CopyLocal" because at least one source item had "Private" set to "false" and no source items had "Private" set to "true".
             The ImageRuntimeVersion for this reference is "".
         Primary reference "System.Reflection.Primitives, Version=8.0.0.0, Culture=neutral, PublicKeyToken=b03f5f7f11d50a3a".
             Resolved file path is "/Users/dacanetdev/.nuget/packages/microsoft.netcore.app.ref/8.0.13/ref/net8.0/System.Reflection.Primitives.dll".
   6:6>Done executing task "Copy".
  10:6>ResolveAssemblyReferences:
             Reference found at search path location "{RawFileName}".
   6:6>Done building target "_BuildCopyStaticWebAssetsAlways" in project "DeventSoft.RoadmapSkills.Api.csproj".
  10:6>ResolveAssemblyReferences:
             This reference is not "CopyLocal" because at least one source item had "Private" set to "false" and no source items had "Private" set to "true".
   6:6>Target "StaticWebAssetsPrepareForRun" in file "/usr/local/share/dotnet/sdk/9.0.200/Sdks/Microsoft.NET.Sdk.StaticWebAssets/targets/Microsoft.NET.Sdk.StaticWebAssets.targets" from project "/Users/dacanetdev/Dev/AIGenerated/RoadmapSkills/src/DeventSoft.RoadmapSkills.Api/DeventSoft.RoadmapSkills.Api.csproj" (target "PrepareForRun" depends on it):
   6:6>Done building target "StaticWebAssetsPrepareForRun" in project "DeventSoft.RoadmapSkills.Api.csproj".
  10:6>ResolveAssemblyReferences:
             The ImageRuntimeVersion for this reference is "".
         Primary reference "System.Reflection.TypeExtensions, Version=8.0.0.0, Culture=neutral, PublicKeyToken=b03f5f7f11d50a3a".
   6:6>Target "ComputeIntermediateSatelliteAssemblies" skipped, due to false condition; (@(EmbeddedResource->'%(WithCulture)') != '') was evaluated as ( != '').
  10:6>ResolveAssemblyReferences:
             Resolved file path is "/Users/dacanetdev/.nuget/packages/microsoft.netcore.app.ref/8.0.13/ref/net8.0/System.Reflection.TypeExtensions.dll".
   6:6>Target "_CopyFilesMarkedCopyLocal" in file "/usr/local/share/dotnet/sdk/9.0.200/Microsoft.Common.CurrentVersion.targets" from project "/Users/dacanetdev/Dev/AIGenerated/RoadmapSkills/src/DeventSoft.RoadmapSkills.Api/DeventSoft.RoadmapSkills.Api.csproj" (target "CopyFilesToOutputDirectory" depends on it):
   6:6>Task "Copy"
  10:6>ResolveAssemblyReferences:
             Reference found at search path location "{RawFileName}".
             This reference is not "CopyLocal" because at least one source item had "Private" set to "false" and no source items had "Private" set to "true".
             The ImageRuntimeVersion for this reference is "".
         Primary reference "System.Reflection, Version=8.0.0.0, Culture=neutral, PublicKeyToken=b03f5f7f11d50a3a".
             Resolved file path is "/Users/dacanetdev/.nuget/packages/microsoft.netcore.app.ref/8.0.13/ref/net8.0/System.Reflection.dll".
             Reference found at search path location "{RawFileName}".
             This reference is not "CopyLocal" because at least one source item had "Private" set to "false" and no source items had "Private" set to "true".
             The ImageRuntimeVersion for this reference is "".
         Primary reference "System.Resources.Reader, Version=8.0.0.0, Culture=neutral, PublicKeyToken=b03f5f7f11d50a3a".
             Resolved file path is "/Users/dacanetdev/.nuget/packages/microsoft.netcore.app.ref/8.0.13/ref/net8.0/System.Resources.Reader.dll".
             Reference found at search path location "{RawFileName}".
             This reference is not "CopyLocal" because at least one source item had "Private" set to "false" and no source items had "Private" set to "true".
             The ImageRuntimeVersion for this reference is "".
         Primary reference "System.Resources.ResourceManager, Version=8.0.0.0, Culture=neutral, PublicKeyToken=b03f5f7f11d50a3a".
             Resolved file path is "/Users/dacanetdev/.nuget/packages/microsoft.netcore.app.ref/8.0.13/ref/net8.0/System.Resources.ResourceManager.dll".
   6:6>_CopyFilesMarkedCopyLocal:
         Did not copy from file "/Users/dacanetdev/.nuget/packages/microsoft.openapi/1.4.3/lib/netstandard2.0/Microsoft.OpenApi.dll" to file "bin/Debug/net8.0/Microsoft.OpenApi.dll" because the "SkipUnchangedFiles" parameter was set to "true" in the project and the files' sizes and timestamps match.
  10:6>ResolveAssemblyReferences:
             Reference found at search path location "{RawFileName}".
             This reference is not "CopyLocal" because at least one source item had "Private" set to "false" and no source items had "Private" set to "true".
             The ImageRuntimeVersion for this reference is "".
   6:6>_CopyFilesMarkedCopyLocal:
         Did not copy from file "/Users/dacanetdev/.nuget/packages/microsoft.aspnetcore.openapi/8.0.8/lib/net8.0/Microsoft.AspNetCore.OpenApi.dll" to file "bin/Debug/net8.0/Microsoft.AspNetCore.OpenApi.dll" because the "SkipUnchangedFiles" parameter was set to "true" in the project and the files' sizes and timestamps match.
  10:6>ResolveAssemblyReferences:
         Primary reference "System.Resources.Writer, Version=8.0.0.0, Culture=neutral, PublicKeyToken=b03f5f7f11d50a3a".
             Resolved file path is "/Users/dacanetdev/.nuget/packages/microsoft.netcore.app.ref/8.0.13/ref/net8.0/System.Resources.Writer.dll".
             Reference found at search path location "{RawFileName}".
             This reference is not "CopyLocal" because at least one source item had "Private" set to "false" and no source items had "Private" set to "true".
   6:6>_CopyFilesMarkedCopyLocal:
         Did not copy from file "/Users/dacanetdev/.nuget/packages/swashbuckle.aspnetcore.swagger/6.4.0/lib/net6.0/Swashbuckle.AspNetCore.Swagger.dll" to file "bin/Debug/net8.0/Swashbuckle.AspNetCore.Swagger.dll" because the "SkipUnchangedFiles" parameter was set to "true" in the project and the files' sizes and timestamps match.
  10:6>ResolveAssemblyReferences:
             The ImageRuntimeVersion for this reference is "".
   6:6>_CopyFilesMarkedCopyLocal:
         Did not copy from file "/Users/dacanetdev/.nuget/packages/swashbuckle.aspnetcore.swaggergen/6.4.0/lib/net6.0/Swashbuckle.AspNetCore.SwaggerGen.dll" to file "bin/Debug/net8.0/Swashbuckle.AspNetCore.SwaggerGen.dll" because the "SkipUnchangedFiles" parameter was set to "true" in the project and the files' sizes and timestamps match.
  10:6>ResolveAssemblyReferences:
         Primary reference "System.Runtime.CompilerServices.Unsafe, Version=8.0.0.0, Culture=neutral, PublicKeyToken=b03f5f7f11d50a3a".
   6:6>_CopyFilesMarkedCopyLocal:
         Did not copy from file "/Users/dacanetdev/.nuget/packages/swashbuckle.aspnetcore.swaggerui/6.4.0/lib/net6.0/Swashbuckle.AspNetCore.SwaggerUI.dll" to file "bin/Debug/net8.0/Swashbuckle.AspNetCore.SwaggerUI.dll" because the "SkipUnchangedFiles" parameter was set to "true" in the project and the files' sizes and timestamps match.
       Done executing task "Copy".
  10:6>ResolveAssemblyReferences:
             Resolved file path is "/Users/dacanetdev/.nuget/packages/microsoft.netcore.app.ref/8.0.13/ref/net8.0/System.Runtime.CompilerServices.Unsafe.dll".
             Reference found at search path location "{RawFileName}".
   6:6>_CopyFilesMarkedCopyLocal:
       Task "Touch" skipped, due to false condition; ('@(ReferencesCopiedInThisBuild)' != '' and '$(WroteAtLeastOneFile)' == 'true') was evaluated as ('bin/Debug/net8.0/Microsoft.AspNetCore.OpenApi.dll;bin/Debug/net8.0/Microsoft.OpenApi.dll;bin/Debug/net8.0/Swashbuckle.AspNetCore.Swagger.dll;...' != '' and 'False' == 'true').
  10:6>ResolveAssemblyReferences:
             This reference is not "CopyLocal" because at least one source item had "Private" set to "false" and no source items had "Private" set to "true".
             The ImageRuntimeVersion for this reference is "".
         Primary reference "System.Runtime.CompilerServices.VisualC, Version=8.0.0.0, Culture=neutral, PublicKeyToken=b03f5f7f11d50a3a".
             Resolved file path is "/Users/dacanetdev/.nuget/packages/microsoft.netcore.app.ref/8.0.13/ref/net8.0/System.Runtime.CompilerServices.VisualC.dll".
             Reference found at search path location "{RawFileName}".
             This reference is not "CopyLocal" because at least one source item had "Private" set to "false" and no source items had "Private" set to "true".
             The ImageRuntimeVersion for this reference is "".
         Primary reference "System.Runtime.Extensions, Version=8.0.0.0, Culture=neutral, PublicKeyToken=b03f5f7f11d50a3a".
             Resolved file path is "/Users/dacanetdev/.nuget/packages/microsoft.netcore.app.ref/8.0.13/ref/net8.0/System.Runtime.Extensions.dll".
             Reference found at search path location "{RawFileName}".
             This reference is not "CopyLocal" because at least one source item had "Private" set to "false" and no source items had "Private" set to "true".
             The ImageRuntimeVersion for this reference is "".
         Primary reference "System.Runtime.Handles, Version=8.0.0.0, Culture=neutral, PublicKeyToken=b03f5f7f11d50a3a".
             Resolved file path is "/Users/dacanetdev/.nuget/packages/microsoft.netcore.app.ref/8.0.13/ref/net8.0/System.Runtime.Handles.dll".
             Reference found at search path location "{RawFileName}".
   6:6>Done building target "_CopyFilesMarkedCopyLocal" in project "DeventSoft.RoadmapSkills.Api.csproj".
  10:6>ResolveAssemblyReferences:
             This reference is not "CopyLocal" because at least one source item had "Private" set to "false" and no source items had "Private" set to "true".
   6:6>Target "AssignTargetPaths" skipped. Previously built successfully.
  10:6>ResolveAssemblyReferences:
             The ImageRuntimeVersion for this reference is "".
         Primary reference "System.Runtime.InteropServices.JavaScript, Version=8.0.0.0, Culture=neutral, PublicKeyToken=b03f5f7f11d50a3a".
   6:6>Target "AssignProjectConfiguration" skipped. Previously built successfully.
  10:6>ResolveAssemblyReferences:
             Resolved file path is "/Users/dacanetdev/.nuget/packages/microsoft.netcore.app.ref/8.0.13/ref/net8.0/System.Runtime.InteropServices.JavaScript.dll".
   6:6>Target "_SplitProjectReferencesByFileExistence" skipped. Previously built successfully.
  10:6>ResolveAssemblyReferences:
             Reference found at search path location "{RawFileName}".
             This reference is not "CopyLocal" because at least one source item had "Private" set to "false" and no source items had "Private" set to "true".
   6:6>Target "_GetProjectReferenceTargetFrameworkProperties" skipped. Previously built successfully.
  10:6>ResolveAssemblyReferences:
             The ImageRuntimeVersion for this reference is "".
         Primary reference "System.Runtime.InteropServices.RuntimeInformation, Version=8.0.0.0, Culture=neutral, PublicKeyToken=b03f5f7f11d50a3a".
             Resolved file path is "/Users/dacanetdev/.nuget/packages/microsoft.netcore.app.ref/8.0.13/ref/net8.0/System.Runtime.InteropServices.RuntimeInformation.dll".
   6:6>Target "_PopulateCommonStateForGetCopyToOutputDirectoryItems" in file "/usr/local/share/dotnet/sdk/9.0.200/Microsoft.Common.CurrentVersion.targets" from project "/Users/dacanetdev/Dev/AIGenerated/RoadmapSkills/src/DeventSoft.RoadmapSkills.Api/DeventSoft.RoadmapSkills.Api.csproj" (target "GetCopyToOutputDirectoryItems" depends on it):
   6:6>Done building target "_PopulateCommonStateForGetCopyToOutputDirectoryItems" in project "DeventSoft.RoadmapSkills.Api.csproj".
  10:6>ResolveAssemblyReferences:
             Reference found at search path location "{RawFileName}".
             This reference is not "CopyLocal" because at least one source item had "Private" set to "false" and no source items had "Private" set to "true".
   6:6>Target "ResolveStaticWebAssetsConfiguration" skipped. Previously built successfully.
  10:6>ResolveAssemblyReferences:
             The ImageRuntimeVersion for this reference is "".
   6:6>Target "AddStaticWebAssetsManifest" in file "/usr/local/share/dotnet/sdk/9.0.200/Sdks/Microsoft.NET.Sdk.StaticWebAssets/targets/Microsoft.NET.Sdk.StaticWebAssets.targets" from project "/Users/dacanetdev/Dev/AIGenerated/RoadmapSkills/src/DeventSoft.RoadmapSkills.Api/DeventSoft.RoadmapSkills.Api.csproj" (target "GetCopyToOutputDirectoryItems" depends on it):
   6:6>Done building target "AddStaticWebAssetsManifest" in project "DeventSoft.RoadmapSkills.Api.csproj".
       Target "ResolveStaticWebAssetsConfiguration" skipped. Previously built successfully.
  10:6>ResolveAssemblyReferences:
         Primary reference "System.Runtime.InteropServices, Version=8.0.0.0, Culture=neutral, PublicKeyToken=b03f5f7f11d50a3a".
             Resolved file path is "/Users/dacanetdev/.nuget/packages/microsoft.netcore.app.ref/8.0.13/ref/net8.0/System.Runtime.InteropServices.dll".
   6:6>Target "AddStaticWebAssetEndpointsBuildManifest" in file "/usr/local/share/dotnet/sdk/9.0.200/Sdks/Microsoft.NET.Sdk.StaticWebAssets/targets/Microsoft.NET.Sdk.StaticWebAssets.targets" from project "/Users/dacanetdev/Dev/AIGenerated/RoadmapSkills/src/DeventSoft.RoadmapSkills.Api/DeventSoft.RoadmapSkills.Api.csproj" (target "GetCopyToOutputDirectoryItems" depends on it):
   6:6>Done building target "AddStaticWebAssetEndpointsBuildManifest" in project "DeventSoft.RoadmapSkills.Api.csproj".
  10:6>ResolveAssemblyReferences:
             Reference found at search path location "{RawFileName}".
             This reference is not "CopyLocal" because at least one source item had "Private" set to "false" and no source items had "Private" set to "true".
             The ImageRuntimeVersion for this reference is "".
   6:6>Target "AddDepsJsonAndRuntimeConfigToCopyItemsForReferencingProjects" in file "/usr/local/share/dotnet/sdk/9.0.200/Sdks/Microsoft.NET.Sdk/targets/Microsoft.NET.Sdk.targets" from project "/Users/dacanetdev/Dev/AIGenerated/RoadmapSkills/src/DeventSoft.RoadmapSkills.Api/DeventSoft.RoadmapSkills.Api.csproj" (target "GetCopyToOutputDirectoryItems" depends on it):
   6:6>Done building target "AddDepsJsonAndRuntimeConfigToCopyItemsForReferencingProjects" in project "DeventSoft.RoadmapSkills.Api.csproj".
  10:6>ResolveAssemblyReferences:
         Primary reference "System.Runtime.Intrinsics, Version=8.0.0.0, Culture=neutral, PublicKeyToken=cc7b13ffcd2ddd51".
             Resolved file path is "/Users/dacanetdev/.nuget/packages/microsoft.netcore.app.ref/8.0.13/ref/net8.0/System.Runtime.Intrinsics.dll".
   6:6>Target "GetCopyToOutputDirectoryItems" in file "/usr/local/share/dotnet/sdk/9.0.200/Microsoft.Common.CurrentVersion.targets" from project "/Users/dacanetdev/Dev/AIGenerated/RoadmapSkills/src/DeventSoft.RoadmapSkills.Api/DeventSoft.RoadmapSkills.Api.csproj" (target "_CopySourceItemsToOutputDirectory" depends on it):
   6:6>Using "CallTarget" task from assembly "Microsoft.Build.Tasks.Core, Version=15.1.0.0, Culture=neutral, PublicKeyToken=b03f5f7f11d50a3a".
  10:6>ResolveAssemblyReferences:
             Reference found at search path location "{RawFileName}".
   6:6>Task "CallTarget"
  10:6>ResolveAssemblyReferences:
             This reference is not "CopyLocal" because at least one source item had "Private" set to "false" and no source items had "Private" set to "true".
             The ImageRuntimeVersion for this reference is "".
         Primary reference "System.Runtime.Loader, Version=8.0.0.0, Culture=neutral, PublicKeyToken=b03f5f7f11d50a3a".
             Resolved file path is "/Users/dacanetdev/.nuget/packages/microsoft.netcore.app.ref/8.0.13/ref/net8.0/System.Runtime.Loader.dll".
             Reference found at search path location "{RawFileName}".
     0>Property reassignment: $(GenerateRazorTargetAssemblyInfoDependsOn)="
      _ResolveMvcAssemblyAttributes;
      
      GetRazorTargetAssemblyAttributes;
      _CreateRazorTargetAssemblyInfoInputsCacheFile;
      CoreGenerateRazorTargetAssemblyInfo
    
    " (previous value: "
      GetRazorTargetAssemblyAttributes;
      _CreateRazorTargetAssemblyInfoInputsCacheFile;
      CoreGenerateRazorTargetAssemblyInfo
    ") at /usr/local/share/dotnet/sdk/9.0.200/Sdks/Microsoft.NET.Sdk.Razor/targets/Microsoft.NET.Sdk.Razor.GenerateAssemblyInfo.targets (36,5)
  10:6>ResolveAssemblyReferences:
             This reference is not "CopyLocal" because at least one source item had "Private" set to "false" and no source items had "Private" set to "true".
             The ImageRuntimeVersion for this reference is "".
     0>Property reassignment: $(CoreCompileDependsOn)="
      ;_ComputeNonExistentFileProperty;ResolveCodeAnalysisRuleSet;
      _GenerateRazorAssemblyInfo
    " (previous value: ";_ComputeNonExistentFileProperty;ResolveCodeAnalysisRuleSet") at /usr/local/share/dotnet/sdk/9.0.200/Sdks/Microsoft.NET.Sdk.Razor/targets/Microsoft.NET.Sdk.Razor.GenerateAssemblyInfo.targets (181,5)
  10:6>ResolveAssemblyReferences:
         Primary reference "System.Runtime.Numerics, Version=8.0.0.0, Culture=neutral, PublicKeyToken=b03f5f7f11d50a3a".
             Resolved file path is "/Users/dacanetdev/.nuget/packages/microsoft.netcore.app.ref/8.0.13/ref/net8.0/System.Runtime.Numerics.dll".
     0>Property reassignment: $(_GenerateRazorAssemblyInfoDependsOn)="
      _ResolveMvcAssemblyAttributes;
      RazorGetAssemblyAttributes;PrepareForBuild;_CoreGenerateRazorAssemblyInfo;
    " (previous value: "RazorGetAssemblyAttributes;PrepareForBuild;_CoreGenerateRazorAssemblyInfo") at /usr/local/share/dotnet/sdk/9.0.200/Sdks/Microsoft.NET.Sdk.Razor/targets/Microsoft.NET.Sdk.Razor.GenerateAssemblyInfo.targets (189,5)
  10:6>ResolveAssemblyReferences:
             Reference found at search path location "{RawFileName}".
   6:6>Target "_PopulateCommonStateForGetCopyToOutputDirectoryItems" skipped. Previously built successfully.
  10:6>ResolveAssemblyReferences:
             This reference is not "CopyLocal" because at least one source item had "Private" set to "false" and no source items had "Private" set to "true".
   6:6>Target "_AddOutputPathToGlobalPropertiesToRemove" skipped. Previously built successfully.
  10:6>ResolveAssemblyReferences:
             The ImageRuntimeVersion for this reference is "".
         Primary reference "System.Runtime.Serialization.Formatters, Version=8.0.0.0, Culture=neutral, PublicKeyToken=b03f5f7f11d50a3a".
             Resolved file path is "/Users/dacanetdev/.nuget/packages/microsoft.netcore.app.ref/8.0.13/ref/net8.0/System.Runtime.Serialization.Formatters.dll".
   6:6>Target "_GetCopyToOutputDirectoryItemsFromTransitiveProjectReferences" in file "/usr/local/share/dotnet/sdk/9.0.200/Microsoft.Common.CurrentVersion.targets" from project "/Users/dacanetdev/Dev/AIGenerated/RoadmapSkills/src/DeventSoft.RoadmapSkills.Api/DeventSoft.RoadmapSkills.Api.csproj" (target "GetCopyToOutputDirectoryItems" depends on it):
   6:6>Task "MSBuild" skipped, due to false condition; ('@(_MSBuildProjectReferenceExistent)' != '' and '$(_GetChildProjectCopyToOutputDirectoryItems)' == 'true' and '%(_MSBuildProjectReferenceExistent.Private)' != 'false' and '$(UseCommonOutputDirectory)' != 'true') was evaluated as ('' != '' and 'true' == 'true' and '' != 'false' and 'false' != 'true').
  10:6>ResolveAssemblyReferences:
             Reference found at search path location "{RawFileName}".
             This reference is not "CopyLocal" because at least one source item had "Private" set to "false" and no source items had "Private" set to "true".
             The ImageRuntimeVersion for this reference is "".
         Primary reference "System.Runtime.Serialization.Json, Version=8.0.0.0, Culture=neutral, PublicKeyToken=b03f5f7f11d50a3a".
             Resolved file path is "/Users/dacanetdev/.nuget/packages/microsoft.netcore.app.ref/8.0.13/ref/net8.0/System.Runtime.Serialization.Json.dll".
             Reference found at search path location "{RawFileName}".
   6:6>Task "AssignTargetPath"
  10:6>ResolveAssemblyReferences:
             This reference is not "CopyLocal" because at least one source item had "Private" set to "false" and no source items had "Private" set to "true".
             The ImageRuntimeVersion for this reference is "".
         Primary reference "System.Runtime.Serialization.Primitives, Version=8.0.0.0, Culture=neutral, PublicKeyToken=b03f5f7f11d50a3a".
   6:6>Done executing task "AssignTargetPath".
  10:6>ResolveAssemblyReferences:
             Resolved file path is "/Users/dacanetdev/.nuget/packages/microsoft.netcore.app.ref/8.0.13/ref/net8.0/System.Runtime.Serialization.Primitives.dll".
             Reference found at search path location "{RawFileName}".
             This reference is not "CopyLocal" because at least one source item had "Private" set to "false" and no source items had "Private" set to "true".
             The ImageRuntimeVersion for this reference is "".
   6:6>Done building target "_GetCopyToOutputDirectoryItemsFromTransitiveProjectReferences" in project "DeventSoft.RoadmapSkills.Api.csproj".
       Done executing task "CallTarget".
  10:6>ResolveAssemblyReferences:
         Primary reference "System.Runtime.Serialization.Xml, Version=8.0.0.0, Culture=neutral, PublicKeyToken=b03f5f7f11d50a3a".
             Resolved file path is "/Users/dacanetdev/.nuget/packages/microsoft.netcore.app.ref/8.0.13/ref/net8.0/System.Runtime.Serialization.Xml.dll".
   6:6>Task "CallTarget"
  10:6>ResolveAssemblyReferences:
             Reference found at search path location "{RawFileName}".
             This reference is not "CopyLocal" because at least one source item had "Private" set to "false" and no source items had "Private" set to "true".
   6:6>Target "AssignTargetPaths" skipped. Previously built successfully.
  10:6>ResolveAssemblyReferences:
             The ImageRuntimeVersion for this reference is "".
   6:6>Target "_PopulateCommonStateForGetCopyToOutputDirectoryItems" skipped. Previously built successfully.
  10:6>ResolveAssemblyReferences:
         Primary reference "System.Runtime.Serialization, Version=4.0.0.0, Culture=neutral, PublicKeyToken=b77a5c561934e089".
             Resolved file path is "/Users/dacanetdev/.nuget/packages/microsoft.netcore.app.ref/8.0.13/ref/net8.0/System.Runtime.Serialization.dll".
             Reference found at search path location "{RawFileName}".
             This reference is not "CopyLocal" because at least one source item had "Private" set to "false" and no source items had "Private" set to "true".
             The ImageRuntimeVersion for this reference is "".
         Primary reference "System.Runtime, Version=8.0.0.0, Culture=neutral, PublicKeyToken=b03f5f7f11d50a3a".
             Resolved file path is "/Users/dacanetdev/.nuget/packages/microsoft.netcore.app.ref/8.0.13/ref/net8.0/System.Runtime.dll".
             Reference found at search path location "{RawFileName}".
   6:6>Target "_GetCopyToOutputDirectoryItemsFromThisProject" in file "/usr/local/share/dotnet/sdk/9.0.200/Microsoft.Common.CurrentVersion.targets" from project "/Users/dacanetdev/Dev/AIGenerated/RoadmapSkills/src/DeventSoft.RoadmapSkills.Api/DeventSoft.RoadmapSkills.Api.csproj" (target "GetCopyToOutputDirectoryItems" depends on it):
   6:6>Task "AssignTargetPath"
  10:6>ResolveAssemblyReferences:
             This reference is not "CopyLocal" because at least one source item had "Private" set to "false" and no source items had "Private" set to "true".
             The ImageRuntimeVersion for this reference is "".
   6:6>Done executing task "AssignTargetPath".
  10:6>ResolveAssemblyReferences:
         Primary reference "System.Security.AccessControl, Version=8.0.0.0, Culture=neutral, PublicKeyToken=b03f5f7f11d50a3a".
             Resolved file path is "/Users/dacanetdev/.nuget/packages/microsoft.netcore.app.ref/8.0.13/ref/net8.0/System.Security.AccessControl.dll".
             Reference found at search path location "{RawFileName}".
             This reference is not "CopyLocal" because at least one source item had "Private" set to "false" and no source items had "Private" set to "true".
     0>Property reassignment: $(CoreCompileDependsOn)="
      _DiscoverMvcApplicationParts;
      
      ;_ComputeNonExistentFileProperty;ResolveCodeAnalysisRuleSet;
      _GenerateRazorAssemblyInfo
    ;
    " (previous value: "
      ;_ComputeNonExistentFileProperty;ResolveCodeAnalysisRuleSet;
      _GenerateRazorAssemblyInfo
    ") at /usr/local/share/dotnet/sdk/9.0.200/Sdks/Microsoft.NET.Sdk.Razor/targets/Microsoft.NET.Sdk.Razor.MvcApplicationPartsDiscovery.targets (22,5)
  10:6>ResolveAssemblyReferences:
             The ImageRuntimeVersion for this reference is "".
         Primary reference "System.Security.Claims, Version=8.0.0.0, Culture=neutral, PublicKeyToken=b03f5f7f11d50a3a".
             Resolved file path is "/Users/dacanetdev/.nuget/packages/microsoft.netcore.app.ref/8.0.13/ref/net8.0/System.Security.Claims.dll".
             Reference found at search path location "{RawFileName}".
   6:6>Done building target "_GetCopyToOutputDirectoryItemsFromThisProject" in project "DeventSoft.RoadmapSkills.Api.csproj".
  10:6>ResolveAssemblyReferences:
             This reference is not "CopyLocal" because at least one source item had "Private" set to "false" and no source items had "Private" set to "true".
   6:6>Done executing task "CallTarget".
  10:6>ResolveAssemblyReferences:
             The ImageRuntimeVersion for this reference is "".
         Primary reference "System.Security.Cryptography.Algorithms, Version=8.0.0.0, Culture=neutral, PublicKeyToken=b03f5f7f11d50a3a".
             Resolved file path is "/Users/dacanetdev/.nuget/packages/microsoft.netcore.app.ref/8.0.13/ref/net8.0/System.Security.Cryptography.Algorithms.dll".
             Reference found at search path location "{RawFileName}".
             This reference is not "CopyLocal" because at least one source item had "Private" set to "false" and no source items had "Private" set to "true".
             The ImageRuntimeVersion for this reference is "".
         Primary reference "System.Security.Cryptography.Cng, Version=8.0.0.0, Culture=neutral, PublicKeyToken=b03f5f7f11d50a3a".
             Resolved file path is "/Users/dacanetdev/.nuget/packages/microsoft.netcore.app.ref/8.0.13/ref/net8.0/System.Security.Cryptography.Cng.dll".
             Reference found at search path location "{RawFileName}".
             This reference is not "CopyLocal" because at least one source item had "Private" set to "false" and no source items had "Private" set to "true".
             The ImageRuntimeVersion for this reference is "".
         Primary reference "System.Security.Cryptography.Csp, Version=8.0.0.0, Culture=neutral, PublicKeyToken=b03f5f7f11d50a3a".
             Resolved file path is "/Users/dacanetdev/.nuget/packages/microsoft.netcore.app.ref/8.0.13/ref/net8.0/System.Security.Cryptography.Csp.dll".
             Reference found at search path location "{RawFileName}".
     0>Property reassignment: $(RazorDesignTimeTargets)="/usr/local/share/dotnet/sdk/9.0.200/Sdks/Microsoft.NET.Sdk.Razor/targets/Microsoft.NET.Sdk.Razor.DesignTime.targets" (previous value: "/usr/local/share/dotnet/sdk/9.0.200/Microsoft/VisualStudio/Razor/Microsoft.NET.Sdk.Razor.DesignTime.targets") at /usr/local/share/dotnet/sdk/9.0.200/Sdks/Microsoft.NET.Sdk.Razor/targets/Sdk.Razor.CurrentVersion.targets (791,5)
  10:6>ResolveAssemblyReferences:
             This reference is not "CopyLocal" because at least one source item had "Private" set to "false" and no source items had "Private" set to "true".
             The ImageRuntimeVersion for this reference is "".
         Primary reference "System.Security.Cryptography.Encoding, Version=8.0.0.0, Culture=neutral, PublicKeyToken=b03f5f7f11d50a3a".
             Resolved file path is "/Users/dacanetdev/.nuget/packages/microsoft.netcore.app.ref/8.0.13/ref/net8.0/System.Security.Cryptography.Encoding.dll".
             Reference found at search path location "{RawFileName}".
             This reference is not "CopyLocal" because at least one source item had "Private" set to "false" and no source items had "Private" set to "true".
             The ImageRuntimeVersion for this reference is "".
         Primary reference "System.Security.Cryptography.OpenSsl, Version=8.0.0.0, Culture=neutral, PublicKeyToken=b03f5f7f11d50a3a".
             Resolved file path is "/Users/dacanetdev/.nuget/packages/microsoft.netcore.app.ref/8.0.13/ref/net8.0/System.Security.Cryptography.OpenSsl.dll".
             Reference found at search path location "{RawFileName}".
             This reference is not "CopyLocal" because at least one source item had "Private" set to "false" and no source items had "Private" set to "true".
             The ImageRuntimeVersion for this reference is "".
         Primary reference "System.Security.Cryptography.Primitives, Version=8.0.0.0, Culture=neutral, PublicKeyToken=b03f5f7f11d50a3a".
             Resolved file path is "/Users/dacanetdev/.nuget/packages/microsoft.netcore.app.ref/8.0.13/ref/net8.0/System.Security.Cryptography.Primitives.dll".
             Reference found at search path location "{RawFileName}".
             This reference is not "CopyLocal" because at least one source item had "Private" set to "false" and no source items had "Private" set to "true".
   6:6>Done building target "GetCopyToOutputDirectoryItems" in project "DeventSoft.RoadmapSkills.Api.csproj".
  10:6>ResolveAssemblyReferences:
             The ImageRuntimeVersion for this reference is "".
         Primary reference "System.Security.Cryptography.X509Certificates, Version=8.0.0.0, Culture=neutral, PublicKeyToken=b03f5f7f11d50a3a".
             Resolved file path is "/Users/dacanetdev/.nuget/packages/microsoft.netcore.app.ref/8.0.13/ref/net8.0/System.Security.Cryptography.X509Certificates.dll".
             Reference found at search path location "{RawFileName}".
             This reference is not "CopyLocal" because at least one source item had "Private" set to "false" and no source items had "Private" set to "true".
             The ImageRuntimeVersion for this reference is "".
         Primary reference "System.Security.Cryptography, Version=8.0.0.0, Culture=neutral, PublicKeyToken=b03f5f7f11d50a3a".
             Resolved file path is "/Users/dacanetdev/.nuget/packages/microsoft.netcore.app.ref/8.0.13/ref/net8.0/System.Security.Cryptography.dll".
             Reference found at search path location "{RawFileName}".
             This reference is not "CopyLocal" because at least one source item had "Private" set to "false" and no source items had "Private" set to "true".
             The ImageRuntimeVersion for this reference is "".
         Primary reference "System.Security.Principal.Windows, Version=8.0.0.0, Culture=neutral, PublicKeyToken=b03f5f7f11d50a3a".
             Resolved file path is "/Users/dacanetdev/.nuget/packages/microsoft.netcore.app.ref/8.0.13/ref/net8.0/System.Security.Principal.Windows.dll".
             Reference found at search path location "{RawFileName}".
   6:6>Target "_CopyOutOfDateSourceItemsToOutputDirectory" in file "/usr/local/share/dotnet/sdk/9.0.200/Microsoft.Common.CurrentVersion.targets" from project "/Users/dacanetdev/Dev/AIGenerated/RoadmapSkills/src/DeventSoft.RoadmapSkills.Api/DeventSoft.RoadmapSkills.Api.csproj" (target "_CopySourceItemsToOutputDirectory" depends on it):
   6:6>Skipping target "_CopyOutOfDateSourceItemsToOutputDirectory" because all output files are up-to-date with respect to the input files.
  10:6>ResolveAssemblyReferences:
             This reference is not "CopyLocal" because at least one source item had "Private" set to "false" and no source items had "Private" set to "true".
             The ImageRuntimeVersion for this reference is "".
   6:6>_CopyOutOfDateSourceItemsToOutputDirectory:
       Input files: 
           /Users/dacanetdev/Dev/AIGenerated/RoadmapSkills/src/DeventSoft.RoadmapSkills.Api/appsettings.Development.json
           /Users/dacanetdev/Dev/AIGenerated/RoadmapSkills/src/DeventSoft.RoadmapSkills.Api/appsettings.json
           /Users/dacanetdev/Dev/AIGenerated/RoadmapSkills/src/DeventSoft.RoadmapSkills.Api/obj/Debug/net8.0/staticwebassets.build.endpoints.json
           /Users/dacanetdev/Dev/AIGenerated/RoadmapSkills/src/DeventSoft.RoadmapSkills.Api/obj/Debug/net8.0/apphost
  10:6>ResolveAssemblyReferences:
         Primary reference "System.Security.Principal, Version=8.0.0.0, Culture=neutral, PublicKeyToken=b03f5f7f11d50a3a".
   6:6>_CopyOutOfDateSourceItemsToOutputDirectory:
       Output files: 
           bin/Debug/net8.0/appsettings.Development.json
           bin/Debug/net8.0/appsettings.json
           bin/Debug/net8.0/DeventSoft.RoadmapSkills.Api.staticwebassets.endpoints.json
           bin/Debug/net8.0/DeventSoft.RoadmapSkills.Api
  10:6>ResolveAssemblyReferences:
             Resolved file path is "/Users/dacanetdev/.nuget/packages/microsoft.netcore.app.ref/8.0.13/ref/net8.0/System.Security.Principal.dll".
             Reference found at search path location "{RawFileName}".
             This reference is not "CopyLocal" because at least one source item had "Private" set to "false" and no source items had "Private" set to "true".
             The ImageRuntimeVersion for this reference is "".
         Primary reference "System.Security.SecureString, Version=8.0.0.0, Culture=neutral, PublicKeyToken=b03f5f7f11d50a3a".
             Resolved file path is "/Users/dacanetdev/.nuget/packages/microsoft.netcore.app.ref/8.0.13/ref/net8.0/System.Security.SecureString.dll".
             Reference found at search path location "{RawFileName}".
   6:6>Done building target "_CopyOutOfDateSourceItemsToOutputDirectory" in project "DeventSoft.RoadmapSkills.Api.csproj".
  10:6>ResolveAssemblyReferences:
             This reference is not "CopyLocal" because at least one source item had "Private" set to "false" and no source items had "Private" set to "true".
   6:6>Target "_CopyOutOfDateSourceItemsToOutputDirectoryAlways" skipped, due to false condition; ( '@(_SourceItemsToCopyToOutputDirectoryAlways)' != '' ) was evaluated as ( '' != '' ).
  10:6>ResolveAssemblyReferences:
             The ImageRuntimeVersion for this reference is "".
         Primary reference "System.Security, Version=4.0.0.0, Culture=neutral, PublicKeyToken=b03f5f7f11d50a3a".
   6:6>Target "_CopyDifferingSourceItemsToOutputDirectory" skipped, due to false condition; ( '@(_SourceItemsToCopyToOutputDirectoryIfDifferent)' != '' ) was evaluated as ( '' != '' ).
  10:6>ResolveAssemblyReferences:
             Resolved file path is "/Users/dacanetdev/.nuget/packages/microsoft.netcore.app.ref/8.0.13/ref/net8.0/System.Security.dll".
             Reference found at search path location "{RawFileName}".
   6:6>Target "_CopySourceItemsToOutputDirectory" in file "/usr/local/share/dotnet/sdk/9.0.200/Microsoft.Common.CurrentVersion.targets" from project "/Users/dacanetdev/Dev/AIGenerated/RoadmapSkills/src/DeventSoft.RoadmapSkills.Api/DeventSoft.RoadmapSkills.Api.csproj" (target "CopyFilesToOutputDirectory" depends on it):
   6:6>Done building target "_CopySourceItemsToOutputDirectory" in project "DeventSoft.RoadmapSkills.Api.csproj".
  10:6>ResolveAssemblyReferences:
             This reference is not "CopyLocal" because at least one source item had "Private" set to "false" and no source items had "Private" set to "true".
             The ImageRuntimeVersion for this reference is "".
   6:6>Target "_CopyAppConfigFile" skipped, due to false condition; ( '@(AppConfigWithTargetPath)' != '' ) was evaluated as ( '' != '' ).
  10:6>ResolveAssemblyReferences:
         Primary reference "System.ServiceModel.Web, Version=4.0.0.0, Culture=neutral, PublicKeyToken=31bf3856ad364e35".
   6:6>Target "_CopyManifestFiles" skipped, due to false condition; ( '$(_DeploymentCopyApplicationManifest)'=='true' or '$(GenerateClickOnceManifests)'=='true' ) was evaluated as ( ''=='true' or ''=='true' ).
  10:6>ResolveAssemblyReferences:
             Resolved file path is "/Users/dacanetdev/.nuget/packages/microsoft.netcore.app.ref/8.0.13/ref/net8.0/System.ServiceModel.Web.dll".
             Reference found at search path location "{RawFileName}".
             This reference is not "CopyLocal" because at least one source item had "Private" set to "false" and no source items had "Private" set to "true".
             The ImageRuntimeVersion for this reference is "".
   6:6>Target "_CheckForCompileOutputs" in file "/usr/local/share/dotnet/sdk/9.0.200/Microsoft.Common.CurrentVersion.targets" from project "/Users/dacanetdev/Dev/AIGenerated/RoadmapSkills/src/DeventSoft.RoadmapSkills.Api/DeventSoft.RoadmapSkills.Api.csproj" (target "CopyFilesToOutputDirectory" depends on it):
   6:6>Done building target "_CheckForCompileOutputs" in project "DeventSoft.RoadmapSkills.Api.csproj".
  10:6>ResolveAssemblyReferences:
         Primary reference "System.ServiceProcess, Version=4.0.0.0, Culture=neutral, PublicKeyToken=b03f5f7f11d50a3a".
             Resolved file path is "/Users/dacanetdev/.nuget/packages/microsoft.netcore.app.ref/8.0.13/ref/net8.0/System.ServiceProcess.dll".
   6:6>Target "_SGenCheckForOutputs" skipped, due to false condition; ('$(_SGenGenerateSerializationAssembliesConfig)' == 'On' or ('@(WebReferenceUrl)'!='' and '$(_SGenGenerateSerializationAssembliesConfig)' == 'Auto')) was evaluated as ('Off' == 'On' or (''!='' and 'Off' == 'Auto')).
  10:6>ResolveAssemblyReferences:
             Reference found at search path location "{RawFileName}".
   6:6>Target "_DefaultMicrosoftNETPlatformLibrary" skipped. Previously built successfully.
  10:6>ResolveAssemblyReferences:
             This reference is not "CopyLocal" because at least one source item had "Private" set to "false" and no source items had "Private" set to "true".
   6:6>Target "_HandlePackageFileConflicts" skipped. Previously built successfully.
  10:6>ResolveAssemblyReferences:
             The ImageRuntimeVersion for this reference is "".
         Primary reference "System.Text.Encoding.CodePages, Version=8.0.0.0, Culture=neutral, PublicKeyToken=b03f5f7f11d50a3a".
   6:6>Target "ResolveAssemblyReferences" skipped. Previously built successfully.
  10:6>ResolveAssemblyReferences:
             Resolved file path is "/Users/dacanetdev/.nuget/packages/microsoft.netcore.app.ref/8.0.13/ref/net8.0/System.Text.Encoding.CodePages.dll".
             Reference found at search path location "{RawFileName}".
             This reference is not "CopyLocal" because at least one source item had "Private" set to "false" and no source items had "Private" set to "true".
             The ImageRuntimeVersion for this reference is "".
         Primary reference "System.Text.Encoding.Extensions, Version=8.0.0.0, Culture=neutral, PublicKeyToken=b03f5f7f11d50a3a".
             Resolved file path is "/Users/dacanetdev/.nuget/packages/microsoft.netcore.app.ref/8.0.13/ref/net8.0/System.Text.Encoding.Extensions.dll".
             Reference found at search path location "{RawFileName}".
             This reference is not "CopyLocal" because at least one source item had "Private" set to "false" and no source items had "Private" set to "true".
             The ImageRuntimeVersion for this reference is "".
         Primary reference "System.Text.Encoding, Version=8.0.0.0, Culture=neutral, PublicKeyToken=b03f5f7f11d50a3a".
             Resolved file path is "/Users/dacanetdev/.nuget/packages/microsoft.netcore.app.ref/8.0.13/ref/net8.0/System.Text.Encoding.dll".
             Reference found at search path location "{RawFileName}".
             This reference is not "CopyLocal" because at least one source item had "Private" set to "false" and no source items had "Private" set to "true".
             The ImageRuntimeVersion for this reference is "".
         Primary reference "System.Text.Encodings.Web, Version=8.0.0.0, Culture=neutral, PublicKeyToken=cc7b13ffcd2ddd51".
             Resolved file path is "/Users/dacanetdev/.nuget/packages/microsoft.netcore.app.ref/8.0.13/ref/net8.0/System.Text.Encodings.Web.dll".
             Reference found at search path location "{RawFileName}".
             This reference is not "CopyLocal" because at least one source item had "Private" set to "false" and no source items had "Private" set to "true".
             The ImageRuntimeVersion for this reference is "".
         Primary reference "System.Text.Json, Version=8.0.0.0, Culture=neutral, PublicKeyToken=cc7b13ffcd2ddd51".
             Resolved file path is "/Users/dacanetdev/.nuget/packages/microsoft.netcore.app.ref/8.0.13/ref/net8.0/System.Text.Json.dll".
             Reference found at search path location "{RawFileName}".
             This reference is not "CopyLocal" because at least one source item had "Private" set to "false" and no source items had "Private" set to "true".
             The ImageRuntimeVersion for this reference is "".
         Primary reference "System.Text.RegularExpressions, Version=8.0.0.0, Culture=neutral, PublicKeyToken=b03f5f7f11d50a3a".
             Resolved file path is "/Users/dacanetdev/.nuget/packages/microsoft.netcore.app.ref/8.0.13/ref/net8.0/System.Text.RegularExpressions.dll".
             Reference found at search path location "{RawFileName}".
             This reference is not "CopyLocal" because at least one source item had "Private" set to "false" and no source items had "Private" set to "true".
             The ImageRuntimeVersion for this reference is "".
         Primary reference "System.Threading.Channels, Version=8.0.0.0, Culture=neutral, PublicKeyToken=cc7b13ffcd2ddd51".
             Resolved file path is "/Users/dacanetdev/.nuget/packages/microsoft.netcore.app.ref/8.0.13/ref/net8.0/System.Threading.Channels.dll".
             Reference found at search path location "{RawFileName}".
             This reference is not "CopyLocal" because at least one source item had "Private" set to "false" and no source items had "Private" set to "true".
             The ImageRuntimeVersion for this reference is "".
         Primary reference "System.Threading.Overlapped, Version=8.0.0.0, Culture=neutral, PublicKeyToken=b03f5f7f11d50a3a".
             Resolved file path is "/Users/dacanetdev/.nuget/packages/microsoft.netcore.app.ref/8.0.13/ref/net8.0/System.Threading.Overlapped.dll".
             Reference found at search path location "{RawFileName}".
             This reference is not "CopyLocal" because at least one source item had "Private" set to "false" and no source items had "Private" set to "true".
             The ImageRuntimeVersion for this reference is "".
         Primary reference "System.Threading.Tasks.Dataflow, Version=8.0.0.0, Culture=neutral, PublicKeyToken=b03f5f7f11d50a3a".
             Resolved file path is "/Users/dacanetdev/.nuget/packages/microsoft.netcore.app.ref/8.0.13/ref/net8.0/System.Threading.Tasks.Dataflow.dll".
             Reference found at search path location "{RawFileName}".
             This reference is not "CopyLocal" because at least one source item had "Private" set to "false" and no source items had "Private" set to "true".
             The ImageRuntimeVersion for this reference is "".
         Primary reference "System.Threading.Tasks.Extensions, Version=8.0.0.0, Culture=neutral, PublicKeyToken=cc7b13ffcd2ddd51".
             Resolved file path is "/Users/dacanetdev/.nuget/packages/microsoft.netcore.app.ref/8.0.13/ref/net8.0/System.Threading.Tasks.Extensions.dll".
             Reference found at search path location "{RawFileName}".
             This reference is not "CopyLocal" because at least one source item had "Private" set to "false" and no source items had "Private" set to "true".
             The ImageRuntimeVersion for this reference is "".
         Primary reference "System.Threading.Tasks.Parallel, Version=8.0.0.0, Culture=neutral, PublicKeyToken=b03f5f7f11d50a3a".
             Resolved file path is "/Users/dacanetdev/.nuget/packages/microsoft.netcore.app.ref/8.0.13/ref/net8.0/System.Threading.Tasks.Parallel.dll".
             Reference found at search path location "{RawFileName}".
             This reference is not "CopyLocal" because at least one source item had "Private" set to "false" and no source items had "Private" set to "true".
             The ImageRuntimeVersion for this reference is "".
         Primary reference "System.Threading.Tasks, Version=8.0.0.0, Culture=neutral, PublicKeyToken=b03f5f7f11d50a3a".
             Resolved file path is "/Users/dacanetdev/.nuget/packages/microsoft.netcore.app.ref/8.0.13/ref/net8.0/System.Threading.Tasks.dll".
             Reference found at search path location "{RawFileName}".
             This reference is not "CopyLocal" because at least one source item had "Private" set to "false" and no source items had "Private" set to "true".
             The ImageRuntimeVersion for this reference is "".
         Primary reference "System.Threading.Thread, Version=8.0.0.0, Culture=neutral, PublicKeyToken=b03f5f7f11d50a3a".
             Resolved file path is "/Users/dacanetdev/.nuget/packages/microsoft.netcore.app.ref/8.0.13/ref/net8.0/System.Threading.Thread.dll".
             Reference found at search path location "{RawFileName}".
             This reference is not "CopyLocal" because at least one source item had "Private" set to "false" and no source items had "Private" set to "true".
             The ImageRuntimeVersion for this reference is "".
         Primary reference "System.Threading.ThreadPool, Version=8.0.0.0, Culture=neutral, PublicKeyToken=b03f5f7f11d50a3a".
             Resolved file path is "/Users/dacanetdev/.nuget/packages/microsoft.netcore.app.ref/8.0.13/ref/net8.0/System.Threading.ThreadPool.dll".
             Reference found at search path location "{RawFileName}".
             This reference is not "CopyLocal" because at least one source item had "Private" set to "false" and no source items had "Private" set to "true".
             The ImageRuntimeVersion for this reference is "".
         Primary reference "System.Threading.Timer, Version=8.0.0.0, Culture=neutral, PublicKeyToken=b03f5f7f11d50a3a".
             Resolved file path is "/Users/dacanetdev/.nuget/packages/microsoft.netcore.app.ref/8.0.13/ref/net8.0/System.Threading.Timer.dll".
             Reference found at search path location "{RawFileName}".
             This reference is not "CopyLocal" because at least one source item had "Private" set to "false" and no source items had "Private" set to "true".
             The ImageRuntimeVersion for this reference is "".
         Primary reference "System.Threading, Version=8.0.0.0, Culture=neutral, PublicKeyToken=b03f5f7f11d50a3a".
             Resolved file path is "/Users/dacanetdev/.nuget/packages/microsoft.netcore.app.ref/8.0.13/ref/net8.0/System.Threading.dll".
             Reference found at search path location "{RawFileName}".
             This reference is not "CopyLocal" because at least one source item had "Private" set to "false" and no source items had "Private" set to "true".
             The ImageRuntimeVersion for this reference is "".
         Primary reference "System.Transactions.Local, Version=8.0.0.0, Culture=neutral, PublicKeyToken=cc7b13ffcd2ddd51".
     0>Property reassignment: $(RunWorkingDirectory)="/Users/dacanetdev/Dev/AIGenerated/RoadmapSkills/src/DeventSoft.RoadmapSkills.BlazorApp" (previous value: "") at /usr/local/share/dotnet/sdk/9.0.200/Sdks/Microsoft.NET.Sdk.Web.ProjectSystem/targets/Microsoft.NET.Sdk.Web.ProjectSystem.targets (21,5)
  10:6>ResolveAssemblyReferences:
             Resolved file path is "/Users/dacanetdev/.nuget/packages/microsoft.netcore.app.ref/8.0.13/ref/net8.0/System.Transactions.Local.dll".
             Reference found at search path location "{RawFileName}".
             This reference is not "CopyLocal" because at least one source item had "Private" set to "false" and no source items had "Private" set to "true".
             The ImageRuntimeVersion for this reference is "".
         Primary reference "System.Transactions, Version=4.0.0.0, Culture=neutral, PublicKeyToken=b77a5c561934e089".
             Resolved file path is "/Users/dacanetdev/.nuget/packages/microsoft.netcore.app.ref/8.0.13/ref/net8.0/System.Transactions.dll".
             Reference found at search path location "{RawFileName}".
             This reference is not "CopyLocal" because at least one source item had "Private" set to "false" and no source items had "Private" set to "true".
             The ImageRuntimeVersion for this reference is "".
   6:6>Target "_ComputeReferenceAssemblies" in file "/usr/local/share/dotnet/sdk/9.0.200/Sdks/Microsoft.NET.Sdk/targets/Microsoft.NET.Sdk.targets" from project "/Users/dacanetdev/Dev/AIGenerated/RoadmapSkills/src/DeventSoft.RoadmapSkills.Api/DeventSoft.RoadmapSkills.Api.csproj" (target "GenerateBuildDependencyFile" depends on it):
   6:6>Done building target "_ComputeReferenceAssemblies" in project "DeventSoft.RoadmapSkills.Api.csproj".
  10:6>ResolveAssemblyReferences:
         Primary reference "System.ValueTuple, Version=8.0.0.0, Culture=neutral, PublicKeyToken=cc7b13ffcd2ddd51".
             Resolved file path is "/Users/dacanetdev/.nuget/packages/microsoft.netcore.app.ref/8.0.13/ref/net8.0/System.ValueTuple.dll".
             Reference found at search path location "{RawFileName}".
             This reference is not "CopyLocal" because at least one source item had "Private" set to "false" and no source items had "Private" set to "true".
             The ImageRuntimeVersion for this reference is "".
         Primary reference "System.Web.HttpUtility, Version=8.0.0.0, Culture=neutral, PublicKeyToken=cc7b13ffcd2ddd51".
             Resolved file path is "/Users/dacanetdev/.nuget/packages/microsoft.netcore.app.ref/8.0.13/ref/net8.0/System.Web.HttpUtility.dll".
             Reference found at search path location "{RawFileName}".
             This reference is not "CopyLocal" because at least one source item had "Private" set to "false" and no source items had "Private" set to "true".
             The ImageRuntimeVersion for this reference is "".
         Primary reference "System.Web, Version=4.0.0.0, Culture=neutral, PublicKeyToken=b03f5f7f11d50a3a".
             Resolved file path is "/Users/dacanetdev/.nuget/packages/microsoft.netcore.app.ref/8.0.13/ref/net8.0/System.Web.dll".
             Reference found at search path location "{RawFileName}".
             This reference is not "CopyLocal" because at least one source item had "Private" set to "false" and no source items had "Private" set to "true".
             The ImageRuntimeVersion for this reference is "".
         Primary reference "System.Windows, Version=4.0.0.0, Culture=neutral, PublicKeyToken=b03f5f7f11d50a3a".
             Resolved file path is "/Users/dacanetdev/.nuget/packages/microsoft.netcore.app.ref/8.0.13/ref/net8.0/System.Windows.dll".
             Reference found at search path location "{RawFileName}".
             This reference is not "CopyLocal" because at least one source item had "Private" set to "false" and no source items had "Private" set to "true".
             The ImageRuntimeVersion for this reference is "".
         Primary reference "System.Xml.Linq, Version=4.0.0.0, Culture=neutral, PublicKeyToken=b77a5c561934e089".
             Resolved file path is "/Users/dacanetdev/.nuget/packages/microsoft.netcore.app.ref/8.0.13/ref/net8.0/System.Xml.Linq.dll".
             Reference found at search path location "{RawFileName}".
             This reference is not "CopyLocal" because at least one source item had "Private" set to "false" and no source items had "Private" set to "true".
             The ImageRuntimeVersion for this reference is "".
         Primary reference "System.Xml.ReaderWriter, Version=8.0.0.0, Culture=neutral, PublicKeyToken=b03f5f7f11d50a3a".
             Resolved file path is "/Users/dacanetdev/.nuget/packages/microsoft.netcore.app.ref/8.0.13/ref/net8.0/System.Xml.ReaderWriter.dll".
             Reference found at search path location "{RawFileName}".
             This reference is not "CopyLocal" because at least one source item had "Private" set to "false" and no source items had "Private" set to "true".
             The ImageRuntimeVersion for this reference is "".
         Primary reference "System.Xml.Serialization, Version=4.0.0.0, Culture=neutral, PublicKeyToken=b77a5c561934e089".
             Resolved file path is "/Users/dacanetdev/.nuget/packages/microsoft.netcore.app.ref/8.0.13/ref/net8.0/System.Xml.Serialization.dll".
             Reference found at search path location "{RawFileName}".
             This reference is not "CopyLocal" because at least one source item had "Private" set to "false" and no source items had "Private" set to "true".
             The ImageRuntimeVersion for this reference is "".
   6:6>Target "_ComputeUserRuntimeAssemblies" in file "/usr/local/share/dotnet/sdk/9.0.200/Sdks/Microsoft.NET.Sdk/targets/Microsoft.NET.Sdk.targets" from project "/Users/dacanetdev/Dev/AIGenerated/RoadmapSkills/src/DeventSoft.RoadmapSkills.Api/DeventSoft.RoadmapSkills.Api.csproj" (target "GenerateBuildDependencyFile" depends on it):
   6:6>Done building target "_ComputeUserRuntimeAssemblies" in project "DeventSoft.RoadmapSkills.Api.csproj".
  10:6>ResolveAssemblyReferences:
         Primary reference "System.Xml.XDocument, Version=8.0.0.0, Culture=neutral, PublicKeyToken=b03f5f7f11d50a3a".
             Resolved file path is "/Users/dacanetdev/.nuget/packages/microsoft.netcore.app.ref/8.0.13/ref/net8.0/System.Xml.XDocument.dll".
             Reference found at search path location "{RawFileName}".
   6:6>Target "ResolveRuntimePackAssets" skipped, due to false condition; ('@(RuntimePack)' != '') was evaluated as ('' != '').
       Target "_ComputePackageReferencePublish" skipped. Previously built successfully.
  10:6>ResolveAssemblyReferences:
             This reference is not "CopyLocal" because at least one source item had "Private" set to "false" and no source items had "Private" set to "true".
             The ImageRuntimeVersion for this reference is "".
   6:6>Target "ComputeDependencyFileCompilerOptions" skipped, due to false condition; ('$(PreserveCompilationContext)' == 'true') was evaluated as ('' == 'true').
  10:6>ResolveAssemblyReferences:
         Primary reference "System.Xml.XPath.XDocument, Version=8.0.0.0, Culture=neutral, PublicKeyToken=b03f5f7f11d50a3a".
             Resolved file path is "/Users/dacanetdev/.nuget/packages/microsoft.netcore.app.ref/8.0.13/ref/net8.0/System.Xml.XPath.XDocument.dll".
   6:6>Target "GenerateBuildDependencyFile" in file "/usr/local/share/dotnet/sdk/9.0.200/Sdks/Microsoft.NET.Sdk/targets/Microsoft.NET.Sdk.targets" from project "/Users/dacanetdev/Dev/AIGenerated/RoadmapSkills/src/DeventSoft.RoadmapSkills.Api/DeventSoft.RoadmapSkills.Api.csproj" (target "CopyFilesToOutputDirectory" depends on it):
   6:6>Skipping target "GenerateBuildDependencyFile" because all output files are up-to-date with respect to the input files.
  10:6>ResolveAssemblyReferences:
             Reference found at search path location "{RawFileName}".
   6:6>GenerateBuildDependencyFile:
       Input files: 
           /Users/dacanetdev/Dev/AIGenerated/RoadmapSkills/src/DeventSoft.RoadmapSkills.Api/obj/project.assets.json
           /Users/dacanetdev/Dev/AIGenerated/RoadmapSkills/src/DeventSoft.RoadmapSkills.Api/obj/Debug/net8.0/DeventSoft.RoadmapSkills.Api.assets.cache
           /Users/dacanetdev/Dev/AIGenerated/RoadmapSkills/src/DeventSoft.RoadmapSkills.Api/obj/DeventSoft.RoadmapSkills.Api.csproj.nuget.g.targets
           /usr/local/share/dotnet/sdk/9.0.200/Current/Microsoft.Common.targets/ImportAfter/Microsoft.TestPlatform.ImportAfter.targets
  10:6>ResolveAssemblyReferences:
             This reference is not "CopyLocal" because at least one source item had "Private" set to "false" and no source items had "Private" set to "true".
             The ImageRuntimeVersion for this reference is "".
   6:6>GenerateBuildDependencyFile:
       Output files: /Users/dacanetdev/Dev/AIGenerated/RoadmapSkills/src/DeventSoft.RoadmapSkills.Api/bin/Debug/net8.0/DeventSoft.RoadmapSkills.Api.deps.json
  10:6>ResolveAssemblyReferences:
         Primary reference "System.Xml.XPath, Version=8.0.0.0, Culture=neutral, PublicKeyToken=b03f5f7f11d50a3a".
             Resolved file path is "/Users/dacanetdev/.nuget/packages/microsoft.netcore.app.ref/8.0.13/ref/net8.0/System.Xml.XPath.dll".
             Reference found at search path location "{RawFileName}".
             This reference is not "CopyLocal" because at least one source item had "Private" set to "false" and no source items had "Private" set to "true".
             The ImageRuntimeVersion for this reference is "".
         Primary reference "System.Xml.XmlDocument, Version=8.0.0.0, Culture=neutral, PublicKeyToken=b03f5f7f11d50a3a".
             Resolved file path is "/Users/dacanetdev/.nuget/packages/microsoft.netcore.app.ref/8.0.13/ref/net8.0/System.Xml.XmlDocument.dll".
             Reference found at search path location "{RawFileName}".
             This reference is not "CopyLocal" because at least one source item had "Private" set to "false" and no source items had "Private" set to "true".
             The ImageRuntimeVersion for this reference is "".
         Primary reference "System.Xml.XmlSerializer, Version=8.0.0.0, Culture=neutral, PublicKeyToken=b03f5f7f11d50a3a".
             Resolved file path is "/Users/dacanetdev/.nuget/packages/microsoft.netcore.app.ref/8.0.13/ref/net8.0/System.Xml.XmlSerializer.dll".
             Reference found at search path location "{RawFileName}".
             This reference is not "CopyLocal" because at least one source item had "Private" set to "false" and no source items had "Private" set to "true".
             The ImageRuntimeVersion for this reference is "".
         Primary reference "System.Xml, Version=4.0.0.0, Culture=neutral, PublicKeyToken=b77a5c561934e089".
   6:6>Done building target "GenerateBuildDependencyFile" in project "DeventSoft.RoadmapSkills.Api.csproj".
  10:6>ResolveAssemblyReferences:
             Resolved file path is "/Users/dacanetdev/.nuget/packages/microsoft.netcore.app.ref/8.0.13/ref/net8.0/System.Xml.dll".
             Reference found at search path location "{RawFileName}".
   6:6>Target "_DefaultMicrosoftNETPlatformLibrary" skipped. Previously built successfully.
  10:6>ResolveAssemblyReferences:
             This reference is not "CopyLocal" because at least one source item had "Private" set to "false" and no source items had "Private" set to "true".
             The ImageRuntimeVersion for this reference is "".
         Primary reference "System, Version=4.0.0.0, Culture=neutral, PublicKeyToken=b77a5c561934e089".
             Resolved file path is "/Users/dacanetdev/.nuget/packages/microsoft.netcore.app.ref/8.0.13/ref/net8.0/System.dll".
             Reference found at search path location "{RawFileName}".
             This reference is not "CopyLocal" because at least one source item had "Private" set to "false" and no source items had "Private" set to "true".
             The ImageRuntimeVersion for this reference is "".
         Primary reference "WindowsBase, Version=4.0.0.0, Culture=neutral, PublicKeyToken=31bf3856ad364e35".
             Resolved file path is "/Users/dacanetdev/.nuget/packages/microsoft.netcore.app.ref/8.0.13/ref/net8.0/WindowsBase.dll".
   6:6>Target "_GenerateRuntimeConfigurationFilesInputCache" in file "/usr/local/share/dotnet/sdk/9.0.200/Sdks/Microsoft.NET.Sdk/targets/Microsoft.NET.Sdk.targets" from project "/Users/dacanetdev/Dev/AIGenerated/RoadmapSkills/src/DeventSoft.RoadmapSkills.Api/DeventSoft.RoadmapSkills.Api.csproj" (target "GenerateBuildRuntimeConfigurationFiles" depends on it):
   6:6>Task "Hash"
  10:6>ResolveAssemblyReferences:
             Reference found at search path location "{RawFileName}".
             This reference is not "CopyLocal" because at least one source item had "Private" set to "false" and no source items had "Private" set to "true".
             The ImageRuntimeVersion for this reference is "".
         Primary reference "mscorlib, Version=4.0.0.0, Culture=neutral, PublicKeyToken=b77a5c561934e089".
   6:6>Done executing task "Hash".
  10:6>ResolveAssemblyReferences:
             Resolved file path is "/Users/dacanetdev/.nuget/packages/microsoft.netcore.app.ref/8.0.13/ref/net8.0/mscorlib.dll".
   6:6>Task "WriteLinesToFile"
  10:6>ResolveAssemblyReferences:
             Reference found at search path location "{RawFileName}".
             This reference is not "CopyLocal" because at least one source item had "Private" set to "false" and no source items had "Private" set to "true".
             The ImageRuntimeVersion for this reference is "".
         Primary reference "netstandard, Version=2.1.0.0, Culture=neutral, PublicKeyToken=cc7b13ffcd2ddd51".
             Resolved file path is "/Users/dacanetdev/.nuget/packages/microsoft.netcore.app.ref/8.0.13/ref/net8.0/netstandard.dll".
             Reference found at search path location "{RawFileName}".
             This reference is not "CopyLocal" because at least one source item had "Private" set to "false" and no source items had "Private" set to "true".
             The ImageRuntimeVersion for this reference is "".
       Done executing task "ResolveAssemblyReference".
  10:6>Done building target "ResolveAssemblyReferences" in project "DeventSoft.RoadmapSkills.Shared.Domain.csproj".
       Target "GenerateBindingRedirects" skipped, due to false condition; ('$(AutoGenerateBindingRedirects)' == 'true' and '$(GenerateBindingRedirectsOutputType)' == 'true' and '@(SuggestedBindingRedirects)' != '' and '$(DesignTimeBuild)' != 'true' and '$(BuildingProject)' == 'true') was evaluated as ('' == 'true' and '' == 'true' and '' != '' and '' != 'true' and 'true' == 'true').
       Target "GenerateSupportedRuntime" skipped, due to false condition; ('$(GenerateSupportedRuntime)' != 'false' and '$(TargetFrameworkIdentifier)' == '.NETFramework' and '$(HasRuntimeOutput)' == 'true') was evaluated as ('' != 'false' and '.NETCoreApp' == '.NETFramework' and '' == 'true').
       Target "GenerateBindingRedirectsUpdateAppConfig" skipped, due to false condition; ('$(AutoGenerateBindingRedirects)' == 'true' and '$(GenerateBindingRedirectsOutputType)' == 'true') was evaluated as ('' == 'true' and '' == 'true').
       Target "ResolveComReferences" skipped, due to false condition; ('@(COMReference)'!='' or '@(COMFileReference)'!='') was evaluated as (''!='' or ''!='').
   6:6>_GenerateRuntimeConfigurationFilesInputCache:
         Skipping write to file "/Users/dacanetdev/Dev/AIGenerated/RoadmapSkills/src/DeventSoft.RoadmapSkills.Api/obj/Debug/net8.0/DeventSoft.RoadmapSkills.Api.genruntimeconfig.cache" because content would not change.
       Done executing task "WriteLinesToFile".
  10:6>Target "AfterResolveReferences" in file "/usr/local/share/dotnet/sdk/9.0.200/Microsoft.Common.CurrentVersion.targets" from project "/Users/dacanetdev/Dev/AIGenerated/RoadmapSkills/src/Shared/DeventSoft.RoadmapSkills.Shared.Domain/DeventSoft.RoadmapSkills.Shared.Domain.csproj" (target "ResolveReferences" depends on it):
  10:6>Done building target "AfterResolveReferences" in project "DeventSoft.RoadmapSkills.Shared.Domain.csproj".
   6:6>Done building target "_GenerateRuntimeConfigurationFilesInputCache" in project "DeventSoft.RoadmapSkills.Api.csproj".
  10:6>Target "ResolveReferences" in file "/usr/local/share/dotnet/sdk/9.0.200/Microsoft.Common.CurrentVersion.targets" from project "/Users/dacanetdev/Dev/AIGenerated/RoadmapSkills/src/Shared/DeventSoft.RoadmapSkills.Shared.Domain/DeventSoft.RoadmapSkills.Shared.Domain.csproj" (target "_BlockWinMDsOnUnsupportedTFMs" depends on it):
  10:6>Done building target "ResolveReferences" in project "DeventSoft.RoadmapSkills.Shared.Domain.csproj".
   6:6>Target "GenerateBuildRuntimeConfigurationFiles" in file "/usr/local/share/dotnet/sdk/9.0.200/Sdks/Microsoft.NET.Sdk/targets/Microsoft.NET.Sdk.targets" from project "/Users/dacanetdev/Dev/AIGenerated/RoadmapSkills/src/DeventSoft.RoadmapSkills.Api/DeventSoft.RoadmapSkills.Api.csproj" (target "CopyFilesToOutputDirectory" depends on it):
   6:6>Skipping target "GenerateBuildRuntimeConfigurationFiles" because all output files are up-to-date with respect to the input files.
  10:6>Target "_BlockWinMDsOnUnsupportedTFMs" in file "/usr/local/share/dotnet/sdk/9.0.200/Sdks/Microsoft.NET.Sdk/targets/Microsoft.NET.Sdk.targets" from project "/Users/dacanetdev/Dev/AIGenerated/RoadmapSkills/src/Shared/DeventSoft.RoadmapSkills.Shared.Domain/DeventSoft.RoadmapSkills.Shared.Domain.csproj" (target "CoreBuild" depends on it):
  10:6>Using "CheckForUnsupportedWinMDReferences" task from assembly "/usr/local/share/dotnet/sdk/9.0.200/Sdks/Microsoft.NET.Sdk/targets/../tools/net9.0/Microsoft.NET.Build.Tasks.dll".
   6:6>GenerateBuildRuntimeConfigurationFiles:
       Input files: 
           /Users/dacanetdev/Dev/AIGenerated/RoadmapSkills/src/DeventSoft.RoadmapSkills.Api/obj/project.assets.json
           /Users/dacanetdev/Dev/AIGenerated/RoadmapSkills/src/DeventSoft.RoadmapSkills.Api/obj/Debug/net8.0/DeventSoft.RoadmapSkills.Api.assets.cache
           /Users/dacanetdev/Dev/AIGenerated/RoadmapSkills/src/DeventSoft.RoadmapSkills.Api/obj/Debug/net8.0/DeventSoft.RoadmapSkills.Api.genruntimeconfig.cache
  10:6>Task "CheckForUnsupportedWinMDReferences"
   6:6>GenerateBuildRuntimeConfigurationFiles:
       Output files: /Users/dacanetdev/Dev/AIGenerated/RoadmapSkills/src/DeventSoft.RoadmapSkills.Api/bin/Debug/net8.0/DeventSoft.RoadmapSkills.Api.runtimeconfig.json
  10:6>Done executing task "CheckForUnsupportedWinMDReferences".
   6:6>Done building target "GenerateBuildRuntimeConfigurationFiles" in project "DeventSoft.RoadmapSkills.Api.csproj".
       Target "GenerateShimsAssets" skipped, due to false condition; ('$(PackAsTool)' == 'true' and $(PackAsToolShimRuntimeIdentifiers) != '' ) was evaluated as ('' == 'true' and  != '' ).
  10:6>_BlockWinMDsOnUnsupportedTFMs:
       Task "NETSdkError" skipped, due to false condition; ('$(OutputType)' == 'winmdobj') was evaluated as ('Library' == 'winmdobj').
   6:6>Target "CopyFilesToOutputDirectory" in file "/usr/local/share/dotnet/sdk/9.0.200/Microsoft.Common.CurrentVersion.targets" from project "/Users/dacanetdev/Dev/AIGenerated/RoadmapSkills/src/DeventSoft.RoadmapSkills.Api/DeventSoft.RoadmapSkills.Api.csproj" (target "PrepareForRun" depends on it):
   6:6>Task "Copy"
  10:6>Done building target "_BlockWinMDsOnUnsupportedTFMs" in project "DeventSoft.RoadmapSkills.Shared.Domain.csproj".
       Target "ResolveReferences" skipped. Previously built successfully.
       Target "ResolvePackageDependenciesForBuild" skipped. Previously built successfully.
       Target "_HandlePackageFileConflicts" skipped. Previously built successfully.
  10:6>Target "CopyAdditionalFiles" in file "/usr/local/share/dotnet/sdk/9.0.200/Roslyn/Microsoft.Managed.Core.targets" from project "/Users/dacanetdev/Dev/AIGenerated/RoadmapSkills/src/Shared/DeventSoft.RoadmapSkills.Shared.Domain/DeventSoft.RoadmapSkills.Shared.Domain.csproj" (target "AssignTargetPaths" depends on it):
  10:6>Done building target "CopyAdditionalFiles" in project "DeventSoft.RoadmapSkills.Shared.Domain.csproj".
       Target "_GetAppHostPaths" skipped, due to false condition; ('$(UseAppHost)' == 'true' and '$(_IsExecutable)' == 'true') was evaluated as ('' == 'true' and '' == 'true').
       Target "_GetAppHostCreationConfiguration" skipped, due to false condition; ('$(UseAppHost)' == 'true' and '$(_IsExecutable)' == 'true') was evaluated as ('' == 'true' and '' == 'true').
       Target "_GetComHostPaths" skipped, due to false condition; ('$(EnableComHosting)' == 'true' and '$(_IsExecutable)' != 'true') was evaluated as ('' == 'true' and '' != 'true').
       Target "_GetIjwHostPaths" skipped, due to false condition; ('$(UseIJWHost)' == 'true') was evaluated as ('' == 'true').
  10:6>Target "_ComputeNETCoreBuildOutputFiles" in file "/usr/local/share/dotnet/sdk/9.0.200/Sdks/Microsoft.NET.Sdk/targets/Microsoft.NET.Sdk.targets" from project "/Users/dacanetdev/Dev/AIGenerated/RoadmapSkills/src/Shared/DeventSoft.RoadmapSkills.Shared.Domain/DeventSoft.RoadmapSkills.Shared.Domain.csproj" (target "AssignTargetPaths" depends on it):
  10:6>Done building target "_ComputeNETCoreBuildOutputFiles" in project "DeventSoft.RoadmapSkills.Shared.Domain.csproj".
  10:6>Target "AssignTargetPaths" in file "/usr/local/share/dotnet/sdk/9.0.200/Microsoft.Common.CurrentVersion.targets" from project "/Users/dacanetdev/Dev/AIGenerated/RoadmapSkills/src/Shared/DeventSoft.RoadmapSkills.Shared.Domain/DeventSoft.RoadmapSkills.Shared.Domain.csproj" (target "PrepareResourceNames" depends on it):
       Using "AssignTargetPath" task from assembly "Microsoft.Build.Tasks.Core, Version=15.1.0.0, Culture=neutral, PublicKeyToken=b03f5f7f11d50a3a".
   6:6>CopyFilesToOutputDirectory:
         Did not copy from file "obj/Debug/net8.0/DeventSoft.RoadmapSkills.Api.dll" to file "bin/Debug/net8.0/DeventSoft.RoadmapSkills.Api.dll" because the "SkipUnchangedFiles" parameter was set to "true" in the project and the files' sizes and timestamps match.
  10:6>Task "AssignTargetPath"
       Done executing task "AssignTargetPath".
   6:6>Done executing task "Copy".
  10:6>Task "AssignTargetPath"
       Done executing task "AssignTargetPath".
       Task "AssignTargetPath"
       Done executing task "AssignTargetPath".
       Task "AssignTargetPath"
       Done executing task "AssignTargetPath".
       Task "AssignTargetPath" skipped, due to false condition; ('@(_DeploymentBaseManifestWithTargetPath)'=='' and '%(None.Extension)'=='.manifest') was evaluated as (''=='' and ''=='.manifest').
   6:6>CopyFilesToOutputDirectory:
       Using "CopyRefAssembly" task from assembly "/usr/local/share/dotnet/sdk/9.0.200/Roslyn/Microsoft.Build.Tasks.CodeAnalysis.dll".
  10:6>Done building target "AssignTargetPaths" in project "DeventSoft.RoadmapSkills.Shared.Domain.csproj".
       Target "AssignTargetPaths" skipped. Previously built successfully.
   6:6>Task "CopyRefAssembly"
  10:6>Target "SplitResourcesByCulture" in file "/usr/local/share/dotnet/sdk/9.0.200/Microsoft.Common.CurrentVersion.targets" from project "/Users/dacanetdev/Dev/AIGenerated/RoadmapSkills/src/Shared/DeventSoft.RoadmapSkills.Shared.Domain/DeventSoft.RoadmapSkills.Shared.Domain.csproj" (target "PrepareResourceNames" depends on it):
  10:6>Task "MSBuildInternalMessage" skipped, due to false condition; ('@(ResxWithNoCulture)'!='') was evaluated as (''!='').
       Task "MSBuildInternalMessage" skipped, due to false condition; ('@(ResxWithCulture)'!='') was evaluated as (''!='').
       Task "MSBuildInternalMessage" skipped, due to false condition; ('@(NonResxWithCulture)'!='') was evaluated as (''!='').
       Task "MSBuildInternalMessage" skipped, due to false condition; ('@(NonResxWithNoCulture)'!='') was evaluated as (''!='').
       Using "AssignCulture" task from assembly "Microsoft.Build.Tasks.Core, Version=15.1.0.0, Culture=neutral, PublicKeyToken=b03f5f7f11d50a3a".
       Task "AssignCulture"
       Done executing task "AssignCulture".
  10:6>Done building target "SplitResourcesByCulture" in project "DeventSoft.RoadmapSkills.Shared.Domain.csproj".
       Target "CreateManifestResourceNames" skipped, due to false condition; ('@(EmbeddedResource)' != '') was evaluated as ('' != '').
  10:6>Target "CreateCustomManifestResourceNames" in file "/usr/local/share/dotnet/sdk/9.0.200/Microsoft.Common.CurrentVersion.targets" from project "/Users/dacanetdev/Dev/AIGenerated/RoadmapSkills/src/Shared/DeventSoft.RoadmapSkills.Shared.Domain/DeventSoft.RoadmapSkills.Shared.Domain.csproj" (target "PrepareResourceNames" depends on it):
  10:6>Done building target "CreateCustomManifestResourceNames" in project "DeventSoft.RoadmapSkills.Shared.Domain.csproj".
  10:6>Target "PrepareResourceNames" in file "/usr/local/share/dotnet/sdk/9.0.200/Microsoft.Common.CurrentVersion.targets" from project "/Users/dacanetdev/Dev/AIGenerated/RoadmapSkills/src/Shared/DeventSoft.RoadmapSkills.Shared.Domain/DeventSoft.RoadmapSkills.Shared.Domain.csproj" (target "PrepareResources" depends on it):
  10:6>Done building target "PrepareResourceNames" in project "DeventSoft.RoadmapSkills.Shared.Domain.csproj".
       Target "ResolveAssemblyReferences" skipped. Previously built successfully.
       Target "SplitResourcesByCulture" skipped. Previously built successfully.
  10:6>Target "BeforeResGen" in file "/usr/local/share/dotnet/sdk/9.0.200/Microsoft.Common.CurrentVersion.targets" from project "/Users/dacanetdev/Dev/AIGenerated/RoadmapSkills/src/Shared/DeventSoft.RoadmapSkills.Shared.Domain/DeventSoft.RoadmapSkills.Shared.Domain.csproj" (target "ResGen" depends on it):
  10:6>Done building target "BeforeResGen" in project "DeventSoft.RoadmapSkills.Shared.Domain.csproj".
       Target "ResolveReferences" skipped. Previously built successfully.
  10:6>Target "FindReferenceAssembliesForReferences" in file "/usr/local/share/dotnet/sdk/9.0.200/Microsoft.Common.CurrentVersion.targets" from project "/Users/dacanetdev/Dev/AIGenerated/RoadmapSkills/src/Shared/DeventSoft.RoadmapSkills.Shared.Domain/DeventSoft.RoadmapSkills.Shared.Domain.csproj" (target "CoreResGen" depends on it):
  10:6>Done building target "FindReferenceAssembliesForReferences" in project "DeventSoft.RoadmapSkills.Shared.Domain.csproj".
  10:6>Target "CoreResGen" in file "/usr/local/share/dotnet/sdk/9.0.200/Microsoft.Common.CurrentVersion.targets" from project "/Users/dacanetdev/Dev/AIGenerated/RoadmapSkills/src/Shared/DeventSoft.RoadmapSkills.Shared.Domain/DeventSoft.RoadmapSkills.Shared.Domain.csproj" (target "ResGen" depends on it):
       Task "GenerateResource" skipped, due to false condition; ('%(EmbeddedResource.Type)' == 'Resx' and '%(EmbeddedResource.GenerateResource)' != 'false' and '$(GenerateResourceMSBuildRuntime)' != 'CLR2') was evaluated as ('' == 'Resx' and '' != 'false' and 'CurrentRuntime' != 'CLR2').
       Task "GenerateResource" skipped, due to false condition; ('%(EmbeddedResource.Type)' == 'Resx' and '%(EmbeddedResource.GenerateResource)' != 'false' and '$(GenerateResourceMSBuildRuntime)' == 'CLR2') was evaluated as ('' == 'Resx' and '' != 'false' and 'CurrentRuntime' == 'CLR2').
  10:6>Done building target "CoreResGen" in project "DeventSoft.RoadmapSkills.Shared.Domain.csproj".
  10:6>Target "AfterResGen" in file "/usr/local/share/dotnet/sdk/9.0.200/Microsoft.Common.CurrentVersion.targets" from project "/Users/dacanetdev/Dev/AIGenerated/RoadmapSkills/src/Shared/DeventSoft.RoadmapSkills.Shared.Domain/DeventSoft.RoadmapSkills.Shared.Domain.csproj" (target "ResGen" depends on it):
  10:6>Done building target "AfterResGen" in project "DeventSoft.RoadmapSkills.Shared.Domain.csproj".
  10:6>Target "ResGen" in file "/usr/local/share/dotnet/sdk/9.0.200/Microsoft.Common.CurrentVersion.targets" from project "/Users/dacanetdev/Dev/AIGenerated/RoadmapSkills/src/Shared/DeventSoft.RoadmapSkills.Shared.Domain/DeventSoft.RoadmapSkills.Shared.Domain.csproj" (target "PrepareResources" depends on it):
  10:6>Done building target "ResGen" in project "DeventSoft.RoadmapSkills.Shared.Domain.csproj".
       Target "CompileLicxFiles" skipped, due to false condition; ('@(_LicxFile)'!='') was evaluated as (''!='').
  10:6>Target "PrepareResources" in file "/usr/local/share/dotnet/sdk/9.0.200/Microsoft.Common.CurrentVersion.targets" from project "/Users/dacanetdev/Dev/AIGenerated/RoadmapSkills/src/Shared/DeventSoft.RoadmapSkills.Shared.Domain/DeventSoft.RoadmapSkills.Shared.Domain.csproj" (target "CoreBuild" depends on it):
  10:6>Done building target "PrepareResources" in project "DeventSoft.RoadmapSkills.Shared.Domain.csproj".
       Target "ResolveKeySource" skipped, due to false condition; ($(SignManifests) == 'true' or $(SignAssembly) == 'true') was evaluated as ( == 'true' or false == 'true').
       Target "ResolveReferences" skipped. Previously built successfully.
       Target "ResolveKeySource" skipped, due to false condition; ($(SignManifests) == 'true' or $(SignAssembly) == 'true') was evaluated as ( == 'true' or false == 'true').
       Target "ResolveComReferences" skipped, due to false condition; ('@(COMReference)'!='' or '@(COMFileReference)'!='') was evaluated as (''!='' or ''!='').
       Target "ResolveNativeReferences" skipped, due to false condition; ('@(NativeReference)'!='') was evaluated as (''!='').
       Target "_SetExternalWin32ManifestProperties" skipped, due to false condition; ('$(GenerateClickOnceManifests)'=='true' or '@(NativeReference)'!='' or '@(ResolvedIsolatedComModules)'!='') was evaluated as (''=='true' or ''!='' or ''!='').
  10:6>Target "_SetEmbeddedWin32ManifestProperties" in file "/usr/local/share/dotnet/sdk/9.0.200/Microsoft.Common.CurrentVersion.targets" from project "/Users/dacanetdev/Dev/AIGenerated/RoadmapSkills/src/Shared/DeventSoft.RoadmapSkills.Shared.Domain/DeventSoft.RoadmapSkills.Shared.Domain.csproj" (target "SetWin32ManifestProperties" depends on it):
       Using "GetFrameworkPath" task from assembly "Microsoft.Build.Tasks.Core, Version=15.1.0.0, Culture=neutral, PublicKeyToken=b03f5f7f11d50a3a".
       Task "GetFrameworkPath"
       Done executing task "GetFrameworkPath".
  10:6>Done building target "_SetEmbeddedWin32ManifestProperties" in project "DeventSoft.RoadmapSkills.Shared.Domain.csproj".
  10:6>Target "SetWin32ManifestProperties" in file "/usr/local/share/dotnet/sdk/9.0.200/Microsoft.Common.CurrentVersion.targets" from project "/Users/dacanetdev/Dev/AIGenerated/RoadmapSkills/src/Shared/DeventSoft.RoadmapSkills.Shared.Domain/DeventSoft.RoadmapSkills.Shared.Domain.csproj" (target "Compile" depends on it):
  10:6>Done building target "SetWin32ManifestProperties" in project "DeventSoft.RoadmapSkills.Shared.Domain.csproj".
       Target "_SetPreferNativeArm64Win32ManifestProperties" skipped, due to false condition; ( '$(PreferNativeArm64)'=='true' and '$(NoWin32Manifest)'!='true') was evaluated as ( 'false'=='true' and ''!='true').
       Target "FindReferenceAssembliesForReferences" skipped. Previously built successfully.
  10:6>Target "_GenerateCompileInputs" in file "/usr/local/share/dotnet/sdk/9.0.200/Microsoft.Common.CurrentVersion.targets" from project "/Users/dacanetdev/Dev/AIGenerated/RoadmapSkills/src/Shared/DeventSoft.RoadmapSkills.Shared.Domain/DeventSoft.RoadmapSkills.Shared.Domain.csproj" (target "Compile" depends on it):
       Task "MSBuildInternalMessage" skipped, due to false condition; ('@(ManifestResourceWithNoCulture)'!='' and '%(ManifestResourceWithNoCulture.EmittedForCompatibilityOnly)'=='') was evaluated as (''!='' and ''=='').
       Task "MSBuildInternalMessage" skipped, due to false condition; ('@(ManifestNonResxWithNoCultureOnDisk)'!='' and '%(ManifestNonResxWithNoCultureOnDisk.EmittedForCompatibilityOnly)'=='') was evaluated as (''!='' and ''=='').
  10:6>Done building target "_GenerateCompileInputs" in project "DeventSoft.RoadmapSkills.Shared.Domain.csproj".
       Target "GenerateTargetPlatformDefineConstants" skipped, due to false condition; ( '$(DisableImplicitFrameworkDefines)' != 'true' and '$(TargetPlatformIdentifier)' != '' and '$(TargetFrameworkIdentifier)' == '.NETCoreApp' and $([MSBuild]::VersionGreaterThanOrEquals($(TargetFrameworkVersion), 5.0)) ) was evaluated as ( '' != 'true' and '' != '' and '.NETCoreApp' == '.NETCoreApp' and True ).
  10:6>Target "GenerateNETCompatibleDefineConstants" in file "/usr/local/share/dotnet/sdk/9.0.200/Sdks/Microsoft.NET.Sdk/targets/Microsoft.NET.Sdk.BeforeCommon.targets" from project "/Users/dacanetdev/Dev/AIGenerated/RoadmapSkills/src/Shared/DeventSoft.RoadmapSkills.Shared.Domain/DeventSoft.RoadmapSkills.Shared.Domain.csproj" (target "AddImplicitDefineConstants" depends on it):
  10:6>Done building target "GenerateNETCompatibleDefineConstants" in project "DeventSoft.RoadmapSkills.Shared.Domain.csproj".
       Target "GeneratePlatformCompatibleDefineConstants" skipped, due to false condition; ( '$(DisableImplicitFrameworkDefines)' != 'true' and '$(TargetPlatformIdentifier)' != '' and '$(TargetFrameworkIdentifier)' == '.NETCoreApp' and $([MSBuild]::VersionGreaterThanOrEquals($(TargetFrameworkVersion), 5.0)) ) was evaluated as ( '' != 'true' and '' != '' and '.NETCoreApp' == '.NETCoreApp' and True ).
       Target "_DisableDiagnosticTracing" skipped, due to false condition; ('$(DisableDiagnosticTracing)' == 'true') was evaluated as ('' == 'true').
  10:6>Target "AddImplicitDefineConstants" in file "/usr/local/share/dotnet/sdk/9.0.200/Sdks/Microsoft.NET.Sdk/targets/Microsoft.NET.Sdk.BeforeCommon.targets" from project "/Users/dacanetdev/Dev/AIGenerated/RoadmapSkills/src/Shared/DeventSoft.RoadmapSkills.Shared.Domain/DeventSoft.RoadmapSkills.Shared.Domain.csproj" (target "BeforeCompile" depends on it):
  10:6>Done building target "AddImplicitDefineConstants" in project "DeventSoft.RoadmapSkills.Shared.Domain.csproj".
       Target "PrepareForBuild" skipped. Previously built successfully.
  10:6>Target "GenerateMSBuildEditorConfigFileShouldRun" in file "/usr/local/share/dotnet/sdk/9.0.200/Roslyn/Microsoft.Managed.Core.targets" from project "/Users/dacanetdev/Dev/AIGenerated/RoadmapSkills/src/Shared/DeventSoft.RoadmapSkills.Shared.Domain/DeventSoft.RoadmapSkills.Shared.Domain.csproj" (target "GenerateMSBuildEditorConfigFile" depends on it):
  10:6>Done building target "GenerateMSBuildEditorConfigFileShouldRun" in project "DeventSoft.RoadmapSkills.Shared.Domain.csproj".
   6:6>CopyFilesToOutputDirectory:
         Reference assembly "/Users/dacanetdev/Dev/AIGenerated/RoadmapSkills/src/DeventSoft.RoadmapSkills.Api/obj/Debug/net8.0/ref/DeventSoft.RoadmapSkills.Api.dll" already has latest information. Leaving it untouched.
  10:6>Target "AddGlobalAnalyzerConfigForPackage_MicrosoftCodeAnalysisCSharpCodeStyle" in file "/usr/local/share/dotnet/sdk/9.0.200/Sdks/Microsoft.NET.Sdk/codestyle/cs/build/Microsoft.CodeAnalysis.CSharp.CodeStyle.targets" from project "/Users/dacanetdev/Dev/AIGenerated/RoadmapSkills/src/Shared/DeventSoft.RoadmapSkills.Shared.Domain/DeventSoft.RoadmapSkills.Shared.Domain.csproj" (target "GenerateMSBuildEditorConfigFileCore" depends on it):
  10:6>Done building target "AddGlobalAnalyzerConfigForPackage_MicrosoftCodeAnalysisCSharpCodeStyle" in project "DeventSoft.RoadmapSkills.Shared.Domain.csproj".
  10:6>Target "GenerateMSBuildEditorConfigFileCore" in file "/usr/local/share/dotnet/sdk/9.0.200/Roslyn/Microsoft.Managed.Core.targets" from project "/Users/dacanetdev/Dev/AIGenerated/RoadmapSkills/src/Shared/DeventSoft.RoadmapSkills.Shared.Domain/DeventSoft.RoadmapSkills.Shared.Domain.csproj" (target "GenerateMSBuildEditorConfigFile" depends on it):
       Building target "GenerateMSBuildEditorConfigFileCore" completely.
     0>Property reassignment: $(PublishProfileImported)="true" (previous value: "false") at /usr/local/share/dotnet/sdk/9.0.200/Sdks/Microsoft.NET.Sdk.Publish/targets/Microsoft.NET.Sdk.Publish.targets (60,5)
  10:6>GenerateMSBuildEditorConfigFileCore:
       No input files were specified.
     0>Property reassignment: $(PublishConfiguration)="Debug" (previous value: "") at /usr/local/share/dotnet/sdk/9.0.200/Sdks/Microsoft.NET.Sdk.Publish/targets/Microsoft.NET.Sdk.Publish.targets (81,5)
   6:6>Done executing task "CopyRefAssembly".
       Task "Message"
         DeventSoft.RoadmapSkills.Api -> /Users/dacanetdev/Dev/AIGenerated/RoadmapSkills/src/DeventSoft.RoadmapSkills.Api/bin/Debug/net8.0/DeventSoft.RoadmapSkills.Api.dll
       Done executing task "Message".
       Task "Copy" skipped, due to false condition; ('@(AddModules)' != '') was evaluated as ('' != '').
       Task "Copy" skipped, due to false condition; ('$(_SGenDllCreated)'=='true') was evaluated as ('false'=='true').
     0>Property reassignment: $(BaseIntermediateOutputPath)="/Users/dacanetdev/Dev/AIGenerated/RoadmapSkills/src/DeventSoft.RoadmapSkills.BlazorApp/obj/" (previous value: "obj\") at /usr/local/share/dotnet/sdk/9.0.200/Sdks/Microsoft.NET.Sdk.Publish/targets/Microsoft.NET.Sdk.Publish.targets (87,5)
   6:6>Task "Copy"
         Did not copy from file "obj/Debug/net8.0/DeventSoft.RoadmapSkills.Api.pdb" to file "bin/Debug/net8.0/DeventSoft.RoadmapSkills.Api.pdb" because the "SkipUnchangedFiles" parameter was set to "true" in the project and the files' sizes and timestamps match.
       Done executing task "Copy".
       Task "Copy" skipped, due to false condition; ('$(_DocumentationFileProduced)'=='true' and '$(CopyDocumentationFileToOutputDirectory)'=='true') was evaluated as ('false'=='true' and 'true'=='true').
       Task "Copy" skipped, due to false condition; ('@(IntermediateSatelliteAssembliesWithTargetPath)' != '') was evaluated as ('' != '').
       Task "Copy" skipped, due to false condition; ('@(ReferenceComWrappersToCopyLocal)' != '' or '@(ResolvedIsolatedComModules)' != '' or '@(_DeploymentLooseManifestFile)' != '' or '@(NativeReferenceFile)' != '' ) was evaluated as ('' != '' or '' != '' or '' != '' or '' != '' ).
       Task "Copy" skipped, due to false condition; ('$(SkipCopyWinMDArtifact)' != 'true' and '@(WinMDExpArtifacts)' != '') was evaluated as ('' != 'true' and '' != '').
       Task "Message" skipped, due to false condition; ('$(SkipCopyWinMDArtifact)' != 'true' and '$(_WindowsMetadataOutputPath)' != '') was evaluated as ('' != 'true' and '' != '').
   6:6>Done building target "CopyFilesToOutputDirectory" in project "DeventSoft.RoadmapSkills.Api.csproj".
       Target "_CopyReferenceOnlyAssembliesForBuild" skipped, due to false condition; ('$(PreserveCompilationReferences)' == 'true') was evaluated as ('' == 'true').
  10:6>GenerateMSBuildEditorConfigFileCore:
       Using "GenerateMSBuildEditorConfig" task from assembly "/usr/local/share/dotnet/sdk/9.0.200/Roslyn/Microsoft.Build.Tasks.CodeAnalysis.dll".
   6:6>Target "PrepareForRun" in file "/usr/local/share/dotnet/sdk/9.0.200/Microsoft.Common.CurrentVersion.targets" from project "/Users/dacanetdev/Dev/AIGenerated/RoadmapSkills/src/DeventSoft.RoadmapSkills.Api/DeventSoft.RoadmapSkills.Api.csproj" (target "CoreBuild" depends on it):
   6:6>Done building target "PrepareForRun" in project "DeventSoft.RoadmapSkills.Api.csproj".
  10:6>Task "GenerateMSBuildEditorConfig"
   6:6>Target "UnmanagedRegistration" skipped, due to false condition; ('$(RegisterForComInterop)'=='true' and '$(OutputType)'=='library') was evaluated as (''=='true' and 'Exe'=='library').
       Target "_CheckForCompileOutputs" skipped. Previously built successfully.
       Target "_SGenCheckForOutputs" skipped, due to false condition; ('$(_SGenGenerateSerializationAssembliesConfig)' == 'On' or ('@(WebReferenceUrl)'!='' and '$(_SGenGenerateSerializationAssembliesConfig)' == 'Auto')) was evaluated as ('Off' == 'On' or (''!='' and 'Off' == 'Auto')).
   6:6>Target "_CleanGetCurrentAndPriorFileWrites" in file "/usr/local/share/dotnet/sdk/9.0.200/Microsoft.Common.CurrentVersion.targets" from project "/Users/dacanetdev/Dev/AIGenerated/RoadmapSkills/src/DeventSoft.RoadmapSkills.Api/DeventSoft.RoadmapSkills.Api.csproj" (target "IncrementalClean" depends on it):
       Using "ReadLinesFromFile" task from assembly "Microsoft.Build.Tasks.Core, Version=15.1.0.0, Culture=neutral, PublicKeyToken=b03f5f7f11d50a3a".
       Task "ReadLinesFromFile"
       Done executing task "ReadLinesFromFile".
  10:6>Done executing task "GenerateMSBuildEditorConfig".
   6:6>Task "ConvertToAbsolutePath"
  10:6>Done building target "GenerateMSBuildEditorConfigFileCore" in project "DeventSoft.RoadmapSkills.Shared.Domain.csproj".
  10:6>Target "GenerateMSBuildEditorConfigFile" in file "/usr/local/share/dotnet/sdk/9.0.200/Roslyn/Microsoft.Managed.Core.targets" from project "/Users/dacanetdev/Dev/AIGenerated/RoadmapSkills/src/Shared/DeventSoft.RoadmapSkills.Shared.Domain/DeventSoft.RoadmapSkills.Shared.Domain.csproj" (target "BeforeCompile" depends on it):
  10:6>Done building target "GenerateMSBuildEditorConfigFile" in project "DeventSoft.RoadmapSkills.Shared.Domain.csproj".
       Target "PrepareForBuild" skipped. Previously built successfully.
       Target "GetReferenceAssemblyPaths" skipped. Previously built successfully.
  10:6>Target "_SetTargetFrameworkMonikerAttribute" in file "/usr/local/share/dotnet/sdk/9.0.200/Microsoft.CSharp.CurrentVersion.targets" from project "/Users/dacanetdev/Dev/AIGenerated/RoadmapSkills/src/Shared/DeventSoft.RoadmapSkills.Shared.Domain/DeventSoft.RoadmapSkills.Shared.Domain.csproj" (target "GenerateTargetFrameworkMonikerAttribute" depends on it):
  10:6>Done building target "_SetTargetFrameworkMonikerAttribute" in project "DeventSoft.RoadmapSkills.Shared.Domain.csproj".
  10:6>Target "GenerateTargetFrameworkMonikerAttribute" in file "/usr/local/share/dotnet/sdk/9.0.200/Microsoft.Common.CurrentVersion.targets" from project "/Users/dacanetdev/Dev/AIGenerated/RoadmapSkills/src/Shared/DeventSoft.RoadmapSkills.Shared.Domain/DeventSoft.RoadmapSkills.Shared.Domain.csproj" (target "BeforeCompile" depends on it):
       Skipping target "GenerateTargetFrameworkMonikerAttribute" because all output files are up-to-date with respect to the input files.
       Input files: /usr/local/share/dotnet/sdk/9.0.200/Microsoft.Common.targets
       Output files: obj/Debug/net8.0/.NETCoreApp,Version=v8.0.AssemblyAttributes.cs
  10:6>Done building target "GenerateTargetFrameworkMonikerAttribute" in project "DeventSoft.RoadmapSkills.Shared.Domain.csproj".
       Target "GenerateAdditionalSources" skipped, due to false condition; ('@(AssemblyAttributes)' != '' and '$(GenerateAdditionalSources)' == 'true') was evaluated as ('' != '' and '' == 'true').
       Target "PrepareForBuild" skipped. Previously built successfully.
  10:6>Target "GetAssemblyVersion" in file "/usr/local/share/dotnet/sdk/9.0.200/Sdks/Microsoft.NET.Sdk/targets/Microsoft.NET.GenerateAssemblyInfo.targets" from project "/Users/dacanetdev/Dev/AIGenerated/RoadmapSkills/src/Shared/DeventSoft.RoadmapSkills.Shared.Domain/DeventSoft.RoadmapSkills.Shared.Domain.csproj" (target "GetAssemblyAttributes" depends on it):
       Using "GetAssemblyVersion" task from assembly "/usr/local/share/dotnet/sdk/9.0.200/Sdks/Microsoft.NET.Sdk/targets/../tools/net9.0/Microsoft.NET.Build.Tasks.dll".
       Task "GetAssemblyVersion"
       Done executing task "GetAssemblyVersion".
  10:6>Done building target "GetAssemblyVersion" in project "DeventSoft.RoadmapSkills.Shared.Domain.csproj".
       Target "GetAssemblyVersion" skipped. Previously built successfully.
  10:6>Target "InitializeSourceControlInformationFromSourceControlManager" in file "/usr/local/share/dotnet/sdk/9.0.200/Sdks/Microsoft.Build.Tasks.Git/build/Microsoft.Build.Tasks.Git.targets" from project "/Users/dacanetdev/Dev/AIGenerated/RoadmapSkills/src/Shared/DeventSoft.RoadmapSkills.Shared.Domain/DeventSoft.RoadmapSkills.Shared.Domain.csproj" (target "_InitializeSourceControlInformationFromSourceControlManager" depends on it):
       Using "Microsoft.Build.Tasks.Git.LocateRepository" task from assembly "/usr/local/share/dotnet/sdk/9.0.200/Sdks/Microsoft.Build.Tasks.Git/build/../tools/net/Microsoft.Build.Tasks.Git.dll".
       Task "Microsoft.Build.Tasks.Git.LocateRepository"
   6:6>Done executing task "ConvertToAbsolutePath".
       Using "FindUnderPath" task from assembly "Microsoft.Build.Tasks.Core, Version=15.1.0.0, Culture=neutral, PublicKeyToken=b03f5f7f11d50a3a".
       Task "FindUnderPath"
         Comparison path is "/Users/dacanetdev/Dev/AIGenerated/RoadmapSkills/src/DeventSoft.RoadmapSkills.Api".
       Done executing task "FindUnderPath".
       Task "FindUnderPath"
         Comparison path is "bin/Debug/net8.0/".
  10:6>InitializeSourceControlInformationFromSourceControlManager:
         SourceLink: Repository instance not found in cache: '*:/Users/dacanetdev/Dev/AIGenerated/RoadmapSkills/.git'
   6:6>Done executing task "FindUnderPath".
       Task "FindUnderPath"
         Comparison path is "obj/Debug/net8.0/".
       Done executing task "FindUnderPath".
       Task "RemoveDuplicates"
       Done executing task "RemoveDuplicates".
   6:6>Done building target "_CleanGetCurrentAndPriorFileWrites" in project "DeventSoft.RoadmapSkills.Api.csproj".
   6:6>Target "IncrementalClean" in file "/usr/local/share/dotnet/sdk/9.0.200/Microsoft.Common.CurrentVersion.targets" from project "/Users/dacanetdev/Dev/AIGenerated/RoadmapSkills/src/DeventSoft.RoadmapSkills.Api/DeventSoft.RoadmapSkills.Api.csproj" (target "CoreBuild" depends on it):
       Task "FindUnderPath"
         Comparison path is "bin/Debug/net8.0/".
       Done executing task "FindUnderPath".
       Task "FindUnderPath"
         Comparison path is "obj/Debug/net8.0/".
       Done executing task "FindUnderPath".
       Using "Delete" task from assembly "Microsoft.Build.Tasks.Core, Version=15.1.0.0, Culture=neutral, PublicKeyToken=b03f5f7f11d50a3a".
       Task "Delete"
       Done executing task "Delete".
       Task "RemoveDuplicates"
       Done executing task "RemoveDuplicates".
       Task "WriteLinesToFile" skipped, due to false condition; ('@(_CleanUnfilteredPriorFileWrites)'!='@(_CleanUniqueRemainingFileWritesAfterIncrementalClean)') was evaluated as ('/Users/dacanetdev/Dev/AIGenerated/RoadmapSkills/src/DeventSoft.RoadmapSkills.Api/bin/Debug/net8.0/appsettings.Development.json;/Users/dacanetdev/Dev/AIGenerated/RoadmapSkills/src/DeventSoft.RoadmapSkills.Api/bin/Debug/net8.0/appsettings.json;/Users/dacanetdev/Dev/AIGenerated/RoadmapSkills/src/DeventSoft.RoadmapSkills.Api/bin/Debug/net8.0/DeventSoft.RoadmapSkills.Api.staticwebassets.endpoints.json;...'!='/Users/dacanetdev/Dev/AIGenerated/RoadmapSkills/src/DeventSoft.RoadmapSkills.Api/bin/Debug/net8.0/appsettings.Development.json;/Users/dacanetdev/Dev/AIGenerated/RoadmapSkills/src/DeventSoft.RoadmapSkills.Api/bin/Debug/net8.0/appsettings.json;/Users/dacanetdev/Dev/AIGenerated/RoadmapSkills/src/DeventSoft.RoadmapSkills.Api/bin/Debug/net8.0/DeventSoft.RoadmapSkills.Api.staticwebassets.endpoints.json;...').
   6:6>Done building target "IncrementalClean" in project "DeventSoft.RoadmapSkills.Api.csproj".
       Target "PostBuildEvent" skipped, due to false condition; ('$(PostBuildEvent)' != '' and ('$(RunPostBuildEvent)' != 'OnOutputUpdated' or '$(_AssemblyTimestampBeforeCompile)' != '$(_AssemblyTimestampAfterCompile)')) was evaluated as ('' != '' and ('' != 'OnOutputUpdated' or '' != '')).
       Target "GenerateBuildDependencyFile" skipped. Previously built successfully.
       Target "GenerateBuildRuntimeConfigurationFiles" skipped. Previously built successfully.
   6:6>Target "CoreBuild" in file "/usr/local/share/dotnet/sdk/9.0.200/Microsoft.Common.CurrentVersion.targets" from project "/Users/dacanetdev/Dev/AIGenerated/RoadmapSkills/src/DeventSoft.RoadmapSkills.Api/DeventSoft.RoadmapSkills.Api.csproj" (target "Build" depends on it):
   6:6>Done building target "CoreBuild" in project "DeventSoft.RoadmapSkills.Api.csproj".
   6:6>Target "AfterBuild" in file "/usr/local/share/dotnet/sdk/9.0.200/Microsoft.Common.CurrentVersion.targets" from project "/Users/dacanetdev/Dev/AIGenerated/RoadmapSkills/src/DeventSoft.RoadmapSkills.Api/DeventSoft.RoadmapSkills.Api.csproj" (target "Build" depends on it):
   6:6>Done building target "AfterBuild" in project "DeventSoft.RoadmapSkills.Api.csproj".
       Target "_CheckBrowserWorkloadNeededButNotAvailable" skipped, due to false condition; ('$(RuntimeIdentifier)' == 'browser-wasm' and '$(_BrowserWorkloadDisabled)' != 'true' and '$(WasmNativeWorkloadAvailable)' != 'true') was evaluated as ('' == 'browser-wasm' and '' != 'true' and '' != 'true').
       Target "_ErrorWorkloadDisabledForTFMLessThan6" skipped, due to false condition; ('$(_BrowserWorkloadNotSupportedForTFM)' == 'true') was evaluated as ('' == 'true').
       Target "_ErrorDualWasmThreadPropsOn7" skipped, due to false condition; ('$(TargetsNet7)' == 'true' and '$(RuntimeIdentifier)' == 'browser-wasm' and
           '$(BrowserWorkloadDisabled)' != 'true' and '$(WasmEnableThreads)' == 'true' and '$(WasmEnablePerfTrace)' == 'true') was evaluated as ('' == 'true' and '' == 'browser-wasm' and
           '' != 'true' and '' == 'true' and '' == 'true').
       Target "_CheckForInvalidConfigurationAndPlatform" skipped. Previously built successfully.
       Target "_CheckForInvalidConfigurationAndPlatform" skipped. Previously built successfully.
       Target "_GenerateOpenApiDocuments" skipped, due to false condition; ( '$(OpenApiGenerateDocumentsOnBuild)' == 'true' AND ('$(TargetFramework)' == '' OR '$(TargetFrameworks)' == '') ) was evaluated as ( 'false' == 'true' AND ('net8.0' == '' OR '' == '') ).
   6:6>Target "Build" in file "/usr/local/share/dotnet/sdk/9.0.200/Microsoft.Common.CurrentVersion.targets" from project "/Users/dacanetdev/Dev/AIGenerated/RoadmapSkills/src/DeventSoft.RoadmapSkills.Api/DeventSoft.RoadmapSkills.Api.csproj" (entry point):
   6:6>Done building target "Build" in project "DeventSoft.RoadmapSkills.Api.csproj".
       Target "_PackAsBuildAfterTarget" skipped, due to false condition; ('$(GeneratePackageOnBuild)' == 'true' AND '$(IsInnerBuild)' != 'true') was evaluated as ('false' == 'true' AND '' != 'true').
   6:6>Target "_CheckContainersPackage" in file "/usr/local/share/dotnet/sdk/9.0.200/Containers/build/Microsoft.NET.Build.Containers.targets" from project "/Users/dacanetdev/Dev/AIGenerated/RoadmapSkills/src/DeventSoft.RoadmapSkills.Api/DeventSoft.RoadmapSkills.Api.csproj" (entry point):
       Task "Warning" skipped, due to false condition; ($(_ContainerPackageIsPresent)
               and (
                 ($(_SdkCanPublishWeb) and $(_IsWebProject)) or
                 ($(_SdkCanPublishWorker) and $(_IsWorkerProject)) or
                 ($(_SdkCanPublishConsole) and '$(EnableSdkContainerSupport)' == 'true')
               )) was evaluated as (false
               and (
                 (True and true) or
                 (True and false) or
                 (True and 'true' == 'true')
               )).
   6:6>Done building target "_CheckContainersPackage" in project "DeventSoft.RoadmapSkills.Api.csproj".
       Target "DotNetPublish" skipped, due to false condition; ( '$(DeployOnBuild)' == 'true' ) was evaluated as ( '' == 'true' ).
   6:6>Done Building Project "/Users/dacanetdev/Dev/AIGenerated/RoadmapSkills/src/DeventSoft.RoadmapSkills.Api/DeventSoft.RoadmapSkills.Api.csproj" (default targets).
  10:6>Done executing task "Microsoft.Build.Tasks.Git.LocateRepository".
  10:6>Done building target "InitializeSourceControlInformationFromSourceControlManager" in project "DeventSoft.RoadmapSkills.Shared.Domain.csproj".
  10:6>Target "_SourceLinkHasSingleProvider" in file "/usr/local/share/dotnet/sdk/9.0.200/Sdks/Microsoft.SourceLink.Common/build/InitializeSourceControlInformation.targets" from project "/Users/dacanetdev/Dev/AIGenerated/RoadmapSkills/src/Shared/DeventSoft.RoadmapSkills.Shared.Domain/DeventSoft.RoadmapSkills.Shared.Domain.csproj" (target "_InitializeSourceControlInformationFromSourceControlManager" depends on it):
       Assembly loaded during TaskRun: Microsoft.SourceLink.Common, Version=9.0.11.11701, Culture=neutral, PublicKeyToken=31bf3856ad364e35 (location: /usr/local/share/dotnet/sdk/9.0.200/Sdks/Microsoft.SourceLink.Common/tools/net/Microsoft.SourceLink.Common.dll, MVID: e7b93933-92ac-4eda-8ab8-a1e1c543bfb2, AssemblyLoadContext: MSBuild plugin /usr/local/share/dotnet/sdk/9.0.200/Sdks/Microsoft.SourceLink.Common/tools/net/Microsoft.SourceLink.Common.dll)
       Using "Microsoft.SourceLink.Common.SourceLinkHasSingleProvider" task from assembly "/usr/local/share/dotnet/sdk/9.0.200/Sdks/Microsoft.SourceLink.Common/build/../tools/net/Microsoft.SourceLink.Common.dll".
       Task "Microsoft.SourceLink.Common.SourceLinkHasSingleProvider"
       Done executing task "Microsoft.SourceLink.Common.SourceLinkHasSingleProvider".
  10:6>Done building target "_SourceLinkHasSingleProvider" in project "DeventSoft.RoadmapSkills.Shared.Domain.csproj".
  10:6>Target "TranslateGitHubUrlsInSourceControlInformation" in file "/usr/local/share/dotnet/sdk/9.0.200/Sdks/Microsoft.SourceLink.GitHub/build/Microsoft.SourceLink.GitHub.targets" from project "/Users/dacanetdev/Dev/AIGenerated/RoadmapSkills/src/Shared/DeventSoft.RoadmapSkills.Shared.Domain/DeventSoft.RoadmapSkills.Shared.Domain.csproj" (target "_InitializeSourceControlInformationFromSourceControlManager" depends on it):
       Assembly loaded during TaskRun: Microsoft.SourceLink.GitHub, Version=9.0.11.11701, Culture=neutral, PublicKeyToken=31bf3856ad364e35 (location: /usr/local/share/dotnet/sdk/9.0.200/Sdks/Microsoft.SourceLink.GitHub/tools/net/Microsoft.SourceLink.GitHub.dll, MVID: de6eb21e-3e60-4c55-84da-db4085852056, AssemblyLoadContext: MSBuild plugin /usr/local/share/dotnet/sdk/9.0.200/Sdks/Microsoft.SourceLink.GitHub/tools/net/Microsoft.SourceLink.GitHub.dll)
       Using "Microsoft.SourceLink.GitHub.TranslateRepositoryUrls" task from assembly "/usr/local/share/dotnet/sdk/9.0.200/Sdks/Microsoft.SourceLink.GitHub/build/../tools/net/Microsoft.SourceLink.GitHub.dll".
       Task "Microsoft.SourceLink.GitHub.TranslateRepositoryUrls"
       Done executing task "Microsoft.SourceLink.GitHub.TranslateRepositoryUrls".
  10:6>Done building target "TranslateGitHubUrlsInSourceControlInformation" in project "DeventSoft.RoadmapSkills.Shared.Domain.csproj".
  10:6>Target "TranslateGitLabUrlsInSourceControlInformation" in file "/usr/local/share/dotnet/sdk/9.0.200/Sdks/Microsoft.SourceLink.GitLab/build/Microsoft.SourceLink.GitLab.targets" from project "/Users/dacanetdev/Dev/AIGenerated/RoadmapSkills/src/Shared/DeventSoft.RoadmapSkills.Shared.Domain/DeventSoft.RoadmapSkills.Shared.Domain.csproj" (target "_InitializeSourceControlInformationFromSourceControlManager" depends on it):
       Assembly loaded during TaskRun: Microsoft.SourceLink.GitLab, Version=9.0.11.11701, Culture=neutral, PublicKeyToken=31bf3856ad364e35 (location: /usr/local/share/dotnet/sdk/9.0.200/Sdks/Microsoft.SourceLink.GitLab/tools/net/Microsoft.SourceLink.GitLab.dll, MVID: ccdddc0a-7879-4673-a23d-bd877ae513a4, AssemblyLoadContext: MSBuild plugin /usr/local/share/dotnet/sdk/9.0.200/Sdks/Microsoft.SourceLink.GitLab/tools/net/Microsoft.SourceLink.GitLab.dll)
       Using "Microsoft.SourceLink.GitLab.TranslateRepositoryUrls" task from assembly "/usr/local/share/dotnet/sdk/9.0.200/Sdks/Microsoft.SourceLink.GitLab/build/../tools/net/Microsoft.SourceLink.GitLab.dll".
       Task "Microsoft.SourceLink.GitLab.TranslateRepositoryUrls"
       Done executing task "Microsoft.SourceLink.GitLab.TranslateRepositoryUrls".
  10:6>Done building target "TranslateGitLabUrlsInSourceControlInformation" in project "DeventSoft.RoadmapSkills.Shared.Domain.csproj".
  10:6>Target "TranslateAzureReposGitUrlsInSourceControlInformation" in file "/usr/local/share/dotnet/sdk/9.0.200/Sdks/Microsoft.SourceLink.AzureRepos.Git/build/Microsoft.SourceLink.AzureRepos.Git.targets" from project "/Users/dacanetdev/Dev/AIGenerated/RoadmapSkills/src/Shared/DeventSoft.RoadmapSkills.Shared.Domain/DeventSoft.RoadmapSkills.Shared.Domain.csproj" (target "_InitializeSourceControlInformationFromSourceControlManager" depends on it):
       Assembly loaded during TaskRun: Microsoft.SourceLink.AzureRepos.Git, Version=9.0.11.11701, Culture=neutral, PublicKeyToken=31bf3856ad364e35 (location: /usr/local/share/dotnet/sdk/9.0.200/Sdks/Microsoft.SourceLink.AzureRepos.Git/tools/net/Microsoft.SourceLink.AzureRepos.Git.dll, MVID: cc8362fa-d14c-4e8c-a855-a55f196817ae, AssemblyLoadContext: MSBuild plugin /usr/local/share/dotnet/sdk/9.0.200/Sdks/Microsoft.SourceLink.AzureRepos.Git/tools/net/Microsoft.SourceLink.AzureRepos.Git.dll)
       Using "Microsoft.SourceLink.AzureRepos.Git.TranslateRepositoryUrls" task from assembly "/usr/local/share/dotnet/sdk/9.0.200/Sdks/Microsoft.SourceLink.AzureRepos.Git/build/../tools/net/Microsoft.SourceLink.AzureRepos.Git.dll".
       Task "Microsoft.SourceLink.AzureRepos.Git.TranslateRepositoryUrls"
       Done executing task "Microsoft.SourceLink.AzureRepos.Git.TranslateRepositoryUrls".
  10:6>Done building target "TranslateAzureReposGitUrlsInSourceControlInformation" in project "DeventSoft.RoadmapSkills.Shared.Domain.csproj".
  10:6>Target "TranslateBitbucketGitUrlsInSourceControlInformation" in file "/usr/local/share/dotnet/sdk/9.0.200/Sdks/Microsoft.SourceLink.Bitbucket.Git/build/Microsoft.SourceLink.Bitbucket.Git.targets" from project "/Users/dacanetdev/Dev/AIGenerated/RoadmapSkills/src/Shared/DeventSoft.RoadmapSkills.Shared.Domain/DeventSoft.RoadmapSkills.Shared.Domain.csproj" (target "_InitializeSourceControlInformationFromSourceControlManager" depends on it):
       Assembly loaded during TaskRun: Microsoft.SourceLink.Bitbucket.Git, Version=9.0.11.11701, Culture=neutral, PublicKeyToken=31bf3856ad364e35 (location: /usr/local/share/dotnet/sdk/9.0.200/Sdks/Microsoft.SourceLink.Bitbucket.Git/tools/net/Microsoft.SourceLink.Bitbucket.Git.dll, MVID: 633cbf61-44e1-4706-8334-7e18ba081963, AssemblyLoadContext: MSBuild plugin /usr/local/share/dotnet/sdk/9.0.200/Sdks/Microsoft.SourceLink.Bitbucket.Git/tools/net/Microsoft.SourceLink.Bitbucket.Git.dll)
       Using "Microsoft.SourceLink.Bitbucket.Git.TranslateRepositoryUrls" task from assembly "/usr/local/share/dotnet/sdk/9.0.200/Sdks/Microsoft.SourceLink.Bitbucket.Git/build/../tools/net/Microsoft.SourceLink.Bitbucket.Git.dll".
       Task "Microsoft.SourceLink.Bitbucket.Git.TranslateRepositoryUrls"
       Done executing task "Microsoft.SourceLink.Bitbucket.Git.TranslateRepositoryUrls".
  10:6>Done building target "TranslateBitbucketGitUrlsInSourceControlInformation" in project "DeventSoft.RoadmapSkills.Shared.Domain.csproj".
  10:6>Target "SourceControlManagerPublishTranslatedUrls" in file "/usr/local/share/dotnet/sdk/9.0.200/Sdks/Microsoft.SourceLink.Common/build/InitializeSourceControlInformation.targets" from project "/Users/dacanetdev/Dev/AIGenerated/RoadmapSkills/src/Shared/DeventSoft.RoadmapSkills.Shared.Domain/DeventSoft.RoadmapSkills.Shared.Domain.csproj" (target "_InitializeSourceControlInformationFromSourceControlManager" depends on it):
  10:6>Done building target "SourceControlManagerPublishTranslatedUrls" in project "DeventSoft.RoadmapSkills.Shared.Domain.csproj".
  10:6>Target "_InitializeSourceControlInformationFromSourceControlManager" in file "/usr/local/share/dotnet/sdk/9.0.200/Sdks/Microsoft.SourceLink.Common/build/InitializeSourceControlInformation.targets" from project "/Users/dacanetdev/Dev/AIGenerated/RoadmapSkills/src/Shared/DeventSoft.RoadmapSkills.Shared.Domain/DeventSoft.RoadmapSkills.Shared.Domain.csproj" (target "InitializeSourceControlInformation" depends on it):
  10:6>Done building target "_InitializeSourceControlInformationFromSourceControlManager" in project "DeventSoft.RoadmapSkills.Shared.Domain.csproj".
  10:6>Target "InitializeSourceControlInformation" in file "/usr/local/share/dotnet/sdk/9.0.200/Microsoft.Common.CurrentVersion.targets" from project "/Users/dacanetdev/Dev/AIGenerated/RoadmapSkills/src/Shared/DeventSoft.RoadmapSkills.Shared.Domain/DeventSoft.RoadmapSkills.Shared.Domain.csproj" (target "AddSourceRevisionToInformationalVersion" depends on it):
  10:6>Done building target "InitializeSourceControlInformation" in project "DeventSoft.RoadmapSkills.Shared.Domain.csproj".
  10:6>Target "AddSourceRevisionToInformationalVersion" in file "/usr/local/share/dotnet/sdk/9.0.200/Sdks/Microsoft.NET.Sdk/targets/Microsoft.NET.GenerateAssemblyInfo.targets" from project "/Users/dacanetdev/Dev/AIGenerated/RoadmapSkills/src/Shared/DeventSoft.RoadmapSkills.Shared.Domain/DeventSoft.RoadmapSkills.Shared.Domain.csproj" (target "GetAssemblyAttributes" depends on it):
  10:6>Done building target "AddSourceRevisionToInformationalVersion" in project "DeventSoft.RoadmapSkills.Shared.Domain.csproj".
       Target "_GetUserSecretsAssemblyAttribute" skipped, due to false condition; ( '$(UserSecretsId)' != '' AND '$(GenerateUserSecretsAttribute)' != 'false' AND '$(GeneratedUserSecretsAttributeFile)' == '' ) was evaluated as ( '' != '' AND '' != 'false' AND '' == '' ).
  10:6>Target "GetAssemblyAttributes" in file "/usr/local/share/dotnet/sdk/9.0.200/Sdks/Microsoft.NET.Sdk/targets/Microsoft.NET.GenerateAssemblyInfo.targets" from project "/Users/dacanetdev/Dev/AIGenerated/RoadmapSkills/src/Shared/DeventSoft.RoadmapSkills.Shared.Domain/DeventSoft.RoadmapSkills.Shared.Domain.csproj" (target "CreateGeneratedAssemblyInfoInputsCacheFile" depends on it):
  10:6>Done building target "GetAssemblyAttributes" in project "DeventSoft.RoadmapSkills.Shared.Domain.csproj".
  10:6>Target "CreateGeneratedAssemblyInfoInputsCacheFile" in file "/usr/local/share/dotnet/sdk/9.0.200/Sdks/Microsoft.NET.Sdk/targets/Microsoft.NET.GenerateAssemblyInfo.targets" from project "/Users/dacanetdev/Dev/AIGenerated/RoadmapSkills/src/Shared/DeventSoft.RoadmapSkills.Shared.Domain/DeventSoft.RoadmapSkills.Shared.Domain.csproj" (target "CoreGenerateAssemblyInfo" depends on it):
       Using "Hash" task from assembly "Microsoft.Build.Tasks.Core, Version=15.1.0.0, Culture=neutral, PublicKeyToken=b03f5f7f11d50a3a".
       Task "Hash"
       Done executing task "Hash".
       Task "WriteLinesToFile"
         Skipping write to file "obj/Debug/net8.0/DeventSoft.RoadmapSkills.Shared.Domain.AssemblyInfoInputs.cache" because content would not change.
       Done executing task "WriteLinesToFile".
  10:6>Done building target "CreateGeneratedAssemblyInfoInputsCacheFile" in project "DeventSoft.RoadmapSkills.Shared.Domain.csproj".
  10:6>Target "CoreGenerateAssemblyInfo" in file "/usr/local/share/dotnet/sdk/9.0.200/Sdks/Microsoft.NET.Sdk/targets/Microsoft.NET.GenerateAssemblyInfo.targets" from project "/Users/dacanetdev/Dev/AIGenerated/RoadmapSkills/src/Shared/DeventSoft.RoadmapSkills.Shared.Domain/DeventSoft.RoadmapSkills.Shared.Domain.csproj" (target "GenerateAssemblyInfo" depends on it):
       Skipping target "CoreGenerateAssemblyInfo" because all output files are up-to-date with respect to the input files.
       Input files: obj/Debug/net8.0/DeventSoft.RoadmapSkills.Shared.Domain.AssemblyInfoInputs.cache
       Output files: obj/Debug/net8.0/DeventSoft.RoadmapSkills.Shared.Domain.AssemblyInfo.cs
  10:6>Done building target "CoreGenerateAssemblyInfo" in project "DeventSoft.RoadmapSkills.Shared.Domain.csproj".
  10:6>Target "GenerateAssemblyInfo" in file "/usr/local/share/dotnet/sdk/9.0.200/Sdks/Microsoft.NET.Sdk/targets/Microsoft.NET.GenerateAssemblyInfo.targets" from project "/Users/dacanetdev/Dev/AIGenerated/RoadmapSkills/src/Shared/DeventSoft.RoadmapSkills.Shared.Domain/DeventSoft.RoadmapSkills.Shared.Domain.csproj" (target "BeforeCompile" depends on it):
  10:6>Done building target "GenerateAssemblyInfo" in project "DeventSoft.RoadmapSkills.Shared.Domain.csproj".
  10:6>Target "BeforeCompile" in file "/usr/local/share/dotnet/sdk/9.0.200/Microsoft.Common.CurrentVersion.targets" from project "/Users/dacanetdev/Dev/AIGenerated/RoadmapSkills/src/Shared/DeventSoft.RoadmapSkills.Shared.Domain/DeventSoft.RoadmapSkills.Shared.Domain.csproj" (target "Compile" depends on it):
  10:6>Done building target "BeforeCompile" in project "DeventSoft.RoadmapSkills.Shared.Domain.csproj".
       Target "_TimeStampBeforeCompile" skipped, due to false condition; ('$(RunPostBuildEvent)'=='OnOutputUpdated' or ('$(RegisterForComInterop)'=='true' and '$(OutputType)'=='library')) was evaluated as (''=='OnOutputUpdated' or (''=='true' and 'Library'=='library')).
       Target "ResolveAssemblyReferences" skipped. Previously built successfully.
  10:6>Target "_GenerateCompileDependencyCache" in file "/usr/local/share/dotnet/sdk/9.0.200/Microsoft.Common.CurrentVersion.targets" from project "/Users/dacanetdev/Dev/AIGenerated/RoadmapSkills/src/Shared/DeventSoft.RoadmapSkills.Shared.Domain/DeventSoft.RoadmapSkills.Shared.Domain.csproj" (target "Compile" depends on it):
       Task "Hash"
       Done executing task "Hash".
       Task "WriteLinesToFile"
         Skipping write to file "obj/Debug/net8.0/DeventSoft.RoadmapSkills.Shared.Domain.csproj.CoreCompileInputs.cache" because content would not change.
       Done executing task "WriteLinesToFile".
  10:6>Done building target "_GenerateCompileDependencyCache" in project "DeventSoft.RoadmapSkills.Shared.Domain.csproj".
       Target "_ComputeNonExistentFileProperty" skipped, due to false condition; (('$(BuildingInsideVisualStudio)' == 'true') and ('$(BuildingOutOfProcess)' != 'true') and (('$(BuildingProject)' == 'false') or ('$(UseHostCompilerIfAvailable)' == 'true'))) was evaluated as (('' == 'true') and ('' != 'true') and (('true' == 'false') or ('true' == 'true'))).
       Target "ResolveCodeAnalysisRuleSet" skipped, due to false condition; ('$(CodeAnalysisRuleSet)' != '') was evaluated as ('' != '').
       Target "ShimReferencePathsWhenCommonTargetsDoesNotUnderstandReferenceAssemblies" skipped, due to false condition; ('@(ReferencePathWithRefAssemblies)' == '') was evaluated as ('/Users/dacanetdev/.nuget/packages/microsoft.netcore.app.ref/8.0.13/ref/net8.0/Microsoft.CSharp.dll;/Users/dacanetdev/.nuget/packages/microsoft.netcore.app.ref/8.0.13/ref/net8.0/Microsoft.VisualBasic.Core.dll;/Users/dacanetdev/.nuget/packages/microsoft.netcore.app.ref/8.0.13/ref/net8.0/Microsoft.VisualBasic.dll;...' == '').
  10:6>Target "_BeforeVBCSCoreCompile" in file "/usr/local/share/dotnet/sdk/9.0.200/Roslyn/Microsoft.Managed.Core.targets" from project "/Users/dacanetdev/Dev/AIGenerated/RoadmapSkills/src/Shared/DeventSoft.RoadmapSkills.Shared.Domain/DeventSoft.RoadmapSkills.Shared.Domain.csproj" (target "CoreCompile" depends on it):
  10:6>Done building target "_BeforeVBCSCoreCompile" in project "DeventSoft.RoadmapSkills.Shared.Domain.csproj".
       Target "AdjustDefaultPlatformTargetForNetFrameworkExeWithNoNativeCopyLocalItems" skipped, due to false condition; ('$(_UsingDefaultPlatformTarget)' == 'true' and
                            '$(_UsingDefaultRuntimeIdentifier)' == 'true') was evaluated as ('true' == 'true' and
                            '' == 'true').
       Target "_DisableDiagnosticTracing" skipped, due to false condition; ('$(DisableDiagnosticTracing)' == 'true') was evaluated as ('' == 'true').
       Target "ShimReferencePathsWhenCommonTargetsDoesNotUnderstandReferenceAssemblies" skipped, due to false condition; ('@(ReferencePathWithRefAssemblies)' == '') was evaluated as ('/Users/dacanetdev/.nuget/packages/microsoft.netcore.app.ref/8.0.13/ref/net8.0/Microsoft.CSharp.dll;/Users/dacanetdev/.nuget/packages/microsoft.netcore.app.ref/8.0.13/ref/net8.0/Microsoft.VisualBasic.Core.dll;/Users/dacanetdev/.nuget/packages/microsoft.netcore.app.ref/8.0.13/ref/net8.0/Microsoft.VisualBasic.dll;...' == '').
  10:6>Target "_ComputeSkipAnalyzers" in file "/usr/local/share/dotnet/sdk/9.0.200/Roslyn/Microsoft.Managed.Core.targets" from project "/Users/dacanetdev/Dev/AIGenerated/RoadmapSkills/src/Shared/DeventSoft.RoadmapSkills.Shared.Domain/DeventSoft.RoadmapSkills.Shared.Domain.csproj" (target "CoreCompile" depends on it):
       Task "ShowMessageForImplicitlySkipAnalyzers" skipped, due to false condition; ('$(_ImplicitlySkipAnalyzers)' == 'true') was evaluated as ('' == 'true').
  10:6>Done building target "_ComputeSkipAnalyzers" in project "DeventSoft.RoadmapSkills.Shared.Domain.csproj".
       Target "_SetPathMapFromSourceRoots" skipped, due to false condition; ('$(DeterministicSourcePaths)' == 'true') was evaluated as ('' == 'true').
       Target "CreateCompilerGeneratedFilesOutputPath" skipped, due to false condition; ('$(EmitCompilerGeneratedFiles)' == 'true' and !('$(DesignTimeBuild)' == 'true' OR '$(BuildingProject)' != 'true')) was evaluated as ('false' == 'true' and !('' == 'true' OR 'true' != 'true')).
     0>Overriding target "ResolveFrameworkReferences" in project "/usr/local/share/dotnet/sdk/9.0.200/Microsoft.Common.CurrentVersion.targets" with target "ResolveFrameworkReferences" from project "/usr/local/share/dotnet/sdk/9.0.200/Sdks/Microsoft.NET.Sdk/targets/Microsoft.NET.Sdk.FrameworkReferenceResolution.targets".
  10:6>Target "_CheckMicrosoftNetSdkCompilersToolsetPackageExists" skipped, due to false condition; ('$(_NeedToDownloadMicrosoftNetSdkCompilersToolsetPackage)' == 'true' and '$(DesignTimeBuild)' != 'true') was evaluated as ('' == 'true' and '' != 'true').
       Target "BeforeCompile" skipped. Previously built successfully.
       Target "InitializeSourceControlInformationFromSourceControlManager" skipped. Previously built successfully.
  10:6>Target "SetEmbeddedFilesFromSourceControlManagerUntrackedFiles" in file "/usr/local/share/dotnet/sdk/9.0.200/Sdks/Microsoft.Build.Tasks.Git/build/Microsoft.Build.Tasks.Git.targets" from project "/Users/dacanetdev/Dev/AIGenerated/RoadmapSkills/src/Shared/DeventSoft.RoadmapSkills.Shared.Domain/DeventSoft.RoadmapSkills.Shared.Domain.csproj" (target "_SetEmbeddedFilesFromSourceControlManagerUntrackedFiles" depends on it):
       Using "Microsoft.Build.Tasks.Git.GetUntrackedFiles" task from assembly "/usr/local/share/dotnet/sdk/9.0.200/Sdks/Microsoft.Build.Tasks.Git/build/../tools/net/Microsoft.Build.Tasks.Git.dll".
       Task "Microsoft.Build.Tasks.Git.GetUntrackedFiles"
         SourceLink: Reusing cached git repository information.
       Done executing task "Microsoft.Build.Tasks.Git.GetUntrackedFiles".
  10:6>Done building target "SetEmbeddedFilesFromSourceControlManagerUntrackedFiles" in project "DeventSoft.RoadmapSkills.Shared.Domain.csproj".
  10:6>Target "_SetEmbeddedFilesFromSourceControlManagerUntrackedFiles" in file "/usr/local/share/dotnet/sdk/9.0.200/Sdks/Microsoft.SourceLink.Common/build/Microsoft.SourceLink.Common.targets" from project "/Users/dacanetdev/Dev/AIGenerated/RoadmapSkills/src/Shared/DeventSoft.RoadmapSkills.Shared.Domain/DeventSoft.RoadmapSkills.Shared.Domain.csproj" (target "CoreCompile" depends on it):
  10:6>Done building target "_SetEmbeddedFilesFromSourceControlManagerUntrackedFiles" in project "DeventSoft.RoadmapSkills.Shared.Domain.csproj".
       Target "InitializeSourceControlInformation" skipped. Previously built successfully.
  10:6>Target "_SetSourceLinkFilePath" in file "/usr/local/share/dotnet/sdk/9.0.200/Sdks/Microsoft.SourceLink.Common/build/Microsoft.SourceLink.Common.targets" from project "/Users/dacanetdev/Dev/AIGenerated/RoadmapSkills/src/Shared/DeventSoft.RoadmapSkills.Shared.Domain/DeventSoft.RoadmapSkills.Shared.Domain.csproj" (target "_GenerateSourceLinkFile" depends on it):
  10:6>Done building target "_SetSourceLinkFilePath" in project "DeventSoft.RoadmapSkills.Shared.Domain.csproj".
       Target "InitializeSourceControlInformation" skipped. Previously built successfully.
  10:6>Target "_InitializeSourceRootMappedPathsFromSourceControl" in file "/usr/local/share/dotnet/sdk/9.0.200/Roslyn/Microsoft.Managed.Core.targets" from project "/Users/dacanetdev/Dev/AIGenerated/RoadmapSkills/src/Shared/DeventSoft.RoadmapSkills.Shared.Domain/DeventSoft.RoadmapSkills.Shared.Domain.csproj" (target "InitializeSourceRootMappedPaths" depends on it):
  10:6>Done building target "_InitializeSourceRootMappedPathsFromSourceControl" in project "DeventSoft.RoadmapSkills.Shared.Domain.csproj".
  10:6>Target "InitializeSourceRootMappedPaths" in file "/usr/local/share/dotnet/sdk/9.0.200/Roslyn/Microsoft.Managed.Core.targets" from project "/Users/dacanetdev/Dev/AIGenerated/RoadmapSkills/src/Shared/DeventSoft.RoadmapSkills.Shared.Domain/DeventSoft.RoadmapSkills.Shared.Domain.csproj" (target "_InitializeSourceRootMappedPathsOpt" depends on it):
       Using "Microsoft.CodeAnalysis.BuildTasks.MapSourceRoots" task from assembly "/usr/local/share/dotnet/sdk/9.0.200/Roslyn/Microsoft.Build.Tasks.CodeAnalysis.dll".
       Task "Microsoft.CodeAnalysis.BuildTasks.MapSourceRoots"
       Done executing task "Microsoft.CodeAnalysis.BuildTasks.MapSourceRoots".
  10:6>Done building target "InitializeSourceRootMappedPaths" in project "DeventSoft.RoadmapSkills.Shared.Domain.csproj".
  10:6>Target "_InitializeSourceRootMappedPathsOpt" in file "/usr/local/share/dotnet/sdk/9.0.200/Sdks/Microsoft.SourceLink.Common/build/Microsoft.SourceLink.Common.targets" from project "/Users/dacanetdev/Dev/AIGenerated/RoadmapSkills/src/Shared/DeventSoft.RoadmapSkills.Shared.Domain/DeventSoft.RoadmapSkills.Shared.Domain.csproj" (target "_GenerateSourceLinkFile" depends on it):
  10:6>Done building target "_InitializeSourceRootMappedPathsOpt" in project "DeventSoft.RoadmapSkills.Shared.Domain.csproj".
  10:6>Target "_InitializeGitHubSourceLinkUrl" in file "/usr/local/share/dotnet/sdk/9.0.200/Sdks/Microsoft.SourceLink.GitHub/build/Microsoft.SourceLink.GitHub.targets" from project "/Users/dacanetdev/Dev/AIGenerated/RoadmapSkills/src/Shared/DeventSoft.RoadmapSkills.Shared.Domain/DeventSoft.RoadmapSkills.Shared.Domain.csproj" (target "_GenerateSourceLinkFile" depends on it):
       Building target "_InitializeGitHubSourceLinkUrl" completely.
       No input files were specified.
       Using "Microsoft.SourceLink.GitHub.GetSourceLinkUrl" task from assembly "/usr/local/share/dotnet/sdk/9.0.200/Sdks/Microsoft.SourceLink.GitHub/build/../tools/net/Microsoft.SourceLink.GitHub.dll".
       Task "Microsoft.SourceLink.GitHub.GetSourceLinkUrl"
       Done executing task "Microsoft.SourceLink.GitHub.GetSourceLinkUrl".
  10:6>Done building target "_InitializeGitHubSourceLinkUrl" in project "DeventSoft.RoadmapSkills.Shared.Domain.csproj".
  10:6>Target "_InitializeGitLabSourceLinkUrl" in file "/usr/local/share/dotnet/sdk/9.0.200/Sdks/Microsoft.SourceLink.GitLab/build/Microsoft.SourceLink.GitLab.targets" from project "/Users/dacanetdev/Dev/AIGenerated/RoadmapSkills/src/Shared/DeventSoft.RoadmapSkills.Shared.Domain/DeventSoft.RoadmapSkills.Shared.Domain.csproj" (target "_GenerateSourceLinkFile" depends on it):
       Building target "_InitializeGitLabSourceLinkUrl" completely.
       No input files were specified.
       Using "Microsoft.SourceLink.GitLab.GetSourceLinkUrl" task from assembly "/usr/local/share/dotnet/sdk/9.0.200/Sdks/Microsoft.SourceLink.GitLab/build/../tools/net/Microsoft.SourceLink.GitLab.dll".
       Task "Microsoft.SourceLink.GitLab.GetSourceLinkUrl"
       Done executing task "Microsoft.SourceLink.GitLab.GetSourceLinkUrl".
  10:6>Done building target "_InitializeGitLabSourceLinkUrl" in project "DeventSoft.RoadmapSkills.Shared.Domain.csproj".
  10:6>Target "_InitializeAzureReposGitSourceLinkUrl" in file "/usr/local/share/dotnet/sdk/9.0.200/Sdks/Microsoft.SourceLink.AzureRepos.Git/build/Microsoft.SourceLink.AzureRepos.Git.targets" from project "/Users/dacanetdev/Dev/AIGenerated/RoadmapSkills/src/Shared/DeventSoft.RoadmapSkills.Shared.Domain/DeventSoft.RoadmapSkills.Shared.Domain.csproj" (target "_GenerateSourceLinkFile" depends on it):
       Building target "_InitializeAzureReposGitSourceLinkUrl" completely.
       No input files were specified.
       Using "Microsoft.SourceLink.AzureRepos.Git.GetSourceLinkUrl" task from assembly "/usr/local/share/dotnet/sdk/9.0.200/Sdks/Microsoft.SourceLink.AzureRepos.Git/build/../tools/net/Microsoft.SourceLink.AzureRepos.Git.dll".
       Task "Microsoft.SourceLink.AzureRepos.Git.GetSourceLinkUrl"
       Done executing task "Microsoft.SourceLink.AzureRepos.Git.GetSourceLinkUrl".
  10:6>Done building target "_InitializeAzureReposGitSourceLinkUrl" in project "DeventSoft.RoadmapSkills.Shared.Domain.csproj".
  10:6>Target "_InitializeBitbucketGitSourceLinkUrl" in file "/usr/local/share/dotnet/sdk/9.0.200/Sdks/Microsoft.SourceLink.Bitbucket.Git/build/Microsoft.SourceLink.Bitbucket.Git.targets" from project "/Users/dacanetdev/Dev/AIGenerated/RoadmapSkills/src/Shared/DeventSoft.RoadmapSkills.Shared.Domain/DeventSoft.RoadmapSkills.Shared.Domain.csproj" (target "_GenerateSourceLinkFile" depends on it):
       Building target "_InitializeBitbucketGitSourceLinkUrl" completely.
       No input files were specified.
       Using "Microsoft.SourceLink.Bitbucket.Git.GetSourceLinkUrl" task from assembly "/usr/local/share/dotnet/sdk/9.0.200/Sdks/Microsoft.SourceLink.Bitbucket.Git/build/../tools/net/Microsoft.SourceLink.Bitbucket.Git.dll".
       Task "Microsoft.SourceLink.Bitbucket.Git.GetSourceLinkUrl"
       Done executing task "Microsoft.SourceLink.Bitbucket.Git.GetSourceLinkUrl".
  10:6>Done building target "_InitializeBitbucketGitSourceLinkUrl" in project "DeventSoft.RoadmapSkills.Shared.Domain.csproj".
     0>Overriding target "Run" in project "/usr/local/share/dotnet/sdk/9.0.200/Microsoft.Common.CurrentVersion.targets" with target "Run" from project "/usr/local/share/dotnet/sdk/9.0.200/Sdks/Microsoft.NET.Sdk/targets/Microsoft.NET.Sdk.targets".
  10:6>Target "_GenerateSourceLinkFile" in file "/usr/local/share/dotnet/sdk/9.0.200/Sdks/Microsoft.SourceLink.Common/build/Microsoft.SourceLink.Common.targets" from project "/Users/dacanetdev/Dev/AIGenerated/RoadmapSkills/src/Shared/DeventSoft.RoadmapSkills.Shared.Domain/DeventSoft.RoadmapSkills.Shared.Domain.csproj" (target "GenerateSourceLinkFile" depends on it):
  10:6>Building target "_GenerateSourceLinkFile" completely.
       No input files were specified.
       Using "Microsoft.SourceLink.Common.GenerateSourceLinkFile" task from assembly "/usr/local/share/dotnet/sdk/9.0.200/Sdks/Microsoft.SourceLink.Common/build/../tools/net/Microsoft.SourceLink.Common.dll".
       Task "Microsoft.SourceLink.Common.GenerateSourceLinkFile"
         Source Link is empty, file 'obj/Debug/net8.0/DeventSoft.RoadmapSkills.Shared.Domain.sourcelink.json' does not exist.
       Done executing task "Microsoft.SourceLink.Common.GenerateSourceLinkFile".
  10:6>Done building target "_GenerateSourceLinkFile" in project "DeventSoft.RoadmapSkills.Shared.Domain.csproj".
  10:6>Target "GenerateSourceLinkFile" in file "/usr/local/share/dotnet/sdk/9.0.200/Sdks/Microsoft.SourceLink.Common/build/Microsoft.SourceLink.Common.targets" from project "/Users/dacanetdev/Dev/AIGenerated/RoadmapSkills/src/Shared/DeventSoft.RoadmapSkills.Shared.Domain/DeventSoft.RoadmapSkills.Shared.Domain.csproj" (target "CoreCompile" depends on it):
  10:6>Done building target "GenerateSourceLinkFile" in project "DeventSoft.RoadmapSkills.Shared.Domain.csproj".
     0>Overriding target "GenerateSupportedTargetFrameworkAlias" in project "/usr/local/share/dotnet/sdk/9.0.200/Microsoft.Common.CurrentVersion.targets" with target "GenerateSupportedTargetFrameworkAlias" from project "/usr/local/share/dotnet/sdk/9.0.200/Sdks/Microsoft.NET.Sdk/targets/Microsoft.NET.Sdk.targets".
       Overriding target "GetReferenceAssemblyPaths" in project "/usr/local/share/dotnet/sdk/9.0.200/Microsoft.Common.CurrentVersion.targets" with target "GetReferenceAssemblyPaths" from project "/usr/local/share/dotnet/sdk/9.0.200/Sdks/Microsoft.NET.Sdk/targets/Microsoft.NET.DisableStandardFrameworkResolution.targets".
       Overriding target "GetFrameworkPaths" in project "/usr/local/share/dotnet/sdk/9.0.200/Microsoft.Common.CurrentVersion.targets" with target "GetFrameworkPaths" from project "/usr/local/share/dotnet/sdk/9.0.200/Sdks/Microsoft.NET.Sdk/targets/Microsoft.NET.DisableStandardFrameworkResolution.targets".
       Overriding target "DesignerRuntimeImplementationProjectOutputGroup" in project "/usr/local/share/dotnet/sdk/9.0.200/Microsoft.Common.CurrentVersion.targets" with target "DesignerRuntimeImplementationProjectOutputGroup" from project "/usr/local/share/dotnet/sdk/9.0.200/Sdks/Microsoft.NET.Sdk/targets/Microsoft.NET.DesignerSupport.targets".
       Overriding target "Publish" in project "/usr/local/share/dotnet/sdk/9.0.200/Microsoft.Common.CurrentVersion.targets" with target "Publish" from project "/usr/local/share/dotnet/sdk/9.0.200/Sdks/Microsoft.NET.Sdk/targets/Microsoft.NET.Publish.targets".
       Overriding target "ResolveReadyToRunCompilers" in project "/usr/local/share/dotnet/sdk/9.0.200/Sdks/Microsoft.NET.Sdk/targets/Microsoft.NET.CrossGen.targets" with target "ResolveReadyToRunCompilers" from project "/usr/local/share/dotnet/sdk/9.0.200/Sdks/Microsoft.NET.Sdk/targets/Microsoft.NET.Publish.targets".
  10:6>Target "AddGlobalAnalyzerConfigForPackage_MicrosoftCodeAnalysisNetAnalyzers" in file "/usr/local/share/dotnet/sdk/9.0.200/Sdks/Microsoft.NET.Sdk/analyzers/build/Microsoft.CodeAnalysis.NetAnalyzers.targets" from project "/Users/dacanetdev/Dev/AIGenerated/RoadmapSkills/src/Shared/DeventSoft.RoadmapSkills.Shared.Domain/DeventSoft.RoadmapSkills.Shared.Domain.csproj" (target "CoreCompile" depends on it):
  10:6>Done building target "AddGlobalAnalyzerConfigForPackage_MicrosoftCodeAnalysisNetAnalyzers" in project "DeventSoft.RoadmapSkills.Shared.Domain.csproj".
       Target "AddGlobalAnalyzerConfigForPackage_MicrosoftCodeAnalysisNetAnalyzersDesign" skipped, due to false condition; ('$(SkipGlobalAnalyzerConfigForPackage)' != 'true' and ('$(AnalysisLevelDesign)' != '' or '$(AnalysisModeDesign)' != '')) was evaluated as ('' != 'true' and ('' != '' or '' != '')).
     0>Overriding target "GetCopyToPublishDirectoryItems" in project "/usr/local/share/dotnet/sdk/9.0.200/Microsoft.Common.CurrentVersion.targets" with target "GetCopyToPublishDirectoryItems" from project "/usr/local/share/dotnet/sdk/9.0.200/Sdks/Microsoft.NET.Sdk/targets/Microsoft.NET.Publish.targets".
  10:6>Target "AddGlobalAnalyzerConfigForPackage_MicrosoftCodeAnalysisNetAnalyzersDocumentation" skipped, due to false condition; ('$(SkipGlobalAnalyzerConfigForPackage)' != 'true' and ('$(AnalysisLevelDocumentation)' != '' or '$(AnalysisModeDocumentation)' != '')) was evaluated as ('' != 'true' and ('' != '' or '' != '')).
       Target "AddGlobalAnalyzerConfigForPackage_MicrosoftCodeAnalysisNetAnalyzersGlobalization" skipped, due to false condition; ('$(SkipGlobalAnalyzerConfigForPackage)' != 'true' and ('$(AnalysisLevelGlobalization)' != '' or '$(AnalysisModeGlobalization)' != '')) was evaluated as ('' != 'true' and ('' != '' or '' != '')).
       Target "AddGlobalAnalyzerConfigForPackage_MicrosoftCodeAnalysisNetAnalyzersInteroperability" skipped, due to false condition; ('$(SkipGlobalAnalyzerConfigForPackage)' != 'true' and ('$(AnalysisLevelInteroperability)' != '' or '$(AnalysisModeInteroperability)' != '')) was evaluated as ('' != 'true' and ('' != '' or '' != '')).
       Target "AddGlobalAnalyzerConfigForPackage_MicrosoftCodeAnalysisNetAnalyzersMaintainability" skipped, due to false condition; ('$(SkipGlobalAnalyzerConfigForPackage)' != 'true' and ('$(AnalysisLevelMaintainability)' != '' or '$(AnalysisModeMaintainability)' != '')) was evaluated as ('' != 'true' and ('' != '' or '' != '')).
       Target "AddGlobalAnalyzerConfigForPackage_MicrosoftCodeAnalysisNetAnalyzersNaming" skipped, due to false condition; ('$(SkipGlobalAnalyzerConfigForPackage)' != 'true' and ('$(AnalysisLevelNaming)' != '' or '$(AnalysisModeNaming)' != '')) was evaluated as ('' != 'true' and ('' != '' or '' != '')).
       Target "AddGlobalAnalyzerConfigForPackage_MicrosoftCodeAnalysisNetAnalyzersPerformance" skipped, due to false condition; ('$(SkipGlobalAnalyzerConfigForPackage)' != 'true' and ('$(AnalysisLevelPerformance)' != '' or '$(AnalysisModePerformance)' != '')) was evaluated as ('' != 'true' and ('' != '' or '' != '')).
       Target "AddGlobalAnalyzerConfigForPackage_MicrosoftCodeAnalysisNetAnalyzersReliability" skipped, due to false condition; ('$(SkipGlobalAnalyzerConfigForPackage)' != 'true' and ('$(AnalysisLevelReliability)' != '' or '$(AnalysisModeReliability)' != '')) was evaluated as ('' != 'true' and ('' != '' or '' != '')).
       Target "AddGlobalAnalyzerConfigForPackage_MicrosoftCodeAnalysisNetAnalyzersSecurity" skipped, due to false condition; ('$(SkipGlobalAnalyzerConfigForPackage)' != 'true' and ('$(AnalysisLevelSecurity)' != '' or '$(AnalysisModeSecurity)' != '')) was evaluated as ('' != 'true' and ('' != '' or '' != '')).
       Target "AddGlobalAnalyzerConfigForPackage_MicrosoftCodeAnalysisNetAnalyzersUsage" skipped, due to false condition; ('$(SkipGlobalAnalyzerConfigForPackage)' != 'true' and ('$(AnalysisLevelUsage)' != '' or '$(AnalysisModeUsage)' != '')) was evaluated as ('' != 'true' and ('' != '' or '' != '')).
       Target "_CodeAnalysisTreatWarningsAsErrors" skipped, due to false condition; ('$(DesignTimeBuild)' == 'true' OR '$(BuildingProject)' != 'true') was evaluated as ('' == 'true' OR 'true' != 'true').
  10:6>Target "CoreCompile" in file "/usr/local/share/dotnet/sdk/9.0.200/Roslyn/Microsoft.CSharp.Core.targets" from project "/Users/dacanetdev/Dev/AIGenerated/RoadmapSkills/src/Shared/DeventSoft.RoadmapSkills.Shared.Domain/DeventSoft.RoadmapSkills.Shared.Domain.csproj" (target "Compile" depends on it):
       Skipping target "CoreCompile" because all output files are up-to-date with respect to the input files.
     0>Overriding target "BeforePublish" in project "/usr/local/share/dotnet/sdk/9.0.200/Microsoft.Common.CurrentVersion.targets" with target "BeforePublish" from project "/usr/local/share/dotnet/sdk/9.0.200/Sdks/Microsoft.NET.Sdk.Publish/targets/Microsoft.NET.Sdk.Publish.targets".
       Overriding target "AfterPublish" in project "/usr/local/share/dotnet/sdk/9.0.200/Microsoft.Common.CurrentVersion.targets" with target "AfterPublish" from project "/usr/local/share/dotnet/sdk/9.0.200/Sdks/Microsoft.NET.Sdk.Publish/targets/Microsoft.NET.Sdk.Publish.targets".
  10:6>CoreCompile:
       Input files: 
           Common/Entity.cs
           obj/Debug/net8.0/DeventSoft.RoadmapSkills.Shared.Domain.GlobalUsings.g.cs
           obj/Debug/net8.0/.NETCoreApp,Version=v8.0.AssemblyAttributes.cs
           obj/Debug/net8.0/DeventSoft.RoadmapSkills.Shared.Domain.AssemblyInfo.cs
           /Users/dacanetdev/.nuget/packages/microsoft.netcore.app.ref/8.0.13/ref/net8.0/Microsoft.CSharp.dll
           /Users/dacanetdev/.nuget/packages/microsoft.netcore.app.ref/8.0.13/ref/net8.0/Microsoft.VisualBasic.Core.dll
           /Users/dacanetdev/.nuget/packages/microsoft.netcore.app.ref/8.0.13/ref/net8.0/Microsoft.VisualBasic.dll
           /Users/dacanetdev/.nuget/packages/microsoft.netcore.app.ref/8.0.13/ref/net8.0/Microsoft.Win32.Primitives.dll
           /Users/dacanetdev/.nuget/packages/microsoft.netcore.app.ref/8.0.13/ref/net8.0/Microsoft.Win32.Registry.dll
           /Users/dacanetdev/.nuget/packages/microsoft.netcore.app.ref/8.0.13/ref/net8.0/mscorlib.dll
           /Users/dacanetdev/.nuget/packages/microsoft.netcore.app.ref/8.0.13/ref/net8.0/netstandard.dll
           /Users/dacanetdev/.nuget/packages/microsoft.netcore.app.ref/8.0.13/ref/net8.0/System.AppContext.dll
           /Users/dacanetdev/.nuget/packages/microsoft.netcore.app.ref/8.0.13/ref/net8.0/System.Buffers.dll
           /Users/dacanetdev/.nuget/packages/microsoft.netcore.app.ref/8.0.13/ref/net8.0/System.Collections.Concurrent.dll
           /Users/dacanetdev/.nuget/packages/microsoft.netcore.app.ref/8.0.13/ref/net8.0/System.Collections.dll
           /Users/dacanetdev/.nuget/packages/microsoft.netcore.app.ref/8.0.13/ref/net8.0/System.Collections.Immutable.dll
           /Users/dacanetdev/.nuget/packages/microsoft.netcore.app.ref/8.0.13/ref/net8.0/System.Collections.NonGeneric.dll
           /Users/dacanetdev/.nuget/packages/microsoft.netcore.app.ref/8.0.13/ref/net8.0/System.Collections.Specialized.dll
           /Users/dacanetdev/.nuget/packages/microsoft.netcore.app.ref/8.0.13/ref/net8.0/System.ComponentModel.Annotations.dll
           /Users/dacanetdev/.nuget/packages/microsoft.netcore.app.ref/8.0.13/ref/net8.0/System.ComponentModel.DataAnnotations.dll
           /Users/dacanetdev/.nuget/packages/microsoft.netcore.app.ref/8.0.13/ref/net8.0/System.ComponentModel.dll
           /Users/dacanetdev/.nuget/packages/microsoft.netcore.app.ref/8.0.13/ref/net8.0/System.ComponentModel.EventBasedAsync.dll
           /Users/dacanetdev/.nuget/packages/microsoft.netcore.app.ref/8.0.13/ref/net8.0/System.ComponentModel.Primitives.dll
           /Users/dacanetdev/.nuget/packages/microsoft.netcore.app.ref/8.0.13/ref/net8.0/System.ComponentModel.TypeConverter.dll
           /Users/dacanetdev/.nuget/packages/microsoft.netcore.app.ref/8.0.13/ref/net8.0/System.Configuration.dll
           /Users/dacanetdev/.nuget/packages/microsoft.netcore.app.ref/8.0.13/ref/net8.0/System.Console.dll
           /Users/dacanetdev/.nuget/packages/microsoft.netcore.app.ref/8.0.13/ref/net8.0/System.Core.dll
           /Users/dacanetdev/.nuget/packages/microsoft.netcore.app.ref/8.0.13/ref/net8.0/System.Data.Common.dll
           /Users/dacanetdev/.nuget/packages/microsoft.netcore.app.ref/8.0.13/ref/net8.0/System.Data.DataSetExtensions.dll
           /Users/dacanetdev/.nuget/packages/microsoft.netcore.app.ref/8.0.13/ref/net8.0/System.Data.dll
           /Users/dacanetdev/.nuget/packages/microsoft.netcore.app.ref/8.0.13/ref/net8.0/System.Diagnostics.Contracts.dll
           /Users/dacanetdev/.nuget/packages/microsoft.netcore.app.ref/8.0.13/ref/net8.0/System.Diagnostics.Debug.dll
           /Users/dacanetdev/.nuget/packages/microsoft.netcore.app.ref/8.0.13/ref/net8.0/System.Diagnostics.DiagnosticSource.dll
           /Users/dacanetdev/.nuget/packages/microsoft.netcore.app.ref/8.0.13/ref/net8.0/System.Diagnostics.FileVersionInfo.dll
           /Users/dacanetdev/.nuget/packages/microsoft.netcore.app.ref/8.0.13/ref/net8.0/System.Diagnostics.Process.dll
           /Users/dacanetdev/.nuget/packages/microsoft.netcore.app.ref/8.0.13/ref/net8.0/System.Diagnostics.StackTrace.dll
           /Users/dacanetdev/.nuget/packages/microsoft.netcore.app.ref/8.0.13/ref/net8.0/System.Diagnostics.TextWriterTraceListener.dll
           /Users/dacanetdev/.nuget/packages/microsoft.netcore.app.ref/8.0.13/ref/net8.0/System.Diagnostics.Tools.dll
           /Users/dacanetdev/.nuget/packages/microsoft.netcore.app.ref/8.0.13/ref/net8.0/System.Diagnostics.TraceSource.dll
           /Users/dacanetdev/.nuget/packages/microsoft.netcore.app.ref/8.0.13/ref/net8.0/System.Diagnostics.Tracing.dll
           /Users/dacanetdev/.nuget/packages/microsoft.netcore.app.ref/8.0.13/ref/net8.0/System.dll
           /Users/dacanetdev/.nuget/packages/microsoft.netcore.app.ref/8.0.13/ref/net8.0/System.Drawing.dll
           /Users/dacanetdev/.nuget/packages/microsoft.netcore.app.ref/8.0.13/ref/net8.0/System.Drawing.Primitives.dll
           /Users/dacanetdev/.nuget/packages/microsoft.netcore.app.ref/8.0.13/ref/net8.0/System.Dynamic.Runtime.dll
           /Users/dacanetdev/.nuget/packages/microsoft.netcore.app.ref/8.0.13/ref/net8.0/System.Formats.Asn1.dll
           /Users/dacanetdev/.nuget/packages/microsoft.netcore.app.ref/8.0.13/ref/net8.0/System.Formats.Tar.dll
           /Users/dacanetdev/.nuget/packages/microsoft.netcore.app.ref/8.0.13/ref/net8.0/System.Globalization.Calendars.dll
           /Users/dacanetdev/.nuget/packages/microsoft.netcore.app.ref/8.0.13/ref/net8.0/System.Globalization.dll
           /Users/dacanetdev/.nuget/packages/microsoft.netcore.app.ref/8.0.13/ref/net8.0/System.Globalization.Extensions.dll
           /Users/dacanetdev/.nuget/packages/microsoft.netcore.app.ref/8.0.13/ref/net8.0/System.IO.Compression.Brotli.dll
           /Users/dacanetdev/.nuget/packages/microsoft.netcore.app.ref/8.0.13/ref/net8.0/System.IO.Compression.dll
           /Users/dacanetdev/.nuget/packages/microsoft.netcore.app.ref/8.0.13/ref/net8.0/System.IO.Compression.FileSystem.dll
           /Users/dacanetdev/.nuget/packages/microsoft.netcore.app.ref/8.0.13/ref/net8.0/System.IO.Compression.ZipFile.dll
           /Users/dacanetdev/.nuget/packages/microsoft.netcore.app.ref/8.0.13/ref/net8.0/System.IO.dll
           /Users/dacanetdev/.nuget/packages/microsoft.netcore.app.ref/8.0.13/ref/net8.0/System.IO.FileSystem.AccessControl.dll
           /Users/dacanetdev/.nuget/packages/microsoft.netcore.app.ref/8.0.13/ref/net8.0/System.IO.FileSystem.dll
           /Users/dacanetdev/.nuget/packages/microsoft.netcore.app.ref/8.0.13/ref/net8.0/System.IO.FileSystem.DriveInfo.dll
           /Users/dacanetdev/.nuget/packages/microsoft.netcore.app.ref/8.0.13/ref/net8.0/System.IO.FileSystem.Primitives.dll
           /Users/dacanetdev/.nuget/packages/microsoft.netcore.app.ref/8.0.13/ref/net8.0/System.IO.FileSystem.Watcher.dll
           /Users/dacanetdev/.nuget/packages/microsoft.netcore.app.ref/8.0.13/ref/net8.0/System.IO.IsolatedStorage.dll
           /Users/dacanetdev/.nuget/packages/microsoft.netcore.app.ref/8.0.13/ref/net8.0/System.IO.MemoryMappedFiles.dll
           /Users/dacanetdev/.nuget/packages/microsoft.netcore.app.ref/8.0.13/ref/net8.0/System.IO.Pipes.AccessControl.dll
           /Users/dacanetdev/.nuget/packages/microsoft.netcore.app.ref/8.0.13/ref/net8.0/System.IO.Pipes.dll
           /Users/dacanetdev/.nuget/packages/microsoft.netcore.app.ref/8.0.13/ref/net8.0/System.IO.UnmanagedMemoryStream.dll
           /Users/dacanetdev/.nuget/packages/microsoft.netcore.app.ref/8.0.13/ref/net8.0/System.Linq.dll
           /Users/dacanetdev/.nuget/packages/microsoft.netcore.app.ref/8.0.13/ref/net8.0/System.Linq.Expressions.dll
           /Users/dacanetdev/.nuget/packages/microsoft.netcore.app.ref/8.0.13/ref/net8.0/System.Linq.Parallel.dll
           /Users/dacanetdev/.nuget/packages/microsoft.netcore.app.ref/8.0.13/ref/net8.0/System.Linq.Queryable.dll
           /Users/dacanetdev/.nuget/packages/microsoft.netcore.app.ref/8.0.13/ref/net8.0/System.Memory.dll
           /Users/dacanetdev/.nuget/packages/microsoft.netcore.app.ref/8.0.13/ref/net8.0/System.Net.dll
           /Users/dacanetdev/.nuget/packages/microsoft.netcore.app.ref/8.0.13/ref/net8.0/System.Net.Http.dll
           /Users/dacanetdev/.nuget/packages/microsoft.netcore.app.ref/8.0.13/ref/net8.0/System.Net.Http.Json.dll
           /Users/dacanetdev/.nuget/packages/microsoft.netcore.app.ref/8.0.13/ref/net8.0/System.Net.HttpListener.dll
           /Users/dacanetdev/.nuget/packages/microsoft.netcore.app.ref/8.0.13/ref/net8.0/System.Net.Mail.dll
           /Users/dacanetdev/.nuget/packages/microsoft.netcore.app.ref/8.0.13/ref/net8.0/System.Net.NameResolution.dll
           /Users/dacanetdev/.nuget/packages/microsoft.netcore.app.ref/8.0.13/ref/net8.0/System.Net.NetworkInformation.dll
           /Users/dacanetdev/.nuget/packages/microsoft.netcore.app.ref/8.0.13/ref/net8.0/System.Net.Ping.dll
           /Users/dacanetdev/.nuget/packages/microsoft.netcore.app.ref/8.0.13/ref/net8.0/System.Net.Primitives.dll
           /Users/dacanetdev/.nuget/packages/microsoft.netcore.app.ref/8.0.13/ref/net8.0/System.Net.Quic.dll
           /Users/dacanetdev/.nuget/packages/microsoft.netcore.app.ref/8.0.13/ref/net8.0/System.Net.Requests.dll
           /Users/dacanetdev/.nuget/packages/microsoft.netcore.app.ref/8.0.13/ref/net8.0/System.Net.Security.dll
           /Users/dacanetdev/.nuget/packages/microsoft.netcore.app.ref/8.0.13/ref/net8.0/System.Net.ServicePoint.dll
           /Users/dacanetdev/.nuget/packages/microsoft.netcore.app.ref/8.0.13/ref/net8.0/System.Net.Sockets.dll
           /Users/dacanetdev/.nuget/packages/microsoft.netcore.app.ref/8.0.13/ref/net8.0/System.Net.WebClient.dll
           /Users/dacanetdev/.nuget/packages/microsoft.netcore.app.ref/8.0.13/ref/net8.0/System.Net.WebHeaderCollection.dll
           /Users/dacanetdev/.nuget/packages/microsoft.netcore.app.ref/8.0.13/ref/net8.0/System.Net.WebProxy.dll
           /Users/dacanetdev/.nuget/packages/microsoft.netcore.app.ref/8.0.13/ref/net8.0/System.Net.WebSockets.Client.dll
           /Users/dacanetdev/.nuget/packages/microsoft.netcore.app.ref/8.0.13/ref/net8.0/System.Net.WebSockets.dll
           /Users/dacanetdev/.nuget/packages/microsoft.netcore.app.ref/8.0.13/ref/net8.0/System.Numerics.dll
           /Users/dacanetdev/.nuget/packages/microsoft.netcore.app.ref/8.0.13/ref/net8.0/System.Numerics.Vectors.dll
           /Users/dacanetdev/.nuget/packages/microsoft.netcore.app.ref/8.0.13/ref/net8.0/System.ObjectModel.dll
           /Users/dacanetdev/.nuget/packages/microsoft.netcore.app.ref/8.0.13/ref/net8.0/System.Reflection.DispatchProxy.dll
           /Users/dacanetdev/.nuget/packages/microsoft.netcore.app.ref/8.0.13/ref/net8.0/System.Reflection.dll
           /Users/dacanetdev/.nuget/packages/microsoft.netcore.app.ref/8.0.13/ref/net8.0/System.Reflection.Emit.dll
           /Users/dacanetdev/.nuget/packages/microsoft.netcore.app.ref/8.0.13/ref/net8.0/System.Reflection.Emit.ILGeneration.dll
           /Users/dacanetdev/.nuget/packages/microsoft.netcore.app.ref/8.0.13/ref/net8.0/System.Reflection.Emit.Lightweight.dll
           /Users/dacanetdev/.nuget/packages/microsoft.netcore.app.ref/8.0.13/ref/net8.0/System.Reflection.Extensions.dll
           /Users/dacanetdev/.nuget/packages/microsoft.netcore.app.ref/8.0.13/ref/net8.0/System.Reflection.Metadata.dll
           /Users/dacanetdev/.nuget/packages/microsoft.netcore.app.ref/8.0.13/ref/net8.0/System.Reflection.Primitives.dll
           /Users/dacanetdev/.nuget/packages/microsoft.netcore.app.ref/8.0.13/ref/net8.0/System.Reflection.TypeExtensions.dll
           /Users/dacanetdev/.nuget/packages/microsoft.netcore.app.ref/8.0.13/ref/net8.0/System.Resources.Reader.dll
           /Users/dacanetdev/.nuget/packages/microsoft.netcore.app.ref/8.0.13/ref/net8.0/System.Resources.ResourceManager.dll
           /Users/dacanetdev/.nuget/packages/microsoft.netcore.app.ref/8.0.13/ref/net8.0/System.Resources.Writer.dll
           /Users/dacanetdev/.nuget/packages/microsoft.netcore.app.ref/8.0.13/ref/net8.0/System.Runtime.CompilerServices.Unsafe.dll
           /Users/dacanetdev/.nuget/packages/microsoft.netcore.app.ref/8.0.13/ref/net8.0/System.Runtime.CompilerServices.VisualC.dll
           /Users/dacanetdev/.nuget/packages/microsoft.netcore.app.ref/8.0.13/ref/net8.0/System.Runtime.dll
           /Users/dacanetdev/.nuget/packages/microsoft.netcore.app.ref/8.0.13/ref/net8.0/System.Runtime.Extensions.dll
           /Users/dacanetdev/.nuget/packages/microsoft.netcore.app.ref/8.0.13/ref/net8.0/System.Runtime.Handles.dll
           /Users/dacanetdev/.nuget/packages/microsoft.netcore.app.ref/8.0.13/ref/net8.0/System.Runtime.InteropServices.dll
           /Users/dacanetdev/.nuget/packages/microsoft.netcore.app.ref/8.0.13/ref/net8.0/System.Runtime.InteropServices.JavaScript.dll
           /Users/dacanetdev/.nuget/packages/microsoft.netcore.app.ref/8.0.13/ref/net8.0/System.Runtime.InteropServices.RuntimeInformation.dll
           /Users/dacanetdev/.nuget/packages/microsoft.netcore.app.ref/8.0.13/ref/net8.0/System.Runtime.Intrinsics.dll
           /Users/dacanetdev/.nuget/packages/microsoft.netcore.app.ref/8.0.13/ref/net8.0/System.Runtime.Loader.dll
           /Users/dacanetdev/.nuget/packages/microsoft.netcore.app.ref/8.0.13/ref/net8.0/System.Runtime.Numerics.dll
           /Users/dacanetdev/.nuget/packages/microsoft.netcore.app.ref/8.0.13/ref/net8.0/System.Runtime.Serialization.dll
           /Users/dacanetdev/.nuget/packages/microsoft.netcore.app.ref/8.0.13/ref/net8.0/System.Runtime.Serialization.Formatters.dll
           /Users/dacanetdev/.nuget/packages/microsoft.netcore.app.ref/8.0.13/ref/net8.0/System.Runtime.Serialization.Json.dll
           /Users/dacanetdev/.nuget/packages/microsoft.netcore.app.ref/8.0.13/ref/net8.0/System.Runtime.Serialization.Primitives.dll
           /Users/dacanetdev/.nuget/packages/microsoft.netcore.app.ref/8.0.13/ref/net8.0/System.Runtime.Serialization.Xml.dll
           /Users/dacanetdev/.nuget/packages/microsoft.netcore.app.ref/8.0.13/ref/net8.0/System.Security.AccessControl.dll
           /Users/dacanetdev/.nuget/packages/microsoft.netcore.app.ref/8.0.13/ref/net8.0/System.Security.Claims.dll
           /Users/dacanetdev/.nuget/packages/microsoft.netcore.app.ref/8.0.13/ref/net8.0/System.Security.Cryptography.Algorithms.dll
           /Users/dacanetdev/.nuget/packages/microsoft.netcore.app.ref/8.0.13/ref/net8.0/System.Security.Cryptography.Cng.dll
           /Users/dacanetdev/.nuget/packages/microsoft.netcore.app.ref/8.0.13/ref/net8.0/System.Security.Cryptography.Csp.dll
           /Users/dacanetdev/.nuget/packages/microsoft.netcore.app.ref/8.0.13/ref/net8.0/System.Security.Cryptography.dll
           /Users/dacanetdev/.nuget/packages/microsoft.netcore.app.ref/8.0.13/ref/net8.0/System.Security.Cryptography.Encoding.dll
           /Users/dacanetdev/.nuget/packages/microsoft.netcore.app.ref/8.0.13/ref/net8.0/System.Security.Cryptography.OpenSsl.dll
           /Users/dacanetdev/.nuget/packages/microsoft.netcore.app.ref/8.0.13/ref/net8.0/System.Security.Cryptography.Primitives.dll
           /Users/dacanetdev/.nuget/packages/microsoft.netcore.app.ref/8.0.13/ref/net8.0/System.Security.Cryptography.X509Certificates.dll
           /Users/dacanetdev/.nuget/packages/microsoft.netcore.app.ref/8.0.13/ref/net8.0/System.Security.dll
           /Users/dacanetdev/.nuget/packages/microsoft.netcore.app.ref/8.0.13/ref/net8.0/System.Security.Principal.dll
           /Users/dacanetdev/.nuget/packages/microsoft.netcore.app.ref/8.0.13/ref/net8.0/System.Security.Principal.Windows.dll
           /Users/dacanetdev/.nuget/packages/microsoft.netcore.app.ref/8.0.13/ref/net8.0/System.Security.SecureString.dll
           /Users/dacanetdev/.nuget/packages/microsoft.netcore.app.ref/8.0.13/ref/net8.0/System.ServiceModel.Web.dll
           /Users/dacanetdev/.nuget/packages/microsoft.netcore.app.ref/8.0.13/ref/net8.0/System.ServiceProcess.dll
           /Users/dacanetdev/.nuget/packages/microsoft.netcore.app.ref/8.0.13/ref/net8.0/System.Text.Encoding.CodePages.dll
           /Users/dacanetdev/.nuget/packages/microsoft.netcore.app.ref/8.0.13/ref/net8.0/System.Text.Encoding.dll
           /Users/dacanetdev/.nuget/packages/microsoft.netcore.app.ref/8.0.13/ref/net8.0/System.Text.Encoding.Extensions.dll
           /Users/dacanetdev/.nuget/packages/microsoft.netcore.app.ref/8.0.13/ref/net8.0/System.Text.Encodings.Web.dll
           /Users/dacanetdev/.nuget/packages/microsoft.netcore.app.ref/8.0.13/ref/net8.0/System.Text.Json.dll
           /Users/dacanetdev/.nuget/packages/microsoft.netcore.app.ref/8.0.13/ref/net8.0/System.Text.RegularExpressions.dll
           /Users/dacanetdev/.nuget/packages/microsoft.netcore.app.ref/8.0.13/ref/net8.0/System.Threading.Channels.dll
           /Users/dacanetdev/.nuget/packages/microsoft.netcore.app.ref/8.0.13/ref/net8.0/System.Threading.dll
           /Users/dacanetdev/.nuget/packages/microsoft.netcore.app.ref/8.0.13/ref/net8.0/System.Threading.Overlapped.dll
           /Users/dacanetdev/.nuget/packages/microsoft.netcore.app.ref/8.0.13/ref/net8.0/System.Threading.Tasks.Dataflow.dll
           /Users/dacanetdev/.nuget/packages/microsoft.netcore.app.ref/8.0.13/ref/net8.0/System.Threading.Tasks.dll
           /Users/dacanetdev/.nuget/packages/microsoft.netcore.app.ref/8.0.13/ref/net8.0/System.Threading.Tasks.Extensions.dll
           /Users/dacanetdev/.nuget/packages/microsoft.netcore.app.ref/8.0.13/ref/net8.0/System.Threading.Tasks.Parallel.dll
           /Users/dacanetdev/.nuget/packages/microsoft.netcore.app.ref/8.0.13/ref/net8.0/System.Threading.Thread.dll
           /Users/dacanetdev/.nuget/packages/microsoft.netcore.app.ref/8.0.13/ref/net8.0/System.Threading.ThreadPool.dll
           /Users/dacanetdev/.nuget/packages/microsoft.netcore.app.ref/8.0.13/ref/net8.0/System.Threading.Timer.dll
           /Users/dacanetdev/.nuget/packages/microsoft.netcore.app.ref/8.0.13/ref/net8.0/System.Transactions.dll
           /Users/dacanetdev/.nuget/packages/microsoft.netcore.app.ref/8.0.13/ref/net8.0/System.Transactions.Local.dll
           /Users/dacanetdev/.nuget/packages/microsoft.netcore.app.ref/8.0.13/ref/net8.0/System.ValueTuple.dll
           /Users/dacanetdev/.nuget/packages/microsoft.netcore.app.ref/8.0.13/ref/net8.0/System.Web.dll
           /Users/dacanetdev/.nuget/packages/microsoft.netcore.app.ref/8.0.13/ref/net8.0/System.Web.HttpUtility.dll
           /Users/dacanetdev/.nuget/packages/microsoft.netcore.app.ref/8.0.13/ref/net8.0/System.Windows.dll
           /Users/dacanetdev/.nuget/packages/microsoft.netcore.app.ref/8.0.13/ref/net8.0/System.Xml.dll
           /Users/dacanetdev/.nuget/packages/microsoft.netcore.app.ref/8.0.13/ref/net8.0/System.Xml.Linq.dll
           /Users/dacanetdev/.nuget/packages/microsoft.netcore.app.ref/8.0.13/ref/net8.0/System.Xml.ReaderWriter.dll
           /Users/dacanetdev/.nuget/packages/microsoft.netcore.app.ref/8.0.13/ref/net8.0/System.Xml.Serialization.dll
           /Users/dacanetdev/.nuget/packages/microsoft.netcore.app.ref/8.0.13/ref/net8.0/System.Xml.XDocument.dll
           /Users/dacanetdev/.nuget/packages/microsoft.netcore.app.ref/8.0.13/ref/net8.0/System.Xml.XmlDocument.dll
           /Users/dacanetdev/.nuget/packages/microsoft.netcore.app.ref/8.0.13/ref/net8.0/System.Xml.XmlSerializer.dll
           /Users/dacanetdev/.nuget/packages/microsoft.netcore.app.ref/8.0.13/ref/net8.0/System.Xml.XPath.dll
           /Users/dacanetdev/.nuget/packages/microsoft.netcore.app.ref/8.0.13/ref/net8.0/System.Xml.XPath.XDocument.dll
           /Users/dacanetdev/.nuget/packages/microsoft.netcore.app.ref/8.0.13/ref/net8.0/WindowsBase.dll
           obj/Debug/net8.0/DeventSoft.RoadmapSkills.Shared.Domain.csproj.CoreCompileInputs.cache
           /usr/local/share/dotnet/sdk/9.0.200/Sdks/Microsoft.NET.Sdk/targets/../analyzers/Microsoft.CodeAnalysis.CSharp.NetAnalyzers.dll
           /usr/local/share/dotnet/sdk/9.0.200/Sdks/Microsoft.NET.Sdk/targets/../analyzers/Microsoft.CodeAnalysis.NetAnalyzers.dll
           /Users/dacanetdev/.nuget/packages/microsoft.netcore.app.ref/8.0.13/analyzers/dotnet/cs/Microsoft.Interop.ComInterfaceGenerator.dll
           /Users/dacanetdev/.nuget/packages/microsoft.netcore.app.ref/8.0.13/analyzers/dotnet/cs/Microsoft.Interop.JavaScript.JSImportGenerator.dll
           /Users/dacanetdev/.nuget/packages/microsoft.netcore.app.ref/8.0.13/analyzers/dotnet/cs/Microsoft.Interop.LibraryImportGenerator.dll
           /Users/dacanetdev/.nuget/packages/microsoft.netcore.app.ref/8.0.13/analyzers/dotnet/cs/Microsoft.Interop.SourceGeneration.dll
           /Users/dacanetdev/.nuget/packages/microsoft.netcore.app.ref/8.0.13/analyzers/dotnet/cs/System.Text.Json.SourceGeneration.dll
           /Users/dacanetdev/.nuget/packages/microsoft.netcore.app.ref/8.0.13/analyzers/dotnet/cs/System.Text.RegularExpressions.Generator.dll
           obj/Debug/net8.0/DeventSoft.RoadmapSkills.Shared.Domain.GeneratedMSBuildEditorConfig.editorconfig
           /usr/local/share/dotnet/sdk/9.0.200/Sdks/Microsoft.NET.Sdk/analyzers/build/config/analysislevel_8_default.globalconfig
           /Users/dacanetdev/Dev/AIGenerated/RoadmapSkills/src/Shared/DeventSoft.RoadmapSkills.Shared.Domain/DeventSoft.RoadmapSkills.Shared.Domain.csproj
           /usr/local/share/dotnet/sdk/9.0.200/Current/Microsoft.Common.targets/ImportAfter/Microsoft.TestPlatform.ImportAfter.targets
       Output files: 
           obj/Debug/net8.0/DeventSoft.RoadmapSkills.Shared.Domain.dll
           obj/Debug/net8.0/refint/DeventSoft.RoadmapSkills.Shared.Domain.dll
           obj/Debug/net8.0/DeventSoft.RoadmapSkills.Shared.Domain.pdb
  10:6>Done building target "CoreCompile" in project "DeventSoft.RoadmapSkills.Shared.Domain.csproj".
       Target "_TouchLastBuildWithSkipAnalyzers" skipped, due to false condition; ('$(_SkipAnalyzers)' == 'true') was evaluated as ('' == 'true').
       Target "_TimeStampAfterCompile" skipped, due to false condition; ('$(RunPostBuildEvent)'=='OnOutputUpdated' or ('$(RegisterForComInterop)'=='true' and '$(OutputType)'=='library')) was evaluated as (''=='OnOutputUpdated' or (''=='true' and 'Library'=='library')).
  10:6>Target "AfterCompile" in file "/usr/local/share/dotnet/sdk/9.0.200/Microsoft.Common.CurrentVersion.targets" from project "/Users/dacanetdev/Dev/AIGenerated/RoadmapSkills/src/Shared/DeventSoft.RoadmapSkills.Shared.Domain/DeventSoft.RoadmapSkills.Shared.Domain.csproj" (target "Compile" depends on it):
  10:6>Done building target "AfterCompile" in project "DeventSoft.RoadmapSkills.Shared.Domain.csproj".
       Target "_CreateAppHost" skipped, due to false condition; ('$(ComputeNETCoreBuildOutputFiles)' == 'true' and
                            '$(AppHostSourcePath)' != '' and
                            Exists('@(IntermediateAssembly)') and
                            Exists('$(AppHostSourcePath)')) was evaluated as ('true' == 'true' and
                            '' != '' and
                            Exists('obj/Debug/net8.0/DeventSoft.RoadmapSkills.Shared.Domain.dll') and
                            Exists('')).
       Target "_CreateComHost" skipped, due to false condition; ('$(ComputeNETCoreBuildOutputFiles)' == 'true' and
                            '$(ComHostIntermediatePath)' != '' and
                            Exists('@(IntermediateAssembly)') and
                            Exists('$(ComHostSourcePath)')) was evaluated as ('true' == 'true' and
                            '' != '' and
                            Exists('obj/Debug/net8.0/DeventSoft.RoadmapSkills.Shared.Domain.dll') and
                            Exists('')).
       Target "_GetIjwHostPaths" skipped, due to false condition; ('$(UseIJWHost)' == 'true') was evaluated as ('' == 'true').
  10:6>Target "Compile" in file "/usr/local/share/dotnet/sdk/9.0.200/Microsoft.Common.CurrentVersion.targets" from project "/Users/dacanetdev/Dev/AIGenerated/RoadmapSkills/src/Shared/DeventSoft.RoadmapSkills.Shared.Domain/DeventSoft.RoadmapSkills.Shared.Domain.csproj" (target "CoreBuild" depends on it):
  10:6>Done building target "Compile" in project "DeventSoft.RoadmapSkills.Shared.Domain.csproj".
       Target "ExportWindowsMDFile" skipped, due to false condition; ('$(ExportWinMDFile)' == 'true') was evaluated as ('' == 'true').
       Target "UnmanagedUnregistration" skipped, due to false condition; ((('$(_AssemblyTimestampBeforeCompile)' != '$(_AssemblyTimestampAfterCompile)' or '$(RegisterForComInterop)' != 'true' or '$(OutputType)' != 'library') or
                           ('$(_AssemblyTimestampBeforeCompile)' == '')) and
                          Exists('@(_UnmanagedRegistrationCache)')) was evaluated as ((('' != '' or '' != 'true' or 'Library' != 'library') or
                           ('' == '')) and
                          Exists('obj/DeventSoft.RoadmapSkills.Shared.Domain.csproj.UnmanagedRegistration.cache')).
       Target "GenerateSerializationAssemblies" skipped, due to false condition; ('$(_SGenGenerateSerializationAssembliesConfig)' == 'On' or ('@(WebReferenceUrl)'!='' and '$(_SGenGenerateSerializationAssembliesConfig)' == 'Auto')) was evaluated as ('Off' == 'On' or (''!='' and 'Off' == 'Auto')).
  10:6>Target "_GenerateSatelliteAssemblyInputs" in file "/usr/local/share/dotnet/sdk/9.0.200/Microsoft.Common.CurrentVersion.targets" from project "/Users/dacanetdev/Dev/AIGenerated/RoadmapSkills/src/Shared/DeventSoft.RoadmapSkills.Shared.Domain/DeventSoft.RoadmapSkills.Shared.Domain.csproj" (target "CreateSatelliteAssemblies" depends on it):
       Task "MSBuildInternalMessage" skipped, due to false condition; ('@(ManifestResourceWithCulture)'!='' and '%(ManifestResourceWithCulture.EmittedForCompatibilityOnly)'=='') was evaluated as (''!='' and ''=='').
       Task "MSBuildInternalMessage" skipped, due to false condition; ('@(ManifestNonResxWithCultureOnDisk)'!='' and '%(ManifestNonResxWithCultureOnDisk.EmittedForCompatibilityOnly)'=='') was evaluated as (''!='' and ''=='').
  10:6>Done building target "_GenerateSatelliteAssemblyInputs" in project "DeventSoft.RoadmapSkills.Shared.Domain.csproj".
       Target "ComputeIntermediateSatelliteAssemblies" skipped, due to false condition; (@(EmbeddedResource->'%(WithCulture)') != '') was evaluated as ( != '').
       Target "GenerateSatelliteAssemblies" skipped, due to false condition; ('@(_SatelliteAssemblyResourceInputs)' != '' and '$(GenerateSatelliteAssembliesForCore)' != 'true') was evaluated as ('' != '' and 'true' != 'true').
       Target "CoreGenerateSatelliteAssemblies" skipped, due to false condition; ('@(_SatelliteAssemblyResourceInputs)' != ''  and '$(GenerateSatelliteAssembliesForCore)' == 'true' ) was evaluated as ('' != ''  and 'true' == 'true' ).
  10:6>Target "CreateSatelliteAssemblies" in file "/usr/local/share/dotnet/sdk/9.0.200/Microsoft.Common.CurrentVersion.targets" from project "/Users/dacanetdev/Dev/AIGenerated/RoadmapSkills/src/Shared/DeventSoft.RoadmapSkills.Shared.Domain/DeventSoft.RoadmapSkills.Shared.Domain.csproj" (target "CoreBuild" depends on it):
  10:6>Done building target "CreateSatelliteAssemblies" in project "DeventSoft.RoadmapSkills.Shared.Domain.csproj".
       Target "GenerateManifests" skipped, due to false condition; ('$(GenerateClickOnceManifests)'=='true' or '@(NativeReference)'!='' or '@(ResolvedIsolatedComModules)'!='' or '$(GenerateAppxManifest)' == 'true') was evaluated as (''=='true' or ''!='' or ''!='' or '' == 'true').
  10:6>Target "GetTargetPathWithTargetPlatformMoniker" in file "/usr/local/share/dotnet/sdk/9.0.200/Microsoft.Common.CurrentVersion.targets" from project "/Users/dacanetdev/Dev/AIGenerated/RoadmapSkills/src/Shared/DeventSoft.RoadmapSkills.Shared.Domain/DeventSoft.RoadmapSkills.Shared.Domain.csproj" (target "GetTargetPath" depends on it):
  10:6>Done building target "GetTargetPathWithTargetPlatformMoniker" in project "DeventSoft.RoadmapSkills.Shared.Domain.csproj".
  10:6>Target "GetTargetPath" in file "/usr/local/share/dotnet/sdk/9.0.200/Microsoft.Common.CurrentVersion.targets" from project "/Users/dacanetdev/Dev/AIGenerated/RoadmapSkills/src/Shared/DeventSoft.RoadmapSkills.Shared.Domain/DeventSoft.RoadmapSkills.Shared.Domain.csproj" (target "CoreBuild" depends on it):
  10:6>Done building target "GetTargetPath" in project "DeventSoft.RoadmapSkills.Shared.Domain.csproj".
       Target "ComputeIntermediateSatelliteAssemblies" skipped, due to false condition; (@(EmbeddedResource->'%(WithCulture)') != '') was evaluated as ( != '').
       Target "_CopyFilesMarkedCopyLocal" skipped, due to false condition; ('@(ReferenceCopyLocalPaths)' != '') was evaluated as ('' != '').
       Target "AssignTargetPaths" skipped. Previously built successfully.
       Target "AssignProjectConfiguration" skipped. Previously built successfully.
       Target "_SplitProjectReferencesByFileExistence" skipped. Previously built successfully.
       Target "_GetProjectReferenceTargetFrameworkProperties" skipped. Previously built successfully.
  10:6>Target "_PopulateCommonStateForGetCopyToOutputDirectoryItems" in file "/usr/local/share/dotnet/sdk/9.0.200/Microsoft.Common.CurrentVersion.targets" from project "/Users/dacanetdev/Dev/AIGenerated/RoadmapSkills/src/Shared/DeventSoft.RoadmapSkills.Shared.Domain/DeventSoft.RoadmapSkills.Shared.Domain.csproj" (target "GetCopyToOutputDirectoryItems" depends on it):
  10:6>Done building target "_PopulateCommonStateForGetCopyToOutputDirectoryItems" in project "DeventSoft.RoadmapSkills.Shared.Domain.csproj".
       Target "AddDepsJsonAndRuntimeConfigToCopyItemsForReferencingProjects" skipped, due to false condition; ('$(HasRuntimeOutput)' == 'true') was evaluated as ('' == 'true').
  10:6>Target "GetCopyToOutputDirectoryItems" in file "/usr/local/share/dotnet/sdk/9.0.200/Microsoft.Common.CurrentVersion.targets" from project "/Users/dacanetdev/Dev/AIGenerated/RoadmapSkills/src/Shared/DeventSoft.RoadmapSkills.Shared.Domain/DeventSoft.RoadmapSkills.Shared.Domain.csproj" (target "_CopySourceItemsToOutputDirectory" depends on it):
       Using "CallTarget" task from assembly "Microsoft.Build.Tasks.Core, Version=15.1.0.0, Culture=neutral, PublicKeyToken=b03f5f7f11d50a3a".
       Task "CallTarget"
     0>The target "CollectUpToDateCheckInputDesignTime" listed in a BeforeTargets attribute at "/usr/local/share/dotnet/sdk/9.0.200/Sdks/Microsoft.NET.Sdk.StaticWebAssets/targets/Microsoft.NET.Sdk.StaticWebAssets.ScopedCss.targets (171,5)" does not exist in the project, and will be ignored.
       The target "CollectUpToDateCheckBuiltDesignTime" listed in a BeforeTargets attribute at "/usr/local/share/dotnet/sdk/9.0.200/Sdks/Microsoft.NET.Sdk.StaticWebAssets/targets/Microsoft.NET.Sdk.StaticWebAssets.ScopedCss.targets (171,5)" does not exist in the project, and will be ignored.
       The target "RazorGenerateComponentDeclaration" listed in an AfterTargets attribute at "/usr/local/share/dotnet/sdk/9.0.200/Sdks/Microsoft.NET.Sdk.Razor/targets/Microsoft.NET.Sdk.Razor.DesignTime.targets (55,53)" does not exist in the project, and will be ignored.
  10:6>Target "_PopulateCommonStateForGetCopyToOutputDirectoryItems" skipped. Previously built successfully.
       Target "_AddOutputPathToGlobalPropertiesToRemove" skipped. Previously built successfully.
  10:6>Target "_GetCopyToOutputDirectoryItemsFromTransitiveProjectReferences" in file "/usr/local/share/dotnet/sdk/9.0.200/Microsoft.Common.CurrentVersion.targets" from project "/Users/dacanetdev/Dev/AIGenerated/RoadmapSkills/src/Shared/DeventSoft.RoadmapSkills.Shared.Domain/DeventSoft.RoadmapSkills.Shared.Domain.csproj" (target "GetCopyToOutputDirectoryItems" depends on it):
       Task "MSBuild" skipped, due to false condition; ('@(_MSBuildProjectReferenceExistent)' != '' and '$(_GetChildProjectCopyToOutputDirectoryItems)' == 'true' and '%(_MSBuildProjectReferenceExistent.Private)' != 'false' and '$(UseCommonOutputDirectory)' != 'true') was evaluated as ('' != '' and 'true' == 'true' and '' != 'false' and 'false' != 'true').
   1:2>Project "/Users/dacanetdev/Dev/AIGenerated/RoadmapSkills/RoadmapSkills.sln" (1:2) is building "/Users/dacanetdev/Dev/AIGenerated/RoadmapSkills/src/DeventSoft.RoadmapSkills.BlazorApp/DeventSoft.RoadmapSkills.BlazorApp.csproj" (8:6) on node 1 (default targets).
   8:6>Target "_CheckForUnsupportedTargetFramework" skipped, due to false condition; ('$(_UnsupportedTargetFrameworkError)' == 'true') was evaluated as ('' == 'true').
  10:6>Task "AssignTargetPath"
       Done executing task "AssignTargetPath".
  10:6>Done building target "_GetCopyToOutputDirectoryItemsFromTransitiveProjectReferences" in project "DeventSoft.RoadmapSkills.Shared.Domain.csproj".
   8:6>Target "_CollectTargetFrameworkForTelemetry" in file "/usr/local/share/dotnet/sdk/9.0.200/Sdks/Microsoft.NET.Sdk/targets/Microsoft.NET.TargetFrameworkInference.targets" from project "/Users/dacanetdev/Dev/AIGenerated/RoadmapSkills/src/DeventSoft.RoadmapSkills.BlazorApp/DeventSoft.RoadmapSkills.BlazorApp.csproj" (target "_CheckForInvalidConfigurationAndPlatform" depends on it):
   8:6>Using "AllowEmptyTelemetry" task from assembly "/usr/local/share/dotnet/sdk/9.0.200/Sdks/Microsoft.NET.Sdk/targets/../tools/net9.0/Microsoft.NET.Build.Tasks.dll".
       Task "AllowEmptyTelemetry"
  10:6>Done executing task "CallTarget".
       Task "CallTarget"
   8:6>Done executing task "AllowEmptyTelemetry".
  10:6>Target "AssignTargetPaths" skipped. Previously built successfully.
   8:6>Done building target "_CollectTargetFrameworkForTelemetry" in project "DeventSoft.RoadmapSkills.BlazorApp.csproj".
  10:6>Target "_PopulateCommonStateForGetCopyToOutputDirectoryItems" skipped. Previously built successfully.
       Target "AddDepsJsonAndRuntimeConfigToCopyItemsForReferencingProjects" skipped, due to false condition; ('$(HasRuntimeOutput)' == 'true') was evaluated as ('' == 'true').
  10:6>Target "_GetCopyToOutputDirectoryItemsFromThisProject" in file "/usr/local/share/dotnet/sdk/9.0.200/Microsoft.Common.CurrentVersion.targets" from project "/Users/dacanetdev/Dev/AIGenerated/RoadmapSkills/src/Shared/DeventSoft.RoadmapSkills.Shared.Domain/DeventSoft.RoadmapSkills.Shared.Domain.csproj" (target "GetCopyToOutputDirectoryItems" depends on it):
       Task "AssignTargetPath"
   8:6>Target "_CheckForUnsupportedTargetPlatformIdentifier" skipped, due to false condition; ('$(TargetPlatformIdentifier)' != '' and '$(TargetFrameworkIdentifier)' == '.NETCoreApp' and $([MSBuild]::VersionGreaterThanOrEquals($(TargetFrameworkVersion), 5.0)) And ('$(DesignTimeBuild)' != 'true' Or '@(MissingWorkloadPack)' == '')) was evaluated as ('' != '' and '.NETCoreApp' == '.NETCoreApp' and True And ('' != 'true' Or '' == '')).
  10:6>Done executing task "AssignTargetPath".
  10:6>Done building target "_GetCopyToOutputDirectoryItemsFromThisProject" in project "DeventSoft.RoadmapSkills.Shared.Domain.csproj".
   8:6>Target "_CheckForMissingWorkload" skipped, due to false condition; ('@(MissingWorkloadPack)' != '' And '$(DesignTimeBuild)' != 'true') was evaluated as ('' != '' And '' != 'true').
   8:6>Target "_CheckForUnsupportedNETCoreVersion" in file "/usr/local/share/dotnet/sdk/9.0.200/Sdks/Microsoft.NET.Sdk/targets/Microsoft.NET.TargetFrameworkInference.targets" from project "/Users/dacanetdev/Dev/AIGenerated/RoadmapSkills/src/DeventSoft.RoadmapSkills.BlazorApp/DeventSoft.RoadmapSkills.BlazorApp.csproj" (target "_CheckForInvalidConfigurationAndPlatform" depends on it):
       Task "NETSdkError" skipped, due to false condition; ('$(_TargetFrameworkVersionWithoutV)' > '$(NETCoreAppMaximumVersion)' and '$(DisplayVSMessage)' != 'true') was evaluated as ('8.0' > '9.0' and '' != 'true').
       Task "NETSdkError" skipped, due to false condition; ('$(DisplayVSMessage)' == 'true') was evaluated as ('' == 'true').
   8:6>Done building target "_CheckForUnsupportedNETCoreVersion" in project "DeventSoft.RoadmapSkills.BlazorApp.csproj".
       Target "_CheckForEolTargetFrameworks" skipped, due to false condition; ('@(_EolNetCoreTargetFrameworkVersions->AnyHaveMetadataValue('Identity', '$(_TargetFrameworkVersionWithoutV)'))' and '$(TargetFrameworkIdentifier)' == '.NETCoreApp' and '$(CheckEolTargetFramework)' == 'true') was evaluated as ('false' and '.NETCoreApp' == '.NETCoreApp' and 'true' == 'true').
       Target "_CheckForEolWorkloads" skipped, due to false condition; ('@(EolWorkload)' != '' and '$(CheckEolWorkloads)' == 'true') was evaluated as ('' != '' and 'true' == 'true').
       Target "_CheckForNotRecommendedNETStandardVersion" skipped, due to false condition; ('$(TargetFrameworkIdentifier)' == '.NETStandard' and $([MSBuild]::VersionLessThan($(TargetFrameworkVersion), '2.0'))) was evaluated as ('.NETCoreApp' == '.NETStandard' and False).
   8:6>Target "_CheckForUnsupportedCppNETCoreVersion" in file "/usr/local/share/dotnet/sdk/9.0.200/Sdks/Microsoft.NET.Sdk/targets/Microsoft.NET.TargetFrameworkInference.targets" from project "/Users/dacanetdev/Dev/AIGenerated/RoadmapSkills/src/DeventSoft.RoadmapSkills.BlazorApp/DeventSoft.RoadmapSkills.BlazorApp.csproj" (target "_CheckForInvalidConfigurationAndPlatform" depends on it):
       Task "NETSdkError" skipped, due to false condition; ('$(TargetFrameworkIdentifier)' == '.NETCoreApp' and '$(_TargetFrameworkVersionWithoutV)' < '3.1' and ('$(Language)' == 'C++' and '$(_EnablePackageReferencesInVCProjects)' != 'true')) was evaluated as ('.NETCoreApp' == '.NETCoreApp' and '8.0' < '3.1' and ('C#' == 'C++' and '' != 'true')).
   8:6>Done building target "_CheckForUnsupportedCppNETCoreVersion" in project "DeventSoft.RoadmapSkills.BlazorApp.csproj".
  10:6>Done executing task "CallTarget".
   8:6>Target "_CheckForUnsupportedNETStandardVersion" skipped, due to false condition; ('$(TargetFrameworkIdentifier)' == '.NETStandard' And '$(NETStandardMaximumVersion)' != '') was evaluated as ('.NETCoreApp' == '.NETStandard' And '' != '').
       Target "_CheckForUnsupportedTargetFrameworkAndFeatureCombination" skipped, due to false condition; ('$(TargetFrameworkIdentifier)' == '.NETFramework') was evaluated as ('.NETCoreApp' == '.NETFramework').
       Target "_CheckForSupportedOSPlatformVersionHigherThanTargetPlatformVersion" skipped, due to false condition; ('$(TargetPlatformVersion)' != '' and '$(TargetFrameworkIdentifier)' == '.NETCoreApp' and $([MSBuild]::VersionGreaterThanOrEquals($(TargetFrameworkVersion), 5.0))) was evaluated as ('' != '' and '.NETCoreApp' == '.NETCoreApp' and True).
       Target "_CheckForInvalidTargetPlatformVersion" skipped, due to false condition; ('$(TargetPlatformVersion)' != '' and '$(TargetFrameworkIdentifier)' == '.NETCoreApp' and $([MSBuild]::VersionGreaterThanOrEquals($(TargetFrameworkVersion), 5.0)) and ('$(Language)' != 'C++' or '$(_EnablePackageReferencesInVCProjects)' == 'true')) was evaluated as ('' != '' and '.NETCoreApp' == '.NETCoreApp' and True and ('C#' != 'C++' or '' == 'true')).
   8:6>Target "_CheckForUnsupportedArtifactsPath" in file "/usr/local/share/dotnet/sdk/9.0.200/Sdks/Microsoft.NET.Sdk/targets/Microsoft.NET.DefaultOutputPaths.targets" from project "/Users/dacanetdev/Dev/AIGenerated/RoadmapSkills/src/DeventSoft.RoadmapSkills.BlazorApp/DeventSoft.RoadmapSkills.BlazorApp.csproj" (target "_CheckForInvalidConfigurationAndPlatform" depends on it):
       Task "NetSdkError" skipped, due to false condition; ('$(UseArtifactsOutput)' == 'true' and '$(_ArtifactsPathSetEarly)' != 'true') was evaluated as ('' == 'true' and '' != 'true').
       Task "NetSdkError" skipped, due to false condition; ('$(_ArtifactsPathLocationType)' == 'ProjectFolder') was evaluated as ('' == 'ProjectFolder').
   8:6>Done building target "_CheckForUnsupportedArtifactsPath" in project "DeventSoft.RoadmapSkills.BlazorApp.csproj".
       Target "_CheckForMissingWorkload" skipped, due to false condition; ('@(MissingWorkloadPack)' != '' And '$(DesignTimeBuild)' != 'true') was evaluated as ('' != '' And '' != 'true').
   8:6>Target "_CheckForUnsupportedAppHostUsage" in file "/usr/local/share/dotnet/sdk/9.0.200/Sdks/Microsoft.NET.Sdk/targets/Microsoft.NET.RuntimeIdentifierInference.targets" from project "/Users/dacanetdev/Dev/AIGenerated/RoadmapSkills/src/DeventSoft.RoadmapSkills.BlazorApp/DeventSoft.RoadmapSkills.BlazorApp.csproj" (target "_CheckForInvalidConfigurationAndPlatform" depends on it):
       Task "NETSdkError" skipped, due to false condition; ('$(SelfContained)' == 'true' and '$(RuntimeIdentifier)' == '' and '$(AllowSelfContainedWithoutRuntimeIdentifier)' != 'true') was evaluated as ('false' == 'true' and '' == '' and '' != 'true').
       Task "NETSdkError" skipped, due to false condition; ('$(PublishReadyToRun)' == 'true' and '$(RuntimeIdentifier)' == '' and '$(_IsPublishing)' == 'true') was evaluated as ('' == 'true' and '' == '' and '' == 'true').
       Task "NETSdkError" skipped, due to false condition; ('$(PublishSingleFile)' == 'true' and '$(RuntimeIdentifier)' == '' and '$(_IsPublishing)' == 'true') was evaluated as ('' == 'true' and '' == '' and '' == 'true').
  10:6>Done building target "GetCopyToOutputDirectoryItems" in project "DeventSoft.RoadmapSkills.Shared.Domain.csproj".
       Target "_CopyOutOfDateSourceItemsToOutputDirectory" skipped, due to false condition; ( '@(_SourceItemsToCopyToOutputDirectory)' != '' ) was evaluated as ( '' != '' ).
   8:6>_CheckForUnsupportedAppHostUsage:
       Task "NETSdkError" skipped, due to false condition; ('$(PublishAot)' == 'true' and '$(RuntimeIdentifier)' == '' and '$(_IsPublishing)' == 'true' and '$(AllowPublishAotWithoutRuntimeIdentifier)' != 'true') was evaluated as ('' == 'true' and '' == '' and '' == 'true' and '' != 'true').
  10:6>Target "_CopyOutOfDateSourceItemsToOutputDirectoryAlways" skipped, due to false condition; ( '@(_SourceItemsToCopyToOutputDirectoryAlways)' != '' ) was evaluated as ( '' != '' ).
       Target "_CopyDifferingSourceItemsToOutputDirectory" skipped, due to false condition; ( '@(_SourceItemsToCopyToOutputDirectoryIfDifferent)' != '' ) was evaluated as ( '' != '' ).
   8:6>_CheckForUnsupportedAppHostUsage:
       Task "NETSdkError" skipped, due to false condition; ('$(PublishSelfContained)' != 'true' and '$(PublishSelfContained)' != 'false' and '$(PublishSelfContained)' != '') was evaluated as ('' != 'true' and '' != 'false' and '' != '').
       Task "NETSdkError" skipped, due to false condition; ('$(SelfContained)' == 'true' and '$(UseAppHost)' != 'true' and '$(_RuntimeIdentifierUsesAppHost)' == 'true') was evaluated as ('false' == 'true' and 'true' != 'true' and 'true' == 'true').
  10:6>Target "_CopySourceItemsToOutputDirectory" in file "/usr/local/share/dotnet/sdk/9.0.200/Microsoft.Common.CurrentVersion.targets" from project "/Users/dacanetdev/Dev/AIGenerated/RoadmapSkills/src/Shared/DeventSoft.RoadmapSkills.Shared.Domain/DeventSoft.RoadmapSkills.Shared.Domain.csproj" (target "CopyFilesToOutputDirectory" depends on it):
  10:6>Done building target "_CopySourceItemsToOutputDirectory" in project "DeventSoft.RoadmapSkills.Shared.Domain.csproj".
   8:6>_CheckForUnsupportedAppHostUsage:
       Task "NETSdkError" skipped, due to false condition; ('$(SelfContained)' != 'true' and '$(UseAppHost)' == 'true' and '$(_TargetFrameworkVersionWithoutV)' < '2.1') was evaluated as ('false' != 'true' and 'true' == 'true' and '8.0' < '2.1').
       Task "NETSdkError" skipped, due to false condition; ('$(PublishSingleFile)' == 'true' and '$(_TargetFrameworkVersionWithoutV)' < '3.0') was evaluated as ('' == 'true' and '8.0' < '3.0').
  10:6>Target "_CopyAppConfigFile" skipped, due to false condition; ( '@(AppConfigWithTargetPath)' != '' ) was evaluated as ( '' != '' ).
       Target "_CopyManifestFiles" skipped, due to false condition; ( '$(_DeploymentCopyApplicationManifest)'=='true' or '$(GenerateClickOnceManifests)'=='true' ) was evaluated as ( ''=='true' or ''=='true' ).
   8:6>_CheckForUnsupportedAppHostUsage:
       Task "NETSdkWarning" skipped, due to false condition; ('$(PublishReadyToRun)' == 'true' and '$(_TargetFrameworkVersionWithoutV)' < '3.0') was evaluated as ('' == 'true' and '8.0' < '3.0').
  10:6>Target "_CheckForCompileOutputs" in file "/usr/local/share/dotnet/sdk/9.0.200/Microsoft.Common.CurrentVersion.targets" from project "/Users/dacanetdev/Dev/AIGenerated/RoadmapSkills/src/Shared/DeventSoft.RoadmapSkills.Shared.Domain/DeventSoft.RoadmapSkills.Shared.Domain.csproj" (target "CopyFilesToOutputDirectory" depends on it):
  10:6>Done building target "_CheckForCompileOutputs" in project "DeventSoft.RoadmapSkills.Shared.Domain.csproj".
       Target "_SGenCheckForOutputs" skipped, due to false condition; ('$(_SGenGenerateSerializationAssembliesConfig)' == 'On' or ('@(WebReferenceUrl)'!='' and '$(_SGenGenerateSerializationAssembliesConfig)' == 'Auto')) was evaluated as ('Off' == 'On' or (''!='' and 'Off' == 'Auto')).
   8:6>_CheckForUnsupportedAppHostUsage:
       Task "NETSdkWarning" skipped, due to false condition; ('$(RuntimeIdentifier)' != '' and '$(_TargetFrameworkVersionWithoutV)' != '' and $([MSBuild]::VersionLessThan($(_TargetFrameworkVersionWithoutV), '8.0')) and '$(_SelfContainedWasSpecified)' != 'true') was evaluated as ('' != '' and '8.0' != '' and False and '' != 'true').
  10:6>Target "_DefaultMicrosoftNETPlatformLibrary" skipped. Previously built successfully.
       Target "_HandlePackageFileConflicts" skipped. Previously built successfully.
   8:6>_CheckForUnsupportedAppHostUsage:
       Task "NetSdkError" skipped, due to false condition; (('$(UseWindowsForms)' == 'true') and ('$(PublishTrimmed)' == 'true') and ('$(_SuppressWinFormsTrimError)' != 'true')) was evaluated as (('' == 'true') and ('' == 'true') and ('' != 'true')).
  10:6>Target "ResolveAssemblyReferences" skipped. Previously built successfully.
   8:6>_CheckForUnsupportedAppHostUsage:
       Task "NetSdkError" skipped, due to false condition; (('$(UseWpf)' == 'true') and ('$(PublishTrimmed)' == 'true') and ('$(_SuppressWpfTrimError)' != 'true')) was evaluated as (('' == 'true') and ('' == 'true') and ('' != 'true')).
   8:6>Done building target "_CheckForUnsupportedAppHostUsage" in project "DeventSoft.RoadmapSkills.BlazorApp.csproj".
   8:6>Target "_CheckForUnsupportedHostingUsage" in file "/usr/local/share/dotnet/sdk/9.0.200/Sdks/Microsoft.NET.Sdk/targets/Microsoft.NET.RuntimeIdentifierInference.targets" from project "/Users/dacanetdev/Dev/AIGenerated/RoadmapSkills/src/DeventSoft.RoadmapSkills.BlazorApp/DeventSoft.RoadmapSkills.BlazorApp.csproj" (target "_CheckForInvalidConfigurationAndPlatform" depends on it):
       Task "NETSdkWarning" skipped, due to false condition; ('$(SelfContained)' == 'true' and '$(EnableComHosting)' == 'true') was evaluated as ('false' == 'true' and '' == 'true').
   8:6>Done building target "_CheckForUnsupportedHostingUsage" in project "DeventSoft.RoadmapSkills.BlazorApp.csproj".
   8:6>Target "_CheckAndUnsetUnsupportedPrefer32Bit" in file "/usr/local/share/dotnet/sdk/9.0.200/Sdks/Microsoft.NET.Sdk/targets/Microsoft.NET.RuntimeIdentifierInference.targets" from project "/Users/dacanetdev/Dev/AIGenerated/RoadmapSkills/src/DeventSoft.RoadmapSkills.BlazorApp/DeventSoft.RoadmapSkills.BlazorApp.csproj" (target "_CheckForInvalidConfigurationAndPlatform" depends on it):
       Task "NETSdkWarning" skipped, due to false condition; ('$(Prefer32Bit)' == 'true') was evaluated as ('false' == 'true').
   8:6>Done building target "_CheckAndUnsetUnsupportedPrefer32Bit" in project "DeventSoft.RoadmapSkills.BlazorApp.csproj".
       Target "_CheckAndUnsetUnsupportedPreferNativeArm64" skipped, due to false condition; ('$(TargetFrameworkIdentifier)' == '.NETCoreApp' and '$(PreferNativeArm64)' == 'true') was evaluated as ('.NETCoreApp' == '.NETCoreApp' and 'false' == 'true').
       Target "_CheckForMismatchingPlatform" skipped, due to false condition; ('$(RuntimeIdentifier)' != '' and '$(PlatformTarget)' != '') was evaluated as ('' != '' and '' != '').
   8:6>Target "_CheckForLanguageAndFeatureCombinationSupport" in file "/usr/local/share/dotnet/sdk/9.0.200/Sdks/Microsoft.NET.Sdk/targets/Microsoft.NET.RuntimeIdentifierInference.targets" from project "/Users/dacanetdev/Dev/AIGenerated/RoadmapSkills/src/DeventSoft.RoadmapSkills.BlazorApp/DeventSoft.RoadmapSkills.BlazorApp.csproj" (target "_CheckForInvalidConfigurationAndPlatform" depends on it):
       Task "NETSdkError" skipped, due to false condition; (('$(Language)' == 'C++' and '$(_EnablePackageReferencesInVCProjects)' != 'true') and $(OutputType) != 'library' and '$(TargetFrameworkIdentifier)' == '.NETCoreApp') was evaluated as (('C#' == 'C++' and '' != 'true') and Exe != 'library' and '.NETCoreApp' == '.NETCoreApp').
       Task "NETSdkError" skipped, due to false condition; (('$(Language)' == 'C++' and '$(_EnablePackageReferencesInVCProjects)' != 'true') and $(EnableComHosting) == 'true') was evaluated as (('C#' == 'C++' and '' != 'true') and  == 'true').
       Task "NETSdkError" skipped, due to false condition; (('$(Language)' == 'C++' and '$(_EnablePackageReferencesInVCProjects)' != 'true') and $(SelfContained) == 'true') was evaluated as (('C#' == 'C++' and '' != 'true') and false == 'true').
   8:6>Done building target "_CheckForLanguageAndFeatureCombinationSupport" in project "DeventSoft.RoadmapSkills.BlazorApp.csproj".
       Target "_CheckForNETCoreSdkIsPreview" skipped, due to false condition; ( '$(_NETCoreSdkIsPreview)' == 'true' AND '$(SuppressNETCoreSdkPreviewMessage)' != 'true' ) was evaluated as ( 'false' == 'true' AND '' != 'true' ).
   8:6>Target "_GetProjectJsonPath" in file "/usr/local/share/dotnet/sdk/9.0.200/NuGet.targets" from project "/Users/dacanetdev/Dev/AIGenerated/RoadmapSkills/src/DeventSoft.RoadmapSkills.BlazorApp/DeventSoft.RoadmapSkills.BlazorApp.csproj" (target "_GetRestoreProjectStyle" depends on it):
       Task "GetRestoreProjectJsonPathTask" skipped, due to false condition; ( '$(RestoreProjectStyle)' == 'ProjectJson' OR '$(RestoreProjectStyle)' == '' ) was evaluated as ( 'PackageReference' == 'ProjectJson' OR 'PackageReference' == '' ).
   8:6>Done building target "_GetProjectJsonPath" in project "DeventSoft.RoadmapSkills.BlazorApp.csproj".
       Target "_CheckForUnsupportedTargetPlatformIdentifier" skipped, due to false condition; ('$(TargetPlatformIdentifier)' != '' and '$(TargetFrameworkIdentifier)' == '.NETCoreApp' and $([MSBuild]::VersionGreaterThanOrEquals($(TargetFrameworkVersion), 5.0)) And ('$(DesignTimeBuild)' != 'true' Or '@(MissingWorkloadPack)' == '')) was evaluated as ('' != '' and '.NETCoreApp' == '.NETCoreApp' and True And ('' != 'true' Or '' == '')).
       Target "_CheckForMissingWorkload" skipped, due to false condition; ('@(MissingWorkloadPack)' != '' And '$(DesignTimeBuild)' != 'true') was evaluated as ('' != '' And '' != 'true').
       Target "_CheckForNotRecommendedNETStandardVersion" skipped, due to false condition; ('$(TargetFrameworkIdentifier)' == '.NETStandard' and $([MSBuild]::VersionLessThan($(TargetFrameworkVersion), '2.0'))) was evaluated as ('.NETCoreApp' == '.NETStandard' and False).
       Target "_CheckForUnsupportedNETStandardVersion" skipped, due to false condition; ('$(TargetFrameworkIdentifier)' == '.NETStandard' And '$(NETStandardMaximumVersion)' != '') was evaluated as ('.NETCoreApp' == '.NETStandard' And '' != '').
       Target "_CheckForUnsupportedTargetFrameworkAndFeatureCombination" skipped, due to false condition; ('$(TargetFrameworkIdentifier)' == '.NETFramework') was evaluated as ('.NETCoreApp' == '.NETFramework').
       Target "ApplyImplicitVersions" skipped, due to false condition; ('@(PackageReference)' != '') was evaluated as ('' != '').
       Target "IncludeTargetingPackReference" skipped, due to false condition; ('$(TargetFrameworkMoniker)' != '' and '$(TargetFrameworkIdentifier)' == '.NETFramework' and '$(AutomaticallyUseReferenceAssemblyPackages)' == 'true') was evaluated as ('.NETCoreApp,Version=v8.0' != '' and '.NETCoreApp' == '.NETFramework' and 'true' == 'true').
  10:6>Target "_ComputeReferenceAssemblies" in file "/usr/local/share/dotnet/sdk/9.0.200/Sdks/Microsoft.NET.Sdk/targets/Microsoft.NET.Sdk.targets" from project "/Users/dacanetdev/Dev/AIGenerated/RoadmapSkills/src/Shared/DeventSoft.RoadmapSkills.Shared.Domain/DeventSoft.RoadmapSkills.Shared.Domain.csproj" (target "GenerateBuildDependencyFile" depends on it):
  10:6>Done building target "_ComputeReferenceAssemblies" in project "DeventSoft.RoadmapSkills.Shared.Domain.csproj".
   8:6>Target "CheckForImplicitPackageReferenceOverrides" in file "/usr/local/share/dotnet/sdk/9.0.200/Sdks/Microsoft.NET.Sdk/targets/Microsoft.NET.Sdk.DefaultItems.Shared.targets" from project "/Users/dacanetdev/Dev/AIGenerated/RoadmapSkills/src/DeventSoft.RoadmapSkills.BlazorApp/DeventSoft.RoadmapSkills.BlazorApp.csproj" (target "CollectPackageReferences" depends on it):
   8:6>Using "CheckForImplicitPackageReferenceOverrides" task from assembly "/usr/local/share/dotnet/sdk/9.0.200/Sdks/Microsoft.NET.Sdk/targets/../tools/net9.0/Microsoft.NET.Build.Tasks.dll".
       Task "CheckForImplicitPackageReferenceOverrides"
  10:6>Target "_ComputeUserRuntimeAssemblies" in file "/usr/local/share/dotnet/sdk/9.0.200/Sdks/Microsoft.NET.Sdk/targets/Microsoft.NET.Sdk.targets" from project "/Users/dacanetdev/Dev/AIGenerated/RoadmapSkills/src/Shared/DeventSoft.RoadmapSkills.Shared.Domain/DeventSoft.RoadmapSkills.Shared.Domain.csproj" (target "GenerateBuildDependencyFile" depends on it):
  10:6>Done building target "_ComputeUserRuntimeAssemblies" in project "DeventSoft.RoadmapSkills.Shared.Domain.csproj".
       Target "ResolveRuntimePackAssets" skipped, due to false condition; ('@(RuntimePack)' != '') was evaluated as ('' != '').
       Target "_ComputePackageReferencePublish" skipped. Previously built successfully.
       Target "ComputeDependencyFileCompilerOptions" skipped, due to false condition; ('$(PreserveCompilationContext)' == 'true') was evaluated as ('' == 'true').
  10:6>Target "GenerateBuildDependencyFile" in file "/usr/local/share/dotnet/sdk/9.0.200/Sdks/Microsoft.NET.Sdk/targets/Microsoft.NET.Sdk.targets" from project "/Users/dacanetdev/Dev/AIGenerated/RoadmapSkills/src/Shared/DeventSoft.RoadmapSkills.Shared.Domain/DeventSoft.RoadmapSkills.Shared.Domain.csproj" (target "CopyFilesToOutputDirectory" depends on it):
       Skipping target "GenerateBuildDependencyFile" because all output files are up-to-date with respect to the input files.
       Input files: 
           /Users/dacanetdev/Dev/AIGenerated/RoadmapSkills/src/Shared/DeventSoft.RoadmapSkills.Shared.Domain/obj/project.assets.json
           /Users/dacanetdev/Dev/AIGenerated/RoadmapSkills/src/Shared/DeventSoft.RoadmapSkills.Shared.Domain/obj/Debug/net8.0/DeventSoft.RoadmapSkills.Shared.Domain.assets.cache
           /Users/dacanetdev/Dev/AIGenerated/RoadmapSkills/src/Shared/DeventSoft.RoadmapSkills.Shared.Domain/DeventSoft.RoadmapSkills.Shared.Domain.csproj
           /usr/local/share/dotnet/sdk/9.0.200/Current/Microsoft.Common.targets/ImportAfter/Microsoft.TestPlatform.ImportAfter.targets
       Output files: /Users/dacanetdev/Dev/AIGenerated/RoadmapSkills/src/Shared/DeventSoft.RoadmapSkills.Shared.Domain/bin/Debug/net8.0/DeventSoft.RoadmapSkills.Shared.Domain.deps.json
   8:6>Done executing task "CheckForImplicitPackageReferenceOverrides".
   8:6>Done building target "CheckForImplicitPackageReferenceOverrides" in project "DeventSoft.RoadmapSkills.BlazorApp.csproj".
       Target "AddWindowsSdkKnownFrameworkReferences" skipped, due to false condition; ('$(TargetFrameworkIdentifier)' == '.NETCoreApp' And '$(TargetPlatformIdentifier)' == 'Windows'
                            And ('$(Language)' != 'C++' Or '$(IncludeWindowsSDKRefFrameworkReferences)' == 'true')) was evaluated as ('.NETCoreApp' == '.NETCoreApp' And '' == 'Windows'
                            And ('C#' != 'C++' Or '' == 'true')).
       Target "_NormalizeTargetPlatformVersion" skipped, due to false condition; ('$(TargetPlatformVersion)' != '' and '$(TargetFrameworkIdentifier)' == '.NETCoreApp' and $([MSBuild]::VersionGreaterThanOrEquals($(TargetFrameworkVersion), 5.0)) and ('$(Language)' != 'C++' or '$(_EnablePackageReferencesInVCProjects)' == 'true')) was evaluated as ('' != '' and '.NETCoreApp' == '.NETCoreApp' and True and ('C#' != 'C++' or '' == 'true')).
       Target "ApplyImplicitVersions" skipped, due to false condition; ('@(PackageReference)' != '') was evaluated as ('' != '').
  10:6>Done building target "GenerateBuildDependencyFile" in project "DeventSoft.RoadmapSkills.Shared.Domain.csproj".
       Target "GenerateBuildRuntimeConfigurationFiles" skipped, due to false condition; ( '$(GenerateRuntimeConfigurationFiles)' == 'true') was evaluated as ( '' == 'true').
       Target "GenerateShimsAssets" skipped, due to false condition; ('$(PackAsTool)' == 'true' and $(PackAsToolShimRuntimeIdentifiers) != '' ) was evaluated as ('' == 'true' and  != '' ).
   8:6>Target "_ComputeToolPackInputsToProcessFrameworkReferences" in file "/usr/local/share/dotnet/sdk/9.0.200/Sdks/Microsoft.NET.Sdk/targets/Microsoft.NET.Publish.targets" from project "/Users/dacanetdev/Dev/AIGenerated/RoadmapSkills/src/DeventSoft.RoadmapSkills.BlazorApp/DeventSoft.RoadmapSkills.BlazorApp.csproj" (target "ProcessFrameworkReferences" depends on it):
   8:6>Done building target "_ComputeToolPackInputsToProcessFrameworkReferences" in project "DeventSoft.RoadmapSkills.BlazorApp.csproj".
  10:6>Target "CopyFilesToOutputDirectory" in file "/usr/local/share/dotnet/sdk/9.0.200/Microsoft.Common.CurrentVersion.targets" from project "/Users/dacanetdev/Dev/AIGenerated/RoadmapSkills/src/Shared/DeventSoft.RoadmapSkills.Shared.Domain/DeventSoft.RoadmapSkills.Shared.Domain.csproj" (target "PrepareForRun" depends on it):
  10:6>Using "Copy" task from assembly "Microsoft.Build.Tasks.Core, Version=15.1.0.0, Culture=neutral, PublicKeyToken=b03f5f7f11d50a3a".
       Task "Copy"
   8:6>Target "ProcessFrameworkReferences" in file "/usr/local/share/dotnet/sdk/9.0.200/Sdks/Microsoft.NET.Sdk/targets/Microsoft.NET.Sdk.FrameworkReferenceResolution.targets" from project "/Users/dacanetdev/Dev/AIGenerated/RoadmapSkills/src/DeventSoft.RoadmapSkills.BlazorApp/DeventSoft.RoadmapSkills.BlazorApp.csproj" (target "CollectPackageReferences" depends on it):
   8:6>Using "CheckForDuplicateFrameworkReferences" task from assembly "/usr/local/share/dotnet/sdk/9.0.200/Sdks/Microsoft.NET.Sdk/targets/../tools/net9.0/Microsoft.NET.Build.Tasks.dll".
       Task "CheckForDuplicateFrameworkReferences"
       Done executing task "CheckForDuplicateFrameworkReferences".
       Using "ProcessFrameworkReferences" task from assembly "/usr/local/share/dotnet/sdk/9.0.200/Sdks/Microsoft.NET.Sdk/targets/../tools/net9.0/Microsoft.NET.Build.Tasks.dll".
       Task "ProcessFrameworkReferences"
  10:6>CopyFilesToOutputDirectory:
         Did not copy from file "obj/Debug/net8.0/DeventSoft.RoadmapSkills.Shared.Domain.dll" to file "bin/Debug/net8.0/DeventSoft.RoadmapSkills.Shared.Domain.dll" because the "SkipUnchangedFiles" parameter was set to "true" in the project and the files' sizes and timestamps match.
       Done executing task "Copy".
       Using "CopyRefAssembly" task from assembly "/usr/local/share/dotnet/sdk/9.0.200/Roslyn/Microsoft.Build.Tasks.CodeAnalysis.dll".
       Task "CopyRefAssembly"
         Reference assembly "/Users/dacanetdev/Dev/AIGenerated/RoadmapSkills/src/Shared/DeventSoft.RoadmapSkills.Shared.Domain/obj/Debug/net8.0/ref/DeventSoft.RoadmapSkills.Shared.Domain.dll" already has latest information. Leaving it untouched.
       Done executing task "CopyRefAssembly".
       Task "Message"
         DeventSoft.RoadmapSkills.Shared.Domain -> /Users/dacanetdev/Dev/AIGenerated/RoadmapSkills/src/Shared/DeventSoft.RoadmapSkills.Shared.Domain/bin/Debug/net8.0/DeventSoft.RoadmapSkills.Shared.Domain.dll
       Done executing task "Message".
       Task "Copy" skipped, due to false condition; ('@(AddModules)' != '') was evaluated as ('' != '').
       Task "Copy" skipped, due to false condition; ('$(_SGenDllCreated)'=='true') was evaluated as ('false'=='true').
       Task "Copy"
         Did not copy from file "obj/Debug/net8.0/DeventSoft.RoadmapSkills.Shared.Domain.pdb" to file "bin/Debug/net8.0/DeventSoft.RoadmapSkills.Shared.Domain.pdb" because the "SkipUnchangedFiles" parameter was set to "true" in the project and the files' sizes and timestamps match.
       Done executing task "Copy".
       Task "Copy" skipped, due to false condition; ('$(_DocumentationFileProduced)'=='true' and '$(CopyDocumentationFileToOutputDirectory)'=='true') was evaluated as ('false'=='true' and 'true'=='true').
       Task "Copy" skipped, due to false condition; ('@(IntermediateSatelliteAssembliesWithTargetPath)' != '') was evaluated as ('' != '').
       Task "Copy" skipped, due to false condition; ('@(ReferenceComWrappersToCopyLocal)' != '' or '@(ResolvedIsolatedComModules)' != '' or '@(_DeploymentLooseManifestFile)' != '' or '@(NativeReferenceFile)' != '' ) was evaluated as ('' != '' or '' != '' or '' != '' or '' != '' ).
       Task "Copy" skipped, due to false condition; ('$(SkipCopyWinMDArtifact)' != 'true' and '@(WinMDExpArtifacts)' != '') was evaluated as ('' != 'true' and '' != '').
       Task "Message" skipped, due to false condition; ('$(SkipCopyWinMDArtifact)' != 'true' and '$(_WindowsMetadataOutputPath)' != '') was evaluated as ('' != 'true' and '' != '').
  10:6>Done building target "CopyFilesToOutputDirectory" in project "DeventSoft.RoadmapSkills.Shared.Domain.csproj".
       Target "_CopyReferenceOnlyAssembliesForBuild" skipped, due to false condition; ('$(PreserveCompilationReferences)' == 'true') was evaluated as ('' == 'true').
  10:6>Target "PrepareForRun" in file "/usr/local/share/dotnet/sdk/9.0.200/Microsoft.Common.CurrentVersion.targets" from project "/Users/dacanetdev/Dev/AIGenerated/RoadmapSkills/src/Shared/DeventSoft.RoadmapSkills.Shared.Domain/DeventSoft.RoadmapSkills.Shared.Domain.csproj" (target "CoreBuild" depends on it):
  10:6>Done building target "PrepareForRun" in project "DeventSoft.RoadmapSkills.Shared.Domain.csproj".
       Target "UnmanagedRegistration" skipped, due to false condition; ('$(RegisterForComInterop)'=='true' and '$(OutputType)'=='library') was evaluated as (''=='true' and 'Library'=='library').
       Target "_CheckForCompileOutputs" skipped. Previously built successfully.
       Target "_SGenCheckForOutputs" skipped, due to false condition; ('$(_SGenGenerateSerializationAssembliesConfig)' == 'On' or ('@(WebReferenceUrl)'!='' and '$(_SGenGenerateSerializationAssembliesConfig)' == 'Auto')) was evaluated as ('Off' == 'On' or (''!='' and 'Off' == 'Auto')).
  10:6>Target "_CleanGetCurrentAndPriorFileWrites" in file "/usr/local/share/dotnet/sdk/9.0.200/Microsoft.Common.CurrentVersion.targets" from project "/Users/dacanetdev/Dev/AIGenerated/RoadmapSkills/src/Shared/DeventSoft.RoadmapSkills.Shared.Domain/DeventSoft.RoadmapSkills.Shared.Domain.csproj" (target "IncrementalClean" depends on it):
       Using "ReadLinesFromFile" task from assembly "Microsoft.Build.Tasks.Core, Version=15.1.0.0, Culture=neutral, PublicKeyToken=b03f5f7f11d50a3a".
       Task "ReadLinesFromFile"
       Done executing task "ReadLinesFromFile".
       Task "ConvertToAbsolutePath"
   8:6>Done executing task "ProcessFrameworkReferences".
  10:6>Done executing task "ConvertToAbsolutePath".
   8:6>ProcessFrameworkReferences:
       Using "ResolveAppHosts" task from assembly "/usr/local/share/dotnet/sdk/9.0.200/Sdks/Microsoft.NET.Sdk/targets/../tools/net9.0/Microsoft.NET.Build.Tasks.dll".
       Task "ResolveAppHosts"
  10:6>_CleanGetCurrentAndPriorFileWrites:
       Using "FindUnderPath" task from assembly "Microsoft.Build.Tasks.Core, Version=15.1.0.0, Culture=neutral, PublicKeyToken=b03f5f7f11d50a3a".
       Task "FindUnderPath"
         Comparison path is "/Users/dacanetdev/Dev/AIGenerated/RoadmapSkills/src/Shared/DeventSoft.RoadmapSkills.Shared.Domain".
       Done executing task "FindUnderPath".
       Task "FindUnderPath"
         Comparison path is "bin/Debug/net8.0/".
       Done executing task "FindUnderPath".
       Task "FindUnderPath"
         Comparison path is "obj/Debug/net8.0/".
       Done executing task "FindUnderPath".
       Task "RemoveDuplicates"
       Done executing task "RemoveDuplicates".
  10:6>Done building target "_CleanGetCurrentAndPriorFileWrites" in project "DeventSoft.RoadmapSkills.Shared.Domain.csproj".
  10:6>Target "IncrementalClean" in file "/usr/local/share/dotnet/sdk/9.0.200/Microsoft.Common.CurrentVersion.targets" from project "/Users/dacanetdev/Dev/AIGenerated/RoadmapSkills/src/Shared/DeventSoft.RoadmapSkills.Shared.Domain/DeventSoft.RoadmapSkills.Shared.Domain.csproj" (target "CoreBuild" depends on it):
       Task "FindUnderPath"
         Comparison path is "bin/Debug/net8.0/".
       Done executing task "FindUnderPath".
       Task "FindUnderPath"
         Comparison path is "obj/Debug/net8.0/".
       Done executing task "FindUnderPath".
       Using "Delete" task from assembly "Microsoft.Build.Tasks.Core, Version=15.1.0.0, Culture=neutral, PublicKeyToken=b03f5f7f11d50a3a".
       Task "Delete"
       Done executing task "Delete".
       Task "RemoveDuplicates"
       Done executing task "RemoveDuplicates".
       Task "WriteLinesToFile" skipped, due to false condition; ('@(_CleanUnfilteredPriorFileWrites)'!='@(_CleanUniqueRemainingFileWritesAfterIncrementalClean)') was evaluated as ('/Users/dacanetdev/Dev/AIGenerated/RoadmapSkills/src/Shared/DeventSoft.RoadmapSkills.Shared.Domain/bin/Debug/net8.0/DeventSoft.RoadmapSkills.Shared.Domain.deps.json;/Users/dacanetdev/Dev/AIGenerated/RoadmapSkills/src/Shared/DeventSoft.RoadmapSkills.Shared.Domain/bin/Debug/net8.0/DeventSoft.RoadmapSkills.Shared.Domain.dll;/Users/dacanetdev/Dev/AIGenerated/RoadmapSkills/src/Shared/DeventSoft.RoadmapSkills.Shared.Domain/bin/Debug/net8.0/DeventSoft.RoadmapSkills.Shared.Domain.pdb;...'!='/Users/dacanetdev/Dev/AIGenerated/RoadmapSkills/src/Shared/DeventSoft.RoadmapSkills.Shared.Domain/bin/Debug/net8.0/DeventSoft.RoadmapSkills.Shared.Domain.deps.json;/Users/dacanetdev/Dev/AIGenerated/RoadmapSkills/src/Shared/DeventSoft.RoadmapSkills.Shared.Domain/bin/Debug/net8.0/DeventSoft.RoadmapSkills.Shared.Domain.dll;/Users/dacanetdev/Dev/AIGenerated/RoadmapSkills/src/Shared/DeventSoft.RoadmapSkills.Shared.Domain/bin/Debug/net8.0/DeventSoft.RoadmapSkills.Shared.Domain.pdb;...').
  10:6>Done building target "IncrementalClean" in project "DeventSoft.RoadmapSkills.Shared.Domain.csproj".
       Target "PostBuildEvent" skipped, due to false condition; ('$(PostBuildEvent)' != '' and ('$(RunPostBuildEvent)' != 'OnOutputUpdated' or '$(_AssemblyTimestampBeforeCompile)' != '$(_AssemblyTimestampAfterCompile)')) was evaluated as ('' != '' and ('' != 'OnOutputUpdated' or '' != '')).
       Target "GenerateBuildDependencyFile" skipped. Previously built successfully.
       Target "GenerateBuildRuntimeConfigurationFiles" skipped, due to false condition; ( '$(GenerateRuntimeConfigurationFiles)' == 'true') was evaluated as ( '' == 'true').
  10:6>Target "CoreBuild" in file "/usr/local/share/dotnet/sdk/9.0.200/Microsoft.Common.CurrentVersion.targets" from project "/Users/dacanetdev/Dev/AIGenerated/RoadmapSkills/src/Shared/DeventSoft.RoadmapSkills.Shared.Domain/DeventSoft.RoadmapSkills.Shared.Domain.csproj" (target "Build" depends on it):
  10:6>Done building target "CoreBuild" in project "DeventSoft.RoadmapSkills.Shared.Domain.csproj".
  10:6>Target "AfterBuild" in file "/usr/local/share/dotnet/sdk/9.0.200/Microsoft.Common.CurrentVersion.targets" from project "/Users/dacanetdev/Dev/AIGenerated/RoadmapSkills/src/Shared/DeventSoft.RoadmapSkills.Shared.Domain/DeventSoft.RoadmapSkills.Shared.Domain.csproj" (target "Build" depends on it):
  10:6>Done building target "AfterBuild" in project "DeventSoft.RoadmapSkills.Shared.Domain.csproj".
       Target "_CheckBrowserWorkloadNeededButNotAvailable" skipped, due to false condition; ('$(RuntimeIdentifier)' == 'browser-wasm' and '$(_BrowserWorkloadDisabled)' != 'true' and '$(WasmNativeWorkloadAvailable)' != 'true') was evaluated as ('' == 'browser-wasm' and '' != 'true' and '' != 'true').
       Target "_ErrorWorkloadDisabledForTFMLessThan6" skipped, due to false condition; ('$(_BrowserWorkloadNotSupportedForTFM)' == 'true') was evaluated as ('' == 'true').
       Target "_ErrorDualWasmThreadPropsOn7" skipped, due to false condition; ('$(TargetsNet7)' == 'true' and '$(RuntimeIdentifier)' == 'browser-wasm' and
           '$(BrowserWorkloadDisabled)' != 'true' and '$(WasmEnableThreads)' == 'true' and '$(WasmEnablePerfTrace)' == 'true') was evaluated as ('' == 'true' and '' == 'browser-wasm' and
           '' != 'true' and '' == 'true' and '' == 'true').
       Target "_CheckForInvalidConfigurationAndPlatform" skipped. Previously built successfully.
       Target "_CheckForInvalidConfigurationAndPlatform" skipped. Previously built successfully.
  10:6>Target "Build" in file "/usr/local/share/dotnet/sdk/9.0.200/Microsoft.Common.CurrentVersion.targets" from project "/Users/dacanetdev/Dev/AIGenerated/RoadmapSkills/src/Shared/DeventSoft.RoadmapSkills.Shared.Domain/DeventSoft.RoadmapSkills.Shared.Domain.csproj" (entry point):
  10:6>Done building target "Build" in project "DeventSoft.RoadmapSkills.Shared.Domain.csproj".
       Target "_PackAsBuildAfterTarget" skipped, due to false condition; ('$(GeneratePackageOnBuild)' == 'true' AND '$(IsInnerBuild)' != 'true') was evaluated as ('false' == 'true' AND '' != 'true').
  10:6>Target "_CheckContainersPackage" in file "/usr/local/share/dotnet/sdk/9.0.200/Containers/build/Microsoft.NET.Build.Containers.targets" from project "/Users/dacanetdev/Dev/AIGenerated/RoadmapSkills/src/Shared/DeventSoft.RoadmapSkills.Shared.Domain/DeventSoft.RoadmapSkills.Shared.Domain.csproj" (entry point):
       Task "Warning" skipped, due to false condition; ($(_ContainerPackageIsPresent)
               and (
                 ($(_SdkCanPublishWeb) and $(_IsWebProject)) or
                 ($(_SdkCanPublishWorker) and $(_IsWorkerProject)) or
                 ($(_SdkCanPublishConsole) and '$(EnableSdkContainerSupport)' == 'true')
               )) was evaluated as (false
               and (
                 (True and false) or
                 (True and false) or
                 (True and '' == 'true')
               )).
  10:6>Done building target "_CheckContainersPackage" in project "DeventSoft.RoadmapSkills.Shared.Domain.csproj".
  10:6>Done Building Project "/Users/dacanetdev/Dev/AIGenerated/RoadmapSkills/src/Shared/DeventSoft.RoadmapSkills.Shared.Domain/DeventSoft.RoadmapSkills.Shared.Domain.csproj" (default targets).
   9:7>Done executing task "MSBuild".
       Task "MSBuild"
         Removing Properties:
           Configuration
           Platform
         Removing Properties for project "../../../Shared/DeventSoft.RoadmapSkills.Shared.Domain/DeventSoft.RoadmapSkills.Shared.Domain.csproj":
           TargetFramework
           RuntimeIdentifier
           SelfContained
   9:7>Project "/Users/dacanetdev/Dev/AIGenerated/RoadmapSkills/src/Modules/Users/DeventSoft.RoadmapSkills.Users.Domain/DeventSoft.RoadmapSkills.Users.Domain.csproj" (9:7) is building "/Users/dacanetdev/Dev/AIGenerated/RoadmapSkills/src/Shared/DeventSoft.RoadmapSkills.Shared.Domain/DeventSoft.RoadmapSkills.Shared.Domain.csproj" (10:7) on node 8 (GetNativeManifest target(s)).
  10:7>Target "GetNativeManifest" in file "/usr/local/share/dotnet/sdk/9.0.200/Microsoft.Common.CurrentVersion.targets" from project "/Users/dacanetdev/Dev/AIGenerated/RoadmapSkills/src/Shared/DeventSoft.RoadmapSkills.Shared.Domain/DeventSoft.RoadmapSkills.Shared.Domain.csproj" (entry point):
  10:7>Done building target "GetNativeManifest" in project "DeventSoft.RoadmapSkills.Shared.Domain.csproj".
  10:7>Done Building Project "/Users/dacanetdev/Dev/AIGenerated/RoadmapSkills/src/Shared/DeventSoft.RoadmapSkills.Shared.Domain/DeventSoft.RoadmapSkills.Shared.Domain.csproj" (GetNativeManifest target(s)).
   9:7>Done executing task "MSBuild".
       Task "MSBuildInternalMessage" skipped, due to false condition; ('$(_NonExistentProjectReferenceSeverity)' != '') was evaluated as ('' != '').
   9:7>Done building target "ResolveProjectReferences" in project "DeventSoft.RoadmapSkills.Users.Domain.csproj".
       Target "FindInvalidProjectReferences" skipped, due to false condition; ('$(FindInvalidProjectReferences)' == 'true') was evaluated as ('' == 'true').
       Target "ResolveNativeReferences" skipped, due to false condition; ('@(NativeReference)'!='') was evaluated as (''!='').
       Target "ResolveProjectReferences" skipped. Previously built successfully.
       Target "FindInvalidProjectReferences" skipped, due to false condition; ('$(FindInvalidProjectReferences)' == 'true') was evaluated as ('' == 'true').
       Target "GetFrameworkPaths" skipped. Previously built successfully.
       Target "GetReferenceAssemblyPaths" skipped. Previously built successfully.
       Target "PrepareForBuild" skipped. Previously built successfully.
       Target "GetInstalledSDKLocations" skipped, due to false condition; ('@(SDKReference)' != '') was evaluated as ('' != '').
   9:7>Target "ResolveSDKReferences" in file "/usr/local/share/dotnet/sdk/9.0.200/Microsoft.Common.CurrentVersion.targets" from project "/Users/dacanetdev/Dev/AIGenerated/RoadmapSkills/src/Modules/Users/DeventSoft.RoadmapSkills.Users.Domain/DeventSoft.RoadmapSkills.Users.Domain.csproj" (target "ResolveAssemblyReferences" depends on it):
       Task "ResolveSDKReference" skipped, due to false condition; ('@(SDKReference)'!='') was evaluated as (''!='').
   9:7>Done building target "ResolveSDKReferences" in project "DeventSoft.RoadmapSkills.Users.Domain.csproj".
       Target "ResolveSDKReferences" skipped. Previously built successfully.
   9:7>Target "ExpandSDKReferences" in file "/usr/local/share/dotnet/sdk/9.0.200/Microsoft.Common.CurrentVersion.targets" from project "/Users/dacanetdev/Dev/AIGenerated/RoadmapSkills/src/Modules/Users/DeventSoft.RoadmapSkills.Users.Domain/DeventSoft.RoadmapSkills.Users.Domain.csproj" (target "ResolveAssemblyReferences" depends on it):
       Task "GetSDKReferenceFiles" skipped, due to false condition; ('@(ResolvedSDKReference)'!='') was evaluated as (''!='').
   9:7>Done building target "ExpandSDKReferences" in project "DeventSoft.RoadmapSkills.Users.Domain.csproj".
       Target "ResolvePackageDependenciesForBuild" skipped. Previously built successfully.
       Target "GetFrameworkPaths" skipped. Previously built successfully.
       Target "GetReferenceAssemblyPaths" skipped. Previously built successfully.
       Target "ProcessFrameworkReferences" skipped. Previously built successfully.
       Target "ResolvePackageAssets" skipped. Previously built successfully.
   9:7>Target "ResolveFrameworkReferences" in file "/usr/local/share/dotnet/sdk/9.0.200/Sdks/Microsoft.NET.Sdk/targets/Microsoft.NET.Sdk.FrameworkReferenceResolution.targets" from project "/Users/dacanetdev/Dev/AIGenerated/RoadmapSkills/src/Modules/Users/DeventSoft.RoadmapSkills.Users.Domain/DeventSoft.RoadmapSkills.Users.Domain.csproj" (target "ResolveTargetingPackAssets" depends on it):
       Using "GetPackageDirectory" task from assembly "/usr/local/share/dotnet/sdk/9.0.200/Sdks/Microsoft.NET.Sdk/targets/../tools/net9.0/Microsoft.NET.Build.Tasks.dll".
       Task "GetPackageDirectory"
       Done executing task "GetPackageDirectory".
       Task "GetPackageDirectory"
       Done executing task "GetPackageDirectory".
       Task "GetPackageDirectory"
       Done executing task "GetPackageDirectory".
       Task "GetPackageDirectory"
       Done executing task "GetPackageDirectory".
       Task "GetPackageDirectory"
       Done executing task "GetPackageDirectory".
       Task "GetPackageDirectory"
       Done executing task "GetPackageDirectory".
       Task "GetPackageDirectory"
       Done executing task "GetPackageDirectory".
       Task "GetPackageDirectory"
       Done executing task "GetPackageDirectory".
       Task "GetPackageDirectory"
       Done executing task "GetPackageDirectory".
       Task "GetPackageDirectory"
       Done executing task "GetPackageDirectory".
       Using "ResolveFrameworkReferences" task from assembly "/usr/local/share/dotnet/sdk/9.0.200/Sdks/Microsoft.NET.Sdk/targets/../tools/net9.0/Microsoft.NET.Build.Tasks.dll".
       Task "ResolveFrameworkReferences"
       Done executing task "ResolveFrameworkReferences".
   9:7>Done building target "ResolveFrameworkReferences" in project "DeventSoft.RoadmapSkills.Users.Domain.csproj".
   9:7>Target "ResolveTargetingPackAssets" in file "/usr/local/share/dotnet/sdk/9.0.200/Sdks/Microsoft.NET.Sdk/targets/Microsoft.NET.Sdk.FrameworkReferenceResolution.targets" from project "/Users/dacanetdev/Dev/AIGenerated/RoadmapSkills/src/Modules/Users/DeventSoft.RoadmapSkills.Users.Domain/DeventSoft.RoadmapSkills.Users.Domain.csproj" (target "_HandlePackageFileConflicts" depends on it):
       Using "ResolveTargetingPackAssets" task from assembly "/usr/local/share/dotnet/sdk/9.0.200/Sdks/Microsoft.NET.Sdk/targets/../tools/net9.0/Microsoft.NET.Build.Tasks.dll".
       Task "ResolveTargetingPackAssets"
       Done executing task "ResolveTargetingPackAssets".
   9:7>Done building target "ResolveTargetingPackAssets" in project "DeventSoft.RoadmapSkills.Users.Domain.csproj".
   9:7>Target "ResolveOffByDefaultAnalyzers" in file "/usr/local/share/dotnet/sdk/9.0.200/Sdks/Microsoft.NET.Sdk/targets/Microsoft.NET.Sdk.FrameworkReferenceResolution.targets" from project "/Users/dacanetdev/Dev/AIGenerated/RoadmapSkills/src/Modules/Users/DeventSoft.RoadmapSkills.Users.Domain/DeventSoft.RoadmapSkills.Users.Domain.csproj" (target "_HandlePackageFileConflicts" depends on it):
   9:7>Done building target "ResolveOffByDefaultAnalyzers" in project "DeventSoft.RoadmapSkills.Users.Domain.csproj".
   9:7>Target "_HandlePackageFileConflicts" in file "/usr/local/share/dotnet/sdk/9.0.200/Sdks/Microsoft.NET.Sdk/targets/Microsoft.NET.ConflictResolution.targets" from project "/Users/dacanetdev/Dev/AIGenerated/RoadmapSkills/src/Modules/Users/DeventSoft.RoadmapSkills.Users.Domain/DeventSoft.RoadmapSkills.Users.Domain.csproj" (target "ResolveAssemblyReferences" depends on it):
       Using "ResolvePackageFileConflicts" task from assembly "/usr/local/share/dotnet/sdk/9.0.200/Sdks/Microsoft.NET.Sdk/targets/../tools/net9.0/Microsoft.NET.Build.Tasks.dll".
       Task "ResolvePackageFileConflicts"
         Encountered conflict between 'Platform:mscorlib.dll' and 'Platform:mscorlib.dll'. Could not determine winner due to equal file and assembly versions.
         Encountered conflict between 'Platform:Microsoft.VisualBasic.dll' and 'Platform:Microsoft.VisualBasic.dll'. Could not determine winner due to equal file and assembly versions.
         Encountered conflict between 'Platform:System.dll' and 'Platform:System.dll'. Could not determine winner due to equal file and assembly versions.
         Encountered conflict between 'Platform:System.ComponentModel.DataAnnotations.dll' and 'Platform:System.ComponentModel.DataAnnotations.dll'. Could not determine winner due to equal file and assembly versions.
         Encountered conflict between 'Platform:System.Configuration.dll' and 'Platform:System.Configuration.dll'. Could not determine winner due to equal file and assembly versions.
         Encountered conflict between 'Platform:System.Core.dll' and 'Platform:System.Core.dll'. Could not determine winner due to equal file and assembly versions.
         Encountered conflict between 'Platform:System.Data.dll' and 'Platform:System.Data.dll'. Could not determine winner due to equal file and assembly versions.
         Encountered conflict between 'Platform:System.Drawing.dll' and 'Platform:System.Drawing.dll'. Could not determine winner due to equal file and assembly versions.
         Encountered conflict between 'Platform:System.IO.Compression.FileSystem.dll' and 'Platform:System.IO.Compression.FileSystem.dll'. Could not determine winner due to equal file and assembly versions.
         Encountered conflict between 'Platform:System.Net.dll' and 'Platform:System.Net.dll'. Could not determine winner due to equal file and assembly versions.
         Encountered conflict between 'Platform:System.Numerics.dll' and 'Platform:System.Numerics.dll'. Could not determine winner due to equal file and assembly versions.
         Encountered conflict between 'Platform:System.Runtime.Serialization.dll' and 'Platform:System.Runtime.Serialization.dll'. Could not determine winner due to equal file and assembly versions.
         Encountered conflict between 'Platform:System.Security.dll' and 'Platform:System.Security.dll'. Could not determine winner due to equal file and assembly versions.
         Encountered conflict between 'Platform:System.ServiceProcess.dll' and 'Platform:System.ServiceProcess.dll'. Could not determine winner due to equal file and assembly versions.
         Encountered conflict between 'Platform:System.ServiceModel.Web.dll' and 'Platform:System.ServiceModel.Web.dll'. Could not determine winner due to equal file and assembly versions.
         Encountered conflict between 'Platform:System.Transactions.dll' and 'Platform:System.Transactions.dll'. Could not determine winner due to equal file and assembly versions.
         Encountered conflict between 'Platform:System.Web.dll' and 'Platform:System.Web.dll'. Could not determine winner due to equal file and assembly versions.
         Encountered conflict between 'Platform:System.Windows.dll' and 'Platform:System.Windows.dll'. Could not determine winner due to equal file and assembly versions.
         Encountered conflict between 'Platform:System.Xml.dll' and 'Platform:System.Xml.dll'. Could not determine winner due to equal file and assembly versions.
         Encountered conflict between 'Platform:System.Xml.Serialization.dll' and 'Platform:System.Xml.Serialization.dll'. Could not determine winner due to equal file and assembly versions.
         Encountered conflict between 'Platform:System.Xml.Linq.dll' and 'Platform:System.Xml.Linq.dll'. Could not determine winner due to equal file and assembly versions.
         Encountered conflict between 'Platform:WindowsBase.dll' and 'Platform:WindowsBase.dll'. Could not determine winner due to equal file and assembly versions.
         Encountered conflict between 'Platform:netstandard.dll' and 'Platform:netstandard.dll'. Could not determine winner due to equal file and assembly versions.
         Encountered conflict between 'Platform:System.Private.CoreLib.dll' and 'Platform:System.Private.CoreLib.dll'. Could not determine winner due to equal file and assembly versions.
         Encountered conflict between 'Platform:System.Private.DataContractSerialization.dll' and 'Platform:System.Private.DataContractSerialization.dll'. Could not determine winner due to equal file and assembly versions.
         Encountered conflict between 'Platform:System.Private.Uri.dll' and 'Platform:System.Private.Uri.dll'. Could not determine winner due to equal file and assembly versions.
         Encountered conflict between 'Platform:System.Private.Xml.dll' and 'Platform:System.Private.Xml.dll'. Could not determine winner due to equal file and assembly versions.
         Encountered conflict between 'Platform:System.Private.Xml.Linq.dll' and 'Platform:System.Private.Xml.Linq.dll'. Could not determine winner due to equal file and assembly versions.
         Encountered conflict between 'Platform:mscordaccore_amd64_amd64_8.0.1325.6609.dll' and 'Platform:mscordaccore_amd64_amd64_8.0.1325.6609.dll'. Could not determine winner due to equal file and assembly versions.
       Done executing task "ResolvePackageFileConflicts".
   9:7>Done building target "_HandlePackageFileConflicts" in project "DeventSoft.RoadmapSkills.Users.Domain.csproj".
       Target "ResolveTargetingPackAssets" skipped. Previously built successfully.
   9:7>Target "ResolveAssemblyReferences" in file "/usr/local/share/dotnet/sdk/9.0.200/Microsoft.Common.CurrentVersion.targets" from project "/Users/dacanetdev/Dev/AIGenerated/RoadmapSkills/src/Modules/Users/DeventSoft.RoadmapSkills.Users.Domain/DeventSoft.RoadmapSkills.Users.Domain.csproj" (target "ResolveReferences" depends on it):
       Task "ResolveAssemblyReference"
         TargetFrameworkMoniker:
             .NETCoreApp,Version=v8.0
         TargetFrameworkMonikerDisplayName:
             .NET 8.0
         TargetedRuntimeVersion:
             
         Assemblies:
             /Users/dacanetdev/.nuget/packages/microsoft.netcore.app.ref/8.0.13/ref/net8.0/Microsoft.CSharp.dll
                 Private = 'false'
             /Users/dacanetdev/.nuget/packages/microsoft.netcore.app.ref/8.0.13/ref/net8.0/Microsoft.VisualBasic.Core.dll
                 Private = 'false'
             /Users/dacanetdev/.nuget/packages/microsoft.netcore.app.ref/8.0.13/ref/net8.0/Microsoft.VisualBasic.dll
                 Private = 'false'
             /Users/dacanetdev/.nuget/packages/microsoft.netcore.app.ref/8.0.13/ref/net8.0/Microsoft.Win32.Primitives.dll
                 Private = 'false'
             /Users/dacanetdev/.nuget/packages/microsoft.netcore.app.ref/8.0.13/ref/net8.0/Microsoft.Win32.Registry.dll
                 Private = 'false'
             /Users/dacanetdev/.nuget/packages/microsoft.netcore.app.ref/8.0.13/ref/net8.0/System.AppContext.dll
                 Private = 'false'
             /Users/dacanetdev/.nuget/packages/microsoft.netcore.app.ref/8.0.13/ref/net8.0/System.Buffers.dll
                 Private = 'false'
             /Users/dacanetdev/.nuget/packages/microsoft.netcore.app.ref/8.0.13/ref/net8.0/System.Collections.Concurrent.dll
                 Private = 'false'
             /Users/dacanetdev/.nuget/packages/microsoft.netcore.app.ref/8.0.13/ref/net8.0/System.Collections.Immutable.dll
                 Private = 'false'
             /Users/dacanetdev/.nuget/packages/microsoft.netcore.app.ref/8.0.13/ref/net8.0/System.Collections.NonGeneric.dll
                 Private = 'false'
             /Users/dacanetdev/.nuget/packages/microsoft.netcore.app.ref/8.0.13/ref/net8.0/System.Collections.Specialized.dll
                 Private = 'false'
             /Users/dacanetdev/.nuget/packages/microsoft.netcore.app.ref/8.0.13/ref/net8.0/System.Collections.dll
                 Private = 'false'
             /Users/dacanetdev/.nuget/packages/microsoft.netcore.app.ref/8.0.13/ref/net8.0/System.ComponentModel.Annotations.dll
                 Private = 'false'
             /Users/dacanetdev/.nuget/packages/microsoft.netcore.app.ref/8.0.13/ref/net8.0/System.ComponentModel.DataAnnotations.dll
                 Private = 'false'
             /Users/dacanetdev/.nuget/packages/microsoft.netcore.app.ref/8.0.13/ref/net8.0/System.ComponentModel.EventBasedAsync.dll
                 Private = 'false'
             /Users/dacanetdev/.nuget/packages/microsoft.netcore.app.ref/8.0.13/ref/net8.0/System.ComponentModel.Primitives.dll
                 Private = 'false'
             /Users/dacanetdev/.nuget/packages/microsoft.netcore.app.ref/8.0.13/ref/net8.0/System.ComponentModel.TypeConverter.dll
                 Private = 'false'
             /Users/dacanetdev/.nuget/packages/microsoft.netcore.app.ref/8.0.13/ref/net8.0/System.ComponentModel.dll
                 Private = 'false'
             /Users/dacanetdev/.nuget/packages/microsoft.netcore.app.ref/8.0.13/ref/net8.0/System.Configuration.dll
                 Private = 'false'
             /Users/dacanetdev/.nuget/packages/microsoft.netcore.app.ref/8.0.13/ref/net8.0/System.Console.dll
                 Private = 'false'
             /Users/dacanetdev/.nuget/packages/microsoft.netcore.app.ref/8.0.13/ref/net8.0/System.Core.dll
                 Private = 'false'
             /Users/dacanetdev/.nuget/packages/microsoft.netcore.app.ref/8.0.13/ref/net8.0/System.Data.Common.dll
                 Private = 'false'
             /Users/dacanetdev/.nuget/packages/microsoft.netcore.app.ref/8.0.13/ref/net8.0/System.Data.DataSetExtensions.dll
                 Private = 'false'
             /Users/dacanetdev/.nuget/packages/microsoft.netcore.app.ref/8.0.13/ref/net8.0/System.Data.dll
                 Private = 'false'
             /Users/dacanetdev/.nuget/packages/microsoft.netcore.app.ref/8.0.13/ref/net8.0/System.Diagnostics.Contracts.dll
                 Private = 'false'
             /Users/dacanetdev/.nuget/packages/microsoft.netcore.app.ref/8.0.13/ref/net8.0/System.Diagnostics.Debug.dll
                 Private = 'false'
             /Users/dacanetdev/.nuget/packages/microsoft.netcore.app.ref/8.0.13/ref/net8.0/System.Diagnostics.DiagnosticSource.dll
                 Private = 'false'
             /Users/dacanetdev/.nuget/packages/microsoft.netcore.app.ref/8.0.13/ref/net8.0/System.Diagnostics.FileVersionInfo.dll
                 Private = 'false'
             /Users/dacanetdev/.nuget/packages/microsoft.netcore.app.ref/8.0.13/ref/net8.0/System.Diagnostics.Process.dll
                 Private = 'false'
             /Users/dacanetdev/.nuget/packages/microsoft.netcore.app.ref/8.0.13/ref/net8.0/System.Diagnostics.StackTrace.dll
                 Private = 'false'
             /Users/dacanetdev/.nuget/packages/microsoft.netcore.app.ref/8.0.13/ref/net8.0/System.Diagnostics.TextWriterTraceListener.dll
                 Private = 'false'
             /Users/dacanetdev/.nuget/packages/microsoft.netcore.app.ref/8.0.13/ref/net8.0/System.Diagnostics.Tools.dll
                 Private = 'false'
             /Users/dacanetdev/.nuget/packages/microsoft.netcore.app.ref/8.0.13/ref/net8.0/System.Diagnostics.TraceSource.dll
                 Private = 'false'
             /Users/dacanetdev/.nuget/packages/microsoft.netcore.app.ref/8.0.13/ref/net8.0/System.Diagnostics.Tracing.dll
                 Private = 'false'
             /Users/dacanetdev/.nuget/packages/microsoft.netcore.app.ref/8.0.13/ref/net8.0/System.Drawing.Primitives.dll
                 Private = 'false'
             /Users/dacanetdev/.nuget/packages/microsoft.netcore.app.ref/8.0.13/ref/net8.0/System.Drawing.dll
                 Private = 'false'
             /Users/dacanetdev/.nuget/packages/microsoft.netcore.app.ref/8.0.13/ref/net8.0/System.Dynamic.Runtime.dll
                 Private = 'false'
             /Users/dacanetdev/.nuget/packages/microsoft.netcore.app.ref/8.0.13/ref/net8.0/System.Formats.Asn1.dll
                 Private = 'false'
             /Users/dacanetdev/.nuget/packages/microsoft.netcore.app.ref/8.0.13/ref/net8.0/System.Formats.Tar.dll
                 Private = 'false'
             /Users/dacanetdev/.nuget/packages/microsoft.netcore.app.ref/8.0.13/ref/net8.0/System.Globalization.Calendars.dll
                 Private = 'false'
             /Users/dacanetdev/.nuget/packages/microsoft.netcore.app.ref/8.0.13/ref/net8.0/System.Globalization.Extensions.dll
                 Private = 'false'
             /Users/dacanetdev/.nuget/packages/microsoft.netcore.app.ref/8.0.13/ref/net8.0/System.Globalization.dll
                 Private = 'false'
             /Users/dacanetdev/.nuget/packages/microsoft.netcore.app.ref/8.0.13/ref/net8.0/System.IO.Compression.Brotli.dll
                 Private = 'false'
             /Users/dacanetdev/.nuget/packages/microsoft.netcore.app.ref/8.0.13/ref/net8.0/System.IO.Compression.FileSystem.dll
                 Private = 'false'
             /Users/dacanetdev/.nuget/packages/microsoft.netcore.app.ref/8.0.13/ref/net8.0/System.IO.Compression.ZipFile.dll
                 Private = 'false'
             /Users/dacanetdev/.nuget/packages/microsoft.netcore.app.ref/8.0.13/ref/net8.0/System.IO.Compression.dll
                 Private = 'false'
             /Users/dacanetdev/.nuget/packages/microsoft.netcore.app.ref/8.0.13/ref/net8.0/System.IO.FileSystem.AccessControl.dll
                 Private = 'false'
             /Users/dacanetdev/.nuget/packages/microsoft.netcore.app.ref/8.0.13/ref/net8.0/System.IO.FileSystem.DriveInfo.dll
                 Private = 'false'
             /Users/dacanetdev/.nuget/packages/microsoft.netcore.app.ref/8.0.13/ref/net8.0/System.IO.FileSystem.Primitives.dll
                 Private = 'false'
             /Users/dacanetdev/.nuget/packages/microsoft.netcore.app.ref/8.0.13/ref/net8.0/System.IO.FileSystem.Watcher.dll
                 Private = 'false'
             /Users/dacanetdev/.nuget/packages/microsoft.netcore.app.ref/8.0.13/ref/net8.0/System.IO.FileSystem.dll
                 Private = 'false'
             /Users/dacanetdev/.nuget/packages/microsoft.netcore.app.ref/8.0.13/ref/net8.0/System.IO.IsolatedStorage.dll
                 Private = 'false'
             /Users/dacanetdev/.nuget/packages/microsoft.netcore.app.ref/8.0.13/ref/net8.0/System.IO.MemoryMappedFiles.dll
                 Private = 'false'
             /Users/dacanetdev/.nuget/packages/microsoft.netcore.app.ref/8.0.13/ref/net8.0/System.IO.Pipes.AccessControl.dll
                 Private = 'false'
             /Users/dacanetdev/.nuget/packages/microsoft.netcore.app.ref/8.0.13/ref/net8.0/System.IO.Pipes.dll
                 Private = 'false'
             /Users/dacanetdev/.nuget/packages/microsoft.netcore.app.ref/8.0.13/ref/net8.0/System.IO.UnmanagedMemoryStream.dll
                 Private = 'false'
             /Users/dacanetdev/.nuget/packages/microsoft.netcore.app.ref/8.0.13/ref/net8.0/System.IO.dll
                 Private = 'false'
             /Users/dacanetdev/.nuget/packages/microsoft.netcore.app.ref/8.0.13/ref/net8.0/System.Linq.Expressions.dll
                 Private = 'false'
             /Users/dacanetdev/.nuget/packages/microsoft.netcore.app.ref/8.0.13/ref/net8.0/System.Linq.Parallel.dll
                 Private = 'false'
             /Users/dacanetdev/.nuget/packages/microsoft.netcore.app.ref/8.0.13/ref/net8.0/System.Linq.Queryable.dll
                 Private = 'false'
             /Users/dacanetdev/.nuget/packages/microsoft.netcore.app.ref/8.0.13/ref/net8.0/System.Linq.dll
                 Private = 'false'
             /Users/dacanetdev/.nuget/packages/microsoft.netcore.app.ref/8.0.13/ref/net8.0/System.Memory.dll
                 Private = 'false'
             /Users/dacanetdev/.nuget/packages/microsoft.netcore.app.ref/8.0.13/ref/net8.0/System.Net.Http.Json.dll
                 Private = 'false'
             /Users/dacanetdev/.nuget/packages/microsoft.netcore.app.ref/8.0.13/ref/net8.0/System.Net.Http.dll
                 Private = 'false'
             /Users/dacanetdev/.nuget/packages/microsoft.netcore.app.ref/8.0.13/ref/net8.0/System.Net.HttpListener.dll
                 Private = 'false'
             /Users/dacanetdev/.nuget/packages/microsoft.netcore.app.ref/8.0.13/ref/net8.0/System.Net.Mail.dll
                 Private = 'false'
             /Users/dacanetdev/.nuget/packages/microsoft.netcore.app.ref/8.0.13/ref/net8.0/System.Net.NameResolution.dll
                 Private = 'false'
             /Users/dacanetdev/.nuget/packages/microsoft.netcore.app.ref/8.0.13/ref/net8.0/System.Net.NetworkInformation.dll
                 Private = 'false'
             /Users/dacanetdev/.nuget/packages/microsoft.netcore.app.ref/8.0.13/ref/net8.0/System.Net.Ping.dll
                 Private = 'false'
             /Users/dacanetdev/.nuget/packages/microsoft.netcore.app.ref/8.0.13/ref/net8.0/System.Net.Primitives.dll
                 Private = 'false'
             /Users/dacanetdev/.nuget/packages/microsoft.netcore.app.ref/8.0.13/ref/net8.0/System.Net.Quic.dll
                 Private = 'false'
             /Users/dacanetdev/.nuget/packages/microsoft.netcore.app.ref/8.0.13/ref/net8.0/System.Net.Requests.dll
                 Private = 'false'
             /Users/dacanetdev/.nuget/packages/microsoft.netcore.app.ref/8.0.13/ref/net8.0/System.Net.Security.dll
                 Private = 'false'
             /Users/dacanetdev/.nuget/packages/microsoft.netcore.app.ref/8.0.13/ref/net8.0/System.Net.ServicePoint.dll
                 Private = 'false'
             /Users/dacanetdev/.nuget/packages/microsoft.netcore.app.ref/8.0.13/ref/net8.0/System.Net.Sockets.dll
                 Private = 'false'
             /Users/dacanetdev/.nuget/packages/microsoft.netcore.app.ref/8.0.13/ref/net8.0/System.Net.WebClient.dll
                 Private = 'false'
             /Users/dacanetdev/.nuget/packages/microsoft.netcore.app.ref/8.0.13/ref/net8.0/System.Net.WebHeaderCollection.dll
                 Private = 'false'
             /Users/dacanetdev/.nuget/packages/microsoft.netcore.app.ref/8.0.13/ref/net8.0/System.Net.WebProxy.dll
                 Private = 'false'
             /Users/dacanetdev/.nuget/packages/microsoft.netcore.app.ref/8.0.13/ref/net8.0/System.Net.WebSockets.Client.dll
                 Private = 'false'
             /Users/dacanetdev/.nuget/packages/microsoft.netcore.app.ref/8.0.13/ref/net8.0/System.Net.WebSockets.dll
                 Private = 'false'
             /Users/dacanetdev/.nuget/packages/microsoft.netcore.app.ref/8.0.13/ref/net8.0/System.Net.dll
                 Private = 'false'
             /Users/dacanetdev/.nuget/packages/microsoft.netcore.app.ref/8.0.13/ref/net8.0/System.Numerics.Vectors.dll
                 Private = 'false'
             /Users/dacanetdev/.nuget/packages/microsoft.netcore.app.ref/8.0.13/ref/net8.0/System.Numerics.dll
                 Private = 'false'
             /Users/dacanetdev/.nuget/packages/microsoft.netcore.app.ref/8.0.13/ref/net8.0/System.ObjectModel.dll
                 Private = 'false'
             /Users/dacanetdev/.nuget/packages/microsoft.netcore.app.ref/8.0.13/ref/net8.0/System.Reflection.DispatchProxy.dll
                 Private = 'false'
             /Users/dacanetdev/.nuget/packages/microsoft.netcore.app.ref/8.0.13/ref/net8.0/System.Reflection.Emit.ILGeneration.dll
                 Private = 'false'
             /Users/dacanetdev/.nuget/packages/microsoft.netcore.app.ref/8.0.13/ref/net8.0/System.Reflection.Emit.Lightweight.dll
                 Private = 'false'
             /Users/dacanetdev/.nuget/packages/microsoft.netcore.app.ref/8.0.13/ref/net8.0/System.Reflection.Emit.dll
                 Private = 'false'
             /Users/dacanetdev/.nuget/packages/microsoft.netcore.app.ref/8.0.13/ref/net8.0/System.Reflection.Extensions.dll
                 Private = 'false'
             /Users/dacanetdev/.nuget/packages/microsoft.netcore.app.ref/8.0.13/ref/net8.0/System.Reflection.Metadata.dll
                 Private = 'false'
             /Users/dacanetdev/.nuget/packages/microsoft.netcore.app.ref/8.0.13/ref/net8.0/System.Reflection.Primitives.dll
                 Private = 'false'
             /Users/dacanetdev/.nuget/packages/microsoft.netcore.app.ref/8.0.13/ref/net8.0/System.Reflection.TypeExtensions.dll
                 Private = 'false'
             /Users/dacanetdev/.nuget/packages/microsoft.netcore.app.ref/8.0.13/ref/net8.0/System.Reflection.dll
                 Private = 'false'
             /Users/dacanetdev/.nuget/packages/microsoft.netcore.app.ref/8.0.13/ref/net8.0/System.Resources.Reader.dll
                 Private = 'false'
             /Users/dacanetdev/.nuget/packages/microsoft.netcore.app.ref/8.0.13/ref/net8.0/System.Resources.ResourceManager.dll
                 Private = 'false'
             /Users/dacanetdev/.nuget/packages/microsoft.netcore.app.ref/8.0.13/ref/net8.0/System.Resources.Writer.dll
                 Private = 'false'
             /Users/dacanetdev/.nuget/packages/microsoft.netcore.app.ref/8.0.13/ref/net8.0/System.Runtime.CompilerServices.Unsafe.dll
                 Private = 'false'
             /Users/dacanetdev/.nuget/packages/microsoft.netcore.app.ref/8.0.13/ref/net8.0/System.Runtime.CompilerServices.VisualC.dll
                 Private = 'false'
             /Users/dacanetdev/.nuget/packages/microsoft.netcore.app.ref/8.0.13/ref/net8.0/System.Runtime.Extensions.dll
                 Private = 'false'
             /Users/dacanetdev/.nuget/packages/microsoft.netcore.app.ref/8.0.13/ref/net8.0/System.Runtime.Handles.dll
                 Private = 'false'
             /Users/dacanetdev/.nuget/packages/microsoft.netcore.app.ref/8.0.13/ref/net8.0/System.Runtime.InteropServices.JavaScript.dll
                 Private = 'false'
             /Users/dacanetdev/.nuget/packages/microsoft.netcore.app.ref/8.0.13/ref/net8.0/System.Runtime.InteropServices.RuntimeInformation.dll
                 Private = 'false'
             /Users/dacanetdev/.nuget/packages/microsoft.netcore.app.ref/8.0.13/ref/net8.0/System.Runtime.InteropServices.dll
                 Private = 'false'
             /Users/dacanetdev/.nuget/packages/microsoft.netcore.app.ref/8.0.13/ref/net8.0/System.Runtime.Intrinsics.dll
                 Private = 'false'
             /Users/dacanetdev/.nuget/packages/microsoft.netcore.app.ref/8.0.13/ref/net8.0/System.Runtime.Loader.dll
                 Private = 'false'
             /Users/dacanetdev/.nuget/packages/microsoft.netcore.app.ref/8.0.13/ref/net8.0/System.Runtime.Numerics.dll
                 Private = 'false'
             /Users/dacanetdev/.nuget/packages/microsoft.netcore.app.ref/8.0.13/ref/net8.0/System.Runtime.Serialization.Formatters.dll
                 Private = 'false'
             /Users/dacanetdev/.nuget/packages/microsoft.netcore.app.ref/8.0.13/ref/net8.0/System.Runtime.Serialization.Json.dll
                 Private = 'false'
             /Users/dacanetdev/.nuget/packages/microsoft.netcore.app.ref/8.0.13/ref/net8.0/System.Runtime.Serialization.Primitives.dll
                 Private = 'false'
             /Users/dacanetdev/.nuget/packages/microsoft.netcore.app.ref/8.0.13/ref/net8.0/System.Runtime.Serialization.Xml.dll
                 Private = 'false'
             /Users/dacanetdev/.nuget/packages/microsoft.netcore.app.ref/8.0.13/ref/net8.0/System.Runtime.Serialization.dll
                 Private = 'false'
             /Users/dacanetdev/.nuget/packages/microsoft.netcore.app.ref/8.0.13/ref/net8.0/System.Runtime.dll
                 Private = 'false'
             /Users/dacanetdev/.nuget/packages/microsoft.netcore.app.ref/8.0.13/ref/net8.0/System.Security.AccessControl.dll
                 Private = 'false'
             /Users/dacanetdev/.nuget/packages/microsoft.netcore.app.ref/8.0.13/ref/net8.0/System.Security.Claims.dll
                 Private = 'false'
             /Users/dacanetdev/.nuget/packages/microsoft.netcore.app.ref/8.0.13/ref/net8.0/System.Security.Cryptography.Algorithms.dll
                 Private = 'false'
             /Users/dacanetdev/.nuget/packages/microsoft.netcore.app.ref/8.0.13/ref/net8.0/System.Security.Cryptography.Cng.dll
                 Private = 'false'
             /Users/dacanetdev/.nuget/packages/microsoft.netcore.app.ref/8.0.13/ref/net8.0/System.Security.Cryptography.Csp.dll
                 Private = 'false'
             /Users/dacanetdev/.nuget/packages/microsoft.netcore.app.ref/8.0.13/ref/net8.0/System.Security.Cryptography.Encoding.dll
                 Private = 'false'
             /Users/dacanetdev/.nuget/packages/microsoft.netcore.app.ref/8.0.13/ref/net8.0/System.Security.Cryptography.OpenSsl.dll
                 Private = 'false'
             /Users/dacanetdev/.nuget/packages/microsoft.netcore.app.ref/8.0.13/ref/net8.0/System.Security.Cryptography.Primitives.dll
                 Private = 'false'
             /Users/dacanetdev/.nuget/packages/microsoft.netcore.app.ref/8.0.13/ref/net8.0/System.Security.Cryptography.X509Certificates.dll
                 Private = 'false'
             /Users/dacanetdev/.nuget/packages/microsoft.netcore.app.ref/8.0.13/ref/net8.0/System.Security.Cryptography.dll
                 Private = 'false'
             /Users/dacanetdev/.nuget/packages/microsoft.netcore.app.ref/8.0.13/ref/net8.0/System.Security.Principal.Windows.dll
                 Private = 'false'
             /Users/dacanetdev/.nuget/packages/microsoft.netcore.app.ref/8.0.13/ref/net8.0/System.Security.Principal.dll
                 Private = 'false'
             /Users/dacanetdev/.nuget/packages/microsoft.netcore.app.ref/8.0.13/ref/net8.0/System.Security.SecureString.dll
                 Private = 'false'
             /Users/dacanetdev/.nuget/packages/microsoft.netcore.app.ref/8.0.13/ref/net8.0/System.Security.dll
                 Private = 'false'
             /Users/dacanetdev/.nuget/packages/microsoft.netcore.app.ref/8.0.13/ref/net8.0/System.ServiceModel.Web.dll
                 Private = 'false'
             /Users/dacanetdev/.nuget/packages/microsoft.netcore.app.ref/8.0.13/ref/net8.0/System.ServiceProcess.dll
                 Private = 'false'
             /Users/dacanetdev/.nuget/packages/microsoft.netcore.app.ref/8.0.13/ref/net8.0/System.Text.Encoding.CodePages.dll
                 Private = 'false'
             /Users/dacanetdev/.nuget/packages/microsoft.netcore.app.ref/8.0.13/ref/net8.0/System.Text.Encoding.Extensions.dll
                 Private = 'false'
             /Users/dacanetdev/.nuget/packages/microsoft.netcore.app.ref/8.0.13/ref/net8.0/System.Text.Encoding.dll
                 Private = 'false'
             /Users/dacanetdev/.nuget/packages/microsoft.netcore.app.ref/8.0.13/ref/net8.0/System.Text.Encodings.Web.dll
                 Private = 'false'
             /Users/dacanetdev/.nuget/packages/microsoft.netcore.app.ref/8.0.13/ref/net8.0/System.Text.Json.dll
                 Private = 'false'
             /Users/dacanetdev/.nuget/packages/microsoft.netcore.app.ref/8.0.13/ref/net8.0/System.Text.RegularExpressions.dll
                 Private = 'false'
             /Users/dacanetdev/.nuget/packages/microsoft.netcore.app.ref/8.0.13/ref/net8.0/System.Threading.Channels.dll
                 Private = 'false'
             /Users/dacanetdev/.nuget/packages/microsoft.netcore.app.ref/8.0.13/ref/net8.0/System.Threading.Overlapped.dll
                 Private = 'false'
             /Users/dacanetdev/.nuget/packages/microsoft.netcore.app.ref/8.0.13/ref/net8.0/System.Threading.Tasks.Dataflow.dll
                 Private = 'false'
             /Users/dacanetdev/.nuget/packages/microsoft.netcore.app.ref/8.0.13/ref/net8.0/System.Threading.Tasks.Extensions.dll
                 Private = 'false'
             /Users/dacanetdev/.nuget/packages/microsoft.netcore.app.ref/8.0.13/ref/net8.0/System.Threading.Tasks.Parallel.dll
                 Private = 'false'
             /Users/dacanetdev/.nuget/packages/microsoft.netcore.app.ref/8.0.13/ref/net8.0/System.Threading.Tasks.dll
                 Private = 'false'
             /Users/dacanetdev/.nuget/packages/microsoft.netcore.app.ref/8.0.13/ref/net8.0/System.Threading.Thread.dll
                 Private = 'false'
             /Users/dacanetdev/.nuget/packages/microsoft.netcore.app.ref/8.0.13/ref/net8.0/System.Threading.ThreadPool.dll
                 Private = 'false'
             /Users/dacanetdev/.nuget/packages/microsoft.netcore.app.ref/8.0.13/ref/net8.0/System.Threading.Timer.dll
                 Private = 'false'
             /Users/dacanetdev/.nuget/packages/microsoft.netcore.app.ref/8.0.13/ref/net8.0/System.Threading.dll
                 Private = 'false'
             /Users/dacanetdev/.nuget/packages/microsoft.netcore.app.ref/8.0.13/ref/net8.0/System.Transactions.Local.dll
                 Private = 'false'
             /Users/dacanetdev/.nuget/packages/microsoft.netcore.app.ref/8.0.13/ref/net8.0/System.Transactions.dll
                 Private = 'false'
             /Users/dacanetdev/.nuget/packages/microsoft.netcore.app.ref/8.0.13/ref/net8.0/System.ValueTuple.dll
                 Private = 'false'
             /Users/dacanetdev/.nuget/packages/microsoft.netcore.app.ref/8.0.13/ref/net8.0/System.Web.HttpUtility.dll
                 Private = 'false'
             /Users/dacanetdev/.nuget/packages/microsoft.netcore.app.ref/8.0.13/ref/net8.0/System.Web.dll
                 Private = 'false'
             /Users/dacanetdev/.nuget/packages/microsoft.netcore.app.ref/8.0.13/ref/net8.0/System.Windows.dll
                 Private = 'false'
             /Users/dacanetdev/.nuget/packages/microsoft.netcore.app.ref/8.0.13/ref/net8.0/System.Xml.Linq.dll
                 Private = 'false'
             /Users/dacanetdev/.nuget/packages/microsoft.netcore.app.ref/8.0.13/ref/net8.0/System.Xml.ReaderWriter.dll
                 Private = 'false'
             /Users/dacanetdev/.nuget/packages/microsoft.netcore.app.ref/8.0.13/ref/net8.0/System.Xml.Serialization.dll
                 Private = 'false'
             /Users/dacanetdev/.nuget/packages/microsoft.netcore.app.ref/8.0.13/ref/net8.0/System.Xml.XDocument.dll
                 Private = 'false'
             /Users/dacanetdev/.nuget/packages/microsoft.netcore.app.ref/8.0.13/ref/net8.0/System.Xml.XPath.XDocument.dll
                 Private = 'false'
             /Users/dacanetdev/.nuget/packages/microsoft.netcore.app.ref/8.0.13/ref/net8.0/System.Xml.XPath.dll
                 Private = 'false'
             /Users/dacanetdev/.nuget/packages/microsoft.netcore.app.ref/8.0.13/ref/net8.0/System.Xml.XmlDocument.dll
                 Private = 'false'
             /Users/dacanetdev/.nuget/packages/microsoft.netcore.app.ref/8.0.13/ref/net8.0/System.Xml.XmlSerializer.dll
                 Private = 'false'
             /Users/dacanetdev/.nuget/packages/microsoft.netcore.app.ref/8.0.13/ref/net8.0/System.Xml.dll
                 Private = 'false'
             /Users/dacanetdev/.nuget/packages/microsoft.netcore.app.ref/8.0.13/ref/net8.0/System.dll
                 Private = 'false'
             /Users/dacanetdev/.nuget/packages/microsoft.netcore.app.ref/8.0.13/ref/net8.0/WindowsBase.dll
                 Private = 'false'
             /Users/dacanetdev/.nuget/packages/microsoft.netcore.app.ref/8.0.13/ref/net8.0/mscorlib.dll
                 Private = 'false'
             /Users/dacanetdev/.nuget/packages/microsoft.netcore.app.ref/8.0.13/ref/net8.0/netstandard.dll
                 Private = 'false'
         AssemblyFiles:
             /Users/dacanetdev/Dev/AIGenerated/RoadmapSkills/src/Shared/DeventSoft.RoadmapSkills.Shared.Domain/bin/Debug/net8.0/DeventSoft.RoadmapSkills.Shared.Domain.dll
         CandidateAssemblyFiles:
         TargetFrameworkDirectories:
             
         InstalledAssemblyTables:
         IgnoreInstalledAssemblyTable:
             False
         SearchPaths:
             {CandidateAssemblyFiles}
             {HintPathFromItem}
             {TargetFrameworkDirectory}
             {RawFileName}
         AllowedAssemblyExtensions:
             .winmd
             .dll
             .exe
         AllowedRelatedFileExtensions:
             .pdb
             .xml
             .pri
             .dll.config
             .exe.config
         AppConfigFile:
             
         AutoUnify:
             True
         CopyLocalDependenciesWhenParentReferenceInGac:
             True
         FindDependencies:
             True
         TargetProcessorArchitecture:
             msil
         StateFile:
             obj/Debug/net8.0/DeventSoft.RoadmapSkills.Users.Domain.csproj.AssemblyReference.cache
         InstalledAssemblySubsetTables:
         IgnoreInstalledAssemblySubsetTable:
             False
         TargetFrameworkSubsets:
         FullTargetFrameworkSubsetNames:
             Full
         ProfileName:
             
         FullFrameworkFolders:
         LatestTargetFrameworkDirectories:
         ProfileTablesLocation:
   8:6>Done executing task "ResolveAppHosts".
   8:6>Done building target "ProcessFrameworkReferences" in project "DeventSoft.RoadmapSkills.BlazorApp.csproj".
       Target "IncludeTargetingPackReference" skipped, due to false condition; ('$(TargetFrameworkMoniker)' != '' and '$(TargetFrameworkIdentifier)' == '.NETFramework' and '$(AutomaticallyUseReferenceAssemblyPackages)' == 'true') was evaluated as ('.NETCoreApp,Version=v8.0' != '' and '.NETCoreApp' == '.NETFramework' and 'true' == 'true').
       Target "_CheckMicrosoftNetCompilersToolsetFrameworkPackageReference" skipped, due to false condition; ('$(MSBuildRuntimeType)' == 'Full') was evaluated as ('Core' == 'Full').
   8:6>Target "_CheckForObsoleteDotNetCliToolReferences" in file "/usr/local/share/dotnet/sdk/9.0.200/Sdks/Microsoft.NET.Sdk/targets/Microsoft.NET.ObsoleteReferences.targets" from project "/Users/dacanetdev/Dev/AIGenerated/RoadmapSkills/src/DeventSoft.RoadmapSkills.BlazorApp/DeventSoft.RoadmapSkills.BlazorApp.csproj" (target "CollectPackageReferences" depends on it):
       Task "NETSdkWarning" skipped, due to false condition; ( '%(_ReferenceToObsoleteDotNetCliTool.Identity)' != '' ) was evaluated as ( '' != '' ).
   8:6>Done building target "_CheckForObsoleteDotNetCliToolReferences" in project "DeventSoft.RoadmapSkills.BlazorApp.csproj".
   8:6>Target "CollectPackageReferences" in file "/usr/local/share/dotnet/sdk/9.0.200/NuGet.targets" from project "/Users/dacanetdev/Dev/AIGenerated/RoadmapSkills/src/DeventSoft.RoadmapSkills.BlazorApp/DeventSoft.RoadmapSkills.BlazorApp.csproj" (target "_GetRestoreProjectStyle" depends on it):
       Using "CheckForDuplicateNuGetItemsTask" task from assembly "/usr/local/share/dotnet/sdk/9.0.200/NuGet.Build.Tasks.dll".
       Task "CheckForDuplicateNuGetItemsTask"
       Done executing task "CheckForDuplicateNuGetItemsTask".
   8:6>Done building target "CollectPackageReferences" in project "DeventSoft.RoadmapSkills.BlazorApp.csproj".
   8:6>Target "_GetRestoreProjectStyle" in file "/usr/local/share/dotnet/sdk/9.0.200/NuGet.targets" from project "/Users/dacanetdev/Dev/AIGenerated/RoadmapSkills/src/DeventSoft.RoadmapSkills.BlazorApp/DeventSoft.RoadmapSkills.BlazorApp.csproj" (target "EnableIntermediateOutputPathMismatchWarning" depends on it):
       Using "GetRestoreProjectStyleTask" task from assembly "/usr/local/share/dotnet/sdk/9.0.200/NuGet.Build.Tasks.dll".
       Task "GetRestoreProjectStyleTask"
   9:7>ResolveAssemblyReferences:
         Primary reference "DeventSoft.RoadmapSkills.Shared.Domain, Version=1.0.0.0, Culture=neutral, PublicKeyToken=null".
             Resolved file path is "/Users/dacanetdev/Dev/AIGenerated/RoadmapSkills/src/Shared/DeventSoft.RoadmapSkills.Shared.Domain/bin/Debug/net8.0/DeventSoft.RoadmapSkills.Shared.Domain.dll".
             Reference found at search path location "/Users/dacanetdev/Dev/AIGenerated/RoadmapSkills/src/Shared/DeventSoft.RoadmapSkills.Shared.Domain/bin/Debug/net8.0/DeventSoft.RoadmapSkills.Shared.Domain.dll".
             Found related file "/Users/dacanetdev/Dev/AIGenerated/RoadmapSkills/src/Shared/DeventSoft.RoadmapSkills.Shared.Domain/bin/Debug/net8.0/DeventSoft.RoadmapSkills.Shared.Domain.pdb".
             The ImageRuntimeVersion for this reference is "".
         Primary reference "Microsoft.CSharp, Version=8.0.0.0, Culture=neutral, PublicKeyToken=b03f5f7f11d50a3a".
             Resolved file path is "/Users/dacanetdev/.nuget/packages/microsoft.netcore.app.ref/8.0.13/ref/net8.0/Microsoft.CSharp.dll".
             Reference found at search path location "{RawFileName}".
             This reference is not "CopyLocal" because at least one source item had "Private" set to "false" and no source items had "Private" set to "true".
             The ImageRuntimeVersion for this reference is "".
         Primary reference "Microsoft.VisualBasic.Core, Version=13.0.0.0, Culture=neutral, PublicKeyToken=b03f5f7f11d50a3a".
             Resolved file path is "/Users/dacanetdev/.nuget/packages/microsoft.netcore.app.ref/8.0.13/ref/net8.0/Microsoft.VisualBasic.Core.dll".
             Reference found at search path location "{RawFileName}".
             This reference is not "CopyLocal" because at least one source item had "Private" set to "false" and no source items had "Private" set to "true".
             The ImageRuntimeVersion for this reference is "".
         Primary reference "Microsoft.VisualBasic, Version=10.0.0.0, Culture=neutral, PublicKeyToken=b03f5f7f11d50a3a".
             Resolved file path is "/Users/dacanetdev/.nuget/packages/microsoft.netcore.app.ref/8.0.13/ref/net8.0/Microsoft.VisualBasic.dll".
             Reference found at search path location "{RawFileName}".
             This reference is not "CopyLocal" because at least one source item had "Private" set to "false" and no source items had "Private" set to "true".
             The ImageRuntimeVersion for this reference is "".
         Primary reference "Microsoft.Win32.Primitives, Version=8.0.0.0, Culture=neutral, PublicKeyToken=b03f5f7f11d50a3a".
   8:6>Done executing task "GetRestoreProjectStyleTask".
   9:7>ResolveAssemblyReferences:
             Resolved file path is "/Users/dacanetdev/.nuget/packages/microsoft.netcore.app.ref/8.0.13/ref/net8.0/Microsoft.Win32.Primitives.dll".
             Reference found at search path location "{RawFileName}".
             This reference is not "CopyLocal" because at least one source item had "Private" set to "false" and no source items had "Private" set to "true".
   8:6>Done building target "_GetRestoreProjectStyle" in project "DeventSoft.RoadmapSkills.BlazorApp.csproj".
   9:7>ResolveAssemblyReferences:
             The ImageRuntimeVersion for this reference is "".
         Primary reference "Microsoft.Win32.Registry, Version=8.0.0.0, Culture=neutral, PublicKeyToken=b03f5f7f11d50a3a".
             Resolved file path is "/Users/dacanetdev/.nuget/packages/microsoft.netcore.app.ref/8.0.13/ref/net8.0/Microsoft.Win32.Registry.dll".
   8:6>Target "EnableIntermediateOutputPathMismatchWarning" in file "/usr/local/share/dotnet/sdk/9.0.200/NuGet.targets" from project "/Users/dacanetdev/Dev/AIGenerated/RoadmapSkills/src/DeventSoft.RoadmapSkills.BlazorApp/DeventSoft.RoadmapSkills.BlazorApp.csproj" (target "_CheckForInvalidConfigurationAndPlatform" depends on it):
   8:6>Done building target "EnableIntermediateOutputPathMismatchWarning" in project "DeventSoft.RoadmapSkills.BlazorApp.csproj".
   9:7>ResolveAssemblyReferences:
             Reference found at search path location "{RawFileName}".
             This reference is not "CopyLocal" because at least one source item had "Private" set to "false" and no source items had "Private" set to "true".
   8:6>Target "ApplyImplicitVersions" skipped, due to false condition; ('@(PackageReference)' != '') was evaluated as ('' != '').
       Target "CheckForImplicitPackageReferenceOverrides" skipped. Previously built successfully.
   9:7>ResolveAssemblyReferences:
             The ImageRuntimeVersion for this reference is "".
         Primary reference "System.AppContext, Version=8.0.0.0, Culture=neutral, PublicKeyToken=b03f5f7f11d50a3a".
             Resolved file path is "/Users/dacanetdev/.nuget/packages/microsoft.netcore.app.ref/8.0.13/ref/net8.0/System.AppContext.dll".
             Reference found at search path location "{RawFileName}".
             This reference is not "CopyLocal" because at least one source item had "Private" set to "false" and no source items had "Private" set to "true".
             The ImageRuntimeVersion for this reference is "".
         Primary reference "System.Buffers, Version=8.0.0.0, Culture=neutral, PublicKeyToken=cc7b13ffcd2ddd51".
             Resolved file path is "/Users/dacanetdev/.nuget/packages/microsoft.netcore.app.ref/8.0.13/ref/net8.0/System.Buffers.dll".
             Reference found at search path location "{RawFileName}".
             This reference is not "CopyLocal" because at least one source item had "Private" set to "false" and no source items had "Private" set to "true".
             The ImageRuntimeVersion for this reference is "".
         Primary reference "System.Collections.Concurrent, Version=8.0.0.0, Culture=neutral, PublicKeyToken=b03f5f7f11d50a3a".
             Resolved file path is "/Users/dacanetdev/.nuget/packages/microsoft.netcore.app.ref/8.0.13/ref/net8.0/System.Collections.Concurrent.dll".
             Reference found at search path location "{RawFileName}".
             This reference is not "CopyLocal" because at least one source item had "Private" set to "false" and no source items had "Private" set to "true".
             The ImageRuntimeVersion for this reference is "".
   8:6>Target "CheckForDuplicateItems" in file "/usr/local/share/dotnet/sdk/9.0.200/Sdks/Microsoft.NET.Sdk/targets/Microsoft.NET.Sdk.DefaultItems.Shared.targets" from project "/Users/dacanetdev/Dev/AIGenerated/RoadmapSkills/src/DeventSoft.RoadmapSkills.BlazorApp/DeventSoft.RoadmapSkills.BlazorApp.csproj" (target "_CheckForInvalidConfigurationAndPlatform" depends on it):
   8:6>Using "CheckForDuplicateItems" task from assembly "/usr/local/share/dotnet/sdk/9.0.200/Sdks/Microsoft.NET.Sdk/targets/../tools/net9.0/Microsoft.NET.Build.Tasks.dll".
   9:7>ResolveAssemblyReferences:
         Primary reference "System.Collections.Immutable, Version=8.0.0.0, Culture=neutral, PublicKeyToken=b03f5f7f11d50a3a".
   8:6>Task "CheckForDuplicateItems"
   9:7>ResolveAssemblyReferences:
             Resolved file path is "/Users/dacanetdev/.nuget/packages/microsoft.netcore.app.ref/8.0.13/ref/net8.0/System.Collections.Immutable.dll".
             Reference found at search path location "{RawFileName}".
             This reference is not "CopyLocal" because at least one source item had "Private" set to "false" and no source items had "Private" set to "true".
             The ImageRuntimeVersion for this reference is "".
         Primary reference "System.Collections.NonGeneric, Version=8.0.0.0, Culture=neutral, PublicKeyToken=b03f5f7f11d50a3a".
             Resolved file path is "/Users/dacanetdev/.nuget/packages/microsoft.netcore.app.ref/8.0.13/ref/net8.0/System.Collections.NonGeneric.dll".
             Reference found at search path location "{RawFileName}".
             This reference is not "CopyLocal" because at least one source item had "Private" set to "false" and no source items had "Private" set to "true".
             The ImageRuntimeVersion for this reference is "".
         Primary reference "System.Collections.Specialized, Version=8.0.0.0, Culture=neutral, PublicKeyToken=b03f5f7f11d50a3a".
             Resolved file path is "/Users/dacanetdev/.nuget/packages/microsoft.netcore.app.ref/8.0.13/ref/net8.0/System.Collections.Specialized.dll".
             Reference found at search path location "{RawFileName}".
             This reference is not "CopyLocal" because at least one source item had "Private" set to "false" and no source items had "Private" set to "true".
             The ImageRuntimeVersion for this reference is "".
         Primary reference "System.Collections, Version=8.0.0.0, Culture=neutral, PublicKeyToken=b03f5f7f11d50a3a".
             Resolved file path is "/Users/dacanetdev/.nuget/packages/microsoft.netcore.app.ref/8.0.13/ref/net8.0/System.Collections.dll".
             Reference found at search path location "{RawFileName}".
             This reference is not "CopyLocal" because at least one source item had "Private" set to "false" and no source items had "Private" set to "true".
             The ImageRuntimeVersion for this reference is "".
         Primary reference "System.ComponentModel.Annotations, Version=8.0.0.0, Culture=neutral, PublicKeyToken=b03f5f7f11d50a3a".
             Resolved file path is "/Users/dacanetdev/.nuget/packages/microsoft.netcore.app.ref/8.0.13/ref/net8.0/System.ComponentModel.Annotations.dll".
             Reference found at search path location "{RawFileName}".
             This reference is not "CopyLocal" because at least one source item had "Private" set to "false" and no source items had "Private" set to "true".
             The ImageRuntimeVersion for this reference is "".
         Primary reference "System.ComponentModel.DataAnnotations, Version=4.0.0.0, Culture=neutral, PublicKeyToken=31bf3856ad364e35".
             Resolved file path is "/Users/dacanetdev/.nuget/packages/microsoft.netcore.app.ref/8.0.13/ref/net8.0/System.ComponentModel.DataAnnotations.dll".
             Reference found at search path location "{RawFileName}".
             This reference is not "CopyLocal" because at least one source item had "Private" set to "false" and no source items had "Private" set to "true".
             The ImageRuntimeVersion for this reference is "".
         Primary reference "System.ComponentModel.EventBasedAsync, Version=8.0.0.0, Culture=neutral, PublicKeyToken=b03f5f7f11d50a3a".
             Resolved file path is "/Users/dacanetdev/.nuget/packages/microsoft.netcore.app.ref/8.0.13/ref/net8.0/System.ComponentModel.EventBasedAsync.dll".
   8:6>Done executing task "CheckForDuplicateItems".
   9:7>ResolveAssemblyReferences:
             Reference found at search path location "{RawFileName}".
             This reference is not "CopyLocal" because at least one source item had "Private" set to "false" and no source items had "Private" set to "true".
             The ImageRuntimeVersion for this reference is "".
         Primary reference "System.ComponentModel.Primitives, Version=8.0.0.0, Culture=neutral, PublicKeyToken=b03f5f7f11d50a3a".
             Resolved file path is "/Users/dacanetdev/.nuget/packages/microsoft.netcore.app.ref/8.0.13/ref/net8.0/System.ComponentModel.Primitives.dll".
   8:6>Task "CheckForDuplicateItems"
   9:7>ResolveAssemblyReferences:
             Reference found at search path location "{RawFileName}".
             This reference is not "CopyLocal" because at least one source item had "Private" set to "false" and no source items had "Private" set to "true".
             The ImageRuntimeVersion for this reference is "".
         Primary reference "System.ComponentModel.TypeConverter, Version=8.0.0.0, Culture=neutral, PublicKeyToken=b03f5f7f11d50a3a".
             Resolved file path is "/Users/dacanetdev/.nuget/packages/microsoft.netcore.app.ref/8.0.13/ref/net8.0/System.ComponentModel.TypeConverter.dll".
             Reference found at search path location "{RawFileName}".
             This reference is not "CopyLocal" because at least one source item had "Private" set to "false" and no source items had "Private" set to "true".
             The ImageRuntimeVersion for this reference is "".
         Primary reference "System.ComponentModel, Version=8.0.0.0, Culture=neutral, PublicKeyToken=b03f5f7f11d50a3a".
             Resolved file path is "/Users/dacanetdev/.nuget/packages/microsoft.netcore.app.ref/8.0.13/ref/net8.0/System.ComponentModel.dll".
             Reference found at search path location "{RawFileName}".
             This reference is not "CopyLocal" because at least one source item had "Private" set to "false" and no source items had "Private" set to "true".
             The ImageRuntimeVersion for this reference is "".
         Primary reference "System.Configuration, Version=4.0.0.0, Culture=neutral, PublicKeyToken=b03f5f7f11d50a3a".
             Resolved file path is "/Users/dacanetdev/.nuget/packages/microsoft.netcore.app.ref/8.0.13/ref/net8.0/System.Configuration.dll".
             Reference found at search path location "{RawFileName}".
             This reference is not "CopyLocal" because at least one source item had "Private" set to "false" and no source items had "Private" set to "true".
             The ImageRuntimeVersion for this reference is "".
         Primary reference "System.Console, Version=8.0.0.0, Culture=neutral, PublicKeyToken=b03f5f7f11d50a3a".
             Resolved file path is "/Users/dacanetdev/.nuget/packages/microsoft.netcore.app.ref/8.0.13/ref/net8.0/System.Console.dll".
             Reference found at search path location "{RawFileName}".
             This reference is not "CopyLocal" because at least one source item had "Private" set to "false" and no source items had "Private" set to "true".
             The ImageRuntimeVersion for this reference is "".
         Primary reference "System.Core, Version=4.0.0.0, Culture=neutral, PublicKeyToken=b77a5c561934e089".
             Resolved file path is "/Users/dacanetdev/.nuget/packages/microsoft.netcore.app.ref/8.0.13/ref/net8.0/System.Core.dll".
             Reference found at search path location "{RawFileName}".
             This reference is not "CopyLocal" because at least one source item had "Private" set to "false" and no source items had "Private" set to "true".
             The ImageRuntimeVersion for this reference is "".
         Primary reference "System.Data.Common, Version=8.0.0.0, Culture=neutral, PublicKeyToken=b03f5f7f11d50a3a".
             Resolved file path is "/Users/dacanetdev/.nuget/packages/microsoft.netcore.app.ref/8.0.13/ref/net8.0/System.Data.Common.dll".
             Reference found at search path location "{RawFileName}".
             This reference is not "CopyLocal" because at least one source item had "Private" set to "false" and no source items had "Private" set to "true".
             The ImageRuntimeVersion for this reference is "".
         Primary reference "System.Data.DataSetExtensions, Version=8.0.0.0, Culture=neutral, PublicKeyToken=b77a5c561934e089".
             Resolved file path is "/Users/dacanetdev/.nuget/packages/microsoft.netcore.app.ref/8.0.13/ref/net8.0/System.Data.DataSetExtensions.dll".
             Reference found at search path location "{RawFileName}".
             This reference is not "CopyLocal" because at least one source item had "Private" set to "false" and no source items had "Private" set to "true".
             The ImageRuntimeVersion for this reference is "".
         Primary reference "System.Data, Version=4.0.0.0, Culture=neutral, PublicKeyToken=b77a5c561934e089".
             Resolved file path is "/Users/dacanetdev/.nuget/packages/microsoft.netcore.app.ref/8.0.13/ref/net8.0/System.Data.dll".
             Reference found at search path location "{RawFileName}".
             This reference is not "CopyLocal" because at least one source item had "Private" set to "false" and no source items had "Private" set to "true".
             The ImageRuntimeVersion for this reference is "".
         Primary reference "System.Diagnostics.Contracts, Version=8.0.0.0, Culture=neutral, PublicKeyToken=b03f5f7f11d50a3a".
             Resolved file path is "/Users/dacanetdev/.nuget/packages/microsoft.netcore.app.ref/8.0.13/ref/net8.0/System.Diagnostics.Contracts.dll".
             Reference found at search path location "{RawFileName}".
             This reference is not "CopyLocal" because at least one source item had "Private" set to "false" and no source items had "Private" set to "true".
             The ImageRuntimeVersion for this reference is "".
         Primary reference "System.Diagnostics.Debug, Version=8.0.0.0, Culture=neutral, PublicKeyToken=b03f5f7f11d50a3a".
             Resolved file path is "/Users/dacanetdev/.nuget/packages/microsoft.netcore.app.ref/8.0.13/ref/net8.0/System.Diagnostics.Debug.dll".
             Reference found at search path location "{RawFileName}".
             This reference is not "CopyLocal" because at least one source item had "Private" set to "false" and no source items had "Private" set to "true".
             The ImageRuntimeVersion for this reference is "".
         Primary reference "System.Diagnostics.DiagnosticSource, Version=8.0.0.0, Culture=neutral, PublicKeyToken=cc7b13ffcd2ddd51".
             Resolved file path is "/Users/dacanetdev/.nuget/packages/microsoft.netcore.app.ref/8.0.13/ref/net8.0/System.Diagnostics.DiagnosticSource.dll".
             Reference found at search path location "{RawFileName}".
             This reference is not "CopyLocal" because at least one source item had "Private" set to "false" and no source items had "Private" set to "true".
             The ImageRuntimeVersion for this reference is "".
         Primary reference "System.Diagnostics.FileVersionInfo, Version=8.0.0.0, Culture=neutral, PublicKeyToken=b03f5f7f11d50a3a".
             Resolved file path is "/Users/dacanetdev/.nuget/packages/microsoft.netcore.app.ref/8.0.13/ref/net8.0/System.Diagnostics.FileVersionInfo.dll".
             Reference found at search path location "{RawFileName}".
             This reference is not "CopyLocal" because at least one source item had "Private" set to "false" and no source items had "Private" set to "true".
             The ImageRuntimeVersion for this reference is "".
         Primary reference "System.Diagnostics.Process, Version=8.0.0.0, Culture=neutral, PublicKeyToken=b03f5f7f11d50a3a".
             Resolved file path is "/Users/dacanetdev/.nuget/packages/microsoft.netcore.app.ref/8.0.13/ref/net8.0/System.Diagnostics.Process.dll".
             Reference found at search path location "{RawFileName}".
             This reference is not "CopyLocal" because at least one source item had "Private" set to "false" and no source items had "Private" set to "true".
             The ImageRuntimeVersion for this reference is "".
         Primary reference "System.Diagnostics.StackTrace, Version=8.0.0.0, Culture=neutral, PublicKeyToken=b03f5f7f11d50a3a".
             Resolved file path is "/Users/dacanetdev/.nuget/packages/microsoft.netcore.app.ref/8.0.13/ref/net8.0/System.Diagnostics.StackTrace.dll".
             Reference found at search path location "{RawFileName}".
             This reference is not "CopyLocal" because at least one source item had "Private" set to "false" and no source items had "Private" set to "true".
             The ImageRuntimeVersion for this reference is "".
         Primary reference "System.Diagnostics.TextWriterTraceListener, Version=8.0.0.0, Culture=neutral, PublicKeyToken=b03f5f7f11d50a3a".
             Resolved file path is "/Users/dacanetdev/.nuget/packages/microsoft.netcore.app.ref/8.0.13/ref/net8.0/System.Diagnostics.TextWriterTraceListener.dll".
             Reference found at search path location "{RawFileName}".
             This reference is not "CopyLocal" because at least one source item had "Private" set to "false" and no source items had "Private" set to "true".
             The ImageRuntimeVersion for this reference is "".
         Primary reference "System.Diagnostics.Tools, Version=8.0.0.0, Culture=neutral, PublicKeyToken=b03f5f7f11d50a3a".
             Resolved file path is "/Users/dacanetdev/.nuget/packages/microsoft.netcore.app.ref/8.0.13/ref/net8.0/System.Diagnostics.Tools.dll".
             Reference found at search path location "{RawFileName}".
             This reference is not "CopyLocal" because at least one source item had "Private" set to "false" and no source items had "Private" set to "true".
             The ImageRuntimeVersion for this reference is "".
         Primary reference "System.Diagnostics.TraceSource, Version=8.0.0.0, Culture=neutral, PublicKeyToken=b03f5f7f11d50a3a".
             Resolved file path is "/Users/dacanetdev/.nuget/packages/microsoft.netcore.app.ref/8.0.13/ref/net8.0/System.Diagnostics.TraceSource.dll".
             Reference found at search path location "{RawFileName}".
             This reference is not "CopyLocal" because at least one source item had "Private" set to "false" and no source items had "Private" set to "true".
             The ImageRuntimeVersion for this reference is "".
         Primary reference "System.Diagnostics.Tracing, Version=8.0.0.0, Culture=neutral, PublicKeyToken=b03f5f7f11d50a3a".
             Resolved file path is "/Users/dacanetdev/.nuget/packages/microsoft.netcore.app.ref/8.0.13/ref/net8.0/System.Diagnostics.Tracing.dll".
             Reference found at search path location "{RawFileName}".
             This reference is not "CopyLocal" because at least one source item had "Private" set to "false" and no source items had "Private" set to "true".
             The ImageRuntimeVersion for this reference is "".
         Primary reference "System.Drawing.Primitives, Version=8.0.0.0, Culture=neutral, PublicKeyToken=b03f5f7f11d50a3a".
   8:6>Done executing task "CheckForDuplicateItems".
   9:7>ResolveAssemblyReferences:
             Resolved file path is "/Users/dacanetdev/.nuget/packages/microsoft.netcore.app.ref/8.0.13/ref/net8.0/System.Drawing.Primitives.dll".
             Reference found at search path location "{RawFileName}".
             This reference is not "CopyLocal" because at least one source item had "Private" set to "false" and no source items had "Private" set to "true".
             The ImageRuntimeVersion for this reference is "".
   8:6>Task "CheckForDuplicateItems"
   9:7>ResolveAssemblyReferences:
         Primary reference "System.Drawing, Version=4.0.0.0, Culture=neutral, PublicKeyToken=b03f5f7f11d50a3a".
             Resolved file path is "/Users/dacanetdev/.nuget/packages/microsoft.netcore.app.ref/8.0.13/ref/net8.0/System.Drawing.dll".
             Reference found at search path location "{RawFileName}".
             This reference is not "CopyLocal" because at least one source item had "Private" set to "false" and no source items had "Private" set to "true".
             The ImageRuntimeVersion for this reference is "".
         Primary reference "System.Dynamic.Runtime, Version=8.0.0.0, Culture=neutral, PublicKeyToken=b03f5f7f11d50a3a".
             Resolved file path is "/Users/dacanetdev/.nuget/packages/microsoft.netcore.app.ref/8.0.13/ref/net8.0/System.Dynamic.Runtime.dll".
             Reference found at search path location "{RawFileName}".
             This reference is not "CopyLocal" because at least one source item had "Private" set to "false" and no source items had "Private" set to "true".
             The ImageRuntimeVersion for this reference is "".
         Primary reference "System.Formats.Asn1, Version=8.0.0.0, Culture=neutral, PublicKeyToken=cc7b13ffcd2ddd51".
             Resolved file path is "/Users/dacanetdev/.nuget/packages/microsoft.netcore.app.ref/8.0.13/ref/net8.0/System.Formats.Asn1.dll".
             Reference found at search path location "{RawFileName}".
             This reference is not "CopyLocal" because at least one source item had "Private" set to "false" and no source items had "Private" set to "true".
             The ImageRuntimeVersion for this reference is "".
         Primary reference "System.Formats.Tar, Version=8.0.0.0, Culture=neutral, PublicKeyToken=cc7b13ffcd2ddd51".
             Resolved file path is "/Users/dacanetdev/.nuget/packages/microsoft.netcore.app.ref/8.0.13/ref/net8.0/System.Formats.Tar.dll".
             Reference found at search path location "{RawFileName}".
             This reference is not "CopyLocal" because at least one source item had "Private" set to "false" and no source items had "Private" set to "true".
             The ImageRuntimeVersion for this reference is "".
         Primary reference "System.Globalization.Calendars, Version=8.0.0.0, Culture=neutral, PublicKeyToken=b03f5f7f11d50a3a".
             Resolved file path is "/Users/dacanetdev/.nuget/packages/microsoft.netcore.app.ref/8.0.13/ref/net8.0/System.Globalization.Calendars.dll".
             Reference found at search path location "{RawFileName}".
             This reference is not "CopyLocal" because at least one source item had "Private" set to "false" and no source items had "Private" set to "true".
             The ImageRuntimeVersion for this reference is "".
         Primary reference "System.Globalization.Extensions, Version=8.0.0.0, Culture=neutral, PublicKeyToken=b03f5f7f11d50a3a".
             Resolved file path is "/Users/dacanetdev/.nuget/packages/microsoft.netcore.app.ref/8.0.13/ref/net8.0/System.Globalization.Extensions.dll".
             Reference found at search path location "{RawFileName}".
             This reference is not "CopyLocal" because at least one source item had "Private" set to "false" and no source items had "Private" set to "true".
             The ImageRuntimeVersion for this reference is "".
         Primary reference "System.Globalization, Version=8.0.0.0, Culture=neutral, PublicKeyToken=b03f5f7f11d50a3a".
             Resolved file path is "/Users/dacanetdev/.nuget/packages/microsoft.netcore.app.ref/8.0.13/ref/net8.0/System.Globalization.dll".
             Reference found at search path location "{RawFileName}".
             This reference is not "CopyLocal" because at least one source item had "Private" set to "false" and no source items had "Private" set to "true".
             The ImageRuntimeVersion for this reference is "".
         Primary reference "System.IO.Compression.Brotli, Version=8.0.0.0, Culture=neutral, PublicKeyToken=b77a5c561934e089".
             Resolved file path is "/Users/dacanetdev/.nuget/packages/microsoft.netcore.app.ref/8.0.13/ref/net8.0/System.IO.Compression.Brotli.dll".
             Reference found at search path location "{RawFileName}".
             This reference is not "CopyLocal" because at least one source item had "Private" set to "false" and no source items had "Private" set to "true".
             The ImageRuntimeVersion for this reference is "".
         Primary reference "System.IO.Compression.FileSystem, Version=4.0.0.0, Culture=neutral, PublicKeyToken=b77a5c561934e089".
             Resolved file path is "/Users/dacanetdev/.nuget/packages/microsoft.netcore.app.ref/8.0.13/ref/net8.0/System.IO.Compression.FileSystem.dll".
             Reference found at search path location "{RawFileName}".
             This reference is not "CopyLocal" because at least one source item had "Private" set to "false" and no source items had "Private" set to "true".
             The ImageRuntimeVersion for this reference is "".
         Primary reference "System.IO.Compression.ZipFile, Version=8.0.0.0, Culture=neutral, PublicKeyToken=b77a5c561934e089".
             Resolved file path is "/Users/dacanetdev/.nuget/packages/microsoft.netcore.app.ref/8.0.13/ref/net8.0/System.IO.Compression.ZipFile.dll".
             Reference found at search path location "{RawFileName}".
             This reference is not "CopyLocal" because at least one source item had "Private" set to "false" and no source items had "Private" set to "true".
             The ImageRuntimeVersion for this reference is "".
         Primary reference "System.IO.Compression, Version=8.0.0.0, Culture=neutral, PublicKeyToken=b77a5c561934e089".
             Resolved file path is "/Users/dacanetdev/.nuget/packages/microsoft.netcore.app.ref/8.0.13/ref/net8.0/System.IO.Compression.dll".
             Reference found at search path location "{RawFileName}".
             This reference is not "CopyLocal" because at least one source item had "Private" set to "false" and no source items had "Private" set to "true".
             The ImageRuntimeVersion for this reference is "".
         Primary reference "System.IO.FileSystem.AccessControl, Version=8.0.0.0, Culture=neutral, PublicKeyToken=b03f5f7f11d50a3a".
             Resolved file path is "/Users/dacanetdev/.nuget/packages/microsoft.netcore.app.ref/8.0.13/ref/net8.0/System.IO.FileSystem.AccessControl.dll".
             Reference found at search path location "{RawFileName}".
             This reference is not "CopyLocal" because at least one source item had "Private" set to "false" and no source items had "Private" set to "true".
             The ImageRuntimeVersion for this reference is "".
         Primary reference "System.IO.FileSystem.DriveInfo, Version=8.0.0.0, Culture=neutral, PublicKeyToken=b03f5f7f11d50a3a".
             Resolved file path is "/Users/dacanetdev/.nuget/packages/microsoft.netcore.app.ref/8.0.13/ref/net8.0/System.IO.FileSystem.DriveInfo.dll".
             Reference found at search path location "{RawFileName}".
             This reference is not "CopyLocal" because at least one source item had "Private" set to "false" and no source items had "Private" set to "true".
             The ImageRuntimeVersion for this reference is "".
         Primary reference "System.IO.FileSystem.Primitives, Version=8.0.0.0, Culture=neutral, PublicKeyToken=b03f5f7f11d50a3a".
             Resolved file path is "/Users/dacanetdev/.nuget/packages/microsoft.netcore.app.ref/8.0.13/ref/net8.0/System.IO.FileSystem.Primitives.dll".
             Reference found at search path location "{RawFileName}".
             This reference is not "CopyLocal" because at least one source item had "Private" set to "false" and no source items had "Private" set to "true".
             The ImageRuntimeVersion for this reference is "".
         Primary reference "System.IO.FileSystem.Watcher, Version=8.0.0.0, Culture=neutral, PublicKeyToken=b03f5f7f11d50a3a".
             Resolved file path is "/Users/dacanetdev/.nuget/packages/microsoft.netcore.app.ref/8.0.13/ref/net8.0/System.IO.FileSystem.Watcher.dll".
             Reference found at search path location "{RawFileName}".
             This reference is not "CopyLocal" because at least one source item had "Private" set to "false" and no source items had "Private" set to "true".
   8:6>Done executing task "CheckForDuplicateItems".
   9:7>ResolveAssemblyReferences:
             The ImageRuntimeVersion for this reference is "".
         Primary reference "System.IO.FileSystem, Version=8.0.0.0, Culture=neutral, PublicKeyToken=b03f5f7f11d50a3a".
             Resolved file path is "/Users/dacanetdev/.nuget/packages/microsoft.netcore.app.ref/8.0.13/ref/net8.0/System.IO.FileSystem.dll".
   8:6>Done building target "CheckForDuplicateItems" in project "DeventSoft.RoadmapSkills.BlazorApp.csproj".
   9:7>ResolveAssemblyReferences:
             Reference found at search path location "{RawFileName}".
             This reference is not "CopyLocal" because at least one source item had "Private" set to "false" and no source items had "Private" set to "true".
             The ImageRuntimeVersion for this reference is "".
   8:6>Target "WarnForExplicitVersions" skipped, due to false condition; ('@(SdkBuildWarning)' != '') was evaluated as ('' != '').
   9:7>ResolveAssemblyReferences:
         Primary reference "System.IO.IsolatedStorage, Version=8.0.0.0, Culture=neutral, PublicKeyToken=b03f5f7f11d50a3a".
   8:6>Target "_CheckForFailedSDKResolution" skipped, due to false condition; ('$(SdkResolverHonoredGlobalJson)' == 'false') was evaluated as ('' == 'false').
   9:7>ResolveAssemblyReferences:
             Resolved file path is "/Users/dacanetdev/.nuget/packages/microsoft.netcore.app.ref/8.0.13/ref/net8.0/System.IO.IsolatedStorage.dll".
             Reference found at search path location "{RawFileName}".
             This reference is not "CopyLocal" because at least one source item had "Private" set to "false" and no source items had "Private" set to "true".
             The ImageRuntimeVersion for this reference is "".
         Primary reference "System.IO.MemoryMappedFiles, Version=8.0.0.0, Culture=neutral, PublicKeyToken=b03f5f7f11d50a3a".
             Resolved file path is "/Users/dacanetdev/.nuget/packages/microsoft.netcore.app.ref/8.0.13/ref/net8.0/System.IO.MemoryMappedFiles.dll".
   8:6>Target "_WarnWhenUsingNET9AndVSPriorTo1712" skipped, due to false condition; ($([MSBuild]::VersionLessThan($(MSBuildVersion), '17.12.0')) and '$(TargetFrameworkIdentifier)' == '.NETCoreApp' and $([MSBuild]::VersionGreaterThanOrEquals($(_TargetFrameworkVersionWithoutV), '9.0'))) was evaluated as (False and '.NETCoreApp' == '.NETCoreApp' and False).
   9:7>ResolveAssemblyReferences:
             Reference found at search path location "{RawFileName}".
             This reference is not "CopyLocal" because at least one source item had "Private" set to "false" and no source items had "Private" set to "true".
             The ImageRuntimeVersion for this reference is "".
         Primary reference "System.IO.Pipes.AccessControl, Version=8.0.0.0, Culture=neutral, PublicKeyToken=b03f5f7f11d50a3a".
             Resolved file path is "/Users/dacanetdev/.nuget/packages/microsoft.netcore.app.ref/8.0.13/ref/net8.0/System.IO.Pipes.AccessControl.dll".
             Reference found at search path location "{RawFileName}".
   8:6>Target "_CheckForInvalidWindowsDesktopTargetingConfiguration" skipped, due to false condition; ('$(TargetFrameworkIdentifier)' == '.NETCoreApp' and $([MSBuild]::VersionGreaterThanOrEquals($(_TargetFrameworkVersionWithoutV), '5.0')) and ('$(UseWindowsForms)' == 'true' or '$(UseWPF)' == 'true')) was evaluated as ('.NETCoreApp' == '.NETCoreApp' and True and ('' == 'true' or '' == 'true')).
   9:7>ResolveAssemblyReferences:
             This reference is not "CopyLocal" because at least one source item had "Private" set to "false" and no source items had "Private" set to "true".
             The ImageRuntimeVersion for this reference is "".
         Primary reference "System.IO.Pipes, Version=8.0.0.0, Culture=neutral, PublicKeyToken=b03f5f7f11d50a3a".
             Resolved file path is "/Users/dacanetdev/.nuget/packages/microsoft.netcore.app.ref/8.0.13/ref/net8.0/System.IO.Pipes.dll".
             Reference found at search path location "{RawFileName}".
             This reference is not "CopyLocal" because at least one source item had "Private" set to "false" and no source items had "Private" set to "true".
             The ImageRuntimeVersion for this reference is "".
   8:6>Target "_CheckForUnnecessaryWindowsDesktopSDK" skipped, due to false condition; ('$(TargetFrameworkIdentifier)' == '.NETCoreApp' and $([MSBuild]::VersionGreaterThanOrEquals($(_TargetFrameworkVersionWithoutV), '5.0')) and '$(_MicrosoftWindowsDesktopSdkImported)' == 'true' and '$(TargetFrameworks)' == '') was evaluated as ('.NETCoreApp' == '.NETCoreApp' and True and '' == 'true' and '' == '').
       Target "ProcessFrameworkReferences" skipped. Previously built successfully.
   9:7>ResolveAssemblyReferences:
         Primary reference "System.IO.UnmanagedMemoryStream, Version=8.0.0.0, Culture=neutral, PublicKeyToken=b03f5f7f11d50a3a".
             Resolved file path is "/Users/dacanetdev/.nuget/packages/microsoft.netcore.app.ref/8.0.13/ref/net8.0/System.IO.UnmanagedMemoryStream.dll".
   8:6>Target "IncludeTargetingPackReference" skipped, due to false condition; ('$(TargetFrameworkMoniker)' != '' and '$(TargetFrameworkIdentifier)' == '.NETFramework' and '$(AutomaticallyUseReferenceAssemblyPackages)' == 'true') was evaluated as ('.NETCoreApp,Version=v8.0' != '' and '.NETCoreApp' == '.NETFramework' and 'true' == 'true').
   9:7>ResolveAssemblyReferences:
             Reference found at search path location "{RawFileName}".
             This reference is not "CopyLocal" because at least one source item had "Private" set to "false" and no source items had "Private" set to "true".
             The ImageRuntimeVersion for this reference is "".
         Primary reference "System.IO, Version=8.0.0.0, Culture=neutral, PublicKeyToken=b03f5f7f11d50a3a".
             Resolved file path is "/Users/dacanetdev/.nuget/packages/microsoft.netcore.app.ref/8.0.13/ref/net8.0/System.IO.dll".
             Reference found at search path location "{RawFileName}".
             This reference is not "CopyLocal" because at least one source item had "Private" set to "false" and no source items had "Private" set to "true".
             The ImageRuntimeVersion for this reference is "".
   8:6>Target "_CheckForInvalidConfigurationAndPlatform" in file "/usr/local/share/dotnet/sdk/9.0.200/Microsoft.Common.CurrentVersion.targets" from project "/Users/dacanetdev/Dev/AIGenerated/RoadmapSkills/src/DeventSoft.RoadmapSkills.BlazorApp/DeventSoft.RoadmapSkills.BlazorApp.csproj" (target "BeforeBuild" depends on it):
   8:6>Task "MSBuildInternalMessage" skipped, due to false condition; ('$(_InvalidConfigurationMessageSeverity)' != '') was evaluated as ('' != '').
   9:7>ResolveAssemblyReferences:
         Primary reference "System.Linq.Expressions, Version=8.0.0.0, Culture=neutral, PublicKeyToken=b03f5f7f11d50a3a".
             Resolved file path is "/Users/dacanetdev/.nuget/packages/microsoft.netcore.app.ref/8.0.13/ref/net8.0/System.Linq.Expressions.dll".
             Reference found at search path location "{RawFileName}".
             This reference is not "CopyLocal" because at least one source item had "Private" set to "false" and no source items had "Private" set to "true".
   8:6>Task "Message"
   9:7>ResolveAssemblyReferences:
             The ImageRuntimeVersion for this reference is "".
         Primary reference "System.Linq.Parallel, Version=8.0.0.0, Culture=neutral, PublicKeyToken=b03f5f7f11d50a3a".
             Resolved file path is "/Users/dacanetdev/.nuget/packages/microsoft.netcore.app.ref/8.0.13/ref/net8.0/System.Linq.Parallel.dll".
             Reference found at search path location "{RawFileName}".
             This reference is not "CopyLocal" because at least one source item had "Private" set to "false" and no source items had "Private" set to "true".
             The ImageRuntimeVersion for this reference is "".
   8:6>_CheckForInvalidConfigurationAndPlatform:
         Configuration=Debug
       Done executing task "Message".
   9:7>ResolveAssemblyReferences:
         Primary reference "System.Linq.Queryable, Version=8.0.0.0, Culture=neutral, PublicKeyToken=b03f5f7f11d50a3a".
   8:6>Task "Message"
   9:7>ResolveAssemblyReferences:
             Resolved file path is "/Users/dacanetdev/.nuget/packages/microsoft.netcore.app.ref/8.0.13/ref/net8.0/System.Linq.Queryable.dll".
             Reference found at search path location "{RawFileName}".
             This reference is not "CopyLocal" because at least one source item had "Private" set to "false" and no source items had "Private" set to "true".
             The ImageRuntimeVersion for this reference is "".
   8:6>_CheckForInvalidConfigurationAndPlatform:
         Platform=AnyCPU
       Done executing task "Message".
   9:7>ResolveAssemblyReferences:
         Primary reference "System.Linq, Version=8.0.0.0, Culture=neutral, PublicKeyToken=b03f5f7f11d50a3a".
             Resolved file path is "/Users/dacanetdev/.nuget/packages/microsoft.netcore.app.ref/8.0.13/ref/net8.0/System.Linq.dll".
             Reference found at search path location "{RawFileName}".
             This reference is not "CopyLocal" because at least one source item had "Private" set to "false" and no source items had "Private" set to "true".
             The ImageRuntimeVersion for this reference is "".
         Primary reference "System.Memory, Version=8.0.0.0, Culture=neutral, PublicKeyToken=cc7b13ffcd2ddd51".
             Resolved file path is "/Users/dacanetdev/.nuget/packages/microsoft.netcore.app.ref/8.0.13/ref/net8.0/System.Memory.dll".
             Reference found at search path location "{RawFileName}".
             This reference is not "CopyLocal" because at least one source item had "Private" set to "false" and no source items had "Private" set to "true".
             The ImageRuntimeVersion for this reference is "".
         Primary reference "System.Net.Http.Json, Version=8.0.0.0, Culture=neutral, PublicKeyToken=cc7b13ffcd2ddd51".
             Resolved file path is "/Users/dacanetdev/.nuget/packages/microsoft.netcore.app.ref/8.0.13/ref/net8.0/System.Net.Http.Json.dll".
             Reference found at search path location "{RawFileName}".
             This reference is not "CopyLocal" because at least one source item had "Private" set to "false" and no source items had "Private" set to "true".
             The ImageRuntimeVersion for this reference is "".
         Primary reference "System.Net.Http, Version=8.0.0.0, Culture=neutral, PublicKeyToken=b03f5f7f11d50a3a".
             Resolved file path is "/Users/dacanetdev/.nuget/packages/microsoft.netcore.app.ref/8.0.13/ref/net8.0/System.Net.Http.dll".
             Reference found at search path location "{RawFileName}".
             This reference is not "CopyLocal" because at least one source item had "Private" set to "false" and no source items had "Private" set to "true".
             The ImageRuntimeVersion for this reference is "".
         Primary reference "System.Net.HttpListener, Version=8.0.0.0, Culture=neutral, PublicKeyToken=cc7b13ffcd2ddd51".
             Resolved file path is "/Users/dacanetdev/.nuget/packages/microsoft.netcore.app.ref/8.0.13/ref/net8.0/System.Net.HttpListener.dll".
   8:6>_CheckForInvalidConfigurationAndPlatform:
       Task "MSBuildInternalMessage" skipped, due to false condition; ('$(OutDir)' != '' and !HasTrailingSlash('$(OutDir)')) was evaluated as ('bin/Debug/net8.0/' != '' and !HasTrailingSlash('bin/Debug/net8.0/')).
   9:7>ResolveAssemblyReferences:
             Reference found at search path location "{RawFileName}".
             This reference is not "CopyLocal" because at least one source item had "Private" set to "false" and no source items had "Private" set to "true".
             The ImageRuntimeVersion for this reference is "".
         Primary reference "System.Net.Mail, Version=8.0.0.0, Culture=neutral, PublicKeyToken=cc7b13ffcd2ddd51".
             Resolved file path is "/Users/dacanetdev/.nuget/packages/microsoft.netcore.app.ref/8.0.13/ref/net8.0/System.Net.Mail.dll".
             Reference found at search path location "{RawFileName}".
             This reference is not "CopyLocal" because at least one source item had "Private" set to "false" and no source items had "Private" set to "true".
             The ImageRuntimeVersion for this reference is "".
         Primary reference "System.Net.NameResolution, Version=8.0.0.0, Culture=neutral, PublicKeyToken=b03f5f7f11d50a3a".
             Resolved file path is "/Users/dacanetdev/.nuget/packages/microsoft.netcore.app.ref/8.0.13/ref/net8.0/System.Net.NameResolution.dll".
             Reference found at search path location "{RawFileName}".
             This reference is not "CopyLocal" because at least one source item had "Private" set to "false" and no source items had "Private" set to "true".
             The ImageRuntimeVersion for this reference is "".
         Primary reference "System.Net.NetworkInformation, Version=8.0.0.0, Culture=neutral, PublicKeyToken=b03f5f7f11d50a3a".
             Resolved file path is "/Users/dacanetdev/.nuget/packages/microsoft.netcore.app.ref/8.0.13/ref/net8.0/System.Net.NetworkInformation.dll".
             Reference found at search path location "{RawFileName}".
             This reference is not "CopyLocal" because at least one source item had "Private" set to "false" and no source items had "Private" set to "true".
   8:6>_CheckForInvalidConfigurationAndPlatform:
       Task "MSBuildInternalMessage" skipped, due to false condition; ('$(IntermediateOutputPath)' != '' and !HasTrailingSlash('$(IntermediateOutputPath)')) was evaluated as ('obj/Debug/net8.0/' != '' and !HasTrailingSlash('obj/Debug/net8.0/')).
   9:7>ResolveAssemblyReferences:
             The ImageRuntimeVersion for this reference is "".
         Primary reference "System.Net.Ping, Version=8.0.0.0, Culture=neutral, PublicKeyToken=b03f5f7f11d50a3a".
             Resolved file path is "/Users/dacanetdev/.nuget/packages/microsoft.netcore.app.ref/8.0.13/ref/net8.0/System.Net.Ping.dll".
             Reference found at search path location "{RawFileName}".
             This reference is not "CopyLocal" because at least one source item had "Private" set to "false" and no source items had "Private" set to "true".
             The ImageRuntimeVersion for this reference is "".
         Primary reference "System.Net.Primitives, Version=8.0.0.0, Culture=neutral, PublicKeyToken=b03f5f7f11d50a3a".
             Resolved file path is "/Users/dacanetdev/.nuget/packages/microsoft.netcore.app.ref/8.0.13/ref/net8.0/System.Net.Primitives.dll".
   8:6>_CheckForInvalidConfigurationAndPlatform:
       Task "MSBuildInternalMessage" skipped, due to false condition; ('$(BaseIntermediateOutputPath)' != '' and !HasTrailingSlash('$(BaseIntermediateOutputPath)')) was evaluated as ('/Users/dacanetdev/Dev/AIGenerated/RoadmapSkills/src/DeventSoft.RoadmapSkills.BlazorApp/obj/' != '' and !HasTrailingSlash('/Users/dacanetdev/Dev/AIGenerated/RoadmapSkills/src/DeventSoft.RoadmapSkills.BlazorApp/obj/')).
   9:7>ResolveAssemblyReferences:
             Reference found at search path location "{RawFileName}".
             This reference is not "CopyLocal" because at least one source item had "Private" set to "false" and no source items had "Private" set to "true".
             The ImageRuntimeVersion for this reference is "".
   8:6>_CheckForInvalidConfigurationAndPlatform:
       Task "MSBuildInternalMessage" skipped, due to false condition; ( '$(Prefer32Bit)' == 'true' and '$(PreferNativeArm64)' == 'true' ) was evaluated as ( 'false' == 'true' and 'false' == 'true' ).
   9:7>ResolveAssemblyReferences:
         Primary reference "System.Net.Quic, Version=8.0.0.0, Culture=neutral, PublicKeyToken=b03f5f7f11d50a3a".
             Resolved file path is "/Users/dacanetdev/.nuget/packages/microsoft.netcore.app.ref/8.0.13/ref/net8.0/System.Net.Quic.dll".
             Reference found at search path location "{RawFileName}".
             This reference is not "CopyLocal" because at least one source item had "Private" set to "false" and no source items had "Private" set to "true".
             The ImageRuntimeVersion for this reference is "".
         Primary reference "System.Net.Requests, Version=8.0.0.0, Culture=neutral, PublicKeyToken=b03f5f7f11d50a3a".
   8:6>_CheckForInvalidConfigurationAndPlatform:
       Task "MSBuildInternalMessage" skipped, due to false condition; ( '$(NoWin32Manifest)' == 'true' and '$(PreferNativeArm64)' == 'true' ) was evaluated as ( '' == 'true' and 'false' == 'true' ).
       Task "MSBuildInternalMessage" skipped, due to false condition; ( '$(PreferNativeArm64)' == 'true' and '$(Platform)' != 'AnyCPU' ) was evaluated as ( 'false' == 'true' and 'AnyCPU' != 'AnyCPU' ).
   9:7>ResolveAssemblyReferences:
             Resolved file path is "/Users/dacanetdev/.nuget/packages/microsoft.netcore.app.ref/8.0.13/ref/net8.0/System.Net.Requests.dll".
             Reference found at search path location "{RawFileName}".
             This reference is not "CopyLocal" because at least one source item had "Private" set to "false" and no source items had "Private" set to "true".
             The ImageRuntimeVersion for this reference is "".
         Primary reference "System.Net.Security, Version=8.0.0.0, Culture=neutral, PublicKeyToken=b03f5f7f11d50a3a".
   8:6>_CheckForInvalidConfigurationAndPlatform:
       Task "MSBuildInternalMessage" skipped, due to false condition; ( '$(_InitialMSBuildProjectExtensionsPath)' != '' And '$(MSBuildProjectExtensionsPath)' != '$(_InitialMSBuildProjectExtensionsPath)' ) was evaluated as ( '/Users/dacanetdev/Dev/AIGenerated/RoadmapSkills/src/DeventSoft.RoadmapSkills.BlazorApp/obj/' != '' And '/Users/dacanetdev/Dev/AIGenerated/RoadmapSkills/src/DeventSoft.RoadmapSkills.BlazorApp/obj/' != '/Users/dacanetdev/Dev/AIGenerated/RoadmapSkills/src/DeventSoft.RoadmapSkills.BlazorApp/obj/' ).
   9:7>ResolveAssemblyReferences:
             Resolved file path is "/Users/dacanetdev/.nuget/packages/microsoft.netcore.app.ref/8.0.13/ref/net8.0/System.Net.Security.dll".
             Reference found at search path location "{RawFileName}".
             This reference is not "CopyLocal" because at least one source item had "Private" set to "false" and no source items had "Private" set to "true".
             The ImageRuntimeVersion for this reference is "".
         Primary reference "System.Net.ServicePoint, Version=8.0.0.0, Culture=neutral, PublicKeyToken=cc7b13ffcd2ddd51".
             Resolved file path is "/Users/dacanetdev/.nuget/packages/microsoft.netcore.app.ref/8.0.13/ref/net8.0/System.Net.ServicePoint.dll".
             Reference found at search path location "{RawFileName}".
             This reference is not "CopyLocal" because at least one source item had "Private" set to "false" and no source items had "Private" set to "true".
   8:6>_CheckForInvalidConfigurationAndPlatform:
       Task "MSBuildInternalMessage" skipped, due to false condition; ( '$(EnableBaseIntermediateOutputPathMismatchWarning)' == 'true' And '$(_InitialBaseIntermediateOutputPath)' != '$(BaseIntermediateOutputPath)' And '$(BaseIntermediateOutputPath)' != '$(MSBuildProjectExtensionsPath)' ) was evaluated as ( 'true' == 'true' And 'obj/' != '/Users/dacanetdev/Dev/AIGenerated/RoadmapSkills/src/DeventSoft.RoadmapSkills.BlazorApp/obj/' And '/Users/dacanetdev/Dev/AIGenerated/RoadmapSkills/src/DeventSoft.RoadmapSkills.BlazorApp/obj/' != '/Users/dacanetdev/Dev/AIGenerated/RoadmapSkills/src/DeventSoft.RoadmapSkills.BlazorApp/obj/' ).
   8:6>Done building target "_CheckForInvalidConfigurationAndPlatform" in project "DeventSoft.RoadmapSkills.BlazorApp.csproj".
   9:7>ResolveAssemblyReferences:
             The ImageRuntimeVersion for this reference is "".
         Primary reference "System.Net.Sockets, Version=8.0.0.0, Culture=neutral, PublicKeyToken=b03f5f7f11d50a3a".
   8:6>Target "ValidateCommandLineProperties" in file "/usr/local/share/dotnet/sdk/9.0.200/Sdks/Microsoft.NET.Sdk/targets/Microsoft.NET.Sdk.targets" from project "/Users/dacanetdev/Dev/AIGenerated/RoadmapSkills/src/DeventSoft.RoadmapSkills.BlazorApp/DeventSoft.RoadmapSkills.BlazorApp.csproj" (target "BeforeBuild" depends on it):
   8:6>Done building target "ValidateCommandLineProperties" in project "DeventSoft.RoadmapSkills.BlazorApp.csproj".
   9:7>ResolveAssemblyReferences:
             Resolved file path is "/Users/dacanetdev/.nuget/packages/microsoft.netcore.app.ref/8.0.13/ref/net8.0/System.Net.Sockets.dll".
             Reference found at search path location "{RawFileName}".
             This reference is not "CopyLocal" because at least one source item had "Private" set to "false" and no source items had "Private" set to "true".
   8:6>Target "BeforeBuild" in file "/usr/local/share/dotnet/sdk/9.0.200/Microsoft.Common.CurrentVersion.targets" from project "/Users/dacanetdev/Dev/AIGenerated/RoadmapSkills/src/DeventSoft.RoadmapSkills.BlazorApp/DeventSoft.RoadmapSkills.BlazorApp.csproj" (target "Build" depends on it):
   8:6>Done building target "BeforeBuild" in project "DeventSoft.RoadmapSkills.BlazorApp.csproj".
   9:7>ResolveAssemblyReferences:
             The ImageRuntimeVersion for this reference is "".
         Primary reference "System.Net.WebClient, Version=8.0.0.0, Culture=neutral, PublicKeyToken=cc7b13ffcd2ddd51".
             Resolved file path is "/Users/dacanetdev/.nuget/packages/microsoft.netcore.app.ref/8.0.13/ref/net8.0/System.Net.WebClient.dll".
             Reference found at search path location "{RawFileName}".
             This reference is not "CopyLocal" because at least one source item had "Private" set to "false" and no source items had "Private" set to "true".
             The ImageRuntimeVersion for this reference is "".
   8:6>Target "_CheckForBuildWithNoBuild" skipped, due to false condition; ('$(NoBuild)' == 'true' and '$(GeneratePackageOnBuild)' != 'true') was evaluated as ('' == 'true' and 'false' != 'true').
   9:7>ResolveAssemblyReferences:
         Primary reference "System.Net.WebHeaderCollection, Version=8.0.0.0, Culture=neutral, PublicKeyToken=b03f5f7f11d50a3a".
             Resolved file path is "/Users/dacanetdev/.nuget/packages/microsoft.netcore.app.ref/8.0.13/ref/net8.0/System.Net.WebHeaderCollection.dll".
             Reference found at search path location "{RawFileName}".
   8:6>Target "BuildOnlySettings" in file "/usr/local/share/dotnet/sdk/9.0.200/Microsoft.Common.CurrentVersion.targets" from project "/Users/dacanetdev/Dev/AIGenerated/RoadmapSkills/src/DeventSoft.RoadmapSkills.BlazorApp/DeventSoft.RoadmapSkills.BlazorApp.csproj" (target "CoreBuild" depends on it):
   8:6>Done building target "BuildOnlySettings" in project "DeventSoft.RoadmapSkills.BlazorApp.csproj".
   9:7>ResolveAssemblyReferences:
             This reference is not "CopyLocal" because at least one source item had "Private" set to "false" and no source items had "Private" set to "true".
             The ImageRuntimeVersion for this reference is "".
         Primary reference "System.Net.WebProxy, Version=8.0.0.0, Culture=neutral, PublicKeyToken=cc7b13ffcd2ddd51".
             Resolved file path is "/Users/dacanetdev/.nuget/packages/microsoft.netcore.app.ref/8.0.13/ref/net8.0/System.Net.WebProxy.dll".
   8:6>Target "_CheckForUnsupportedTargetFramework" skipped, due to false condition; ('$(_UnsupportedTargetFrameworkError)' == 'true') was evaluated as ('' == 'true').
   9:7>ResolveAssemblyReferences:
             Reference found at search path location "{RawFileName}".
             This reference is not "CopyLocal" because at least one source item had "Private" set to "false" and no source items had "Private" set to "true".
   8:6>Target "_CheckForUnsupportedTargetPlatformIdentifier" skipped, due to false condition; ('$(TargetPlatformIdentifier)' != '' and '$(TargetFrameworkIdentifier)' == '.NETCoreApp' and $([MSBuild]::VersionGreaterThanOrEquals($(TargetFrameworkVersion), 5.0)) And ('$(DesignTimeBuild)' != 'true' Or '@(MissingWorkloadPack)' == '')) was evaluated as ('' != '' and '.NETCoreApp' == '.NETCoreApp' and True And ('' != 'true' Or '' == '')).
   9:7>ResolveAssemblyReferences:
             The ImageRuntimeVersion for this reference is "".
         Primary reference "System.Net.WebSockets.Client, Version=8.0.0.0, Culture=neutral, PublicKeyToken=b03f5f7f11d50a3a".
   8:6>Target "_CheckForMissingWorkload" skipped, due to false condition; ('@(MissingWorkloadPack)' != '' And '$(DesignTimeBuild)' != 'true') was evaluated as ('' != '' And '' != 'true').
   9:7>ResolveAssemblyReferences:
             Resolved file path is "/Users/dacanetdev/.nuget/packages/microsoft.netcore.app.ref/8.0.13/ref/net8.0/System.Net.WebSockets.Client.dll".
   8:6>Target "GetFrameworkPaths" in file "/usr/local/share/dotnet/sdk/9.0.200/Sdks/Microsoft.NET.Sdk/targets/Microsoft.NET.DisableStandardFrameworkResolution.targets" from project "/Users/dacanetdev/Dev/AIGenerated/RoadmapSkills/src/DeventSoft.RoadmapSkills.BlazorApp/DeventSoft.RoadmapSkills.BlazorApp.csproj" (target "PrepareForBuild" depends on it):
   8:6>Done building target "GetFrameworkPaths" in project "DeventSoft.RoadmapSkills.BlazorApp.csproj".
   9:7>ResolveAssemblyReferences:
             Reference found at search path location "{RawFileName}".
             This reference is not "CopyLocal" because at least one source item had "Private" set to "false" and no source items had "Private" set to "true".
   8:6>Target "_CheckForUnsupportedTargetFramework" skipped, due to false condition; ('$(_UnsupportedTargetFrameworkError)' == 'true') was evaluated as ('' == 'true').
   9:7>ResolveAssemblyReferences:
             The ImageRuntimeVersion for this reference is "".
         Primary reference "System.Net.WebSockets, Version=8.0.0.0, Culture=neutral, PublicKeyToken=b03f5f7f11d50a3a".
             Resolved file path is "/Users/dacanetdev/.nuget/packages/microsoft.netcore.app.ref/8.0.13/ref/net8.0/System.Net.WebSockets.dll".
             Reference found at search path location "{RawFileName}".
   8:6>Target "_CheckForUnsupportedTargetPlatformIdentifier" skipped, due to false condition; ('$(TargetPlatformIdentifier)' != '' and '$(TargetFrameworkIdentifier)' == '.NETCoreApp' and $([MSBuild]::VersionGreaterThanOrEquals($(TargetFrameworkVersion), 5.0)) And ('$(DesignTimeBuild)' != 'true' Or '@(MissingWorkloadPack)' == '')) was evaluated as ('' != '' and '.NETCoreApp' == '.NETCoreApp' and True And ('' != 'true' Or '' == '')).
       Target "_CheckForMissingWorkload" skipped, due to false condition; ('@(MissingWorkloadPack)' != '' And '$(DesignTimeBuild)' != 'true') was evaluated as ('' != '' And '' != 'true').
   8:6>Target "GetReferenceAssemblyPaths" in file "/usr/local/share/dotnet/sdk/9.0.200/Sdks/Microsoft.NET.Sdk/targets/Microsoft.NET.DisableStandardFrameworkResolution.targets" from project "/Users/dacanetdev/Dev/AIGenerated/RoadmapSkills/src/DeventSoft.RoadmapSkills.BlazorApp/DeventSoft.RoadmapSkills.BlazorApp.csproj" (target "PrepareForBuild" depends on it):
   8:6>Done building target "GetReferenceAssemblyPaths" in project "DeventSoft.RoadmapSkills.BlazorApp.csproj".
       Target "AssignLinkMetadata" skipped, due to false condition; ( '$(SynthesizeLinkMetadata)' == 'true' ) was evaluated as ( '' == 'true' ).
   8:6>Target "ResolveRazorGenerateInputs" in file "/usr/local/share/dotnet/sdk/9.0.200/Sdks/Microsoft.NET.Sdk.Razor/targets/Sdk.Razor.CurrentVersion.targets" from project "/Users/dacanetdev/Dev/AIGenerated/RoadmapSkills/src/DeventSoft.RoadmapSkills.BlazorApp/DeventSoft.RoadmapSkills.BlazorApp.csproj" (target "PrepareForBuild" depends on it):
   8:6>Done building target "ResolveRazorGenerateInputs" in project "DeventSoft.RoadmapSkills.BlazorApp.csproj".
       Target "_VerifyPackReleaseConfigurations" skipped, due to false condition; ('$(_IsPacking)' == 'true' and '$(DOTNET_CLI_DISABLE_PUBLISH_AND_PACK_RELEASE)' != 'true' and '$(DOTNET_CLI_LAZY_PUBLISH_AND_PACK_RELEASE_FOR_SOLUTIONS)' == 'true') was evaluated as ('' == 'true' and '' != 'true' and '' == 'true').
   8:6>Target "PrepareForBuild" in file "/usr/local/share/dotnet/sdk/9.0.200/Microsoft.Common.CurrentVersion.targets" from project "/Users/dacanetdev/Dev/AIGenerated/RoadmapSkills/src/DeventSoft.RoadmapSkills.BlazorApp/DeventSoft.RoadmapSkills.BlazorApp.csproj" (target "CoreBuild" depends on it):
       Using "FindAppConfigFile" task from assembly "Microsoft.Build.Tasks.Core, Version=15.1.0.0, Culture=neutral, PublicKeyToken=b03f5f7f11d50a3a".
       Task "FindAppConfigFile"
       Done executing task "FindAppConfigFile".
   9:7>ResolveAssemblyReferences:
             This reference is not "CopyLocal" because at least one source item had "Private" set to "false" and no source items had "Private" set to "true".
             The ImageRuntimeVersion for this reference is "".
         Primary reference "System.Net, Version=4.0.0.0, Culture=neutral, PublicKeyToken=b03f5f7f11d50a3a".
             Resolved file path is "/Users/dacanetdev/.nuget/packages/microsoft.netcore.app.ref/8.0.13/ref/net8.0/System.Net.dll".
             Reference found at search path location "{RawFileName}".
             This reference is not "CopyLocal" because at least one source item had "Private" set to "false" and no source items had "Private" set to "true".
             The ImageRuntimeVersion for this reference is "".
         Primary reference "System.Numerics.Vectors, Version=8.0.0.0, Culture=neutral, PublicKeyToken=b03f5f7f11d50a3a".
             Resolved file path is "/Users/dacanetdev/.nuget/packages/microsoft.netcore.app.ref/8.0.13/ref/net8.0/System.Numerics.Vectors.dll".
             Reference found at search path location "{RawFileName}".
             This reference is not "CopyLocal" because at least one source item had "Private" set to "false" and no source items had "Private" set to "true".
             The ImageRuntimeVersion for this reference is "".
         Primary reference "System.Numerics, Version=4.0.0.0, Culture=neutral, PublicKeyToken=b77a5c561934e089".
             Resolved file path is "/Users/dacanetdev/.nuget/packages/microsoft.netcore.app.ref/8.0.13/ref/net8.0/System.Numerics.dll".
             Reference found at search path location "{RawFileName}".
             This reference is not "CopyLocal" because at least one source item had "Private" set to "false" and no source items had "Private" set to "true".
   8:6>PrepareForBuild:
       Using "MakeDir" task from assembly "Microsoft.Build.Tasks.Core, Version=15.1.0.0, Culture=neutral, PublicKeyToken=b03f5f7f11d50a3a".
       Task "MakeDir"
   9:7>ResolveAssemblyReferences:
             The ImageRuntimeVersion for this reference is "".
         Primary reference "System.ObjectModel, Version=8.0.0.0, Culture=neutral, PublicKeyToken=b03f5f7f11d50a3a".
             Resolved file path is "/Users/dacanetdev/.nuget/packages/microsoft.netcore.app.ref/8.0.13/ref/net8.0/System.ObjectModel.dll".
             Reference found at search path location "{RawFileName}".
             This reference is not "CopyLocal" because at least one source item had "Private" set to "false" and no source items had "Private" set to "true".
             The ImageRuntimeVersion for this reference is "".
         Primary reference "System.Reflection.DispatchProxy, Version=8.0.0.0, Culture=neutral, PublicKeyToken=b03f5f7f11d50a3a".
             Resolved file path is "/Users/dacanetdev/.nuget/packages/microsoft.netcore.app.ref/8.0.13/ref/net8.0/System.Reflection.DispatchProxy.dll".
             Reference found at search path location "{RawFileName}".
             This reference is not "CopyLocal" because at least one source item had "Private" set to "false" and no source items had "Private" set to "true".
             The ImageRuntimeVersion for this reference is "".
         Primary reference "System.Reflection.Emit.ILGeneration, Version=8.0.0.0, Culture=neutral, PublicKeyToken=b03f5f7f11d50a3a".
             Resolved file path is "/Users/dacanetdev/.nuget/packages/microsoft.netcore.app.ref/8.0.13/ref/net8.0/System.Reflection.Emit.ILGeneration.dll".
             Reference found at search path location "{RawFileName}".
             This reference is not "CopyLocal" because at least one source item had "Private" set to "false" and no source items had "Private" set to "true".
             The ImageRuntimeVersion for this reference is "".
         Primary reference "System.Reflection.Emit.Lightweight, Version=8.0.0.0, Culture=neutral, PublicKeyToken=b03f5f7f11d50a3a".
             Resolved file path is "/Users/dacanetdev/.nuget/packages/microsoft.netcore.app.ref/8.0.13/ref/net8.0/System.Reflection.Emit.Lightweight.dll".
             Reference found at search path location "{RawFileName}".
             This reference is not "CopyLocal" because at least one source item had "Private" set to "false" and no source items had "Private" set to "true".
             The ImageRuntimeVersion for this reference is "".
         Primary reference "System.Reflection.Emit, Version=8.0.0.0, Culture=neutral, PublicKeyToken=b03f5f7f11d50a3a".
             Resolved file path is "/Users/dacanetdev/.nuget/packages/microsoft.netcore.app.ref/8.0.13/ref/net8.0/System.Reflection.Emit.dll".
             Reference found at search path location "{RawFileName}".
             This reference is not "CopyLocal" because at least one source item had "Private" set to "false" and no source items had "Private" set to "true".
             The ImageRuntimeVersion for this reference is "".
         Primary reference "System.Reflection.Extensions, Version=8.0.0.0, Culture=neutral, PublicKeyToken=b03f5f7f11d50a3a".
             Resolved file path is "/Users/dacanetdev/.nuget/packages/microsoft.netcore.app.ref/8.0.13/ref/net8.0/System.Reflection.Extensions.dll".
             Reference found at search path location "{RawFileName}".
             This reference is not "CopyLocal" because at least one source item had "Private" set to "false" and no source items had "Private" set to "true".
             The ImageRuntimeVersion for this reference is "".
         Primary reference "System.Reflection.Metadata, Version=8.0.0.0, Culture=neutral, PublicKeyToken=b03f5f7f11d50a3a".
             Resolved file path is "/Users/dacanetdev/.nuget/packages/microsoft.netcore.app.ref/8.0.13/ref/net8.0/System.Reflection.Metadata.dll".
             Reference found at search path location "{RawFileName}".
             This reference is not "CopyLocal" because at least one source item had "Private" set to "false" and no source items had "Private" set to "true".
             The ImageRuntimeVersion for this reference is "".
         Primary reference "System.Reflection.Primitives, Version=8.0.0.0, Culture=neutral, PublicKeyToken=b03f5f7f11d50a3a".
             Resolved file path is "/Users/dacanetdev/.nuget/packages/microsoft.netcore.app.ref/8.0.13/ref/net8.0/System.Reflection.Primitives.dll".
             Reference found at search path location "{RawFileName}".
             This reference is not "CopyLocal" because at least one source item had "Private" set to "false" and no source items had "Private" set to "true".
             The ImageRuntimeVersion for this reference is "".
         Primary reference "System.Reflection.TypeExtensions, Version=8.0.0.0, Culture=neutral, PublicKeyToken=b03f5f7f11d50a3a".
             Resolved file path is "/Users/dacanetdev/.nuget/packages/microsoft.netcore.app.ref/8.0.13/ref/net8.0/System.Reflection.TypeExtensions.dll".
             Reference found at search path location "{RawFileName}".
             This reference is not "CopyLocal" because at least one source item had "Private" set to "false" and no source items had "Private" set to "true".
             The ImageRuntimeVersion for this reference is "".
         Primary reference "System.Reflection, Version=8.0.0.0, Culture=neutral, PublicKeyToken=b03f5f7f11d50a3a".
             Resolved file path is "/Users/dacanetdev/.nuget/packages/microsoft.netcore.app.ref/8.0.13/ref/net8.0/System.Reflection.dll".
             Reference found at search path location "{RawFileName}".
             This reference is not "CopyLocal" because at least one source item had "Private" set to "false" and no source items had "Private" set to "true".
             The ImageRuntimeVersion for this reference is "".
         Primary reference "System.Resources.Reader, Version=8.0.0.0, Culture=neutral, PublicKeyToken=b03f5f7f11d50a3a".
             Resolved file path is "/Users/dacanetdev/.nuget/packages/microsoft.netcore.app.ref/8.0.13/ref/net8.0/System.Resources.Reader.dll".
             Reference found at search path location "{RawFileName}".
             This reference is not "CopyLocal" because at least one source item had "Private" set to "false" and no source items had "Private" set to "true".
             The ImageRuntimeVersion for this reference is "".
         Primary reference "System.Resources.ResourceManager, Version=8.0.0.0, Culture=neutral, PublicKeyToken=b03f5f7f11d50a3a".
             Resolved file path is "/Users/dacanetdev/.nuget/packages/microsoft.netcore.app.ref/8.0.13/ref/net8.0/System.Resources.ResourceManager.dll".
             Reference found at search path location "{RawFileName}".
             This reference is not "CopyLocal" because at least one source item had "Private" set to "false" and no source items had "Private" set to "true".
             The ImageRuntimeVersion for this reference is "".
         Primary reference "System.Resources.Writer, Version=8.0.0.0, Culture=neutral, PublicKeyToken=b03f5f7f11d50a3a".
             Resolved file path is "/Users/dacanetdev/.nuget/packages/microsoft.netcore.app.ref/8.0.13/ref/net8.0/System.Resources.Writer.dll".
             Reference found at search path location "{RawFileName}".
             This reference is not "CopyLocal" because at least one source item had "Private" set to "false" and no source items had "Private" set to "true".
             The ImageRuntimeVersion for this reference is "".
         Primary reference "System.Runtime.CompilerServices.Unsafe, Version=8.0.0.0, Culture=neutral, PublicKeyToken=b03f5f7f11d50a3a".
             Resolved file path is "/Users/dacanetdev/.nuget/packages/microsoft.netcore.app.ref/8.0.13/ref/net8.0/System.Runtime.CompilerServices.Unsafe.dll".
             Reference found at search path location "{RawFileName}".
             This reference is not "CopyLocal" because at least one source item had "Private" set to "false" and no source items had "Private" set to "true".
             The ImageRuntimeVersion for this reference is "".
         Primary reference "System.Runtime.CompilerServices.VisualC, Version=8.0.0.0, Culture=neutral, PublicKeyToken=b03f5f7f11d50a3a".
             Resolved file path is "/Users/dacanetdev/.nuget/packages/microsoft.netcore.app.ref/8.0.13/ref/net8.0/System.Runtime.CompilerServices.VisualC.dll".
             Reference found at search path location "{RawFileName}".
             This reference is not "CopyLocal" because at least one source item had "Private" set to "false" and no source items had "Private" set to "true".
             The ImageRuntimeVersion for this reference is "".
         Primary reference "System.Runtime.Extensions, Version=8.0.0.0, Culture=neutral, PublicKeyToken=b03f5f7f11d50a3a".
             Resolved file path is "/Users/dacanetdev/.nuget/packages/microsoft.netcore.app.ref/8.0.13/ref/net8.0/System.Runtime.Extensions.dll".
             Reference found at search path location "{RawFileName}".
             This reference is not "CopyLocal" because at least one source item had "Private" set to "false" and no source items had "Private" set to "true".
             The ImageRuntimeVersion for this reference is "".
         Primary reference "System.Runtime.Handles, Version=8.0.0.0, Culture=neutral, PublicKeyToken=b03f5f7f11d50a3a".
             Resolved file path is "/Users/dacanetdev/.nuget/packages/microsoft.netcore.app.ref/8.0.13/ref/net8.0/System.Runtime.Handles.dll".
             Reference found at search path location "{RawFileName}".
             This reference is not "CopyLocal" because at least one source item had "Private" set to "false" and no source items had "Private" set to "true".
             The ImageRuntimeVersion for this reference is "".
         Primary reference "System.Runtime.InteropServices.JavaScript, Version=8.0.0.0, Culture=neutral, PublicKeyToken=b03f5f7f11d50a3a".
             Resolved file path is "/Users/dacanetdev/.nuget/packages/microsoft.netcore.app.ref/8.0.13/ref/net8.0/System.Runtime.InteropServices.JavaScript.dll".
             Reference found at search path location "{RawFileName}".
             This reference is not "CopyLocal" because at least one source item had "Private" set to "false" and no source items had "Private" set to "true".
             The ImageRuntimeVersion for this reference is "".
         Primary reference "System.Runtime.InteropServices.RuntimeInformation, Version=8.0.0.0, Culture=neutral, PublicKeyToken=b03f5f7f11d50a3a".
             Resolved file path is "/Users/dacanetdev/.nuget/packages/microsoft.netcore.app.ref/8.0.13/ref/net8.0/System.Runtime.InteropServices.RuntimeInformation.dll".
             Reference found at search path location "{RawFileName}".
             This reference is not "CopyLocal" because at least one source item had "Private" set to "false" and no source items had "Private" set to "true".
             The ImageRuntimeVersion for this reference is "".
         Primary reference "System.Runtime.InteropServices, Version=8.0.0.0, Culture=neutral, PublicKeyToken=b03f5f7f11d50a3a".
             Resolved file path is "/Users/dacanetdev/.nuget/packages/microsoft.netcore.app.ref/8.0.13/ref/net8.0/System.Runtime.InteropServices.dll".
             Reference found at search path location "{RawFileName}".
             This reference is not "CopyLocal" because at least one source item had "Private" set to "false" and no source items had "Private" set to "true".
             The ImageRuntimeVersion for this reference is "".
         Primary reference "System.Runtime.Intrinsics, Version=8.0.0.0, Culture=neutral, PublicKeyToken=cc7b13ffcd2ddd51".
             Resolved file path is "/Users/dacanetdev/.nuget/packages/microsoft.netcore.app.ref/8.0.13/ref/net8.0/System.Runtime.Intrinsics.dll".
             Reference found at search path location "{RawFileName}".
             This reference is not "CopyLocal" because at least one source item had "Private" set to "false" and no source items had "Private" set to "true".
             The ImageRuntimeVersion for this reference is "".
         Primary reference "System.Runtime.Loader, Version=8.0.0.0, Culture=neutral, PublicKeyToken=b03f5f7f11d50a3a".
             Resolved file path is "/Users/dacanetdev/.nuget/packages/microsoft.netcore.app.ref/8.0.13/ref/net8.0/System.Runtime.Loader.dll".
             Reference found at search path location "{RawFileName}".
             This reference is not "CopyLocal" because at least one source item had "Private" set to "false" and no source items had "Private" set to "true".
             The ImageRuntimeVersion for this reference is "".
         Primary reference "System.Runtime.Numerics, Version=8.0.0.0, Culture=neutral, PublicKeyToken=b03f5f7f11d50a3a".
             Resolved file path is "/Users/dacanetdev/.nuget/packages/microsoft.netcore.app.ref/8.0.13/ref/net8.0/System.Runtime.Numerics.dll".
             Reference found at search path location "{RawFileName}".
             This reference is not "CopyLocal" because at least one source item had "Private" set to "false" and no source items had "Private" set to "true".
             The ImageRuntimeVersion for this reference is "".
         Primary reference "System.Runtime.Serialization.Formatters, Version=8.0.0.0, Culture=neutral, PublicKeyToken=b03f5f7f11d50a3a".
             Resolved file path is "/Users/dacanetdev/.nuget/packages/microsoft.netcore.app.ref/8.0.13/ref/net8.0/System.Runtime.Serialization.Formatters.dll".
             Reference found at search path location "{RawFileName}".
             This reference is not "CopyLocal" because at least one source item had "Private" set to "false" and no source items had "Private" set to "true".
             The ImageRuntimeVersion for this reference is "".
         Primary reference "System.Runtime.Serialization.Json, Version=8.0.0.0, Culture=neutral, PublicKeyToken=b03f5f7f11d50a3a".
             Resolved file path is "/Users/dacanetdev/.nuget/packages/microsoft.netcore.app.ref/8.0.13/ref/net8.0/System.Runtime.Serialization.Json.dll".
             Reference found at search path location "{RawFileName}".
             This reference is not "CopyLocal" because at least one source item had "Private" set to "false" and no source items had "Private" set to "true".
             The ImageRuntimeVersion for this reference is "".
         Primary reference "System.Runtime.Serialization.Primitives, Version=8.0.0.0, Culture=neutral, PublicKeyToken=b03f5f7f11d50a3a".
             Resolved file path is "/Users/dacanetdev/.nuget/packages/microsoft.netcore.app.ref/8.0.13/ref/net8.0/System.Runtime.Serialization.Primitives.dll".
             Reference found at search path location "{RawFileName}".
             This reference is not "CopyLocal" because at least one source item had "Private" set to "false" and no source items had "Private" set to "true".
             The ImageRuntimeVersion for this reference is "".
         Primary reference "System.Runtime.Serialization.Xml, Version=8.0.0.0, Culture=neutral, PublicKeyToken=b03f5f7f11d50a3a".
             Resolved file path is "/Users/dacanetdev/.nuget/packages/microsoft.netcore.app.ref/8.0.13/ref/net8.0/System.Runtime.Serialization.Xml.dll".
             Reference found at search path location "{RawFileName}".
             This reference is not "CopyLocal" because at least one source item had "Private" set to "false" and no source items had "Private" set to "true".
             The ImageRuntimeVersion for this reference is "".
         Primary reference "System.Runtime.Serialization, Version=4.0.0.0, Culture=neutral, PublicKeyToken=b77a5c561934e089".
             Resolved file path is "/Users/dacanetdev/.nuget/packages/microsoft.netcore.app.ref/8.0.13/ref/net8.0/System.Runtime.Serialization.dll".
             Reference found at search path location "{RawFileName}".
             This reference is not "CopyLocal" because at least one source item had "Private" set to "false" and no source items had "Private" set to "true".
             The ImageRuntimeVersion for this reference is "".
         Primary reference "System.Runtime, Version=8.0.0.0, Culture=neutral, PublicKeyToken=b03f5f7f11d50a3a".
             Resolved file path is "/Users/dacanetdev/.nuget/packages/microsoft.netcore.app.ref/8.0.13/ref/net8.0/System.Runtime.dll".
             Reference found at search path location "{RawFileName}".
             This reference is not "CopyLocal" because at least one source item had "Private" set to "false" and no source items had "Private" set to "true".
             The ImageRuntimeVersion for this reference is "".
         Primary reference "System.Security.AccessControl, Version=8.0.0.0, Culture=neutral, PublicKeyToken=b03f5f7f11d50a3a".
             Resolved file path is "/Users/dacanetdev/.nuget/packages/microsoft.netcore.app.ref/8.0.13/ref/net8.0/System.Security.AccessControl.dll".
             Reference found at search path location "{RawFileName}".
             This reference is not "CopyLocal" because at least one source item had "Private" set to "false" and no source items had "Private" set to "true".
             The ImageRuntimeVersion for this reference is "".
         Primary reference "System.Security.Claims, Version=8.0.0.0, Culture=neutral, PublicKeyToken=b03f5f7f11d50a3a".
             Resolved file path is "/Users/dacanetdev/.nuget/packages/microsoft.netcore.app.ref/8.0.13/ref/net8.0/System.Security.Claims.dll".
             Reference found at search path location "{RawFileName}".
             This reference is not "CopyLocal" because at least one source item had "Private" set to "false" and no source items had "Private" set to "true".
             The ImageRuntimeVersion for this reference is "".
         Primary reference "System.Security.Cryptography.Algorithms, Version=8.0.0.0, Culture=neutral, PublicKeyToken=b03f5f7f11d50a3a".
             Resolved file path is "/Users/dacanetdev/.nuget/packages/microsoft.netcore.app.ref/8.0.13/ref/net8.0/System.Security.Cryptography.Algorithms.dll".
             Reference found at search path location "{RawFileName}".
             This reference is not "CopyLocal" because at least one source item had "Private" set to "false" and no source items had "Private" set to "true".
             The ImageRuntimeVersion for this reference is "".
         Primary reference "System.Security.Cryptography.Cng, Version=8.0.0.0, Culture=neutral, PublicKeyToken=b03f5f7f11d50a3a".
             Resolved file path is "/Users/dacanetdev/.nuget/packages/microsoft.netcore.app.ref/8.0.13/ref/net8.0/System.Security.Cryptography.Cng.dll".
             Reference found at search path location "{RawFileName}".
             This reference is not "CopyLocal" because at least one source item had "Private" set to "false" and no source items had "Private" set to "true".
             The ImageRuntimeVersion for this reference is "".
         Primary reference "System.Security.Cryptography.Csp, Version=8.0.0.0, Culture=neutral, PublicKeyToken=b03f5f7f11d50a3a".
             Resolved file path is "/Users/dacanetdev/.nuget/packages/microsoft.netcore.app.ref/8.0.13/ref/net8.0/System.Security.Cryptography.Csp.dll".
             Reference found at search path location "{RawFileName}".
             This reference is not "CopyLocal" because at least one source item had "Private" set to "false" and no source items had "Private" set to "true".
             The ImageRuntimeVersion for this reference is "".
         Primary reference "System.Security.Cryptography.Encoding, Version=8.0.0.0, Culture=neutral, PublicKeyToken=b03f5f7f11d50a3a".
             Resolved file path is "/Users/dacanetdev/.nuget/packages/microsoft.netcore.app.ref/8.0.13/ref/net8.0/System.Security.Cryptography.Encoding.dll".
             Reference found at search path location "{RawFileName}".
             This reference is not "CopyLocal" because at least one source item had "Private" set to "false" and no source items had "Private" set to "true".
             The ImageRuntimeVersion for this reference is "".
         Primary reference "System.Security.Cryptography.OpenSsl, Version=8.0.0.0, Culture=neutral, PublicKeyToken=b03f5f7f11d50a3a".
             Resolved file path is "/Users/dacanetdev/.nuget/packages/microsoft.netcore.app.ref/8.0.13/ref/net8.0/System.Security.Cryptography.OpenSsl.dll".
             Reference found at search path location "{RawFileName}".
             This reference is not "CopyLocal" because at least one source item had "Private" set to "false" and no source items had "Private" set to "true".
             The ImageRuntimeVersion for this reference is "".
         Primary reference "System.Security.Cryptography.Primitives, Version=8.0.0.0, Culture=neutral, PublicKeyToken=b03f5f7f11d50a3a".
             Resolved file path is "/Users/dacanetdev/.nuget/packages/microsoft.netcore.app.ref/8.0.13/ref/net8.0/System.Security.Cryptography.Primitives.dll".
             Reference found at search path location "{RawFileName}".
             This reference is not "CopyLocal" because at least one source item had "Private" set to "false" and no source items had "Private" set to "true".
             The ImageRuntimeVersion for this reference is "".
         Primary reference "System.Security.Cryptography.X509Certificates, Version=8.0.0.0, Culture=neutral, PublicKeyToken=b03f5f7f11d50a3a".
             Resolved file path is "/Users/dacanetdev/.nuget/packages/microsoft.netcore.app.ref/8.0.13/ref/net8.0/System.Security.Cryptography.X509Certificates.dll".
             Reference found at search path location "{RawFileName}".
             This reference is not "CopyLocal" because at least one source item had "Private" set to "false" and no source items had "Private" set to "true".
             The ImageRuntimeVersion for this reference is "".
         Primary reference "System.Security.Cryptography, Version=8.0.0.0, Culture=neutral, PublicKeyToken=b03f5f7f11d50a3a".
             Resolved file path is "/Users/dacanetdev/.nuget/packages/microsoft.netcore.app.ref/8.0.13/ref/net8.0/System.Security.Cryptography.dll".
             Reference found at search path location "{RawFileName}".
             This reference is not "CopyLocal" because at least one source item had "Private" set to "false" and no source items had "Private" set to "true".
             The ImageRuntimeVersion for this reference is "".
         Primary reference "System.Security.Principal.Windows, Version=8.0.0.0, Culture=neutral, PublicKeyToken=b03f5f7f11d50a3a".
             Resolved file path is "/Users/dacanetdev/.nuget/packages/microsoft.netcore.app.ref/8.0.13/ref/net8.0/System.Security.Principal.Windows.dll".
             Reference found at search path location "{RawFileName}".
             This reference is not "CopyLocal" because at least one source item had "Private" set to "false" and no source items had "Private" set to "true".
             The ImageRuntimeVersion for this reference is "".
         Primary reference "System.Security.Principal, Version=8.0.0.0, Culture=neutral, PublicKeyToken=b03f5f7f11d50a3a".
             Resolved file path is "/Users/dacanetdev/.nuget/packages/microsoft.netcore.app.ref/8.0.13/ref/net8.0/System.Security.Principal.dll".
             Reference found at search path location "{RawFileName}".
             This reference is not "CopyLocal" because at least one source item had "Private" set to "false" and no source items had "Private" set to "true".
   8:6>Done executing task "MakeDir".
   9:7>ResolveAssemblyReferences:
             The ImageRuntimeVersion for this reference is "".
         Primary reference "System.Security.SecureString, Version=8.0.0.0, Culture=neutral, PublicKeyToken=b03f5f7f11d50a3a".
   8:6>Done building target "PrepareForBuild" in project "DeventSoft.RoadmapSkills.BlazorApp.csproj".
   9:7>ResolveAssemblyReferences:
             Resolved file path is "/Users/dacanetdev/.nuget/packages/microsoft.netcore.app.ref/8.0.13/ref/net8.0/System.Security.SecureString.dll".
             Reference found at search path location "{RawFileName}".
             This reference is not "CopyLocal" because at least one source item had "Private" set to "false" and no source items had "Private" set to "true".
             The ImageRuntimeVersion for this reference is "".
         Primary reference "System.Security, Version=4.0.0.0, Culture=neutral, PublicKeyToken=b03f5f7f11d50a3a".
             Resolved file path is "/Users/dacanetdev/.nuget/packages/microsoft.netcore.app.ref/8.0.13/ref/net8.0/System.Security.dll".
             Reference found at search path location "{RawFileName}".
             This reference is not "CopyLocal" because at least one source item had "Private" set to "false" and no source items had "Private" set to "true".
             The ImageRuntimeVersion for this reference is "".
         Primary reference "System.ServiceModel.Web, Version=4.0.0.0, Culture=neutral, PublicKeyToken=31bf3856ad364e35".
             Resolved file path is "/Users/dacanetdev/.nuget/packages/microsoft.netcore.app.ref/8.0.13/ref/net8.0/System.ServiceModel.Web.dll".
             Reference found at search path location "{RawFileName}".
             This reference is not "CopyLocal" because at least one source item had "Private" set to "false" and no source items had "Private" set to "true".
             The ImageRuntimeVersion for this reference is "".
         Primary reference "System.ServiceProcess, Version=4.0.0.0, Culture=neutral, PublicKeyToken=b03f5f7f11d50a3a".
             Resolved file path is "/Users/dacanetdev/.nuget/packages/microsoft.netcore.app.ref/8.0.13/ref/net8.0/System.ServiceProcess.dll".
             Reference found at search path location "{RawFileName}".
             This reference is not "CopyLocal" because at least one source item had "Private" set to "false" and no source items had "Private" set to "true".
             The ImageRuntimeVersion for this reference is "".
         Primary reference "System.Text.Encoding.CodePages, Version=8.0.0.0, Culture=neutral, PublicKeyToken=b03f5f7f11d50a3a".
             Resolved file path is "/Users/dacanetdev/.nuget/packages/microsoft.netcore.app.ref/8.0.13/ref/net8.0/System.Text.Encoding.CodePages.dll".
             Reference found at search path location "{RawFileName}".
             This reference is not "CopyLocal" because at least one source item had "Private" set to "false" and no source items had "Private" set to "true".
             The ImageRuntimeVersion for this reference is "".
         Primary reference "System.Text.Encoding.Extensions, Version=8.0.0.0, Culture=neutral, PublicKeyToken=b03f5f7f11d50a3a".
             Resolved file path is "/Users/dacanetdev/.nuget/packages/microsoft.netcore.app.ref/8.0.13/ref/net8.0/System.Text.Encoding.Extensions.dll".
             Reference found at search path location "{RawFileName}".
             This reference is not "CopyLocal" because at least one source item had "Private" set to "false" and no source items had "Private" set to "true".
             The ImageRuntimeVersion for this reference is "".
         Primary reference "System.Text.Encoding, Version=8.0.0.0, Culture=neutral, PublicKeyToken=b03f5f7f11d50a3a".
             Resolved file path is "/Users/dacanetdev/.nuget/packages/microsoft.netcore.app.ref/8.0.13/ref/net8.0/System.Text.Encoding.dll".
             Reference found at search path location "{RawFileName}".
             This reference is not "CopyLocal" because at least one source item had "Private" set to "false" and no source items had "Private" set to "true".
             The ImageRuntimeVersion for this reference is "".
         Primary reference "System.Text.Encodings.Web, Version=8.0.0.0, Culture=neutral, PublicKeyToken=cc7b13ffcd2ddd51".
             Resolved file path is "/Users/dacanetdev/.nuget/packages/microsoft.netcore.app.ref/8.0.13/ref/net8.0/System.Text.Encodings.Web.dll".
             Reference found at search path location "{RawFileName}".
             This reference is not "CopyLocal" because at least one source item had "Private" set to "false" and no source items had "Private" set to "true".
   8:6>Target "GenerateGlobalUsings" in file "/usr/local/share/dotnet/sdk/9.0.200/Sdks/Microsoft.NET.Sdk/targets/Microsoft.NET.GenerateGlobalUsings.targets" from project "/Users/dacanetdev/Dev/AIGenerated/RoadmapSkills/src/DeventSoft.RoadmapSkills.BlazorApp/DeventSoft.RoadmapSkills.BlazorApp.csproj" (target "CoreBuild" depends on it):
   8:6>Using "GenerateGlobalUsings" task from assembly "/usr/local/share/dotnet/sdk/9.0.200/Sdks/Microsoft.NET.Sdk/targets/../tools/net9.0/Microsoft.NET.Build.Tasks.dll".
   9:7>ResolveAssemblyReferences:
             The ImageRuntimeVersion for this reference is "".
   8:6>Task "GenerateGlobalUsings"
   9:7>ResolveAssemblyReferences:
         Primary reference "System.Text.Json, Version=8.0.0.0, Culture=neutral, PublicKeyToken=cc7b13ffcd2ddd51".
             Resolved file path is "/Users/dacanetdev/.nuget/packages/microsoft.netcore.app.ref/8.0.13/ref/net8.0/System.Text.Json.dll".
             Reference found at search path location "{RawFileName}".
             This reference is not "CopyLocal" because at least one source item had "Private" set to "false" and no source items had "Private" set to "true".
             The ImageRuntimeVersion for this reference is "".
         Primary reference "System.Text.RegularExpressions, Version=8.0.0.0, Culture=neutral, PublicKeyToken=b03f5f7f11d50a3a".
             Resolved file path is "/Users/dacanetdev/.nuget/packages/microsoft.netcore.app.ref/8.0.13/ref/net8.0/System.Text.RegularExpressions.dll".
             Reference found at search path location "{RawFileName}".
             This reference is not "CopyLocal" because at least one source item had "Private" set to "false" and no source items had "Private" set to "true".
             The ImageRuntimeVersion for this reference is "".
         Primary reference "System.Threading.Channels, Version=8.0.0.0, Culture=neutral, PublicKeyToken=cc7b13ffcd2ddd51".
             Resolved file path is "/Users/dacanetdev/.nuget/packages/microsoft.netcore.app.ref/8.0.13/ref/net8.0/System.Threading.Channels.dll".
             Reference found at search path location "{RawFileName}".
             This reference is not "CopyLocal" because at least one source item had "Private" set to "false" and no source items had "Private" set to "true".
             The ImageRuntimeVersion for this reference is "".
         Primary reference "System.Threading.Overlapped, Version=8.0.0.0, Culture=neutral, PublicKeyToken=b03f5f7f11d50a3a".
             Resolved file path is "/Users/dacanetdev/.nuget/packages/microsoft.netcore.app.ref/8.0.13/ref/net8.0/System.Threading.Overlapped.dll".
             Reference found at search path location "{RawFileName}".
             This reference is not "CopyLocal" because at least one source item had "Private" set to "false" and no source items had "Private" set to "true".
             The ImageRuntimeVersion for this reference is "".
         Primary reference "System.Threading.Tasks.Dataflow, Version=8.0.0.0, Culture=neutral, PublicKeyToken=b03f5f7f11d50a3a".
             Resolved file path is "/Users/dacanetdev/.nuget/packages/microsoft.netcore.app.ref/8.0.13/ref/net8.0/System.Threading.Tasks.Dataflow.dll".
             Reference found at search path location "{RawFileName}".
             This reference is not "CopyLocal" because at least one source item had "Private" set to "false" and no source items had "Private" set to "true".
             The ImageRuntimeVersion for this reference is "".
         Primary reference "System.Threading.Tasks.Extensions, Version=8.0.0.0, Culture=neutral, PublicKeyToken=cc7b13ffcd2ddd51".
             Resolved file path is "/Users/dacanetdev/.nuget/packages/microsoft.netcore.app.ref/8.0.13/ref/net8.0/System.Threading.Tasks.Extensions.dll".
             Reference found at search path location "{RawFileName}".
             This reference is not "CopyLocal" because at least one source item had "Private" set to "false" and no source items had "Private" set to "true".
             The ImageRuntimeVersion for this reference is "".
         Primary reference "System.Threading.Tasks.Parallel, Version=8.0.0.0, Culture=neutral, PublicKeyToken=b03f5f7f11d50a3a".
             Resolved file path is "/Users/dacanetdev/.nuget/packages/microsoft.netcore.app.ref/8.0.13/ref/net8.0/System.Threading.Tasks.Parallel.dll".
             Reference found at search path location "{RawFileName}".
             This reference is not "CopyLocal" because at least one source item had "Private" set to "false" and no source items had "Private" set to "true".
             The ImageRuntimeVersion for this reference is "".
         Primary reference "System.Threading.Tasks, Version=8.0.0.0, Culture=neutral, PublicKeyToken=b03f5f7f11d50a3a".
             Resolved file path is "/Users/dacanetdev/.nuget/packages/microsoft.netcore.app.ref/8.0.13/ref/net8.0/System.Threading.Tasks.dll".
             Reference found at search path location "{RawFileName}".
             This reference is not "CopyLocal" because at least one source item had "Private" set to "false" and no source items had "Private" set to "true".
             The ImageRuntimeVersion for this reference is "".
         Primary reference "System.Threading.Thread, Version=8.0.0.0, Culture=neutral, PublicKeyToken=b03f5f7f11d50a3a".
             Resolved file path is "/Users/dacanetdev/.nuget/packages/microsoft.netcore.app.ref/8.0.13/ref/net8.0/System.Threading.Thread.dll".
             Reference found at search path location "{RawFileName}".
             This reference is not "CopyLocal" because at least one source item had "Private" set to "false" and no source items had "Private" set to "true".
             The ImageRuntimeVersion for this reference is "".
         Primary reference "System.Threading.ThreadPool, Version=8.0.0.0, Culture=neutral, PublicKeyToken=b03f5f7f11d50a3a".
             Resolved file path is "/Users/dacanetdev/.nuget/packages/microsoft.netcore.app.ref/8.0.13/ref/net8.0/System.Threading.ThreadPool.dll".
             Reference found at search path location "{RawFileName}".
             This reference is not "CopyLocal" because at least one source item had "Private" set to "false" and no source items had "Private" set to "true".
             The ImageRuntimeVersion for this reference is "".
         Primary reference "System.Threading.Timer, Version=8.0.0.0, Culture=neutral, PublicKeyToken=b03f5f7f11d50a3a".
             Resolved file path is "/Users/dacanetdev/.nuget/packages/microsoft.netcore.app.ref/8.0.13/ref/net8.0/System.Threading.Timer.dll".
             Reference found at search path location "{RawFileName}".
             This reference is not "CopyLocal" because at least one source item had "Private" set to "false" and no source items had "Private" set to "true".
             The ImageRuntimeVersion for this reference is "".
         Primary reference "System.Threading, Version=8.0.0.0, Culture=neutral, PublicKeyToken=b03f5f7f11d50a3a".
             Resolved file path is "/Users/dacanetdev/.nuget/packages/microsoft.netcore.app.ref/8.0.13/ref/net8.0/System.Threading.dll".
             Reference found at search path location "{RawFileName}".
             This reference is not "CopyLocal" because at least one source item had "Private" set to "false" and no source items had "Private" set to "true".
             The ImageRuntimeVersion for this reference is "".
         Primary reference "System.Transactions.Local, Version=8.0.0.0, Culture=neutral, PublicKeyToken=cc7b13ffcd2ddd51".
             Resolved file path is "/Users/dacanetdev/.nuget/packages/microsoft.netcore.app.ref/8.0.13/ref/net8.0/System.Transactions.Local.dll".
             Reference found at search path location "{RawFileName}".
             This reference is not "CopyLocal" because at least one source item had "Private" set to "false" and no source items had "Private" set to "true".
             The ImageRuntimeVersion for this reference is "".
         Primary reference "System.Transactions, Version=4.0.0.0, Culture=neutral, PublicKeyToken=b77a5c561934e089".
             Resolved file path is "/Users/dacanetdev/.nuget/packages/microsoft.netcore.app.ref/8.0.13/ref/net8.0/System.Transactions.dll".
             Reference found at search path location "{RawFileName}".
             This reference is not "CopyLocal" because at least one source item had "Private" set to "false" and no source items had "Private" set to "true".
             The ImageRuntimeVersion for this reference is "".
         Primary reference "System.ValueTuple, Version=8.0.0.0, Culture=neutral, PublicKeyToken=cc7b13ffcd2ddd51".
             Resolved file path is "/Users/dacanetdev/.nuget/packages/microsoft.netcore.app.ref/8.0.13/ref/net8.0/System.ValueTuple.dll".
             Reference found at search path location "{RawFileName}".
             This reference is not "CopyLocal" because at least one source item had "Private" set to "false" and no source items had "Private" set to "true".
             The ImageRuntimeVersion for this reference is "".
         Primary reference "System.Web.HttpUtility, Version=8.0.0.0, Culture=neutral, PublicKeyToken=cc7b13ffcd2ddd51".
             Resolved file path is "/Users/dacanetdev/.nuget/packages/microsoft.netcore.app.ref/8.0.13/ref/net8.0/System.Web.HttpUtility.dll".
             Reference found at search path location "{RawFileName}".
             This reference is not "CopyLocal" because at least one source item had "Private" set to "false" and no source items had "Private" set to "true".
             The ImageRuntimeVersion for this reference is "".
         Primary reference "System.Web, Version=4.0.0.0, Culture=neutral, PublicKeyToken=b03f5f7f11d50a3a".
             Resolved file path is "/Users/dacanetdev/.nuget/packages/microsoft.netcore.app.ref/8.0.13/ref/net8.0/System.Web.dll".
             Reference found at search path location "{RawFileName}".
             This reference is not "CopyLocal" because at least one source item had "Private" set to "false" and no source items had "Private" set to "true".
             The ImageRuntimeVersion for this reference is "".
         Primary reference "System.Windows, Version=4.0.0.0, Culture=neutral, PublicKeyToken=b03f5f7f11d50a3a".
             Resolved file path is "/Users/dacanetdev/.nuget/packages/microsoft.netcore.app.ref/8.0.13/ref/net8.0/System.Windows.dll".
             Reference found at search path location "{RawFileName}".
             This reference is not "CopyLocal" because at least one source item had "Private" set to "false" and no source items had "Private" set to "true".
             The ImageRuntimeVersion for this reference is "".
         Primary reference "System.Xml.Linq, Version=4.0.0.0, Culture=neutral, PublicKeyToken=b77a5c561934e089".
             Resolved file path is "/Users/dacanetdev/.nuget/packages/microsoft.netcore.app.ref/8.0.13/ref/net8.0/System.Xml.Linq.dll".
             Reference found at search path location "{RawFileName}".
             This reference is not "CopyLocal" because at least one source item had "Private" set to "false" and no source items had "Private" set to "true".
             The ImageRuntimeVersion for this reference is "".
         Primary reference "System.Xml.ReaderWriter, Version=8.0.0.0, Culture=neutral, PublicKeyToken=b03f5f7f11d50a3a".
             Resolved file path is "/Users/dacanetdev/.nuget/packages/microsoft.netcore.app.ref/8.0.13/ref/net8.0/System.Xml.ReaderWriter.dll".
             Reference found at search path location "{RawFileName}".
             This reference is not "CopyLocal" because at least one source item had "Private" set to "false" and no source items had "Private" set to "true".
             The ImageRuntimeVersion for this reference is "".
         Primary reference "System.Xml.Serialization, Version=4.0.0.0, Culture=neutral, PublicKeyToken=b77a5c561934e089".
             Resolved file path is "/Users/dacanetdev/.nuget/packages/microsoft.netcore.app.ref/8.0.13/ref/net8.0/System.Xml.Serialization.dll".
             Reference found at search path location "{RawFileName}".
             This reference is not "CopyLocal" because at least one source item had "Private" set to "false" and no source items had "Private" set to "true".
             The ImageRuntimeVersion for this reference is "".
         Primary reference "System.Xml.XDocument, Version=8.0.0.0, Culture=neutral, PublicKeyToken=b03f5f7f11d50a3a".
             Resolved file path is "/Users/dacanetdev/.nuget/packages/microsoft.netcore.app.ref/8.0.13/ref/net8.0/System.Xml.XDocument.dll".
             Reference found at search path location "{RawFileName}".
             This reference is not "CopyLocal" because at least one source item had "Private" set to "false" and no source items had "Private" set to "true".
             The ImageRuntimeVersion for this reference is "".
         Primary reference "System.Xml.XPath.XDocument, Version=8.0.0.0, Culture=neutral, PublicKeyToken=b03f5f7f11d50a3a".
             Resolved file path is "/Users/dacanetdev/.nuget/packages/microsoft.netcore.app.ref/8.0.13/ref/net8.0/System.Xml.XPath.XDocument.dll".
             Reference found at search path location "{RawFileName}".
             This reference is not "CopyLocal" because at least one source item had "Private" set to "false" and no source items had "Private" set to "true".
             The ImageRuntimeVersion for this reference is "".
         Primary reference "System.Xml.XPath, Version=8.0.0.0, Culture=neutral, PublicKeyToken=b03f5f7f11d50a3a".
             Resolved file path is "/Users/dacanetdev/.nuget/packages/microsoft.netcore.app.ref/8.0.13/ref/net8.0/System.Xml.XPath.dll".
             Reference found at search path location "{RawFileName}".
             This reference is not "CopyLocal" because at least one source item had "Private" set to "false" and no source items had "Private" set to "true".
             The ImageRuntimeVersion for this reference is "".
         Primary reference "System.Xml.XmlDocument, Version=8.0.0.0, Culture=neutral, PublicKeyToken=b03f5f7f11d50a3a".
             Resolved file path is "/Users/dacanetdev/.nuget/packages/microsoft.netcore.app.ref/8.0.13/ref/net8.0/System.Xml.XmlDocument.dll".
             Reference found at search path location "{RawFileName}".
             This reference is not "CopyLocal" because at least one source item had "Private" set to "false" and no source items had "Private" set to "true".
             The ImageRuntimeVersion for this reference is "".
         Primary reference "System.Xml.XmlSerializer, Version=8.0.0.0, Culture=neutral, PublicKeyToken=b03f5f7f11d50a3a".
             Resolved file path is "/Users/dacanetdev/.nuget/packages/microsoft.netcore.app.ref/8.0.13/ref/net8.0/System.Xml.XmlSerializer.dll".
             Reference found at search path location "{RawFileName}".
             This reference is not "CopyLocal" because at least one source item had "Private" set to "false" and no source items had "Private" set to "true".
             The ImageRuntimeVersion for this reference is "".
         Primary reference "System.Xml, Version=4.0.0.0, Culture=neutral, PublicKeyToken=b77a5c561934e089".
             Resolved file path is "/Users/dacanetdev/.nuget/packages/microsoft.netcore.app.ref/8.0.13/ref/net8.0/System.Xml.dll".
             Reference found at search path location "{RawFileName}".
             This reference is not "CopyLocal" because at least one source item had "Private" set to "false" and no source items had "Private" set to "true".
             The ImageRuntimeVersion for this reference is "".
         Primary reference "System, Version=4.0.0.0, Culture=neutral, PublicKeyToken=b77a5c561934e089".
             Resolved file path is "/Users/dacanetdev/.nuget/packages/microsoft.netcore.app.ref/8.0.13/ref/net8.0/System.dll".
             Reference found at search path location "{RawFileName}".
             This reference is not "CopyLocal" because at least one source item had "Private" set to "false" and no source items had "Private" set to "true".
             The ImageRuntimeVersion for this reference is "".
         Primary reference "WindowsBase, Version=4.0.0.0, Culture=neutral, PublicKeyToken=31bf3856ad364e35".
             Resolved file path is "/Users/dacanetdev/.nuget/packages/microsoft.netcore.app.ref/8.0.13/ref/net8.0/WindowsBase.dll".
             Reference found at search path location "{RawFileName}".
             This reference is not "CopyLocal" because at least one source item had "Private" set to "false" and no source items had "Private" set to "true".
             The ImageRuntimeVersion for this reference is "".
         Primary reference "mscorlib, Version=4.0.0.0, Culture=neutral, PublicKeyToken=b77a5c561934e089".
             Resolved file path is "/Users/dacanetdev/.nuget/packages/microsoft.netcore.app.ref/8.0.13/ref/net8.0/mscorlib.dll".
             Reference found at search path location "{RawFileName}".
             This reference is not "CopyLocal" because at least one source item had "Private" set to "false" and no source items had "Private" set to "true".
             The ImageRuntimeVersion for this reference is "".
         Primary reference "netstandard, Version=2.1.0.0, Culture=neutral, PublicKeyToken=cc7b13ffcd2ddd51".
             Resolved file path is "/Users/dacanetdev/.nuget/packages/microsoft.netcore.app.ref/8.0.13/ref/net8.0/netstandard.dll".
             Reference found at search path location "{RawFileName}".
             This reference is not "CopyLocal" because at least one source item had "Private" set to "false" and no source items had "Private" set to "true".
             The ImageRuntimeVersion for this reference is "".
       Done executing task "ResolveAssemblyReference".
   9:7>Done building target "ResolveAssemblyReferences" in project "DeventSoft.RoadmapSkills.Users.Domain.csproj".
       Target "GenerateBindingRedirects" skipped, due to false condition; ('$(AutoGenerateBindingRedirects)' == 'true' and '$(GenerateBindingRedirectsOutputType)' == 'true' and '@(SuggestedBindingRedirects)' != '' and '$(DesignTimeBuild)' != 'true' and '$(BuildingProject)' == 'true') was evaluated as ('' == 'true' and '' == 'true' and '' != '' and '' != 'true' and 'true' == 'true').
       Target "GenerateSupportedRuntime" skipped, due to false condition; ('$(GenerateSupportedRuntime)' != 'false' and '$(TargetFrameworkIdentifier)' == '.NETFramework' and '$(HasRuntimeOutput)' == 'true') was evaluated as ('' != 'false' and '.NETCoreApp' == '.NETFramework' and '' == 'true').
       Target "GenerateBindingRedirectsUpdateAppConfig" skipped, due to false condition; ('$(AutoGenerateBindingRedirects)' == 'true' and '$(GenerateBindingRedirectsOutputType)' == 'true') was evaluated as ('' == 'true' and '' == 'true').
       Target "ResolveComReferences" skipped, due to false condition; ('@(COMReference)'!='' or '@(COMFileReference)'!='') was evaluated as (''!='' or ''!='').
   9:7>Target "AfterResolveReferences" in file "/usr/local/share/dotnet/sdk/9.0.200/Microsoft.Common.CurrentVersion.targets" from project "/Users/dacanetdev/Dev/AIGenerated/RoadmapSkills/src/Modules/Users/DeventSoft.RoadmapSkills.Users.Domain/DeventSoft.RoadmapSkills.Users.Domain.csproj" (target "ResolveReferences" depends on it):
   9:7>Done building target "AfterResolveReferences" in project "DeventSoft.RoadmapSkills.Users.Domain.csproj".
   9:7>Target "ResolveReferences" in file "/usr/local/share/dotnet/sdk/9.0.200/Microsoft.Common.CurrentVersion.targets" from project "/Users/dacanetdev/Dev/AIGenerated/RoadmapSkills/src/Modules/Users/DeventSoft.RoadmapSkills.Users.Domain/DeventSoft.RoadmapSkills.Users.Domain.csproj" (target "_BlockWinMDsOnUnsupportedTFMs" depends on it):
   9:7>Done building target "ResolveReferences" in project "DeventSoft.RoadmapSkills.Users.Domain.csproj".
   9:7>Target "_BlockWinMDsOnUnsupportedTFMs" in file "/usr/local/share/dotnet/sdk/9.0.200/Sdks/Microsoft.NET.Sdk/targets/Microsoft.NET.Sdk.targets" from project "/Users/dacanetdev/Dev/AIGenerated/RoadmapSkills/src/Modules/Users/DeventSoft.RoadmapSkills.Users.Domain/DeventSoft.RoadmapSkills.Users.Domain.csproj" (target "CoreBuild" depends on it):
       Using "CheckForUnsupportedWinMDReferences" task from assembly "/usr/local/share/dotnet/sdk/9.0.200/Sdks/Microsoft.NET.Sdk/targets/../tools/net9.0/Microsoft.NET.Build.Tasks.dll".
       Task "CheckForUnsupportedWinMDReferences"
       Done executing task "CheckForUnsupportedWinMDReferences".
       Task "NETSdkError" skipped, due to false condition; ('$(OutputType)' == 'winmdobj') was evaluated as ('Library' == 'winmdobj').
   9:7>Done building target "_BlockWinMDsOnUnsupportedTFMs" in project "DeventSoft.RoadmapSkills.Users.Domain.csproj".
       Target "ResolveReferences" skipped. Previously built successfully.
       Target "ResolvePackageDependenciesForBuild" skipped. Previously built successfully.
       Target "_HandlePackageFileConflicts" skipped. Previously built successfully.
   9:7>Target "CopyAdditionalFiles" in file "/usr/local/share/dotnet/sdk/9.0.200/Roslyn/Microsoft.Managed.Core.targets" from project "/Users/dacanetdev/Dev/AIGenerated/RoadmapSkills/src/Modules/Users/DeventSoft.RoadmapSkills.Users.Domain/DeventSoft.RoadmapSkills.Users.Domain.csproj" (target "AssignTargetPaths" depends on it):
   9:7>Done building target "CopyAdditionalFiles" in project "DeventSoft.RoadmapSkills.Users.Domain.csproj".
       Target "_GetAppHostPaths" skipped, due to false condition; ('$(UseAppHost)' == 'true' and '$(_IsExecutable)' == 'true') was evaluated as ('' == 'true' and '' == 'true').
       Target "_GetAppHostCreationConfiguration" skipped, due to false condition; ('$(UseAppHost)' == 'true' and '$(_IsExecutable)' == 'true') was evaluated as ('' == 'true' and '' == 'true').
       Target "_GetComHostPaths" skipped, due to false condition; ('$(EnableComHosting)' == 'true' and '$(_IsExecutable)' != 'true') was evaluated as ('' == 'true' and '' != 'true').
       Target "_GetIjwHostPaths" skipped, due to false condition; ('$(UseIJWHost)' == 'true') was evaluated as ('' == 'true').
   9:7>Target "_ComputeNETCoreBuildOutputFiles" in file "/usr/local/share/dotnet/sdk/9.0.200/Sdks/Microsoft.NET.Sdk/targets/Microsoft.NET.Sdk.targets" from project "/Users/dacanetdev/Dev/AIGenerated/RoadmapSkills/src/Modules/Users/DeventSoft.RoadmapSkills.Users.Domain/DeventSoft.RoadmapSkills.Users.Domain.csproj" (target "AssignTargetPaths" depends on it):
   9:7>Done building target "_ComputeNETCoreBuildOutputFiles" in project "DeventSoft.RoadmapSkills.Users.Domain.csproj".
   9:7>Target "AssignTargetPaths" in file "/usr/local/share/dotnet/sdk/9.0.200/Microsoft.Common.CurrentVersion.targets" from project "/Users/dacanetdev/Dev/AIGenerated/RoadmapSkills/src/Modules/Users/DeventSoft.RoadmapSkills.Users.Domain/DeventSoft.RoadmapSkills.Users.Domain.csproj" (target "PrepareResourceNames" depends on it):
       Task "AssignTargetPath"
       Done executing task "AssignTargetPath".
       Task "AssignTargetPath"
       Done executing task "AssignTargetPath".
       Task "AssignTargetPath"
       Done executing task "AssignTargetPath".
       Task "AssignTargetPath"
       Done executing task "AssignTargetPath".
       Task "AssignTargetPath" skipped, due to false condition; ('@(_DeploymentBaseManifestWithTargetPath)'=='' and '%(None.Extension)'=='.manifest') was evaluated as (''=='' and ''=='.manifest').
   9:7>Done building target "AssignTargetPaths" in project "DeventSoft.RoadmapSkills.Users.Domain.csproj".
       Target "AssignTargetPaths" skipped. Previously built successfully.
   9:7>Target "SplitResourcesByCulture" in file "/usr/local/share/dotnet/sdk/9.0.200/Microsoft.Common.CurrentVersion.targets" from project "/Users/dacanetdev/Dev/AIGenerated/RoadmapSkills/src/Modules/Users/DeventSoft.RoadmapSkills.Users.Domain/DeventSoft.RoadmapSkills.Users.Domain.csproj" (target "PrepareResourceNames" depends on it):
       Task "MSBuildInternalMessage" skipped, due to false condition; ('@(ResxWithNoCulture)'!='') was evaluated as (''!='').
       Task "MSBuildInternalMessage" skipped, due to false condition; ('@(ResxWithCulture)'!='') was evaluated as (''!='').
       Task "MSBuildInternalMessage" skipped, due to false condition; ('@(NonResxWithCulture)'!='') was evaluated as (''!='').
       Task "MSBuildInternalMessage" skipped, due to false condition; ('@(NonResxWithNoCulture)'!='') was evaluated as (''!='').
       Task "AssignCulture"
       Done executing task "AssignCulture".
   9:7>Done building target "SplitResourcesByCulture" in project "DeventSoft.RoadmapSkills.Users.Domain.csproj".
       Target "CreateManifestResourceNames" skipped, due to false condition; ('@(EmbeddedResource)' != '') was evaluated as ('' != '').
   9:7>Target "CreateCustomManifestResourceNames" in file "/usr/local/share/dotnet/sdk/9.0.200/Microsoft.Common.CurrentVersion.targets" from project "/Users/dacanetdev/Dev/AIGenerated/RoadmapSkills/src/Modules/Users/DeventSoft.RoadmapSkills.Users.Domain/DeventSoft.RoadmapSkills.Users.Domain.csproj" (target "PrepareResourceNames" depends on it):
   9:7>Done building target "CreateCustomManifestResourceNames" in project "DeventSoft.RoadmapSkills.Users.Domain.csproj".
   9:7>Target "PrepareResourceNames" in file "/usr/local/share/dotnet/sdk/9.0.200/Microsoft.Common.CurrentVersion.targets" from project "/Users/dacanetdev/Dev/AIGenerated/RoadmapSkills/src/Modules/Users/DeventSoft.RoadmapSkills.Users.Domain/DeventSoft.RoadmapSkills.Users.Domain.csproj" (target "PrepareResources" depends on it):
   9:7>Done building target "PrepareResourceNames" in project "DeventSoft.RoadmapSkills.Users.Domain.csproj".
       Target "ResolveAssemblyReferences" skipped. Previously built successfully.
       Target "SplitResourcesByCulture" skipped. Previously built successfully.
   9:7>Target "BeforeResGen" in file "/usr/local/share/dotnet/sdk/9.0.200/Microsoft.Common.CurrentVersion.targets" from project "/Users/dacanetdev/Dev/AIGenerated/RoadmapSkills/src/Modules/Users/DeventSoft.RoadmapSkills.Users.Domain/DeventSoft.RoadmapSkills.Users.Domain.csproj" (target "ResGen" depends on it):
   9:7>Done building target "BeforeResGen" in project "DeventSoft.RoadmapSkills.Users.Domain.csproj".
       Target "ResolveReferences" skipped. Previously built successfully.
   9:7>Target "FindReferenceAssembliesForReferences" in file "/usr/local/share/dotnet/sdk/9.0.200/Microsoft.Common.CurrentVersion.targets" from project "/Users/dacanetdev/Dev/AIGenerated/RoadmapSkills/src/Modules/Users/DeventSoft.RoadmapSkills.Users.Domain/DeventSoft.RoadmapSkills.Users.Domain.csproj" (target "CoreResGen" depends on it):
   9:7>Done building target "FindReferenceAssembliesForReferences" in project "DeventSoft.RoadmapSkills.Users.Domain.csproj".
   9:7>Target "CoreResGen" in file "/usr/local/share/dotnet/sdk/9.0.200/Microsoft.Common.CurrentVersion.targets" from project "/Users/dacanetdev/Dev/AIGenerated/RoadmapSkills/src/Modules/Users/DeventSoft.RoadmapSkills.Users.Domain/DeventSoft.RoadmapSkills.Users.Domain.csproj" (target "ResGen" depends on it):
       Task "GenerateResource" skipped, due to false condition; ('%(EmbeddedResource.Type)' == 'Resx' and '%(EmbeddedResource.GenerateResource)' != 'false' and '$(GenerateResourceMSBuildRuntime)' != 'CLR2') was evaluated as ('' == 'Resx' and '' != 'false' and 'CurrentRuntime' != 'CLR2').
       Task "GenerateResource" skipped, due to false condition; ('%(EmbeddedResource.Type)' == 'Resx' and '%(EmbeddedResource.GenerateResource)' != 'false' and '$(GenerateResourceMSBuildRuntime)' == 'CLR2') was evaluated as ('' == 'Resx' and '' != 'false' and 'CurrentRuntime' == 'CLR2').
   9:7>Done building target "CoreResGen" in project "DeventSoft.RoadmapSkills.Users.Domain.csproj".
   9:7>Target "AfterResGen" in file "/usr/local/share/dotnet/sdk/9.0.200/Microsoft.Common.CurrentVersion.targets" from project "/Users/dacanetdev/Dev/AIGenerated/RoadmapSkills/src/Modules/Users/DeventSoft.RoadmapSkills.Users.Domain/DeventSoft.RoadmapSkills.Users.Domain.csproj" (target "ResGen" depends on it):
   9:7>Done building target "AfterResGen" in project "DeventSoft.RoadmapSkills.Users.Domain.csproj".
   9:7>Target "ResGen" in file "/usr/local/share/dotnet/sdk/9.0.200/Microsoft.Common.CurrentVersion.targets" from project "/Users/dacanetdev/Dev/AIGenerated/RoadmapSkills/src/Modules/Users/DeventSoft.RoadmapSkills.Users.Domain/DeventSoft.RoadmapSkills.Users.Domain.csproj" (target "PrepareResources" depends on it):
   9:7>Done building target "ResGen" in project "DeventSoft.RoadmapSkills.Users.Domain.csproj".
       Target "CompileLicxFiles" skipped, due to false condition; ('@(_LicxFile)'!='') was evaluated as (''!='').
   9:7>Target "PrepareResources" in file "/usr/local/share/dotnet/sdk/9.0.200/Microsoft.Common.CurrentVersion.targets" from project "/Users/dacanetdev/Dev/AIGenerated/RoadmapSkills/src/Modules/Users/DeventSoft.RoadmapSkills.Users.Domain/DeventSoft.RoadmapSkills.Users.Domain.csproj" (target "CoreBuild" depends on it):
   9:7>Done building target "PrepareResources" in project "DeventSoft.RoadmapSkills.Users.Domain.csproj".
       Target "ResolveKeySource" skipped, due to false condition; ($(SignManifests) == 'true' or $(SignAssembly) == 'true') was evaluated as ( == 'true' or false == 'true').
       Target "ResolveReferences" skipped. Previously built successfully.
       Target "ResolveKeySource" skipped, due to false condition; ($(SignManifests) == 'true' or $(SignAssembly) == 'true') was evaluated as ( == 'true' or false == 'true').
       Target "ResolveComReferences" skipped, due to false condition; ('@(COMReference)'!='' or '@(COMFileReference)'!='') was evaluated as (''!='' or ''!='').
       Target "ResolveNativeReferences" skipped, due to false condition; ('@(NativeReference)'!='') was evaluated as (''!='').
       Target "_SetExternalWin32ManifestProperties" skipped, due to false condition; ('$(GenerateClickOnceManifests)'=='true' or '@(NativeReference)'!='' or '@(ResolvedIsolatedComModules)'!='') was evaluated as (''=='true' or ''!='' or ''!='').
   9:7>Target "_SetEmbeddedWin32ManifestProperties" in file "/usr/local/share/dotnet/sdk/9.0.200/Microsoft.Common.CurrentVersion.targets" from project "/Users/dacanetdev/Dev/AIGenerated/RoadmapSkills/src/Modules/Users/DeventSoft.RoadmapSkills.Users.Domain/DeventSoft.RoadmapSkills.Users.Domain.csproj" (target "SetWin32ManifestProperties" depends on it):
       Task "GetFrameworkPath"
       Done executing task "GetFrameworkPath".
   9:7>Done building target "_SetEmbeddedWin32ManifestProperties" in project "DeventSoft.RoadmapSkills.Users.Domain.csproj".
   9:7>Target "SetWin32ManifestProperties" in file "/usr/local/share/dotnet/sdk/9.0.200/Microsoft.Common.CurrentVersion.targets" from project "/Users/dacanetdev/Dev/AIGenerated/RoadmapSkills/src/Modules/Users/DeventSoft.RoadmapSkills.Users.Domain/DeventSoft.RoadmapSkills.Users.Domain.csproj" (target "Compile" depends on it):
   9:7>Done building target "SetWin32ManifestProperties" in project "DeventSoft.RoadmapSkills.Users.Domain.csproj".
       Target "_SetPreferNativeArm64Win32ManifestProperties" skipped, due to false condition; ( '$(PreferNativeArm64)'=='true' and '$(NoWin32Manifest)'!='true') was evaluated as ( 'false'=='true' and ''!='true').
       Target "FindReferenceAssembliesForReferences" skipped. Previously built successfully.
   9:7>Target "_GenerateCompileInputs" in file "/usr/local/share/dotnet/sdk/9.0.200/Microsoft.Common.CurrentVersion.targets" from project "/Users/dacanetdev/Dev/AIGenerated/RoadmapSkills/src/Modules/Users/DeventSoft.RoadmapSkills.Users.Domain/DeventSoft.RoadmapSkills.Users.Domain.csproj" (target "Compile" depends on it):
       Task "MSBuildInternalMessage" skipped, due to false condition; ('@(ManifestResourceWithNoCulture)'!='' and '%(ManifestResourceWithNoCulture.EmittedForCompatibilityOnly)'=='') was evaluated as (''!='' and ''=='').
       Task "MSBuildInternalMessage" skipped, due to false condition; ('@(ManifestNonResxWithNoCultureOnDisk)'!='' and '%(ManifestNonResxWithNoCultureOnDisk.EmittedForCompatibilityOnly)'=='') was evaluated as (''!='' and ''=='').
   9:7>Done building target "_GenerateCompileInputs" in project "DeventSoft.RoadmapSkills.Users.Domain.csproj".
       Target "GenerateTargetPlatformDefineConstants" skipped, due to false condition; ( '$(DisableImplicitFrameworkDefines)' != 'true' and '$(TargetPlatformIdentifier)' != '' and '$(TargetFrameworkIdentifier)' == '.NETCoreApp' and $([MSBuild]::VersionGreaterThanOrEquals($(TargetFrameworkVersion), 5.0)) ) was evaluated as ( '' != 'true' and '' != '' and '.NETCoreApp' == '.NETCoreApp' and True ).
   9:7>Target "GenerateNETCompatibleDefineConstants" in file "/usr/local/share/dotnet/sdk/9.0.200/Sdks/Microsoft.NET.Sdk/targets/Microsoft.NET.Sdk.BeforeCommon.targets" from project "/Users/dacanetdev/Dev/AIGenerated/RoadmapSkills/src/Modules/Users/DeventSoft.RoadmapSkills.Users.Domain/DeventSoft.RoadmapSkills.Users.Domain.csproj" (target "AddImplicitDefineConstants" depends on it):
   9:7>Done building target "GenerateNETCompatibleDefineConstants" in project "DeventSoft.RoadmapSkills.Users.Domain.csproj".
       Target "GeneratePlatformCompatibleDefineConstants" skipped, due to false condition; ( '$(DisableImplicitFrameworkDefines)' != 'true' and '$(TargetPlatformIdentifier)' != '' and '$(TargetFrameworkIdentifier)' == '.NETCoreApp' and $([MSBuild]::VersionGreaterThanOrEquals($(TargetFrameworkVersion), 5.0)) ) was evaluated as ( '' != 'true' and '' != '' and '.NETCoreApp' == '.NETCoreApp' and True ).
       Target "_DisableDiagnosticTracing" skipped, due to false condition; ('$(DisableDiagnosticTracing)' == 'true') was evaluated as ('' == 'true').
   9:7>Target "AddImplicitDefineConstants" in file "/usr/local/share/dotnet/sdk/9.0.200/Sdks/Microsoft.NET.Sdk/targets/Microsoft.NET.Sdk.BeforeCommon.targets" from project "/Users/dacanetdev/Dev/AIGenerated/RoadmapSkills/src/Modules/Users/DeventSoft.RoadmapSkills.Users.Domain/DeventSoft.RoadmapSkills.Users.Domain.csproj" (target "BeforeCompile" depends on it):
   9:7>Done building target "AddImplicitDefineConstants" in project "DeventSoft.RoadmapSkills.Users.Domain.csproj".
       Target "PrepareForBuild" skipped. Previously built successfully.
   9:7>Target "GenerateMSBuildEditorConfigFileShouldRun" in file "/usr/local/share/dotnet/sdk/9.0.200/Roslyn/Microsoft.Managed.Core.targets" from project "/Users/dacanetdev/Dev/AIGenerated/RoadmapSkills/src/Modules/Users/DeventSoft.RoadmapSkills.Users.Domain/DeventSoft.RoadmapSkills.Users.Domain.csproj" (target "GenerateMSBuildEditorConfigFile" depends on it):
   9:7>Done building target "GenerateMSBuildEditorConfigFileShouldRun" in project "DeventSoft.RoadmapSkills.Users.Domain.csproj".
   9:7>Target "AddGlobalAnalyzerConfigForPackage_MicrosoftCodeAnalysisCSharpCodeStyle" in file "/usr/local/share/dotnet/sdk/9.0.200/Sdks/Microsoft.NET.Sdk/codestyle/cs/build/Microsoft.CodeAnalysis.CSharp.CodeStyle.targets" from project "/Users/dacanetdev/Dev/AIGenerated/RoadmapSkills/src/Modules/Users/DeventSoft.RoadmapSkills.Users.Domain/DeventSoft.RoadmapSkills.Users.Domain.csproj" (target "GenerateMSBuildEditorConfigFileCore" depends on it):
   9:7>Done building target "AddGlobalAnalyzerConfigForPackage_MicrosoftCodeAnalysisCSharpCodeStyle" in project "DeventSoft.RoadmapSkills.Users.Domain.csproj".
   9:7>Target "GenerateMSBuildEditorConfigFileCore" in file "/usr/local/share/dotnet/sdk/9.0.200/Roslyn/Microsoft.Managed.Core.targets" from project "/Users/dacanetdev/Dev/AIGenerated/RoadmapSkills/src/Modules/Users/DeventSoft.RoadmapSkills.Users.Domain/DeventSoft.RoadmapSkills.Users.Domain.csproj" (target "GenerateMSBuildEditorConfigFile" depends on it):
       Building target "GenerateMSBuildEditorConfigFileCore" completely.
       No input files were specified.
       Using "GenerateMSBuildEditorConfig" task from assembly "/usr/local/share/dotnet/sdk/9.0.200/Roslyn/Microsoft.Build.Tasks.CodeAnalysis.dll".
       Task "GenerateMSBuildEditorConfig"
       Done executing task "GenerateMSBuildEditorConfig".
   9:7>Done building target "GenerateMSBuildEditorConfigFileCore" in project "DeventSoft.RoadmapSkills.Users.Domain.csproj".
   9:7>Target "GenerateMSBuildEditorConfigFile" in file "/usr/local/share/dotnet/sdk/9.0.200/Roslyn/Microsoft.Managed.Core.targets" from project "/Users/dacanetdev/Dev/AIGenerated/RoadmapSkills/src/Modules/Users/DeventSoft.RoadmapSkills.Users.Domain/DeventSoft.RoadmapSkills.Users.Domain.csproj" (target "BeforeCompile" depends on it):
   9:7>Done building target "GenerateMSBuildEditorConfigFile" in project "DeventSoft.RoadmapSkills.Users.Domain.csproj".
       Target "PrepareForBuild" skipped. Previously built successfully.
       Target "GetReferenceAssemblyPaths" skipped. Previously built successfully.
   9:7>Target "_SetTargetFrameworkMonikerAttribute" in file "/usr/local/share/dotnet/sdk/9.0.200/Microsoft.CSharp.CurrentVersion.targets" from project "/Users/dacanetdev/Dev/AIGenerated/RoadmapSkills/src/Modules/Users/DeventSoft.RoadmapSkills.Users.Domain/DeventSoft.RoadmapSkills.Users.Domain.csproj" (target "GenerateTargetFrameworkMonikerAttribute" depends on it):
   9:7>Done building target "_SetTargetFrameworkMonikerAttribute" in project "DeventSoft.RoadmapSkills.Users.Domain.csproj".
   9:7>Target "GenerateTargetFrameworkMonikerAttribute" in file "/usr/local/share/dotnet/sdk/9.0.200/Microsoft.Common.CurrentVersion.targets" from project "/Users/dacanetdev/Dev/AIGenerated/RoadmapSkills/src/Modules/Users/DeventSoft.RoadmapSkills.Users.Domain/DeventSoft.RoadmapSkills.Users.Domain.csproj" (target "BeforeCompile" depends on it):
       Skipping target "GenerateTargetFrameworkMonikerAttribute" because all output files are up-to-date with respect to the input files.
       Input files: /usr/local/share/dotnet/sdk/9.0.200/Microsoft.Common.targets
       Output files: obj/Debug/net8.0/.NETCoreApp,Version=v8.0.AssemblyAttributes.cs
   9:7>Done building target "GenerateTargetFrameworkMonikerAttribute" in project "DeventSoft.RoadmapSkills.Users.Domain.csproj".
       Target "GenerateAdditionalSources" skipped, due to false condition; ('@(AssemblyAttributes)' != '' and '$(GenerateAdditionalSources)' == 'true') was evaluated as ('' != '' and '' == 'true').
       Target "PrepareForBuild" skipped. Previously built successfully.
   9:7>Target "GetAssemblyVersion" in file "/usr/local/share/dotnet/sdk/9.0.200/Sdks/Microsoft.NET.Sdk/targets/Microsoft.NET.GenerateAssemblyInfo.targets" from project "/Users/dacanetdev/Dev/AIGenerated/RoadmapSkills/src/Modules/Users/DeventSoft.RoadmapSkills.Users.Domain/DeventSoft.RoadmapSkills.Users.Domain.csproj" (target "GetAssemblyAttributes" depends on it):
       Using "GetAssemblyVersion" task from assembly "/usr/local/share/dotnet/sdk/9.0.200/Sdks/Microsoft.NET.Sdk/targets/../tools/net9.0/Microsoft.NET.Build.Tasks.dll".
       Task "GetAssemblyVersion"
       Done executing task "GetAssemblyVersion".
   9:7>Done building target "GetAssemblyVersion" in project "DeventSoft.RoadmapSkills.Users.Domain.csproj".
       Target "GetAssemblyVersion" skipped. Previously built successfully.
   9:7>Target "InitializeSourceControlInformationFromSourceControlManager" in file "/usr/local/share/dotnet/sdk/9.0.200/Sdks/Microsoft.Build.Tasks.Git/build/Microsoft.Build.Tasks.Git.targets" from project "/Users/dacanetdev/Dev/AIGenerated/RoadmapSkills/src/Modules/Users/DeventSoft.RoadmapSkills.Users.Domain/DeventSoft.RoadmapSkills.Users.Domain.csproj" (target "_InitializeSourceControlInformationFromSourceControlManager" depends on it):
       Using "Microsoft.Build.Tasks.Git.LocateRepository" task from assembly "/usr/local/share/dotnet/sdk/9.0.200/Sdks/Microsoft.Build.Tasks.Git/build/../tools/net/Microsoft.Build.Tasks.Git.dll".
       Task "Microsoft.Build.Tasks.Git.LocateRepository"
         SourceLink: Reusing cached git repository information.
       Done executing task "Microsoft.Build.Tasks.Git.LocateRepository".
   9:7>Done building target "InitializeSourceControlInformationFromSourceControlManager" in project "DeventSoft.RoadmapSkills.Users.Domain.csproj".
   9:7>Target "_SourceLinkHasSingleProvider" in file "/usr/local/share/dotnet/sdk/9.0.200/Sdks/Microsoft.SourceLink.Common/build/InitializeSourceControlInformation.targets" from project "/Users/dacanetdev/Dev/AIGenerated/RoadmapSkills/src/Modules/Users/DeventSoft.RoadmapSkills.Users.Domain/DeventSoft.RoadmapSkills.Users.Domain.csproj" (target "_InitializeSourceControlInformationFromSourceControlManager" depends on it):
       Using "Microsoft.SourceLink.Common.SourceLinkHasSingleProvider" task from assembly "/usr/local/share/dotnet/sdk/9.0.200/Sdks/Microsoft.SourceLink.Common/build/../tools/net/Microsoft.SourceLink.Common.dll".
       Task "Microsoft.SourceLink.Common.SourceLinkHasSingleProvider"
       Done executing task "Microsoft.SourceLink.Common.SourceLinkHasSingleProvider".
   9:7>Done building target "_SourceLinkHasSingleProvider" in project "DeventSoft.RoadmapSkills.Users.Domain.csproj".
   9:7>Target "TranslateGitHubUrlsInSourceControlInformation" in file "/usr/local/share/dotnet/sdk/9.0.200/Sdks/Microsoft.SourceLink.GitHub/build/Microsoft.SourceLink.GitHub.targets" from project "/Users/dacanetdev/Dev/AIGenerated/RoadmapSkills/src/Modules/Users/DeventSoft.RoadmapSkills.Users.Domain/DeventSoft.RoadmapSkills.Users.Domain.csproj" (target "_InitializeSourceControlInformationFromSourceControlManager" depends on it):
       Using "Microsoft.SourceLink.GitHub.TranslateRepositoryUrls" task from assembly "/usr/local/share/dotnet/sdk/9.0.200/Sdks/Microsoft.SourceLink.GitHub/build/../tools/net/Microsoft.SourceLink.GitHub.dll".
       Task "Microsoft.SourceLink.GitHub.TranslateRepositoryUrls"
       Done executing task "Microsoft.SourceLink.GitHub.TranslateRepositoryUrls".
   9:7>Done building target "TranslateGitHubUrlsInSourceControlInformation" in project "DeventSoft.RoadmapSkills.Users.Domain.csproj".
   9:7>Target "TranslateGitLabUrlsInSourceControlInformation" in file "/usr/local/share/dotnet/sdk/9.0.200/Sdks/Microsoft.SourceLink.GitLab/build/Microsoft.SourceLink.GitLab.targets" from project "/Users/dacanetdev/Dev/AIGenerated/RoadmapSkills/src/Modules/Users/DeventSoft.RoadmapSkills.Users.Domain/DeventSoft.RoadmapSkills.Users.Domain.csproj" (target "_InitializeSourceControlInformationFromSourceControlManager" depends on it):
       Using "Microsoft.SourceLink.GitLab.TranslateRepositoryUrls" task from assembly "/usr/local/share/dotnet/sdk/9.0.200/Sdks/Microsoft.SourceLink.GitLab/build/../tools/net/Microsoft.SourceLink.GitLab.dll".
       Task "Microsoft.SourceLink.GitLab.TranslateRepositoryUrls"
       Done executing task "Microsoft.SourceLink.GitLab.TranslateRepositoryUrls".
   9:7>Done building target "TranslateGitLabUrlsInSourceControlInformation" in project "DeventSoft.RoadmapSkills.Users.Domain.csproj".
   9:7>Target "TranslateAzureReposGitUrlsInSourceControlInformation" in file "/usr/local/share/dotnet/sdk/9.0.200/Sdks/Microsoft.SourceLink.AzureRepos.Git/build/Microsoft.SourceLink.AzureRepos.Git.targets" from project "/Users/dacanetdev/Dev/AIGenerated/RoadmapSkills/src/Modules/Users/DeventSoft.RoadmapSkills.Users.Domain/DeventSoft.RoadmapSkills.Users.Domain.csproj" (target "_InitializeSourceControlInformationFromSourceControlManager" depends on it):
       Using "Microsoft.SourceLink.AzureRepos.Git.TranslateRepositoryUrls" task from assembly "/usr/local/share/dotnet/sdk/9.0.200/Sdks/Microsoft.SourceLink.AzureRepos.Git/build/../tools/net/Microsoft.SourceLink.AzureRepos.Git.dll".
       Task "Microsoft.SourceLink.AzureRepos.Git.TranslateRepositoryUrls"
       Done executing task "Microsoft.SourceLink.AzureRepos.Git.TranslateRepositoryUrls".
   9:7>Done building target "TranslateAzureReposGitUrlsInSourceControlInformation" in project "DeventSoft.RoadmapSkills.Users.Domain.csproj".
   8:6>Done executing task "GenerateGlobalUsings".
   9:7>Target "TranslateBitbucketGitUrlsInSourceControlInformation" in file "/usr/local/share/dotnet/sdk/9.0.200/Sdks/Microsoft.SourceLink.Bitbucket.Git/build/Microsoft.SourceLink.Bitbucket.Git.targets" from project "/Users/dacanetdev/Dev/AIGenerated/RoadmapSkills/src/Modules/Users/DeventSoft.RoadmapSkills.Users.Domain/DeventSoft.RoadmapSkills.Users.Domain.csproj" (target "_InitializeSourceControlInformationFromSourceControlManager" depends on it):
   9:7>Using "Microsoft.SourceLink.Bitbucket.Git.TranslateRepositoryUrls" task from assembly "/usr/local/share/dotnet/sdk/9.0.200/Sdks/Microsoft.SourceLink.Bitbucket.Git/build/../tools/net/Microsoft.SourceLink.Bitbucket.Git.dll".
       Task "Microsoft.SourceLink.Bitbucket.Git.TranslateRepositoryUrls"
   8:6>GenerateGlobalUsings:
       Using "WriteLinesToFile" task from assembly "Microsoft.Build.Tasks.Core, Version=15.1.0.0, Culture=neutral, PublicKeyToken=b03f5f7f11d50a3a".
       Task "WriteLinesToFile"
   9:7>Done executing task "Microsoft.SourceLink.Bitbucket.Git.TranslateRepositoryUrls".
   9:7>Done building target "TranslateBitbucketGitUrlsInSourceControlInformation" in project "DeventSoft.RoadmapSkills.Users.Domain.csproj".
   9:7>Target "SourceControlManagerPublishTranslatedUrls" in file "/usr/local/share/dotnet/sdk/9.0.200/Sdks/Microsoft.SourceLink.Common/build/InitializeSourceControlInformation.targets" from project "/Users/dacanetdev/Dev/AIGenerated/RoadmapSkills/src/Modules/Users/DeventSoft.RoadmapSkills.Users.Domain/DeventSoft.RoadmapSkills.Users.Domain.csproj" (target "_InitializeSourceControlInformationFromSourceControlManager" depends on it):
   9:7>Done building target "SourceControlManagerPublishTranslatedUrls" in project "DeventSoft.RoadmapSkills.Users.Domain.csproj".
   9:7>Target "_InitializeSourceControlInformationFromSourceControlManager" in file "/usr/local/share/dotnet/sdk/9.0.200/Sdks/Microsoft.SourceLink.Common/build/InitializeSourceControlInformation.targets" from project "/Users/dacanetdev/Dev/AIGenerated/RoadmapSkills/src/Modules/Users/DeventSoft.RoadmapSkills.Users.Domain/DeventSoft.RoadmapSkills.Users.Domain.csproj" (target "InitializeSourceControlInformation" depends on it):
   9:7>Done building target "_InitializeSourceControlInformationFromSourceControlManager" in project "DeventSoft.RoadmapSkills.Users.Domain.csproj".
   9:7>Target "InitializeSourceControlInformation" in file "/usr/local/share/dotnet/sdk/9.0.200/Microsoft.Common.CurrentVersion.targets" from project "/Users/dacanetdev/Dev/AIGenerated/RoadmapSkills/src/Modules/Users/DeventSoft.RoadmapSkills.Users.Domain/DeventSoft.RoadmapSkills.Users.Domain.csproj" (target "AddSourceRevisionToInformationalVersion" depends on it):
   9:7>Done building target "InitializeSourceControlInformation" in project "DeventSoft.RoadmapSkills.Users.Domain.csproj".
   9:7>Target "AddSourceRevisionToInformationalVersion" in file "/usr/local/share/dotnet/sdk/9.0.200/Sdks/Microsoft.NET.Sdk/targets/Microsoft.NET.GenerateAssemblyInfo.targets" from project "/Users/dacanetdev/Dev/AIGenerated/RoadmapSkills/src/Modules/Users/DeventSoft.RoadmapSkills.Users.Domain/DeventSoft.RoadmapSkills.Users.Domain.csproj" (target "GetAssemblyAttributes" depends on it):
   9:7>Done building target "AddSourceRevisionToInformationalVersion" in project "DeventSoft.RoadmapSkills.Users.Domain.csproj".
       Target "_GetUserSecretsAssemblyAttribute" skipped, due to false condition; ( '$(UserSecretsId)' != '' AND '$(GenerateUserSecretsAttribute)' != 'false' AND '$(GeneratedUserSecretsAttributeFile)' == '' ) was evaluated as ( '' != '' AND '' != 'false' AND '' == '' ).
   9:7>Target "GetAssemblyAttributes" in file "/usr/local/share/dotnet/sdk/9.0.200/Sdks/Microsoft.NET.Sdk/targets/Microsoft.NET.GenerateAssemblyInfo.targets" from project "/Users/dacanetdev/Dev/AIGenerated/RoadmapSkills/src/Modules/Users/DeventSoft.RoadmapSkills.Users.Domain/DeventSoft.RoadmapSkills.Users.Domain.csproj" (target "CreateGeneratedAssemblyInfoInputsCacheFile" depends on it):
   9:7>Done building target "GetAssemblyAttributes" in project "DeventSoft.RoadmapSkills.Users.Domain.csproj".
   9:7>Target "CreateGeneratedAssemblyInfoInputsCacheFile" in file "/usr/local/share/dotnet/sdk/9.0.200/Sdks/Microsoft.NET.Sdk/targets/Microsoft.NET.GenerateAssemblyInfo.targets" from project "/Users/dacanetdev/Dev/AIGenerated/RoadmapSkills/src/Modules/Users/DeventSoft.RoadmapSkills.Users.Domain/DeventSoft.RoadmapSkills.Users.Domain.csproj" (target "CoreGenerateAssemblyInfo" depends on it):
       Task "Hash"
       Done executing task "Hash".
       Task "WriteLinesToFile"
   8:6>GenerateGlobalUsings:
         Skipping write to file "obj/Debug/net8.0/DeventSoft.RoadmapSkills.BlazorApp.GlobalUsings.g.cs" because content would not change.
       Done executing task "WriteLinesToFile".
   8:6>Done building target "GenerateGlobalUsings" in project "DeventSoft.RoadmapSkills.BlazorApp.csproj".
       Target "PreBuildEvent" skipped, due to false condition; ('$(PreBuildEvent)'!='') was evaluated as (''!='').
   8:6>Target "BeforeResolveReferences" in file "/usr/local/share/dotnet/sdk/9.0.200/Microsoft.Common.CurrentVersion.targets" from project "/Users/dacanetdev/Dev/AIGenerated/RoadmapSkills/src/DeventSoft.RoadmapSkills.BlazorApp/DeventSoft.RoadmapSkills.BlazorApp.csproj" (target "ResolveReferences" depends on it):
   8:6>Done building target "BeforeResolveReferences" in project "DeventSoft.RoadmapSkills.BlazorApp.csproj".
   9:7>CreateGeneratedAssemblyInfoInputsCacheFile:
         Skipping write to file "obj/Debug/net8.0/DeventSoft.RoadmapSkills.Users.Domain.AssemblyInfoInputs.cache" because content would not change.
       Done executing task "WriteLinesToFile".
   9:7>Done building target "CreateGeneratedAssemblyInfoInputsCacheFile" in project "DeventSoft.RoadmapSkills.Users.Domain.csproj".
   8:6>Target "IgnoreJavaScriptOutputAssembly" in file "/usr/local/share/dotnet/sdk/9.0.200/Microsoft.Common.CurrentVersion.targets" from project "/Users/dacanetdev/Dev/AIGenerated/RoadmapSkills/src/DeventSoft.RoadmapSkills.BlazorApp/DeventSoft.RoadmapSkills.BlazorApp.csproj" (target "AssignProjectConfiguration" depends on it):
   8:6>Done building target "IgnoreJavaScriptOutputAssembly" in project "DeventSoft.RoadmapSkills.BlazorApp.csproj".
       Target "ProcessFrameworkReferences" skipped. Previously built successfully.
   8:6>Target "_DefaultMicrosoftNETPlatformLibrary" in file "/usr/local/share/dotnet/sdk/9.0.200/Sdks/Microsoft.NET.Sdk/targets/Microsoft.NET.Sdk.Shared.targets" from project "/Users/dacanetdev/Dev/AIGenerated/RoadmapSkills/src/DeventSoft.RoadmapSkills.BlazorApp/DeventSoft.RoadmapSkills.BlazorApp.csproj" (target "ResolvePackageAssets" depends on it):
   8:6>Done building target "_DefaultMicrosoftNETPlatformLibrary" in project "DeventSoft.RoadmapSkills.BlazorApp.csproj".
   8:6>Target "_ComputePackageReferencePublish" in file "/usr/local/share/dotnet/sdk/9.0.200/Sdks/Microsoft.NET.Sdk/targets/Microsoft.NET.Sdk.Shared.targets" from project "/Users/dacanetdev/Dev/AIGenerated/RoadmapSkills/src/DeventSoft.RoadmapSkills.BlazorApp/DeventSoft.RoadmapSkills.BlazorApp.csproj" (target "ResolvePackageAssets" depends on it):
   8:6>Done building target "_ComputePackageReferencePublish" in project "DeventSoft.RoadmapSkills.BlazorApp.csproj".
   9:7>Target "CoreGenerateAssemblyInfo" in file "/usr/local/share/dotnet/sdk/9.0.200/Sdks/Microsoft.NET.Sdk/targets/Microsoft.NET.GenerateAssemblyInfo.targets" from project "/Users/dacanetdev/Dev/AIGenerated/RoadmapSkills/src/Modules/Users/DeventSoft.RoadmapSkills.Users.Domain/DeventSoft.RoadmapSkills.Users.Domain.csproj" (target "GenerateAssemblyInfo" depends on it):
   9:7>Skipping target "CoreGenerateAssemblyInfo" because all output files are up-to-date with respect to the input files.
       Input files: obj/Debug/net8.0/DeventSoft.RoadmapSkills.Users.Domain.AssemblyInfoInputs.cache
       Output files: obj/Debug/net8.0/DeventSoft.RoadmapSkills.Users.Domain.AssemblyInfo.cs
   8:6>Target "_ResolveCompilerVersion" skipped, due to false condition; ('$(CompilerApiVersion)' == '' And
                     ('$(Language)' == 'C#' Or '$(Language)' == 'VB') And
                     Exists('$(RoslynTargetsPath)\Microsoft.Build.Tasks.CodeAnalysis.dll')) was evaluated as ('roslyn4.13' == '' And
                     ('C#' == 'C#' Or 'C#' == 'VB') And
                     Exists('/usr/local/share/dotnet/sdk/9.0.200/Roslyn\Microsoft.Build.Tasks.CodeAnalysis.dll')).
   9:7>Done building target "CoreGenerateAssemblyInfo" in project "DeventSoft.RoadmapSkills.Users.Domain.csproj".
   9:7>Target "GenerateAssemblyInfo" in file "/usr/local/share/dotnet/sdk/9.0.200/Sdks/Microsoft.NET.Sdk/targets/Microsoft.NET.GenerateAssemblyInfo.targets" from project "/Users/dacanetdev/Dev/AIGenerated/RoadmapSkills/src/Modules/Users/DeventSoft.RoadmapSkills.Users.Domain/DeventSoft.RoadmapSkills.Users.Domain.csproj" (target "BeforeCompile" depends on it):
   9:7>Done building target "GenerateAssemblyInfo" in project "DeventSoft.RoadmapSkills.Users.Domain.csproj".
   9:7>Target "BeforeCompile" in file "/usr/local/share/dotnet/sdk/9.0.200/Microsoft.Common.CurrentVersion.targets" from project "/Users/dacanetdev/Dev/AIGenerated/RoadmapSkills/src/Modules/Users/DeventSoft.RoadmapSkills.Users.Domain/DeventSoft.RoadmapSkills.Users.Domain.csproj" (target "Compile" depends on it):
   9:7>Done building target "BeforeCompile" in project "DeventSoft.RoadmapSkills.Users.Domain.csproj".
       Target "_TimeStampBeforeCompile" skipped, due to false condition; ('$(RunPostBuildEvent)'=='OnOutputUpdated' or ('$(RegisterForComInterop)'=='true' and '$(OutputType)'=='library')) was evaluated as (''=='OnOutputUpdated' or (''=='true' and 'Library'=='library')).
       Target "ResolveAssemblyReferences" skipped. Previously built successfully.
   8:6>Target "ResolvePackageAssets" in file "/usr/local/share/dotnet/sdk/9.0.200/Sdks/Microsoft.NET.Sdk/targets/Microsoft.PackageDependencyResolution.targets" from project "/Users/dacanetdev/Dev/AIGenerated/RoadmapSkills/src/DeventSoft.RoadmapSkills.BlazorApp/DeventSoft.RoadmapSkills.BlazorApp.csproj" (target "ResolveLockFileReferences" depends on it):
   8:6>Using "ResolvePackageAssets" task from assembly "/usr/local/share/dotnet/sdk/9.0.200/Sdks/Microsoft.NET.Sdk/targets/../tools/net9.0/Microsoft.NET.Build.Tasks.dll".
       Task "ResolvePackageAssets"
   9:7>Target "_GenerateCompileDependencyCache" in file "/usr/local/share/dotnet/sdk/9.0.200/Microsoft.Common.CurrentVersion.targets" from project "/Users/dacanetdev/Dev/AIGenerated/RoadmapSkills/src/Modules/Users/DeventSoft.RoadmapSkills.Users.Domain/DeventSoft.RoadmapSkills.Users.Domain.csproj" (target "Compile" depends on it):
   9:7>Task "Hash"
       Done executing task "Hash".
       Task "WriteLinesToFile"
         Skipping write to file "obj/Debug/net8.0/DeventSoft.RoadmapSkills.Users.Domain.csproj.CoreCompileInputs.cache" because content would not change.
       Done executing task "WriteLinesToFile".
   9:7>Done building target "_GenerateCompileDependencyCache" in project "DeventSoft.RoadmapSkills.Users.Domain.csproj".
       Target "_ComputeNonExistentFileProperty" skipped, due to false condition; (('$(BuildingInsideVisualStudio)' == 'true') and ('$(BuildingOutOfProcess)' != 'true') and (('$(BuildingProject)' == 'false') or ('$(UseHostCompilerIfAvailable)' == 'true'))) was evaluated as (('' == 'true') and ('' != 'true') and (('true' == 'false') or ('true' == 'true'))).
       Target "ResolveCodeAnalysisRuleSet" skipped, due to false condition; ('$(CodeAnalysisRuleSet)' != '') was evaluated as ('' != '').
       Target "ShimReferencePathsWhenCommonTargetsDoesNotUnderstandReferenceAssemblies" skipped, due to false condition; ('@(ReferencePathWithRefAssemblies)' == '') was evaluated as ('/Users/dacanetdev/Dev/AIGenerated/RoadmapSkills/src/Shared/DeventSoft.RoadmapSkills.Shared.Domain/obj/Debug/net8.0/ref/DeventSoft.RoadmapSkills.Shared.Domain.dll;/Users/dacanetdev/.nuget/packages/microsoft.netcore.app.ref/8.0.13/ref/net8.0/Microsoft.CSharp.dll;/Users/dacanetdev/.nuget/packages/microsoft.netcore.app.ref/8.0.13/ref/net8.0/Microsoft.VisualBasic.Core.dll;...' == '').
   9:7>Target "_BeforeVBCSCoreCompile" in file "/usr/local/share/dotnet/sdk/9.0.200/Roslyn/Microsoft.Managed.Core.targets" from project "/Users/dacanetdev/Dev/AIGenerated/RoadmapSkills/src/Modules/Users/DeventSoft.RoadmapSkills.Users.Domain/DeventSoft.RoadmapSkills.Users.Domain.csproj" (target "CoreCompile" depends on it):
   9:7>Done building target "_BeforeVBCSCoreCompile" in project "DeventSoft.RoadmapSkills.Users.Domain.csproj".
       Target "AdjustDefaultPlatformTargetForNetFrameworkExeWithNoNativeCopyLocalItems" skipped, due to false condition; ('$(_UsingDefaultPlatformTarget)' == 'true' and
                            '$(_UsingDefaultRuntimeIdentifier)' == 'true') was evaluated as ('true' == 'true' and
                            '' == 'true').
       Target "_DisableDiagnosticTracing" skipped, due to false condition; ('$(DisableDiagnosticTracing)' == 'true') was evaluated as ('' == 'true').
       Target "ShimReferencePathsWhenCommonTargetsDoesNotUnderstandReferenceAssemblies" skipped, due to false condition; ('@(ReferencePathWithRefAssemblies)' == '') was evaluated as ('/Users/dacanetdev/Dev/AIGenerated/RoadmapSkills/src/Shared/DeventSoft.RoadmapSkills.Shared.Domain/obj/Debug/net8.0/ref/DeventSoft.RoadmapSkills.Shared.Domain.dll;/Users/dacanetdev/.nuget/packages/microsoft.netcore.app.ref/8.0.13/ref/net8.0/Microsoft.CSharp.dll;/Users/dacanetdev/.nuget/packages/microsoft.netcore.app.ref/8.0.13/ref/net8.0/Microsoft.VisualBasic.Core.dll;...' == '').
   9:7>Target "_ComputeSkipAnalyzers" in file "/usr/local/share/dotnet/sdk/9.0.200/Roslyn/Microsoft.Managed.Core.targets" from project "/Users/dacanetdev/Dev/AIGenerated/RoadmapSkills/src/Modules/Users/DeventSoft.RoadmapSkills.Users.Domain/DeventSoft.RoadmapSkills.Users.Domain.csproj" (target "CoreCompile" depends on it):
       Task "ShowMessageForImplicitlySkipAnalyzers" skipped, due to false condition; ('$(_ImplicitlySkipAnalyzers)' == 'true') was evaluated as ('' == 'true').
   9:7>Done building target "_ComputeSkipAnalyzers" in project "DeventSoft.RoadmapSkills.Users.Domain.csproj".
       Target "_SetPathMapFromSourceRoots" skipped, due to false condition; ('$(DeterministicSourcePaths)' == 'true') was evaluated as ('' == 'true').
       Target "CreateCompilerGeneratedFilesOutputPath" skipped, due to false condition; ('$(EmitCompilerGeneratedFiles)' == 'true' and !('$(DesignTimeBuild)' == 'true' OR '$(BuildingProject)' != 'true')) was evaluated as ('false' == 'true' and !('' == 'true' OR 'true' != 'true')).
       Target "_CheckMicrosoftNetSdkCompilersToolsetPackageExists" skipped, due to false condition; ('$(_NeedToDownloadMicrosoftNetSdkCompilersToolsetPackage)' == 'true' and '$(DesignTimeBuild)' != 'true') was evaluated as ('' == 'true' and '' != 'true').
       Target "BeforeCompile" skipped. Previously built successfully.
       Target "InitializeSourceControlInformationFromSourceControlManager" skipped. Previously built successfully.
   8:6>Done executing task "ResolvePackageAssets".
   9:7>Target "SetEmbeddedFilesFromSourceControlManagerUntrackedFiles" in file "/usr/local/share/dotnet/sdk/9.0.200/Sdks/Microsoft.Build.Tasks.Git/build/Microsoft.Build.Tasks.Git.targets" from project "/Users/dacanetdev/Dev/AIGenerated/RoadmapSkills/src/Modules/Users/DeventSoft.RoadmapSkills.Users.Domain/DeventSoft.RoadmapSkills.Users.Domain.csproj" (target "_SetEmbeddedFilesFromSourceControlManagerUntrackedFiles" depends on it):
   9:7>Using "Microsoft.Build.Tasks.Git.GetUntrackedFiles" task from assembly "/usr/local/share/dotnet/sdk/9.0.200/Sdks/Microsoft.Build.Tasks.Git/build/../tools/net/Microsoft.Build.Tasks.Git.dll".
       Task "Microsoft.Build.Tasks.Git.GetUntrackedFiles"
   8:6>Done building target "ResolvePackageAssets" in project "DeventSoft.RoadmapSkills.BlazorApp.csproj".
       Target "AdjustDefaultPlatformTargetForNetFrameworkExeWithNoNativeCopyLocalItems" skipped, due to false condition; ('$(_UsingDefaultPlatformTarget)' == 'true' and
                            '$(_UsingDefaultRuntimeIdentifier)' == 'true') was evaluated as ('true' == 'true' and
                            '' == 'true').
       Target "_CheckForTransitiveWindowsDesktopDependencies" skipped, due to false condition; ('$(TargetFrameworkIdentifier)' == '.NETCoreApp' and $([MSBuild]::VersionGreaterThanOrEquals($(_TargetFrameworkVersionWithoutV), '5.0')) and '$(TargetPlatformIdentifier)' != 'Windows' and '@(TransitiveFrameworkReference)' != '') was evaluated as ('.NETCoreApp' == '.NETCoreApp' and True and '' != 'Windows' and '' != '').
       Target "AddTransitiveFrameworkReferences" skipped, due to false condition; ('@(TransitiveFrameworkReference)' != '') was evaluated as ('' != '').
   9:7>SetEmbeddedFilesFromSourceControlManagerUntrackedFiles:
         SourceLink: Reusing cached git repository information.
   8:6>Target "ResolveLockFileReferences" in file "/usr/local/share/dotnet/sdk/9.0.200/Sdks/Microsoft.NET.Sdk/targets/Microsoft.PackageDependencyResolution.targets" from project "/Users/dacanetdev/Dev/AIGenerated/RoadmapSkills/src/DeventSoft.RoadmapSkills.BlazorApp/DeventSoft.RoadmapSkills.BlazorApp.csproj" (target "ResolvePackageDependenciesForBuild" depends on it):
   8:6>Using "JoinItems" task from assembly "/usr/local/share/dotnet/sdk/9.0.200/Sdks/Microsoft.NET.Sdk/targets/../tools/net9.0/Microsoft.NET.Build.Tasks.dll".
       Task "JoinItems"
   9:7>Done executing task "Microsoft.Build.Tasks.Git.GetUntrackedFiles".
   9:7>Done building target "SetEmbeddedFilesFromSourceControlManagerUntrackedFiles" in project "DeventSoft.RoadmapSkills.Users.Domain.csproj".
   9:7>Target "_SetEmbeddedFilesFromSourceControlManagerUntrackedFiles" in file "/usr/local/share/dotnet/sdk/9.0.200/Sdks/Microsoft.SourceLink.Common/build/Microsoft.SourceLink.Common.targets" from project "/Users/dacanetdev/Dev/AIGenerated/RoadmapSkills/src/Modules/Users/DeventSoft.RoadmapSkills.Users.Domain/DeventSoft.RoadmapSkills.Users.Domain.csproj" (target "CoreCompile" depends on it):
   9:7>Done building target "_SetEmbeddedFilesFromSourceControlManagerUntrackedFiles" in project "DeventSoft.RoadmapSkills.Users.Domain.csproj".
       Target "InitializeSourceControlInformation" skipped. Previously built successfully.
   8:6>Done executing task "JoinItems".
   9:7>Target "_SetSourceLinkFilePath" in file "/usr/local/share/dotnet/sdk/9.0.200/Sdks/Microsoft.SourceLink.Common/build/Microsoft.SourceLink.Common.targets" from project "/Users/dacanetdev/Dev/AIGenerated/RoadmapSkills/src/Modules/Users/DeventSoft.RoadmapSkills.Users.Domain/DeventSoft.RoadmapSkills.Users.Domain.csproj" (target "_GenerateSourceLinkFile" depends on it):
   9:7>Done building target "_SetSourceLinkFilePath" in project "DeventSoft.RoadmapSkills.Users.Domain.csproj".
       Target "InitializeSourceControlInformation" skipped. Previously built successfully.
   8:6>Done building target "ResolveLockFileReferences" in project "DeventSoft.RoadmapSkills.BlazorApp.csproj".
   9:7>Target "_InitializeSourceRootMappedPathsFromSourceControl" in file "/usr/local/share/dotnet/sdk/9.0.200/Roslyn/Microsoft.Managed.Core.targets" from project "/Users/dacanetdev/Dev/AIGenerated/RoadmapSkills/src/Modules/Users/DeventSoft.RoadmapSkills.Users.Domain/DeventSoft.RoadmapSkills.Users.Domain.csproj" (target "InitializeSourceRootMappedPaths" depends on it):
   9:7>Done building target "_InitializeSourceRootMappedPathsFromSourceControl" in project "DeventSoft.RoadmapSkills.Users.Domain.csproj".
   8:6>Target "ResolvePackageAssets" skipped. Previously built successfully.
   9:7>Target "InitializeSourceRootMappedPaths" in file "/usr/local/share/dotnet/sdk/9.0.200/Roslyn/Microsoft.Managed.Core.targets" from project "/Users/dacanetdev/Dev/AIGenerated/RoadmapSkills/src/Modules/Users/DeventSoft.RoadmapSkills.Users.Domain/DeventSoft.RoadmapSkills.Users.Domain.csproj" (target "_InitializeSourceRootMappedPathsOpt" depends on it):
   9:7>Using "Microsoft.CodeAnalysis.BuildTasks.MapSourceRoots" task from assembly "/usr/local/share/dotnet/sdk/9.0.200/Roslyn/Microsoft.Build.Tasks.CodeAnalysis.dll".
   8:6>Target "ResolveLockFileAnalyzers" in file "/usr/local/share/dotnet/sdk/9.0.200/Sdks/Microsoft.NET.Sdk/targets/Microsoft.PackageDependencyResolution.targets" from project "/Users/dacanetdev/Dev/AIGenerated/RoadmapSkills/src/DeventSoft.RoadmapSkills.BlazorApp/DeventSoft.RoadmapSkills.BlazorApp.csproj" (target "ResolvePackageDependenciesForBuild" depends on it):
   8:6>Done building target "ResolveLockFileAnalyzers" in project "DeventSoft.RoadmapSkills.BlazorApp.csproj".
   9:7>Task "Microsoft.CodeAnalysis.BuildTasks.MapSourceRoots"
   8:6>Target "ResolvePackageAssets" skipped. Previously built successfully.
       Target "RunProduceContentAssets" skipped, due to false condition; ('@(_ContentFilesToPreprocess)' != '' and '$(_CleaningWithoutRebuilding)' != 'true') was evaluated as ('' != '' and '' != 'true').
   8:6>Target "ResolveLockFileCopyLocalFiles" in file "/usr/local/share/dotnet/sdk/9.0.200/Sdks/Microsoft.NET.Sdk/targets/Microsoft.PackageDependencyResolution.targets" from project "/Users/dacanetdev/Dev/AIGenerated/RoadmapSkills/src/DeventSoft.RoadmapSkills.BlazorApp/DeventSoft.RoadmapSkills.BlazorApp.csproj" (target "ResolvePackageDependenciesForBuild" depends on it):
   8:6>Done building target "ResolveLockFileCopyLocalFiles" in project "DeventSoft.RoadmapSkills.BlazorApp.csproj".
       Target "ResolveRuntimePackAssets" skipped, due to false condition; ('@(RuntimePack)' != '') was evaluated as ('' != '').
       Target "RunProduceContentAssets" skipped, due to false condition; ('@(_ContentFilesToPreprocess)' != '' and '$(_CleaningWithoutRebuilding)' != 'true') was evaluated as ('' != '' and '' != 'true').
       Target "ResolvePackageAssets" skipped. Previously built successfully.
   8:6>Target "IncludeTransitiveProjectReferences" in file "/usr/local/share/dotnet/sdk/9.0.200/Sdks/Microsoft.NET.Sdk/targets/Microsoft.PackageDependencyResolution.targets" from project "/Users/dacanetdev/Dev/AIGenerated/RoadmapSkills/src/DeventSoft.RoadmapSkills.BlazorApp/DeventSoft.RoadmapSkills.BlazorApp.csproj" (target "ResolvePackageDependenciesForBuild" depends on it):
   8:6>Done building target "IncludeTransitiveProjectReferences" in project "DeventSoft.RoadmapSkills.BlazorApp.csproj".
   8:6>Target "ResolvePackageDependenciesForBuild" in file "/usr/local/share/dotnet/sdk/9.0.200/Sdks/Microsoft.NET.Sdk/targets/Microsoft.PackageDependencyResolution.targets" from project "/Users/dacanetdev/Dev/AIGenerated/RoadmapSkills/src/DeventSoft.RoadmapSkills.BlazorApp/DeventSoft.RoadmapSkills.BlazorApp.csproj" (target "AssignProjectConfiguration" depends on it):
   8:6>Done building target "ResolvePackageDependenciesForBuild" in project "DeventSoft.RoadmapSkills.BlazorApp.csproj".
   9:7>Done executing task "Microsoft.CodeAnalysis.BuildTasks.MapSourceRoots".
   9:7>Done building target "InitializeSourceRootMappedPaths" in project "DeventSoft.RoadmapSkills.Users.Domain.csproj".
   9:7>Target "_InitializeSourceRootMappedPathsOpt" in file "/usr/local/share/dotnet/sdk/9.0.200/Sdks/Microsoft.SourceLink.Common/build/Microsoft.SourceLink.Common.targets" from project "/Users/dacanetdev/Dev/AIGenerated/RoadmapSkills/src/Modules/Users/DeventSoft.RoadmapSkills.Users.Domain/DeventSoft.RoadmapSkills.Users.Domain.csproj" (target "_GenerateSourceLinkFile" depends on it):
   9:7>Done building target "_InitializeSourceRootMappedPathsOpt" in project "DeventSoft.RoadmapSkills.Users.Domain.csproj".
   9:7>Target "_InitializeGitHubSourceLinkUrl" in file "/usr/local/share/dotnet/sdk/9.0.200/Sdks/Microsoft.SourceLink.GitHub/build/Microsoft.SourceLink.GitHub.targets" from project "/Users/dacanetdev/Dev/AIGenerated/RoadmapSkills/src/Modules/Users/DeventSoft.RoadmapSkills.Users.Domain/DeventSoft.RoadmapSkills.Users.Domain.csproj" (target "_GenerateSourceLinkFile" depends on it):
       Building target "_InitializeGitHubSourceLinkUrl" completely.
       No input files were specified.
       Using "Microsoft.SourceLink.GitHub.GetSourceLinkUrl" task from assembly "/usr/local/share/dotnet/sdk/9.0.200/Sdks/Microsoft.SourceLink.GitHub/build/../tools/net/Microsoft.SourceLink.GitHub.dll".
       Task "Microsoft.SourceLink.GitHub.GetSourceLinkUrl"
   8:6>Target "AssignProjectConfiguration" in file "/usr/local/share/dotnet/sdk/9.0.200/Microsoft.Common.CurrentVersion.targets" from project "/Users/dacanetdev/Dev/AIGenerated/RoadmapSkills/src/DeventSoft.RoadmapSkills.BlazorApp/DeventSoft.RoadmapSkills.BlazorApp.csproj" (target "ResolveReferences" depends on it):
   8:6>Using "AssignProjectConfiguration" task from assembly "Microsoft.Build.Tasks.Core, Version=15.1.0.0, Culture=neutral, PublicKeyToken=b03f5f7f11d50a3a".
       Task "AssignProjectConfiguration"
   9:7>Done executing task "Microsoft.SourceLink.GitHub.GetSourceLinkUrl".
   9:7>Done building target "_InitializeGitHubSourceLinkUrl" in project "DeventSoft.RoadmapSkills.Users.Domain.csproj".
   9:7>Target "_InitializeGitLabSourceLinkUrl" in file "/usr/local/share/dotnet/sdk/9.0.200/Sdks/Microsoft.SourceLink.GitLab/build/Microsoft.SourceLink.GitLab.targets" from project "/Users/dacanetdev/Dev/AIGenerated/RoadmapSkills/src/Modules/Users/DeventSoft.RoadmapSkills.Users.Domain/DeventSoft.RoadmapSkills.Users.Domain.csproj" (target "_GenerateSourceLinkFile" depends on it):
       Building target "_InitializeGitLabSourceLinkUrl" completely.
       No input files were specified.
       Using "Microsoft.SourceLink.GitLab.GetSourceLinkUrl" task from assembly "/usr/local/share/dotnet/sdk/9.0.200/Sdks/Microsoft.SourceLink.GitLab/build/../tools/net/Microsoft.SourceLink.GitLab.dll".
       Task "Microsoft.SourceLink.GitLab.GetSourceLinkUrl"
       Done executing task "Microsoft.SourceLink.GitLab.GetSourceLinkUrl".
   8:6>Done executing task "AssignProjectConfiguration".
   8:6>Done building target "AssignProjectConfiguration" in project "DeventSoft.RoadmapSkills.BlazorApp.csproj".
   9:7>Done building target "_InitializeGitLabSourceLinkUrl" in project "DeventSoft.RoadmapSkills.Users.Domain.csproj".
   8:6>Target "AssignProjectConfiguration" skipped. Previously built successfully.
   9:7>Target "_InitializeAzureReposGitSourceLinkUrl" in file "/usr/local/share/dotnet/sdk/9.0.200/Sdks/Microsoft.SourceLink.AzureRepos.Git/build/Microsoft.SourceLink.AzureRepos.Git.targets" from project "/Users/dacanetdev/Dev/AIGenerated/RoadmapSkills/src/Modules/Users/DeventSoft.RoadmapSkills.Users.Domain/DeventSoft.RoadmapSkills.Users.Domain.csproj" (target "_GenerateSourceLinkFile" depends on it):
   9:7>Building target "_InitializeAzureReposGitSourceLinkUrl" completely.
       No input files were specified.
       Using "Microsoft.SourceLink.AzureRepos.Git.GetSourceLinkUrl" task from assembly "/usr/local/share/dotnet/sdk/9.0.200/Sdks/Microsoft.SourceLink.AzureRepos.Git/build/../tools/net/Microsoft.SourceLink.AzureRepos.Git.dll".
   8:6>Target "_SplitProjectReferencesByFileExistence" in file "/usr/local/share/dotnet/sdk/9.0.200/Microsoft.Common.CurrentVersion.targets" from project "/Users/dacanetdev/Dev/AIGenerated/RoadmapSkills/src/DeventSoft.RoadmapSkills.BlazorApp/DeventSoft.RoadmapSkills.BlazorApp.csproj" (target "PrepareProjectReferences" depends on it):
   8:6>Task "ResolveNonMSBuildProjectOutput" skipped, due to false condition; ('$(BuildingInsideVisualStudio)'=='true' and '@(ProjectReferenceWithConfiguration)'!='') was evaluated as (''=='true' and ''!='').
   9:7>Task "Microsoft.SourceLink.AzureRepos.Git.GetSourceLinkUrl"
   8:6>Done building target "_SplitProjectReferencesByFileExistence" in project "DeventSoft.RoadmapSkills.BlazorApp.csproj".
   8:6>Target "_AddOutputPathToGlobalPropertiesToRemove" in file "/usr/local/share/dotnet/sdk/9.0.200/Microsoft.Common.CurrentVersion.targets" from project "/Users/dacanetdev/Dev/AIGenerated/RoadmapSkills/src/DeventSoft.RoadmapSkills.BlazorApp/DeventSoft.RoadmapSkills.BlazorApp.csproj" (target "_GetProjectReferenceTargetFrameworkProperties" depends on it):
   8:6>Done building target "_AddOutputPathToGlobalPropertiesToRemove" in project "DeventSoft.RoadmapSkills.BlazorApp.csproj".
   8:6>Target "_GetProjectReferenceTargetFrameworkProperties" in file "/usr/local/share/dotnet/sdk/9.0.200/Microsoft.Common.CurrentVersion.targets" from project "/Users/dacanetdev/Dev/AIGenerated/RoadmapSkills/src/DeventSoft.RoadmapSkills.BlazorApp/DeventSoft.RoadmapSkills.BlazorApp.csproj" (target "PrepareProjectReferences" depends on it):
       Task "MSBuild"
   9:7>Done executing task "Microsoft.SourceLink.AzureRepos.Git.GetSourceLinkUrl".
   9:7>Done building target "_InitializeAzureReposGitSourceLinkUrl" in project "DeventSoft.RoadmapSkills.Users.Domain.csproj".
   9:7>Target "_InitializeBitbucketGitSourceLinkUrl" in file "/usr/local/share/dotnet/sdk/9.0.200/Sdks/Microsoft.SourceLink.Bitbucket.Git/build/Microsoft.SourceLink.Bitbucket.Git.targets" from project "/Users/dacanetdev/Dev/AIGenerated/RoadmapSkills/src/Modules/Users/DeventSoft.RoadmapSkills.Users.Domain/DeventSoft.RoadmapSkills.Users.Domain.csproj" (target "_GenerateSourceLinkFile" depends on it):
       Building target "_InitializeBitbucketGitSourceLinkUrl" completely.
       No input files were specified.
   8:6>Done executing task "MSBuild".
   9:7>_InitializeBitbucketGitSourceLinkUrl:
       Using "Microsoft.SourceLink.Bitbucket.Git.GetSourceLinkUrl" task from assembly "/usr/local/share/dotnet/sdk/9.0.200/Sdks/Microsoft.SourceLink.Bitbucket.Git/build/../tools/net/Microsoft.SourceLink.Bitbucket.Git.dll".
       Task "Microsoft.SourceLink.Bitbucket.Git.GetSourceLinkUrl"
   8:6>_GetProjectReferenceTargetFrameworkProperties:
       Task "MSBuild" skipped, due to false condition; ('%(_MSBuildProjectReferenceExistent.SkipGetTargetFrameworkProperties)' != 'true' and '$(EnableDynamicPlatformResolution)' == 'true') was evaluated as ('' != 'true' and '' == 'true').
   9:7>Done executing task "Microsoft.SourceLink.Bitbucket.Git.GetSourceLinkUrl".
   9:7>Done building target "_InitializeBitbucketGitSourceLinkUrl" in project "DeventSoft.RoadmapSkills.Users.Domain.csproj".
   9:7>Target "_GenerateSourceLinkFile" in file "/usr/local/share/dotnet/sdk/9.0.200/Sdks/Microsoft.SourceLink.Common/build/Microsoft.SourceLink.Common.targets" from project "/Users/dacanetdev/Dev/AIGenerated/RoadmapSkills/src/Modules/Users/DeventSoft.RoadmapSkills.Users.Domain/DeventSoft.RoadmapSkills.Users.Domain.csproj" (target "GenerateSourceLinkFile" depends on it):
       Building target "_GenerateSourceLinkFile" completely.
       No input files were specified.
       Using "Microsoft.SourceLink.Common.GenerateSourceLinkFile" task from assembly "/usr/local/share/dotnet/sdk/9.0.200/Sdks/Microsoft.SourceLink.Common/build/../tools/net/Microsoft.SourceLink.Common.dll".
       Task "Microsoft.SourceLink.Common.GenerateSourceLinkFile"
         Source Link is empty, file 'obj/Debug/net8.0/DeventSoft.RoadmapSkills.Users.Domain.sourcelink.json' does not exist.
       Done executing task "Microsoft.SourceLink.Common.GenerateSourceLinkFile".
   9:7>Done building target "_GenerateSourceLinkFile" in project "DeventSoft.RoadmapSkills.Users.Domain.csproj".
   9:7>Target "GenerateSourceLinkFile" in file "/usr/local/share/dotnet/sdk/9.0.200/Sdks/Microsoft.SourceLink.Common/build/Microsoft.SourceLink.Common.targets" from project "/Users/dacanetdev/Dev/AIGenerated/RoadmapSkills/src/Modules/Users/DeventSoft.RoadmapSkills.Users.Domain/DeventSoft.RoadmapSkills.Users.Domain.csproj" (target "CoreCompile" depends on it):
   9:7>Done building target "GenerateSourceLinkFile" in project "DeventSoft.RoadmapSkills.Users.Domain.csproj".
   9:7>Target "AddGlobalAnalyzerConfigForPackage_MicrosoftCodeAnalysisNetAnalyzers" in file "/usr/local/share/dotnet/sdk/9.0.200/Sdks/Microsoft.NET.Sdk/analyzers/build/Microsoft.CodeAnalysis.NetAnalyzers.targets" from project "/Users/dacanetdev/Dev/AIGenerated/RoadmapSkills/src/Modules/Users/DeventSoft.RoadmapSkills.Users.Domain/DeventSoft.RoadmapSkills.Users.Domain.csproj" (target "CoreCompile" depends on it):
   9:7>Done building target "AddGlobalAnalyzerConfigForPackage_MicrosoftCodeAnalysisNetAnalyzers" in project "DeventSoft.RoadmapSkills.Users.Domain.csproj".
       Target "AddGlobalAnalyzerConfigForPackage_MicrosoftCodeAnalysisNetAnalyzersDesign" skipped, due to false condition; ('$(SkipGlobalAnalyzerConfigForPackage)' != 'true' and ('$(AnalysisLevelDesign)' != '' or '$(AnalysisModeDesign)' != '')) was evaluated as ('' != 'true' and ('' != '' or '' != '')).
       Target "AddGlobalAnalyzerConfigForPackage_MicrosoftCodeAnalysisNetAnalyzersDocumentation" skipped, due to false condition; ('$(SkipGlobalAnalyzerConfigForPackage)' != 'true' and ('$(AnalysisLevelDocumentation)' != '' or '$(AnalysisModeDocumentation)' != '')) was evaluated as ('' != 'true' and ('' != '' or '' != '')).
       Target "AddGlobalAnalyzerConfigForPackage_MicrosoftCodeAnalysisNetAnalyzersGlobalization" skipped, due to false condition; ('$(SkipGlobalAnalyzerConfigForPackage)' != 'true' and ('$(AnalysisLevelGlobalization)' != '' or '$(AnalysisModeGlobalization)' != '')) was evaluated as ('' != 'true' and ('' != '' or '' != '')).
       Target "AddGlobalAnalyzerConfigForPackage_MicrosoftCodeAnalysisNetAnalyzersInteroperability" skipped, due to false condition; ('$(SkipGlobalAnalyzerConfigForPackage)' != 'true' and ('$(AnalysisLevelInteroperability)' != '' or '$(AnalysisModeInteroperability)' != '')) was evaluated as ('' != 'true' and ('' != '' or '' != '')).
       Target "AddGlobalAnalyzerConfigForPackage_MicrosoftCodeAnalysisNetAnalyzersMaintainability" skipped, due to false condition; ('$(SkipGlobalAnalyzerConfigForPackage)' != 'true' and ('$(AnalysisLevelMaintainability)' != '' or '$(AnalysisModeMaintainability)' != '')) was evaluated as ('' != 'true' and ('' != '' or '' != '')).
       Target "AddGlobalAnalyzerConfigForPackage_MicrosoftCodeAnalysisNetAnalyzersNaming" skipped, due to false condition; ('$(SkipGlobalAnalyzerConfigForPackage)' != 'true' and ('$(AnalysisLevelNaming)' != '' or '$(AnalysisModeNaming)' != '')) was evaluated as ('' != 'true' and ('' != '' or '' != '')).
       Target "AddGlobalAnalyzerConfigForPackage_MicrosoftCodeAnalysisNetAnalyzersPerformance" skipped, due to false condition; ('$(SkipGlobalAnalyzerConfigForPackage)' != 'true' and ('$(AnalysisLevelPerformance)' != '' or '$(AnalysisModePerformance)' != '')) was evaluated as ('' != 'true' and ('' != '' or '' != '')).
       Target "AddGlobalAnalyzerConfigForPackage_MicrosoftCodeAnalysisNetAnalyzersReliability" skipped, due to false condition; ('$(SkipGlobalAnalyzerConfigForPackage)' != 'true' and ('$(AnalysisLevelReliability)' != '' or '$(AnalysisModeReliability)' != '')) was evaluated as ('' != 'true' and ('' != '' or '' != '')).
       Target "AddGlobalAnalyzerConfigForPackage_MicrosoftCodeAnalysisNetAnalyzersSecurity" skipped, due to false condition; ('$(SkipGlobalAnalyzerConfigForPackage)' != 'true' and ('$(AnalysisLevelSecurity)' != '' or '$(AnalysisModeSecurity)' != '')) was evaluated as ('' != 'true' and ('' != '' or '' != '')).
       Target "AddGlobalAnalyzerConfigForPackage_MicrosoftCodeAnalysisNetAnalyzersUsage" skipped, due to false condition; ('$(SkipGlobalAnalyzerConfigForPackage)' != 'true' and ('$(AnalysisLevelUsage)' != '' or '$(AnalysisModeUsage)' != '')) was evaluated as ('' != 'true' and ('' != '' or '' != '')).
       Target "_CodeAnalysisTreatWarningsAsErrors" skipped, due to false condition; ('$(DesignTimeBuild)' == 'true' OR '$(BuildingProject)' != 'true') was evaluated as ('' == 'true' OR 'true' != 'true').
   9:7>Target "CoreCompile" in file "/usr/local/share/dotnet/sdk/9.0.200/Roslyn/Microsoft.CSharp.Core.targets" from project "/Users/dacanetdev/Dev/AIGenerated/RoadmapSkills/src/Modules/Users/DeventSoft.RoadmapSkills.Users.Domain/DeventSoft.RoadmapSkills.Users.Domain.csproj" (target "Compile" depends on it):
       Building target "CoreCompile" completely.
       Input file "Common/Entity.cs" is newer than output file "obj/Debug/net8.0/DeventSoft.RoadmapSkills.Users.Domain.pdb".
       Using "Csc" task from assembly "/usr/local/share/dotnet/sdk/9.0.200/Roslyn/Microsoft.Build.Tasks.CodeAnalysis.dll".
       Task "Csc"
         /usr/local/share/dotnet/dotnet exec "/usr/local/share/dotnet/sdk/9.0.200/Roslyn/bincore/csc.dll" /noconfig /unsafe- /checked- /nowarn:1701,1702,1701,1702 /fullpaths /nostdlib+ /errorreport:prompt /warn:8 /define:TRACE;DEBUG;NET;NET8_0;NETCOREAPP;NET5_0_OR_GREATER;NET6_0_OR_GREATER;NET7_0_OR_GREATER;NET8_0_OR_GREATER;NETCOREAPP1_0_OR_GREATER;NETCOREAPP1_1_OR_GREATER;NETCOREAPP2_0_OR_GREATER;NETCOREAPP2_1_OR_GREATER;NETCOREAPP2_2_OR_GREATER;NETCOREAPP3_0_OR_GREATER;NETCOREAPP3_1_OR_GREATER /highentropyva+ /nullable:enable /reference:/Users/dacanetdev/Dev/AIGenerated/RoadmapSkills/src/Shared/DeventSoft.RoadmapSkills.Shared.Domain/obj/Debug/net8.0/ref/DeventSoft.RoadmapSkills.Shared.Domain.dll /reference:/Users/dacanetdev/.nuget/packages/microsoft.netcore.app.ref/8.0.13/ref/net8.0/Microsoft.CSharp.dll /reference:/Users/dacanetdev/.nuget/packages/microsoft.netcore.app.ref/8.0.13/ref/net8.0/Microsoft.VisualBasic.Core.dll /reference:/Users/dacanetdev/.nuget/packages/microsoft.netcore.app.ref/8.0.13/ref/net8.0/Microsoft.VisualBasic.dll /reference:/Users/dacanetdev/.nuget/packages/microsoft.netcore.app.ref/8.0.13/ref/net8.0/Microsoft.Win32.Primitives.dll /reference:/Users/dacanetdev/.nuget/packages/microsoft.netcore.app.ref/8.0.13/ref/net8.0/Microsoft.Win32.Registry.dll /reference:/Users/dacanetdev/.nuget/packages/microsoft.netcore.app.ref/8.0.13/ref/net8.0/mscorlib.dll /reference:/Users/dacanetdev/.nuget/packages/microsoft.netcore.app.ref/8.0.13/ref/net8.0/netstandard.dll /reference:/Users/dacanetdev/.nuget/packages/microsoft.netcore.app.ref/8.0.13/ref/net8.0/System.AppContext.dll /reference:/Users/dacanetdev/.nuget/packages/microsoft.netcore.app.ref/8.0.13/ref/net8.0/System.Buffers.dll /reference:/Users/dacanetdev/.nuget/packages/microsoft.netcore.app.ref/8.0.13/ref/net8.0/System.Collections.Concurrent.dll /reference:/Users/dacanetdev/.nuget/packages/microsoft.netcore.app.ref/8.0.13/ref/net8.0/System.Collections.dll /reference:/Users/dacanetdev/.nuget/packages/microsoft.netcore.app.ref/8.0.13/ref/net8.0/System.Collections.Immutable.dll /reference:/Users/dacanetdev/.nuget/packages/microsoft.netcore.app.ref/8.0.13/ref/net8.0/System.Collections.NonGeneric.dll /reference:/Users/dacanetdev/.nuget/packages/microsoft.netcore.app.ref/8.0.13/ref/net8.0/System.Collections.Specialized.dll /reference:/Users/dacanetdev/.nuget/packages/microsoft.netcore.app.ref/8.0.13/ref/net8.0/System.ComponentModel.Annotations.dll /reference:/Users/dacanetdev/.nuget/packages/microsoft.netcore.app.ref/8.0.13/ref/net8.0/System.ComponentModel.DataAnnotations.dll /reference:/Users/dacanetdev/.nuget/packages/microsoft.netcore.app.ref/8.0.13/ref/net8.0/System.ComponentModel.dll /reference:/Users/dacanetdev/.nuget/packages/microsoft.netcore.app.ref/8.0.13/ref/net8.0/System.ComponentModel.EventBasedAsync.dll /reference:/Users/dacanetdev/.nuget/packages/microsoft.netcore.app.ref/8.0.13/ref/net8.0/System.ComponentModel.Primitives.dll /reference:/Users/dacanetdev/.nuget/packages/microsoft.netcore.app.ref/8.0.13/ref/net8.0/System.ComponentModel.TypeConverter.dll /reference:/Users/dacanetdev/.nuget/packages/microsoft.netcore.app.ref/8.0.13/ref/net8.0/System.Configuration.dll /reference:/Users/dacanetdev/.nuget/packages/microsoft.netcore.app.ref/8.0.13/ref/net8.0/System.Console.dll /reference:/Users/dacanetdev/.nuget/packages/microsoft.netcore.app.ref/8.0.13/ref/net8.0/System.Core.dll /reference:/Users/dacanetdev/.nuget/packages/microsoft.netcore.app.ref/8.0.13/ref/net8.0/System.Data.Common.dll /reference:/Users/dacanetdev/.nuget/packages/microsoft.netcore.app.ref/8.0.13/ref/net8.0/System.Data.DataSetExtensions.dll /reference:/Users/dacanetdev/.nuget/packages/microsoft.netcore.app.ref/8.0.13/ref/net8.0/System.Data.dll /reference:/Users/dacanetdev/.nuget/packages/microsoft.netcore.app.ref/8.0.13/ref/net8.0/System.Diagnostics.Contracts.dll /reference:/Users/dacanetdev/.nuget/packages/microsoft.netcore.app.ref/8.0.13/ref/net8.0/System.Diagnostics.Debug.dll /reference:/Users/dacanetdev/.nuget/packages/microsoft.netcore.app.ref/8.0.13/ref/net8.0/System.Diagnostics.DiagnosticSource.dll /reference:/Users/dacanetdev/.nuget/packages/microsoft.netcore.app.ref/8.0.13/ref/net8.0/System.Diagnostics.FileVersionInfo.dll /reference:/Users/dacanetdev/.nuget/packages/microsoft.netcore.app.ref/8.0.13/ref/net8.0/System.Diagnostics.Process.dll /reference:/Users/dacanetdev/.nuget/packages/microsoft.netcore.app.ref/8.0.13/ref/net8.0/System.Diagnostics.StackTrace.dll /reference:/Users/dacanetdev/.nuget/packages/microsoft.netcore.app.ref/8.0.13/ref/net8.0/System.Diagnostics.TextWriterTraceListener.dll /reference:/Users/dacanetdev/.nuget/packages/microsoft.netcore.app.ref/8.0.13/ref/net8.0/System.Diagnostics.Tools.dll /reference:/Users/dacanetdev/.nuget/packages/microsoft.netcore.app.ref/8.0.13/ref/net8.0/System.Diagnostics.TraceSource.dll /reference:/Users/dacanetdev/.nuget/packages/microsoft.netcore.app.ref/8.0.13/ref/net8.0/System.Diagnostics.Tracing.dll /reference:/Users/dacanetdev/.nuget/packages/microsoft.netcore.app.ref/8.0.13/ref/net8.0/System.dll /reference:/Users/dacanetdev/.nuget/packages/microsoft.netcore.app.ref/8.0.13/ref/net8.0/System.Drawing.dll /reference:/Users/dacanetdev/.nuget/packages/microsoft.netcore.app.ref/8.0.13/ref/net8.0/System.Drawing.Primitives.dll /reference:/Users/dacanetdev/.nuget/packages/microsoft.netcore.app.ref/8.0.13/ref/net8.0/System.Dynamic.Runtime.dll /reference:/Users/dacanetdev/.nuget/packages/microsoft.netcore.app.ref/8.0.13/ref/net8.0/System.Formats.Asn1.dll /reference:/Users/dacanetdev/.nuget/packages/microsoft.netcore.app.ref/8.0.13/ref/net8.0/System.Formats.Tar.dll /reference:/Users/dacanetdev/.nuget/packages/microsoft.netcore.app.ref/8.0.13/ref/net8.0/System.Globalization.Calendars.dll /reference:/Users/dacanetdev/.nuget/packages/microsoft.netcore.app.ref/8.0.13/ref/net8.0/System.Globalization.dll /reference:/Users/dacanetdev/.nuget/packages/microsoft.netcore.app.ref/8.0.13/ref/net8.0/System.Globalization.Extensions.dll /reference:/Users/dacanetdev/.nuget/packages/microsoft.netcore.app.ref/8.0.13/ref/net8.0/System.IO.Compression.Brotli.dll /reference:/Users/dacanetdev/.nuget/packages/microsoft.netcore.app.ref/8.0.13/ref/net8.0/System.IO.Compression.dll /reference:/Users/dacanetdev/.nuget/packages/microsoft.netcore.app.ref/8.0.13/ref/net8.0/System.IO.Compression.FileSystem.dll /reference:/Users/dacanetdev/.nuget/packages/microsoft.netcore.app.ref/8.0.13/ref/net8.0/System.IO.Compression.ZipFile.dll /reference:/Users/dacanetdev/.nuget/packages/microsoft.netcore.app.ref/8.0.13/ref/net8.0/System.IO.dll /reference:/Users/dacanetdev/.nuget/packages/microsoft.netcore.app.ref/8.0.13/ref/net8.0/System.IO.FileSystem.AccessControl.dll /reference:/Users/dacanetdev/.nuget/packages/microsoft.netcore.app.ref/8.0.13/ref/net8.0/System.IO.FileSystem.dll /reference:/Users/dacanetdev/.nuget/packages/microsoft.netcore.app.ref/8.0.13/ref/net8.0/System.IO.FileSystem.DriveInfo.dll /reference:/Users/dacanetdev/.nuget/packages/microsoft.netcore.app.ref/8.0.13/ref/net8.0/System.IO.FileSystem.Primitives.dll /reference:/Users/dacanetdev/.nuget/packages/microsoft.netcore.app.ref/8.0.13/ref/net8.0/System.IO.FileSystem.Watcher.dll /reference:/Users/dacanetdev/.nuget/packages/microsoft.netcore.app.ref/8.0.13/ref/net8.0/System.IO.IsolatedStorage.dll /reference:/Users/dacanetdev/.nuget/packages/microsoft.netcore.app.ref/8.0.13/ref/net8.0/System.IO.MemoryMappedFiles.dll /reference:/Users/dacanetdev/.nuget/packages/microsoft.netcore.app.ref/8.0.13/ref/net8.0/System.IO.Pipes.AccessControl.dll /reference:/Users/dacanetdev/.nuget/packages/microsoft.netcore.app.ref/8.0.13/ref/net8.0/System.IO.Pipes.dll /reference:/Users/dacanetdev/.nuget/packages/microsoft.netcore.app.ref/8.0.13/ref/net8.0/System.IO.UnmanagedMemoryStream.dll /reference:/Users/dacanetdev/.nuget/packages/microsoft.netcore.app.ref/8.0.13/ref/net8.0/System.Linq.dll /reference:/Users/dacanetdev/.nuget/packages/microsoft.netcore.app.ref/8.0.13/ref/net8.0/System.Linq.Expressions.dll /reference:/Users/dacanetdev/.nuget/packages/microsoft.netcore.app.ref/8.0.13/ref/net8.0/System.Linq.Parallel.dll /reference:/Users/dacanetdev/.nuget/packages/microsoft.netcore.app.ref/8.0.13/ref/net8.0/System.Linq.Queryable.dll /reference:/Users/dacanetdev/.nuget/packages/microsoft.netcore.app.ref/8.0.13/ref/net8.0/System.Memory.dll /reference:/Users/dacanetdev/.nuget/packages/microsoft.netcore.app.ref/8.0.13/ref/net8.0/System.Net.dll /reference:/Users/dacanetdev/.nuget/packages/microsoft.netcore.app.ref/8.0.13/ref/net8.0/System.Net.Http.dll /reference:/Users/dacanetdev/.nuget/packages/microsoft.netcore.app.ref/8.0.13/ref/net8.0/System.Net.Http.Json.dll /reference:/Users/dacanetdev/.nuget/packages/microsoft.netcore.app.ref/8.0.13/ref/net8.0/System.Net.HttpListener.dll /reference:/Users/dacanetdev/.nuget/packages/microsoft.netcore.app.ref/8.0.13/ref/net8.0/System.Net.Mail.dll /reference:/Users/dacanetdev/.nuget/packages/microsoft.netcore.app.ref/8.0.13/ref/net8.0/System.Net.NameResolution.dll /reference:/Users/dacanetdev/.nuget/packages/microsoft.netcore.app.ref/8.0.13/ref/net8.0/System.Net.NetworkInformation.dll /reference:/Users/dacanetdev/.nuget/packages/microsoft.netcore.app.ref/8.0.13/ref/net8.0/System.Net.Ping.dll /reference:/Users/dacanetdev/.nuget/packages/microsoft.netcore.app.ref/8.0.13/ref/net8.0/System.Net.Primitives.dll /reference:/Users/dacanetdev/.nuget/packages/microsoft.netcore.app.ref/8.0.13/ref/net8.0/System.Net.Quic.dll /reference:/Users/dacanetdev/.nuget/packages/microsoft.netcore.app.ref/8.0.13/ref/net8.0/System.Net.Requests.dll /reference:/Users/dacanetdev/.nuget/packages/microsoft.netcore.app.ref/8.0.13/ref/net8.0/System.Net.Security.dll /reference:/Users/dacanetdev/.nuget/packages/microsoft.netcore.app.ref/8.0.13/ref/net8.0/System.Net.ServicePoint.dll /reference:/Users/dacanetdev/.nuget/packages/microsoft.netcore.app.ref/8.0.13/ref/net8.0/System.Net.Sockets.dll /reference:/Users/dacanetdev/.nuget/packages/microsoft.netcore.app.ref/8.0.13/ref/net8.0/System.Net.WebClient.dll /reference:/Users/dacanetdev/.nuget/packages/microsoft.netcore.app.ref/8.0.13/ref/net8.0/System.Net.WebHeaderCollection.dll /reference:/Users/dacanetdev/.nuget/packages/microsoft.netcore.app.ref/8.0.13/ref/net8.0/System.Net.WebProxy.dll /reference:/Users/dacanetdev/.nuget/packages/microsoft.netcore.app.ref/8.0.13/ref/net8.0/System.Net.WebSockets.Client.dll /reference:/Users/dacanetdev/.nuget/packages/microsoft.netcore.app.ref/8.0.13/ref/net8.0/System.Net.WebSockets.dll /reference:/Users/dacanetdev/.nuget/packages/microsoft.netcore.app.ref/8.0.13/ref/net8.0/System.Numerics.dll /reference:/Users/dacanetdev/.nuget/packages/microsoft.netcore.app.ref/8.0.13/ref/net8.0/System.Numerics.Vectors.dll /reference:/Users/dacanetdev/.nuget/packages/microsoft.netcore.app.ref/8.0.13/ref/net8.0/System.ObjectModel.dll /reference:/Users/dacanetdev/.nuget/packages/microsoft.netcore.app.ref/8.0.13/ref/net8.0/System.Reflection.DispatchProxy.dll /reference:/Users/dacanetdev/.nuget/packages/microsoft.netcore.app.ref/8.0.13/ref/net8.0/System.Reflection.dll /reference:/Users/dacanetdev/.nuget/packages/microsoft.netcore.app.ref/8.0.13/ref/net8.0/System.Reflection.Emit.dll /reference:/Users/dacanetdev/.nuget/packages/microsoft.netcore.app.ref/8.0.13/ref/net8.0/System.Reflection.Emit.ILGeneration.dll /reference:/Users/dacanetdev/.nuget/packages/microsoft.netcore.app.ref/8.0.13/ref/net8.0/System.Reflection.Emit.Lightweight.dll /reference:/Users/dacanetdev/.nuget/packages/microsoft.netcore.app.ref/8.0.13/ref/net8.0/System.Reflection.Extensions.dll /reference:/Users/dacanetdev/.nuget/packages/microsoft.netcore.app.ref/8.0.13/ref/net8.0/System.Reflection.Metadata.dll /reference:/Users/dacanetdev/.nuget/packages/microsoft.netcore.app.ref/8.0.13/ref/net8.0/System.Reflection.Primitives.dll /reference:/Users/dacanetdev/.nuget/packages/microsoft.netcore.app.ref/8.0.13/ref/net8.0/System.Reflection.TypeExtensions.dll /reference:/Users/dacanetdev/.nuget/packages/microsoft.netcore.app.ref/8.0.13/ref/net8.0/System.Resources.Reader.dll /reference:/Users/dacanetdev/.nuget/packages/microsoft.netcore.app.ref/8.0.13/ref/net8.0/System.Resources.ResourceManager.dll /reference:/Users/dacanetdev/.nuget/packages/microsoft.netcore.app.ref/8.0.13/ref/net8.0/System.Resources.Writer.dll /reference:/Users/dacanetdev/.nuget/packages/microsoft.netcore.app.ref/8.0.13/ref/net8.0/System.Runtime.CompilerServices.Unsafe.dll /reference:/Users/dacanetdev/.nuget/packages/microsoft.netcore.app.ref/8.0.13/ref/net8.0/System.Runtime.CompilerServices.VisualC.dll /reference:/Users/dacanetdev/.nuget/packages/microsoft.netcore.app.ref/8.0.13/ref/net8.0/System.Runtime.dll /reference:/Users/dacanetdev/.nuget/packages/microsoft.netcore.app.ref/8.0.13/ref/net8.0/System.Runtime.Extensions.dll /reference:/Users/dacanetdev/.nuget/packages/microsoft.netcore.app.ref/8.0.13/ref/net8.0/System.Runtime.Handles.dll /reference:/Users/dacanetdev/.nuget/packages/microsoft.netcore.app.ref/8.0.13/ref/net8.0/System.Runtime.InteropServices.dll /reference:/Users/dacanetdev/.nuget/packages/microsoft.netcore.app.ref/8.0.13/ref/net8.0/System.Runtime.InteropServices.JavaScript.dll /reference:/Users/dacanetdev/.nuget/packages/microsoft.netcore.app.ref/8.0.13/ref/net8.0/System.Runtime.InteropServices.RuntimeInformation.dll /reference:/Users/dacanetdev/.nuget/packages/microsoft.netcore.app.ref/8.0.13/ref/net8.0/System.Runtime.Intrinsics.dll /reference:/Users/dacanetdev/.nuget/packages/microsoft.netcore.app.ref/8.0.13/ref/net8.0/System.Runtime.Loader.dll /reference:/Users/dacanetdev/.nuget/packages/microsoft.netcore.app.ref/8.0.13/ref/net8.0/System.Runtime.Numerics.dll /reference:/Users/dacanetdev/.nuget/packages/microsoft.netcore.app.ref/8.0.13/ref/net8.0/System.Runtime.Serialization.dll /reference:/Users/dacanetdev/.nuget/packages/microsoft.netcore.app.ref/8.0.13/ref/net8.0/System.Runtime.Serialization.Formatters.dll /reference:/Users/dacanetdev/.nuget/packages/microsoft.netcore.app.ref/8.0.13/ref/net8.0/System.Runtime.Serialization.Json.dll /reference:/Users/dacanetdev/.nuget/packages/microsoft.netcore.app.ref/8.0.13/ref/net8.0/System.Runtime.Serialization.Primitives.dll /reference:/Users/dacanetdev/.nuget/packages/microsoft.netcore.app.ref/8.0.13/ref/net8.0/System.Runtime.Serialization.Xml.dll /reference:/Users/dacanetdev/.nuget/packages/microsoft.netcore.app.ref/8.0.13/ref/net8.0/System.Security.AccessControl.dll /reference:/Users/dacanetdev/.nuget/packages/microsoft.netcore.app.ref/8.0.13/ref/net8.0/System.Security.Claims.dll /reference:/Users/dacanetdev/.nuget/packages/microsoft.netcore.app.ref/8.0.13/ref/net8.0/System.Security.Cryptography.Algorithms.dll /reference:/Users/dacanetdev/.nuget/packages/microsoft.netcore.app.ref/8.0.13/ref/net8.0/System.Security.Cryptography.Cng.dll /reference:/Users/dacanetdev/.nuget/packages/microsoft.netcore.app.ref/8.0.13/ref/net8.0/System.Security.Cryptography.Csp.dll /reference:/Users/dacanetdev/.nuget/packages/microsoft.netcore.app.ref/8.0.13/ref/net8.0/System.Security.Cryptography.dll /reference:/Users/dacanetdev/.nuget/packages/microsoft.netcore.app.ref/8.0.13/ref/net8.0/System.Security.Cryptography.Encoding.dll /reference:/Users/dacanetdev/.nuget/packages/microsoft.netcore.app.ref/8.0.13/ref/net8.0/System.Security.Cryptography.OpenSsl.dll /reference:/Users/dacanetdev/.nuget/packages/microsoft.netcore.app.ref/8.0.13/ref/net8.0/System.Security.Cryptography.Primitives.dll /reference:/Users/dacanetdev/.nuget/packages/microsoft.netcore.app.ref/8.0.13/ref/net8.0/System.Security.Cryptography.X509Certificates.dll /reference:/Users/dacanetdev/.nuget/packages/microsoft.netcore.app.ref/8.0.13/ref/net8.0/System.Security.dll /reference:/Users/dacanetdev/.nuget/packages/microsoft.netcore.app.ref/8.0.13/ref/net8.0/System.Security.Principal.dll /reference:/Users/dacanetdev/.nuget/packages/microsoft.netcore.app.ref/8.0.13/ref/net8.0/System.Security.Principal.Windows.dll /reference:/Users/dacanetdev/.nuget/packages/microsoft.netcore.app.ref/8.0.13/ref/net8.0/System.Security.SecureString.dll /reference:/Users/dacanetdev/.nuget/packages/microsoft.netcore.app.ref/8.0.13/ref/net8.0/System.ServiceModel.Web.dll /reference:/Users/dacanetdev/.nuget/packages/microsoft.netcore.app.ref/8.0.13/ref/net8.0/System.ServiceProcess.dll /reference:/Users/dacanetdev/.nuget/packages/microsoft.netcore.app.ref/8.0.13/ref/net8.0/System.Text.Encoding.CodePages.dll /reference:/Users/dacanetdev/.nuget/packages/microsoft.netcore.app.ref/8.0.13/ref/net8.0/System.Text.Encoding.dll /reference:/Users/dacanetdev/.nuget/packages/microsoft.netcore.app.ref/8.0.13/ref/net8.0/System.Text.Encoding.Extensions.dll /reference:/Users/dacanetdev/.nuget/packages/microsoft.netcore.app.ref/8.0.13/ref/net8.0/System.Text.Encodings.Web.dll /reference:/Users/dacanetdev/.nuget/packages/microsoft.netcore.app.ref/8.0.13/ref/net8.0/System.Text.Json.dll /reference:/Users/dacanetdev/.nuget/packages/microsoft.netcore.app.ref/8.0.13/ref/net8.0/System.Text.RegularExpressions.dll /reference:/Users/dacanetdev/.nuget/packages/microsoft.netcore.app.ref/8.0.13/ref/net8.0/System.Threading.Channels.dll /reference:/Users/dacanetdev/.nuget/packages/microsoft.netcore.app.ref/8.0.13/ref/net8.0/System.Threading.dll /reference:/Users/dacanetdev/.nuget/packages/microsoft.netcore.app.ref/8.0.13/ref/net8.0/System.Threading.Overlapped.dll /reference:/Users/dacanetdev/.nuget/packages/microsoft.netcore.app.ref/8.0.13/ref/net8.0/System.Threading.Tasks.Dataflow.dll /reference:/Users/dacanetdev/.nuget/packages/microsoft.netcore.app.ref/8.0.13/ref/net8.0/System.Threading.Tasks.dll /reference:/Users/dacanetdev/.nuget/packages/microsoft.netcore.app.ref/8.0.13/ref/net8.0/System.Threading.Tasks.Extensions.dll /reference:/Users/dacanetdev/.nuget/packages/microsoft.netcore.app.ref/8.0.13/ref/net8.0/System.Threading.Tasks.Parallel.dll /reference:/Users/dacanetdev/.nuget/packages/microsoft.netcore.app.ref/8.0.13/ref/net8.0/System.Threading.Thread.dll /reference:/Users/dacanetdev/.nuget/packages/microsoft.netcore.app.ref/8.0.13/ref/net8.0/System.Threading.ThreadPool.dll /reference:/Users/dacanetdev/.nuget/packages/microsoft.netcore.app.ref/8.0.13/ref/net8.0/System.Threading.Timer.dll /reference:/Users/dacanetdev/.nuget/packages/microsoft.netcore.app.ref/8.0.13/ref/net8.0/System.Transactions.dll /reference:/Users/dacanetdev/.nuget/packages/microsoft.netcore.app.ref/8.0.13/ref/net8.0/System.Transactions.Local.dll /reference:/Users/dacanetdev/.nuget/packages/microsoft.netcore.app.ref/8.0.13/ref/net8.0/System.ValueTuple.dll /reference:/Users/dacanetdev/.nuget/packages/microsoft.netcore.app.ref/8.0.13/ref/net8.0/System.Web.dll /reference:/Users/dacanetdev/.nuget/packages/microsoft.netcore.app.ref/8.0.13/ref/net8.0/System.Web.HttpUtility.dll /reference:/Users/dacanetdev/.nuget/packages/microsoft.netcore.app.ref/8.0.13/ref/net8.0/System.Windows.dll /reference:/Users/dacanetdev/.nuget/packages/microsoft.netcore.app.ref/8.0.13/ref/net8.0/System.Xml.dll /reference:/Users/dacanetdev/.nuget/packages/microsoft.netcore.app.ref/8.0.13/ref/net8.0/System.Xml.Linq.dll /reference:/Users/dacanetdev/.nuget/packages/microsoft.netcore.app.ref/8.0.13/ref/net8.0/System.Xml.ReaderWriter.dll /reference:/Users/dacanetdev/.nuget/packages/microsoft.netcore.app.ref/8.0.13/ref/net8.0/System.Xml.Serialization.dll /reference:/Users/dacanetdev/.nuget/packages/microsoft.netcore.app.ref/8.0.13/ref/net8.0/System.Xml.XDocument.dll /reference:/Users/dacanetdev/.nuget/packages/microsoft.netcore.app.ref/8.0.13/ref/net8.0/System.Xml.XmlDocument.dll /reference:/Users/dacanetdev/.nuget/packages/microsoft.netcore.app.ref/8.0.13/ref/net8.0/System.Xml.XmlSerializer.dll /reference:/Users/dacanetdev/.nuget/packages/microsoft.netcore.app.ref/8.0.13/ref/net8.0/System.Xml.XPath.dll /reference:/Users/dacanetdev/.nuget/packages/microsoft.netcore.app.ref/8.0.13/ref/net8.0/System.Xml.XPath.XDocument.dll /reference:/Users/dacanetdev/.nuget/packages/microsoft.netcore.app.ref/8.0.13/ref/net8.0/WindowsBase.dll /debug+ /debug:portable /filealign:512 /optimize- /out:obj/Debug/net8.0/DeventSoft.RoadmapSkills.Users.Domain.dll /refout:obj/Debug/net8.0/refint/DeventSoft.RoadmapSkills.Users.Domain.dll /target:library /warnaserror- /utf8output /deterministic+ /langversion:12.0 /analyzerconfig:obj/Debug/net8.0/DeventSoft.RoadmapSkills.Users.Domain.GeneratedMSBuildEditorConfig.editorconfig /analyzerconfig:/usr/local/share/dotnet/sdk/9.0.200/Sdks/Microsoft.NET.Sdk/analyzers/build/config/analysislevel_8_default.globalconfig /analyzer:/usr/local/share/dotnet/sdk/9.0.200/Sdks/Microsoft.NET.Sdk/targets/../analyzers/Microsoft.CodeAnalysis.CSharp.NetAnalyzers.dll /analyzer:/usr/local/share/dotnet/sdk/9.0.200/Sdks/Microsoft.NET.Sdk/targets/../analyzers/Microsoft.CodeAnalysis.NetAnalyzers.dll /analyzer:/Users/dacanetdev/.nuget/packages/microsoft.netcore.app.ref/8.0.13/analyzers/dotnet/cs/Microsoft.Interop.ComInterfaceGenerator.dll /analyzer:/Users/dacanetdev/.nuget/packages/microsoft.netcore.app.ref/8.0.13/analyzers/dotnet/cs/Microsoft.Interop.JavaScript.JSImportGenerator.dll /analyzer:/Users/dacanetdev/.nuget/packages/microsoft.netcore.app.ref/8.0.13/analyzers/dotnet/cs/Microsoft.Interop.LibraryImportGenerator.dll /analyzer:/Users/dacanetdev/.nuget/packages/microsoft.netcore.app.ref/8.0.13/analyzers/dotnet/cs/Microsoft.Interop.SourceGeneration.dll /analyzer:/Users/dacanetdev/.nuget/packages/microsoft.netcore.app.ref/8.0.13/analyzers/dotnet/cs/System.Text.Json.SourceGeneration.dll /analyzer:/Users/dacanetdev/.nuget/packages/microsoft.netcore.app.ref/8.0.13/analyzers/dotnet/cs/System.Text.RegularExpressions.Generator.dll Class1.cs Common/Entity.cs Common/IRepository.cs Common/IUnitOfWork.cs Entities/User.cs Repositories/IUserRepository.cs obj/Debug/net8.0/DeventSoft.RoadmapSkills.Users.Domain.GlobalUsings.g.cs "obj/Debug/net8.0/.NETCoreApp,Version=v8.0.AssemblyAttributes.cs" obj/Debug/net8.0/DeventSoft.RoadmapSkills.Users.Domain.AssemblyInfo.cs /warnaserror+:NU1605,SYSLIB0011
         Assembly loaded during TaskRun (Microsoft.CodeAnalysis.BuildTasks.Csc): System.Security.Principal.Windows, Version=9.0.0.0, Culture=neutral, PublicKeyToken=b03f5f7f11d50a3a (location: /usr/local/share/dotnet/shared/Microsoft.NETCore.App/9.0.2/System.Security.Principal.Windows.dll, MVID: 6f1fdb5b-8fce-406b-9943-9997939fff3f, AssemblyLoadContext: Default)
         Assembly loaded during TaskRun (Microsoft.CodeAnalysis.BuildTasks.Csc): System.Security.Claims, Version=9.0.0.0, Culture=neutral, PublicKeyToken=b03f5f7f11d50a3a (location: /usr/local/share/dotnet/shared/Microsoft.NETCore.App/9.0.2/System.Security.Claims.dll, MVID: eaf68985-fee6-4c2b-978a-5566eaa038b2, AssemblyLoadContext: Default)
   8:6>_GetProjectReferenceTargetFrameworkProperties:
       Task "GetReferenceNearestTargetFrameworkTask" skipped, due to false condition; ('@(_ProjectReferenceTargetFrameworkPossibilities)' != '' and '$(ReferringTargetFrameworkForProjectReferences)' != ''
                                                               And '$(GetReferenceNearestTargetFrameworkTaskSupportsTargetPlatformParameter)' == 'true' and '%(_ProjectReferenceTargetFrameworkPossibilities.IsVcxOrNativeProj)' != 'true') was evaluated as ('' != '' and '.NETCoreApp,Version=v8.0' != ''
                                                               And 'true' == 'true' and '' != 'true').
       Task "GetReferenceNearestTargetFrameworkTask" skipped, due to false condition; ('@(_ProjectReferenceTargetFrameworkPossibilities)' != '' and '$(ReferringTargetFrameworkForProjectReferences)' != ''
                                                               And '$(GetReferenceNearestTargetFrameworkTaskSupportsTargetPlatformParameter)' != 'true' and '%(_ProjectReferenceTargetFrameworkPossibilities.IsVcxOrNativeProj)' != 'true') was evaluated as ('' != '' and '.NETCoreApp,Version=v8.0' != ''
                                                               And 'true' != 'true' and '' != 'true').
       Using "SetRidAgnosticValueForProjects" task from assembly "Microsoft.Build.Tasks.Core, Version=15.1.0.0, Culture=neutral, PublicKeyToken=b03f5f7f11d50a3a".
       Task "SetRidAgnosticValueForProjects"
       Done executing task "SetRidAgnosticValueForProjects".
   8:6>Done building target "_GetProjectReferenceTargetFrameworkProperties" in project "DeventSoft.RoadmapSkills.BlazorApp.csproj".
   8:6>Target "ValidateExecutableReferences" in file "/usr/local/share/dotnet/sdk/9.0.200/Sdks/Microsoft.NET.Sdk/targets/Microsoft.NET.Sdk.targets" from project "/Users/dacanetdev/Dev/AIGenerated/RoadmapSkills/src/DeventSoft.RoadmapSkills.BlazorApp/DeventSoft.RoadmapSkills.BlazorApp.csproj" (target "PrepareProjectReferences" depends on it):
       Using "ValidateExecutableReferences" task from assembly "/usr/local/share/dotnet/sdk/9.0.200/Sdks/Microsoft.NET.Sdk/targets/../tools/net9.0/Microsoft.NET.Build.Tasks.dll".
       Task "ValidateExecutableReferences"
       Done executing task "ValidateExecutableReferences".
   8:6>Done building target "ValidateExecutableReferences" in project "DeventSoft.RoadmapSkills.BlazorApp.csproj".
       Target "_GetProjectReferencePlatformProperties" skipped, due to false condition; ('$(EnableDynamicPlatformResolution)' == 'true'
                            and '@(_MSBuildProjectReferenceExistent)' != '') was evaluated as ('' == 'true'
                            and '' != '').
   8:6>Target "PrepareProjectReferences" in file "/usr/local/share/dotnet/sdk/9.0.200/Microsoft.Common.CurrentVersion.targets" from project "/Users/dacanetdev/Dev/AIGenerated/RoadmapSkills/src/DeventSoft.RoadmapSkills.BlazorApp/DeventSoft.RoadmapSkills.BlazorApp.csproj" (target "ResolveProjectReferences" depends on it):
   8:6>Done building target "PrepareProjectReferences" in project "DeventSoft.RoadmapSkills.BlazorApp.csproj".
   8:6>Target "ResolveProjectReferences" in file "/usr/local/share/dotnet/sdk/9.0.200/Microsoft.Common.CurrentVersion.targets" from project "/Users/dacanetdev/Dev/AIGenerated/RoadmapSkills/src/DeventSoft.RoadmapSkills.BlazorApp/DeventSoft.RoadmapSkills.BlazorApp.csproj" (target "ResolveReferences" depends on it):
       Task "MSBuild" skipped, due to false condition; ('%(_MSBuildProjectReferenceExistent.BuildReference)' == 'true' and '@(ProjectReferenceWithConfiguration)' != '' and ('$(BuildingInsideVisualStudio)' == 'true' or '$(BuildProjectReferences)' != 'true') and '$(VisualStudioVersion)' != '10.0' and '@(_MSBuildProjectReferenceExistent)' != '') was evaluated as ('' == 'true' and '' != '' and ('' == 'true' or 'true' != 'true') and '17.0' != '10.0' and '' != '').
       Task "MSBuild" skipped, due to false condition; ('%(_MSBuildProjectReferenceExistent.BuildReference)' == 'true' and '@(ProjectReferenceWithConfiguration)' != '' and '$(BuildingInsideVisualStudio)' != 'true' and '$(BuildProjectReferences)' == 'true' and '@(_MSBuildProjectReferenceExistent)' != '') was evaluated as ('' == 'true' and '' != '' and '' != 'true' and 'true' == 'true' and '' != '').
       Task "MSBuild" skipped, due to false condition; ('%(_MSBuildProjectReferenceExistent.BuildReference)' == 'true' and '@(ProjectReferenceWithConfiguration)' != '' and '$(BuildingProject)' == 'true' and '@(_MSBuildProjectReferenceExistent)' != '') was evaluated as ('' == 'true' and '' != '' and 'true' == 'true' and '' != '').
       Task "MSBuildInternalMessage" skipped, due to false condition; ('$(_NonExistentProjectReferenceSeverity)' != '') was evaluated as ('' != '').
   8:6>Done building target "ResolveProjectReferences" in project "DeventSoft.RoadmapSkills.BlazorApp.csproj".
       Target "FindInvalidProjectReferences" skipped, due to false condition; ('$(FindInvalidProjectReferences)' == 'true') was evaluated as ('' == 'true').
       Target "ResolveNativeReferences" skipped, due to false condition; ('@(NativeReference)'!='') was evaluated as (''!='').
       Target "ResolveProjectReferences" skipped. Previously built successfully.
       Target "FindInvalidProjectReferences" skipped, due to false condition; ('$(FindInvalidProjectReferences)' == 'true') was evaluated as ('' == 'true').
       Target "GetFrameworkPaths" skipped. Previously built successfully.
       Target "GetReferenceAssemblyPaths" skipped. Previously built successfully.
       Target "PrepareForBuild" skipped. Previously built successfully.
       Target "GetInstalledSDKLocations" skipped, due to false condition; ('@(SDKReference)' != '') was evaluated as ('' != '').
   8:6>Target "ResolveSDKReferences" in file "/usr/local/share/dotnet/sdk/9.0.200/Microsoft.Common.CurrentVersion.targets" from project "/Users/dacanetdev/Dev/AIGenerated/RoadmapSkills/src/DeventSoft.RoadmapSkills.BlazorApp/DeventSoft.RoadmapSkills.BlazorApp.csproj" (target "ResolveAssemblyReferences" depends on it):
       Task "ResolveSDKReference" skipped, due to false condition; ('@(SDKReference)'!='') was evaluated as (''!='').
   8:6>Done building target "ResolveSDKReferences" in project "DeventSoft.RoadmapSkills.BlazorApp.csproj".
       Target "ResolveSDKReferences" skipped. Previously built successfully.
   8:6>Target "ExpandSDKReferences" in file "/usr/local/share/dotnet/sdk/9.0.200/Microsoft.Common.CurrentVersion.targets" from project "/Users/dacanetdev/Dev/AIGenerated/RoadmapSkills/src/DeventSoft.RoadmapSkills.BlazorApp/DeventSoft.RoadmapSkills.BlazorApp.csproj" (target "ResolveAssemblyReferences" depends on it):
       Task "GetSDKReferenceFiles" skipped, due to false condition; ('@(ResolvedSDKReference)'!='') was evaluated as (''!='').
   8:6>Done building target "ExpandSDKReferences" in project "DeventSoft.RoadmapSkills.BlazorApp.csproj".
       Target "ResolvePackageDependenciesForBuild" skipped. Previously built successfully.
       Target "GetFrameworkPaths" skipped. Previously built successfully.
       Target "GetReferenceAssemblyPaths" skipped. Previously built successfully.
       Target "ProcessFrameworkReferences" skipped. Previously built successfully.
       Target "ResolvePackageAssets" skipped. Previously built successfully.
   8:6>Target "ResolveFrameworkReferences" in file "/usr/local/share/dotnet/sdk/9.0.200/Sdks/Microsoft.NET.Sdk/targets/Microsoft.NET.Sdk.FrameworkReferenceResolution.targets" from project "/Users/dacanetdev/Dev/AIGenerated/RoadmapSkills/src/DeventSoft.RoadmapSkills.BlazorApp/DeventSoft.RoadmapSkills.BlazorApp.csproj" (target "ResolveTargetingPackAssets" depends on it):
       Using "GetPackageDirectory" task from assembly "/usr/local/share/dotnet/sdk/9.0.200/Sdks/Microsoft.NET.Sdk/targets/../tools/net9.0/Microsoft.NET.Build.Tasks.dll".
       Task "GetPackageDirectory"
       Done executing task "GetPackageDirectory".
       Task "GetPackageDirectory"
   9:7>CoreCompile:
         Microsoft (R) Visual C# Compiler version 4.13.0-3.25072.11 (40a6eabe)
         Copyright (C) Microsoft Corporation. All rights reserved.
   8:6>Done executing task "GetPackageDirectory".
       Task "GetPackageDirectory"
       Done executing task "GetPackageDirectory".
       Task "GetPackageDirectory"
       Done executing task "GetPackageDirectory".
       Task "GetPackageDirectory"
       Done executing task "GetPackageDirectory".
       Task "GetPackageDirectory"
       Done executing task "GetPackageDirectory".
       Task "GetPackageDirectory"
       Done executing task "GetPackageDirectory".
       Task "GetPackageDirectory"
       Done executing task "GetPackageDirectory".
       Task "GetPackageDirectory"
       Done executing task "GetPackageDirectory".
       Task "GetPackageDirectory"
       Done executing task "GetPackageDirectory".
       Using "ResolveFrameworkReferences" task from assembly "/usr/local/share/dotnet/sdk/9.0.200/Sdks/Microsoft.NET.Sdk/targets/../tools/net9.0/Microsoft.NET.Build.Tasks.dll".
       Task "ResolveFrameworkReferences"
       Done executing task "ResolveFrameworkReferences".
   8:6>Done building target "ResolveFrameworkReferences" in project "DeventSoft.RoadmapSkills.BlazorApp.csproj".
   8:6>Target "ResolveTargetingPackAssets" in file "/usr/local/share/dotnet/sdk/9.0.200/Sdks/Microsoft.NET.Sdk/targets/Microsoft.NET.Sdk.FrameworkReferenceResolution.targets" from project "/Users/dacanetdev/Dev/AIGenerated/RoadmapSkills/src/DeventSoft.RoadmapSkills.BlazorApp/DeventSoft.RoadmapSkills.BlazorApp.csproj" (target "_HandlePackageFileConflicts" depends on it):
       Using "ResolveTargetingPackAssets" task from assembly "/usr/local/share/dotnet/sdk/9.0.200/Sdks/Microsoft.NET.Sdk/targets/../tools/net9.0/Microsoft.NET.Build.Tasks.dll".
       Task "ResolveTargetingPackAssets"
       Done executing task "ResolveTargetingPackAssets".
   8:6>Done building target "ResolveTargetingPackAssets" in project "DeventSoft.RoadmapSkills.BlazorApp.csproj".
   8:6>Target "ResolveOffByDefaultAnalyzers" in file "/usr/local/share/dotnet/sdk/9.0.200/Sdks/Microsoft.NET.Sdk/targets/Microsoft.NET.Sdk.FrameworkReferenceResolution.targets" from project "/Users/dacanetdev/Dev/AIGenerated/RoadmapSkills/src/DeventSoft.RoadmapSkills.BlazorApp/DeventSoft.RoadmapSkills.BlazorApp.csproj" (target "_HandlePackageFileConflicts" depends on it):
   8:6>Done building target "ResolveOffByDefaultAnalyzers" in project "DeventSoft.RoadmapSkills.BlazorApp.csproj".
   8:6>Target "_HandlePackageFileConflicts" in file "/usr/local/share/dotnet/sdk/9.0.200/Sdks/Microsoft.NET.Sdk/targets/Microsoft.NET.ConflictResolution.targets" from project "/Users/dacanetdev/Dev/AIGenerated/RoadmapSkills/src/DeventSoft.RoadmapSkills.BlazorApp/DeventSoft.RoadmapSkills.BlazorApp.csproj" (target "ResolveAssemblyReferences" depends on it):
       Using "ResolvePackageFileConflicts" task from assembly "/usr/local/share/dotnet/sdk/9.0.200/Sdks/Microsoft.NET.Sdk/targets/../tools/net9.0/Microsoft.NET.Build.Tasks.dll".
       Task "ResolvePackageFileConflicts"
         Encountered conflict between 'Platform:mscorlib.dll' and 'Platform:mscorlib.dll'. Could not determine winner due to equal file and assembly versions.
         Encountered conflict between 'Platform:Microsoft.VisualBasic.dll' and 'Platform:Microsoft.VisualBasic.dll'. Could not determine winner due to equal file and assembly versions.
         Encountered conflict between 'Platform:System.dll' and 'Platform:System.dll'. Could not determine winner due to equal file and assembly versions.
         Encountered conflict between 'Platform:System.ComponentModel.DataAnnotations.dll' and 'Platform:System.ComponentModel.DataAnnotations.dll'. Could not determine winner due to equal file and assembly versions.
         Encountered conflict between 'Platform:System.Configuration.dll' and 'Platform:System.Configuration.dll'. Could not determine winner due to equal file and assembly versions.
         Encountered conflict between 'Platform:System.Core.dll' and 'Platform:System.Core.dll'. Could not determine winner due to equal file and assembly versions.
         Encountered conflict between 'Platform:System.Data.dll' and 'Platform:System.Data.dll'. Could not determine winner due to equal file and assembly versions.
         Encountered conflict between 'Platform:System.Drawing.dll' and 'Platform:System.Drawing.dll'. Could not determine winner due to equal file and assembly versions.
         Encountered conflict between 'Platform:System.IO.Compression.FileSystem.dll' and 'Platform:System.IO.Compression.FileSystem.dll'. Could not determine winner due to equal file and assembly versions.
         Encountered conflict between 'Platform:System.Net.dll' and 'Platform:System.Net.dll'. Could not determine winner due to equal file and assembly versions.
         Encountered conflict between 'Platform:System.Numerics.dll' and 'Platform:System.Numerics.dll'. Could not determine winner due to equal file and assembly versions.
         Encountered conflict between 'Platform:System.Runtime.Serialization.dll' and 'Platform:System.Runtime.Serialization.dll'. Could not determine winner due to equal file and assembly versions.
         Encountered conflict between 'Platform:System.Security.dll' and 'Platform:System.Security.dll'. Could not determine winner due to equal file and assembly versions.
         Encountered conflict between 'Platform:System.ServiceProcess.dll' and 'Platform:System.ServiceProcess.dll'. Could not determine winner due to equal file and assembly versions.
         Encountered conflict between 'Platform:System.ServiceModel.Web.dll' and 'Platform:System.ServiceModel.Web.dll'. Could not determine winner due to equal file and assembly versions.
         Encountered conflict between 'Platform:System.Transactions.dll' and 'Platform:System.Transactions.dll'. Could not determine winner due to equal file and assembly versions.
         Encountered conflict between 'Platform:System.Web.dll' and 'Platform:System.Web.dll'. Could not determine winner due to equal file and assembly versions.
         Encountered conflict between 'Platform:System.Windows.dll' and 'Platform:System.Windows.dll'. Could not determine winner due to equal file and assembly versions.
         Encountered conflict between 'Platform:System.Xml.dll' and 'Platform:System.Xml.dll'. Could not determine winner due to equal file and assembly versions.
         Encountered conflict between 'Platform:System.Xml.Serialization.dll' and 'Platform:System.Xml.Serialization.dll'. Could not determine winner due to equal file and assembly versions.
         Encountered conflict between 'Platform:System.Xml.Linq.dll' and 'Platform:System.Xml.Linq.dll'. Could not determine winner due to equal file and assembly versions.
         Encountered conflict between 'Platform:WindowsBase.dll' and 'Platform:WindowsBase.dll'. Could not determine winner due to equal file and assembly versions.
         Encountered conflict between 'Platform:netstandard.dll' and 'Platform:netstandard.dll'. Could not determine winner due to equal file and assembly versions.
         Encountered conflict between 'Platform:System.Private.CoreLib.dll' and 'Platform:System.Private.CoreLib.dll'. Could not determine winner due to equal file and assembly versions.
         Encountered conflict between 'Platform:System.Private.DataContractSerialization.dll' and 'Platform:System.Private.DataContractSerialization.dll'. Could not determine winner due to equal file and assembly versions.
         Encountered conflict between 'Platform:System.Private.Uri.dll' and 'Platform:System.Private.Uri.dll'. Could not determine winner due to equal file and assembly versions.
         Encountered conflict between 'Platform:System.Private.Xml.dll' and 'Platform:System.Private.Xml.dll'. Could not determine winner due to equal file and assembly versions.
         Encountered conflict between 'Platform:System.Private.Xml.Linq.dll' and 'Platform:System.Private.Xml.Linq.dll'. Could not determine winner due to equal file and assembly versions.
         Encountered conflict between 'Platform:mscordaccore_amd64_amd64_8.0.1325.6609.dll' and 'Platform:mscordaccore_amd64_amd64_8.0.1325.6609.dll'. Could not determine winner due to equal file and assembly versions.
       Done executing task "ResolvePackageFileConflicts".
   8:6>Done building target "_HandlePackageFileConflicts" in project "DeventSoft.RoadmapSkills.BlazorApp.csproj".
       Target "ResolveTargetingPackAssets" skipped. Previously built successfully.
   8:6>Target "ResolveAssemblyReferences" in file "/usr/local/share/dotnet/sdk/9.0.200/Microsoft.Common.CurrentVersion.targets" from project "/Users/dacanetdev/Dev/AIGenerated/RoadmapSkills/src/DeventSoft.RoadmapSkills.BlazorApp/DeventSoft.RoadmapSkills.BlazorApp.csproj" (target "ResolveReferences" depends on it):
       Using "ResolveAssemblyReference" task from assembly "Microsoft.Build.Tasks.Core, Version=15.1.0.0, Culture=neutral, PublicKeyToken=b03f5f7f11d50a3a".
       Task "ResolveAssemblyReference"
         TargetFrameworkMoniker:
             .NETCoreApp,Version=v8.0
         TargetFrameworkMonikerDisplayName:
             .NET 8.0
         TargetedRuntimeVersion:
             
         Assemblies:
             /Users/dacanetdev/.nuget/packages/microsoft.netcore.app.ref/8.0.13/ref/net8.0/Microsoft.CSharp.dll
                 Private = 'false'
             /Users/dacanetdev/.nuget/packages/microsoft.netcore.app.ref/8.0.13/ref/net8.0/Microsoft.VisualBasic.Core.dll
                 Private = 'false'
             /Users/dacanetdev/.nuget/packages/microsoft.netcore.app.ref/8.0.13/ref/net8.0/Microsoft.VisualBasic.dll
                 Private = 'false'
             /Users/dacanetdev/.nuget/packages/microsoft.netcore.app.ref/8.0.13/ref/net8.0/Microsoft.Win32.Primitives.dll
                 Private = 'false'
             /Users/dacanetdev/.nuget/packages/microsoft.netcore.app.ref/8.0.13/ref/net8.0/Microsoft.Win32.Registry.dll
                 Private = 'false'
             /Users/dacanetdev/.nuget/packages/microsoft.netcore.app.ref/8.0.13/ref/net8.0/System.AppContext.dll
                 Private = 'false'
             /Users/dacanetdev/.nuget/packages/microsoft.netcore.app.ref/8.0.13/ref/net8.0/System.Buffers.dll
                 Private = 'false'
             /Users/dacanetdev/.nuget/packages/microsoft.netcore.app.ref/8.0.13/ref/net8.0/System.Collections.Concurrent.dll
                 Private = 'false'
             /Users/dacanetdev/.nuget/packages/microsoft.netcore.app.ref/8.0.13/ref/net8.0/System.Collections.Immutable.dll
                 Private = 'false'
             /Users/dacanetdev/.nuget/packages/microsoft.netcore.app.ref/8.0.13/ref/net8.0/System.Collections.NonGeneric.dll
                 Private = 'false'
             /Users/dacanetdev/.nuget/packages/microsoft.netcore.app.ref/8.0.13/ref/net8.0/System.Collections.Specialized.dll
                 Private = 'false'
             /Users/dacanetdev/.nuget/packages/microsoft.netcore.app.ref/8.0.13/ref/net8.0/System.Collections.dll
                 Private = 'false'
             /Users/dacanetdev/.nuget/packages/microsoft.netcore.app.ref/8.0.13/ref/net8.0/System.ComponentModel.Annotations.dll
                 Private = 'false'
             /Users/dacanetdev/.nuget/packages/microsoft.netcore.app.ref/8.0.13/ref/net8.0/System.ComponentModel.DataAnnotations.dll
                 Private = 'false'
             /Users/dacanetdev/.nuget/packages/microsoft.netcore.app.ref/8.0.13/ref/net8.0/System.ComponentModel.EventBasedAsync.dll
                 Private = 'false'
             /Users/dacanetdev/.nuget/packages/microsoft.netcore.app.ref/8.0.13/ref/net8.0/System.ComponentModel.Primitives.dll
                 Private = 'false'
             /Users/dacanetdev/.nuget/packages/microsoft.netcore.app.ref/8.0.13/ref/net8.0/System.ComponentModel.TypeConverter.dll
                 Private = 'false'
             /Users/dacanetdev/.nuget/packages/microsoft.netcore.app.ref/8.0.13/ref/net8.0/System.ComponentModel.dll
                 Private = 'false'
             /Users/dacanetdev/.nuget/packages/microsoft.netcore.app.ref/8.0.13/ref/net8.0/System.Configuration.dll
                 Private = 'false'
             /Users/dacanetdev/.nuget/packages/microsoft.netcore.app.ref/8.0.13/ref/net8.0/System.Console.dll
                 Private = 'false'
             /Users/dacanetdev/.nuget/packages/microsoft.netcore.app.ref/8.0.13/ref/net8.0/System.Core.dll
                 Private = 'false'
             /Users/dacanetdev/.nuget/packages/microsoft.netcore.app.ref/8.0.13/ref/net8.0/System.Data.Common.dll
                 Private = 'false'
             /Users/dacanetdev/.nuget/packages/microsoft.netcore.app.ref/8.0.13/ref/net8.0/System.Data.DataSetExtensions.dll
                 Private = 'false'
             /Users/dacanetdev/.nuget/packages/microsoft.netcore.app.ref/8.0.13/ref/net8.0/System.Data.dll
                 Private = 'false'
             /Users/dacanetdev/.nuget/packages/microsoft.netcore.app.ref/8.0.13/ref/net8.0/System.Diagnostics.Contracts.dll
                 Private = 'false'
             /Users/dacanetdev/.nuget/packages/microsoft.netcore.app.ref/8.0.13/ref/net8.0/System.Diagnostics.Debug.dll
                 Private = 'false'
             /Users/dacanetdev/.nuget/packages/microsoft.netcore.app.ref/8.0.13/ref/net8.0/System.Diagnostics.DiagnosticSource.dll
                 Private = 'false'
             /Users/dacanetdev/.nuget/packages/microsoft.netcore.app.ref/8.0.13/ref/net8.0/System.Diagnostics.FileVersionInfo.dll
                 Private = 'false'
             /Users/dacanetdev/.nuget/packages/microsoft.netcore.app.ref/8.0.13/ref/net8.0/System.Diagnostics.Process.dll
                 Private = 'false'
             /Users/dacanetdev/.nuget/packages/microsoft.netcore.app.ref/8.0.13/ref/net8.0/System.Diagnostics.StackTrace.dll
                 Private = 'false'
             /Users/dacanetdev/.nuget/packages/microsoft.netcore.app.ref/8.0.13/ref/net8.0/System.Diagnostics.TextWriterTraceListener.dll
                 Private = 'false'
             /Users/dacanetdev/.nuget/packages/microsoft.netcore.app.ref/8.0.13/ref/net8.0/System.Diagnostics.Tools.dll
                 Private = 'false'
             /Users/dacanetdev/.nuget/packages/microsoft.netcore.app.ref/8.0.13/ref/net8.0/System.Diagnostics.TraceSource.dll
                 Private = 'false'
             /Users/dacanetdev/.nuget/packages/microsoft.netcore.app.ref/8.0.13/ref/net8.0/System.Diagnostics.Tracing.dll
                 Private = 'false'
             /Users/dacanetdev/.nuget/packages/microsoft.netcore.app.ref/8.0.13/ref/net8.0/System.Drawing.Primitives.dll
                 Private = 'false'
             /Users/dacanetdev/.nuget/packages/microsoft.netcore.app.ref/8.0.13/ref/net8.0/System.Drawing.dll
                 Private = 'false'
             /Users/dacanetdev/.nuget/packages/microsoft.netcore.app.ref/8.0.13/ref/net8.0/System.Dynamic.Runtime.dll
                 Private = 'false'
             /Users/dacanetdev/.nuget/packages/microsoft.netcore.app.ref/8.0.13/ref/net8.0/System.Formats.Asn1.dll
                 Private = 'false'
             /Users/dacanetdev/.nuget/packages/microsoft.netcore.app.ref/8.0.13/ref/net8.0/System.Formats.Tar.dll
                 Private = 'false'
             /Users/dacanetdev/.nuget/packages/microsoft.netcore.app.ref/8.0.13/ref/net8.0/System.Globalization.Calendars.dll
                 Private = 'false'
             /Users/dacanetdev/.nuget/packages/microsoft.netcore.app.ref/8.0.13/ref/net8.0/System.Globalization.Extensions.dll
                 Private = 'false'
             /Users/dacanetdev/.nuget/packages/microsoft.netcore.app.ref/8.0.13/ref/net8.0/System.Globalization.dll
                 Private = 'false'
             /Users/dacanetdev/.nuget/packages/microsoft.netcore.app.ref/8.0.13/ref/net8.0/System.IO.Compression.Brotli.dll
                 Private = 'false'
             /Users/dacanetdev/.nuget/packages/microsoft.netcore.app.ref/8.0.13/ref/net8.0/System.IO.Compression.FileSystem.dll
                 Private = 'false'
             /Users/dacanetdev/.nuget/packages/microsoft.netcore.app.ref/8.0.13/ref/net8.0/System.IO.Compression.ZipFile.dll
                 Private = 'false'
             /Users/dacanetdev/.nuget/packages/microsoft.netcore.app.ref/8.0.13/ref/net8.0/System.IO.Compression.dll
                 Private = 'false'
             /Users/dacanetdev/.nuget/packages/microsoft.netcore.app.ref/8.0.13/ref/net8.0/System.IO.FileSystem.AccessControl.dll
                 Private = 'false'
             /Users/dacanetdev/.nuget/packages/microsoft.netcore.app.ref/8.0.13/ref/net8.0/System.IO.FileSystem.DriveInfo.dll
                 Private = 'false'
             /Users/dacanetdev/.nuget/packages/microsoft.netcore.app.ref/8.0.13/ref/net8.0/System.IO.FileSystem.Primitives.dll
                 Private = 'false'
             /Users/dacanetdev/.nuget/packages/microsoft.netcore.app.ref/8.0.13/ref/net8.0/System.IO.FileSystem.Watcher.dll
                 Private = 'false'
             /Users/dacanetdev/.nuget/packages/microsoft.netcore.app.ref/8.0.13/ref/net8.0/System.IO.FileSystem.dll
                 Private = 'false'
             /Users/dacanetdev/.nuget/packages/microsoft.netcore.app.ref/8.0.13/ref/net8.0/System.IO.IsolatedStorage.dll
                 Private = 'false'
             /Users/dacanetdev/.nuget/packages/microsoft.netcore.app.ref/8.0.13/ref/net8.0/System.IO.MemoryMappedFiles.dll
                 Private = 'false'
             /Users/dacanetdev/.nuget/packages/microsoft.netcore.app.ref/8.0.13/ref/net8.0/System.IO.Pipes.AccessControl.dll
                 Private = 'false'
             /Users/dacanetdev/.nuget/packages/microsoft.netcore.app.ref/8.0.13/ref/net8.0/System.IO.Pipes.dll
                 Private = 'false'
             /Users/dacanetdev/.nuget/packages/microsoft.netcore.app.ref/8.0.13/ref/net8.0/System.IO.UnmanagedMemoryStream.dll
                 Private = 'false'
             /Users/dacanetdev/.nuget/packages/microsoft.netcore.app.ref/8.0.13/ref/net8.0/System.IO.dll
                 Private = 'false'
             /Users/dacanetdev/.nuget/packages/microsoft.netcore.app.ref/8.0.13/ref/net8.0/System.Linq.Expressions.dll
                 Private = 'false'
             /Users/dacanetdev/.nuget/packages/microsoft.netcore.app.ref/8.0.13/ref/net8.0/System.Linq.Parallel.dll
                 Private = 'false'
             /Users/dacanetdev/.nuget/packages/microsoft.netcore.app.ref/8.0.13/ref/net8.0/System.Linq.Queryable.dll
                 Private = 'false'
             /Users/dacanetdev/.nuget/packages/microsoft.netcore.app.ref/8.0.13/ref/net8.0/System.Linq.dll
                 Private = 'false'
             /Users/dacanetdev/.nuget/packages/microsoft.netcore.app.ref/8.0.13/ref/net8.0/System.Memory.dll
                 Private = 'false'
             /Users/dacanetdev/.nuget/packages/microsoft.netcore.app.ref/8.0.13/ref/net8.0/System.Net.Http.Json.dll
                 Private = 'false'
             /Users/dacanetdev/.nuget/packages/microsoft.netcore.app.ref/8.0.13/ref/net8.0/System.Net.Http.dll
                 Private = 'false'
             /Users/dacanetdev/.nuget/packages/microsoft.netcore.app.ref/8.0.13/ref/net8.0/System.Net.HttpListener.dll
                 Private = 'false'
             /Users/dacanetdev/.nuget/packages/microsoft.netcore.app.ref/8.0.13/ref/net8.0/System.Net.Mail.dll
                 Private = 'false'
             /Users/dacanetdev/.nuget/packages/microsoft.netcore.app.ref/8.0.13/ref/net8.0/System.Net.NameResolution.dll
                 Private = 'false'
             /Users/dacanetdev/.nuget/packages/microsoft.netcore.app.ref/8.0.13/ref/net8.0/System.Net.NetworkInformation.dll
                 Private = 'false'
             /Users/dacanetdev/.nuget/packages/microsoft.netcore.app.ref/8.0.13/ref/net8.0/System.Net.Ping.dll
                 Private = 'false'
             /Users/dacanetdev/.nuget/packages/microsoft.netcore.app.ref/8.0.13/ref/net8.0/System.Net.Primitives.dll
                 Private = 'false'
             /Users/dacanetdev/.nuget/packages/microsoft.netcore.app.ref/8.0.13/ref/net8.0/System.Net.Quic.dll
                 Private = 'false'
             /Users/dacanetdev/.nuget/packages/microsoft.netcore.app.ref/8.0.13/ref/net8.0/System.Net.Requests.dll
                 Private = 'false'
             /Users/dacanetdev/.nuget/packages/microsoft.netcore.app.ref/8.0.13/ref/net8.0/System.Net.Security.dll
                 Private = 'false'
             /Users/dacanetdev/.nuget/packages/microsoft.netcore.app.ref/8.0.13/ref/net8.0/System.Net.ServicePoint.dll
                 Private = 'false'
             /Users/dacanetdev/.nuget/packages/microsoft.netcore.app.ref/8.0.13/ref/net8.0/System.Net.Sockets.dll
                 Private = 'false'
             /Users/dacanetdev/.nuget/packages/microsoft.netcore.app.ref/8.0.13/ref/net8.0/System.Net.WebClient.dll
                 Private = 'false'
             /Users/dacanetdev/.nuget/packages/microsoft.netcore.app.ref/8.0.13/ref/net8.0/System.Net.WebHeaderCollection.dll
                 Private = 'false'
             /Users/dacanetdev/.nuget/packages/microsoft.netcore.app.ref/8.0.13/ref/net8.0/System.Net.WebProxy.dll
                 Private = 'false'
             /Users/dacanetdev/.nuget/packages/microsoft.netcore.app.ref/8.0.13/ref/net8.0/System.Net.WebSockets.Client.dll
                 Private = 'false'
             /Users/dacanetdev/.nuget/packages/microsoft.netcore.app.ref/8.0.13/ref/net8.0/System.Net.WebSockets.dll
                 Private = 'false'
             /Users/dacanetdev/.nuget/packages/microsoft.netcore.app.ref/8.0.13/ref/net8.0/System.Net.dll
                 Private = 'false'
             /Users/dacanetdev/.nuget/packages/microsoft.netcore.app.ref/8.0.13/ref/net8.0/System.Numerics.Vectors.dll
                 Private = 'false'
             /Users/dacanetdev/.nuget/packages/microsoft.netcore.app.ref/8.0.13/ref/net8.0/System.Numerics.dll
                 Private = 'false'
             /Users/dacanetdev/.nuget/packages/microsoft.netcore.app.ref/8.0.13/ref/net8.0/System.ObjectModel.dll
                 Private = 'false'
             /Users/dacanetdev/.nuget/packages/microsoft.netcore.app.ref/8.0.13/ref/net8.0/System.Reflection.DispatchProxy.dll
                 Private = 'false'
             /Users/dacanetdev/.nuget/packages/microsoft.netcore.app.ref/8.0.13/ref/net8.0/System.Reflection.Emit.ILGeneration.dll
                 Private = 'false'
             /Users/dacanetdev/.nuget/packages/microsoft.netcore.app.ref/8.0.13/ref/net8.0/System.Reflection.Emit.Lightweight.dll
                 Private = 'false'
             /Users/dacanetdev/.nuget/packages/microsoft.netcore.app.ref/8.0.13/ref/net8.0/System.Reflection.Emit.dll
                 Private = 'false'
             /Users/dacanetdev/.nuget/packages/microsoft.netcore.app.ref/8.0.13/ref/net8.0/System.Reflection.Extensions.dll
                 Private = 'false'
             /Users/dacanetdev/.nuget/packages/microsoft.netcore.app.ref/8.0.13/ref/net8.0/System.Reflection.Metadata.dll
                 Private = 'false'
             /Users/dacanetdev/.nuget/packages/microsoft.netcore.app.ref/8.0.13/ref/net8.0/System.Reflection.Primitives.dll
                 Private = 'false'
             /Users/dacanetdev/.nuget/packages/microsoft.netcore.app.ref/8.0.13/ref/net8.0/System.Reflection.TypeExtensions.dll
                 Private = 'false'
             /Users/dacanetdev/.nuget/packages/microsoft.netcore.app.ref/8.0.13/ref/net8.0/System.Reflection.dll
                 Private = 'false'
             /Users/dacanetdev/.nuget/packages/microsoft.netcore.app.ref/8.0.13/ref/net8.0/System.Resources.Reader.dll
                 Private = 'false'
             /Users/dacanetdev/.nuget/packages/microsoft.netcore.app.ref/8.0.13/ref/net8.0/System.Resources.ResourceManager.dll
                 Private = 'false'
             /Users/dacanetdev/.nuget/packages/microsoft.netcore.app.ref/8.0.13/ref/net8.0/System.Resources.Writer.dll
                 Private = 'false'
             /Users/dacanetdev/.nuget/packages/microsoft.netcore.app.ref/8.0.13/ref/net8.0/System.Runtime.CompilerServices.Unsafe.dll
                 Private = 'false'
             /Users/dacanetdev/.nuget/packages/microsoft.netcore.app.ref/8.0.13/ref/net8.0/System.Runtime.CompilerServices.VisualC.dll
                 Private = 'false'
             /Users/dacanetdev/.nuget/packages/microsoft.netcore.app.ref/8.0.13/ref/net8.0/System.Runtime.Extensions.dll
                 Private = 'false'
             /Users/dacanetdev/.nuget/packages/microsoft.netcore.app.ref/8.0.13/ref/net8.0/System.Runtime.Handles.dll
                 Private = 'false'
             /Users/dacanetdev/.nuget/packages/microsoft.netcore.app.ref/8.0.13/ref/net8.0/System.Runtime.InteropServices.JavaScript.dll
                 Private = 'false'
             /Users/dacanetdev/.nuget/packages/microsoft.netcore.app.ref/8.0.13/ref/net8.0/System.Runtime.InteropServices.RuntimeInformation.dll
                 Private = 'false'
             /Users/dacanetdev/.nuget/packages/microsoft.netcore.app.ref/8.0.13/ref/net8.0/System.Runtime.InteropServices.dll
                 Private = 'false'
             /Users/dacanetdev/.nuget/packages/microsoft.netcore.app.ref/8.0.13/ref/net8.0/System.Runtime.Intrinsics.dll
                 Private = 'false'
             /Users/dacanetdev/.nuget/packages/microsoft.netcore.app.ref/8.0.13/ref/net8.0/System.Runtime.Loader.dll
                 Private = 'false'
             /Users/dacanetdev/.nuget/packages/microsoft.netcore.app.ref/8.0.13/ref/net8.0/System.Runtime.Numerics.dll
                 Private = 'false'
             /Users/dacanetdev/.nuget/packages/microsoft.netcore.app.ref/8.0.13/ref/net8.0/System.Runtime.Serialization.Formatters.dll
                 Private = 'false'
             /Users/dacanetdev/.nuget/packages/microsoft.netcore.app.ref/8.0.13/ref/net8.0/System.Runtime.Serialization.Json.dll
                 Private = 'false'
             /Users/dacanetdev/.nuget/packages/microsoft.netcore.app.ref/8.0.13/ref/net8.0/System.Runtime.Serialization.Primitives.dll
                 Private = 'false'
             /Users/dacanetdev/.nuget/packages/microsoft.netcore.app.ref/8.0.13/ref/net8.0/System.Runtime.Serialization.Xml.dll
                 Private = 'false'
             /Users/dacanetdev/.nuget/packages/microsoft.netcore.app.ref/8.0.13/ref/net8.0/System.Runtime.Serialization.dll
                 Private = 'false'
             /Users/dacanetdev/.nuget/packages/microsoft.netcore.app.ref/8.0.13/ref/net8.0/System.Runtime.dll
                 Private = 'false'
             /Users/dacanetdev/.nuget/packages/microsoft.netcore.app.ref/8.0.13/ref/net8.0/System.Security.AccessControl.dll
                 Private = 'false'
             /Users/dacanetdev/.nuget/packages/microsoft.netcore.app.ref/8.0.13/ref/net8.0/System.Security.Claims.dll
                 Private = 'false'
             /Users/dacanetdev/.nuget/packages/microsoft.netcore.app.ref/8.0.13/ref/net8.0/System.Security.Cryptography.Algorithms.dll
                 Private = 'false'
             /Users/dacanetdev/.nuget/packages/microsoft.netcore.app.ref/8.0.13/ref/net8.0/System.Security.Cryptography.Cng.dll
                 Private = 'false'
             /Users/dacanetdev/.nuget/packages/microsoft.netcore.app.ref/8.0.13/ref/net8.0/System.Security.Cryptography.Csp.dll
                 Private = 'false'
             /Users/dacanetdev/.nuget/packages/microsoft.netcore.app.ref/8.0.13/ref/net8.0/System.Security.Cryptography.Encoding.dll
                 Private = 'false'
             /Users/dacanetdev/.nuget/packages/microsoft.netcore.app.ref/8.0.13/ref/net8.0/System.Security.Cryptography.OpenSsl.dll
                 Private = 'false'
             /Users/dacanetdev/.nuget/packages/microsoft.netcore.app.ref/8.0.13/ref/net8.0/System.Security.Cryptography.Primitives.dll
                 Private = 'false'
             /Users/dacanetdev/.nuget/packages/microsoft.netcore.app.ref/8.0.13/ref/net8.0/System.Security.Cryptography.X509Certificates.dll
                 Private = 'false'
             /Users/dacanetdev/.nuget/packages/microsoft.netcore.app.ref/8.0.13/ref/net8.0/System.Security.Cryptography.dll
                 Private = 'false'
             /Users/dacanetdev/.nuget/packages/microsoft.netcore.app.ref/8.0.13/ref/net8.0/System.Security.Principal.Windows.dll
                 Private = 'false'
             /Users/dacanetdev/.nuget/packages/microsoft.netcore.app.ref/8.0.13/ref/net8.0/System.Security.Principal.dll
                 Private = 'false'
             /Users/dacanetdev/.nuget/packages/microsoft.netcore.app.ref/8.0.13/ref/net8.0/System.Security.SecureString.dll
                 Private = 'false'
             /Users/dacanetdev/.nuget/packages/microsoft.netcore.app.ref/8.0.13/ref/net8.0/System.Security.dll
                 Private = 'false'
             /Users/dacanetdev/.nuget/packages/microsoft.netcore.app.ref/8.0.13/ref/net8.0/System.ServiceModel.Web.dll
                 Private = 'false'
             /Users/dacanetdev/.nuget/packages/microsoft.netcore.app.ref/8.0.13/ref/net8.0/System.ServiceProcess.dll
                 Private = 'false'
             /Users/dacanetdev/.nuget/packages/microsoft.netcore.app.ref/8.0.13/ref/net8.0/System.Text.Encoding.CodePages.dll
                 Private = 'false'
             /Users/dacanetdev/.nuget/packages/microsoft.netcore.app.ref/8.0.13/ref/net8.0/System.Text.Encoding.Extensions.dll
                 Private = 'false'
             /Users/dacanetdev/.nuget/packages/microsoft.netcore.app.ref/8.0.13/ref/net8.0/System.Text.Encoding.dll
                 Private = 'false'
             /Users/dacanetdev/.nuget/packages/microsoft.netcore.app.ref/8.0.13/ref/net8.0/System.Text.Encodings.Web.dll
                 Private = 'false'
             /Users/dacanetdev/.nuget/packages/microsoft.netcore.app.ref/8.0.13/ref/net8.0/System.Text.Json.dll
                 Private = 'false'
             /Users/dacanetdev/.nuget/packages/microsoft.netcore.app.ref/8.0.13/ref/net8.0/System.Text.RegularExpressions.dll
                 Private = 'false'
             /Users/dacanetdev/.nuget/packages/microsoft.netcore.app.ref/8.0.13/ref/net8.0/System.Threading.Channels.dll
                 Private = 'false'
             /Users/dacanetdev/.nuget/packages/microsoft.netcore.app.ref/8.0.13/ref/net8.0/System.Threading.Overlapped.dll
                 Private = 'false'
             /Users/dacanetdev/.nuget/packages/microsoft.netcore.app.ref/8.0.13/ref/net8.0/System.Threading.Tasks.Dataflow.dll
                 Private = 'false'
             /Users/dacanetdev/.nuget/packages/microsoft.netcore.app.ref/8.0.13/ref/net8.0/System.Threading.Tasks.Extensions.dll
                 Private = 'false'
             /Users/dacanetdev/.nuget/packages/microsoft.netcore.app.ref/8.0.13/ref/net8.0/System.Threading.Tasks.Parallel.dll
                 Private = 'false'
             /Users/dacanetdev/.nuget/packages/microsoft.netcore.app.ref/8.0.13/ref/net8.0/System.Threading.Tasks.dll
                 Private = 'false'
             /Users/dacanetdev/.nuget/packages/microsoft.netcore.app.ref/8.0.13/ref/net8.0/System.Threading.Thread.dll
                 Private = 'false'
             /Users/dacanetdev/.nuget/packages/microsoft.netcore.app.ref/8.0.13/ref/net8.0/System.Threading.ThreadPool.dll
                 Private = 'false'
             /Users/dacanetdev/.nuget/packages/microsoft.netcore.app.ref/8.0.13/ref/net8.0/System.Threading.Timer.dll
                 Private = 'false'
             /Users/dacanetdev/.nuget/packages/microsoft.netcore.app.ref/8.0.13/ref/net8.0/System.Threading.dll
                 Private = 'false'
             /Users/dacanetdev/.nuget/packages/microsoft.netcore.app.ref/8.0.13/ref/net8.0/System.Transactions.Local.dll
                 Private = 'false'
             /Users/dacanetdev/.nuget/packages/microsoft.netcore.app.ref/8.0.13/ref/net8.0/System.Transactions.dll
                 Private = 'false'
             /Users/dacanetdev/.nuget/packages/microsoft.netcore.app.ref/8.0.13/ref/net8.0/System.ValueTuple.dll
                 Private = 'false'
             /Users/dacanetdev/.nuget/packages/microsoft.netcore.app.ref/8.0.13/ref/net8.0/System.Web.HttpUtility.dll
                 Private = 'false'
             /Users/dacanetdev/.nuget/packages/microsoft.netcore.app.ref/8.0.13/ref/net8.0/System.Web.dll
                 Private = 'false'
             /Users/dacanetdev/.nuget/packages/microsoft.netcore.app.ref/8.0.13/ref/net8.0/System.Windows.dll
                 Private = 'false'
             /Users/dacanetdev/.nuget/packages/microsoft.netcore.app.ref/8.0.13/ref/net8.0/System.Xml.Linq.dll
                 Private = 'false'
             /Users/dacanetdev/.nuget/packages/microsoft.netcore.app.ref/8.0.13/ref/net8.0/System.Xml.ReaderWriter.dll
                 Private = 'false'
             /Users/dacanetdev/.nuget/packages/microsoft.netcore.app.ref/8.0.13/ref/net8.0/System.Xml.Serialization.dll
                 Private = 'false'
             /Users/dacanetdev/.nuget/packages/microsoft.netcore.app.ref/8.0.13/ref/net8.0/System.Xml.XDocument.dll
                 Private = 'false'
             /Users/dacanetdev/.nuget/packages/microsoft.netcore.app.ref/8.0.13/ref/net8.0/System.Xml.XPath.XDocument.dll
                 Private = 'false'
             /Users/dacanetdev/.nuget/packages/microsoft.netcore.app.ref/8.0.13/ref/net8.0/System.Xml.XPath.dll
                 Private = 'false'
             /Users/dacanetdev/.nuget/packages/microsoft.netcore.app.ref/8.0.13/ref/net8.0/System.Xml.XmlDocument.dll
                 Private = 'false'
             /Users/dacanetdev/.nuget/packages/microsoft.netcore.app.ref/8.0.13/ref/net8.0/System.Xml.XmlSerializer.dll
                 Private = 'false'
             /Users/dacanetdev/.nuget/packages/microsoft.netcore.app.ref/8.0.13/ref/net8.0/System.Xml.dll
                 Private = 'false'
             /Users/dacanetdev/.nuget/packages/microsoft.netcore.app.ref/8.0.13/ref/net8.0/System.dll
                 Private = 'false'
             /Users/dacanetdev/.nuget/packages/microsoft.netcore.app.ref/8.0.13/ref/net8.0/WindowsBase.dll
                 Private = 'false'
             /Users/dacanetdev/.nuget/packages/microsoft.netcore.app.ref/8.0.13/ref/net8.0/mscorlib.dll
                 Private = 'false'
             /Users/dacanetdev/.nuget/packages/microsoft.netcore.app.ref/8.0.13/ref/net8.0/netstandard.dll
                 Private = 'false'
             /Users/dacanetdev/.nuget/packages/microsoft.aspnetcore.app.ref/8.0.13/ref/net8.0/Microsoft.AspNetCore.Antiforgery.dll
                 Private = 'false'
             /Users/dacanetdev/.nuget/packages/microsoft.aspnetcore.app.ref/8.0.13/ref/net8.0/Microsoft.AspNetCore.Authentication.Abstractions.dll
                 Private = 'false'
             /Users/dacanetdev/.nuget/packages/microsoft.aspnetcore.app.ref/8.0.13/ref/net8.0/Microsoft.AspNetCore.Authentication.BearerToken.dll
                 Private = 'false'
             /Users/dacanetdev/.nuget/packages/microsoft.aspnetcore.app.ref/8.0.13/ref/net8.0/Microsoft.AspNetCore.Authentication.Cookies.dll
                 Private = 'false'
             /Users/dacanetdev/.nuget/packages/microsoft.aspnetcore.app.ref/8.0.13/ref/net8.0/Microsoft.AspNetCore.Authentication.Core.dll
                 Private = 'false'
             /Users/dacanetdev/.nuget/packages/microsoft.aspnetcore.app.ref/8.0.13/ref/net8.0/Microsoft.AspNetCore.Authentication.OAuth.dll
                 Private = 'false'
             /Users/dacanetdev/.nuget/packages/microsoft.aspnetcore.app.ref/8.0.13/ref/net8.0/Microsoft.AspNetCore.Authentication.dll
                 Private = 'false'
             /Users/dacanetdev/.nuget/packages/microsoft.aspnetcore.app.ref/8.0.13/ref/net8.0/Microsoft.AspNetCore.Authorization.Policy.dll
                 Private = 'false'
             /Users/dacanetdev/.nuget/packages/microsoft.aspnetcore.app.ref/8.0.13/ref/net8.0/Microsoft.AspNetCore.Authorization.dll
                 Private = 'false'
             /Users/dacanetdev/.nuget/packages/microsoft.aspnetcore.app.ref/8.0.13/ref/net8.0/Microsoft.AspNetCore.Components.Authorization.dll
                 Private = 'false'
             /Users/dacanetdev/.nuget/packages/microsoft.aspnetcore.app.ref/8.0.13/ref/net8.0/Microsoft.AspNetCore.Components.Endpoints.dll
                 Private = 'false'
             /Users/dacanetdev/.nuget/packages/microsoft.aspnetcore.app.ref/8.0.13/ref/net8.0/Microsoft.AspNetCore.Components.Forms.dll
                 Private = 'false'
             /Users/dacanetdev/.nuget/packages/microsoft.aspnetcore.app.ref/8.0.13/ref/net8.0/Microsoft.AspNetCore.Components.Server.dll
                 Private = 'false'
             /Users/dacanetdev/.nuget/packages/microsoft.aspnetcore.app.ref/8.0.13/ref/net8.0/Microsoft.AspNetCore.Components.Web.dll
                 Private = 'false'
             /Users/dacanetdev/.nuget/packages/microsoft.aspnetcore.app.ref/8.0.13/ref/net8.0/Microsoft.AspNetCore.Components.dll
                 Private = 'false'
             /Users/dacanetdev/.nuget/packages/microsoft.aspnetcore.app.ref/8.0.13/ref/net8.0/Microsoft.AspNetCore.Connections.Abstractions.dll
                 Private = 'false'
             /Users/dacanetdev/.nuget/packages/microsoft.aspnetcore.app.ref/8.0.13/ref/net8.0/Microsoft.AspNetCore.CookiePolicy.dll
                 Private = 'false'
             /Users/dacanetdev/.nuget/packages/microsoft.aspnetcore.app.ref/8.0.13/ref/net8.0/Microsoft.AspNetCore.Cors.dll
                 Private = 'false'
             /Users/dacanetdev/.nuget/packages/microsoft.aspnetcore.app.ref/8.0.13/ref/net8.0/Microsoft.AspNetCore.Cryptography.Internal.dll
                 Private = 'false'
             /Users/dacanetdev/.nuget/packages/microsoft.aspnetcore.app.ref/8.0.13/ref/net8.0/Microsoft.AspNetCore.Cryptography.KeyDerivation.dll
                 Private = 'false'
             /Users/dacanetdev/.nuget/packages/microsoft.aspnetcore.app.ref/8.0.13/ref/net8.0/Microsoft.AspNetCore.DataProtection.Abstractions.dll
                 Private = 'false'
             /Users/dacanetdev/.nuget/packages/microsoft.aspnetcore.app.ref/8.0.13/ref/net8.0/Microsoft.AspNetCore.DataProtection.Extensions.dll
                 Private = 'false'
             /Users/dacanetdev/.nuget/packages/microsoft.aspnetcore.app.ref/8.0.13/ref/net8.0/Microsoft.AspNetCore.DataProtection.dll
                 Private = 'false'
             /Users/dacanetdev/.nuget/packages/microsoft.aspnetcore.app.ref/8.0.13/ref/net8.0/Microsoft.AspNetCore.Diagnostics.Abstractions.dll
                 Private = 'false'
             /Users/dacanetdev/.nuget/packages/microsoft.aspnetcore.app.ref/8.0.13/ref/net8.0/Microsoft.AspNetCore.Diagnostics.HealthChecks.dll
                 Private = 'false'
             /Users/dacanetdev/.nuget/packages/microsoft.aspnetcore.app.ref/8.0.13/ref/net8.0/Microsoft.AspNetCore.Diagnostics.dll
                 Private = 'false'
             /Users/dacanetdev/.nuget/packages/microsoft.aspnetcore.app.ref/8.0.13/ref/net8.0/Microsoft.AspNetCore.HostFiltering.dll
                 Private = 'false'
             /Users/dacanetdev/.nuget/packages/microsoft.aspnetcore.app.ref/8.0.13/ref/net8.0/Microsoft.AspNetCore.Hosting.Abstractions.dll
                 Private = 'false'
             /Users/dacanetdev/.nuget/packages/microsoft.aspnetcore.app.ref/8.0.13/ref/net8.0/Microsoft.AspNetCore.Hosting.Server.Abstractions.dll
                 Private = 'false'
             /Users/dacanetdev/.nuget/packages/microsoft.aspnetcore.app.ref/8.0.13/ref/net8.0/Microsoft.AspNetCore.Hosting.dll
                 Private = 'false'
             /Users/dacanetdev/.nuget/packages/microsoft.aspnetcore.app.ref/8.0.13/ref/net8.0/Microsoft.AspNetCore.Html.Abstractions.dll
                 Private = 'false'
             /Users/dacanetdev/.nuget/packages/microsoft.aspnetcore.app.ref/8.0.13/ref/net8.0/Microsoft.AspNetCore.Http.Abstractions.dll
                 Private = 'false'
             /Users/dacanetdev/.nuget/packages/microsoft.aspnetcore.app.ref/8.0.13/ref/net8.0/Microsoft.AspNetCore.Http.Connections.Common.dll
                 Private = 'false'
             /Users/dacanetdev/.nuget/packages/microsoft.aspnetcore.app.ref/8.0.13/ref/net8.0/Microsoft.AspNetCore.Http.Connections.dll
                 Private = 'false'
             /Users/dacanetdev/.nuget/packages/microsoft.aspnetcore.app.ref/8.0.13/ref/net8.0/Microsoft.AspNetCore.Http.Extensions.dll
                 Private = 'false'
             /Users/dacanetdev/.nuget/packages/microsoft.aspnetcore.app.ref/8.0.13/ref/net8.0/Microsoft.AspNetCore.Http.Features.dll
                 Private = 'false'
             /Users/dacanetdev/.nuget/packages/microsoft.aspnetcore.app.ref/8.0.13/ref/net8.0/Microsoft.AspNetCore.Http.Results.dll
                 Private = 'false'
             /Users/dacanetdev/.nuget/packages/microsoft.aspnetcore.app.ref/8.0.13/ref/net8.0/Microsoft.AspNetCore.Http.dll
                 Private = 'false'
             /Users/dacanetdev/.nuget/packages/microsoft.aspnetcore.app.ref/8.0.13/ref/net8.0/Microsoft.AspNetCore.HttpLogging.dll
                 Private = 'false'
             /Users/dacanetdev/.nuget/packages/microsoft.aspnetcore.app.ref/8.0.13/ref/net8.0/Microsoft.AspNetCore.HttpOverrides.dll
                 Private = 'false'
             /Users/dacanetdev/.nuget/packages/microsoft.aspnetcore.app.ref/8.0.13/ref/net8.0/Microsoft.AspNetCore.HttpsPolicy.dll
                 Private = 'false'
             /Users/dacanetdev/.nuget/packages/microsoft.aspnetcore.app.ref/8.0.13/ref/net8.0/Microsoft.AspNetCore.Identity.dll
                 Private = 'false'
             /Users/dacanetdev/.nuget/packages/microsoft.aspnetcore.app.ref/8.0.13/ref/net8.0/Microsoft.AspNetCore.Localization.Routing.dll
                 Private = 'false'
             /Users/dacanetdev/.nuget/packages/microsoft.aspnetcore.app.ref/8.0.13/ref/net8.0/Microsoft.AspNetCore.Localization.dll
                 Private = 'false'
             /Users/dacanetdev/.nuget/packages/microsoft.aspnetcore.app.ref/8.0.13/ref/net8.0/Microsoft.AspNetCore.Metadata.dll
                 Private = 'false'
             /Users/dacanetdev/.nuget/packages/microsoft.aspnetcore.app.ref/8.0.13/ref/net8.0/Microsoft.AspNetCore.Mvc.Abstractions.dll
                 Private = 'false'
             /Users/dacanetdev/.nuget/packages/microsoft.aspnetcore.app.ref/8.0.13/ref/net8.0/Microsoft.AspNetCore.Mvc.ApiExplorer.dll
                 Private = 'false'
             /Users/dacanetdev/.nuget/packages/microsoft.aspnetcore.app.ref/8.0.13/ref/net8.0/Microsoft.AspNetCore.Mvc.Core.dll
                 Private = 'false'
             /Users/dacanetdev/.nuget/packages/microsoft.aspnetcore.app.ref/8.0.13/ref/net8.0/Microsoft.AspNetCore.Mvc.Cors.dll
                 Private = 'false'
             /Users/dacanetdev/.nuget/packages/microsoft.aspnetcore.app.ref/8.0.13/ref/net8.0/Microsoft.AspNetCore.Mvc.DataAnnotations.dll
                 Private = 'false'
             /Users/dacanetdev/.nuget/packages/microsoft.aspnetcore.app.ref/8.0.13/ref/net8.0/Microsoft.AspNetCore.Mvc.Formatters.Json.dll
                 Private = 'false'
             /Users/dacanetdev/.nuget/packages/microsoft.aspnetcore.app.ref/8.0.13/ref/net8.0/Microsoft.AspNetCore.Mvc.Formatters.Xml.dll
                 Private = 'false'
             /Users/dacanetdev/.nuget/packages/microsoft.aspnetcore.app.ref/8.0.13/ref/net8.0/Microsoft.AspNetCore.Mvc.Localization.dll
                 Private = 'false'
             /Users/dacanetdev/.nuget/packages/microsoft.aspnetcore.app.ref/8.0.13/ref/net8.0/Microsoft.AspNetCore.Mvc.Razor.dll
                 Private = 'false'
             /Users/dacanetdev/.nuget/packages/microsoft.aspnetcore.app.ref/8.0.13/ref/net8.0/Microsoft.AspNetCore.Mvc.RazorPages.dll
                 Private = 'false'
             /Users/dacanetdev/.nuget/packages/microsoft.aspnetcore.app.ref/8.0.13/ref/net8.0/Microsoft.AspNetCore.Mvc.TagHelpers.dll
                 Private = 'false'
             /Users/dacanetdev/.nuget/packages/microsoft.aspnetcore.app.ref/8.0.13/ref/net8.0/Microsoft.AspNetCore.Mvc.ViewFeatures.dll
                 Private = 'false'
             /Users/dacanetdev/.nuget/packages/microsoft.aspnetcore.app.ref/8.0.13/ref/net8.0/Microsoft.AspNetCore.Mvc.dll
                 Private = 'false'
             /Users/dacanetdev/.nuget/packages/microsoft.aspnetcore.app.ref/8.0.13/ref/net8.0/Microsoft.AspNetCore.OutputCaching.dll
                 Private = 'false'
             /Users/dacanetdev/.nuget/packages/microsoft.aspnetcore.app.ref/8.0.13/ref/net8.0/Microsoft.AspNetCore.RateLimiting.dll
                 Private = 'false'
             /Users/dacanetdev/.nuget/packages/microsoft.aspnetcore.app.ref/8.0.13/ref/net8.0/Microsoft.AspNetCore.Razor.Runtime.dll
                 Private = 'false'
             /Users/dacanetdev/.nuget/packages/microsoft.aspnetcore.app.ref/8.0.13/ref/net8.0/Microsoft.AspNetCore.Razor.dll
                 Private = 'false'
             /Users/dacanetdev/.nuget/packages/microsoft.aspnetcore.app.ref/8.0.13/ref/net8.0/Microsoft.AspNetCore.RequestDecompression.dll
                 Private = 'false'
             /Users/dacanetdev/.nuget/packages/microsoft.aspnetcore.app.ref/8.0.13/ref/net8.0/Microsoft.AspNetCore.ResponseCaching.Abstractions.dll
                 Private = 'false'
             /Users/dacanetdev/.nuget/packages/microsoft.aspnetcore.app.ref/8.0.13/ref/net8.0/Microsoft.AspNetCore.ResponseCaching.dll
                 Private = 'false'
             /Users/dacanetdev/.nuget/packages/microsoft.aspnetcore.app.ref/8.0.13/ref/net8.0/Microsoft.AspNetCore.ResponseCompression.dll
                 Private = 'false'
             /Users/dacanetdev/.nuget/packages/microsoft.aspnetcore.app.ref/8.0.13/ref/net8.0/Microsoft.AspNetCore.Rewrite.dll
                 Private = 'false'
             /Users/dacanetdev/.nuget/packages/microsoft.aspnetcore.app.ref/8.0.13/ref/net8.0/Microsoft.AspNetCore.Routing.Abstractions.dll
                 Private = 'false'
             /Users/dacanetdev/.nuget/packages/microsoft.aspnetcore.app.ref/8.0.13/ref/net8.0/Microsoft.AspNetCore.Routing.dll
                 Private = 'false'
             /Users/dacanetdev/.nuget/packages/microsoft.aspnetcore.app.ref/8.0.13/ref/net8.0/Microsoft.AspNetCore.Server.HttpSys.dll
                 Private = 'false'
             /Users/dacanetdev/.nuget/packages/microsoft.aspnetcore.app.ref/8.0.13/ref/net8.0/Microsoft.AspNetCore.Server.IIS.dll
                 Private = 'false'
             /Users/dacanetdev/.nuget/packages/microsoft.aspnetcore.app.ref/8.0.13/ref/net8.0/Microsoft.AspNetCore.Server.IISIntegration.dll
                 Private = 'false'
             /Users/dacanetdev/.nuget/packages/microsoft.aspnetcore.app.ref/8.0.13/ref/net8.0/Microsoft.AspNetCore.Server.Kestrel.Core.dll
                 Private = 'false'
             /Users/dacanetdev/.nuget/packages/microsoft.aspnetcore.app.ref/8.0.13/ref/net8.0/Microsoft.AspNetCore.Server.Kestrel.Transport.NamedPipes.dll
                 Private = 'false'
             /Users/dacanetdev/.nuget/packages/microsoft.aspnetcore.app.ref/8.0.13/ref/net8.0/Microsoft.AspNetCore.Server.Kestrel.Transport.Quic.dll
                 Private = 'false'
             /Users/dacanetdev/.nuget/packages/microsoft.aspnetcore.app.ref/8.0.13/ref/net8.0/Microsoft.AspNetCore.Server.Kestrel.Transport.Sockets.dll
                 Private = 'false'
             /Users/dacanetdev/.nuget/packages/microsoft.aspnetcore.app.ref/8.0.13/ref/net8.0/Microsoft.AspNetCore.Server.Kestrel.dll
                 Private = 'false'
             /Users/dacanetdev/.nuget/packages/microsoft.aspnetcore.app.ref/8.0.13/ref/net8.0/Microsoft.AspNetCore.Session.dll
                 Private = 'false'
             /Users/dacanetdev/.nuget/packages/microsoft.aspnetcore.app.ref/8.0.13/ref/net8.0/Microsoft.AspNetCore.SignalR.Common.dll
                 Private = 'false'
             /Users/dacanetdev/.nuget/packages/microsoft.aspnetcore.app.ref/8.0.13/ref/net8.0/Microsoft.AspNetCore.SignalR.Core.dll
                 Private = 'false'
             /Users/dacanetdev/.nuget/packages/microsoft.aspnetcore.app.ref/8.0.13/ref/net8.0/Microsoft.AspNetCore.SignalR.Protocols.Json.dll
                 Private = 'false'
             /Users/dacanetdev/.nuget/packages/microsoft.aspnetcore.app.ref/8.0.13/ref/net8.0/Microsoft.AspNetCore.SignalR.dll
                 Private = 'false'
             /Users/dacanetdev/.nuget/packages/microsoft.aspnetcore.app.ref/8.0.13/ref/net8.0/Microsoft.AspNetCore.StaticFiles.dll
                 Private = 'false'
             /Users/dacanetdev/.nuget/packages/microsoft.aspnetcore.app.ref/8.0.13/ref/net8.0/Microsoft.AspNetCore.WebSockets.dll
                 Private = 'false'
             /Users/dacanetdev/.nuget/packages/microsoft.aspnetcore.app.ref/8.0.13/ref/net8.0/Microsoft.AspNetCore.WebUtilities.dll
                 Private = 'false'
             /Users/dacanetdev/.nuget/packages/microsoft.aspnetcore.app.ref/8.0.13/ref/net8.0/Microsoft.AspNetCore.dll
                 Private = 'false'
             /Users/dacanetdev/.nuget/packages/microsoft.aspnetcore.app.ref/8.0.13/ref/net8.0/Microsoft.Extensions.Caching.Abstractions.dll
                 Private = 'false'
             /Users/dacanetdev/.nuget/packages/microsoft.aspnetcore.app.ref/8.0.13/ref/net8.0/Microsoft.Extensions.Caching.Memory.dll
                 Private = 'false'
             /Users/dacanetdev/.nuget/packages/microsoft.aspnetcore.app.ref/8.0.13/ref/net8.0/Microsoft.Extensions.Configuration.Abstractions.dll
                 Private = 'false'
             /Users/dacanetdev/.nuget/packages/microsoft.aspnetcore.app.ref/8.0.13/ref/net8.0/Microsoft.Extensions.Configuration.Binder.dll
                 Private = 'false'
             /Users/dacanetdev/.nuget/packages/microsoft.aspnetcore.app.ref/8.0.13/ref/net8.0/Microsoft.Extensions.Configuration.CommandLine.dll
                 Private = 'false'
             /Users/dacanetdev/.nuget/packages/microsoft.aspnetcore.app.ref/8.0.13/ref/net8.0/Microsoft.Extensions.Configuration.EnvironmentVariables.dll
                 Private = 'false'
             /Users/dacanetdev/.nuget/packages/microsoft.aspnetcore.app.ref/8.0.13/ref/net8.0/Microsoft.Extensions.Configuration.FileExtensions.dll
                 Private = 'false'
             /Users/dacanetdev/.nuget/packages/microsoft.aspnetcore.app.ref/8.0.13/ref/net8.0/Microsoft.Extensions.Configuration.Ini.dll
                 Private = 'false'
             /Users/dacanetdev/.nuget/packages/microsoft.aspnetcore.app.ref/8.0.13/ref/net8.0/Microsoft.Extensions.Configuration.Json.dll
                 Private = 'false'
             /Users/dacanetdev/.nuget/packages/microsoft.aspnetcore.app.ref/8.0.13/ref/net8.0/Microsoft.Extensions.Configuration.KeyPerFile.dll
                 Private = 'false'
             /Users/dacanetdev/.nuget/packages/microsoft.aspnetcore.app.ref/8.0.13/ref/net8.0/Microsoft.Extensions.Configuration.UserSecrets.dll
                 Private = 'false'
             /Users/dacanetdev/.nuget/packages/microsoft.aspnetcore.app.ref/8.0.13/ref/net8.0/Microsoft.Extensions.Configuration.Xml.dll
                 Private = 'false'
             /Users/dacanetdev/.nuget/packages/microsoft.aspnetcore.app.ref/8.0.13/ref/net8.0/Microsoft.Extensions.Configuration.dll
                 Private = 'false'
             /Users/dacanetdev/.nuget/packages/microsoft.aspnetcore.app.ref/8.0.13/ref/net8.0/Microsoft.Extensions.DependencyInjection.Abstractions.dll
                 Private = 'false'
             /Users/dacanetdev/.nuget/packages/microsoft.aspnetcore.app.ref/8.0.13/ref/net8.0/Microsoft.Extensions.DependencyInjection.dll
                 Private = 'false'
             /Users/dacanetdev/.nuget/packages/microsoft.aspnetcore.app.ref/8.0.13/ref/net8.0/Microsoft.Extensions.Diagnostics.Abstractions.dll
                 Private = 'false'
             /Users/dacanetdev/.nuget/packages/microsoft.aspnetcore.app.ref/8.0.13/ref/net8.0/Microsoft.Extensions.Diagnostics.HealthChecks.Abstractions.dll
                 Private = 'false'
             /Users/dacanetdev/.nuget/packages/microsoft.aspnetcore.app.ref/8.0.13/ref/net8.0/Microsoft.Extensions.Diagnostics.HealthChecks.dll
                 Private = 'false'
             /Users/dacanetdev/.nuget/packages/microsoft.aspnetcore.app.ref/8.0.13/ref/net8.0/Microsoft.Extensions.Diagnostics.dll
                 Private = 'false'
             /Users/dacanetdev/.nuget/packages/microsoft.aspnetcore.app.ref/8.0.13/ref/net8.0/Microsoft.Extensions.Features.dll
                 Private = 'false'
             /Users/dacanetdev/.nuget/packages/microsoft.aspnetcore.app.ref/8.0.13/ref/net8.0/Microsoft.Extensions.FileProviders.Abstractions.dll
                 Private = 'false'
             /Users/dacanetdev/.nuget/packages/microsoft.aspnetcore.app.ref/8.0.13/ref/net8.0/Microsoft.Extensions.FileProviders.Composite.dll
                 Private = 'false'
             /Users/dacanetdev/.nuget/packages/microsoft.aspnetcore.app.ref/8.0.13/ref/net8.0/Microsoft.Extensions.FileProviders.Embedded.dll
                 Private = 'false'
             /Users/dacanetdev/.nuget/packages/microsoft.aspnetcore.app.ref/8.0.13/ref/net8.0/Microsoft.Extensions.FileProviders.Physical.dll
                 Private = 'false'
             /Users/dacanetdev/.nuget/packages/microsoft.aspnetcore.app.ref/8.0.13/ref/net8.0/Microsoft.Extensions.FileSystemGlobbing.dll
                 Private = 'false'
             /Users/dacanetdev/.nuget/packages/microsoft.aspnetcore.app.ref/8.0.13/ref/net8.0/Microsoft.Extensions.Hosting.Abstractions.dll
                 Private = 'false'
             /Users/dacanetdev/.nuget/packages/microsoft.aspnetcore.app.ref/8.0.13/ref/net8.0/Microsoft.Extensions.Hosting.dll
                 Private = 'false'
             /Users/dacanetdev/.nuget/packages/microsoft.aspnetcore.app.ref/8.0.13/ref/net8.0/Microsoft.Extensions.Http.dll
                 Private = 'false'
             /Users/dacanetdev/.nuget/packages/microsoft.aspnetcore.app.ref/8.0.13/ref/net8.0/Microsoft.Extensions.Identity.Core.dll
                 Private = 'false'
             /Users/dacanetdev/.nuget/packages/microsoft.aspnetcore.app.ref/8.0.13/ref/net8.0/Microsoft.Extensions.Identity.Stores.dll
                 Private = 'false'
             /Users/dacanetdev/.nuget/packages/microsoft.aspnetcore.app.ref/8.0.13/ref/net8.0/Microsoft.Extensions.Localization.Abstractions.dll
                 Private = 'false'
             /Users/dacanetdev/.nuget/packages/microsoft.aspnetcore.app.ref/8.0.13/ref/net8.0/Microsoft.Extensions.Localization.dll
                 Private = 'false'
             /Users/dacanetdev/.nuget/packages/microsoft.aspnetcore.app.ref/8.0.13/ref/net8.0/Microsoft.Extensions.Logging.Abstractions.dll
                 Private = 'false'
             /Users/dacanetdev/.nuget/packages/microsoft.aspnetcore.app.ref/8.0.13/ref/net8.0/Microsoft.Extensions.Logging.Configuration.dll
                 Private = 'false'
             /Users/dacanetdev/.nuget/packages/microsoft.aspnetcore.app.ref/8.0.13/ref/net8.0/Microsoft.Extensions.Logging.Console.dll
                 Private = 'false'
             /Users/dacanetdev/.nuget/packages/microsoft.aspnetcore.app.ref/8.0.13/ref/net8.0/Microsoft.Extensions.Logging.Debug.dll
                 Private = 'false'
             /Users/dacanetdev/.nuget/packages/microsoft.aspnetcore.app.ref/8.0.13/ref/net8.0/Microsoft.Extensions.Logging.EventLog.dll
                 Private = 'false'
             /Users/dacanetdev/.nuget/packages/microsoft.aspnetcore.app.ref/8.0.13/ref/net8.0/Microsoft.Extensions.Logging.EventSource.dll
                 Private = 'false'
             /Users/dacanetdev/.nuget/packages/microsoft.aspnetcore.app.ref/8.0.13/ref/net8.0/Microsoft.Extensions.Logging.TraceSource.dll
                 Private = 'false'
             /Users/dacanetdev/.nuget/packages/microsoft.aspnetcore.app.ref/8.0.13/ref/net8.0/Microsoft.Extensions.Logging.dll
                 Private = 'false'
             /Users/dacanetdev/.nuget/packages/microsoft.aspnetcore.app.ref/8.0.13/ref/net8.0/Microsoft.Extensions.ObjectPool.dll
                 Private = 'false'
             /Users/dacanetdev/.nuget/packages/microsoft.aspnetcore.app.ref/8.0.13/ref/net8.0/Microsoft.Extensions.Options.ConfigurationExtensions.dll
                 Private = 'false'
             /Users/dacanetdev/.nuget/packages/microsoft.aspnetcore.app.ref/8.0.13/ref/net8.0/Microsoft.Extensions.Options.DataAnnotations.dll
                 Private = 'false'
             /Users/dacanetdev/.nuget/packages/microsoft.aspnetcore.app.ref/8.0.13/ref/net8.0/Microsoft.Extensions.Options.dll
                 Private = 'false'
             /Users/dacanetdev/.nuget/packages/microsoft.aspnetcore.app.ref/8.0.13/ref/net8.0/Microsoft.Extensions.Primitives.dll
                 Private = 'false'
             /Users/dacanetdev/.nuget/packages/microsoft.aspnetcore.app.ref/8.0.13/ref/net8.0/Microsoft.Extensions.WebEncoders.dll
                 Private = 'false'
             /Users/dacanetdev/.nuget/packages/microsoft.aspnetcore.app.ref/8.0.13/ref/net8.0/Microsoft.JSInterop.dll
                 Private = 'false'
             /Users/dacanetdev/.nuget/packages/microsoft.aspnetcore.app.ref/8.0.13/ref/net8.0/Microsoft.Net.Http.Headers.dll
                 Private = 'false'
             /Users/dacanetdev/.nuget/packages/microsoft.aspnetcore.app.ref/8.0.13/ref/net8.0/System.Diagnostics.EventLog.dll
                 Private = 'false'
             /Users/dacanetdev/.nuget/packages/microsoft.aspnetcore.app.ref/8.0.13/ref/net8.0/System.IO.Pipelines.dll
                 Private = 'false'
             /Users/dacanetdev/.nuget/packages/microsoft.aspnetcore.app.ref/8.0.13/ref/net8.0/System.Security.Cryptography.Xml.dll
                 Private = 'false'
             /Users/dacanetdev/.nuget/packages/microsoft.aspnetcore.app.ref/8.0.13/ref/net8.0/System.Threading.RateLimiting.dll
                 Private = 'false'
         AssemblyFiles:
         CandidateAssemblyFiles:
         TargetFrameworkDirectories:
             
         InstalledAssemblyTables:
         IgnoreInstalledAssemblyTable:
             False
         SearchPaths:
             {CandidateAssemblyFiles}
             {HintPathFromItem}
             {TargetFrameworkDirectory}
             {RawFileName}
         AllowedAssemblyExtensions:
             .winmd
             .dll
             .exe
         AllowedRelatedFileExtensions:
             .pdb
             .xml
             .pri
             .dll.config
             .exe.config
         AppConfigFile:
             
         AutoUnify:
             True
         CopyLocalDependenciesWhenParentReferenceInGac:
             True
         FindDependencies:
             True
         TargetProcessorArchitecture:
             msil
         StateFile:
             obj/Debug/net8.0/DeventSoft.RoadmapSkills.BlazorApp.csproj.AssemblyReference.cache
         InstalledAssemblySubsetTables:
         IgnoreInstalledAssemblySubsetTable:
             False
         TargetFrameworkSubsets:
         FullTargetFrameworkSubsetNames:
             Full
         ProfileName:
             
         FullFrameworkFolders:
         LatestTargetFrameworkDirectories:
         ProfileTablesLocation:
   9:7>/Users/dacanetdev/Dev/AIGenerated/RoadmapSkills/src/Modules/Users/DeventSoft.RoadmapSkills.Users.Domain/Repositories/IUserRepository.cs(2,39): error CS0234: The type or namespace name 'Infrastructure' does not exist in the namespace 'DeventSoft.RoadmapSkills.Shared' (are you missing an assembly reference?) [/Users/dacanetdev/Dev/AIGenerated/RoadmapSkills/src/Modules/Users/DeventSoft.RoadmapSkills.Users.Domain/DeventSoft.RoadmapSkills.Users.Domain.csproj]
   9:7>/Users/dacanetdev/Dev/AIGenerated/RoadmapSkills/src/Modules/Users/DeventSoft.RoadmapSkills.Users.Domain/Repositories/IUserRepository.cs(6,36): error CS0246: The type or namespace name 'IRepository<>' could not be found (are you missing a using directive or an assembly reference?) [/Users/dacanetdev/Dev/AIGenerated/RoadmapSkills/src/Modules/Users/DeventSoft.RoadmapSkills.Users.Domain/DeventSoft.RoadmapSkills.Users.Domain.csproj]
   9:7>CompilerServer: server - server processed compilation - DeventSoft.RoadmapSkills.Users.Domain (net8.0)
       Done executing task "Csc" -- FAILED.
   9:7>Done building target "CoreCompile" in project "DeventSoft.RoadmapSkills.Users.Domain.csproj" -- FAILED.
   9:7>Target "_CheckForCompileOutputs" in file "/usr/local/share/dotnet/sdk/9.0.200/Microsoft.Common.CurrentVersion.targets" from project "/Users/dacanetdev/Dev/AIGenerated/RoadmapSkills/src/Modules/Users/DeventSoft.RoadmapSkills.Users.Domain/DeventSoft.RoadmapSkills.Users.Domain.csproj" (target "_CleanGetCurrentAndPriorFileWrites" depends on it):
   9:7>Done building target "_CheckForCompileOutputs" in project "DeventSoft.RoadmapSkills.Users.Domain.csproj".
       Target "_SGenCheckForOutputs" skipped, due to false condition; ('$(_SGenGenerateSerializationAssembliesConfig)' == 'On' or ('@(WebReferenceUrl)'!='' and '$(_SGenGenerateSerializationAssembliesConfig)' == 'Auto')) was evaluated as ('Off' == 'On' or (''!='' and 'Off' == 'Auto')).
   9:7>Target "_CleanGetCurrentAndPriorFileWrites" in file "/usr/local/share/dotnet/sdk/9.0.200/Microsoft.Common.CurrentVersion.targets" from project "/Users/dacanetdev/Dev/AIGenerated/RoadmapSkills/src/Modules/Users/DeventSoft.RoadmapSkills.Users.Domain/DeventSoft.RoadmapSkills.Users.Domain.csproj" (target "_CleanRecordFileWrites" depends on it):
       Task "ReadLinesFromFile"
       Done executing task "ReadLinesFromFile".
       Task "ConvertToAbsolutePath"
       Done executing task "ConvertToAbsolutePath".
       Task "FindUnderPath"
         Comparison path is "/Users/dacanetdev/Dev/AIGenerated/RoadmapSkills/src/Modules/Users/DeventSoft.RoadmapSkills.Users.Domain".
       Done executing task "FindUnderPath".
       Task "FindUnderPath"
         Comparison path is "bin/Debug/net8.0/".
       Done executing task "FindUnderPath".
       Task "FindUnderPath"
         Comparison path is "obj/Debug/net8.0/".
       Done executing task "FindUnderPath".
       Task "RemoveDuplicates"
       Done executing task "RemoveDuplicates".
   9:7>Done building target "_CleanGetCurrentAndPriorFileWrites" in project "DeventSoft.RoadmapSkills.Users.Domain.csproj".
   9:7>Target "_CleanRecordFileWrites" in file "/usr/local/share/dotnet/sdk/9.0.200/Microsoft.Common.CurrentVersion.targets" from project "/Users/dacanetdev/Dev/AIGenerated/RoadmapSkills/src/Modules/Users/DeventSoft.RoadmapSkills.Users.Domain/DeventSoft.RoadmapSkills.Users.Domain.csproj" (target "CoreBuild" depends on it):
       Task "RemoveDuplicates"
       Done executing task "RemoveDuplicates".
       Task "MakeDir"
       Done executing task "MakeDir".
       Task "WriteLinesToFile"
         Skipping write to file "obj/Debug/net8.0/DeventSoft.RoadmapSkills.Users.Domain.csproj.FileListAbsolute.txt" because content would not change.
       Done executing task "WriteLinesToFile".
   9:7>Done building target "_CleanRecordFileWrites" in project "DeventSoft.RoadmapSkills.Users.Domain.csproj".
   9:7>Done Building Project "/Users/dacanetdev/Dev/AIGenerated/RoadmapSkills/src/Modules/Users/DeventSoft.RoadmapSkills.Users.Domain/DeventSoft.RoadmapSkills.Users.Domain.csproj" (default targets) -- FAILED.
   7:6>Project "/Users/dacanetdev/Dev/AIGenerated/RoadmapSkills/src/Modules/Users/DeventSoft.RoadmapSkills.Users.Api/DeventSoft.RoadmapSkills.Users.Api.csproj" (7:6) is building "/Users/dacanetdev/Dev/AIGenerated/RoadmapSkills/src/Modules/Users/DeventSoft.RoadmapSkills.Users.Domain/DeventSoft.RoadmapSkills.Users.Domain.csproj" (9:8) on node 8 (GetTargetFrameworks target(s)).
   9:8>Target "GetTargetFrameworksWithPlatformForSingleTargetFramework" in file "/usr/local/share/dotnet/sdk/9.0.200/Microsoft.Common.CurrentVersion.targets" from project "/Users/dacanetdev/Dev/AIGenerated/RoadmapSkills/src/Modules/Users/DeventSoft.RoadmapSkills.Users.Domain/DeventSoft.RoadmapSkills.Users.Domain.csproj" (target "GetTargetFrameworks" depends on it):
   9:8>Task "CombineTargetFrameworkInfoProperties"
       Done executing task "CombineTargetFrameworkInfoProperties".
   9:8>Done building target "GetTargetFrameworksWithPlatformForSingleTargetFramework" in project "DeventSoft.RoadmapSkills.Users.Domain.csproj".
   9:8>Target "GetTargetFrameworks" in file "/usr/local/share/dotnet/sdk/9.0.200/Microsoft.Common.CurrentVersion.targets" from project "/Users/dacanetdev/Dev/AIGenerated/RoadmapSkills/src/Modules/Users/DeventSoft.RoadmapSkills.Users.Domain/DeventSoft.RoadmapSkills.Users.Domain.csproj" (entry point):
       Task "MSBuildInternalMessage" skipped, due to false condition; ('$(IsCrossTargetingBuild)' == 'true') was evaluated as ('' == 'true').
       Task "CombineXmlElements"
       Done executing task "CombineXmlElements".
   9:8>Done building target "GetTargetFrameworks" in project "DeventSoft.RoadmapSkills.Users.Domain.csproj".
   9:8>Done Building Project "/Users/dacanetdev/Dev/AIGenerated/RoadmapSkills/src/Modules/Users/DeventSoft.RoadmapSkills.Users.Domain/DeventSoft.RoadmapSkills.Users.Domain.csproj" (GetTargetFrameworks target(s)) -- FAILED.
   4:7>Project "/Users/dacanetdev/Dev/AIGenerated/RoadmapSkills/src/Modules/Users/DeventSoft.RoadmapSkills.Users.Infrastructure/DeventSoft.RoadmapSkills.Users.Infrastructure.csproj" (4:7) is building "/Users/dacanetdev/Dev/AIGenerated/RoadmapSkills/src/Modules/Users/DeventSoft.RoadmapSkills.Users.Domain/DeventSoft.RoadmapSkills.Users.Domain.csproj" (9:9) on node 8 (GetTargetFrameworks target(s)).
   9:9>Target "GetTargetFrameworks" skipped. Previously built successfully.
   9:9>Done Building Project "/Users/dacanetdev/Dev/AIGenerated/RoadmapSkills/src/Modules/Users/DeventSoft.RoadmapSkills.Users.Domain/DeventSoft.RoadmapSkills.Users.Domain.csproj" (GetTargetFrameworks target(s)).
   3:7>Project "/Users/dacanetdev/Dev/AIGenerated/RoadmapSkills/src/Modules/Users/DeventSoft.RoadmapSkills.Users.Application/DeventSoft.RoadmapSkills.Users.Application.csproj" (3:7) is building "/Users/dacanetdev/Dev/AIGenerated/RoadmapSkills/src/Modules/Users/DeventSoft.RoadmapSkills.Users.Domain/DeventSoft.RoadmapSkills.Users.Domain.csproj" (9:10) on node 8 (GetTargetFrameworks target(s)).
  9:10>Target "GetTargetFrameworks" skipped. Previously built successfully.
  9:10>Done Building Project "/Users/dacanetdev/Dev/AIGenerated/RoadmapSkills/src/Modules/Users/DeventSoft.RoadmapSkills.Users.Domain/DeventSoft.RoadmapSkills.Users.Domain.csproj" (GetTargetFrameworks target(s)).
   3:7>Done executing task "MSBuild".
       Task "MSBuild"
   4:7>Done executing task "MSBuild".
       Task "MSBuild"
   7:6>Done executing task "MSBuild".
       Task "MSBuild"
   4:7>_GetProjectReferenceTargetFrameworkProperties:
         Removing Properties:
   7:6>_GetProjectReferenceTargetFrameworkProperties:
         Removing Properties:
   4:7>_GetProjectReferenceTargetFrameworkProperties:
           Configuration
           Platform
           TargetFramework
   7:6>_GetProjectReferenceTargetFrameworkProperties:
           WebPublishProfileFile
   3:7>_GetProjectReferenceTargetFrameworkProperties:
         Removing Properties:
   4:7>_GetProjectReferenceTargetFrameworkProperties:
           RuntimeIdentifier
   7:6>_GetProjectReferenceTargetFrameworkProperties:
           Configuration
   4:7>_GetProjectReferenceTargetFrameworkProperties:
           SelfContained
   7:6>_GetProjectReferenceTargetFrameworkProperties:
           Platform
           TargetFramework
   3:7>_GetProjectReferenceTargetFrameworkProperties:
           Configuration
   7:6>_GetProjectReferenceTargetFrameworkProperties:
           RuntimeIdentifier
   3:7>_GetProjectReferenceTargetFrameworkProperties:
           Platform
   7:6>_GetProjectReferenceTargetFrameworkProperties:
           SelfContained
   3:7>_GetProjectReferenceTargetFrameworkProperties:
           TargetFramework
           RuntimeIdentifier
           SelfContained
   4:7>Project "/Users/dacanetdev/Dev/AIGenerated/RoadmapSkills/src/Modules/Users/DeventSoft.RoadmapSkills.Users.Infrastructure/DeventSoft.RoadmapSkills.Users.Infrastructure.csproj" (4:7) is building "/Users/dacanetdev/Dev/AIGenerated/RoadmapSkills/src/Shared/DeventSoft.RoadmapSkills.Shared.Domain/DeventSoft.RoadmapSkills.Shared.Domain.csproj" (10:8) on node 8 (GetTargetFrameworks target(s)).
  10:8>Target "GetTargetFrameworks" skipped. Previously built successfully.
  10:8>Done Building Project "/Users/dacanetdev/Dev/AIGenerated/RoadmapSkills/src/Shared/DeventSoft.RoadmapSkills.Shared.Domain/DeventSoft.RoadmapSkills.Shared.Domain.csproj" (GetTargetFrameworks target(s)).
   7:6>Project "/Users/dacanetdev/Dev/AIGenerated/RoadmapSkills/src/Modules/Users/DeventSoft.RoadmapSkills.Users.Api/DeventSoft.RoadmapSkills.Users.Api.csproj" (7:6) is building "/Users/dacanetdev/Dev/AIGenerated/RoadmapSkills/src/Shared/DeventSoft.RoadmapSkills.Shared.Domain/DeventSoft.RoadmapSkills.Shared.Domain.csproj" (10:9) on node 8 (GetTargetFrameworks target(s)).
  10:9>Target "GetTargetFrameworks" skipped. Previously built successfully.
  10:9>Done Building Project "/Users/dacanetdev/Dev/AIGenerated/RoadmapSkills/src/Shared/DeventSoft.RoadmapSkills.Shared.Domain/DeventSoft.RoadmapSkills.Shared.Domain.csproj" (GetTargetFrameworks target(s)).
   3:7>Project "/Users/dacanetdev/Dev/AIGenerated/RoadmapSkills/src/Modules/Users/DeventSoft.RoadmapSkills.Users.Application/DeventSoft.RoadmapSkills.Users.Application.csproj" (3:7) is building "/Users/dacanetdev/Dev/AIGenerated/RoadmapSkills/src/Shared/DeventSoft.RoadmapSkills.Shared.Domain/DeventSoft.RoadmapSkills.Shared.Domain.csproj" (10:10) on node 8 (GetTargetFrameworks target(s)).
 10:10>Target "GetTargetFrameworks" skipped. Previously built successfully.
 10:10>Done Building Project "/Users/dacanetdev/Dev/AIGenerated/RoadmapSkills/src/Shared/DeventSoft.RoadmapSkills.Shared.Domain/DeventSoft.RoadmapSkills.Shared.Domain.csproj" (GetTargetFrameworks target(s)).
   4:7>Done executing task "MSBuild".
   7:6>Done executing task "MSBuild".
       Task "MSBuild" skipped, due to false condition; ('%(_MSBuildProjectReferenceExistent.SkipGetTargetFrameworkProperties)' != 'true' and '$(EnableDynamicPlatformResolution)' == 'true') was evaluated as ('' != 'true' and '' == 'true').
   4:7>_GetProjectReferenceTargetFrameworkProperties:
       Task "MSBuild" skipped, due to false condition; ('%(_MSBuildProjectReferenceExistent.SkipGetTargetFrameworkProperties)' != 'true' and '$(EnableDynamicPlatformResolution)' == 'true') was evaluated as ('' != 'true' and '' == 'true').
   7:6>_GetProjectReferenceTargetFrameworkProperties:
       Task "MSBuild" skipped, due to false condition; ('%(_MSBuildProjectReferenceExistent.SkipGetTargetFrameworkProperties)' != 'true' and '$(EnableDynamicPlatformResolution)' == 'true') was evaluated as ('' != 'true' and '' == 'true').
   4:7>_GetProjectReferenceTargetFrameworkProperties:
       Task "MSBuild" skipped, due to false condition; ('%(_MSBuildProjectReferenceExistent.SkipGetTargetFrameworkProperties)' != 'true' and '$(EnableDynamicPlatformResolution)' == 'true') was evaluated as ('' != 'true' and '' == 'true').
   3:7>Done executing task "MSBuild".
       Task "MSBuild" skipped, due to false condition; ('%(_MSBuildProjectReferenceExistent.SkipGetTargetFrameworkProperties)' != 'true' and '$(EnableDynamicPlatformResolution)' == 'true') was evaluated as ('' != 'true' and '' == 'true').
       Task "MSBuild" skipped, due to false condition; ('%(_MSBuildProjectReferenceExistent.SkipGetTargetFrameworkProperties)' != 'true' and '$(EnableDynamicPlatformResolution)' == 'true') was evaluated as ('' != 'true' and '' == 'true').
   4:7>_GetProjectReferenceTargetFrameworkProperties:
       Using "GetReferenceNearestTargetFrameworkTask" task from assembly "/usr/local/share/dotnet/sdk/9.0.200/NuGet.Build.Tasks.dll".
   7:6>_GetProjectReferenceTargetFrameworkProperties:
       Using "GetReferenceNearestTargetFrameworkTask" task from assembly "/usr/local/share/dotnet/sdk/9.0.200/NuGet.Build.Tasks.dll".
   4:7>Task "GetReferenceNearestTargetFrameworkTask"
   7:6>Task "GetReferenceNearestTargetFrameworkTask"
   3:7>_GetProjectReferenceTargetFrameworkProperties:
       Using "GetReferenceNearestTargetFrameworkTask" task from assembly "/usr/local/share/dotnet/sdk/9.0.200/NuGet.Build.Tasks.dll".
       Task "GetReferenceNearestTargetFrameworkTask"
   7:6>Done executing task "GetReferenceNearestTargetFrameworkTask".
   4:7>Done executing task "GetReferenceNearestTargetFrameworkTask".
   7:6>_GetProjectReferenceTargetFrameworkProperties:
       Task "GetReferenceNearestTargetFrameworkTask" skipped, due to false condition; ('@(_ProjectReferenceTargetFrameworkPossibilities)' != '' and '$(ReferringTargetFrameworkForProjectReferences)' != ''
                                                               And '$(GetReferenceNearestTargetFrameworkTaskSupportsTargetPlatformParameter)' != 'true' and '%(_ProjectReferenceTargetFrameworkPossibilities.IsVcxOrNativeProj)' != 'true') was evaluated as ('../DeventSoft.RoadmapSkills.Users.Infrastructure/DeventSoft.RoadmapSkills.Users.Infrastructure.csproj;../DeventSoft.RoadmapSkills.Users.Application/DeventSoft.RoadmapSkills.Users.Application.csproj;../DeventSoft.RoadmapSkills.Users.Domain/DeventSoft.RoadmapSkills.Users.Domain.csproj;...' != '' and '.NETCoreApp,Version=v8.0' != ''
                                                               And 'true' != 'true' and '' != 'true').
   4:7>_GetProjectReferenceTargetFrameworkProperties:
       Task "GetReferenceNearestTargetFrameworkTask" skipped, due to false condition; ('@(_ProjectReferenceTargetFrameworkPossibilities)' != '' and '$(ReferringTargetFrameworkForProjectReferences)' != ''
                                                               And '$(GetReferenceNearestTargetFrameworkTaskSupportsTargetPlatformParameter)' != 'true' and '%(_ProjectReferenceTargetFrameworkPossibilities.IsVcxOrNativeProj)' != 'true') was evaluated as ('../DeventSoft.RoadmapSkills.Users.Application/DeventSoft.RoadmapSkills.Users.Application.csproj;../DeventSoft.RoadmapSkills.Users.Domain/DeventSoft.RoadmapSkills.Users.Domain.csproj;../../../Shared/DeventSoft.RoadmapSkills.Shared.Domain/DeventSoft.RoadmapSkills.Shared.Domain.csproj' != '' and '.NETCoreApp,Version=v8.0' != ''
                                                               And 'true' != 'true' and '' != 'true').
   3:7>Done executing task "GetReferenceNearestTargetFrameworkTask".
   7:6>_GetProjectReferenceTargetFrameworkProperties:
       Using "SetRidAgnosticValueForProjects" task from assembly "Microsoft.Build.Tasks.Core, Version=15.1.0.0, Culture=neutral, PublicKeyToken=b03f5f7f11d50a3a".
   3:7>_GetProjectReferenceTargetFrameworkProperties:
       Task "GetReferenceNearestTargetFrameworkTask" skipped, due to false condition; ('@(_ProjectReferenceTargetFrameworkPossibilities)' != '' and '$(ReferringTargetFrameworkForProjectReferences)' != ''
                                                               And '$(GetReferenceNearestTargetFrameworkTaskSupportsTargetPlatformParameter)' != 'true' and '%(_ProjectReferenceTargetFrameworkPossibilities.IsVcxOrNativeProj)' != 'true') was evaluated as ('../DeventSoft.RoadmapSkills.Users.Domain/DeventSoft.RoadmapSkills.Users.Domain.csproj;../../../Shared/DeventSoft.RoadmapSkills.Shared.Domain/DeventSoft.RoadmapSkills.Shared.Domain.csproj' != '' and '.NETCoreApp,Version=v8.0' != ''
                                                               And 'true' != 'true' and '' != 'true').
   4:7>_GetProjectReferenceTargetFrameworkProperties:
       Using "SetRidAgnosticValueForProjects" task from assembly "Microsoft.Build.Tasks.Core, Version=15.1.0.0, Culture=neutral, PublicKeyToken=b03f5f7f11d50a3a".
   7:6>Task "SetRidAgnosticValueForProjects"
   4:7>Task "SetRidAgnosticValueForProjects"
       Done executing task "SetRidAgnosticValueForProjects".
   3:7>_GetProjectReferenceTargetFrameworkProperties:
       Using "SetRidAgnosticValueForProjects" task from assembly "Microsoft.Build.Tasks.Core, Version=15.1.0.0, Culture=neutral, PublicKeyToken=b03f5f7f11d50a3a".
   7:6>Done executing task "SetRidAgnosticValueForProjects".
   3:7>Task "SetRidAgnosticValueForProjects"
       Done executing task "SetRidAgnosticValueForProjects".
   3:7>Done building target "_GetProjectReferenceTargetFrameworkProperties" in project "DeventSoft.RoadmapSkills.Users.Application.csproj".
   4:7>Done building target "_GetProjectReferenceTargetFrameworkProperties" in project "DeventSoft.RoadmapSkills.Users.Infrastructure.csproj".
   3:7>Target "ValidateExecutableReferences" in file "/usr/local/share/dotnet/sdk/9.0.200/Sdks/Microsoft.NET.Sdk/targets/Microsoft.NET.Sdk.targets" from project "/Users/dacanetdev/Dev/AIGenerated/RoadmapSkills/src/Modules/Users/DeventSoft.RoadmapSkills.Users.Application/DeventSoft.RoadmapSkills.Users.Application.csproj" (target "PrepareProjectReferences" depends on it):
   3:7>Using "ValidateExecutableReferences" task from assembly "/usr/local/share/dotnet/sdk/9.0.200/Sdks/Microsoft.NET.Sdk/targets/../tools/net9.0/Microsoft.NET.Build.Tasks.dll".
       Task "ValidateExecutableReferences"
   4:7>Target "ValidateExecutableReferences" in file "/usr/local/share/dotnet/sdk/9.0.200/Sdks/Microsoft.NET.Sdk/targets/Microsoft.NET.Sdk.targets" from project "/Users/dacanetdev/Dev/AIGenerated/RoadmapSkills/src/Modules/Users/DeventSoft.RoadmapSkills.Users.Infrastructure/DeventSoft.RoadmapSkills.Users.Infrastructure.csproj" (target "PrepareProjectReferences" depends on it):
   4:7>Using "ValidateExecutableReferences" task from assembly "/usr/local/share/dotnet/sdk/9.0.200/Sdks/Microsoft.NET.Sdk/targets/../tools/net9.0/Microsoft.NET.Build.Tasks.dll".
       Task "ValidateExecutableReferences"
   3:7>Done executing task "ValidateExecutableReferences".
   3:7>Done building target "ValidateExecutableReferences" in project "DeventSoft.RoadmapSkills.Users.Application.csproj".
   7:6>Done building target "_GetProjectReferenceTargetFrameworkProperties" in project "DeventSoft.RoadmapSkills.Users.Api.csproj".
   3:7>Target "_GetProjectReferencePlatformProperties" skipped, due to false condition; ('$(EnableDynamicPlatformResolution)' == 'true'
                     and '@(_MSBuildProjectReferenceExistent)' != '') was evaluated as ('' == 'true'
                     and '../DeventSoft.RoadmapSkills.Users.Domain/DeventSoft.RoadmapSkills.Users.Domain.csproj;../../../Shared/DeventSoft.RoadmapSkills.Shared.Domain/DeventSoft.RoadmapSkills.Shared.Domain.csproj' != '').
   3:7>Target "PrepareProjectReferences" in file "/usr/local/share/dotnet/sdk/9.0.200/Microsoft.Common.CurrentVersion.targets" from project "/Users/dacanetdev/Dev/AIGenerated/RoadmapSkills/src/Modules/Users/DeventSoft.RoadmapSkills.Users.Application/DeventSoft.RoadmapSkills.Users.Application.csproj" (target "ResolveProjectReferences" depends on it):
   3:7>Done building target "PrepareProjectReferences" in project "DeventSoft.RoadmapSkills.Users.Application.csproj".
   7:6>Target "ValidateExecutableReferences" in file "/usr/local/share/dotnet/sdk/9.0.200/Sdks/Microsoft.NET.Sdk/targets/Microsoft.NET.Sdk.targets" from project "/Users/dacanetdev/Dev/AIGenerated/RoadmapSkills/src/Modules/Users/DeventSoft.RoadmapSkills.Users.Api/DeventSoft.RoadmapSkills.Users.Api.csproj" (target "PrepareProjectReferences" depends on it):
   7:6>Using "ValidateExecutableReferences" task from assembly "/usr/local/share/dotnet/sdk/9.0.200/Sdks/Microsoft.NET.Sdk/targets/../tools/net9.0/Microsoft.NET.Build.Tasks.dll".
       Task "ValidateExecutableReferences"
   3:7>Target "ResolveProjectReferences" in file "/usr/local/share/dotnet/sdk/9.0.200/Microsoft.Common.CurrentVersion.targets" from project "/Users/dacanetdev/Dev/AIGenerated/RoadmapSkills/src/Modules/Users/DeventSoft.RoadmapSkills.Users.Application/DeventSoft.RoadmapSkills.Users.Application.csproj" (target "ResolveReferences" depends on it):
   3:7>Task "MSBuild" skipped, due to false condition; ('%(_MSBuildProjectReferenceExistent.BuildReference)' == 'true' and '@(ProjectReferenceWithConfiguration)' != '' and ('$(BuildingInsideVisualStudio)' == 'true' or '$(BuildProjectReferences)' != 'true') and '$(VisualStudioVersion)' != '10.0' and '@(_MSBuildProjectReferenceExistent)' != '') was evaluated as ('true' == 'true' and '../DeventSoft.RoadmapSkills.Users.Domain/DeventSoft.RoadmapSkills.Users.Domain.csproj;../../../Shared/DeventSoft.RoadmapSkills.Shared.Domain/DeventSoft.RoadmapSkills.Shared.Domain.csproj' != '' and ('' == 'true' or 'true' != 'true') and '17.0' != '10.0' and '../DeventSoft.RoadmapSkills.Users.Domain/DeventSoft.RoadmapSkills.Users.Domain.csproj' != '').
       Task "MSBuild" skipped, due to false condition; ('%(_MSBuildProjectReferenceExistent.BuildReference)' == 'true' and '@(ProjectReferenceWithConfiguration)' != '' and ('$(BuildingInsideVisualStudio)' == 'true' or '$(BuildProjectReferences)' != 'true') and '$(VisualStudioVersion)' != '10.0' and '@(_MSBuildProjectReferenceExistent)' != '') was evaluated as ('true' == 'true' and '../DeventSoft.RoadmapSkills.Users.Domain/DeventSoft.RoadmapSkills.Users.Domain.csproj;../../../Shared/DeventSoft.RoadmapSkills.Shared.Domain/DeventSoft.RoadmapSkills.Shared.Domain.csproj' != '' and ('' == 'true' or 'true' != 'true') and '17.0' != '10.0' and '../../../Shared/DeventSoft.RoadmapSkills.Shared.Domain/DeventSoft.RoadmapSkills.Shared.Domain.csproj' != '').
       Task "MSBuild"
   4:7>Done executing task "ValidateExecutableReferences".
   4:7>Done building target "ValidateExecutableReferences" in project "DeventSoft.RoadmapSkills.Users.Infrastructure.csproj".
       Target "_GetProjectReferencePlatformProperties" skipped, due to false condition; ('$(EnableDynamicPlatformResolution)' == 'true'
                            and '@(_MSBuildProjectReferenceExistent)' != '') was evaluated as ('' == 'true'
                            and '../DeventSoft.RoadmapSkills.Users.Application/DeventSoft.RoadmapSkills.Users.Application.csproj;../DeventSoft.RoadmapSkills.Users.Domain/DeventSoft.RoadmapSkills.Users.Domain.csproj;../../../Shared/DeventSoft.RoadmapSkills.Shared.Domain/DeventSoft.RoadmapSkills.Shared.Domain.csproj' != '').
   4:7>Target "PrepareProjectReferences" in file "/usr/local/share/dotnet/sdk/9.0.200/Microsoft.Common.CurrentVersion.targets" from project "/Users/dacanetdev/Dev/AIGenerated/RoadmapSkills/src/Modules/Users/DeventSoft.RoadmapSkills.Users.Infrastructure/DeventSoft.RoadmapSkills.Users.Infrastructure.csproj" (target "ResolveProjectReferences" depends on it):
   4:7>Done building target "PrepareProjectReferences" in project "DeventSoft.RoadmapSkills.Users.Infrastructure.csproj".
   4:7>Target "ResolveProjectReferences" in file "/usr/local/share/dotnet/sdk/9.0.200/Microsoft.Common.CurrentVersion.targets" from project "/Users/dacanetdev/Dev/AIGenerated/RoadmapSkills/src/Modules/Users/DeventSoft.RoadmapSkills.Users.Infrastructure/DeventSoft.RoadmapSkills.Users.Infrastructure.csproj" (target "ResolveReferences" depends on it):
       Task "MSBuild" skipped, due to false condition; ('%(_MSBuildProjectReferenceExistent.BuildReference)' == 'true' and '@(ProjectReferenceWithConfiguration)' != '' and ('$(BuildingInsideVisualStudio)' == 'true' or '$(BuildProjectReferences)' != 'true') and '$(VisualStudioVersion)' != '10.0' and '@(_MSBuildProjectReferenceExistent)' != '') was evaluated as ('true' == 'true' and '../DeventSoft.RoadmapSkills.Users.Application/DeventSoft.RoadmapSkills.Users.Application.csproj;../DeventSoft.RoadmapSkills.Users.Domain/DeventSoft.RoadmapSkills.Users.Domain.csproj;../../../Shared/DeventSoft.RoadmapSkills.Shared.Domain/DeventSoft.RoadmapSkills.Shared.Domain.csproj' != '' and ('' == 'true' or 'true' != 'true') and '17.0' != '10.0' and '../DeventSoft.RoadmapSkills.Users.Application/DeventSoft.RoadmapSkills.Users.Application.csproj;../DeventSoft.RoadmapSkills.Users.Domain/DeventSoft.RoadmapSkills.Users.Domain.csproj' != '').
   3:7>ResolveProjectReferences:
         Global Properties:
           Configuration=Debug
   7:6>Done executing task "ValidateExecutableReferences".
   3:7>ResolveProjectReferences:
           Platform=AnyCPU
         Removing Properties for project "../DeventSoft.RoadmapSkills.Users.Domain/DeventSoft.RoadmapSkills.Users.Domain.csproj":
   7:6>Done building target "ValidateExecutableReferences" in project "DeventSoft.RoadmapSkills.Users.Api.csproj".
   3:7>ResolveProjectReferences:
           TargetFramework
           RuntimeIdentifier
   7:6>Target "_GetProjectReferencePlatformProperties" skipped, due to false condition; ('$(EnableDynamicPlatformResolution)' == 'true'
                     and '@(_MSBuildProjectReferenceExistent)' != '') was evaluated as ('' == 'true'
                     and '../DeventSoft.RoadmapSkills.Users.Infrastructure/DeventSoft.RoadmapSkills.Users.Infrastructure.csproj;../DeventSoft.RoadmapSkills.Users.Application/DeventSoft.RoadmapSkills.Users.Application.csproj;../DeventSoft.RoadmapSkills.Users.Domain/DeventSoft.RoadmapSkills.Users.Domain.csproj;...' != '').
   3:7>ResolveProjectReferences:
           SelfContained
   7:6>Target "PrepareProjectReferences" in file "/usr/local/share/dotnet/sdk/9.0.200/Microsoft.Common.CurrentVersion.targets" from project "/Users/dacanetdev/Dev/AIGenerated/RoadmapSkills/src/Modules/Users/DeventSoft.RoadmapSkills.Users.Api/DeventSoft.RoadmapSkills.Users.Api.csproj" (target "ResolveProjectReferences" depends on it):
   7:6>Done building target "PrepareProjectReferences" in project "DeventSoft.RoadmapSkills.Users.Api.csproj".
   4:7>ResolveProjectReferences:
       Task "MSBuild" skipped, due to false condition; ('%(_MSBuildProjectReferenceExistent.BuildReference)' == 'true' and '@(ProjectReferenceWithConfiguration)' != '' and ('$(BuildingInsideVisualStudio)' == 'true' or '$(BuildProjectReferences)' != 'true') and '$(VisualStudioVersion)' != '10.0' and '@(_MSBuildProjectReferenceExistent)' != '') was evaluated as ('true' == 'true' and '../DeventSoft.RoadmapSkills.Users.Application/DeventSoft.RoadmapSkills.Users.Application.csproj;../DeventSoft.RoadmapSkills.Users.Domain/DeventSoft.RoadmapSkills.Users.Domain.csproj;../../../Shared/DeventSoft.RoadmapSkills.Shared.Domain/DeventSoft.RoadmapSkills.Shared.Domain.csproj' != '' and ('' == 'true' or 'true' != 'true') and '17.0' != '10.0' and '../../../Shared/DeventSoft.RoadmapSkills.Shared.Domain/DeventSoft.RoadmapSkills.Shared.Domain.csproj' != '').
       Task "MSBuild"
   3:7>Project "/Users/dacanetdev/Dev/AIGenerated/RoadmapSkills/src/Modules/Users/DeventSoft.RoadmapSkills.Users.Application/DeventSoft.RoadmapSkills.Users.Application.csproj" (3:7) is building "/Users/dacanetdev/Dev/AIGenerated/RoadmapSkills/src/Modules/Users/DeventSoft.RoadmapSkills.Users.Domain/DeventSoft.RoadmapSkills.Users.Domain.csproj" (9:11) on node 8 (default targets).
  9:11>Target "Build" skipped. Previously built unsuccessfully.
  9:11>Done Building Project "/Users/dacanetdev/Dev/AIGenerated/RoadmapSkills/src/Modules/Users/DeventSoft.RoadmapSkills.Users.Domain/DeventSoft.RoadmapSkills.Users.Domain.csproj" (default targets) -- FAILED.
   4:7>ResolveProjectReferences:
         Global Properties:
   7:6>Target "ResolveProjectReferences" in file "/usr/local/share/dotnet/sdk/9.0.200/Microsoft.Common.CurrentVersion.targets" from project "/Users/dacanetdev/Dev/AIGenerated/RoadmapSkills/src/Modules/Users/DeventSoft.RoadmapSkills.Users.Api/DeventSoft.RoadmapSkills.Users.Api.csproj" (target "ResolveReferences" depends on it):
   7:6>Task "MSBuild" skipped, due to false condition; ('%(_MSBuildProjectReferenceExistent.BuildReference)' == 'true' and '@(ProjectReferenceWithConfiguration)' != '' and ('$(BuildingInsideVisualStudio)' == 'true' or '$(BuildProjectReferences)' != 'true') and '$(VisualStudioVersion)' != '10.0' and '@(_MSBuildProjectReferenceExistent)' != '') was evaluated as ('true' == 'true' and '../DeventSoft.RoadmapSkills.Users.Infrastructure/DeventSoft.RoadmapSkills.Users.Infrastructure.csproj;../DeventSoft.RoadmapSkills.Users.Application/DeventSoft.RoadmapSkills.Users.Application.csproj;../DeventSoft.RoadmapSkills.Users.Domain/DeventSoft.RoadmapSkills.Users.Domain.csproj;...' != '' and ('' == 'true' or 'true' != 'true') and '17.0' != '10.0' and '../DeventSoft.RoadmapSkills.Users.Infrastructure/DeventSoft.RoadmapSkills.Users.Infrastructure.csproj;../DeventSoft.RoadmapSkills.Users.Application/DeventSoft.RoadmapSkills.Users.Application.csproj;../DeventSoft.RoadmapSkills.Users.Domain/DeventSoft.RoadmapSkills.Users.Domain.csproj' != '').
   4:7>ResolveProjectReferences:
           Configuration=Debug
           Platform=AnyCPU
   7:6>ResolveProjectReferences:
       Task "MSBuild" skipped, due to false condition; ('%(_MSBuildProjectReferenceExistent.BuildReference)' == 'true' and '@(ProjectReferenceWithConfiguration)' != '' and ('$(BuildingInsideVisualStudio)' == 'true' or '$(BuildProjectReferences)' != 'true') and '$(VisualStudioVersion)' != '10.0' and '@(_MSBuildProjectReferenceExistent)' != '') was evaluated as ('true' == 'true' and '../DeventSoft.RoadmapSkills.Users.Infrastructure/DeventSoft.RoadmapSkills.Users.Infrastructure.csproj;../DeventSoft.RoadmapSkills.Users.Application/DeventSoft.RoadmapSkills.Users.Application.csproj;../DeventSoft.RoadmapSkills.Users.Domain/DeventSoft.RoadmapSkills.Users.Domain.csproj;...' != '' and ('' == 'true' or 'true' != 'true') and '17.0' != '10.0' and '../../../Shared/DeventSoft.RoadmapSkills.Shared.Domain/DeventSoft.RoadmapSkills.Shared.Domain.csproj' != '').
   4:7>ResolveProjectReferences:
         Removing Properties for project "../DeventSoft.RoadmapSkills.Users.Application/DeventSoft.RoadmapSkills.Users.Application.csproj":
   7:6>Task "MSBuild"
   4:7>ResolveProjectReferences:
           TargetFramework
           RuntimeIdentifier
           SelfContained
   7:6>ResolveProjectReferences:
         Global Properties:
           Configuration=Debug
   4:7>ResolveProjectReferences:
         Removing Properties for project "../DeventSoft.RoadmapSkills.Users.Domain/DeventSoft.RoadmapSkills.Users.Domain.csproj":
   7:6>ResolveProjectReferences:
           Platform=AnyCPU
   4:7>ResolveProjectReferences:
           TargetFramework
   7:6>ResolveProjectReferences:
         Removing Properties:
   4:7>ResolveProjectReferences:
           RuntimeIdentifier
   7:6>ResolveProjectReferences:
           WebPublishProfileFile
   4:7>ResolveProjectReferences:
           SelfContained
   7:6>ResolveProjectReferences:
         Removing Properties for project "../DeventSoft.RoadmapSkills.Users.Infrastructure/DeventSoft.RoadmapSkills.Users.Infrastructure.csproj":
           TargetFramework
           RuntimeIdentifier
           SelfContained
         Removing Properties for project "../DeventSoft.RoadmapSkills.Users.Application/DeventSoft.RoadmapSkills.Users.Application.csproj":
           TargetFramework
           RuntimeIdentifier
           SelfContained
         Removing Properties for project "../DeventSoft.RoadmapSkills.Users.Domain/DeventSoft.RoadmapSkills.Users.Domain.csproj":
           TargetFramework
           RuntimeIdentifier
           SelfContained
   4:7>Project "/Users/dacanetdev/Dev/AIGenerated/RoadmapSkills/src/Modules/Users/DeventSoft.RoadmapSkills.Users.Infrastructure/DeventSoft.RoadmapSkills.Users.Infrastructure.csproj" (4:7) is building "/Users/dacanetdev/Dev/AIGenerated/RoadmapSkills/src/Modules/Users/DeventSoft.RoadmapSkills.Users.Domain/DeventSoft.RoadmapSkills.Users.Domain.csproj" (9:12) on node 8 (default targets).
  9:12>Target "Build" skipped. Previously built unsuccessfully.
  9:12>Done Building Project "/Users/dacanetdev/Dev/AIGenerated/RoadmapSkills/src/Modules/Users/DeventSoft.RoadmapSkills.Users.Domain/DeventSoft.RoadmapSkills.Users.Domain.csproj" (default targets) -- FAILED.
   7:6>Project "/Users/dacanetdev/Dev/AIGenerated/RoadmapSkills/src/Modules/Users/DeventSoft.RoadmapSkills.Users.Api/DeventSoft.RoadmapSkills.Users.Api.csproj" (7:6) is building "/Users/dacanetdev/Dev/AIGenerated/RoadmapSkills/src/Modules/Users/DeventSoft.RoadmapSkills.Users.Domain/DeventSoft.RoadmapSkills.Users.Domain.csproj" (9:13) on node 8 (default targets).
  9:13>Target "Build" skipped. Previously built unsuccessfully.
  9:13>Done Building Project "/Users/dacanetdev/Dev/AIGenerated/RoadmapSkills/src/Modules/Users/DeventSoft.RoadmapSkills.Users.Domain/DeventSoft.RoadmapSkills.Users.Domain.csproj" (default targets) -- FAILED.
   3:7>Done executing task "MSBuild" -- FAILED.
   3:7>Done building target "ResolveProjectReferences" in project "DeventSoft.RoadmapSkills.Users.Application.csproj" -- FAILED.
   3:7>Target "_CheckForCompileOutputs" in file "/usr/local/share/dotnet/sdk/9.0.200/Microsoft.Common.CurrentVersion.targets" from project "/Users/dacanetdev/Dev/AIGenerated/RoadmapSkills/src/Modules/Users/DeventSoft.RoadmapSkills.Users.Application/DeventSoft.RoadmapSkills.Users.Application.csproj" (target "_CleanGetCurrentAndPriorFileWrites" depends on it):
   3:7>Done building target "_CheckForCompileOutputs" in project "DeventSoft.RoadmapSkills.Users.Application.csproj".
       Target "_SGenCheckForOutputs" skipped, due to false condition; ('$(_SGenGenerateSerializationAssembliesConfig)' == 'On' or ('@(WebReferenceUrl)'!='' and '$(_SGenGenerateSerializationAssembliesConfig)' == 'Auto')) was evaluated as ('Off' == 'On' or (''!='' and 'Off' == 'Auto')).
   3:7>Target "_CleanGetCurrentAndPriorFileWrites" in file "/usr/local/share/dotnet/sdk/9.0.200/Microsoft.Common.CurrentVersion.targets" from project "/Users/dacanetdev/Dev/AIGenerated/RoadmapSkills/src/Modules/Users/DeventSoft.RoadmapSkills.Users.Application/DeventSoft.RoadmapSkills.Users.Application.csproj" (target "_CleanRecordFileWrites" depends on it):
       Using "ReadLinesFromFile" task from assembly "Microsoft.Build.Tasks.Core, Version=15.1.0.0, Culture=neutral, PublicKeyToken=b03f5f7f11d50a3a".
       Task "ReadLinesFromFile"
       Done executing task "ReadLinesFromFile".
       Task "ConvertToAbsolutePath"
       Done executing task "ConvertToAbsolutePath".
       Using "FindUnderPath" task from assembly "Microsoft.Build.Tasks.Core, Version=15.1.0.0, Culture=neutral, PublicKeyToken=b03f5f7f11d50a3a".
       Task "FindUnderPath"
         Comparison path is "/Users/dacanetdev/Dev/AIGenerated/RoadmapSkills/src/Modules/Users/DeventSoft.RoadmapSkills.Users.Application".
       Done executing task "FindUnderPath".
       Task "FindUnderPath"
         Comparison path is "bin/Debug/net8.0/".
       Done executing task "FindUnderPath".
       Task "FindUnderPath"
         Comparison path is "obj/Debug/net8.0/".
       Done executing task "FindUnderPath".
       Task "RemoveDuplicates"
       Done executing task "RemoveDuplicates".
   3:7>Done building target "_CleanGetCurrentAndPriorFileWrites" in project "DeventSoft.RoadmapSkills.Users.Application.csproj".
   3:7>Target "_CleanRecordFileWrites" in file "/usr/local/share/dotnet/sdk/9.0.200/Microsoft.Common.CurrentVersion.targets" from project "/Users/dacanetdev/Dev/AIGenerated/RoadmapSkills/src/Modules/Users/DeventSoft.RoadmapSkills.Users.Application/DeventSoft.RoadmapSkills.Users.Application.csproj" (target "CoreBuild" depends on it):
       Task "RemoveDuplicates"
       Done executing task "RemoveDuplicates".
       Task "MakeDir"
       Done executing task "MakeDir".
       Task "WriteLinesToFile"
         Skipping write to file "obj/Debug/net8.0/DeventSoft.RoadmapSkills.Users.Application.csproj.FileListAbsolute.txt" because content would not change.
   8:6>ResolveAssemblyReferences:
         Primary reference "Microsoft.CSharp, Version=8.0.0.0, Culture=neutral, PublicKeyToken=b03f5f7f11d50a3a".
   3:7>Done executing task "WriteLinesToFile".
   3:7>Done building target "_CleanRecordFileWrites" in project "DeventSoft.RoadmapSkills.Users.Application.csproj".
   3:7>Done Building Project "/Users/dacanetdev/Dev/AIGenerated/RoadmapSkills/src/Modules/Users/DeventSoft.RoadmapSkills.Users.Application/DeventSoft.RoadmapSkills.Users.Application.csproj" (default targets) -- FAILED.
   7:6>Project "/Users/dacanetdev/Dev/AIGenerated/RoadmapSkills/src/Modules/Users/DeventSoft.RoadmapSkills.Users.Api/DeventSoft.RoadmapSkills.Users.Api.csproj" (7:6) is building "/Users/dacanetdev/Dev/AIGenerated/RoadmapSkills/src/Modules/Users/DeventSoft.RoadmapSkills.Users.Application/DeventSoft.RoadmapSkills.Users.Application.csproj" (3:10) on node 7 (default targets).
  3:10>Target "Build" skipped. Previously built unsuccessfully.
  3:10>Done Building Project "/Users/dacanetdev/Dev/AIGenerated/RoadmapSkills/src/Modules/Users/DeventSoft.RoadmapSkills.Users.Application/DeventSoft.RoadmapSkills.Users.Application.csproj" (default targets) -- FAILED.
   4:7>Project "/Users/dacanetdev/Dev/AIGenerated/RoadmapSkills/src/Modules/Users/DeventSoft.RoadmapSkills.Users.Infrastructure/DeventSoft.RoadmapSkills.Users.Infrastructure.csproj" (4:7) is building "/Users/dacanetdev/Dev/AIGenerated/RoadmapSkills/src/Modules/Users/DeventSoft.RoadmapSkills.Users.Application/DeventSoft.RoadmapSkills.Users.Application.csproj" (3:11) on node 7 (default targets).
  3:11>Target "Build" skipped. Previously built unsuccessfully.
  3:11>Done Building Project "/Users/dacanetdev/Dev/AIGenerated/RoadmapSkills/src/Modules/Users/DeventSoft.RoadmapSkills.Users.Application/DeventSoft.RoadmapSkills.Users.Application.csproj" (default targets) -- FAILED.
   8:6>ResolveAssemblyReferences:
             Resolved file path is "/Users/dacanetdev/.nuget/packages/microsoft.netcore.app.ref/8.0.13/ref/net8.0/Microsoft.CSharp.dll".
             Reference found at search path location "{RawFileName}".
             This reference is not "CopyLocal" because at least one source item had "Private" set to "false" and no source items had "Private" set to "true".
             The ImageRuntimeVersion for this reference is "".
         Primary reference "Microsoft.VisualBasic.Core, Version=13.0.0.0, Culture=neutral, PublicKeyToken=b03f5f7f11d50a3a".
   4:7>Done executing task "MSBuild" -- FAILED.
   4:7>Done building target "ResolveProjectReferences" in project "DeventSoft.RoadmapSkills.Users.Infrastructure.csproj" -- FAILED.
   8:6>ResolveAssemblyReferences:
             Resolved file path is "/Users/dacanetdev/.nuget/packages/microsoft.netcore.app.ref/8.0.13/ref/net8.0/Microsoft.VisualBasic.Core.dll".
             Reference found at search path location "{RawFileName}".
             This reference is not "CopyLocal" because at least one source item had "Private" set to "false" and no source items had "Private" set to "true".
             The ImageRuntimeVersion for this reference is "".
         Primary reference "Microsoft.VisualBasic, Version=10.0.0.0, Culture=neutral, PublicKeyToken=b03f5f7f11d50a3a".
             Resolved file path is "/Users/dacanetdev/.nuget/packages/microsoft.netcore.app.ref/8.0.13/ref/net8.0/Microsoft.VisualBasic.dll".
             Reference found at search path location "{RawFileName}".
             This reference is not "CopyLocal" because at least one source item had "Private" set to "false" and no source items had "Private" set to "true".
             The ImageRuntimeVersion for this reference is "".
         Primary reference "Microsoft.Win32.Primitives, Version=8.0.0.0, Culture=neutral, PublicKeyToken=b03f5f7f11d50a3a".
             Resolved file path is "/Users/dacanetdev/.nuget/packages/microsoft.netcore.app.ref/8.0.13/ref/net8.0/Microsoft.Win32.Primitives.dll".
             Reference found at search path location "{RawFileName}".
             This reference is not "CopyLocal" because at least one source item had "Private" set to "false" and no source items had "Private" set to "true".
             The ImageRuntimeVersion for this reference is "".
         Primary reference "Microsoft.Win32.Registry, Version=8.0.0.0, Culture=neutral, PublicKeyToken=b03f5f7f11d50a3a".
             Resolved file path is "/Users/dacanetdev/.nuget/packages/microsoft.netcore.app.ref/8.0.13/ref/net8.0/Microsoft.Win32.Registry.dll".
             Reference found at search path location "{RawFileName}".
             This reference is not "CopyLocal" because at least one source item had "Private" set to "false" and no source items had "Private" set to "true".
             The ImageRuntimeVersion for this reference is "".
         Primary reference "System.AppContext, Version=8.0.0.0, Culture=neutral, PublicKeyToken=b03f5f7f11d50a3a".
             Resolved file path is "/Users/dacanetdev/.nuget/packages/microsoft.netcore.app.ref/8.0.13/ref/net8.0/System.AppContext.dll".
             Reference found at search path location "{RawFileName}".
             This reference is not "CopyLocal" because at least one source item had "Private" set to "false" and no source items had "Private" set to "true".
             The ImageRuntimeVersion for this reference is "".
         Primary reference "System.Buffers, Version=8.0.0.0, Culture=neutral, PublicKeyToken=cc7b13ffcd2ddd51".
             Resolved file path is "/Users/dacanetdev/.nuget/packages/microsoft.netcore.app.ref/8.0.13/ref/net8.0/System.Buffers.dll".
             Reference found at search path location "{RawFileName}".
             This reference is not "CopyLocal" because at least one source item had "Private" set to "false" and no source items had "Private" set to "true".
             The ImageRuntimeVersion for this reference is "".
         Primary reference "System.Collections.Concurrent, Version=8.0.0.0, Culture=neutral, PublicKeyToken=b03f5f7f11d50a3a".
             Resolved file path is "/Users/dacanetdev/.nuget/packages/microsoft.netcore.app.ref/8.0.13/ref/net8.0/System.Collections.Concurrent.dll".
             Reference found at search path location "{RawFileName}".
             This reference is not "CopyLocal" because at least one source item had "Private" set to "false" and no source items had "Private" set to "true".
             The ImageRuntimeVersion for this reference is "".
         Primary reference "System.Collections.Immutable, Version=8.0.0.0, Culture=neutral, PublicKeyToken=b03f5f7f11d50a3a".
             Resolved file path is "/Users/dacanetdev/.nuget/packages/microsoft.netcore.app.ref/8.0.13/ref/net8.0/System.Collections.Immutable.dll".
             Reference found at search path location "{RawFileName}".
             This reference is not "CopyLocal" because at least one source item had "Private" set to "false" and no source items had "Private" set to "true".
             The ImageRuntimeVersion for this reference is "".
         Primary reference "System.Collections.NonGeneric, Version=8.0.0.0, Culture=neutral, PublicKeyToken=b03f5f7f11d50a3a".
             Resolved file path is "/Users/dacanetdev/.nuget/packages/microsoft.netcore.app.ref/8.0.13/ref/net8.0/System.Collections.NonGeneric.dll".
             Reference found at search path location "{RawFileName}".
             This reference is not "CopyLocal" because at least one source item had "Private" set to "false" and no source items had "Private" set to "true".
             The ImageRuntimeVersion for this reference is "".
         Primary reference "System.Collections.Specialized, Version=8.0.0.0, Culture=neutral, PublicKeyToken=b03f5f7f11d50a3a".
             Resolved file path is "/Users/dacanetdev/.nuget/packages/microsoft.netcore.app.ref/8.0.13/ref/net8.0/System.Collections.Specialized.dll".
             Reference found at search path location "{RawFileName}".
             This reference is not "CopyLocal" because at least one source item had "Private" set to "false" and no source items had "Private" set to "true".
             The ImageRuntimeVersion for this reference is "".
         Primary reference "System.Collections, Version=8.0.0.0, Culture=neutral, PublicKeyToken=b03f5f7f11d50a3a".
             Resolved file path is "/Users/dacanetdev/.nuget/packages/microsoft.netcore.app.ref/8.0.13/ref/net8.0/System.Collections.dll".
             Reference found at search path location "{RawFileName}".
   4:7>Target "_CheckForCompileOutputs" in file "/usr/local/share/dotnet/sdk/9.0.200/Microsoft.Common.CurrentVersion.targets" from project "/Users/dacanetdev/Dev/AIGenerated/RoadmapSkills/src/Modules/Users/DeventSoft.RoadmapSkills.Users.Infrastructure/DeventSoft.RoadmapSkills.Users.Infrastructure.csproj" (target "_CleanGetCurrentAndPriorFileWrites" depends on it):
   4:7>Done building target "_CheckForCompileOutputs" in project "DeventSoft.RoadmapSkills.Users.Infrastructure.csproj".
   8:6>ResolveAssemblyReferences:
             This reference is not "CopyLocal" because at least one source item had "Private" set to "false" and no source items had "Private" set to "true".
             The ImageRuntimeVersion for this reference is "".
         Primary reference "System.ComponentModel.Annotations, Version=8.0.0.0, Culture=neutral, PublicKeyToken=b03f5f7f11d50a3a".
             Resolved file path is "/Users/dacanetdev/.nuget/packages/microsoft.netcore.app.ref/8.0.13/ref/net8.0/System.ComponentModel.Annotations.dll".
             Reference found at search path location "{RawFileName}".
             This reference is not "CopyLocal" because at least one source item had "Private" set to "false" and no source items had "Private" set to "true".
             The ImageRuntimeVersion for this reference is "".
         Primary reference "System.ComponentModel.DataAnnotations, Version=4.0.0.0, Culture=neutral, PublicKeyToken=31bf3856ad364e35".
             Resolved file path is "/Users/dacanetdev/.nuget/packages/microsoft.netcore.app.ref/8.0.13/ref/net8.0/System.ComponentModel.DataAnnotations.dll".
             Reference found at search path location "{RawFileName}".
             This reference is not "CopyLocal" because at least one source item had "Private" set to "false" and no source items had "Private" set to "true".
             The ImageRuntimeVersion for this reference is "".
         Primary reference "System.ComponentModel.EventBasedAsync, Version=8.0.0.0, Culture=neutral, PublicKeyToken=b03f5f7f11d50a3a".
   4:7>Target "_SGenCheckForOutputs" skipped, due to false condition; ('$(_SGenGenerateSerializationAssembliesConfig)' == 'On' or ('@(WebReferenceUrl)'!='' and '$(_SGenGenerateSerializationAssembliesConfig)' == 'Auto')) was evaluated as ('Off' == 'On' or (''!='' and 'Off' == 'Auto')).
   8:6>ResolveAssemblyReferences:
             Resolved file path is "/Users/dacanetdev/.nuget/packages/microsoft.netcore.app.ref/8.0.13/ref/net8.0/System.ComponentModel.EventBasedAsync.dll".
             Reference found at search path location "{RawFileName}".
             This reference is not "CopyLocal" because at least one source item had "Private" set to "false" and no source items had "Private" set to "true".
             The ImageRuntimeVersion for this reference is "".
         Primary reference "System.ComponentModel.Primitives, Version=8.0.0.0, Culture=neutral, PublicKeyToken=b03f5f7f11d50a3a".
             Resolved file path is "/Users/dacanetdev/.nuget/packages/microsoft.netcore.app.ref/8.0.13/ref/net8.0/System.ComponentModel.Primitives.dll".
             Reference found at search path location "{RawFileName}".
             This reference is not "CopyLocal" because at least one source item had "Private" set to "false" and no source items had "Private" set to "true".
             The ImageRuntimeVersion for this reference is "".
         Primary reference "System.ComponentModel.TypeConverter, Version=8.0.0.0, Culture=neutral, PublicKeyToken=b03f5f7f11d50a3a".
             Resolved file path is "/Users/dacanetdev/.nuget/packages/microsoft.netcore.app.ref/8.0.13/ref/net8.0/System.ComponentModel.TypeConverter.dll".
             Reference found at search path location "{RawFileName}".
             This reference is not "CopyLocal" because at least one source item had "Private" set to "false" and no source items had "Private" set to "true".
             The ImageRuntimeVersion for this reference is "".
         Primary reference "System.ComponentModel, Version=8.0.0.0, Culture=neutral, PublicKeyToken=b03f5f7f11d50a3a".
             Resolved file path is "/Users/dacanetdev/.nuget/packages/microsoft.netcore.app.ref/8.0.13/ref/net8.0/System.ComponentModel.dll".
             Reference found at search path location "{RawFileName}".
             This reference is not "CopyLocal" because at least one source item had "Private" set to "false" and no source items had "Private" set to "true".
             The ImageRuntimeVersion for this reference is "".
         Primary reference "System.Configuration, Version=4.0.0.0, Culture=neutral, PublicKeyToken=b03f5f7f11d50a3a".
             Resolved file path is "/Users/dacanetdev/.nuget/packages/microsoft.netcore.app.ref/8.0.13/ref/net8.0/System.Configuration.dll".
             Reference found at search path location "{RawFileName}".
             This reference is not "CopyLocal" because at least one source item had "Private" set to "false" and no source items had "Private" set to "true".
             The ImageRuntimeVersion for this reference is "".
         Primary reference "System.Console, Version=8.0.0.0, Culture=neutral, PublicKeyToken=b03f5f7f11d50a3a".
             Resolved file path is "/Users/dacanetdev/.nuget/packages/microsoft.netcore.app.ref/8.0.13/ref/net8.0/System.Console.dll".
             Reference found at search path location "{RawFileName}".
             This reference is not "CopyLocal" because at least one source item had "Private" set to "false" and no source items had "Private" set to "true".
             The ImageRuntimeVersion for this reference is "".
         Primary reference "System.Core, Version=4.0.0.0, Culture=neutral, PublicKeyToken=b77a5c561934e089".
             Resolved file path is "/Users/dacanetdev/.nuget/packages/microsoft.netcore.app.ref/8.0.13/ref/net8.0/System.Core.dll".
             Reference found at search path location "{RawFileName}".
             This reference is not "CopyLocal" because at least one source item had "Private" set to "false" and no source items had "Private" set to "true".
             The ImageRuntimeVersion for this reference is "".
         Primary reference "System.Data.Common, Version=8.0.0.0, Culture=neutral, PublicKeyToken=b03f5f7f11d50a3a".
             Resolved file path is "/Users/dacanetdev/.nuget/packages/microsoft.netcore.app.ref/8.0.13/ref/net8.0/System.Data.Common.dll".
             Reference found at search path location "{RawFileName}".
             This reference is not "CopyLocal" because at least one source item had "Private" set to "false" and no source items had "Private" set to "true".
             The ImageRuntimeVersion for this reference is "".
         Primary reference "System.Data.DataSetExtensions, Version=8.0.0.0, Culture=neutral, PublicKeyToken=b77a5c561934e089".
             Resolved file path is "/Users/dacanetdev/.nuget/packages/microsoft.netcore.app.ref/8.0.13/ref/net8.0/System.Data.DataSetExtensions.dll".
             Reference found at search path location "{RawFileName}".
             This reference is not "CopyLocal" because at least one source item had "Private" set to "false" and no source items had "Private" set to "true".
             The ImageRuntimeVersion for this reference is "".
         Primary reference "System.Data, Version=4.0.0.0, Culture=neutral, PublicKeyToken=b77a5c561934e089".
             Resolved file path is "/Users/dacanetdev/.nuget/packages/microsoft.netcore.app.ref/8.0.13/ref/net8.0/System.Data.dll".
             Reference found at search path location "{RawFileName}".
             This reference is not "CopyLocal" because at least one source item had "Private" set to "false" and no source items had "Private" set to "true".
             The ImageRuntimeVersion for this reference is "".
         Primary reference "System.Diagnostics.Contracts, Version=8.0.0.0, Culture=neutral, PublicKeyToken=b03f5f7f11d50a3a".
             Resolved file path is "/Users/dacanetdev/.nuget/packages/microsoft.netcore.app.ref/8.0.13/ref/net8.0/System.Diagnostics.Contracts.dll".
             Reference found at search path location "{RawFileName}".
             This reference is not "CopyLocal" because at least one source item had "Private" set to "false" and no source items had "Private" set to "true".
             The ImageRuntimeVersion for this reference is "".
         Primary reference "System.Diagnostics.Debug, Version=8.0.0.0, Culture=neutral, PublicKeyToken=b03f5f7f11d50a3a".
             Resolved file path is "/Users/dacanetdev/.nuget/packages/microsoft.netcore.app.ref/8.0.13/ref/net8.0/System.Diagnostics.Debug.dll".
             Reference found at search path location "{RawFileName}".
             This reference is not "CopyLocal" because at least one source item had "Private" set to "false" and no source items had "Private" set to "true".
             The ImageRuntimeVersion for this reference is "".
         Primary reference "System.Diagnostics.DiagnosticSource, Version=8.0.0.0, Culture=neutral, PublicKeyToken=cc7b13ffcd2ddd51".
             Resolved file path is "/Users/dacanetdev/.nuget/packages/microsoft.netcore.app.ref/8.0.13/ref/net8.0/System.Diagnostics.DiagnosticSource.dll".
             Reference found at search path location "{RawFileName}".
             This reference is not "CopyLocal" because at least one source item had "Private" set to "false" and no source items had "Private" set to "true".
             The ImageRuntimeVersion for this reference is "".
         Primary reference "System.Diagnostics.FileVersionInfo, Version=8.0.0.0, Culture=neutral, PublicKeyToken=b03f5f7f11d50a3a".
             Resolved file path is "/Users/dacanetdev/.nuget/packages/microsoft.netcore.app.ref/8.0.13/ref/net8.0/System.Diagnostics.FileVersionInfo.dll".
             Reference found at search path location "{RawFileName}".
             This reference is not "CopyLocal" because at least one source item had "Private" set to "false" and no source items had "Private" set to "true".
             The ImageRuntimeVersion for this reference is "".
         Primary reference "System.Diagnostics.Process, Version=8.0.0.0, Culture=neutral, PublicKeyToken=b03f5f7f11d50a3a".
             Resolved file path is "/Users/dacanetdev/.nuget/packages/microsoft.netcore.app.ref/8.0.13/ref/net8.0/System.Diagnostics.Process.dll".
             Reference found at search path location "{RawFileName}".
             This reference is not "CopyLocal" because at least one source item had "Private" set to "false" and no source items had "Private" set to "true".
             The ImageRuntimeVersion for this reference is "".
         Primary reference "System.Diagnostics.StackTrace, Version=8.0.0.0, Culture=neutral, PublicKeyToken=b03f5f7f11d50a3a".
             Resolved file path is "/Users/dacanetdev/.nuget/packages/microsoft.netcore.app.ref/8.0.13/ref/net8.0/System.Diagnostics.StackTrace.dll".
             Reference found at search path location "{RawFileName}".
             This reference is not "CopyLocal" because at least one source item had "Private" set to "false" and no source items had "Private" set to "true".
             The ImageRuntimeVersion for this reference is "".
         Primary reference "System.Diagnostics.TextWriterTraceListener, Version=8.0.0.0, Culture=neutral, PublicKeyToken=b03f5f7f11d50a3a".
             Resolved file path is "/Users/dacanetdev/.nuget/packages/microsoft.netcore.app.ref/8.0.13/ref/net8.0/System.Diagnostics.TextWriterTraceListener.dll".
             Reference found at search path location "{RawFileName}".
             This reference is not "CopyLocal" because at least one source item had "Private" set to "false" and no source items had "Private" set to "true".
             The ImageRuntimeVersion for this reference is "".
         Primary reference "System.Diagnostics.Tools, Version=8.0.0.0, Culture=neutral, PublicKeyToken=b03f5f7f11d50a3a".
             Resolved file path is "/Users/dacanetdev/.nuget/packages/microsoft.netcore.app.ref/8.0.13/ref/net8.0/System.Diagnostics.Tools.dll".
             Reference found at search path location "{RawFileName}".
             This reference is not "CopyLocal" because at least one source item had "Private" set to "false" and no source items had "Private" set to "true".
             The ImageRuntimeVersion for this reference is "".
         Primary reference "System.Diagnostics.TraceSource, Version=8.0.0.0, Culture=neutral, PublicKeyToken=b03f5f7f11d50a3a".
             Resolved file path is "/Users/dacanetdev/.nuget/packages/microsoft.netcore.app.ref/8.0.13/ref/net8.0/System.Diagnostics.TraceSource.dll".
             Reference found at search path location "{RawFileName}".
             This reference is not "CopyLocal" because at least one source item had "Private" set to "false" and no source items had "Private" set to "true".
             The ImageRuntimeVersion for this reference is "".
         Primary reference "System.Diagnostics.Tracing, Version=8.0.0.0, Culture=neutral, PublicKeyToken=b03f5f7f11d50a3a".
             Resolved file path is "/Users/dacanetdev/.nuget/packages/microsoft.netcore.app.ref/8.0.13/ref/net8.0/System.Diagnostics.Tracing.dll".
             Reference found at search path location "{RawFileName}".
             This reference is not "CopyLocal" because at least one source item had "Private" set to "false" and no source items had "Private" set to "true".
             The ImageRuntimeVersion for this reference is "".
         Primary reference "System.Drawing.Primitives, Version=8.0.0.0, Culture=neutral, PublicKeyToken=b03f5f7f11d50a3a".
             Resolved file path is "/Users/dacanetdev/.nuget/packages/microsoft.netcore.app.ref/8.0.13/ref/net8.0/System.Drawing.Primitives.dll".
             Reference found at search path location "{RawFileName}".
             This reference is not "CopyLocal" because at least one source item had "Private" set to "false" and no source items had "Private" set to "true".
             The ImageRuntimeVersion for this reference is "".
         Primary reference "System.Drawing, Version=4.0.0.0, Culture=neutral, PublicKeyToken=b03f5f7f11d50a3a".
             Resolved file path is "/Users/dacanetdev/.nuget/packages/microsoft.netcore.app.ref/8.0.13/ref/net8.0/System.Drawing.dll".
             Reference found at search path location "{RawFileName}".
             This reference is not "CopyLocal" because at least one source item had "Private" set to "false" and no source items had "Private" set to "true".
             The ImageRuntimeVersion for this reference is "".
         Primary reference "System.Dynamic.Runtime, Version=8.0.0.0, Culture=neutral, PublicKeyToken=b03f5f7f11d50a3a".
             Resolved file path is "/Users/dacanetdev/.nuget/packages/microsoft.netcore.app.ref/8.0.13/ref/net8.0/System.Dynamic.Runtime.dll".
             Reference found at search path location "{RawFileName}".
             This reference is not "CopyLocal" because at least one source item had "Private" set to "false" and no source items had "Private" set to "true".
             The ImageRuntimeVersion for this reference is "".
         Primary reference "System.Formats.Asn1, Version=8.0.0.0, Culture=neutral, PublicKeyToken=cc7b13ffcd2ddd51".
             Resolved file path is "/Users/dacanetdev/.nuget/packages/microsoft.netcore.app.ref/8.0.13/ref/net8.0/System.Formats.Asn1.dll".
             Reference found at search path location "{RawFileName}".
             This reference is not "CopyLocal" because at least one source item had "Private" set to "false" and no source items had "Private" set to "true".
             The ImageRuntimeVersion for this reference is "".
         Primary reference "System.Formats.Tar, Version=8.0.0.0, Culture=neutral, PublicKeyToken=cc7b13ffcd2ddd51".
             Resolved file path is "/Users/dacanetdev/.nuget/packages/microsoft.netcore.app.ref/8.0.13/ref/net8.0/System.Formats.Tar.dll".
             Reference found at search path location "{RawFileName}".
   4:7>Target "_CleanGetCurrentAndPriorFileWrites" in file "/usr/local/share/dotnet/sdk/9.0.200/Microsoft.Common.CurrentVersion.targets" from project "/Users/dacanetdev/Dev/AIGenerated/RoadmapSkills/src/Modules/Users/DeventSoft.RoadmapSkills.Users.Infrastructure/DeventSoft.RoadmapSkills.Users.Infrastructure.csproj" (target "_CleanRecordFileWrites" depends on it):
   4:7>Using "ReadLinesFromFile" task from assembly "Microsoft.Build.Tasks.Core, Version=15.1.0.0, Culture=neutral, PublicKeyToken=b03f5f7f11d50a3a".
   8:6>ResolveAssemblyReferences:
             This reference is not "CopyLocal" because at least one source item had "Private" set to "false" and no source items had "Private" set to "true".
             The ImageRuntimeVersion for this reference is "".
         Primary reference "System.Globalization.Calendars, Version=8.0.0.0, Culture=neutral, PublicKeyToken=b03f5f7f11d50a3a".
             Resolved file path is "/Users/dacanetdev/.nuget/packages/microsoft.netcore.app.ref/8.0.13/ref/net8.0/System.Globalization.Calendars.dll".
             Reference found at search path location "{RawFileName}".
             This reference is not "CopyLocal" because at least one source item had "Private" set to "false" and no source items had "Private" set to "true".
             The ImageRuntimeVersion for this reference is "".
         Primary reference "System.Globalization.Extensions, Version=8.0.0.0, Culture=neutral, PublicKeyToken=b03f5f7f11d50a3a".
             Resolved file path is "/Users/dacanetdev/.nuget/packages/microsoft.netcore.app.ref/8.0.13/ref/net8.0/System.Globalization.Extensions.dll".
             Reference found at search path location "{RawFileName}".
             This reference is not "CopyLocal" because at least one source item had "Private" set to "false" and no source items had "Private" set to "true".
             The ImageRuntimeVersion for this reference is "".
         Primary reference "System.Globalization, Version=8.0.0.0, Culture=neutral, PublicKeyToken=b03f5f7f11d50a3a".
   4:7>Task "ReadLinesFromFile"
   8:6>ResolveAssemblyReferences:
             Resolved file path is "/Users/dacanetdev/.nuget/packages/microsoft.netcore.app.ref/8.0.13/ref/net8.0/System.Globalization.dll".
             Reference found at search path location "{RawFileName}".
             This reference is not "CopyLocal" because at least one source item had "Private" set to "false" and no source items had "Private" set to "true".
             The ImageRuntimeVersion for this reference is "".
         Primary reference "System.IO.Compression.Brotli, Version=8.0.0.0, Culture=neutral, PublicKeyToken=b77a5c561934e089".
             Resolved file path is "/Users/dacanetdev/.nuget/packages/microsoft.netcore.app.ref/8.0.13/ref/net8.0/System.IO.Compression.Brotli.dll".
             Reference found at search path location "{RawFileName}".
             This reference is not "CopyLocal" because at least one source item had "Private" set to "false" and no source items had "Private" set to "true".
             The ImageRuntimeVersion for this reference is "".
         Primary reference "System.IO.Compression.FileSystem, Version=4.0.0.0, Culture=neutral, PublicKeyToken=b77a5c561934e089".
             Resolved file path is "/Users/dacanetdev/.nuget/packages/microsoft.netcore.app.ref/8.0.13/ref/net8.0/System.IO.Compression.FileSystem.dll".
             Reference found at search path location "{RawFileName}".
             This reference is not "CopyLocal" because at least one source item had "Private" set to "false" and no source items had "Private" set to "true".
             The ImageRuntimeVersion for this reference is "".
         Primary reference "System.IO.Compression.ZipFile, Version=8.0.0.0, Culture=neutral, PublicKeyToken=b77a5c561934e089".
             Resolved file path is "/Users/dacanetdev/.nuget/packages/microsoft.netcore.app.ref/8.0.13/ref/net8.0/System.IO.Compression.ZipFile.dll".
             Reference found at search path location "{RawFileName}".
             This reference is not "CopyLocal" because at least one source item had "Private" set to "false" and no source items had "Private" set to "true".
             The ImageRuntimeVersion for this reference is "".
         Primary reference "System.IO.Compression, Version=8.0.0.0, Culture=neutral, PublicKeyToken=b77a5c561934e089".
             Resolved file path is "/Users/dacanetdev/.nuget/packages/microsoft.netcore.app.ref/8.0.13/ref/net8.0/System.IO.Compression.dll".
             Reference found at search path location "{RawFileName}".
             This reference is not "CopyLocal" because at least one source item had "Private" set to "false" and no source items had "Private" set to "true".
             The ImageRuntimeVersion for this reference is "".
         Primary reference "System.IO.FileSystem.AccessControl, Version=8.0.0.0, Culture=neutral, PublicKeyToken=b03f5f7f11d50a3a".
             Resolved file path is "/Users/dacanetdev/.nuget/packages/microsoft.netcore.app.ref/8.0.13/ref/net8.0/System.IO.FileSystem.AccessControl.dll".
             Reference found at search path location "{RawFileName}".
             This reference is not "CopyLocal" because at least one source item had "Private" set to "false" and no source items had "Private" set to "true".
             The ImageRuntimeVersion for this reference is "".
         Primary reference "System.IO.FileSystem.DriveInfo, Version=8.0.0.0, Culture=neutral, PublicKeyToken=b03f5f7f11d50a3a".
             Resolved file path is "/Users/dacanetdev/.nuget/packages/microsoft.netcore.app.ref/8.0.13/ref/net8.0/System.IO.FileSystem.DriveInfo.dll".
             Reference found at search path location "{RawFileName}".
             This reference is not "CopyLocal" because at least one source item had "Private" set to "false" and no source items had "Private" set to "true".
             The ImageRuntimeVersion for this reference is "".
         Primary reference "System.IO.FileSystem.Primitives, Version=8.0.0.0, Culture=neutral, PublicKeyToken=b03f5f7f11d50a3a".
             Resolved file path is "/Users/dacanetdev/.nuget/packages/microsoft.netcore.app.ref/8.0.13/ref/net8.0/System.IO.FileSystem.Primitives.dll".
             Reference found at search path location "{RawFileName}".
             This reference is not "CopyLocal" because at least one source item had "Private" set to "false" and no source items had "Private" set to "true".
             The ImageRuntimeVersion for this reference is "".
         Primary reference "System.IO.FileSystem.Watcher, Version=8.0.0.0, Culture=neutral, PublicKeyToken=b03f5f7f11d50a3a".
             Resolved file path is "/Users/dacanetdev/.nuget/packages/microsoft.netcore.app.ref/8.0.13/ref/net8.0/System.IO.FileSystem.Watcher.dll".
             Reference found at search path location "{RawFileName}".
             This reference is not "CopyLocal" because at least one source item had "Private" set to "false" and no source items had "Private" set to "true".
             The ImageRuntimeVersion for this reference is "".
         Primary reference "System.IO.FileSystem, Version=8.0.0.0, Culture=neutral, PublicKeyToken=b03f5f7f11d50a3a".
             Resolved file path is "/Users/dacanetdev/.nuget/packages/microsoft.netcore.app.ref/8.0.13/ref/net8.0/System.IO.FileSystem.dll".
             Reference found at search path location "{RawFileName}".
             This reference is not "CopyLocal" because at least one source item had "Private" set to "false" and no source items had "Private" set to "true".
             The ImageRuntimeVersion for this reference is "".
         Primary reference "System.IO.IsolatedStorage, Version=8.0.0.0, Culture=neutral, PublicKeyToken=b03f5f7f11d50a3a".
             Resolved file path is "/Users/dacanetdev/.nuget/packages/microsoft.netcore.app.ref/8.0.13/ref/net8.0/System.IO.IsolatedStorage.dll".
             Reference found at search path location "{RawFileName}".
             This reference is not "CopyLocal" because at least one source item had "Private" set to "false" and no source items had "Private" set to "true".
             The ImageRuntimeVersion for this reference is "".
         Primary reference "System.IO.MemoryMappedFiles, Version=8.0.0.0, Culture=neutral, PublicKeyToken=b03f5f7f11d50a3a".
             Resolved file path is "/Users/dacanetdev/.nuget/packages/microsoft.netcore.app.ref/8.0.13/ref/net8.0/System.IO.MemoryMappedFiles.dll".
             Reference found at search path location "{RawFileName}".
             This reference is not "CopyLocal" because at least one source item had "Private" set to "false" and no source items had "Private" set to "true".
             The ImageRuntimeVersion for this reference is "".
         Primary reference "System.IO.Pipes.AccessControl, Version=8.0.0.0, Culture=neutral, PublicKeyToken=b03f5f7f11d50a3a".
             Resolved file path is "/Users/dacanetdev/.nuget/packages/microsoft.netcore.app.ref/8.0.13/ref/net8.0/System.IO.Pipes.AccessControl.dll".
             Reference found at search path location "{RawFileName}".
             This reference is not "CopyLocal" because at least one source item had "Private" set to "false" and no source items had "Private" set to "true".
             The ImageRuntimeVersion for this reference is "".
         Primary reference "System.IO.Pipes, Version=8.0.0.0, Culture=neutral, PublicKeyToken=b03f5f7f11d50a3a".
             Resolved file path is "/Users/dacanetdev/.nuget/packages/microsoft.netcore.app.ref/8.0.13/ref/net8.0/System.IO.Pipes.dll".
             Reference found at search path location "{RawFileName}".
             This reference is not "CopyLocal" because at least one source item had "Private" set to "false" and no source items had "Private" set to "true".
             The ImageRuntimeVersion for this reference is "".
         Primary reference "System.IO.UnmanagedMemoryStream, Version=8.0.0.0, Culture=neutral, PublicKeyToken=b03f5f7f11d50a3a".
             Resolved file path is "/Users/dacanetdev/.nuget/packages/microsoft.netcore.app.ref/8.0.13/ref/net8.0/System.IO.UnmanagedMemoryStream.dll".
             Reference found at search path location "{RawFileName}".
             This reference is not "CopyLocal" because at least one source item had "Private" set to "false" and no source items had "Private" set to "true".
             The ImageRuntimeVersion for this reference is "".
         Primary reference "System.IO, Version=8.0.0.0, Culture=neutral, PublicKeyToken=b03f5f7f11d50a3a".
             Resolved file path is "/Users/dacanetdev/.nuget/packages/microsoft.netcore.app.ref/8.0.13/ref/net8.0/System.IO.dll".
             Reference found at search path location "{RawFileName}".
             This reference is not "CopyLocal" because at least one source item had "Private" set to "false" and no source items had "Private" set to "true".
             The ImageRuntimeVersion for this reference is "".
         Primary reference "System.Linq.Expressions, Version=8.0.0.0, Culture=neutral, PublicKeyToken=b03f5f7f11d50a3a".
             Resolved file path is "/Users/dacanetdev/.nuget/packages/microsoft.netcore.app.ref/8.0.13/ref/net8.0/System.Linq.Expressions.dll".
             Reference found at search path location "{RawFileName}".
             This reference is not "CopyLocal" because at least one source item had "Private" set to "false" and no source items had "Private" set to "true".
             The ImageRuntimeVersion for this reference is "".
         Primary reference "System.Linq.Parallel, Version=8.0.0.0, Culture=neutral, PublicKeyToken=b03f5f7f11d50a3a".
             Resolved file path is "/Users/dacanetdev/.nuget/packages/microsoft.netcore.app.ref/8.0.13/ref/net8.0/System.Linq.Parallel.dll".
             Reference found at search path location "{RawFileName}".
             This reference is not "CopyLocal" because at least one source item had "Private" set to "false" and no source items had "Private" set to "true".
             The ImageRuntimeVersion for this reference is "".
         Primary reference "System.Linq.Queryable, Version=8.0.0.0, Culture=neutral, PublicKeyToken=b03f5f7f11d50a3a".
             Resolved file path is "/Users/dacanetdev/.nuget/packages/microsoft.netcore.app.ref/8.0.13/ref/net8.0/System.Linq.Queryable.dll".
             Reference found at search path location "{RawFileName}".
             This reference is not "CopyLocal" because at least one source item had "Private" set to "false" and no source items had "Private" set to "true".
             The ImageRuntimeVersion for this reference is "".
         Primary reference "System.Linq, Version=8.0.0.0, Culture=neutral, PublicKeyToken=b03f5f7f11d50a3a".
             Resolved file path is "/Users/dacanetdev/.nuget/packages/microsoft.netcore.app.ref/8.0.13/ref/net8.0/System.Linq.dll".
             Reference found at search path location "{RawFileName}".
             This reference is not "CopyLocal" because at least one source item had "Private" set to "false" and no source items had "Private" set to "true".
             The ImageRuntimeVersion for this reference is "".
         Primary reference "System.Memory, Version=8.0.0.0, Culture=neutral, PublicKeyToken=cc7b13ffcd2ddd51".
             Resolved file path is "/Users/dacanetdev/.nuget/packages/microsoft.netcore.app.ref/8.0.13/ref/net8.0/System.Memory.dll".
             Reference found at search path location "{RawFileName}".
             This reference is not "CopyLocal" because at least one source item had "Private" set to "false" and no source items had "Private" set to "true".
             The ImageRuntimeVersion for this reference is "".
         Primary reference "System.Net.Http.Json, Version=8.0.0.0, Culture=neutral, PublicKeyToken=cc7b13ffcd2ddd51".
             Resolved file path is "/Users/dacanetdev/.nuget/packages/microsoft.netcore.app.ref/8.0.13/ref/net8.0/System.Net.Http.Json.dll".
             Reference found at search path location "{RawFileName}".
             This reference is not "CopyLocal" because at least one source item had "Private" set to "false" and no source items had "Private" set to "true".
             The ImageRuntimeVersion for this reference is "".
         Primary reference "System.Net.Http, Version=8.0.0.0, Culture=neutral, PublicKeyToken=b03f5f7f11d50a3a".
             Resolved file path is "/Users/dacanetdev/.nuget/packages/microsoft.netcore.app.ref/8.0.13/ref/net8.0/System.Net.Http.dll".
             Reference found at search path location "{RawFileName}".
             This reference is not "CopyLocal" because at least one source item had "Private" set to "false" and no source items had "Private" set to "true".
             The ImageRuntimeVersion for this reference is "".
         Primary reference "System.Net.HttpListener, Version=8.0.0.0, Culture=neutral, PublicKeyToken=cc7b13ffcd2ddd51".
             Resolved file path is "/Users/dacanetdev/.nuget/packages/microsoft.netcore.app.ref/8.0.13/ref/net8.0/System.Net.HttpListener.dll".
             Reference found at search path location "{RawFileName}".
             This reference is not "CopyLocal" because at least one source item had "Private" set to "false" and no source items had "Private" set to "true".
             The ImageRuntimeVersion for this reference is "".
         Primary reference "System.Net.Mail, Version=8.0.0.0, Culture=neutral, PublicKeyToken=cc7b13ffcd2ddd51".
             Resolved file path is "/Users/dacanetdev/.nuget/packages/microsoft.netcore.app.ref/8.0.13/ref/net8.0/System.Net.Mail.dll".
             Reference found at search path location "{RawFileName}".
             This reference is not "CopyLocal" because at least one source item had "Private" set to "false" and no source items had "Private" set to "true".
             The ImageRuntimeVersion for this reference is "".
         Primary reference "System.Net.NameResolution, Version=8.0.0.0, Culture=neutral, PublicKeyToken=b03f5f7f11d50a3a".
             Resolved file path is "/Users/dacanetdev/.nuget/packages/microsoft.netcore.app.ref/8.0.13/ref/net8.0/System.Net.NameResolution.dll".
             Reference found at search path location "{RawFileName}".
             This reference is not "CopyLocal" because at least one source item had "Private" set to "false" and no source items had "Private" set to "true".
             The ImageRuntimeVersion for this reference is "".
         Primary reference "System.Net.NetworkInformation, Version=8.0.0.0, Culture=neutral, PublicKeyToken=b03f5f7f11d50a3a".
             Resolved file path is "/Users/dacanetdev/.nuget/packages/microsoft.netcore.app.ref/8.0.13/ref/net8.0/System.Net.NetworkInformation.dll".
             Reference found at search path location "{RawFileName}".
             This reference is not "CopyLocal" because at least one source item had "Private" set to "false" and no source items had "Private" set to "true".
             The ImageRuntimeVersion for this reference is "".
         Primary reference "System.Net.Ping, Version=8.0.0.0, Culture=neutral, PublicKeyToken=b03f5f7f11d50a3a".
             Resolved file path is "/Users/dacanetdev/.nuget/packages/microsoft.netcore.app.ref/8.0.13/ref/net8.0/System.Net.Ping.dll".
             Reference found at search path location "{RawFileName}".
             This reference is not "CopyLocal" because at least one source item had "Private" set to "false" and no source items had "Private" set to "true".
             The ImageRuntimeVersion for this reference is "".
         Primary reference "System.Net.Primitives, Version=8.0.0.0, Culture=neutral, PublicKeyToken=b03f5f7f11d50a3a".
             Resolved file path is "/Users/dacanetdev/.nuget/packages/microsoft.netcore.app.ref/8.0.13/ref/net8.0/System.Net.Primitives.dll".
             Reference found at search path location "{RawFileName}".
             This reference is not "CopyLocal" because at least one source item had "Private" set to "false" and no source items had "Private" set to "true".
             The ImageRuntimeVersion for this reference is "".
         Primary reference "System.Net.Quic, Version=8.0.0.0, Culture=neutral, PublicKeyToken=b03f5f7f11d50a3a".
             Resolved file path is "/Users/dacanetdev/.nuget/packages/microsoft.netcore.app.ref/8.0.13/ref/net8.0/System.Net.Quic.dll".
             Reference found at search path location "{RawFileName}".
             This reference is not "CopyLocal" because at least one source item had "Private" set to "false" and no source items had "Private" set to "true".
             The ImageRuntimeVersion for this reference is "".
         Primary reference "System.Net.Requests, Version=8.0.0.0, Culture=neutral, PublicKeyToken=b03f5f7f11d50a3a".
             Resolved file path is "/Users/dacanetdev/.nuget/packages/microsoft.netcore.app.ref/8.0.13/ref/net8.0/System.Net.Requests.dll".
             Reference found at search path location "{RawFileName}".
             This reference is not "CopyLocal" because at least one source item had "Private" set to "false" and no source items had "Private" set to "true".
             The ImageRuntimeVersion for this reference is "".
         Primary reference "System.Net.Security, Version=8.0.0.0, Culture=neutral, PublicKeyToken=b03f5f7f11d50a3a".
             Resolved file path is "/Users/dacanetdev/.nuget/packages/microsoft.netcore.app.ref/8.0.13/ref/net8.0/System.Net.Security.dll".
             Reference found at search path location "{RawFileName}".
             This reference is not "CopyLocal" because at least one source item had "Private" set to "false" and no source items had "Private" set to "true".
             The ImageRuntimeVersion for this reference is "".
         Primary reference "System.Net.ServicePoint, Version=8.0.0.0, Culture=neutral, PublicKeyToken=cc7b13ffcd2ddd51".
             Resolved file path is "/Users/dacanetdev/.nuget/packages/microsoft.netcore.app.ref/8.0.13/ref/net8.0/System.Net.ServicePoint.dll".
             Reference found at search path location "{RawFileName}".
             This reference is not "CopyLocal" because at least one source item had "Private" set to "false" and no source items had "Private" set to "true".
             The ImageRuntimeVersion for this reference is "".
         Primary reference "System.Net.Sockets, Version=8.0.0.0, Culture=neutral, PublicKeyToken=b03f5f7f11d50a3a".
             Resolved file path is "/Users/dacanetdev/.nuget/packages/microsoft.netcore.app.ref/8.0.13/ref/net8.0/System.Net.Sockets.dll".
             Reference found at search path location "{RawFileName}".
             This reference is not "CopyLocal" because at least one source item had "Private" set to "false" and no source items had "Private" set to "true".
             The ImageRuntimeVersion for this reference is "".
         Primary reference "System.Net.WebClient, Version=8.0.0.0, Culture=neutral, PublicKeyToken=cc7b13ffcd2ddd51".
             Resolved file path is "/Users/dacanetdev/.nuget/packages/microsoft.netcore.app.ref/8.0.13/ref/net8.0/System.Net.WebClient.dll".
             Reference found at search path location "{RawFileName}".
             This reference is not "CopyLocal" because at least one source item had "Private" set to "false" and no source items had "Private" set to "true".
             The ImageRuntimeVersion for this reference is "".
         Primary reference "System.Net.WebHeaderCollection, Version=8.0.0.0, Culture=neutral, PublicKeyToken=b03f5f7f11d50a3a".
             Resolved file path is "/Users/dacanetdev/.nuget/packages/microsoft.netcore.app.ref/8.0.13/ref/net8.0/System.Net.WebHeaderCollection.dll".
             Reference found at search path location "{RawFileName}".
             This reference is not "CopyLocal" because at least one source item had "Private" set to "false" and no source items had "Private" set to "true".
             The ImageRuntimeVersion for this reference is "".
         Primary reference "System.Net.WebProxy, Version=8.0.0.0, Culture=neutral, PublicKeyToken=cc7b13ffcd2ddd51".
             Resolved file path is "/Users/dacanetdev/.nuget/packages/microsoft.netcore.app.ref/8.0.13/ref/net8.0/System.Net.WebProxy.dll".
             Reference found at search path location "{RawFileName}".
             This reference is not "CopyLocal" because at least one source item had "Private" set to "false" and no source items had "Private" set to "true".
             The ImageRuntimeVersion for this reference is "".
         Primary reference "System.Net.WebSockets.Client, Version=8.0.0.0, Culture=neutral, PublicKeyToken=b03f5f7f11d50a3a".
             Resolved file path is "/Users/dacanetdev/.nuget/packages/microsoft.netcore.app.ref/8.0.13/ref/net8.0/System.Net.WebSockets.Client.dll".
             Reference found at search path location "{RawFileName}".
             This reference is not "CopyLocal" because at least one source item had "Private" set to "false" and no source items had "Private" set to "true".
             The ImageRuntimeVersion for this reference is "".
         Primary reference "System.Net.WebSockets, Version=8.0.0.0, Culture=neutral, PublicKeyToken=b03f5f7f11d50a3a".
             Resolved file path is "/Users/dacanetdev/.nuget/packages/microsoft.netcore.app.ref/8.0.13/ref/net8.0/System.Net.WebSockets.dll".
             Reference found at search path location "{RawFileName}".
             This reference is not "CopyLocal" because at least one source item had "Private" set to "false" and no source items had "Private" set to "true".
             The ImageRuntimeVersion for this reference is "".
         Primary reference "System.Net, Version=4.0.0.0, Culture=neutral, PublicKeyToken=b03f5f7f11d50a3a".
             Resolved file path is "/Users/dacanetdev/.nuget/packages/microsoft.netcore.app.ref/8.0.13/ref/net8.0/System.Net.dll".
             Reference found at search path location "{RawFileName}".
             This reference is not "CopyLocal" because at least one source item had "Private" set to "false" and no source items had "Private" set to "true".
             The ImageRuntimeVersion for this reference is "".
         Primary reference "System.Numerics.Vectors, Version=8.0.0.0, Culture=neutral, PublicKeyToken=b03f5f7f11d50a3a".
             Resolved file path is "/Users/dacanetdev/.nuget/packages/microsoft.netcore.app.ref/8.0.13/ref/net8.0/System.Numerics.Vectors.dll".
             Reference found at search path location "{RawFileName}".
             This reference is not "CopyLocal" because at least one source item had "Private" set to "false" and no source items had "Private" set to "true".
             The ImageRuntimeVersion for this reference is "".
         Primary reference "System.Numerics, Version=4.0.0.0, Culture=neutral, PublicKeyToken=b77a5c561934e089".
             Resolved file path is "/Users/dacanetdev/.nuget/packages/microsoft.netcore.app.ref/8.0.13/ref/net8.0/System.Numerics.dll".
             Reference found at search path location "{RawFileName}".
             This reference is not "CopyLocal" because at least one source item had "Private" set to "false" and no source items had "Private" set to "true".
             The ImageRuntimeVersion for this reference is "".
         Primary reference "System.ObjectModel, Version=8.0.0.0, Culture=neutral, PublicKeyToken=b03f5f7f11d50a3a".
             Resolved file path is "/Users/dacanetdev/.nuget/packages/microsoft.netcore.app.ref/8.0.13/ref/net8.0/System.ObjectModel.dll".
             Reference found at search path location "{RawFileName}".
             This reference is not "CopyLocal" because at least one source item had "Private" set to "false" and no source items had "Private" set to "true".
             The ImageRuntimeVersion for this reference is "".
         Primary reference "System.Reflection.DispatchProxy, Version=8.0.0.0, Culture=neutral, PublicKeyToken=b03f5f7f11d50a3a".
             Resolved file path is "/Users/dacanetdev/.nuget/packages/microsoft.netcore.app.ref/8.0.13/ref/net8.0/System.Reflection.DispatchProxy.dll".
             Reference found at search path location "{RawFileName}".
             This reference is not "CopyLocal" because at least one source item had "Private" set to "false" and no source items had "Private" set to "true".
             The ImageRuntimeVersion for this reference is "".
         Primary reference "System.Reflection.Emit.ILGeneration, Version=8.0.0.0, Culture=neutral, PublicKeyToken=b03f5f7f11d50a3a".
             Resolved file path is "/Users/dacanetdev/.nuget/packages/microsoft.netcore.app.ref/8.0.13/ref/net8.0/System.Reflection.Emit.ILGeneration.dll".
             Reference found at search path location "{RawFileName}".
             This reference is not "CopyLocal" because at least one source item had "Private" set to "false" and no source items had "Private" set to "true".
             The ImageRuntimeVersion for this reference is "".
         Primary reference "System.Reflection.Emit.Lightweight, Version=8.0.0.0, Culture=neutral, PublicKeyToken=b03f5f7f11d50a3a".
             Resolved file path is "/Users/dacanetdev/.nuget/packages/microsoft.netcore.app.ref/8.0.13/ref/net8.0/System.Reflection.Emit.Lightweight.dll".
             Reference found at search path location "{RawFileName}".
             This reference is not "CopyLocal" because at least one source item had "Private" set to "false" and no source items had "Private" set to "true".
             The ImageRuntimeVersion for this reference is "".
         Primary reference "System.Reflection.Emit, Version=8.0.0.0, Culture=neutral, PublicKeyToken=b03f5f7f11d50a3a".
             Resolved file path is "/Users/dacanetdev/.nuget/packages/microsoft.netcore.app.ref/8.0.13/ref/net8.0/System.Reflection.Emit.dll".
             Reference found at search path location "{RawFileName}".
             This reference is not "CopyLocal" because at least one source item had "Private" set to "false" and no source items had "Private" set to "true".
             The ImageRuntimeVersion for this reference is "".
         Primary reference "System.Reflection.Extensions, Version=8.0.0.0, Culture=neutral, PublicKeyToken=b03f5f7f11d50a3a".
             Resolved file path is "/Users/dacanetdev/.nuget/packages/microsoft.netcore.app.ref/8.0.13/ref/net8.0/System.Reflection.Extensions.dll".
             Reference found at search path location "{RawFileName}".
             This reference is not "CopyLocal" because at least one source item had "Private" set to "false" and no source items had "Private" set to "true".
             The ImageRuntimeVersion for this reference is "".
         Primary reference "System.Reflection.Metadata, Version=8.0.0.0, Culture=neutral, PublicKeyToken=b03f5f7f11d50a3a".
             Resolved file path is "/Users/dacanetdev/.nuget/packages/microsoft.netcore.app.ref/8.0.13/ref/net8.0/System.Reflection.Metadata.dll".
             Reference found at search path location "{RawFileName}".
             This reference is not "CopyLocal" because at least one source item had "Private" set to "false" and no source items had "Private" set to "true".
             The ImageRuntimeVersion for this reference is "".
         Primary reference "System.Reflection.Primitives, Version=8.0.0.0, Culture=neutral, PublicKeyToken=b03f5f7f11d50a3a".
             Resolved file path is "/Users/dacanetdev/.nuget/packages/microsoft.netcore.app.ref/8.0.13/ref/net8.0/System.Reflection.Primitives.dll".
             Reference found at search path location "{RawFileName}".
             This reference is not "CopyLocal" because at least one source item had "Private" set to "false" and no source items had "Private" set to "true".
             The ImageRuntimeVersion for this reference is "".
         Primary reference "System.Reflection.TypeExtensions, Version=8.0.0.0, Culture=neutral, PublicKeyToken=b03f5f7f11d50a3a".
             Resolved file path is "/Users/dacanetdev/.nuget/packages/microsoft.netcore.app.ref/8.0.13/ref/net8.0/System.Reflection.TypeExtensions.dll".
             Reference found at search path location "{RawFileName}".
             This reference is not "CopyLocal" because at least one source item had "Private" set to "false" and no source items had "Private" set to "true".
             The ImageRuntimeVersion for this reference is "".
         Primary reference "System.Reflection, Version=8.0.0.0, Culture=neutral, PublicKeyToken=b03f5f7f11d50a3a".
             Resolved file path is "/Users/dacanetdev/.nuget/packages/microsoft.netcore.app.ref/8.0.13/ref/net8.0/System.Reflection.dll".
             Reference found at search path location "{RawFileName}".
             This reference is not "CopyLocal" because at least one source item had "Private" set to "false" and no source items had "Private" set to "true".
             The ImageRuntimeVersion for this reference is "".
         Primary reference "System.Resources.Reader, Version=8.0.0.0, Culture=neutral, PublicKeyToken=b03f5f7f11d50a3a".
             Resolved file path is "/Users/dacanetdev/.nuget/packages/microsoft.netcore.app.ref/8.0.13/ref/net8.0/System.Resources.Reader.dll".
             Reference found at search path location "{RawFileName}".
             This reference is not "CopyLocal" because at least one source item had "Private" set to "false" and no source items had "Private" set to "true".
             The ImageRuntimeVersion for this reference is "".
         Primary reference "System.Resources.ResourceManager, Version=8.0.0.0, Culture=neutral, PublicKeyToken=b03f5f7f11d50a3a".
             Resolved file path is "/Users/dacanetdev/.nuget/packages/microsoft.netcore.app.ref/8.0.13/ref/net8.0/System.Resources.ResourceManager.dll".
             Reference found at search path location "{RawFileName}".
             This reference is not "CopyLocal" because at least one source item had "Private" set to "false" and no source items had "Private" set to "true".
             The ImageRuntimeVersion for this reference is "".
         Primary reference "System.Resources.Writer, Version=8.0.0.0, Culture=neutral, PublicKeyToken=b03f5f7f11d50a3a".
             Resolved file path is "/Users/dacanetdev/.nuget/packages/microsoft.netcore.app.ref/8.0.13/ref/net8.0/System.Resources.Writer.dll".
             Reference found at search path location "{RawFileName}".
             This reference is not "CopyLocal" because at least one source item had "Private" set to "false" and no source items had "Private" set to "true".
             The ImageRuntimeVersion for this reference is "".
         Primary reference "System.Runtime.CompilerServices.Unsafe, Version=8.0.0.0, Culture=neutral, PublicKeyToken=b03f5f7f11d50a3a".
             Resolved file path is "/Users/dacanetdev/.nuget/packages/microsoft.netcore.app.ref/8.0.13/ref/net8.0/System.Runtime.CompilerServices.Unsafe.dll".
             Reference found at search path location "{RawFileName}".
             This reference is not "CopyLocal" because at least one source item had "Private" set to "false" and no source items had "Private" set to "true".
             The ImageRuntimeVersion for this reference is "".
         Primary reference "System.Runtime.CompilerServices.VisualC, Version=8.0.0.0, Culture=neutral, PublicKeyToken=b03f5f7f11d50a3a".
             Resolved file path is "/Users/dacanetdev/.nuget/packages/microsoft.netcore.app.ref/8.0.13/ref/net8.0/System.Runtime.CompilerServices.VisualC.dll".
             Reference found at search path location "{RawFileName}".
             This reference is not "CopyLocal" because at least one source item had "Private" set to "false" and no source items had "Private" set to "true".
             The ImageRuntimeVersion for this reference is "".
         Primary reference "System.Runtime.Extensions, Version=8.0.0.0, Culture=neutral, PublicKeyToken=b03f5f7f11d50a3a".
             Resolved file path is "/Users/dacanetdev/.nuget/packages/microsoft.netcore.app.ref/8.0.13/ref/net8.0/System.Runtime.Extensions.dll".
             Reference found at search path location "{RawFileName}".
             This reference is not "CopyLocal" because at least one source item had "Private" set to "false" and no source items had "Private" set to "true".
             The ImageRuntimeVersion for this reference is "".
         Primary reference "System.Runtime.Handles, Version=8.0.0.0, Culture=neutral, PublicKeyToken=b03f5f7f11d50a3a".
             Resolved file path is "/Users/dacanetdev/.nuget/packages/microsoft.netcore.app.ref/8.0.13/ref/net8.0/System.Runtime.Handles.dll".
             Reference found at search path location "{RawFileName}".
             This reference is not "CopyLocal" because at least one source item had "Private" set to "false" and no source items had "Private" set to "true".
             The ImageRuntimeVersion for this reference is "".
         Primary reference "System.Runtime.InteropServices.JavaScript, Version=8.0.0.0, Culture=neutral, PublicKeyToken=b03f5f7f11d50a3a".
             Resolved file path is "/Users/dacanetdev/.nuget/packages/microsoft.netcore.app.ref/8.0.13/ref/net8.0/System.Runtime.InteropServices.JavaScript.dll".
             Reference found at search path location "{RawFileName}".
             This reference is not "CopyLocal" because at least one source item had "Private" set to "false" and no source items had "Private" set to "true".
             The ImageRuntimeVersion for this reference is "".
         Primary reference "System.Runtime.InteropServices.RuntimeInformation, Version=8.0.0.0, Culture=neutral, PublicKeyToken=b03f5f7f11d50a3a".
             Resolved file path is "/Users/dacanetdev/.nuget/packages/microsoft.netcore.app.ref/8.0.13/ref/net8.0/System.Runtime.InteropServices.RuntimeInformation.dll".
             Reference found at search path location "{RawFileName}".
             This reference is not "CopyLocal" because at least one source item had "Private" set to "false" and no source items had "Private" set to "true".
             The ImageRuntimeVersion for this reference is "".
         Primary reference "System.Runtime.InteropServices, Version=8.0.0.0, Culture=neutral, PublicKeyToken=b03f5f7f11d50a3a".
             Resolved file path is "/Users/dacanetdev/.nuget/packages/microsoft.netcore.app.ref/8.0.13/ref/net8.0/System.Runtime.InteropServices.dll".
             Reference found at search path location "{RawFileName}".
             This reference is not "CopyLocal" because at least one source item had "Private" set to "false" and no source items had "Private" set to "true".
             The ImageRuntimeVersion for this reference is "".
         Primary reference "System.Runtime.Intrinsics, Version=8.0.0.0, Culture=neutral, PublicKeyToken=cc7b13ffcd2ddd51".
             Resolved file path is "/Users/dacanetdev/.nuget/packages/microsoft.netcore.app.ref/8.0.13/ref/net8.0/System.Runtime.Intrinsics.dll".
             Reference found at search path location "{RawFileName}".
             This reference is not "CopyLocal" because at least one source item had "Private" set to "false" and no source items had "Private" set to "true".
             The ImageRuntimeVersion for this reference is "".
         Primary reference "System.Runtime.Loader, Version=8.0.0.0, Culture=neutral, PublicKeyToken=b03f5f7f11d50a3a".
             Resolved file path is "/Users/dacanetdev/.nuget/packages/microsoft.netcore.app.ref/8.0.13/ref/net8.0/System.Runtime.Loader.dll".
             Reference found at search path location "{RawFileName}".
             This reference is not "CopyLocal" because at least one source item had "Private" set to "false" and no source items had "Private" set to "true".
             The ImageRuntimeVersion for this reference is "".
         Primary reference "System.Runtime.Numerics, Version=8.0.0.0, Culture=neutral, PublicKeyToken=b03f5f7f11d50a3a".
             Resolved file path is "/Users/dacanetdev/.nuget/packages/microsoft.netcore.app.ref/8.0.13/ref/net8.0/System.Runtime.Numerics.dll".
             Reference found at search path location "{RawFileName}".
             This reference is not "CopyLocal" because at least one source item had "Private" set to "false" and no source items had "Private" set to "true".
             The ImageRuntimeVersion for this reference is "".
         Primary reference "System.Runtime.Serialization.Formatters, Version=8.0.0.0, Culture=neutral, PublicKeyToken=b03f5f7f11d50a3a".
             Resolved file path is "/Users/dacanetdev/.nuget/packages/microsoft.netcore.app.ref/8.0.13/ref/net8.0/System.Runtime.Serialization.Formatters.dll".
             Reference found at search path location "{RawFileName}".
             This reference is not "CopyLocal" because at least one source item had "Private" set to "false" and no source items had "Private" set to "true".
             The ImageRuntimeVersion for this reference is "".
         Primary reference "System.Runtime.Serialization.Json, Version=8.0.0.0, Culture=neutral, PublicKeyToken=b03f5f7f11d50a3a".
             Resolved file path is "/Users/dacanetdev/.nuget/packages/microsoft.netcore.app.ref/8.0.13/ref/net8.0/System.Runtime.Serialization.Json.dll".
             Reference found at search path location "{RawFileName}".
             This reference is not "CopyLocal" because at least one source item had "Private" set to "false" and no source items had "Private" set to "true".
             The ImageRuntimeVersion for this reference is "".
         Primary reference "System.Runtime.Serialization.Primitives, Version=8.0.0.0, Culture=neutral, PublicKeyToken=b03f5f7f11d50a3a".
             Resolved file path is "/Users/dacanetdev/.nuget/packages/microsoft.netcore.app.ref/8.0.13/ref/net8.0/System.Runtime.Serialization.Primitives.dll".
             Reference found at search path location "{RawFileName}".
             This reference is not "CopyLocal" because at least one source item had "Private" set to "false" and no source items had "Private" set to "true".
             The ImageRuntimeVersion for this reference is "".
         Primary reference "System.Runtime.Serialization.Xml, Version=8.0.0.0, Culture=neutral, PublicKeyToken=b03f5f7f11d50a3a".
             Resolved file path is "/Users/dacanetdev/.nuget/packages/microsoft.netcore.app.ref/8.0.13/ref/net8.0/System.Runtime.Serialization.Xml.dll".
             Reference found at search path location "{RawFileName}".
             This reference is not "CopyLocal" because at least one source item had "Private" set to "false" and no source items had "Private" set to "true".
             The ImageRuntimeVersion for this reference is "".
         Primary reference "System.Runtime.Serialization, Version=4.0.0.0, Culture=neutral, PublicKeyToken=b77a5c561934e089".
             Resolved file path is "/Users/dacanetdev/.nuget/packages/microsoft.netcore.app.ref/8.0.13/ref/net8.0/System.Runtime.Serialization.dll".
             Reference found at search path location "{RawFileName}".
             This reference is not "CopyLocal" because at least one source item had "Private" set to "false" and no source items had "Private" set to "true".
             The ImageRuntimeVersion for this reference is "".
         Primary reference "System.Runtime, Version=8.0.0.0, Culture=neutral, PublicKeyToken=b03f5f7f11d50a3a".
             Resolved file path is "/Users/dacanetdev/.nuget/packages/microsoft.netcore.app.ref/8.0.13/ref/net8.0/System.Runtime.dll".
             Reference found at search path location "{RawFileName}".
             This reference is not "CopyLocal" because at least one source item had "Private" set to "false" and no source items had "Private" set to "true".
             The ImageRuntimeVersion for this reference is "".
         Primary reference "System.Security.AccessControl, Version=8.0.0.0, Culture=neutral, PublicKeyToken=b03f5f7f11d50a3a".
             Resolved file path is "/Users/dacanetdev/.nuget/packages/microsoft.netcore.app.ref/8.0.13/ref/net8.0/System.Security.AccessControl.dll".
             Reference found at search path location "{RawFileName}".
             This reference is not "CopyLocal" because at least one source item had "Private" set to "false" and no source items had "Private" set to "true".
             The ImageRuntimeVersion for this reference is "".
         Primary reference "System.Security.Claims, Version=8.0.0.0, Culture=neutral, PublicKeyToken=b03f5f7f11d50a3a".
             Resolved file path is "/Users/dacanetdev/.nuget/packages/microsoft.netcore.app.ref/8.0.13/ref/net8.0/System.Security.Claims.dll".
             Reference found at search path location "{RawFileName}".
             This reference is not "CopyLocal" because at least one source item had "Private" set to "false" and no source items had "Private" set to "true".
             The ImageRuntimeVersion for this reference is "".
         Primary reference "System.Security.Cryptography.Algorithms, Version=8.0.0.0, Culture=neutral, PublicKeyToken=b03f5f7f11d50a3a".
             Resolved file path is "/Users/dacanetdev/.nuget/packages/microsoft.netcore.app.ref/8.0.13/ref/net8.0/System.Security.Cryptography.Algorithms.dll".
             Reference found at search path location "{RawFileName}".
             This reference is not "CopyLocal" because at least one source item had "Private" set to "false" and no source items had "Private" set to "true".
             The ImageRuntimeVersion for this reference is "".
         Primary reference "System.Security.Cryptography.Cng, Version=8.0.0.0, Culture=neutral, PublicKeyToken=b03f5f7f11d50a3a".
             Resolved file path is "/Users/dacanetdev/.nuget/packages/microsoft.netcore.app.ref/8.0.13/ref/net8.0/System.Security.Cryptography.Cng.dll".
             Reference found at search path location "{RawFileName}".
             This reference is not "CopyLocal" because at least one source item had "Private" set to "false" and no source items had "Private" set to "true".
             The ImageRuntimeVersion for this reference is "".
         Primary reference "System.Security.Cryptography.Csp, Version=8.0.0.0, Culture=neutral, PublicKeyToken=b03f5f7f11d50a3a".
             Resolved file path is "/Users/dacanetdev/.nuget/packages/microsoft.netcore.app.ref/8.0.13/ref/net8.0/System.Security.Cryptography.Csp.dll".
             Reference found at search path location "{RawFileName}".
             This reference is not "CopyLocal" because at least one source item had "Private" set to "false" and no source items had "Private" set to "true".
             The ImageRuntimeVersion for this reference is "".
         Primary reference "System.Security.Cryptography.Encoding, Version=8.0.0.0, Culture=neutral, PublicKeyToken=b03f5f7f11d50a3a".
             Resolved file path is "/Users/dacanetdev/.nuget/packages/microsoft.netcore.app.ref/8.0.13/ref/net8.0/System.Security.Cryptography.Encoding.dll".
             Reference found at search path location "{RawFileName}".
             This reference is not "CopyLocal" because at least one source item had "Private" set to "false" and no source items had "Private" set to "true".
             The ImageRuntimeVersion for this reference is "".
         Primary reference "System.Security.Cryptography.OpenSsl, Version=8.0.0.0, Culture=neutral, PublicKeyToken=b03f5f7f11d50a3a".
             Resolved file path is "/Users/dacanetdev/.nuget/packages/microsoft.netcore.app.ref/8.0.13/ref/net8.0/System.Security.Cryptography.OpenSsl.dll".
             Reference found at search path location "{RawFileName}".
             This reference is not "CopyLocal" because at least one source item had "Private" set to "false" and no source items had "Private" set to "true".
             The ImageRuntimeVersion for this reference is "".
         Primary reference "System.Security.Cryptography.Primitives, Version=8.0.0.0, Culture=neutral, PublicKeyToken=b03f5f7f11d50a3a".
             Resolved file path is "/Users/dacanetdev/.nuget/packages/microsoft.netcore.app.ref/8.0.13/ref/net8.0/System.Security.Cryptography.Primitives.dll".
             Reference found at search path location "{RawFileName}".
             This reference is not "CopyLocal" because at least one source item had "Private" set to "false" and no source items had "Private" set to "true".
             The ImageRuntimeVersion for this reference is "".
         Primary reference "System.Security.Cryptography.X509Certificates, Version=8.0.0.0, Culture=neutral, PublicKeyToken=b03f5f7f11d50a3a".
             Resolved file path is "/Users/dacanetdev/.nuget/packages/microsoft.netcore.app.ref/8.0.13/ref/net8.0/System.Security.Cryptography.X509Certificates.dll".
             Reference found at search path location "{RawFileName}".
             This reference is not "CopyLocal" because at least one source item had "Private" set to "false" and no source items had "Private" set to "true".
             The ImageRuntimeVersion for this reference is "".
         Primary reference "System.Security.Cryptography, Version=8.0.0.0, Culture=neutral, PublicKeyToken=b03f5f7f11d50a3a".
             Resolved file path is "/Users/dacanetdev/.nuget/packages/microsoft.netcore.app.ref/8.0.13/ref/net8.0/System.Security.Cryptography.dll".
             Reference found at search path location "{RawFileName}".
             This reference is not "CopyLocal" because at least one source item had "Private" set to "false" and no source items had "Private" set to "true".
             The ImageRuntimeVersion for this reference is "".
         Primary reference "System.Security.Principal.Windows, Version=8.0.0.0, Culture=neutral, PublicKeyToken=b03f5f7f11d50a3a".
             Resolved file path is "/Users/dacanetdev/.nuget/packages/microsoft.netcore.app.ref/8.0.13/ref/net8.0/System.Security.Principal.Windows.dll".
             Reference found at search path location "{RawFileName}".
             This reference is not "CopyLocal" because at least one source item had "Private" set to "false" and no source items had "Private" set to "true".
             The ImageRuntimeVersion for this reference is "".
         Primary reference "System.Security.Principal, Version=8.0.0.0, Culture=neutral, PublicKeyToken=b03f5f7f11d50a3a".
             Resolved file path is "/Users/dacanetdev/.nuget/packages/microsoft.netcore.app.ref/8.0.13/ref/net8.0/System.Security.Principal.dll".
             Reference found at search path location "{RawFileName}".
             This reference is not "CopyLocal" because at least one source item had "Private" set to "false" and no source items had "Private" set to "true".
             The ImageRuntimeVersion for this reference is "".
         Primary reference "System.Security.SecureString, Version=8.0.0.0, Culture=neutral, PublicKeyToken=b03f5f7f11d50a3a".
             Resolved file path is "/Users/dacanetdev/.nuget/packages/microsoft.netcore.app.ref/8.0.13/ref/net8.0/System.Security.SecureString.dll".
             Reference found at search path location "{RawFileName}".
             This reference is not "CopyLocal" because at least one source item had "Private" set to "false" and no source items had "Private" set to "true".
             The ImageRuntimeVersion for this reference is "".
         Primary reference "System.Security, Version=4.0.0.0, Culture=neutral, PublicKeyToken=b03f5f7f11d50a3a".
             Resolved file path is "/Users/dacanetdev/.nuget/packages/microsoft.netcore.app.ref/8.0.13/ref/net8.0/System.Security.dll".
             Reference found at search path location "{RawFileName}".
             This reference is not "CopyLocal" because at least one source item had "Private" set to "false" and no source items had "Private" set to "true".
             The ImageRuntimeVersion for this reference is "".
         Primary reference "System.ServiceModel.Web, Version=4.0.0.0, Culture=neutral, PublicKeyToken=31bf3856ad364e35".
             Resolved file path is "/Users/dacanetdev/.nuget/packages/microsoft.netcore.app.ref/8.0.13/ref/net8.0/System.ServiceModel.Web.dll".
             Reference found at search path location "{RawFileName}".
             This reference is not "CopyLocal" because at least one source item had "Private" set to "false" and no source items had "Private" set to "true".
             The ImageRuntimeVersion for this reference is "".
         Primary reference "System.ServiceProcess, Version=4.0.0.0, Culture=neutral, PublicKeyToken=b03f5f7f11d50a3a".
             Resolved file path is "/Users/dacanetdev/.nuget/packages/microsoft.netcore.app.ref/8.0.13/ref/net8.0/System.ServiceProcess.dll".
             Reference found at search path location "{RawFileName}".
             This reference is not "CopyLocal" because at least one source item had "Private" set to "false" and no source items had "Private" set to "true".
             The ImageRuntimeVersion for this reference is "".
         Primary reference "System.Text.Encoding.CodePages, Version=8.0.0.0, Culture=neutral, PublicKeyToken=b03f5f7f11d50a3a".
             Resolved file path is "/Users/dacanetdev/.nuget/packages/microsoft.netcore.app.ref/8.0.13/ref/net8.0/System.Text.Encoding.CodePages.dll".
             Reference found at search path location "{RawFileName}".
             This reference is not "CopyLocal" because at least one source item had "Private" set to "false" and no source items had "Private" set to "true".
             The ImageRuntimeVersion for this reference is "".
         Primary reference "System.Text.Encoding.Extensions, Version=8.0.0.0, Culture=neutral, PublicKeyToken=b03f5f7f11d50a3a".
             Resolved file path is "/Users/dacanetdev/.nuget/packages/microsoft.netcore.app.ref/8.0.13/ref/net8.0/System.Text.Encoding.Extensions.dll".
             Reference found at search path location "{RawFileName}".
             This reference is not "CopyLocal" because at least one source item had "Private" set to "false" and no source items had "Private" set to "true".
             The ImageRuntimeVersion for this reference is "".
         Primary reference "System.Text.Encoding, Version=8.0.0.0, Culture=neutral, PublicKeyToken=b03f5f7f11d50a3a".
             Resolved file path is "/Users/dacanetdev/.nuget/packages/microsoft.netcore.app.ref/8.0.13/ref/net8.0/System.Text.Encoding.dll".
             Reference found at search path location "{RawFileName}".
             This reference is not "CopyLocal" because at least one source item had "Private" set to "false" and no source items had "Private" set to "true".
             The ImageRuntimeVersion for this reference is "".
         Primary reference "System.Text.Encodings.Web, Version=8.0.0.0, Culture=neutral, PublicKeyToken=cc7b13ffcd2ddd51".
             Resolved file path is "/Users/dacanetdev/.nuget/packages/microsoft.netcore.app.ref/8.0.13/ref/net8.0/System.Text.Encodings.Web.dll".
             Reference found at search path location "{RawFileName}".
             This reference is not "CopyLocal" because at least one source item had "Private" set to "false" and no source items had "Private" set to "true".
             The ImageRuntimeVersion for this reference is "".
         Primary reference "System.Text.Json, Version=8.0.0.0, Culture=neutral, PublicKeyToken=cc7b13ffcd2ddd51".
             Resolved file path is "/Users/dacanetdev/.nuget/packages/microsoft.netcore.app.ref/8.0.13/ref/net8.0/System.Text.Json.dll".
             Reference found at search path location "{RawFileName}".
             This reference is not "CopyLocal" because at least one source item had "Private" set to "false" and no source items had "Private" set to "true".
             The ImageRuntimeVersion for this reference is "".
         Primary reference "System.Text.RegularExpressions, Version=8.0.0.0, Culture=neutral, PublicKeyToken=b03f5f7f11d50a3a".
             Resolved file path is "/Users/dacanetdev/.nuget/packages/microsoft.netcore.app.ref/8.0.13/ref/net8.0/System.Text.RegularExpressions.dll".
             Reference found at search path location "{RawFileName}".
             This reference is not "CopyLocal" because at least one source item had "Private" set to "false" and no source items had "Private" set to "true".
             The ImageRuntimeVersion for this reference is "".
         Primary reference "System.Threading.Channels, Version=8.0.0.0, Culture=neutral, PublicKeyToken=cc7b13ffcd2ddd51".
             Resolved file path is "/Users/dacanetdev/.nuget/packages/microsoft.netcore.app.ref/8.0.13/ref/net8.0/System.Threading.Channels.dll".
             Reference found at search path location "{RawFileName}".
             This reference is not "CopyLocal" because at least one source item had "Private" set to "false" and no source items had "Private" set to "true".
             The ImageRuntimeVersion for this reference is "".
         Primary reference "System.Threading.Overlapped, Version=8.0.0.0, Culture=neutral, PublicKeyToken=b03f5f7f11d50a3a".
             Resolved file path is "/Users/dacanetdev/.nuget/packages/microsoft.netcore.app.ref/8.0.13/ref/net8.0/System.Threading.Overlapped.dll".
             Reference found at search path location "{RawFileName}".
             This reference is not "CopyLocal" because at least one source item had "Private" set to "false" and no source items had "Private" set to "true".
             The ImageRuntimeVersion for this reference is "".
         Primary reference "System.Threading.Tasks.Dataflow, Version=8.0.0.0, Culture=neutral, PublicKeyToken=b03f5f7f11d50a3a".
             Resolved file path is "/Users/dacanetdev/.nuget/packages/microsoft.netcore.app.ref/8.0.13/ref/net8.0/System.Threading.Tasks.Dataflow.dll".
             Reference found at search path location "{RawFileName}".
             This reference is not "CopyLocal" because at least one source item had "Private" set to "false" and no source items had "Private" set to "true".
             The ImageRuntimeVersion for this reference is "".
         Primary reference "System.Threading.Tasks.Extensions, Version=8.0.0.0, Culture=neutral, PublicKeyToken=cc7b13ffcd2ddd51".
             Resolved file path is "/Users/dacanetdev/.nuget/packages/microsoft.netcore.app.ref/8.0.13/ref/net8.0/System.Threading.Tasks.Extensions.dll".
             Reference found at search path location "{RawFileName}".
             This reference is not "CopyLocal" because at least one source item had "Private" set to "false" and no source items had "Private" set to "true".
             The ImageRuntimeVersion for this reference is "".
         Primary reference "System.Threading.Tasks.Parallel, Version=8.0.0.0, Culture=neutral, PublicKeyToken=b03f5f7f11d50a3a".
             Resolved file path is "/Users/dacanetdev/.nuget/packages/microsoft.netcore.app.ref/8.0.13/ref/net8.0/System.Threading.Tasks.Parallel.dll".
             Reference found at search path location "{RawFileName}".
             This reference is not "CopyLocal" because at least one source item had "Private" set to "false" and no source items had "Private" set to "true".
             The ImageRuntimeVersion for this reference is "".
         Primary reference "System.Threading.Tasks, Version=8.0.0.0, Culture=neutral, PublicKeyToken=b03f5f7f11d50a3a".
             Resolved file path is "/Users/dacanetdev/.nuget/packages/microsoft.netcore.app.ref/8.0.13/ref/net8.0/System.Threading.Tasks.dll".
             Reference found at search path location "{RawFileName}".
             This reference is not "CopyLocal" because at least one source item had "Private" set to "false" and no source items had "Private" set to "true".
             The ImageRuntimeVersion for this reference is "".
         Primary reference "System.Threading.Thread, Version=8.0.0.0, Culture=neutral, PublicKeyToken=b03f5f7f11d50a3a".
             Resolved file path is "/Users/dacanetdev/.nuget/packages/microsoft.netcore.app.ref/8.0.13/ref/net8.0/System.Threading.Thread.dll".
             Reference found at search path location "{RawFileName}".
             This reference is not "CopyLocal" because at least one source item had "Private" set to "false" and no source items had "Private" set to "true".
             The ImageRuntimeVersion for this reference is "".
         Primary reference "System.Threading.ThreadPool, Version=8.0.0.0, Culture=neutral, PublicKeyToken=b03f5f7f11d50a3a".
             Resolved file path is "/Users/dacanetdev/.nuget/packages/microsoft.netcore.app.ref/8.0.13/ref/net8.0/System.Threading.ThreadPool.dll".
             Reference found at search path location "{RawFileName}".
             This reference is not "CopyLocal" because at least one source item had "Private" set to "false" and no source items had "Private" set to "true".
             The ImageRuntimeVersion for this reference is "".
         Primary reference "System.Threading.Timer, Version=8.0.0.0, Culture=neutral, PublicKeyToken=b03f5f7f11d50a3a".
             Resolved file path is "/Users/dacanetdev/.nuget/packages/microsoft.netcore.app.ref/8.0.13/ref/net8.0/System.Threading.Timer.dll".
             Reference found at search path location "{RawFileName}".
             This reference is not "CopyLocal" because at least one source item had "Private" set to "false" and no source items had "Private" set to "true".
             The ImageRuntimeVersion for this reference is "".
         Primary reference "System.Threading, Version=8.0.0.0, Culture=neutral, PublicKeyToken=b03f5f7f11d50a3a".
             Resolved file path is "/Users/dacanetdev/.nuget/packages/microsoft.netcore.app.ref/8.0.13/ref/net8.0/System.Threading.dll".
             Reference found at search path location "{RawFileName}".
             This reference is not "CopyLocal" because at least one source item had "Private" set to "false" and no source items had "Private" set to "true".
             The ImageRuntimeVersion for this reference is "".
         Primary reference "System.Transactions.Local, Version=8.0.0.0, Culture=neutral, PublicKeyToken=cc7b13ffcd2ddd51".
             Resolved file path is "/Users/dacanetdev/.nuget/packages/microsoft.netcore.app.ref/8.0.13/ref/net8.0/System.Transactions.Local.dll".
             Reference found at search path location "{RawFileName}".
             This reference is not "CopyLocal" because at least one source item had "Private" set to "false" and no source items had "Private" set to "true".
             The ImageRuntimeVersion for this reference is "".
         Primary reference "System.Transactions, Version=4.0.0.0, Culture=neutral, PublicKeyToken=b77a5c561934e089".
             Resolved file path is "/Users/dacanetdev/.nuget/packages/microsoft.netcore.app.ref/8.0.13/ref/net8.0/System.Transactions.dll".
             Reference found at search path location "{RawFileName}".
             This reference is not "CopyLocal" because at least one source item had "Private" set to "false" and no source items had "Private" set to "true".
             The ImageRuntimeVersion for this reference is "".
         Primary reference "System.ValueTuple, Version=8.0.0.0, Culture=neutral, PublicKeyToken=cc7b13ffcd2ddd51".
             Resolved file path is "/Users/dacanetdev/.nuget/packages/microsoft.netcore.app.ref/8.0.13/ref/net8.0/System.ValueTuple.dll".
             Reference found at search path location "{RawFileName}".
             This reference is not "CopyLocal" because at least one source item had "Private" set to "false" and no source items had "Private" set to "true".
             The ImageRuntimeVersion for this reference is "".
         Primary reference "System.Web.HttpUtility, Version=8.0.0.0, Culture=neutral, PublicKeyToken=cc7b13ffcd2ddd51".
             Resolved file path is "/Users/dacanetdev/.nuget/packages/microsoft.netcore.app.ref/8.0.13/ref/net8.0/System.Web.HttpUtility.dll".
             Reference found at search path location "{RawFileName}".
             This reference is not "CopyLocal" because at least one source item had "Private" set to "false" and no source items had "Private" set to "true".
             The ImageRuntimeVersion for this reference is "".
         Primary reference "System.Web, Version=4.0.0.0, Culture=neutral, PublicKeyToken=b03f5f7f11d50a3a".
             Resolved file path is "/Users/dacanetdev/.nuget/packages/microsoft.netcore.app.ref/8.0.13/ref/net8.0/System.Web.dll".
             Reference found at search path location "{RawFileName}".
             This reference is not "CopyLocal" because at least one source item had "Private" set to "false" and no source items had "Private" set to "true".
             The ImageRuntimeVersion for this reference is "".
         Primary reference "System.Windows, Version=4.0.0.0, Culture=neutral, PublicKeyToken=b03f5f7f11d50a3a".
             Resolved file path is "/Users/dacanetdev/.nuget/packages/microsoft.netcore.app.ref/8.0.13/ref/net8.0/System.Windows.dll".
             Reference found at search path location "{RawFileName}".
             This reference is not "CopyLocal" because at least one source item had "Private" set to "false" and no source items had "Private" set to "true".
             The ImageRuntimeVersion for this reference is "".
         Primary reference "System.Xml.Linq, Version=4.0.0.0, Culture=neutral, PublicKeyToken=b77a5c561934e089".
             Resolved file path is "/Users/dacanetdev/.nuget/packages/microsoft.netcore.app.ref/8.0.13/ref/net8.0/System.Xml.Linq.dll".
             Reference found at search path location "{RawFileName}".
             This reference is not "CopyLocal" because at least one source item had "Private" set to "false" and no source items had "Private" set to "true".
             The ImageRuntimeVersion for this reference is "".
         Primary reference "System.Xml.ReaderWriter, Version=8.0.0.0, Culture=neutral, PublicKeyToken=b03f5f7f11d50a3a".
             Resolved file path is "/Users/dacanetdev/.nuget/packages/microsoft.netcore.app.ref/8.0.13/ref/net8.0/System.Xml.ReaderWriter.dll".
             Reference found at search path location "{RawFileName}".
             This reference is not "CopyLocal" because at least one source item had "Private" set to "false" and no source items had "Private" set to "true".
             The ImageRuntimeVersion for this reference is "".
         Primary reference "System.Xml.Serialization, Version=4.0.0.0, Culture=neutral, PublicKeyToken=b77a5c561934e089".
             Resolved file path is "/Users/dacanetdev/.nuget/packages/microsoft.netcore.app.ref/8.0.13/ref/net8.0/System.Xml.Serialization.dll".
             Reference found at search path location "{RawFileName}".
             This reference is not "CopyLocal" because at least one source item had "Private" set to "false" and no source items had "Private" set to "true".
             The ImageRuntimeVersion for this reference is "".
         Primary reference "System.Xml.XDocument, Version=8.0.0.0, Culture=neutral, PublicKeyToken=b03f5f7f11d50a3a".
             Resolved file path is "/Users/dacanetdev/.nuget/packages/microsoft.netcore.app.ref/8.0.13/ref/net8.0/System.Xml.XDocument.dll".
             Reference found at search path location "{RawFileName}".
             This reference is not "CopyLocal" because at least one source item had "Private" set to "false" and no source items had "Private" set to "true".
             The ImageRuntimeVersion for this reference is "".
         Primary reference "System.Xml.XPath.XDocument, Version=8.0.0.0, Culture=neutral, PublicKeyToken=b03f5f7f11d50a3a".
             Resolved file path is "/Users/dacanetdev/.nuget/packages/microsoft.netcore.app.ref/8.0.13/ref/net8.0/System.Xml.XPath.XDocument.dll".
             Reference found at search path location "{RawFileName}".
             This reference is not "CopyLocal" because at least one source item had "Private" set to "false" and no source items had "Private" set to "true".
             The ImageRuntimeVersion for this reference is "".
         Primary reference "System.Xml.XPath, Version=8.0.0.0, Culture=neutral, PublicKeyToken=b03f5f7f11d50a3a".
             Resolved file path is "/Users/dacanetdev/.nuget/packages/microsoft.netcore.app.ref/8.0.13/ref/net8.0/System.Xml.XPath.dll".
             Reference found at search path location "{RawFileName}".
             This reference is not "CopyLocal" because at least one source item had "Private" set to "false" and no source items had "Private" set to "true".
             The ImageRuntimeVersion for this reference is "".
         Primary reference "System.Xml.XmlDocument, Version=8.0.0.0, Culture=neutral, PublicKeyToken=b03f5f7f11d50a3a".
             Resolved file path is "/Users/dacanetdev/.nuget/packages/microsoft.netcore.app.ref/8.0.13/ref/net8.0/System.Xml.XmlDocument.dll".
             Reference found at search path location "{RawFileName}".
             This reference is not "CopyLocal" because at least one source item had "Private" set to "false" and no source items had "Private" set to "true".
             The ImageRuntimeVersion for this reference is "".
         Primary reference "System.Xml.XmlSerializer, Version=8.0.0.0, Culture=neutral, PublicKeyToken=b03f5f7f11d50a3a".
             Resolved file path is "/Users/dacanetdev/.nuget/packages/microsoft.netcore.app.ref/8.0.13/ref/net8.0/System.Xml.XmlSerializer.dll".
             Reference found at search path location "{RawFileName}".
             This reference is not "CopyLocal" because at least one source item had "Private" set to "false" and no source items had "Private" set to "true".
             The ImageRuntimeVersion for this reference is "".
         Primary reference "System.Xml, Version=4.0.0.0, Culture=neutral, PublicKeyToken=b77a5c561934e089".
   4:7>Done executing task "ReadLinesFromFile".
   8:6>ResolveAssemblyReferences:
             Resolved file path is "/Users/dacanetdev/.nuget/packages/microsoft.netcore.app.ref/8.0.13/ref/net8.0/System.Xml.dll".
             Reference found at search path location "{RawFileName}".
             This reference is not "CopyLocal" because at least one source item had "Private" set to "false" and no source items had "Private" set to "true".
             The ImageRuntimeVersion for this reference is "".
         Primary reference "System, Version=4.0.0.0, Culture=neutral, PublicKeyToken=b77a5c561934e089".
             Resolved file path is "/Users/dacanetdev/.nuget/packages/microsoft.netcore.app.ref/8.0.13/ref/net8.0/System.dll".
             Reference found at search path location "{RawFileName}".
             This reference is not "CopyLocal" because at least one source item had "Private" set to "false" and no source items had "Private" set to "true".
             The ImageRuntimeVersion for this reference is "".
         Primary reference "WindowsBase, Version=4.0.0.0, Culture=neutral, PublicKeyToken=31bf3856ad364e35".
             Resolved file path is "/Users/dacanetdev/.nuget/packages/microsoft.netcore.app.ref/8.0.13/ref/net8.0/WindowsBase.dll".
             Reference found at search path location "{RawFileName}".
             This reference is not "CopyLocal" because at least one source item had "Private" set to "false" and no source items had "Private" set to "true".
             The ImageRuntimeVersion for this reference is "".
         Primary reference "mscorlib, Version=4.0.0.0, Culture=neutral, PublicKeyToken=b77a5c561934e089".
             Resolved file path is "/Users/dacanetdev/.nuget/packages/microsoft.netcore.app.ref/8.0.13/ref/net8.0/mscorlib.dll".
             Reference found at search path location "{RawFileName}".
             This reference is not "CopyLocal" because at least one source item had "Private" set to "false" and no source items had "Private" set to "true".
             The ImageRuntimeVersion for this reference is "".
         Primary reference "netstandard, Version=2.1.0.0, Culture=neutral, PublicKeyToken=cc7b13ffcd2ddd51".
             Resolved file path is "/Users/dacanetdev/.nuget/packages/microsoft.netcore.app.ref/8.0.13/ref/net8.0/netstandard.dll".
             Reference found at search path location "{RawFileName}".
             This reference is not "CopyLocal" because at least one source item had "Private" set to "false" and no source items had "Private" set to "true".
             The ImageRuntimeVersion for this reference is "".
   4:7>Task "ConvertToAbsolutePath"
   8:6>ResolveAssemblyReferences:
         Primary reference "Microsoft.AspNetCore.Antiforgery, Version=8.0.0.0, Culture=neutral, PublicKeyToken=adb9793829ddae60".
             Resolved file path is "/Users/dacanetdev/.nuget/packages/microsoft.aspnetcore.app.ref/8.0.13/ref/net8.0/Microsoft.AspNetCore.Antiforgery.dll".
             Reference found at search path location "{RawFileName}".
             This reference is not "CopyLocal" because at least one source item had "Private" set to "false" and no source items had "Private" set to "true".
             The ImageRuntimeVersion for this reference is "".
         Primary reference "Microsoft.AspNetCore.Authentication.Abstractions, Version=8.0.0.0, Culture=neutral, PublicKeyToken=adb9793829ddae60".
             Resolved file path is "/Users/dacanetdev/.nuget/packages/microsoft.aspnetcore.app.ref/8.0.13/ref/net8.0/Microsoft.AspNetCore.Authentication.Abstractions.dll".
             Reference found at search path location "{RawFileName}".
             This reference is not "CopyLocal" because at least one source item had "Private" set to "false" and no source items had "Private" set to "true".
             The ImageRuntimeVersion for this reference is "".
         Primary reference "Microsoft.AspNetCore.Authentication.BearerToken, Version=8.0.0.0, Culture=neutral, PublicKeyToken=adb9793829ddae60".
             Resolved file path is "/Users/dacanetdev/.nuget/packages/microsoft.aspnetcore.app.ref/8.0.13/ref/net8.0/Microsoft.AspNetCore.Authentication.BearerToken.dll".
             Reference found at search path location "{RawFileName}".
             This reference is not "CopyLocal" because at least one source item had "Private" set to "false" and no source items had "Private" set to "true".
             The ImageRuntimeVersion for this reference is "".
         Primary reference "Microsoft.AspNetCore.Authentication.Cookies, Version=8.0.0.0, Culture=neutral, PublicKeyToken=adb9793829ddae60".
             Resolved file path is "/Users/dacanetdev/.nuget/packages/microsoft.aspnetcore.app.ref/8.0.13/ref/net8.0/Microsoft.AspNetCore.Authentication.Cookies.dll".
             Reference found at search path location "{RawFileName}".
             This reference is not "CopyLocal" because at least one source item had "Private" set to "false" and no source items had "Private" set to "true".
             The ImageRuntimeVersion for this reference is "".
         Primary reference "Microsoft.AspNetCore.Authentication.Core, Version=8.0.0.0, Culture=neutral, PublicKeyToken=adb9793829ddae60".
             Resolved file path is "/Users/dacanetdev/.nuget/packages/microsoft.aspnetcore.app.ref/8.0.13/ref/net8.0/Microsoft.AspNetCore.Authentication.Core.dll".
             Reference found at search path location "{RawFileName}".
             This reference is not "CopyLocal" because at least one source item had "Private" set to "false" and no source items had "Private" set to "true".
   4:7>Done executing task "ConvertToAbsolutePath".
   8:6>ResolveAssemblyReferences:
             The ImageRuntimeVersion for this reference is "".
         Primary reference "Microsoft.AspNetCore.Authentication.OAuth, Version=8.0.0.0, Culture=neutral, PublicKeyToken=adb9793829ddae60".
             Resolved file path is "/Users/dacanetdev/.nuget/packages/microsoft.aspnetcore.app.ref/8.0.13/ref/net8.0/Microsoft.AspNetCore.Authentication.OAuth.dll".
             Reference found at search path location "{RawFileName}".
             This reference is not "CopyLocal" because at least one source item had "Private" set to "false" and no source items had "Private" set to "true".
             The ImageRuntimeVersion for this reference is "".
         Primary reference "Microsoft.AspNetCore.Authentication, Version=8.0.0.0, Culture=neutral, PublicKeyToken=adb9793829ddae60".
             Resolved file path is "/Users/dacanetdev/.nuget/packages/microsoft.aspnetcore.app.ref/8.0.13/ref/net8.0/Microsoft.AspNetCore.Authentication.dll".
             Reference found at search path location "{RawFileName}".
             This reference is not "CopyLocal" because at least one source item had "Private" set to "false" and no source items had "Private" set to "true".
             The ImageRuntimeVersion for this reference is "".
         Primary reference "Microsoft.AspNetCore.Authorization.Policy, Version=8.0.0.0, Culture=neutral, PublicKeyToken=adb9793829ddae60".
             Resolved file path is "/Users/dacanetdev/.nuget/packages/microsoft.aspnetcore.app.ref/8.0.13/ref/net8.0/Microsoft.AspNetCore.Authorization.Policy.dll".
             Reference found at search path location "{RawFileName}".
             This reference is not "CopyLocal" because at least one source item had "Private" set to "false" and no source items had "Private" set to "true".
             The ImageRuntimeVersion for this reference is "".
         Primary reference "Microsoft.AspNetCore.Authorization, Version=8.0.0.0, Culture=neutral, PublicKeyToken=adb9793829ddae60".
             Resolved file path is "/Users/dacanetdev/.nuget/packages/microsoft.aspnetcore.app.ref/8.0.13/ref/net8.0/Microsoft.AspNetCore.Authorization.dll".
             Reference found at search path location "{RawFileName}".
             This reference is not "CopyLocal" because at least one source item had "Private" set to "false" and no source items had "Private" set to "true".
             The ImageRuntimeVersion for this reference is "".
         Primary reference "Microsoft.AspNetCore.Components.Authorization, Version=8.0.0.0, Culture=neutral, PublicKeyToken=adb9793829ddae60".
             Resolved file path is "/Users/dacanetdev/.nuget/packages/microsoft.aspnetcore.app.ref/8.0.13/ref/net8.0/Microsoft.AspNetCore.Components.Authorization.dll".
             Reference found at search path location "{RawFileName}".
             This reference is not "CopyLocal" because at least one source item had "Private" set to "false" and no source items had "Private" set to "true".
             The ImageRuntimeVersion for this reference is "".
         Primary reference "Microsoft.AspNetCore.Components.Endpoints, Version=8.0.0.0, Culture=neutral, PublicKeyToken=adb9793829ddae60".
             Resolved file path is "/Users/dacanetdev/.nuget/packages/microsoft.aspnetcore.app.ref/8.0.13/ref/net8.0/Microsoft.AspNetCore.Components.Endpoints.dll".
             Reference found at search path location "{RawFileName}".
             This reference is not "CopyLocal" because at least one source item had "Private" set to "false" and no source items had "Private" set to "true".
             The ImageRuntimeVersion for this reference is "".
         Primary reference "Microsoft.AspNetCore.Components.Forms, Version=8.0.0.0, Culture=neutral, PublicKeyToken=adb9793829ddae60".
             Resolved file path is "/Users/dacanetdev/.nuget/packages/microsoft.aspnetcore.app.ref/8.0.13/ref/net8.0/Microsoft.AspNetCore.Components.Forms.dll".
             Reference found at search path location "{RawFileName}".
             This reference is not "CopyLocal" because at least one source item had "Private" set to "false" and no source items had "Private" set to "true".
             The ImageRuntimeVersion for this reference is "".
         Primary reference "Microsoft.AspNetCore.Components.Server, Version=8.0.0.0, Culture=neutral, PublicKeyToken=adb9793829ddae60".
             Resolved file path is "/Users/dacanetdev/.nuget/packages/microsoft.aspnetcore.app.ref/8.0.13/ref/net8.0/Microsoft.AspNetCore.Components.Server.dll".
             Reference found at search path location "{RawFileName}".
             This reference is not "CopyLocal" because at least one source item had "Private" set to "false" and no source items had "Private" set to "true".
             The ImageRuntimeVersion for this reference is "".
         Primary reference "Microsoft.AspNetCore.Components.Web, Version=8.0.0.0, Culture=neutral, PublicKeyToken=adb9793829ddae60".
             Resolved file path is "/Users/dacanetdev/.nuget/packages/microsoft.aspnetcore.app.ref/8.0.13/ref/net8.0/Microsoft.AspNetCore.Components.Web.dll".
             Reference found at search path location "{RawFileName}".
             This reference is not "CopyLocal" because at least one source item had "Private" set to "false" and no source items had "Private" set to "true".
             The ImageRuntimeVersion for this reference is "".
         Primary reference "Microsoft.AspNetCore.Components, Version=8.0.0.0, Culture=neutral, PublicKeyToken=adb9793829ddae60".
             Resolved file path is "/Users/dacanetdev/.nuget/packages/microsoft.aspnetcore.app.ref/8.0.13/ref/net8.0/Microsoft.AspNetCore.Components.dll".
             Reference found at search path location "{RawFileName}".
             This reference is not "CopyLocal" because at least one source item had "Private" set to "false" and no source items had "Private" set to "true".
             The ImageRuntimeVersion for this reference is "".
         Primary reference "Microsoft.AspNetCore.Connections.Abstractions, Version=8.0.0.0, Culture=neutral, PublicKeyToken=adb9793829ddae60".
             Resolved file path is "/Users/dacanetdev/.nuget/packages/microsoft.aspnetcore.app.ref/8.0.13/ref/net8.0/Microsoft.AspNetCore.Connections.Abstractions.dll".
             Reference found at search path location "{RawFileName}".
             This reference is not "CopyLocal" because at least one source item had "Private" set to "false" and no source items had "Private" set to "true".
             The ImageRuntimeVersion for this reference is "".
         Primary reference "Microsoft.AspNetCore.CookiePolicy, Version=8.0.0.0, Culture=neutral, PublicKeyToken=adb9793829ddae60".
             Resolved file path is "/Users/dacanetdev/.nuget/packages/microsoft.aspnetcore.app.ref/8.0.13/ref/net8.0/Microsoft.AspNetCore.CookiePolicy.dll".
             Reference found at search path location "{RawFileName}".
             This reference is not "CopyLocal" because at least one source item had "Private" set to "false" and no source items had "Private" set to "true".
             The ImageRuntimeVersion for this reference is "".
         Primary reference "Microsoft.AspNetCore.Cors, Version=8.0.0.0, Culture=neutral, PublicKeyToken=adb9793829ddae60".
             Resolved file path is "/Users/dacanetdev/.nuget/packages/microsoft.aspnetcore.app.ref/8.0.13/ref/net8.0/Microsoft.AspNetCore.Cors.dll".
             Reference found at search path location "{RawFileName}".
             This reference is not "CopyLocal" because at least one source item had "Private" set to "false" and no source items had "Private" set to "true".
             The ImageRuntimeVersion for this reference is "".
         Primary reference "Microsoft.AspNetCore.Cryptography.Internal, Version=8.0.0.0, Culture=neutral, PublicKeyToken=adb9793829ddae60".
             Resolved file path is "/Users/dacanetdev/.nuget/packages/microsoft.aspnetcore.app.ref/8.0.13/ref/net8.0/Microsoft.AspNetCore.Cryptography.Internal.dll".
             Reference found at search path location "{RawFileName}".
             This reference is not "CopyLocal" because at least one source item had "Private" set to "false" and no source items had "Private" set to "true".
             The ImageRuntimeVersion for this reference is "".
         Primary reference "Microsoft.AspNetCore.Cryptography.KeyDerivation, Version=8.0.0.0, Culture=neutral, PublicKeyToken=adb9793829ddae60".
             Resolved file path is "/Users/dacanetdev/.nuget/packages/microsoft.aspnetcore.app.ref/8.0.13/ref/net8.0/Microsoft.AspNetCore.Cryptography.KeyDerivation.dll".
             Reference found at search path location "{RawFileName}".
             This reference is not "CopyLocal" because at least one source item had "Private" set to "false" and no source items had "Private" set to "true".
             The ImageRuntimeVersion for this reference is "".
         Primary reference "Microsoft.AspNetCore.DataProtection.Abstractions, Version=8.0.0.0, Culture=neutral, PublicKeyToken=adb9793829ddae60".
             Resolved file path is "/Users/dacanetdev/.nuget/packages/microsoft.aspnetcore.app.ref/8.0.13/ref/net8.0/Microsoft.AspNetCore.DataProtection.Abstractions.dll".
             Reference found at search path location "{RawFileName}".
   4:7>_CleanGetCurrentAndPriorFileWrites:
       Using "FindUnderPath" task from assembly "Microsoft.Build.Tasks.Core, Version=15.1.0.0, Culture=neutral, PublicKeyToken=b03f5f7f11d50a3a".
       Task "FindUnderPath"
   8:6>ResolveAssemblyReferences:
             This reference is not "CopyLocal" because at least one source item had "Private" set to "false" and no source items had "Private" set to "true".
             The ImageRuntimeVersion for this reference is "".
         Primary reference "Microsoft.AspNetCore.DataProtection.Extensions, Version=8.0.0.0, Culture=neutral, PublicKeyToken=adb9793829ddae60".
             Resolved file path is "/Users/dacanetdev/.nuget/packages/microsoft.aspnetcore.app.ref/8.0.13/ref/net8.0/Microsoft.AspNetCore.DataProtection.Extensions.dll".
             Reference found at search path location "{RawFileName}".
             This reference is not "CopyLocal" because at least one source item had "Private" set to "false" and no source items had "Private" set to "true".
             The ImageRuntimeVersion for this reference is "".
         Primary reference "Microsoft.AspNetCore.DataProtection, Version=8.0.0.0, Culture=neutral, PublicKeyToken=adb9793829ddae60".
             Resolved file path is "/Users/dacanetdev/.nuget/packages/microsoft.aspnetcore.app.ref/8.0.13/ref/net8.0/Microsoft.AspNetCore.DataProtection.dll".
             Reference found at search path location "{RawFileName}".
             This reference is not "CopyLocal" because at least one source item had "Private" set to "false" and no source items had "Private" set to "true".
             The ImageRuntimeVersion for this reference is "".
         Primary reference "Microsoft.AspNetCore.Diagnostics.Abstractions, Version=8.0.0.0, Culture=neutral, PublicKeyToken=adb9793829ddae60".
             Resolved file path is "/Users/dacanetdev/.nuget/packages/microsoft.aspnetcore.app.ref/8.0.13/ref/net8.0/Microsoft.AspNetCore.Diagnostics.Abstractions.dll".
             Reference found at search path location "{RawFileName}".
             This reference is not "CopyLocal" because at least one source item had "Private" set to "false" and no source items had "Private" set to "true".
             The ImageRuntimeVersion for this reference is "".
         Primary reference "Microsoft.AspNetCore.Diagnostics.HealthChecks, Version=8.0.0.0, Culture=neutral, PublicKeyToken=adb9793829ddae60".
             Resolved file path is "/Users/dacanetdev/.nuget/packages/microsoft.aspnetcore.app.ref/8.0.13/ref/net8.0/Microsoft.AspNetCore.Diagnostics.HealthChecks.dll".
             Reference found at search path location "{RawFileName}".
             This reference is not "CopyLocal" because at least one source item had "Private" set to "false" and no source items had "Private" set to "true".
             The ImageRuntimeVersion for this reference is "".
         Primary reference "Microsoft.AspNetCore.Diagnostics, Version=8.0.0.0, Culture=neutral, PublicKeyToken=adb9793829ddae60".
             Resolved file path is "/Users/dacanetdev/.nuget/packages/microsoft.aspnetcore.app.ref/8.0.13/ref/net8.0/Microsoft.AspNetCore.Diagnostics.dll".
             Reference found at search path location "{RawFileName}".
             This reference is not "CopyLocal" because at least one source item had "Private" set to "false" and no source items had "Private" set to "true".
             The ImageRuntimeVersion for this reference is "".
         Primary reference "Microsoft.AspNetCore.HostFiltering, Version=8.0.0.0, Culture=neutral, PublicKeyToken=adb9793829ddae60".
             Resolved file path is "/Users/dacanetdev/.nuget/packages/microsoft.aspnetcore.app.ref/8.0.13/ref/net8.0/Microsoft.AspNetCore.HostFiltering.dll".
             Reference found at search path location "{RawFileName}".
             This reference is not "CopyLocal" because at least one source item had "Private" set to "false" and no source items had "Private" set to "true".
             The ImageRuntimeVersion for this reference is "".
         Primary reference "Microsoft.AspNetCore.Hosting.Abstractions, Version=8.0.0.0, Culture=neutral, PublicKeyToken=adb9793829ddae60".
             Resolved file path is "/Users/dacanetdev/.nuget/packages/microsoft.aspnetcore.app.ref/8.0.13/ref/net8.0/Microsoft.AspNetCore.Hosting.Abstractions.dll".
             Reference found at search path location "{RawFileName}".
             This reference is not "CopyLocal" because at least one source item had "Private" set to "false" and no source items had "Private" set to "true".
             The ImageRuntimeVersion for this reference is "".
   4:7>_CleanGetCurrentAndPriorFileWrites:
         Comparison path is "/Users/dacanetdev/Dev/AIGenerated/RoadmapSkills/src/Modules/Users/DeventSoft.RoadmapSkills.Users.Infrastructure".
   8:6>ResolveAssemblyReferences:
         Primary reference "Microsoft.AspNetCore.Hosting.Server.Abstractions, Version=8.0.0.0, Culture=neutral, PublicKeyToken=adb9793829ddae60".
             Resolved file path is "/Users/dacanetdev/.nuget/packages/microsoft.aspnetcore.app.ref/8.0.13/ref/net8.0/Microsoft.AspNetCore.Hosting.Server.Abstractions.dll".
             Reference found at search path location "{RawFileName}".
             This reference is not "CopyLocal" because at least one source item had "Private" set to "false" and no source items had "Private" set to "true".
             The ImageRuntimeVersion for this reference is "".
         Primary reference "Microsoft.AspNetCore.Hosting, Version=8.0.0.0, Culture=neutral, PublicKeyToken=adb9793829ddae60".
             Resolved file path is "/Users/dacanetdev/.nuget/packages/microsoft.aspnetcore.app.ref/8.0.13/ref/net8.0/Microsoft.AspNetCore.Hosting.dll".
             Reference found at search path location "{RawFileName}".
             This reference is not "CopyLocal" because at least one source item had "Private" set to "false" and no source items had "Private" set to "true".
             The ImageRuntimeVersion for this reference is "".
         Primary reference "Microsoft.AspNetCore.Html.Abstractions, Version=8.0.0.0, Culture=neutral, PublicKeyToken=adb9793829ddae60".
             Resolved file path is "/Users/dacanetdev/.nuget/packages/microsoft.aspnetcore.app.ref/8.0.13/ref/net8.0/Microsoft.AspNetCore.Html.Abstractions.dll".
             Reference found at search path location "{RawFileName}".
             This reference is not "CopyLocal" because at least one source item had "Private" set to "false" and no source items had "Private" set to "true".
             The ImageRuntimeVersion for this reference is "".
         Primary reference "Microsoft.AspNetCore.Http.Abstractions, Version=8.0.0.0, Culture=neutral, PublicKeyToken=adb9793829ddae60".
             Resolved file path is "/Users/dacanetdev/.nuget/packages/microsoft.aspnetcore.app.ref/8.0.13/ref/net8.0/Microsoft.AspNetCore.Http.Abstractions.dll".
             Reference found at search path location "{RawFileName}".
             This reference is not "CopyLocal" because at least one source item had "Private" set to "false" and no source items had "Private" set to "true".
             The ImageRuntimeVersion for this reference is "".
         Primary reference "Microsoft.AspNetCore.Http.Connections.Common, Version=8.0.0.0, Culture=neutral, PublicKeyToken=adb9793829ddae60".
             Resolved file path is "/Users/dacanetdev/.nuget/packages/microsoft.aspnetcore.app.ref/8.0.13/ref/net8.0/Microsoft.AspNetCore.Http.Connections.Common.dll".
             Reference found at search path location "{RawFileName}".
             This reference is not "CopyLocal" because at least one source item had "Private" set to "false" and no source items had "Private" set to "true".
             The ImageRuntimeVersion for this reference is "".
         Primary reference "Microsoft.AspNetCore.Http.Connections, Version=8.0.0.0, Culture=neutral, PublicKeyToken=adb9793829ddae60".
             Resolved file path is "/Users/dacanetdev/.nuget/packages/microsoft.aspnetcore.app.ref/8.0.13/ref/net8.0/Microsoft.AspNetCore.Http.Connections.dll".
             Reference found at search path location "{RawFileName}".
             This reference is not "CopyLocal" because at least one source item had "Private" set to "false" and no source items had "Private" set to "true".
             The ImageRuntimeVersion for this reference is "".
         Primary reference "Microsoft.AspNetCore.Http.Extensions, Version=8.0.0.0, Culture=neutral, PublicKeyToken=adb9793829ddae60".
   4:7>Done executing task "FindUnderPath".
   8:6>ResolveAssemblyReferences:
             Resolved file path is "/Users/dacanetdev/.nuget/packages/microsoft.aspnetcore.app.ref/8.0.13/ref/net8.0/Microsoft.AspNetCore.Http.Extensions.dll".
             Reference found at search path location "{RawFileName}".
             This reference is not "CopyLocal" because at least one source item had "Private" set to "false" and no source items had "Private" set to "true".
             The ImageRuntimeVersion for this reference is "".
         Primary reference "Microsoft.AspNetCore.Http.Features, Version=8.0.0.0, Culture=neutral, PublicKeyToken=adb9793829ddae60".
             Resolved file path is "/Users/dacanetdev/.nuget/packages/microsoft.aspnetcore.app.ref/8.0.13/ref/net8.0/Microsoft.AspNetCore.Http.Features.dll".
             Reference found at search path location "{RawFileName}".
             This reference is not "CopyLocal" because at least one source item had "Private" set to "false" and no source items had "Private" set to "true".
   4:7>Task "FindUnderPath"
   8:6>ResolveAssemblyReferences:
             The ImageRuntimeVersion for this reference is "".
         Primary reference "Microsoft.AspNetCore.Http.Results, Version=8.0.0.0, Culture=neutral, PublicKeyToken=adb9793829ddae60".
             Resolved file path is "/Users/dacanetdev/.nuget/packages/microsoft.aspnetcore.app.ref/8.0.13/ref/net8.0/Microsoft.AspNetCore.Http.Results.dll".
             Reference found at search path location "{RawFileName}".
             This reference is not "CopyLocal" because at least one source item had "Private" set to "false" and no source items had "Private" set to "true".
             The ImageRuntimeVersion for this reference is "".
         Primary reference "Microsoft.AspNetCore.Http, Version=8.0.0.0, Culture=neutral, PublicKeyToken=adb9793829ddae60".
             Resolved file path is "/Users/dacanetdev/.nuget/packages/microsoft.aspnetcore.app.ref/8.0.13/ref/net8.0/Microsoft.AspNetCore.Http.dll".
             Reference found at search path location "{RawFileName}".
             This reference is not "CopyLocal" because at least one source item had "Private" set to "false" and no source items had "Private" set to "true".
             The ImageRuntimeVersion for this reference is "".
         Primary reference "Microsoft.AspNetCore.HttpLogging, Version=8.0.0.0, Culture=neutral, PublicKeyToken=adb9793829ddae60".
             Resolved file path is "/Users/dacanetdev/.nuget/packages/microsoft.aspnetcore.app.ref/8.0.13/ref/net8.0/Microsoft.AspNetCore.HttpLogging.dll".
             Reference found at search path location "{RawFileName}".
             This reference is not "CopyLocal" because at least one source item had "Private" set to "false" and no source items had "Private" set to "true".
             The ImageRuntimeVersion for this reference is "".
         Primary reference "Microsoft.AspNetCore.HttpOverrides, Version=8.0.0.0, Culture=neutral, PublicKeyToken=adb9793829ddae60".
             Resolved file path is "/Users/dacanetdev/.nuget/packages/microsoft.aspnetcore.app.ref/8.0.13/ref/net8.0/Microsoft.AspNetCore.HttpOverrides.dll".
             Reference found at search path location "{RawFileName}".
             This reference is not "CopyLocal" because at least one source item had "Private" set to "false" and no source items had "Private" set to "true".
             The ImageRuntimeVersion for this reference is "".
         Primary reference "Microsoft.AspNetCore.HttpsPolicy, Version=8.0.0.0, Culture=neutral, PublicKeyToken=adb9793829ddae60".
             Resolved file path is "/Users/dacanetdev/.nuget/packages/microsoft.aspnetcore.app.ref/8.0.13/ref/net8.0/Microsoft.AspNetCore.HttpsPolicy.dll".
             Reference found at search path location "{RawFileName}".
             This reference is not "CopyLocal" because at least one source item had "Private" set to "false" and no source items had "Private" set to "true".
             The ImageRuntimeVersion for this reference is "".
         Primary reference "Microsoft.AspNetCore.Identity, Version=8.0.0.0, Culture=neutral, PublicKeyToken=adb9793829ddae60".
             Resolved file path is "/Users/dacanetdev/.nuget/packages/microsoft.aspnetcore.app.ref/8.0.13/ref/net8.0/Microsoft.AspNetCore.Identity.dll".
             Reference found at search path location "{RawFileName}".
             This reference is not "CopyLocal" because at least one source item had "Private" set to "false" and no source items had "Private" set to "true".
             The ImageRuntimeVersion for this reference is "".
         Primary reference "Microsoft.AspNetCore.Localization.Routing, Version=8.0.0.0, Culture=neutral, PublicKeyToken=adb9793829ddae60".
             Resolved file path is "/Users/dacanetdev/.nuget/packages/microsoft.aspnetcore.app.ref/8.0.13/ref/net8.0/Microsoft.AspNetCore.Localization.Routing.dll".
             Reference found at search path location "{RawFileName}".
             This reference is not "CopyLocal" because at least one source item had "Private" set to "false" and no source items had "Private" set to "true".
             The ImageRuntimeVersion for this reference is "".
         Primary reference "Microsoft.AspNetCore.Localization, Version=8.0.0.0, Culture=neutral, PublicKeyToken=adb9793829ddae60".
             Resolved file path is "/Users/dacanetdev/.nuget/packages/microsoft.aspnetcore.app.ref/8.0.13/ref/net8.0/Microsoft.AspNetCore.Localization.dll".
             Reference found at search path location "{RawFileName}".
             This reference is not "CopyLocal" because at least one source item had "Private" set to "false" and no source items had "Private" set to "true".
             The ImageRuntimeVersion for this reference is "".
         Primary reference "Microsoft.AspNetCore.Metadata, Version=8.0.0.0, Culture=neutral, PublicKeyToken=adb9793829ddae60".
             Resolved file path is "/Users/dacanetdev/.nuget/packages/microsoft.aspnetcore.app.ref/8.0.13/ref/net8.0/Microsoft.AspNetCore.Metadata.dll".
             Reference found at search path location "{RawFileName}".
             This reference is not "CopyLocal" because at least one source item had "Private" set to "false" and no source items had "Private" set to "true".
             The ImageRuntimeVersion for this reference is "".
         Primary reference "Microsoft.AspNetCore.Mvc.Abstractions, Version=8.0.0.0, Culture=neutral, PublicKeyToken=adb9793829ddae60".
             Resolved file path is "/Users/dacanetdev/.nuget/packages/microsoft.aspnetcore.app.ref/8.0.13/ref/net8.0/Microsoft.AspNetCore.Mvc.Abstractions.dll".
             Reference found at search path location "{RawFileName}".
             This reference is not "CopyLocal" because at least one source item had "Private" set to "false" and no source items had "Private" set to "true".
             The ImageRuntimeVersion for this reference is "".
         Primary reference "Microsoft.AspNetCore.Mvc.ApiExplorer, Version=8.0.0.0, Culture=neutral, PublicKeyToken=adb9793829ddae60".
             Resolved file path is "/Users/dacanetdev/.nuget/packages/microsoft.aspnetcore.app.ref/8.0.13/ref/net8.0/Microsoft.AspNetCore.Mvc.ApiExplorer.dll".
             Reference found at search path location "{RawFileName}".
             This reference is not "CopyLocal" because at least one source item had "Private" set to "false" and no source items had "Private" set to "true".
             The ImageRuntimeVersion for this reference is "".
         Primary reference "Microsoft.AspNetCore.Mvc.Core, Version=8.0.0.0, Culture=neutral, PublicKeyToken=adb9793829ddae60".
             Resolved file path is "/Users/dacanetdev/.nuget/packages/microsoft.aspnetcore.app.ref/8.0.13/ref/net8.0/Microsoft.AspNetCore.Mvc.Core.dll".
             Reference found at search path location "{RawFileName}".
             This reference is not "CopyLocal" because at least one source item had "Private" set to "false" and no source items had "Private" set to "true".
             The ImageRuntimeVersion for this reference is "".
         Primary reference "Microsoft.AspNetCore.Mvc.Cors, Version=8.0.0.0, Culture=neutral, PublicKeyToken=adb9793829ddae60".
             Resolved file path is "/Users/dacanetdev/.nuget/packages/microsoft.aspnetcore.app.ref/8.0.13/ref/net8.0/Microsoft.AspNetCore.Mvc.Cors.dll".
             Reference found at search path location "{RawFileName}".
             This reference is not "CopyLocal" because at least one source item had "Private" set to "false" and no source items had "Private" set to "true".
             The ImageRuntimeVersion for this reference is "".
         Primary reference "Microsoft.AspNetCore.Mvc.DataAnnotations, Version=8.0.0.0, Culture=neutral, PublicKeyToken=adb9793829ddae60".
             Resolved file path is "/Users/dacanetdev/.nuget/packages/microsoft.aspnetcore.app.ref/8.0.13/ref/net8.0/Microsoft.AspNetCore.Mvc.DataAnnotations.dll".
             Reference found at search path location "{RawFileName}".
             This reference is not "CopyLocal" because at least one source item had "Private" set to "false" and no source items had "Private" set to "true".
             The ImageRuntimeVersion for this reference is "".
         Primary reference "Microsoft.AspNetCore.Mvc.Formatters.Json, Version=8.0.0.0, Culture=neutral, PublicKeyToken=adb9793829ddae60".
             Resolved file path is "/Users/dacanetdev/.nuget/packages/microsoft.aspnetcore.app.ref/8.0.13/ref/net8.0/Microsoft.AspNetCore.Mvc.Formatters.Json.dll".
             Reference found at search path location "{RawFileName}".
             This reference is not "CopyLocal" because at least one source item had "Private" set to "false" and no source items had "Private" set to "true".
             The ImageRuntimeVersion for this reference is "".
         Primary reference "Microsoft.AspNetCore.Mvc.Formatters.Xml, Version=8.0.0.0, Culture=neutral, PublicKeyToken=adb9793829ddae60".
             Resolved file path is "/Users/dacanetdev/.nuget/packages/microsoft.aspnetcore.app.ref/8.0.13/ref/net8.0/Microsoft.AspNetCore.Mvc.Formatters.Xml.dll".
             Reference found at search path location "{RawFileName}".
             This reference is not "CopyLocal" because at least one source item had "Private" set to "false" and no source items had "Private" set to "true".
             The ImageRuntimeVersion for this reference is "".
         Primary reference "Microsoft.AspNetCore.Mvc.Localization, Version=8.0.0.0, Culture=neutral, PublicKeyToken=adb9793829ddae60".
             Resolved file path is "/Users/dacanetdev/.nuget/packages/microsoft.aspnetcore.app.ref/8.0.13/ref/net8.0/Microsoft.AspNetCore.Mvc.Localization.dll".
             Reference found at search path location "{RawFileName}".
             This reference is not "CopyLocal" because at least one source item had "Private" set to "false" and no source items had "Private" set to "true".
             The ImageRuntimeVersion for this reference is "".
         Primary reference "Microsoft.AspNetCore.Mvc.Razor, Version=8.0.0.0, Culture=neutral, PublicKeyToken=adb9793829ddae60".
             Resolved file path is "/Users/dacanetdev/.nuget/packages/microsoft.aspnetcore.app.ref/8.0.13/ref/net8.0/Microsoft.AspNetCore.Mvc.Razor.dll".
             Reference found at search path location "{RawFileName}".
             This reference is not "CopyLocal" because at least one source item had "Private" set to "false" and no source items had "Private" set to "true".
             The ImageRuntimeVersion for this reference is "".
         Primary reference "Microsoft.AspNetCore.Mvc.RazorPages, Version=8.0.0.0, Culture=neutral, PublicKeyToken=adb9793829ddae60".
             Resolved file path is "/Users/dacanetdev/.nuget/packages/microsoft.aspnetcore.app.ref/8.0.13/ref/net8.0/Microsoft.AspNetCore.Mvc.RazorPages.dll".
             Reference found at search path location "{RawFileName}".
             This reference is not "CopyLocal" because at least one source item had "Private" set to "false" and no source items had "Private" set to "true".
             The ImageRuntimeVersion for this reference is "".
         Primary reference "Microsoft.AspNetCore.Mvc.TagHelpers, Version=8.0.0.0, Culture=neutral, PublicKeyToken=adb9793829ddae60".
             Resolved file path is "/Users/dacanetdev/.nuget/packages/microsoft.aspnetcore.app.ref/8.0.13/ref/net8.0/Microsoft.AspNetCore.Mvc.TagHelpers.dll".
             Reference found at search path location "{RawFileName}".
             This reference is not "CopyLocal" because at least one source item had "Private" set to "false" and no source items had "Private" set to "true".
             The ImageRuntimeVersion for this reference is "".
         Primary reference "Microsoft.AspNetCore.Mvc.ViewFeatures, Version=8.0.0.0, Culture=neutral, PublicKeyToken=adb9793829ddae60".
             Resolved file path is "/Users/dacanetdev/.nuget/packages/microsoft.aspnetcore.app.ref/8.0.13/ref/net8.0/Microsoft.AspNetCore.Mvc.ViewFeatures.dll".
             Reference found at search path location "{RawFileName}".
             This reference is not "CopyLocal" because at least one source item had "Private" set to "false" and no source items had "Private" set to "true".
             The ImageRuntimeVersion for this reference is "".
         Primary reference "Microsoft.AspNetCore.Mvc, Version=8.0.0.0, Culture=neutral, PublicKeyToken=adb9793829ddae60".
             Resolved file path is "/Users/dacanetdev/.nuget/packages/microsoft.aspnetcore.app.ref/8.0.13/ref/net8.0/Microsoft.AspNetCore.Mvc.dll".
             Reference found at search path location "{RawFileName}".
             This reference is not "CopyLocal" because at least one source item had "Private" set to "false" and no source items had "Private" set to "true".
             The ImageRuntimeVersion for this reference is "".
         Primary reference "Microsoft.AspNetCore.OutputCaching, Version=8.0.0.0, Culture=neutral, PublicKeyToken=adb9793829ddae60".
             Resolved file path is "/Users/dacanetdev/.nuget/packages/microsoft.aspnetcore.app.ref/8.0.13/ref/net8.0/Microsoft.AspNetCore.OutputCaching.dll".
             Reference found at search path location "{RawFileName}".
             This reference is not "CopyLocal" because at least one source item had "Private" set to "false" and no source items had "Private" set to "true".
             The ImageRuntimeVersion for this reference is "".
         Primary reference "Microsoft.AspNetCore.RateLimiting, Version=8.0.0.0, Culture=neutral, PublicKeyToken=adb9793829ddae60".
             Resolved file path is "/Users/dacanetdev/.nuget/packages/microsoft.aspnetcore.app.ref/8.0.13/ref/net8.0/Microsoft.AspNetCore.RateLimiting.dll".
             Reference found at search path location "{RawFileName}".
             This reference is not "CopyLocal" because at least one source item had "Private" set to "false" and no source items had "Private" set to "true".
             The ImageRuntimeVersion for this reference is "".
         Primary reference "Microsoft.AspNetCore.Razor.Runtime, Version=8.0.0.0, Culture=neutral, PublicKeyToken=adb9793829ddae60".
             Resolved file path is "/Users/dacanetdev/.nuget/packages/microsoft.aspnetcore.app.ref/8.0.13/ref/net8.0/Microsoft.AspNetCore.Razor.Runtime.dll".
             Reference found at search path location "{RawFileName}".
             This reference is not "CopyLocal" because at least one source item had "Private" set to "false" and no source items had "Private" set to "true".
             The ImageRuntimeVersion for this reference is "".
         Primary reference "Microsoft.AspNetCore.Razor, Version=8.0.0.0, Culture=neutral, PublicKeyToken=adb9793829ddae60".
             Resolved file path is "/Users/dacanetdev/.nuget/packages/microsoft.aspnetcore.app.ref/8.0.13/ref/net8.0/Microsoft.AspNetCore.Razor.dll".
             Reference found at search path location "{RawFileName}".
             This reference is not "CopyLocal" because at least one source item had "Private" set to "false" and no source items had "Private" set to "true".
             The ImageRuntimeVersion for this reference is "".
         Primary reference "Microsoft.AspNetCore.RequestDecompression, Version=8.0.0.0, Culture=neutral, PublicKeyToken=adb9793829ddae60".
             Resolved file path is "/Users/dacanetdev/.nuget/packages/microsoft.aspnetcore.app.ref/8.0.13/ref/net8.0/Microsoft.AspNetCore.RequestDecompression.dll".
             Reference found at search path location "{RawFileName}".
             This reference is not "CopyLocal" because at least one source item had "Private" set to "false" and no source items had "Private" set to "true".
             The ImageRuntimeVersion for this reference is "".
         Primary reference "Microsoft.AspNetCore.ResponseCaching.Abstractions, Version=8.0.0.0, Culture=neutral, PublicKeyToken=adb9793829ddae60".
             Resolved file path is "/Users/dacanetdev/.nuget/packages/microsoft.aspnetcore.app.ref/8.0.13/ref/net8.0/Microsoft.AspNetCore.ResponseCaching.Abstractions.dll".
             Reference found at search path location "{RawFileName}".
             This reference is not "CopyLocal" because at least one source item had "Private" set to "false" and no source items had "Private" set to "true".
             The ImageRuntimeVersion for this reference is "".
         Primary reference "Microsoft.AspNetCore.ResponseCaching, Version=8.0.0.0, Culture=neutral, PublicKeyToken=adb9793829ddae60".
             Resolved file path is "/Users/dacanetdev/.nuget/packages/microsoft.aspnetcore.app.ref/8.0.13/ref/net8.0/Microsoft.AspNetCore.ResponseCaching.dll".
             Reference found at search path location "{RawFileName}".
             This reference is not "CopyLocal" because at least one source item had "Private" set to "false" and no source items had "Private" set to "true".
             The ImageRuntimeVersion for this reference is "".
         Primary reference "Microsoft.AspNetCore.ResponseCompression, Version=8.0.0.0, Culture=neutral, PublicKeyToken=adb9793829ddae60".
             Resolved file path is "/Users/dacanetdev/.nuget/packages/microsoft.aspnetcore.app.ref/8.0.13/ref/net8.0/Microsoft.AspNetCore.ResponseCompression.dll".
             Reference found at search path location "{RawFileName}".
             This reference is not "CopyLocal" because at least one source item had "Private" set to "false" and no source items had "Private" set to "true".
             The ImageRuntimeVersion for this reference is "".
         Primary reference "Microsoft.AspNetCore.Rewrite, Version=8.0.0.0, Culture=neutral, PublicKeyToken=adb9793829ddae60".
             Resolved file path is "/Users/dacanetdev/.nuget/packages/microsoft.aspnetcore.app.ref/8.0.13/ref/net8.0/Microsoft.AspNetCore.Rewrite.dll".
             Reference found at search path location "{RawFileName}".
             This reference is not "CopyLocal" because at least one source item had "Private" set to "false" and no source items had "Private" set to "true".
             The ImageRuntimeVersion for this reference is "".
         Primary reference "Microsoft.AspNetCore.Routing.Abstractions, Version=8.0.0.0, Culture=neutral, PublicKeyToken=adb9793829ddae60".
             Resolved file path is "/Users/dacanetdev/.nuget/packages/microsoft.aspnetcore.app.ref/8.0.13/ref/net8.0/Microsoft.AspNetCore.Routing.Abstractions.dll".
             Reference found at search path location "{RawFileName}".
             This reference is not "CopyLocal" because at least one source item had "Private" set to "false" and no source items had "Private" set to "true".
             The ImageRuntimeVersion for this reference is "".
         Primary reference "Microsoft.AspNetCore.Routing, Version=8.0.0.0, Culture=neutral, PublicKeyToken=adb9793829ddae60".
             Resolved file path is "/Users/dacanetdev/.nuget/packages/microsoft.aspnetcore.app.ref/8.0.13/ref/net8.0/Microsoft.AspNetCore.Routing.dll".
             Reference found at search path location "{RawFileName}".
             This reference is not "CopyLocal" because at least one source item had "Private" set to "false" and no source items had "Private" set to "true".
             The ImageRuntimeVersion for this reference is "".
         Primary reference "Microsoft.AspNetCore.Server.HttpSys, Version=8.0.0.0, Culture=neutral, PublicKeyToken=adb9793829ddae60".
             Resolved file path is "/Users/dacanetdev/.nuget/packages/microsoft.aspnetcore.app.ref/8.0.13/ref/net8.0/Microsoft.AspNetCore.Server.HttpSys.dll".
             Reference found at search path location "{RawFileName}".
             This reference is not "CopyLocal" because at least one source item had "Private" set to "false" and no source items had "Private" set to "true".
             The ImageRuntimeVersion for this reference is "".
         Primary reference "Microsoft.AspNetCore.Server.IIS, Version=8.0.0.0, Culture=neutral, PublicKeyToken=adb9793829ddae60".
             Resolved file path is "/Users/dacanetdev/.nuget/packages/microsoft.aspnetcore.app.ref/8.0.13/ref/net8.0/Microsoft.AspNetCore.Server.IIS.dll".
             Reference found at search path location "{RawFileName}".
             This reference is not "CopyLocal" because at least one source item had "Private" set to "false" and no source items had "Private" set to "true".
             The ImageRuntimeVersion for this reference is "".
         Primary reference "Microsoft.AspNetCore.Server.IISIntegration, Version=8.0.0.0, Culture=neutral, PublicKeyToken=adb9793829ddae60".
             Resolved file path is "/Users/dacanetdev/.nuget/packages/microsoft.aspnetcore.app.ref/8.0.13/ref/net8.0/Microsoft.AspNetCore.Server.IISIntegration.dll".
             Reference found at search path location "{RawFileName}".
             This reference is not "CopyLocal" because at least one source item had "Private" set to "false" and no source items had "Private" set to "true".
             The ImageRuntimeVersion for this reference is "".
         Primary reference "Microsoft.AspNetCore.Server.Kestrel.Core, Version=8.0.0.0, Culture=neutral, PublicKeyToken=adb9793829ddae60".
             Resolved file path is "/Users/dacanetdev/.nuget/packages/microsoft.aspnetcore.app.ref/8.0.13/ref/net8.0/Microsoft.AspNetCore.Server.Kestrel.Core.dll".
             Reference found at search path location "{RawFileName}".
             This reference is not "CopyLocal" because at least one source item had "Private" set to "false" and no source items had "Private" set to "true".
             The ImageRuntimeVersion for this reference is "".
         Primary reference "Microsoft.AspNetCore.Server.Kestrel.Transport.NamedPipes, Version=8.0.0.0, Culture=neutral, PublicKeyToken=adb9793829ddae60".
             Resolved file path is "/Users/dacanetdev/.nuget/packages/microsoft.aspnetcore.app.ref/8.0.13/ref/net8.0/Microsoft.AspNetCore.Server.Kestrel.Transport.NamedPipes.dll".
             Reference found at search path location "{RawFileName}".
             This reference is not "CopyLocal" because at least one source item had "Private" set to "false" and no source items had "Private" set to "true".
             The ImageRuntimeVersion for this reference is "".
   4:7>_CleanGetCurrentAndPriorFileWrites:
         Comparison path is "bin/Debug/net8.0/".
   8:6>ResolveAssemblyReferences:
         Primary reference "Microsoft.AspNetCore.Server.Kestrel.Transport.Quic, Version=8.0.0.0, Culture=neutral, PublicKeyToken=adb9793829ddae60".
             Resolved file path is "/Users/dacanetdev/.nuget/packages/microsoft.aspnetcore.app.ref/8.0.13/ref/net8.0/Microsoft.AspNetCore.Server.Kestrel.Transport.Quic.dll".
             Reference found at search path location "{RawFileName}".
             This reference is not "CopyLocal" because at least one source item had "Private" set to "false" and no source items had "Private" set to "true".
             The ImageRuntimeVersion for this reference is "".
         Primary reference "Microsoft.AspNetCore.Server.Kestrel.Transport.Sockets, Version=8.0.0.0, Culture=neutral, PublicKeyToken=adb9793829ddae60".
   4:7>Done executing task "FindUnderPath".
   8:6>ResolveAssemblyReferences:
             Resolved file path is "/Users/dacanetdev/.nuget/packages/microsoft.aspnetcore.app.ref/8.0.13/ref/net8.0/Microsoft.AspNetCore.Server.Kestrel.Transport.Sockets.dll".
             Reference found at search path location "{RawFileName}".
             This reference is not "CopyLocal" because at least one source item had "Private" set to "false" and no source items had "Private" set to "true".
             The ImageRuntimeVersion for this reference is "".
         Primary reference "Microsoft.AspNetCore.Server.Kestrel, Version=8.0.0.0, Culture=neutral, PublicKeyToken=adb9793829ddae60".
             Resolved file path is "/Users/dacanetdev/.nuget/packages/microsoft.aspnetcore.app.ref/8.0.13/ref/net8.0/Microsoft.AspNetCore.Server.Kestrel.dll".
             Reference found at search path location "{RawFileName}".
             This reference is not "CopyLocal" because at least one source item had "Private" set to "false" and no source items had "Private" set to "true".
             The ImageRuntimeVersion for this reference is "".
         Primary reference "Microsoft.AspNetCore.Session, Version=8.0.0.0, Culture=neutral, PublicKeyToken=adb9793829ddae60".
             Resolved file path is "/Users/dacanetdev/.nuget/packages/microsoft.aspnetcore.app.ref/8.0.13/ref/net8.0/Microsoft.AspNetCore.Session.dll".
             Reference found at search path location "{RawFileName}".
             This reference is not "CopyLocal" because at least one source item had "Private" set to "false" and no source items had "Private" set to "true".
             The ImageRuntimeVersion for this reference is "".
   4:7>Task "FindUnderPath"
   8:6>ResolveAssemblyReferences:
         Primary reference "Microsoft.AspNetCore.SignalR.Common, Version=8.0.0.0, Culture=neutral, PublicKeyToken=adb9793829ddae60".
             Resolved file path is "/Users/dacanetdev/.nuget/packages/microsoft.aspnetcore.app.ref/8.0.13/ref/net8.0/Microsoft.AspNetCore.SignalR.Common.dll".
             Reference found at search path location "{RawFileName}".
             This reference is not "CopyLocal" because at least one source item had "Private" set to "false" and no source items had "Private" set to "true".
             The ImageRuntimeVersion for this reference is "".
         Primary reference "Microsoft.AspNetCore.SignalR.Core, Version=8.0.0.0, Culture=neutral, PublicKeyToken=adb9793829ddae60".
             Resolved file path is "/Users/dacanetdev/.nuget/packages/microsoft.aspnetcore.app.ref/8.0.13/ref/net8.0/Microsoft.AspNetCore.SignalR.Core.dll".
             Reference found at search path location "{RawFileName}".
             This reference is not "CopyLocal" because at least one source item had "Private" set to "false" and no source items had "Private" set to "true".
             The ImageRuntimeVersion for this reference is "".
         Primary reference "Microsoft.AspNetCore.SignalR.Protocols.Json, Version=8.0.0.0, Culture=neutral, PublicKeyToken=adb9793829ddae60".
             Resolved file path is "/Users/dacanetdev/.nuget/packages/microsoft.aspnetcore.app.ref/8.0.13/ref/net8.0/Microsoft.AspNetCore.SignalR.Protocols.Json.dll".
             Reference found at search path location "{RawFileName}".
             This reference is not "CopyLocal" because at least one source item had "Private" set to "false" and no source items had "Private" set to "true".
             The ImageRuntimeVersion for this reference is "".
         Primary reference "Microsoft.AspNetCore.SignalR, Version=8.0.0.0, Culture=neutral, PublicKeyToken=adb9793829ddae60".
             Resolved file path is "/Users/dacanetdev/.nuget/packages/microsoft.aspnetcore.app.ref/8.0.13/ref/net8.0/Microsoft.AspNetCore.SignalR.dll".
             Reference found at search path location "{RawFileName}".
             This reference is not "CopyLocal" because at least one source item had "Private" set to "false" and no source items had "Private" set to "true".
             The ImageRuntimeVersion for this reference is "".
         Primary reference "Microsoft.AspNetCore.StaticFiles, Version=8.0.0.0, Culture=neutral, PublicKeyToken=adb9793829ddae60".
             Resolved file path is "/Users/dacanetdev/.nuget/packages/microsoft.aspnetcore.app.ref/8.0.13/ref/net8.0/Microsoft.AspNetCore.StaticFiles.dll".
             Reference found at search path location "{RawFileName}".
             This reference is not "CopyLocal" because at least one source item had "Private" set to "false" and no source items had "Private" set to "true".
             The ImageRuntimeVersion for this reference is "".
         Primary reference "Microsoft.AspNetCore.WebSockets, Version=8.0.0.0, Culture=neutral, PublicKeyToken=adb9793829ddae60".
             Resolved file path is "/Users/dacanetdev/.nuget/packages/microsoft.aspnetcore.app.ref/8.0.13/ref/net8.0/Microsoft.AspNetCore.WebSockets.dll".
             Reference found at search path location "{RawFileName}".
             This reference is not "CopyLocal" because at least one source item had "Private" set to "false" and no source items had "Private" set to "true".
             The ImageRuntimeVersion for this reference is "".
         Primary reference "Microsoft.AspNetCore.WebUtilities, Version=8.0.0.0, Culture=neutral, PublicKeyToken=adb9793829ddae60".
             Resolved file path is "/Users/dacanetdev/.nuget/packages/microsoft.aspnetcore.app.ref/8.0.13/ref/net8.0/Microsoft.AspNetCore.WebUtilities.dll".
             Reference found at search path location "{RawFileName}".
             This reference is not "CopyLocal" because at least one source item had "Private" set to "false" and no source items had "Private" set to "true".
             The ImageRuntimeVersion for this reference is "".
         Primary reference "Microsoft.AspNetCore, Version=8.0.0.0, Culture=neutral, PublicKeyToken=adb9793829ddae60".
             Resolved file path is "/Users/dacanetdev/.nuget/packages/microsoft.aspnetcore.app.ref/8.0.13/ref/net8.0/Microsoft.AspNetCore.dll".
             Reference found at search path location "{RawFileName}".
             This reference is not "CopyLocal" because at least one source item had "Private" set to "false" and no source items had "Private" set to "true".
             The ImageRuntimeVersion for this reference is "".
         Primary reference "Microsoft.Extensions.Caching.Abstractions, Version=8.0.0.0, Culture=neutral, PublicKeyToken=adb9793829ddae60".
             Resolved file path is "/Users/dacanetdev/.nuget/packages/microsoft.aspnetcore.app.ref/8.0.13/ref/net8.0/Microsoft.Extensions.Caching.Abstractions.dll".
             Reference found at search path location "{RawFileName}".
             This reference is not "CopyLocal" because at least one source item had "Private" set to "false" and no source items had "Private" set to "true".
             The ImageRuntimeVersion for this reference is "".
         Primary reference "Microsoft.Extensions.Caching.Memory, Version=8.0.0.0, Culture=neutral, PublicKeyToken=adb9793829ddae60".
             Resolved file path is "/Users/dacanetdev/.nuget/packages/microsoft.aspnetcore.app.ref/8.0.13/ref/net8.0/Microsoft.Extensions.Caching.Memory.dll".
             Reference found at search path location "{RawFileName}".
             This reference is not "CopyLocal" because at least one source item had "Private" set to "false" and no source items had "Private" set to "true".
             The ImageRuntimeVersion for this reference is "".
         Primary reference "Microsoft.Extensions.Configuration.Abstractions, Version=8.0.0.0, Culture=neutral, PublicKeyToken=adb9793829ddae60".
             Resolved file path is "/Users/dacanetdev/.nuget/packages/microsoft.aspnetcore.app.ref/8.0.13/ref/net8.0/Microsoft.Extensions.Configuration.Abstractions.dll".
             Reference found at search path location "{RawFileName}".
             This reference is not "CopyLocal" because at least one source item had "Private" set to "false" and no source items had "Private" set to "true".
             The ImageRuntimeVersion for this reference is "".
         Primary reference "Microsoft.Extensions.Configuration.Binder, Version=8.0.0.0, Culture=neutral, PublicKeyToken=adb9793829ddae60".
             Resolved file path is "/Users/dacanetdev/.nuget/packages/microsoft.aspnetcore.app.ref/8.0.13/ref/net8.0/Microsoft.Extensions.Configuration.Binder.dll".
             Reference found at search path location "{RawFileName}".
             This reference is not "CopyLocal" because at least one source item had "Private" set to "false" and no source items had "Private" set to "true".
             The ImageRuntimeVersion for this reference is "".
         Primary reference "Microsoft.Extensions.Configuration.CommandLine, Version=8.0.0.0, Culture=neutral, PublicKeyToken=adb9793829ddae60".
             Resolved file path is "/Users/dacanetdev/.nuget/packages/microsoft.aspnetcore.app.ref/8.0.13/ref/net8.0/Microsoft.Extensions.Configuration.CommandLine.dll".
             Reference found at search path location "{RawFileName}".
             This reference is not "CopyLocal" because at least one source item had "Private" set to "false" and no source items had "Private" set to "true".
             The ImageRuntimeVersion for this reference is "".
         Primary reference "Microsoft.Extensions.Configuration.EnvironmentVariables, Version=8.0.0.0, Culture=neutral, PublicKeyToken=adb9793829ddae60".
             Resolved file path is "/Users/dacanetdev/.nuget/packages/microsoft.aspnetcore.app.ref/8.0.13/ref/net8.0/Microsoft.Extensions.Configuration.EnvironmentVariables.dll".
             Reference found at search path location "{RawFileName}".
             This reference is not "CopyLocal" because at least one source item had "Private" set to "false" and no source items had "Private" set to "true".
             The ImageRuntimeVersion for this reference is "".
         Primary reference "Microsoft.Extensions.Configuration.FileExtensions, Version=8.0.0.0, Culture=neutral, PublicKeyToken=adb9793829ddae60".
             Resolved file path is "/Users/dacanetdev/.nuget/packages/microsoft.aspnetcore.app.ref/8.0.13/ref/net8.0/Microsoft.Extensions.Configuration.FileExtensions.dll".
             Reference found at search path location "{RawFileName}".
             This reference is not "CopyLocal" because at least one source item had "Private" set to "false" and no source items had "Private" set to "true".
             The ImageRuntimeVersion for this reference is "".
         Primary reference "Microsoft.Extensions.Configuration.Ini, Version=8.0.0.0, Culture=neutral, PublicKeyToken=adb9793829ddae60".
             Resolved file path is "/Users/dacanetdev/.nuget/packages/microsoft.aspnetcore.app.ref/8.0.13/ref/net8.0/Microsoft.Extensions.Configuration.Ini.dll".
             Reference found at search path location "{RawFileName}".
             This reference is not "CopyLocal" because at least one source item had "Private" set to "false" and no source items had "Private" set to "true".
             The ImageRuntimeVersion for this reference is "".
         Primary reference "Microsoft.Extensions.Configuration.Json, Version=8.0.0.0, Culture=neutral, PublicKeyToken=adb9793829ddae60".
             Resolved file path is "/Users/dacanetdev/.nuget/packages/microsoft.aspnetcore.app.ref/8.0.13/ref/net8.0/Microsoft.Extensions.Configuration.Json.dll".
             Reference found at search path location "{RawFileName}".
             This reference is not "CopyLocal" because at least one source item had "Private" set to "false" and no source items had "Private" set to "true".
             The ImageRuntimeVersion for this reference is "".
         Primary reference "Microsoft.Extensions.Configuration.KeyPerFile, Version=8.0.0.0, Culture=neutral, PublicKeyToken=adb9793829ddae60".
             Resolved file path is "/Users/dacanetdev/.nuget/packages/microsoft.aspnetcore.app.ref/8.0.13/ref/net8.0/Microsoft.Extensions.Configuration.KeyPerFile.dll".
             Reference found at search path location "{RawFileName}".
             This reference is not "CopyLocal" because at least one source item had "Private" set to "false" and no source items had "Private" set to "true".
             The ImageRuntimeVersion for this reference is "".
         Primary reference "Microsoft.Extensions.Configuration.UserSecrets, Version=8.0.0.0, Culture=neutral, PublicKeyToken=adb9793829ddae60".
             Resolved file path is "/Users/dacanetdev/.nuget/packages/microsoft.aspnetcore.app.ref/8.0.13/ref/net8.0/Microsoft.Extensions.Configuration.UserSecrets.dll".
             Reference found at search path location "{RawFileName}".
             This reference is not "CopyLocal" because at least one source item had "Private" set to "false" and no source items had "Private" set to "true".
             The ImageRuntimeVersion for this reference is "".
         Primary reference "Microsoft.Extensions.Configuration.Xml, Version=8.0.0.0, Culture=neutral, PublicKeyToken=adb9793829ddae60".
             Resolved file path is "/Users/dacanetdev/.nuget/packages/microsoft.aspnetcore.app.ref/8.0.13/ref/net8.0/Microsoft.Extensions.Configuration.Xml.dll".
             Reference found at search path location "{RawFileName}".
             This reference is not "CopyLocal" because at least one source item had "Private" set to "false" and no source items had "Private" set to "true".
             The ImageRuntimeVersion for this reference is "".
         Primary reference "Microsoft.Extensions.Configuration, Version=8.0.0.0, Culture=neutral, PublicKeyToken=adb9793829ddae60".
             Resolved file path is "/Users/dacanetdev/.nuget/packages/microsoft.aspnetcore.app.ref/8.0.13/ref/net8.0/Microsoft.Extensions.Configuration.dll".
             Reference found at search path location "{RawFileName}".
             This reference is not "CopyLocal" because at least one source item had "Private" set to "false" and no source items had "Private" set to "true".
             The ImageRuntimeVersion for this reference is "".
         Primary reference "Microsoft.Extensions.DependencyInjection.Abstractions, Version=8.0.0.0, Culture=neutral, PublicKeyToken=adb9793829ddae60".
             Resolved file path is "/Users/dacanetdev/.nuget/packages/microsoft.aspnetcore.app.ref/8.0.13/ref/net8.0/Microsoft.Extensions.DependencyInjection.Abstractions.dll".
             Reference found at search path location "{RawFileName}".
             This reference is not "CopyLocal" because at least one source item had "Private" set to "false" and no source items had "Private" set to "true".
             The ImageRuntimeVersion for this reference is "".
         Primary reference "Microsoft.Extensions.DependencyInjection, Version=8.0.0.0, Culture=neutral, PublicKeyToken=adb9793829ddae60".
             Resolved file path is "/Users/dacanetdev/.nuget/packages/microsoft.aspnetcore.app.ref/8.0.13/ref/net8.0/Microsoft.Extensions.DependencyInjection.dll".
             Reference found at search path location "{RawFileName}".
             This reference is not "CopyLocal" because at least one source item had "Private" set to "false" and no source items had "Private" set to "true".
             The ImageRuntimeVersion for this reference is "".
         Primary reference "Microsoft.Extensions.Diagnostics.Abstractions, Version=8.0.0.0, Culture=neutral, PublicKeyToken=adb9793829ddae60".
             Resolved file path is "/Users/dacanetdev/.nuget/packages/microsoft.aspnetcore.app.ref/8.0.13/ref/net8.0/Microsoft.Extensions.Diagnostics.Abstractions.dll".
             Reference found at search path location "{RawFileName}".
             This reference is not "CopyLocal" because at least one source item had "Private" set to "false" and no source items had "Private" set to "true".
             The ImageRuntimeVersion for this reference is "".
         Primary reference "Microsoft.Extensions.Diagnostics.HealthChecks.Abstractions, Version=8.0.0.0, Culture=neutral, PublicKeyToken=adb9793829ddae60".
             Resolved file path is "/Users/dacanetdev/.nuget/packages/microsoft.aspnetcore.app.ref/8.0.13/ref/net8.0/Microsoft.Extensions.Diagnostics.HealthChecks.Abstractions.dll".
   4:7>_CleanGetCurrentAndPriorFileWrites:
         Comparison path is "obj/Debug/net8.0/".
   8:6>ResolveAssemblyReferences:
             Reference found at search path location "{RawFileName}".
             This reference is not "CopyLocal" because at least one source item had "Private" set to "false" and no source items had "Private" set to "true".
             The ImageRuntimeVersion for this reference is "".
         Primary reference "Microsoft.Extensions.Diagnostics.HealthChecks, Version=8.0.0.0, Culture=neutral, PublicKeyToken=adb9793829ddae60".
             Resolved file path is "/Users/dacanetdev/.nuget/packages/microsoft.aspnetcore.app.ref/8.0.13/ref/net8.0/Microsoft.Extensions.Diagnostics.HealthChecks.dll".
             Reference found at search path location "{RawFileName}".
             This reference is not "CopyLocal" because at least one source item had "Private" set to "false" and no source items had "Private" set to "true".
             The ImageRuntimeVersion for this reference is "".
         Primary reference "Microsoft.Extensions.Diagnostics, Version=8.0.0.0, Culture=neutral, PublicKeyToken=adb9793829ddae60".
             Resolved file path is "/Users/dacanetdev/.nuget/packages/microsoft.aspnetcore.app.ref/8.0.13/ref/net8.0/Microsoft.Extensions.Diagnostics.dll".
             Reference found at search path location "{RawFileName}".
             This reference is not "CopyLocal" because at least one source item had "Private" set to "false" and no source items had "Private" set to "true".
             The ImageRuntimeVersion for this reference is "".
         Primary reference "Microsoft.Extensions.Features, Version=8.0.0.0, Culture=neutral, PublicKeyToken=adb9793829ddae60".
             Resolved file path is "/Users/dacanetdev/.nuget/packages/microsoft.aspnetcore.app.ref/8.0.13/ref/net8.0/Microsoft.Extensions.Features.dll".
             Reference found at search path location "{RawFileName}".
             This reference is not "CopyLocal" because at least one source item had "Private" set to "false" and no source items had "Private" set to "true".
             The ImageRuntimeVersion for this reference is "".
         Primary reference "Microsoft.Extensions.FileProviders.Abstractions, Version=8.0.0.0, Culture=neutral, PublicKeyToken=adb9793829ddae60".
             Resolved file path is "/Users/dacanetdev/.nuget/packages/microsoft.aspnetcore.app.ref/8.0.13/ref/net8.0/Microsoft.Extensions.FileProviders.Abstractions.dll".
             Reference found at search path location "{RawFileName}".
             This reference is not "CopyLocal" because at least one source item had "Private" set to "false" and no source items had "Private" set to "true".
             The ImageRuntimeVersion for this reference is "".
         Primary reference "Microsoft.Extensions.FileProviders.Composite, Version=8.0.0.0, Culture=neutral, PublicKeyToken=adb9793829ddae60".
             Resolved file path is "/Users/dacanetdev/.nuget/packages/microsoft.aspnetcore.app.ref/8.0.13/ref/net8.0/Microsoft.Extensions.FileProviders.Composite.dll".
             Reference found at search path location "{RawFileName}".
             This reference is not "CopyLocal" because at least one source item had "Private" set to "false" and no source items had "Private" set to "true".
             The ImageRuntimeVersion for this reference is "".
         Primary reference "Microsoft.Extensions.FileProviders.Embedded, Version=8.0.0.0, Culture=neutral, PublicKeyToken=adb9793829ddae60".
   4:7>Done executing task "FindUnderPath".
   8:6>ResolveAssemblyReferences:
             Resolved file path is "/Users/dacanetdev/.nuget/packages/microsoft.aspnetcore.app.ref/8.0.13/ref/net8.0/Microsoft.Extensions.FileProviders.Embedded.dll".
             Reference found at search path location "{RawFileName}".
             This reference is not "CopyLocal" because at least one source item had "Private" set to "false" and no source items had "Private" set to "true".
             The ImageRuntimeVersion for this reference is "".
         Primary reference "Microsoft.Extensions.FileProviders.Physical, Version=8.0.0.0, Culture=neutral, PublicKeyToken=adb9793829ddae60".
             Resolved file path is "/Users/dacanetdev/.nuget/packages/microsoft.aspnetcore.app.ref/8.0.13/ref/net8.0/Microsoft.Extensions.FileProviders.Physical.dll".
             Reference found at search path location "{RawFileName}".
             This reference is not "CopyLocal" because at least one source item had "Private" set to "false" and no source items had "Private" set to "true".
             The ImageRuntimeVersion for this reference is "".
         Primary reference "Microsoft.Extensions.FileSystemGlobbing, Version=8.0.0.0, Culture=neutral, PublicKeyToken=adb9793829ddae60".
             Resolved file path is "/Users/dacanetdev/.nuget/packages/microsoft.aspnetcore.app.ref/8.0.13/ref/net8.0/Microsoft.Extensions.FileSystemGlobbing.dll".
             Reference found at search path location "{RawFileName}".
             This reference is not "CopyLocal" because at least one source item had "Private" set to "false" and no source items had "Private" set to "true".
             The ImageRuntimeVersion for this reference is "".
         Primary reference "Microsoft.Extensions.Hosting.Abstractions, Version=8.0.0.0, Culture=neutral, PublicKeyToken=adb9793829ddae60".
             Resolved file path is "/Users/dacanetdev/.nuget/packages/microsoft.aspnetcore.app.ref/8.0.13/ref/net8.0/Microsoft.Extensions.Hosting.Abstractions.dll".
             Reference found at search path location "{RawFileName}".
             This reference is not "CopyLocal" because at least one source item had "Private" set to "false" and no source items had "Private" set to "true".
             The ImageRuntimeVersion for this reference is "".
         Primary reference "Microsoft.Extensions.Hosting, Version=8.0.0.0, Culture=neutral, PublicKeyToken=adb9793829ddae60".
             Resolved file path is "/Users/dacanetdev/.nuget/packages/microsoft.aspnetcore.app.ref/8.0.13/ref/net8.0/Microsoft.Extensions.Hosting.dll".
             Reference found at search path location "{RawFileName}".
             This reference is not "CopyLocal" because at least one source item had "Private" set to "false" and no source items had "Private" set to "true".
             The ImageRuntimeVersion for this reference is "".
         Primary reference "Microsoft.Extensions.Http, Version=8.0.0.0, Culture=neutral, PublicKeyToken=adb9793829ddae60".
             Resolved file path is "/Users/dacanetdev/.nuget/packages/microsoft.aspnetcore.app.ref/8.0.13/ref/net8.0/Microsoft.Extensions.Http.dll".
             Reference found at search path location "{RawFileName}".
             This reference is not "CopyLocal" because at least one source item had "Private" set to "false" and no source items had "Private" set to "true".
             The ImageRuntimeVersion for this reference is "".
         Primary reference "Microsoft.Extensions.Identity.Core, Version=8.0.0.0, Culture=neutral, PublicKeyToken=adb9793829ddae60".
             Resolved file path is "/Users/dacanetdev/.nuget/packages/microsoft.aspnetcore.app.ref/8.0.13/ref/net8.0/Microsoft.Extensions.Identity.Core.dll".
             Reference found at search path location "{RawFileName}".
             This reference is not "CopyLocal" because at least one source item had "Private" set to "false" and no source items had "Private" set to "true".
             The ImageRuntimeVersion for this reference is "".
         Primary reference "Microsoft.Extensions.Identity.Stores, Version=8.0.0.0, Culture=neutral, PublicKeyToken=adb9793829ddae60".
             Resolved file path is "/Users/dacanetdev/.nuget/packages/microsoft.aspnetcore.app.ref/8.0.13/ref/net8.0/Microsoft.Extensions.Identity.Stores.dll".
             Reference found at search path location "{RawFileName}".
             This reference is not "CopyLocal" because at least one source item had "Private" set to "false" and no source items had "Private" set to "true".
   4:7>Task "RemoveDuplicates"
   8:6>ResolveAssemblyReferences:
             The ImageRuntimeVersion for this reference is "".
         Primary reference "Microsoft.Extensions.Localization.Abstractions, Version=8.0.0.0, Culture=neutral, PublicKeyToken=adb9793829ddae60".
             Resolved file path is "/Users/dacanetdev/.nuget/packages/microsoft.aspnetcore.app.ref/8.0.13/ref/net8.0/Microsoft.Extensions.Localization.Abstractions.dll".
             Reference found at search path location "{RawFileName}".
             This reference is not "CopyLocal" because at least one source item had "Private" set to "false" and no source items had "Private" set to "true".
             The ImageRuntimeVersion for this reference is "".
         Primary reference "Microsoft.Extensions.Localization, Version=8.0.0.0, Culture=neutral, PublicKeyToken=adb9793829ddae60".
             Resolved file path is "/Users/dacanetdev/.nuget/packages/microsoft.aspnetcore.app.ref/8.0.13/ref/net8.0/Microsoft.Extensions.Localization.dll".
             Reference found at search path location "{RawFileName}".
             This reference is not "CopyLocal" because at least one source item had "Private" set to "false" and no source items had "Private" set to "true".
             The ImageRuntimeVersion for this reference is "".
         Primary reference "Microsoft.Extensions.Logging.Abstractions, Version=8.0.0.0, Culture=neutral, PublicKeyToken=adb9793829ddae60".
             Resolved file path is "/Users/dacanetdev/.nuget/packages/microsoft.aspnetcore.app.ref/8.0.13/ref/net8.0/Microsoft.Extensions.Logging.Abstractions.dll".
             Reference found at search path location "{RawFileName}".
             This reference is not "CopyLocal" because at least one source item had "Private" set to "false" and no source items had "Private" set to "true".
             The ImageRuntimeVersion for this reference is "".
         Primary reference "Microsoft.Extensions.Logging.Configuration, Version=8.0.0.0, Culture=neutral, PublicKeyToken=adb9793829ddae60".
             Resolved file path is "/Users/dacanetdev/.nuget/packages/microsoft.aspnetcore.app.ref/8.0.13/ref/net8.0/Microsoft.Extensions.Logging.Configuration.dll".
             Reference found at search path location "{RawFileName}".
             This reference is not "CopyLocal" because at least one source item had "Private" set to "false" and no source items had "Private" set to "true".
             The ImageRuntimeVersion for this reference is "".
         Primary reference "Microsoft.Extensions.Logging.Console, Version=8.0.0.0, Culture=neutral, PublicKeyToken=adb9793829ddae60".
             Resolved file path is "/Users/dacanetdev/.nuget/packages/microsoft.aspnetcore.app.ref/8.0.13/ref/net8.0/Microsoft.Extensions.Logging.Console.dll".
   4:7>Done executing task "RemoveDuplicates".
   8:6>ResolveAssemblyReferences:
             Reference found at search path location "{RawFileName}".
             This reference is not "CopyLocal" because at least one source item had "Private" set to "false" and no source items had "Private" set to "true".
             The ImageRuntimeVersion for this reference is "".
         Primary reference "Microsoft.Extensions.Logging.Debug, Version=8.0.0.0, Culture=neutral, PublicKeyToken=adb9793829ddae60".
             Resolved file path is "/Users/dacanetdev/.nuget/packages/microsoft.aspnetcore.app.ref/8.0.13/ref/net8.0/Microsoft.Extensions.Logging.Debug.dll".
             Reference found at search path location "{RawFileName}".
             This reference is not "CopyLocal" because at least one source item had "Private" set to "false" and no source items had "Private" set to "true".
             The ImageRuntimeVersion for this reference is "".
         Primary reference "Microsoft.Extensions.Logging.EventLog, Version=8.0.0.0, Culture=neutral, PublicKeyToken=adb9793829ddae60".
             Resolved file path is "/Users/dacanetdev/.nuget/packages/microsoft.aspnetcore.app.ref/8.0.13/ref/net8.0/Microsoft.Extensions.Logging.EventLog.dll".
             Reference found at search path location "{RawFileName}".
             This reference is not "CopyLocal" because at least one source item had "Private" set to "false" and no source items had "Private" set to "true".
             The ImageRuntimeVersion for this reference is "".
         Primary reference "Microsoft.Extensions.Logging.EventSource, Version=8.0.0.0, Culture=neutral, PublicKeyToken=adb9793829ddae60".
             Resolved file path is "/Users/dacanetdev/.nuget/packages/microsoft.aspnetcore.app.ref/8.0.13/ref/net8.0/Microsoft.Extensions.Logging.EventSource.dll".
             Reference found at search path location "{RawFileName}".
             This reference is not "CopyLocal" because at least one source item had "Private" set to "false" and no source items had "Private" set to "true".
             The ImageRuntimeVersion for this reference is "".
   4:7>Done building target "_CleanGetCurrentAndPriorFileWrites" in project "DeventSoft.RoadmapSkills.Users.Infrastructure.csproj".
   8:6>ResolveAssemblyReferences:
         Primary reference "Microsoft.Extensions.Logging.TraceSource, Version=8.0.0.0, Culture=neutral, PublicKeyToken=adb9793829ddae60".
             Resolved file path is "/Users/dacanetdev/.nuget/packages/microsoft.aspnetcore.app.ref/8.0.13/ref/net8.0/Microsoft.Extensions.Logging.TraceSource.dll".
             Reference found at search path location "{RawFileName}".
             This reference is not "CopyLocal" because at least one source item had "Private" set to "false" and no source items had "Private" set to "true".
             The ImageRuntimeVersion for this reference is "".
         Primary reference "Microsoft.Extensions.Logging, Version=8.0.0.0, Culture=neutral, PublicKeyToken=adb9793829ddae60".
             Resolved file path is "/Users/dacanetdev/.nuget/packages/microsoft.aspnetcore.app.ref/8.0.13/ref/net8.0/Microsoft.Extensions.Logging.dll".
             Reference found at search path location "{RawFileName}".
             This reference is not "CopyLocal" because at least one source item had "Private" set to "false" and no source items had "Private" set to "true".
             The ImageRuntimeVersion for this reference is "".
         Primary reference "Microsoft.Extensions.ObjectPool, Version=8.0.0.0, Culture=neutral, PublicKeyToken=adb9793829ddae60".
             Resolved file path is "/Users/dacanetdev/.nuget/packages/microsoft.aspnetcore.app.ref/8.0.13/ref/net8.0/Microsoft.Extensions.ObjectPool.dll".
             Reference found at search path location "{RawFileName}".
             This reference is not "CopyLocal" because at least one source item had "Private" set to "false" and no source items had "Private" set to "true".
             The ImageRuntimeVersion for this reference is "".
         Primary reference "Microsoft.Extensions.Options.ConfigurationExtensions, Version=8.0.0.0, Culture=neutral, PublicKeyToken=adb9793829ddae60".
             Resolved file path is "/Users/dacanetdev/.nuget/packages/microsoft.aspnetcore.app.ref/8.0.13/ref/net8.0/Microsoft.Extensions.Options.ConfigurationExtensions.dll".
             Reference found at search path location "{RawFileName}".
             This reference is not "CopyLocal" because at least one source item had "Private" set to "false" and no source items had "Private" set to "true".
             The ImageRuntimeVersion for this reference is "".
         Primary reference "Microsoft.Extensions.Options.DataAnnotations, Version=8.0.0.0, Culture=neutral, PublicKeyToken=adb9793829ddae60".
             Resolved file path is "/Users/dacanetdev/.nuget/packages/microsoft.aspnetcore.app.ref/8.0.13/ref/net8.0/Microsoft.Extensions.Options.DataAnnotations.dll".
             Reference found at search path location "{RawFileName}".
             This reference is not "CopyLocal" because at least one source item had "Private" set to "false" and no source items had "Private" set to "true".
             The ImageRuntimeVersion for this reference is "".
         Primary reference "Microsoft.Extensions.Options, Version=8.0.0.0, Culture=neutral, PublicKeyToken=adb9793829ddae60".
   4:7>Target "_CleanRecordFileWrites" in file "/usr/local/share/dotnet/sdk/9.0.200/Microsoft.Common.CurrentVersion.targets" from project "/Users/dacanetdev/Dev/AIGenerated/RoadmapSkills/src/Modules/Users/DeventSoft.RoadmapSkills.Users.Infrastructure/DeventSoft.RoadmapSkills.Users.Infrastructure.csproj" (target "CoreBuild" depends on it):
   4:7>Task "RemoveDuplicates"
   8:6>ResolveAssemblyReferences:
             Resolved file path is "/Users/dacanetdev/.nuget/packages/microsoft.aspnetcore.app.ref/8.0.13/ref/net8.0/Microsoft.Extensions.Options.dll".
   4:7>Done executing task "RemoveDuplicates".
   8:6>ResolveAssemblyReferences:
             Reference found at search path location "{RawFileName}".
             This reference is not "CopyLocal" because at least one source item had "Private" set to "false" and no source items had "Private" set to "true".
             The ImageRuntimeVersion for this reference is "".
         Primary reference "Microsoft.Extensions.Primitives, Version=8.0.0.0, Culture=neutral, PublicKeyToken=adb9793829ddae60".
             Resolved file path is "/Users/dacanetdev/.nuget/packages/microsoft.aspnetcore.app.ref/8.0.13/ref/net8.0/Microsoft.Extensions.Primitives.dll".
             Reference found at search path location "{RawFileName}".
   4:7>Task "MakeDir"
   8:6>ResolveAssemblyReferences:
             This reference is not "CopyLocal" because at least one source item had "Private" set to "false" and no source items had "Private" set to "true".
             The ImageRuntimeVersion for this reference is "".
         Primary reference "Microsoft.Extensions.WebEncoders, Version=8.0.0.0, Culture=neutral, PublicKeyToken=adb9793829ddae60".
             Resolved file path is "/Users/dacanetdev/.nuget/packages/microsoft.aspnetcore.app.ref/8.0.13/ref/net8.0/Microsoft.Extensions.WebEncoders.dll".
             Reference found at search path location "{RawFileName}".
             This reference is not "CopyLocal" because at least one source item had "Private" set to "false" and no source items had "Private" set to "true".
             The ImageRuntimeVersion for this reference is "".
         Primary reference "Microsoft.JSInterop, Version=8.0.0.0, Culture=neutral, PublicKeyToken=adb9793829ddae60".
             Resolved file path is "/Users/dacanetdev/.nuget/packages/microsoft.aspnetcore.app.ref/8.0.13/ref/net8.0/Microsoft.JSInterop.dll".
             Reference found at search path location "{RawFileName}".
             This reference is not "CopyLocal" because at least one source item had "Private" set to "false" and no source items had "Private" set to "true".
             The ImageRuntimeVersion for this reference is "".
         Primary reference "Microsoft.Net.Http.Headers, Version=8.0.0.0, Culture=neutral, PublicKeyToken=adb9793829ddae60".
             Resolved file path is "/Users/dacanetdev/.nuget/packages/microsoft.aspnetcore.app.ref/8.0.13/ref/net8.0/Microsoft.Net.Http.Headers.dll".
             Reference found at search path location "{RawFileName}".
             This reference is not "CopyLocal" because at least one source item had "Private" set to "false" and no source items had "Private" set to "true".
             The ImageRuntimeVersion for this reference is "".
         Primary reference "System.Diagnostics.EventLog, Version=8.0.0.0, Culture=neutral, PublicKeyToken=cc7b13ffcd2ddd51".
             Resolved file path is "/Users/dacanetdev/.nuget/packages/microsoft.aspnetcore.app.ref/8.0.13/ref/net8.0/System.Diagnostics.EventLog.dll".
             Reference found at search path location "{RawFileName}".
             This reference is not "CopyLocal" because at least one source item had "Private" set to "false" and no source items had "Private" set to "true".
             The ImageRuntimeVersion for this reference is "".
         Primary reference "System.IO.Pipelines, Version=8.0.0.0, Culture=neutral, PublicKeyToken=cc7b13ffcd2ddd51".
             Resolved file path is "/Users/dacanetdev/.nuget/packages/microsoft.aspnetcore.app.ref/8.0.13/ref/net8.0/System.IO.Pipelines.dll".
             Reference found at search path location "{RawFileName}".
             This reference is not "CopyLocal" because at least one source item had "Private" set to "false" and no source items had "Private" set to "true".
             The ImageRuntimeVersion for this reference is "".
         Primary reference "System.Security.Cryptography.Xml, Version=8.0.0.0, Culture=neutral, PublicKeyToken=cc7b13ffcd2ddd51".
             Resolved file path is "/Users/dacanetdev/.nuget/packages/microsoft.aspnetcore.app.ref/8.0.13/ref/net8.0/System.Security.Cryptography.Xml.dll".
             Reference found at search path location "{RawFileName}".
             This reference is not "CopyLocal" because at least one source item had "Private" set to "false" and no source items had "Private" set to "true".
             The ImageRuntimeVersion for this reference is "".
         Primary reference "System.Threading.RateLimiting, Version=8.0.0.0, Culture=neutral, PublicKeyToken=cc7b13ffcd2ddd51".
             Resolved file path is "/Users/dacanetdev/.nuget/packages/microsoft.aspnetcore.app.ref/8.0.13/ref/net8.0/System.Threading.RateLimiting.dll".
             Reference found at search path location "{RawFileName}".
             This reference is not "CopyLocal" because at least one source item had "Private" set to "false" and no source items had "Private" set to "true".
             The ImageRuntimeVersion for this reference is "".
   4:7>Done executing task "MakeDir".
       Task "WriteLinesToFile"
         Skipping write to file "obj/Debug/net8.0/DeventSoft.RoadmapSkills.Users.Infrastructure.csproj.FileListAbsolute.txt" because content would not change.
       Done executing task "WriteLinesToFile".
   4:7>Done building target "_CleanRecordFileWrites" in project "DeventSoft.RoadmapSkills.Users.Infrastructure.csproj".
   4:7>Done Building Project "/Users/dacanetdev/Dev/AIGenerated/RoadmapSkills/src/Modules/Users/DeventSoft.RoadmapSkills.Users.Infrastructure/DeventSoft.RoadmapSkills.Users.Infrastructure.csproj" (default targets) -- FAILED.
   7:6>Project "/Users/dacanetdev/Dev/AIGenerated/RoadmapSkills/src/Modules/Users/DeventSoft.RoadmapSkills.Users.Api/DeventSoft.RoadmapSkills.Users.Api.csproj" (7:6) is building "/Users/dacanetdev/Dev/AIGenerated/RoadmapSkills/src/Modules/Users/DeventSoft.RoadmapSkills.Users.Infrastructure/DeventSoft.RoadmapSkills.Users.Infrastructure.csproj" (4:9) on node 2 (default targets).
   4:9>Target "NETStandardCompatError_Mono_TextTemplating_net6_0" skipped. Previously built successfully.
       Target "Build" skipped. Previously built unsuccessfully.
   4:9>Done Building Project "/Users/dacanetdev/Dev/AIGenerated/RoadmapSkills/src/Modules/Users/DeventSoft.RoadmapSkills.Users.Infrastructure/DeventSoft.RoadmapSkills.Users.Infrastructure.csproj" (default targets) -- FAILED.
   7:6>Done executing task "MSBuild" -- FAILED.
   7:6>Done building target "ResolveProjectReferences" in project "DeventSoft.RoadmapSkills.Users.Api.csproj" -- FAILED.
   7:6>Target "_CheckForCompileOutputs" in file "/usr/local/share/dotnet/sdk/9.0.200/Microsoft.Common.CurrentVersion.targets" from project "/Users/dacanetdev/Dev/AIGenerated/RoadmapSkills/src/Modules/Users/DeventSoft.RoadmapSkills.Users.Api/DeventSoft.RoadmapSkills.Users.Api.csproj" (target "_CleanGetCurrentAndPriorFileWrites" depends on it):
   7:6>Done building target "_CheckForCompileOutputs" in project "DeventSoft.RoadmapSkills.Users.Api.csproj".
       Target "_SGenCheckForOutputs" skipped, due to false condition; ('$(_SGenGenerateSerializationAssembliesConfig)' == 'On' or ('@(WebReferenceUrl)'!='' and '$(_SGenGenerateSerializationAssembliesConfig)' == 'Auto')) was evaluated as ('Off' == 'On' or (''!='' and 'Off' == 'Auto')).
   7:6>Target "_CleanGetCurrentAndPriorFileWrites" in file "/usr/local/share/dotnet/sdk/9.0.200/Microsoft.Common.CurrentVersion.targets" from project "/Users/dacanetdev/Dev/AIGenerated/RoadmapSkills/src/Modules/Users/DeventSoft.RoadmapSkills.Users.Api/DeventSoft.RoadmapSkills.Users.Api.csproj" (target "_CleanRecordFileWrites" depends on it):
       Using "ReadLinesFromFile" task from assembly "Microsoft.Build.Tasks.Core, Version=15.1.0.0, Culture=neutral, PublicKeyToken=b03f5f7f11d50a3a".
       Task "ReadLinesFromFile"
       Done executing task "ReadLinesFromFile".
       Task "ConvertToAbsolutePath"
       Done executing task "ConvertToAbsolutePath".
       Using "FindUnderPath" task from assembly "Microsoft.Build.Tasks.Core, Version=15.1.0.0, Culture=neutral, PublicKeyToken=b03f5f7f11d50a3a".
       Task "FindUnderPath"
         Comparison path is "/Users/dacanetdev/Dev/AIGenerated/RoadmapSkills/src/Modules/Users/DeventSoft.RoadmapSkills.Users.Api".
       Done executing task "FindUnderPath".
       Task "FindUnderPath"
         Comparison path is "bin/Debug/net8.0/".
       Done executing task "FindUnderPath".
       Task "FindUnderPath"
         Comparison path is "obj/Debug/net8.0/".
       Done executing task "FindUnderPath".
       Task "RemoveDuplicates"
       Done executing task "RemoveDuplicates".
   7:6>Done building target "_CleanGetCurrentAndPriorFileWrites" in project "DeventSoft.RoadmapSkills.Users.Api.csproj".
   7:6>Target "_CleanRecordFileWrites" in file "/usr/local/share/dotnet/sdk/9.0.200/Microsoft.Common.CurrentVersion.targets" from project "/Users/dacanetdev/Dev/AIGenerated/RoadmapSkills/src/Modules/Users/DeventSoft.RoadmapSkills.Users.Api/DeventSoft.RoadmapSkills.Users.Api.csproj" (target "CoreBuild" depends on it):
       Task "RemoveDuplicates"
       Done executing task "RemoveDuplicates".
       Task "MakeDir"
       Done executing task "MakeDir".
       Task "WriteLinesToFile"
         Skipping write to file "obj/Debug/net8.0/DeventSoft.RoadmapSkills.Users.Api.csproj.FileListAbsolute.txt" because content would not change.
       Done executing task "WriteLinesToFile".
   7:6>Done building target "_CleanRecordFileWrites" in project "DeventSoft.RoadmapSkills.Users.Api.csproj".
   7:6>Done Building Project "/Users/dacanetdev/Dev/AIGenerated/RoadmapSkills/src/Modules/Users/DeventSoft.RoadmapSkills.Users.Api/DeventSoft.RoadmapSkills.Users.Api.csproj" (default targets) -- FAILED.
   8:6>Done executing task "ResolveAssemblyReference".
   8:6>Done building target "ResolveAssemblyReferences" in project "DeventSoft.RoadmapSkills.BlazorApp.csproj".
       Target "GenerateBindingRedirects" skipped, due to false condition; ('$(AutoGenerateBindingRedirects)' == 'true' and '$(GenerateBindingRedirectsOutputType)' == 'true' and '@(SuggestedBindingRedirects)' != '' and '$(DesignTimeBuild)' != 'true' and '$(BuildingProject)' == 'true') was evaluated as ('' == 'true' and 'true' == 'true' and '' != '' and '' != 'true' and 'true' == 'true').
       Target "GenerateSupportedRuntime" skipped, due to false condition; ('$(GenerateSupportedRuntime)' != 'false' and '$(TargetFrameworkIdentifier)' == '.NETFramework' and '$(HasRuntimeOutput)' == 'true') was evaluated as ('' != 'false' and '.NETCoreApp' == '.NETFramework' and 'true' == 'true').
       Target "GenerateBindingRedirectsUpdateAppConfig" skipped, due to false condition; ('$(AutoGenerateBindingRedirects)' == 'true' and '$(GenerateBindingRedirectsOutputType)' == 'true') was evaluated as ('' == 'true' and 'true' == 'true').
       Target "ResolveComReferences" skipped, due to false condition; ('@(COMReference)'!='' or '@(COMFileReference)'!='') was evaluated as (''!='' or ''!='').
   8:6>Target "AfterResolveReferences" in file "/usr/local/share/dotnet/sdk/9.0.200/Microsoft.Common.CurrentVersion.targets" from project "/Users/dacanetdev/Dev/AIGenerated/RoadmapSkills/src/DeventSoft.RoadmapSkills.BlazorApp/DeventSoft.RoadmapSkills.BlazorApp.csproj" (target "ResolveReferences" depends on it):
   8:6>Done building target "AfterResolveReferences" in project "DeventSoft.RoadmapSkills.BlazorApp.csproj".
   8:6>Target "ResolveReferences" in file "/usr/local/share/dotnet/sdk/9.0.200/Microsoft.Common.CurrentVersion.targets" from project "/Users/dacanetdev/Dev/AIGenerated/RoadmapSkills/src/DeventSoft.RoadmapSkills.BlazorApp/DeventSoft.RoadmapSkills.BlazorApp.csproj" (target "_BlockWinMDsOnUnsupportedTFMs" depends on it):
   8:6>Done building target "ResolveReferences" in project "DeventSoft.RoadmapSkills.BlazorApp.csproj".
   8:6>Target "_BlockWinMDsOnUnsupportedTFMs" in file "/usr/local/share/dotnet/sdk/9.0.200/Sdks/Microsoft.NET.Sdk/targets/Microsoft.NET.Sdk.targets" from project "/Users/dacanetdev/Dev/AIGenerated/RoadmapSkills/src/DeventSoft.RoadmapSkills.BlazorApp/DeventSoft.RoadmapSkills.BlazorApp.csproj" (target "CoreBuild" depends on it):
       Using "CheckForUnsupportedWinMDReferences" task from assembly "/usr/local/share/dotnet/sdk/9.0.200/Sdks/Microsoft.NET.Sdk/targets/../tools/net9.0/Microsoft.NET.Build.Tasks.dll".
       Task "CheckForUnsupportedWinMDReferences"
       Done executing task "CheckForUnsupportedWinMDReferences".
       Task "NETSdkError" skipped, due to false condition; ('$(OutputType)' == 'winmdobj') was evaluated as ('Exe' == 'winmdobj').
   8:6>Done building target "_BlockWinMDsOnUnsupportedTFMs" in project "DeventSoft.RoadmapSkills.BlazorApp.csproj".
       Target "ResolveReferences" skipped. Previously built successfully.
       Target "ResolvePackageDependenciesForBuild" skipped. Previously built successfully.
       Target "_HandlePackageFileConflicts" skipped. Previously built successfully.
   8:6>Target "CopyAdditionalFiles" in file "/usr/local/share/dotnet/sdk/9.0.200/Roslyn/Microsoft.Managed.Core.targets" from project "/Users/dacanetdev/Dev/AIGenerated/RoadmapSkills/src/DeventSoft.RoadmapSkills.BlazorApp/DeventSoft.RoadmapSkills.BlazorApp.csproj" (target "AssignTargetPaths" depends on it):
   8:6>Done building target "CopyAdditionalFiles" in project "DeventSoft.RoadmapSkills.BlazorApp.csproj".
       Target "ResolvePackageAssets" skipped. Previously built successfully.
       Target "ResolveFrameworkReferences" skipped. Previously built successfully.
   8:6>Target "_GetAppHostPaths" in file "/usr/local/share/dotnet/sdk/9.0.200/Sdks/Microsoft.NET.Sdk/targets/Microsoft.NET.Sdk.targets" from project "/Users/dacanetdev/Dev/AIGenerated/RoadmapSkills/src/DeventSoft.RoadmapSkills.BlazorApp/DeventSoft.RoadmapSkills.BlazorApp.csproj" (target "_ComputeNETCoreBuildOutputFiles" depends on it):
       Task "NETSdkError" skipped, due to false condition; ('@(_NativeRestoredAppHostNETCore->Count())' > 1) was evaluated as ('0' > 1).
   8:6>Done building target "_GetAppHostPaths" in project "DeventSoft.RoadmapSkills.BlazorApp.csproj".
   8:6>Target "_GetAppHostCreationConfiguration" in file "/usr/local/share/dotnet/sdk/9.0.200/Sdks/Microsoft.NET.Sdk/targets/Microsoft.NET.Sdk.targets" from project "/Users/dacanetdev/Dev/AIGenerated/RoadmapSkills/src/DeventSoft.RoadmapSkills.BlazorApp/DeventSoft.RoadmapSkills.BlazorApp.csproj" (target "_ComputeNETCoreBuildOutputFiles" depends on it):
   8:6>Done building target "_GetAppHostCreationConfiguration" in project "DeventSoft.RoadmapSkills.BlazorApp.csproj".
       Target "_GetComHostPaths" skipped, due to false condition; ('$(EnableComHosting)' == 'true' and '$(_IsExecutable)' != 'true') was evaluated as ('' == 'true' and 'true' != 'true').
       Target "_GetIjwHostPaths" skipped, due to false condition; ('$(UseIJWHost)' == 'true') was evaluated as ('' == 'true').
   8:6>Target "_ComputeNETCoreBuildOutputFiles" in file "/usr/local/share/dotnet/sdk/9.0.200/Sdks/Microsoft.NET.Sdk/targets/Microsoft.NET.Sdk.targets" from project "/Users/dacanetdev/Dev/AIGenerated/RoadmapSkills/src/DeventSoft.RoadmapSkills.BlazorApp/DeventSoft.RoadmapSkills.BlazorApp.csproj" (target "AssignTargetPaths" depends on it):
   8:6>Done building target "_ComputeNETCoreBuildOutputFiles" in project "DeventSoft.RoadmapSkills.BlazorApp.csproj".
   8:6>Target "ResolveStaticWebAssetsConfiguration" in file "/usr/local/share/dotnet/sdk/9.0.200/Sdks/Microsoft.NET.Sdk.StaticWebAssets/targets/Microsoft.NET.Sdk.StaticWebAssets.targets" from project "/Users/dacanetdev/Dev/AIGenerated/RoadmapSkills/src/DeventSoft.RoadmapSkills.BlazorApp/DeventSoft.RoadmapSkills.BlazorApp.csproj" (target "ResolveProjectStaticWebAssets" depends on it):
       Task "MakeDir" skipped, due to false condition; (!Exists('$(_StaticWebAssetsManifestBase)')) was evaluated as (!Exists('obj/Debug/net8.0/')).
       Task "MakeDir" skipped, due to false condition; (!Exists('$(_StaticWebAssetsIntermediateOutputPath)')) was evaluated as (!Exists('obj/Debug/net8.0/staticwebassets/')).
   8:6>Done building target "ResolveStaticWebAssetsConfiguration" in project "DeventSoft.RoadmapSkills.BlazorApp.csproj".
   8:6>Target "UpdateExistingPackageStaticWebAssets" in file "/usr/local/share/dotnet/sdk/9.0.200/Sdks/Microsoft.NET.Sdk.StaticWebAssets/targets/Microsoft.NET.Sdk.StaticWebAssets.targets" from project "/Users/dacanetdev/Dev/AIGenerated/RoadmapSkills/src/DeventSoft.RoadmapSkills.BlazorApp/DeventSoft.RoadmapSkills.BlazorApp.csproj" (target "ResolveProjectStaticWebAssets" depends on it):
       Using "UpdatePackageStaticWebAssets" task from assembly "/usr/local/share/dotnet/sdk/9.0.200/Sdks/Microsoft.NET.Sdk.StaticWebAssets/targets/../tasks/net9.0/Microsoft.NET.Sdk.StaticWebAssets.Tasks.dll".
       Task "UpdatePackageStaticWebAssets"
       Done executing task "UpdatePackageStaticWebAssets".
   8:6>Done building target "UpdateExistingPackageStaticWebAssets" in project "DeventSoft.RoadmapSkills.BlazorApp.csproj".
   8:6>Target "ResolveProjectStaticWebAssets" in file "/usr/local/share/dotnet/sdk/9.0.200/Sdks/Microsoft.NET.Sdk.StaticWebAssets/targets/Microsoft.NET.Sdk.StaticWebAssets.targets" from project "/Users/dacanetdev/Dev/AIGenerated/RoadmapSkills/src/DeventSoft.RoadmapSkills.BlazorApp/DeventSoft.RoadmapSkills.BlazorApp.csproj" (target "AssignTargetPaths" depends on it):
       Using "DefineStaticWebAssets" task from assembly "/usr/local/share/dotnet/sdk/9.0.200/Sdks/Microsoft.NET.Sdk.StaticWebAssets/targets/../tasks/net9.0/Microsoft.NET.Sdk.StaticWebAssets.Tasks.dll".
       Task "DefineStaticWebAssets"
         Assembly loaded during TaskRun (Microsoft.AspNetCore.StaticWebAssets.Tasks.DefineStaticWebAssets): Microsoft.Extensions.FileSystemGlobbing, Version=9.0.0.0, Culture=neutral, PublicKeyToken=adb9793829ddae60 (location: /usr/local/share/dotnet/sdk/9.0.200/Sdks/Microsoft.NET.Sdk.StaticWebAssets/tasks/net9.0/Microsoft.Extensions.FileSystemGlobbing.dll, MVID: 6c483ce2-a73c-4792-b22f-8f68a2bd8210, AssemblyLoadContext: MSBuild plugin /usr/local/share/dotnet/sdk/9.0.200/Sdks/Microsoft.NET.Sdk.StaticWebAssets/tasks/net9.0/Microsoft.NET.Sdk.StaticWebAssets.Tasks.dll)
         Accepted asset 'wwwroot/app.css' for pattern 'wwwroot/**' with relative path 'app.css'
         Computing fingerprint and integrity for asset 'wwwroot/app.css'
         Fingerprinting asset 'app.css' as 'app#[.{fingerprint}]?.css' because it didn't match any pattern
         Accepted asset 'wwwroot/bootstrap/bootstrap.min.css' for pattern 'wwwroot/**' with relative path 'bootstrap/bootstrap.min.css'
         Computing fingerprint and integrity for asset 'wwwroot/bootstrap/bootstrap.min.css'
         Fingerprinting asset 'bootstrap.min.css' as 'bootstrap/bootstrap.min#[.{fingerprint}]?.css' because it didn't match any pattern
         Accepted asset 'wwwroot/bootstrap/bootstrap.min.css.map' for pattern 'wwwroot/**' with relative path 'bootstrap/bootstrap.min.css.map'
         Computing fingerprint and integrity for asset 'wwwroot/bootstrap/bootstrap.min.css.map'
         Fingerprinting asset 'bootstrap.min.css.map' as 'bootstrap/bootstrap.min.css#[.{fingerprint}]?.map' because it didn't match any pattern
         Accepted asset 'wwwroot/favicon.png' for pattern 'wwwroot/**' with relative path 'favicon.png'
         Computing fingerprint and integrity for asset 'wwwroot/favicon.png'
         Fingerprinting asset 'favicon.png' as 'favicon#[.{fingerprint}]?.png' because it didn't match any pattern
         Rejected asset 'appsettings.Development.json' for pattern 'wwwroot/**'
         Rejected asset 'appsettings.json' for pattern 'wwwroot/**'
         Rejected asset 'Components/App.razor' for pattern 'wwwroot/**'
         Rejected asset 'Components/Layout/MainLayout.razor' for pattern 'wwwroot/**'
         Rejected asset 'Components/Layout/NavMenu.razor' for pattern 'wwwroot/**'
         Rejected asset 'Components/Pages/Counter.razor' for pattern 'wwwroot/**'
         Rejected asset 'Components/Pages/Error.razor' for pattern 'wwwroot/**'
         Rejected asset 'Components/Pages/Home.razor' for pattern 'wwwroot/**'
         Rejected asset 'Components/Pages/Weather.razor' for pattern 'wwwroot/**'
         Rejected asset 'Components/Routes.razor' for pattern 'wwwroot/**'
         Rejected asset 'Components/_Imports.razor' for pattern 'wwwroot/**'
       Done executing task "DefineStaticWebAssets".
       Using "DefineStaticWebAssetEndpoints" task from assembly "/usr/local/share/dotnet/sdk/9.0.200/Sdks/Microsoft.NET.Sdk.StaticWebAssets/targets/../tasks/net9.0/Microsoft.NET.Sdk.StaticWebAssets.Tasks.dll".
       Task "DefineStaticWebAssetEndpoints"
         No match for app.css using pattern *.bmp
         No match for app.css using pattern *.jpeg
         No match for app.css using pattern *.jpg
         No match for app.css using pattern *.gif
         No match for app.css using pattern *.svg
         No match for app.css using pattern *.png
         No match for app.css using pattern *.webp
         No match for app.css using pattern *.otf
         No match for app.css using pattern *.woff2
         No match for app.css using pattern *.m4v
         No match for app.css using pattern *.mov
         No match for app.css using pattern *.movie
         No match for app.css using pattern *.mp2
         No match for app.css using pattern *.mp4
         No match for app.css using pattern *.mp4v
         No match for app.css using pattern *.mpa
         No match for app.css using pattern *.mpe
         No match for app.css using pattern *.mpeg
         No match for app.css using pattern *.mpg
         No match for app.css using pattern *.mpv2
         No match for app.css using pattern *.nsc
         No match for app.css using pattern *.ogg
         No match for app.css using pattern *.ogv
         No match for app.css using pattern *.webm
         No match for app.css using pattern *.art
         No match for app.css using pattern *.cmx
         No match for app.css using pattern *.cod
         No match for app.css using pattern *.dib
         No match for app.css using pattern *.ico
         No match for app.css using pattern *.ief
         No match for app.css using pattern *.jfif
         No match for app.css using pattern *.jpe
         No match for app.css using pattern *.pbm
         No match for app.css using pattern *.pgm
         No match for app.css using pattern *.pnm
         No match for app.css using pattern *.pnz
         No match for app.css using pattern *.ppm
         No match for app.css using pattern *.ras
         No match for app.css using pattern *.rf
         No match for app.css using pattern *.rgb
         No match for app.css using pattern *.svgz
         No match for app.css using pattern *.tif
         No match for app.css using pattern *.tiff
         No match for app.css using pattern *.wbmp
         No match for app.css using pattern *.xbm
         No match for app.css using pattern *.xpm
         No match for app.css using pattern *.xwd
         No match for app.css using pattern *.3g2
         No match for app.css using pattern *.3gp2
         No match for app.css using pattern *.3gp
         No match for app.css using pattern *.3gpp
         No match for app.css using pattern *.asf
         No match for app.css using pattern *.asr
         No match for app.css using pattern *.asx
         No match for app.css using pattern *.avi
         No match for app.css using pattern *.dvr
         No match for app.css using pattern *.flv
         No match for app.css using pattern *.IVF
         No match for app.css using pattern *.lsf
         No match for app.css using pattern *.lsx
         No match for app.css using pattern *.m1v
         No match for app.css using pattern *.m2ts
         No match for app.css using pattern *.qt
         No match for app.css using pattern *.ts
         No match for app.css using pattern *.tts
         No match for app.css using pattern *.wm
         No match for app.css using pattern *.wmp
         No match for app.css using pattern *.wmv
         No match for app.css using pattern *.wmx
         No match for app.css using pattern *.wtv
         No match for app.css using pattern *.wvx
         File /Users/dacanetdev/Dev/AIGenerated/RoadmapSkills/src/DeventSoft.RoadmapSkills.BlazorApp/wwwroot/app.css exists.
         No match for app.css using pattern *.bmp
         No match for app.css using pattern *.jpeg
         No match for app.css using pattern *.jpg
         No match for app.css using pattern *.gif
         No match for app.css using pattern *.svg
         No match for app.css using pattern *.png
         No match for app.css using pattern *.webp
         No match for app.css using pattern *.otf
         No match for app.css using pattern *.woff2
         No match for app.css using pattern *.m4v
         No match for app.css using pattern *.mov
         No match for app.css using pattern *.movie
         No match for app.css using pattern *.mp2
         No match for app.css using pattern *.mp4
         No match for app.css using pattern *.mp4v
         No match for app.css using pattern *.mpa
         No match for app.css using pattern *.mpe
         No match for app.css using pattern *.mpeg
         No match for app.css using pattern *.mpg
         No match for app.css using pattern *.mpv2
         No match for app.css using pattern *.nsc
         No match for app.css using pattern *.ogg
         No match for app.css using pattern *.ogv
         No match for app.css using pattern *.webm
         No match for app.css using pattern *.art
         No match for app.css using pattern *.cmx
         No match for app.css using pattern *.cod
         No match for app.css using pattern *.dib
         No match for app.css using pattern *.ico
         No match for app.css using pattern *.ief
         No match for app.css using pattern *.jfif
         No match for app.css using pattern *.jpe
         No match for app.css using pattern *.pbm
         No match for app.css using pattern *.pgm
         No match for app.css using pattern *.pnm
         No match for app.css using pattern *.pnz
         No match for app.css using pattern *.ppm
         No match for app.css using pattern *.ras
         No match for app.css using pattern *.rf
         No match for app.css using pattern *.rgb
         No match for app.css using pattern *.svgz
         No match for app.css using pattern *.tif
         No match for app.css using pattern *.tiff
         No match for app.css using pattern *.wbmp
         No match for app.css using pattern *.xbm
         No match for app.css using pattern *.xpm
         No match for app.css using pattern *.xwd
         No match for app.css using pattern *.3g2
         No match for app.css using pattern *.3gp2
         No match for app.css using pattern *.3gp
         No match for app.css using pattern *.3gpp
         No match for app.css using pattern *.asf
         No match for app.css using pattern *.asr
         No match for app.css using pattern *.asx
         No match for app.css using pattern *.avi
         No match for app.css using pattern *.dvr
         No match for app.css using pattern *.flv
         No match for app.css using pattern *.IVF
         No match for app.css using pattern *.lsf
         No match for app.css using pattern *.lsx
         No match for app.css using pattern *.m1v
         No match for app.css using pattern *.m2ts
         No match for app.css using pattern *.qt
         No match for app.css using pattern *.ts
         No match for app.css using pattern *.tts
         No match for app.css using pattern *.wm
         No match for app.css using pattern *.wmp
         No match for app.css using pattern *.wmv
         No match for app.css using pattern *.wmx
         No match for app.css using pattern *.wtv
         No match for app.css using pattern *.wvx
         File /Users/dacanetdev/Dev/AIGenerated/RoadmapSkills/src/DeventSoft.RoadmapSkills.BlazorApp/wwwroot/app.css exists.
         Adding endpoint app.css for asset /Users/dacanetdev/Dev/AIGenerated/RoadmapSkills/src/DeventSoft.RoadmapSkills.BlazorApp/wwwroot/app.css.
         Adding endpoint app.da95v2qkru.css for asset /Users/dacanetdev/Dev/AIGenerated/RoadmapSkills/src/DeventSoft.RoadmapSkills.BlazorApp/wwwroot/app.css.
         No match for bootstrap/bootstrap.min.css using pattern *.bmp
         No match for bootstrap/bootstrap.min.css using pattern *.jpeg
         No match for bootstrap/bootstrap.min.css using pattern *.jpg
         No match for bootstrap/bootstrap.min.css using pattern *.gif
         No match for bootstrap/bootstrap.min.css using pattern *.svg
         No match for bootstrap/bootstrap.min.css using pattern *.png
         No match for bootstrap/bootstrap.min.css using pattern *.webp
         No match for bootstrap/bootstrap.min.css using pattern *.otf
         No match for bootstrap/bootstrap.min.css using pattern *.woff2
         No match for bootstrap/bootstrap.min.css using pattern *.m4v
         No match for bootstrap/bootstrap.min.css using pattern *.mov
         No match for bootstrap/bootstrap.min.css using pattern *.movie
         No match for bootstrap/bootstrap.min.css using pattern *.mp2
         No match for bootstrap/bootstrap.min.css using pattern *.mp4
         No match for bootstrap/bootstrap.min.css using pattern *.mp4v
         No match for bootstrap/bootstrap.min.css using pattern *.mpa
         No match for bootstrap/bootstrap.min.css using pattern *.mpe
         No match for bootstrap/bootstrap.min.css using pattern *.mpeg
         No match for bootstrap/bootstrap.min.css using pattern *.mpg
         No match for bootstrap/bootstrap.min.css using pattern *.mpv2
         No match for bootstrap/bootstrap.min.css using pattern *.nsc
         No match for bootstrap/bootstrap.min.css using pattern *.ogg
         No match for bootstrap/bootstrap.min.css using pattern *.ogv
         No match for bootstrap/bootstrap.min.css using pattern *.webm
         No match for bootstrap/bootstrap.min.css using pattern *.art
         No match for bootstrap/bootstrap.min.css using pattern *.cmx
         No match for bootstrap/bootstrap.min.css using pattern *.cod
         No match for bootstrap/bootstrap.min.css using pattern *.dib
         No match for bootstrap/bootstrap.min.css using pattern *.ico
         No match for bootstrap/bootstrap.min.css using pattern *.ief
         No match for bootstrap/bootstrap.min.css using pattern *.jfif
         No match for bootstrap/bootstrap.min.css using pattern *.jpe
         No match for bootstrap/bootstrap.min.css using pattern *.pbm
         No match for bootstrap/bootstrap.min.css using pattern *.pgm
         No match for bootstrap/bootstrap.min.css using pattern *.pnm
         No match for bootstrap/bootstrap.min.css using pattern *.pnz
         No match for bootstrap/bootstrap.min.css using pattern *.ppm
         No match for bootstrap/bootstrap.min.css using pattern *.ras
         No match for bootstrap/bootstrap.min.css using pattern *.rf
         No match for bootstrap/bootstrap.min.css using pattern *.rgb
         No match for bootstrap/bootstrap.min.css using pattern *.svgz
         No match for bootstrap/bootstrap.min.css using pattern *.tif
         No match for bootstrap/bootstrap.min.css using pattern *.tiff
         No match for bootstrap/bootstrap.min.css using pattern *.wbmp
         No match for bootstrap/bootstrap.min.css using pattern *.xbm
         No match for bootstrap/bootstrap.min.css using pattern *.xpm
         No match for bootstrap/bootstrap.min.css using pattern *.xwd
         No match for bootstrap/bootstrap.min.css using pattern *.3g2
         No match for bootstrap/bootstrap.min.css using pattern *.3gp2
         No match for bootstrap/bootstrap.min.css using pattern *.3gp
         No match for bootstrap/bootstrap.min.css using pattern *.3gpp
         No match for bootstrap/bootstrap.min.css using pattern *.asf
         No match for bootstrap/bootstrap.min.css using pattern *.asr
         No match for bootstrap/bootstrap.min.css using pattern *.asx
         No match for bootstrap/bootstrap.min.css using pattern *.avi
         No match for bootstrap/bootstrap.min.css using pattern *.dvr
         No match for bootstrap/bootstrap.min.css using pattern *.flv
         No match for bootstrap/bootstrap.min.css using pattern *.IVF
         No match for bootstrap/bootstrap.min.css using pattern *.lsf
         No match for bootstrap/bootstrap.min.css using pattern *.lsx
         No match for bootstrap/bootstrap.min.css using pattern *.m1v
         No match for bootstrap/bootstrap.min.css using pattern *.m2ts
         No match for bootstrap/bootstrap.min.css using pattern *.qt
         No match for bootstrap/bootstrap.min.css using pattern *.ts
         No match for bootstrap/bootstrap.min.css using pattern *.tts
         No match for bootstrap/bootstrap.min.css using pattern *.wm
         No match for bootstrap/bootstrap.min.css using pattern *.wmp
         No match for bootstrap/bootstrap.min.css using pattern *.wmv
         No match for bootstrap/bootstrap.min.css using pattern *.wmx
         No match for bootstrap/bootstrap.min.css using pattern *.wtv
         No match for bootstrap/bootstrap.min.css using pattern *.wvx
         File /Users/dacanetdev/Dev/AIGenerated/RoadmapSkills/src/DeventSoft.RoadmapSkills.BlazorApp/wwwroot/bootstrap/bootstrap.min.css exists.
         No match for bootstrap/bootstrap.min.css using pattern *.bmp
         No match for bootstrap/bootstrap.min.css using pattern *.jpeg
         No match for bootstrap/bootstrap.min.css using pattern *.jpg
         No match for bootstrap/bootstrap.min.css using pattern *.gif
         No match for bootstrap/bootstrap.min.css using pattern *.svg
         No match for bootstrap/bootstrap.min.css using pattern *.png
         No match for bootstrap/bootstrap.min.css using pattern *.webp
         No match for bootstrap/bootstrap.min.css using pattern *.otf
         No match for bootstrap/bootstrap.min.css using pattern *.woff2
         No match for bootstrap/bootstrap.min.css using pattern *.m4v
         No match for bootstrap/bootstrap.min.css using pattern *.mov
         No match for bootstrap/bootstrap.min.css using pattern *.movie
         No match for bootstrap/bootstrap.min.css using pattern *.mp2
         No match for bootstrap/bootstrap.min.css using pattern *.mp4
         No match for bootstrap/bootstrap.min.css using pattern *.mp4v
         No match for bootstrap/bootstrap.min.css using pattern *.mpa
         No match for bootstrap/bootstrap.min.css using pattern *.mpe
         No match for bootstrap/bootstrap.min.css using pattern *.mpeg
         No match for bootstrap/bootstrap.min.css using pattern *.mpg
         No match for bootstrap/bootstrap.min.css using pattern *.mpv2
         No match for bootstrap/bootstrap.min.css using pattern *.nsc
         No match for bootstrap/bootstrap.min.css using pattern *.ogg
         No match for bootstrap/bootstrap.min.css using pattern *.ogv
         No match for bootstrap/bootstrap.min.css using pattern *.webm
         No match for bootstrap/bootstrap.min.css using pattern *.art
         No match for bootstrap/bootstrap.min.css using pattern *.cmx
         No match for bootstrap/bootstrap.min.css using pattern *.cod
         No match for bootstrap/bootstrap.min.css using pattern *.dib
         No match for bootstrap/bootstrap.min.css using pattern *.ico
         No match for bootstrap/bootstrap.min.css using pattern *.ief
         No match for bootstrap/bootstrap.min.css using pattern *.jfif
         No match for bootstrap/bootstrap.min.css using pattern *.jpe
         No match for bootstrap/bootstrap.min.css using pattern *.pbm
         No match for bootstrap/bootstrap.min.css using pattern *.pgm
         No match for bootstrap/bootstrap.min.css using pattern *.pnm
         No match for bootstrap/bootstrap.min.css using pattern *.pnz
         No match for bootstrap/bootstrap.min.css using pattern *.ppm
         No match for bootstrap/bootstrap.min.css using pattern *.ras
         No match for bootstrap/bootstrap.min.css using pattern *.rf
         No match for bootstrap/bootstrap.min.css using pattern *.rgb
         No match for bootstrap/bootstrap.min.css using pattern *.svgz
         No match for bootstrap/bootstrap.min.css using pattern *.tif
         No match for bootstrap/bootstrap.min.css using pattern *.tiff
         No match for bootstrap/bootstrap.min.css using pattern *.wbmp
         No match for bootstrap/bootstrap.min.css using pattern *.xbm
         No match for bootstrap/bootstrap.min.css using pattern *.xpm
         No match for bootstrap/bootstrap.min.css using pattern *.xwd
         No match for bootstrap/bootstrap.min.css using pattern *.3g2
         No match for bootstrap/bootstrap.min.css using pattern *.3gp2
         No match for bootstrap/bootstrap.min.css using pattern *.3gp
         No match for bootstrap/bootstrap.min.css using pattern *.3gpp
         No match for bootstrap/bootstrap.min.css using pattern *.asf
         No match for bootstrap/bootstrap.min.css using pattern *.asr
         No match for bootstrap/bootstrap.min.css using pattern *.asx
         No match for bootstrap/bootstrap.min.css using pattern *.avi
         No match for bootstrap/bootstrap.min.css using pattern *.dvr
         No match for bootstrap/bootstrap.min.css using pattern *.flv
         No match for bootstrap/bootstrap.min.css using pattern *.IVF
         No match for bootstrap/bootstrap.min.css using pattern *.lsf
         No match for bootstrap/bootstrap.min.css using pattern *.lsx
         No match for bootstrap/bootstrap.min.css using pattern *.m1v
         No match for bootstrap/bootstrap.min.css using pattern *.m2ts
         No match for bootstrap/bootstrap.min.css using pattern *.qt
         No match for bootstrap/bootstrap.min.css using pattern *.ts
         No match for bootstrap/bootstrap.min.css using pattern *.tts
         No match for bootstrap/bootstrap.min.css using pattern *.wm
         No match for bootstrap/bootstrap.min.css using pattern *.wmp
         No match for bootstrap/bootstrap.min.css using pattern *.wmv
         No match for bootstrap/bootstrap.min.css using pattern *.wmx
         No match for bootstrap/bootstrap.min.css using pattern *.wtv
         No match for bootstrap/bootstrap.min.css using pattern *.wvx
         File /Users/dacanetdev/Dev/AIGenerated/RoadmapSkills/src/DeventSoft.RoadmapSkills.BlazorApp/wwwroot/bootstrap/bootstrap.min.css exists.
         Adding endpoint bootstrap/bootstrap.min.css for asset /Users/dacanetdev/Dev/AIGenerated/RoadmapSkills/src/DeventSoft.RoadmapSkills.BlazorApp/wwwroot/bootstrap/bootstrap.min.css.
         Adding endpoint bootstrap/bootstrap.min.bpk8xqwxhs.css for asset /Users/dacanetdev/Dev/AIGenerated/RoadmapSkills/src/DeventSoft.RoadmapSkills.BlazorApp/wwwroot/bootstrap/bootstrap.min.css.
         No match for bootstrap/bootstrap.min.css.map using pattern *.bmp
         No match for bootstrap/bootstrap.min.css.map using pattern *.jpeg
         No match for bootstrap/bootstrap.min.css.map using pattern *.jpg
         No match for bootstrap/bootstrap.min.css.map using pattern *.gif
         No match for bootstrap/bootstrap.min.css.map using pattern *.svg
         No match for bootstrap/bootstrap.min.css.map using pattern *.png
         No match for bootstrap/bootstrap.min.css.map using pattern *.webp
         No match for bootstrap/bootstrap.min.css.map using pattern *.otf
         No match for bootstrap/bootstrap.min.css.map using pattern *.woff2
         No match for bootstrap/bootstrap.min.css.map using pattern *.m4v
         No match for bootstrap/bootstrap.min.css.map using pattern *.mov
         No match for bootstrap/bootstrap.min.css.map using pattern *.movie
         No match for bootstrap/bootstrap.min.css.map using pattern *.mp2
         No match for bootstrap/bootstrap.min.css.map using pattern *.mp4
         No match for bootstrap/bootstrap.min.css.map using pattern *.mp4v
         No match for bootstrap/bootstrap.min.css.map using pattern *.mpa
         No match for bootstrap/bootstrap.min.css.map using pattern *.mpe
         No match for bootstrap/bootstrap.min.css.map using pattern *.mpeg
         No match for bootstrap/bootstrap.min.css.map using pattern *.mpg
         No match for bootstrap/bootstrap.min.css.map using pattern *.mpv2
         No match for bootstrap/bootstrap.min.css.map using pattern *.nsc
         No match for bootstrap/bootstrap.min.css.map using pattern *.ogg
         No match for bootstrap/bootstrap.min.css.map using pattern *.ogv
         No match for bootstrap/bootstrap.min.css.map using pattern *.webm
         No match for bootstrap/bootstrap.min.css.map using pattern *.art
         No match for bootstrap/bootstrap.min.css.map using pattern *.cmx
         No match for bootstrap/bootstrap.min.css.map using pattern *.cod
         No match for bootstrap/bootstrap.min.css.map using pattern *.dib
         No match for bootstrap/bootstrap.min.css.map using pattern *.ico
         No match for bootstrap/bootstrap.min.css.map using pattern *.ief
         No match for bootstrap/bootstrap.min.css.map using pattern *.jfif
         No match for bootstrap/bootstrap.min.css.map using pattern *.jpe
         No match for bootstrap/bootstrap.min.css.map using pattern *.pbm
         No match for bootstrap/bootstrap.min.css.map using pattern *.pgm
         No match for bootstrap/bootstrap.min.css.map using pattern *.pnm
         No match for bootstrap/bootstrap.min.css.map using pattern *.pnz
         No match for bootstrap/bootstrap.min.css.map using pattern *.ppm
         No match for bootstrap/bootstrap.min.css.map using pattern *.ras
         No match for bootstrap/bootstrap.min.css.map using pattern *.rf
         No match for bootstrap/bootstrap.min.css.map using pattern *.rgb
         No match for bootstrap/bootstrap.min.css.map using pattern *.svgz
         No match for bootstrap/bootstrap.min.css.map using pattern *.tif
         No match for bootstrap/bootstrap.min.css.map using pattern *.tiff
         No match for bootstrap/bootstrap.min.css.map using pattern *.wbmp
         No match for bootstrap/bootstrap.min.css.map using pattern *.xbm
         No match for bootstrap/bootstrap.min.css.map using pattern *.xpm
         No match for bootstrap/bootstrap.min.css.map using pattern *.xwd
         No match for bootstrap/bootstrap.min.css.map using pattern *.3g2
         No match for bootstrap/bootstrap.min.css.map using pattern *.3gp2
         No match for bootstrap/bootstrap.min.css.map using pattern *.3gp
         No match for bootstrap/bootstrap.min.css.map using pattern *.3gpp
         No match for bootstrap/bootstrap.min.css.map using pattern *.asf
         No match for bootstrap/bootstrap.min.css.map using pattern *.asr
         No match for bootstrap/bootstrap.min.css.map using pattern *.asx
         No match for bootstrap/bootstrap.min.css.map using pattern *.avi
         No match for bootstrap/bootstrap.min.css.map using pattern *.dvr
         No match for bootstrap/bootstrap.min.css.map using pattern *.flv
         No match for bootstrap/bootstrap.min.css.map using pattern *.IVF
         No match for bootstrap/bootstrap.min.css.map using pattern *.lsf
         No match for bootstrap/bootstrap.min.css.map using pattern *.lsx
         No match for bootstrap/bootstrap.min.css.map using pattern *.m1v
         No match for bootstrap/bootstrap.min.css.map using pattern *.m2ts
         No match for bootstrap/bootstrap.min.css.map using pattern *.qt
         No match for bootstrap/bootstrap.min.css.map using pattern *.ts
         No match for bootstrap/bootstrap.min.css.map using pattern *.tts
         No match for bootstrap/bootstrap.min.css.map using pattern *.wm
         No match for bootstrap/bootstrap.min.css.map using pattern *.wmp
         No match for bootstrap/bootstrap.min.css.map using pattern *.wmv
         No match for bootstrap/bootstrap.min.css.map using pattern *.wmx
         No match for bootstrap/bootstrap.min.css.map using pattern *.wtv
         No match for bootstrap/bootstrap.min.css.map using pattern *.wvx
         File /Users/dacanetdev/Dev/AIGenerated/RoadmapSkills/src/DeventSoft.RoadmapSkills.BlazorApp/wwwroot/bootstrap/bootstrap.min.css.map exists.
         No match for bootstrap/bootstrap.min.css.map using pattern *.bmp
         No match for bootstrap/bootstrap.min.css.map using pattern *.jpeg
         No match for bootstrap/bootstrap.min.css.map using pattern *.jpg
         No match for bootstrap/bootstrap.min.css.map using pattern *.gif
         No match for bootstrap/bootstrap.min.css.map using pattern *.svg
         No match for bootstrap/bootstrap.min.css.map using pattern *.png
         No match for bootstrap/bootstrap.min.css.map using pattern *.webp
         No match for bootstrap/bootstrap.min.css.map using pattern *.otf
         No match for bootstrap/bootstrap.min.css.map using pattern *.woff2
         No match for bootstrap/bootstrap.min.css.map using pattern *.m4v
         No match for bootstrap/bootstrap.min.css.map using pattern *.mov
         No match for bootstrap/bootstrap.min.css.map using pattern *.movie
         No match for bootstrap/bootstrap.min.css.map using pattern *.mp2
         No match for bootstrap/bootstrap.min.css.map using pattern *.mp4
         No match for bootstrap/bootstrap.min.css.map using pattern *.mp4v
         No match for bootstrap/bootstrap.min.css.map using pattern *.mpa
         No match for bootstrap/bootstrap.min.css.map using pattern *.mpe
         No match for bootstrap/bootstrap.min.css.map using pattern *.mpeg
         No match for bootstrap/bootstrap.min.css.map using pattern *.mpg
         No match for bootstrap/bootstrap.min.css.map using pattern *.mpv2
         No match for bootstrap/bootstrap.min.css.map using pattern *.nsc
         No match for bootstrap/bootstrap.min.css.map using pattern *.ogg
         No match for bootstrap/bootstrap.min.css.map using pattern *.ogv
         No match for bootstrap/bootstrap.min.css.map using pattern *.webm
         No match for bootstrap/bootstrap.min.css.map using pattern *.art
         No match for bootstrap/bootstrap.min.css.map using pattern *.cmx
         No match for bootstrap/bootstrap.min.css.map using pattern *.cod
         No match for bootstrap/bootstrap.min.css.map using pattern *.dib
         No match for bootstrap/bootstrap.min.css.map using pattern *.ico
         No match for bootstrap/bootstrap.min.css.map using pattern *.ief
         No match for bootstrap/bootstrap.min.css.map using pattern *.jfif
         No match for bootstrap/bootstrap.min.css.map using pattern *.jpe
         No match for bootstrap/bootstrap.min.css.map using pattern *.pbm
         No match for bootstrap/bootstrap.min.css.map using pattern *.pgm
         No match for bootstrap/bootstrap.min.css.map using pattern *.pnm
         No match for bootstrap/bootstrap.min.css.map using pattern *.pnz
         No match for bootstrap/bootstrap.min.css.map using pattern *.ppm
         No match for bootstrap/bootstrap.min.css.map using pattern *.ras
         No match for bootstrap/bootstrap.min.css.map using pattern *.rf
         No match for bootstrap/bootstrap.min.css.map using pattern *.rgb
         No match for bootstrap/bootstrap.min.css.map using pattern *.svgz
         No match for bootstrap/bootstrap.min.css.map using pattern *.tif
         No match for bootstrap/bootstrap.min.css.map using pattern *.tiff
         No match for bootstrap/bootstrap.min.css.map using pattern *.wbmp
         No match for bootstrap/bootstrap.min.css.map using pattern *.xbm
         No match for bootstrap/bootstrap.min.css.map using pattern *.xpm
         No match for bootstrap/bootstrap.min.css.map using pattern *.xwd
         No match for bootstrap/bootstrap.min.css.map using pattern *.3g2
         No match for bootstrap/bootstrap.min.css.map using pattern *.3gp2
         No match for bootstrap/bootstrap.min.css.map using pattern *.3gp
         No match for bootstrap/bootstrap.min.css.map using pattern *.3gpp
         No match for bootstrap/bootstrap.min.css.map using pattern *.asf
         No match for bootstrap/bootstrap.min.css.map using pattern *.asr
         No match for bootstrap/bootstrap.min.css.map using pattern *.asx
         No match for bootstrap/bootstrap.min.css.map using pattern *.avi
         No match for bootstrap/bootstrap.min.css.map using pattern *.dvr
         No match for bootstrap/bootstrap.min.css.map using pattern *.flv
         No match for bootstrap/bootstrap.min.css.map using pattern *.IVF
         No match for bootstrap/bootstrap.min.css.map using pattern *.lsf
         No match for bootstrap/bootstrap.min.css.map using pattern *.lsx
         No match for bootstrap/bootstrap.min.css.map using pattern *.m1v
         No match for bootstrap/bootstrap.min.css.map using pattern *.m2ts
         No match for bootstrap/bootstrap.min.css.map using pattern *.qt
         No match for bootstrap/bootstrap.min.css.map using pattern *.ts
         No match for bootstrap/bootstrap.min.css.map using pattern *.tts
         No match for bootstrap/bootstrap.min.css.map using pattern *.wm
         No match for bootstrap/bootstrap.min.css.map using pattern *.wmp
         No match for bootstrap/bootstrap.min.css.map using pattern *.wmv
         No match for bootstrap/bootstrap.min.css.map using pattern *.wmx
         No match for bootstrap/bootstrap.min.css.map using pattern *.wtv
         No match for bootstrap/bootstrap.min.css.map using pattern *.wvx
         File /Users/dacanetdev/Dev/AIGenerated/RoadmapSkills/src/DeventSoft.RoadmapSkills.BlazorApp/wwwroot/bootstrap/bootstrap.min.css.map exists.
         Adding endpoint bootstrap/bootstrap.min.css.map for asset /Users/dacanetdev/Dev/AIGenerated/RoadmapSkills/src/DeventSoft.RoadmapSkills.BlazorApp/wwwroot/bootstrap/bootstrap.min.css.map.
         Adding endpoint bootstrap/bootstrap.min.css.8inm30yfxf.map for asset /Users/dacanetdev/Dev/AIGenerated/RoadmapSkills/src/DeventSoft.RoadmapSkills.BlazorApp/wwwroot/bootstrap/bootstrap.min.css.map.
         No match for favicon.png using pattern *.bmp
         No match for favicon.png using pattern *.jpeg
         No match for favicon.png using pattern *.jpg
         No match for favicon.png using pattern *.gif
         No match for favicon.png using pattern *.svg
         Matched favicon.png to image/png using pattern *.png
         File /Users/dacanetdev/Dev/AIGenerated/RoadmapSkills/src/DeventSoft.RoadmapSkills.BlazorApp/wwwroot/favicon.png exists.
         No match for favicon.png using pattern *.bmp
         No match for favicon.png using pattern *.jpeg
         No match for favicon.png using pattern *.jpg
         No match for favicon.png using pattern *.gif
         No match for favicon.png using pattern *.svg
         Matched favicon.png to image/png using pattern *.png
         File /Users/dacanetdev/Dev/AIGenerated/RoadmapSkills/src/DeventSoft.RoadmapSkills.BlazorApp/wwwroot/favicon.png exists.
         Adding endpoint favicon.png for asset /Users/dacanetdev/Dev/AIGenerated/RoadmapSkills/src/DeventSoft.RoadmapSkills.BlazorApp/wwwroot/favicon.png.
         Adding endpoint favicon.ifv42okdf2.png for asset /Users/dacanetdev/Dev/AIGenerated/RoadmapSkills/src/DeventSoft.RoadmapSkills.BlazorApp/wwwroot/favicon.png.
         Assembly loaded during TaskRun (Microsoft.AspNetCore.StaticWebAssets.Tasks.DefineStaticWebAssetEndpoints): System.IO.Pipelines, Version=9.0.0.0, Culture=neutral, PublicKeyToken=cc7b13ffcd2ddd51 (location: /usr/local/share/dotnet/shared/Microsoft.NETCore.App/9.0.2/System.IO.Pipelines.dll, MVID: 4f0be5ca-5dc5-4e52-9145-bb7fe8fc75c8, AssemblyLoadContext: Default)
       Done executing task "DefineStaticWebAssetEndpoints".
   8:6>Done building target "ResolveProjectStaticWebAssets" in project "DeventSoft.RoadmapSkills.BlazorApp.csproj".
   8:6>Target "AssignTargetPaths" in file "/usr/local/share/dotnet/sdk/9.0.200/Microsoft.Common.CurrentVersion.targets" from project "/Users/dacanetdev/Dev/AIGenerated/RoadmapSkills/src/DeventSoft.RoadmapSkills.BlazorApp/DeventSoft.RoadmapSkills.BlazorApp.csproj" (target "PrepareResourceNames" depends on it):
       Using "AssignTargetPath" task from assembly "Microsoft.Build.Tasks.Core, Version=15.1.0.0, Culture=neutral, PublicKeyToken=b03f5f7f11d50a3a".
       Task "AssignTargetPath"
       Done executing task "AssignTargetPath".
       Task "AssignTargetPath"
       Done executing task "AssignTargetPath".
       Task "AssignTargetPath"
       Done executing task "AssignTargetPath".
       Task "AssignTargetPath"
       Done executing task "AssignTargetPath".
       Task "AssignTargetPath" skipped, due to false condition; ('@(_DeploymentBaseManifestWithTargetPath)'=='' and '%(None.Extension)'=='.manifest') was evaluated as (''=='' and '.css'=='.manifest').
       Task "AssignTargetPath" skipped, due to false condition; ('@(_DeploymentBaseManifestWithTargetPath)'=='' and '%(None.Extension)'=='.manifest') was evaluated as (''=='' and '.json'=='.manifest').
       Task "AssignTargetPath" skipped, due to false condition; ('@(_DeploymentBaseManifestWithTargetPath)'=='' and '%(None.Extension)'=='.manifest') was evaluated as (''=='' and ''=='.manifest').
   8:6>Done building target "AssignTargetPaths" in project "DeventSoft.RoadmapSkills.BlazorApp.csproj".
       Target "AssignTargetPaths" skipped. Previously built successfully.
   8:6>Target "SplitResourcesByCulture" in file "/usr/local/share/dotnet/sdk/9.0.200/Microsoft.Common.CurrentVersion.targets" from project "/Users/dacanetdev/Dev/AIGenerated/RoadmapSkills/src/DeventSoft.RoadmapSkills.BlazorApp/DeventSoft.RoadmapSkills.BlazorApp.csproj" (target "PrepareResourceNames" depends on it):
       Task "MSBuildInternalMessage" skipped, due to false condition; ('@(ResxWithNoCulture)'!='') was evaluated as (''!='').
       Task "MSBuildInternalMessage" skipped, due to false condition; ('@(ResxWithCulture)'!='') was evaluated as (''!='').
       Task "MSBuildInternalMessage" skipped, due to false condition; ('@(NonResxWithCulture)'!='') was evaluated as (''!='').
       Task "MSBuildInternalMessage" skipped, due to false condition; ('@(NonResxWithNoCulture)'!='') was evaluated as (''!='').
       Using "AssignCulture" task from assembly "Microsoft.Build.Tasks.Core, Version=15.1.0.0, Culture=neutral, PublicKeyToken=b03f5f7f11d50a3a".
       Task "AssignCulture"
       Done executing task "AssignCulture".
   8:6>Done building target "SplitResourcesByCulture" in project "DeventSoft.RoadmapSkills.BlazorApp.csproj".
       Target "CreateManifestResourceNames" skipped, due to false condition; ('@(EmbeddedResource)' != '') was evaluated as ('' != '').
   8:6>Target "CreateCustomManifestResourceNames" in file "/usr/local/share/dotnet/sdk/9.0.200/Microsoft.Common.CurrentVersion.targets" from project "/Users/dacanetdev/Dev/AIGenerated/RoadmapSkills/src/DeventSoft.RoadmapSkills.BlazorApp/DeventSoft.RoadmapSkills.BlazorApp.csproj" (target "PrepareResourceNames" depends on it):
   8:6>Done building target "CreateCustomManifestResourceNames" in project "DeventSoft.RoadmapSkills.BlazorApp.csproj".
   8:6>Target "PrepareResourceNames" in file "/usr/local/share/dotnet/sdk/9.0.200/Microsoft.Common.CurrentVersion.targets" from project "/Users/dacanetdev/Dev/AIGenerated/RoadmapSkills/src/DeventSoft.RoadmapSkills.BlazorApp/DeventSoft.RoadmapSkills.BlazorApp.csproj" (target "PrepareResources" depends on it):
   8:6>Done building target "PrepareResourceNames" in project "DeventSoft.RoadmapSkills.BlazorApp.csproj".
       Target "ResolveAssemblyReferences" skipped. Previously built successfully.
       Target "SplitResourcesByCulture" skipped. Previously built successfully.
   8:6>Target "BeforeResGen" in file "/usr/local/share/dotnet/sdk/9.0.200/Microsoft.Common.CurrentVersion.targets" from project "/Users/dacanetdev/Dev/AIGenerated/RoadmapSkills/src/DeventSoft.RoadmapSkills.BlazorApp/DeventSoft.RoadmapSkills.BlazorApp.csproj" (target "ResGen" depends on it):
   8:6>Done building target "BeforeResGen" in project "DeventSoft.RoadmapSkills.BlazorApp.csproj".
       Target "ResolveReferences" skipped. Previously built successfully.
   8:6>Target "FindReferenceAssembliesForReferences" in file "/usr/local/share/dotnet/sdk/9.0.200/Microsoft.Common.CurrentVersion.targets" from project "/Users/dacanetdev/Dev/AIGenerated/RoadmapSkills/src/DeventSoft.RoadmapSkills.BlazorApp/DeventSoft.RoadmapSkills.BlazorApp.csproj" (target "CoreResGen" depends on it):
   8:6>Done building target "FindReferenceAssembliesForReferences" in project "DeventSoft.RoadmapSkills.BlazorApp.csproj".
   8:6>Target "CoreResGen" in file "/usr/local/share/dotnet/sdk/9.0.200/Microsoft.Common.CurrentVersion.targets" from project "/Users/dacanetdev/Dev/AIGenerated/RoadmapSkills/src/DeventSoft.RoadmapSkills.BlazorApp/DeventSoft.RoadmapSkills.BlazorApp.csproj" (target "ResGen" depends on it):
       Task "GenerateResource" skipped, due to false condition; ('%(EmbeddedResource.Type)' == 'Resx' and '%(EmbeddedResource.GenerateResource)' != 'false' and '$(GenerateResourceMSBuildRuntime)' != 'CLR2') was evaluated as ('' == 'Resx' and '' != 'false' and 'CurrentRuntime' != 'CLR2').
       Task "GenerateResource" skipped, due to false condition; ('%(EmbeddedResource.Type)' == 'Resx' and '%(EmbeddedResource.GenerateResource)' != 'false' and '$(GenerateResourceMSBuildRuntime)' == 'CLR2') was evaluated as ('' == 'Resx' and '' != 'false' and 'CurrentRuntime' == 'CLR2').
   8:6>Done building target "CoreResGen" in project "DeventSoft.RoadmapSkills.BlazorApp.csproj".
   8:6>Target "AfterResGen" in file "/usr/local/share/dotnet/sdk/9.0.200/Microsoft.Common.CurrentVersion.targets" from project "/Users/dacanetdev/Dev/AIGenerated/RoadmapSkills/src/DeventSoft.RoadmapSkills.BlazorApp/DeventSoft.RoadmapSkills.BlazorApp.csproj" (target "ResGen" depends on it):
   8:6>Done building target "AfterResGen" in project "DeventSoft.RoadmapSkills.BlazorApp.csproj".
   8:6>Target "ResGen" in file "/usr/local/share/dotnet/sdk/9.0.200/Microsoft.Common.CurrentVersion.targets" from project "/Users/dacanetdev/Dev/AIGenerated/RoadmapSkills/src/DeventSoft.RoadmapSkills.BlazorApp/DeventSoft.RoadmapSkills.BlazorApp.csproj" (target "PrepareResources" depends on it):
   8:6>Done building target "ResGen" in project "DeventSoft.RoadmapSkills.BlazorApp.csproj".
       Target "CompileLicxFiles" skipped, due to false condition; ('@(_LicxFile)'!='') was evaluated as (''!='').
   8:6>Target "PrepareResources" in file "/usr/local/share/dotnet/sdk/9.0.200/Microsoft.Common.CurrentVersion.targets" from project "/Users/dacanetdev/Dev/AIGenerated/RoadmapSkills/src/DeventSoft.RoadmapSkills.BlazorApp/DeventSoft.RoadmapSkills.BlazorApp.csproj" (target "CoreBuild" depends on it):
   8:6>Done building target "PrepareResources" in project "DeventSoft.RoadmapSkills.BlazorApp.csproj".
       Target "ResolveKeySource" skipped, due to false condition; ($(SignManifests) == 'true' or $(SignAssembly) == 'true') was evaluated as ( == 'true' or false == 'true').
       Target "ResolveReferences" skipped. Previously built successfully.
       Target "ResolveKeySource" skipped, due to false condition; ($(SignManifests) == 'true' or $(SignAssembly) == 'true') was evaluated as ( == 'true' or false == 'true').
       Target "ResolveComReferences" skipped, due to false condition; ('@(COMReference)'!='' or '@(COMFileReference)'!='') was evaluated as (''!='' or ''!='').
       Target "ResolveNativeReferences" skipped, due to false condition; ('@(NativeReference)'!='') was evaluated as (''!='').
       Target "_SetExternalWin32ManifestProperties" skipped, due to false condition; ('$(GenerateClickOnceManifests)'=='true' or '@(NativeReference)'!='' or '@(ResolvedIsolatedComModules)'!='') was evaluated as (''=='true' or ''!='' or ''!='').
   8:6>Target "_SetEmbeddedWin32ManifestProperties" in file "/usr/local/share/dotnet/sdk/9.0.200/Microsoft.Common.CurrentVersion.targets" from project "/Users/dacanetdev/Dev/AIGenerated/RoadmapSkills/src/DeventSoft.RoadmapSkills.BlazorApp/DeventSoft.RoadmapSkills.BlazorApp.csproj" (target "SetWin32ManifestProperties" depends on it):
       Using "GetFrameworkPath" task from assembly "Microsoft.Build.Tasks.Core, Version=15.1.0.0, Culture=neutral, PublicKeyToken=b03f5f7f11d50a3a".
       Task "GetFrameworkPath"
       Done executing task "GetFrameworkPath".
   8:6>Done building target "_SetEmbeddedWin32ManifestProperties" in project "DeventSoft.RoadmapSkills.BlazorApp.csproj".
   8:6>Target "SetWin32ManifestProperties" in file "/usr/local/share/dotnet/sdk/9.0.200/Microsoft.Common.CurrentVersion.targets" from project "/Users/dacanetdev/Dev/AIGenerated/RoadmapSkills/src/DeventSoft.RoadmapSkills.BlazorApp/DeventSoft.RoadmapSkills.BlazorApp.csproj" (target "Compile" depends on it):
   8:6>Done building target "SetWin32ManifestProperties" in project "DeventSoft.RoadmapSkills.BlazorApp.csproj".
       Target "_SetPreferNativeArm64Win32ManifestProperties" skipped, due to false condition; ( '$(PreferNativeArm64)'=='true' and '$(NoWin32Manifest)'!='true') was evaluated as ( 'false'=='true' and ''!='true').
       Target "FindReferenceAssembliesForReferences" skipped. Previously built successfully.
   8:6>Target "_GenerateCompileInputs" in file "/usr/local/share/dotnet/sdk/9.0.200/Microsoft.Common.CurrentVersion.targets" from project "/Users/dacanetdev/Dev/AIGenerated/RoadmapSkills/src/DeventSoft.RoadmapSkills.BlazorApp/DeventSoft.RoadmapSkills.BlazorApp.csproj" (target "Compile" depends on it):
       Task "MSBuildInternalMessage" skipped, due to false condition; ('@(ManifestResourceWithNoCulture)'!='' and '%(ManifestResourceWithNoCulture.EmittedForCompatibilityOnly)'=='') was evaluated as (''!='' and ''=='').
       Task "MSBuildInternalMessage" skipped, due to false condition; ('@(ManifestNonResxWithNoCultureOnDisk)'!='' and '%(ManifestNonResxWithNoCultureOnDisk.EmittedForCompatibilityOnly)'=='') was evaluated as (''!='' and ''=='').
   8:6>Done building target "_GenerateCompileInputs" in project "DeventSoft.RoadmapSkills.BlazorApp.csproj".
       Target "GenerateTargetPlatformDefineConstants" skipped, due to false condition; ( '$(DisableImplicitFrameworkDefines)' != 'true' and '$(TargetPlatformIdentifier)' != '' and '$(TargetFrameworkIdentifier)' == '.NETCoreApp' and $([MSBuild]::VersionGreaterThanOrEquals($(TargetFrameworkVersion), 5.0)) ) was evaluated as ( '' != 'true' and '' != '' and '.NETCoreApp' == '.NETCoreApp' and True ).
   8:6>Target "GenerateNETCompatibleDefineConstants" in file "/usr/local/share/dotnet/sdk/9.0.200/Sdks/Microsoft.NET.Sdk/targets/Microsoft.NET.Sdk.BeforeCommon.targets" from project "/Users/dacanetdev/Dev/AIGenerated/RoadmapSkills/src/DeventSoft.RoadmapSkills.BlazorApp/DeventSoft.RoadmapSkills.BlazorApp.csproj" (target "AddImplicitDefineConstants" depends on it):
   8:6>Done building target "GenerateNETCompatibleDefineConstants" in project "DeventSoft.RoadmapSkills.BlazorApp.csproj".
       Target "GeneratePlatformCompatibleDefineConstants" skipped, due to false condition; ( '$(DisableImplicitFrameworkDefines)' != 'true' and '$(TargetPlatformIdentifier)' != '' and '$(TargetFrameworkIdentifier)' == '.NETCoreApp' and $([MSBuild]::VersionGreaterThanOrEquals($(TargetFrameworkVersion), 5.0)) ) was evaluated as ( '' != 'true' and '' != '' and '.NETCoreApp' == '.NETCoreApp' and True ).
       Target "_DisableDiagnosticTracing" skipped, due to false condition; ('$(DisableDiagnosticTracing)' == 'true') was evaluated as ('' == 'true').
   8:6>Target "AddImplicitDefineConstants" in file "/usr/local/share/dotnet/sdk/9.0.200/Sdks/Microsoft.NET.Sdk/targets/Microsoft.NET.Sdk.BeforeCommon.targets" from project "/Users/dacanetdev/Dev/AIGenerated/RoadmapSkills/src/DeventSoft.RoadmapSkills.BlazorApp/DeventSoft.RoadmapSkills.BlazorApp.csproj" (target "BeforeCompile" depends on it):
   8:6>Done building target "AddImplicitDefineConstants" in project "DeventSoft.RoadmapSkills.BlazorApp.csproj".
       Target "PrepareForBuild" skipped. Previously built successfully.
   8:6>Target "ResolveRazorConfiguration" in file "/usr/local/share/dotnet/sdk/9.0.200/Sdks/Microsoft.NET.Sdk.Razor/targets/Sdk.Razor.CurrentVersion.targets" from project "/Users/dacanetdev/Dev/AIGenerated/RoadmapSkills/src/DeventSoft.RoadmapSkills.BlazorApp/DeventSoft.RoadmapSkills.BlazorApp.csproj" (target "PrepareForRazorGenerate" depends on it):
       Task "Warning" skipped, due to false condition; ('$(_Targeting30OrNewerRazorLangVersion)' == 'true' AND '@(ResolvedRazorConfiguration->Count())' == '0') was evaluated as ('true' == 'true' AND '1' == '0').
       Task "Warning" skipped, due to false condition; ('$(_Targeting30OrNewerRazorLangVersion)' == 'true' AND '@(ResolvedRazorConfiguration->Count())' > '1') was evaluated as ('true' == 'true' AND '1' > '1').
       Task "Warning" skipped, due to false condition; ('$(_Targeting30OrNewerRazorLangVersion)' != 'true' AND '$(_TargetingNETCoreApp30OrLater)' == 'true') was evaluated as ('true' != 'true' AND 'true' == 'true').
       Using "FindInList" task from assembly "Microsoft.Build.Tasks.Core, Version=15.1.0.0, Culture=neutral, PublicKeyToken=b03f5f7f11d50a3a".
       Task "FindInList"
         Found "MVC-3.0".
       Done executing task "FindInList".
   8:6>Done building target "ResolveRazorConfiguration" in project "DeventSoft.RoadmapSkills.BlazorApp.csproj".
       Target "ResolveRazorGenerateInputs" skipped. Previously built successfully.
       Target "AssignRazorGenerateTargetPaths" skipped, due to false condition; ('@(RazorGenerate)' != '') was evaluated as ('' != '').
   8:6>Target "ResolveScopedCssInputs" in file "/usr/local/share/dotnet/sdk/9.0.200/Sdks/Microsoft.NET.Sdk.StaticWebAssets/targets/Microsoft.NET.Sdk.StaticWebAssets.ScopedCss.targets" from project "/Users/dacanetdev/Dev/AIGenerated/RoadmapSkills/src/DeventSoft.RoadmapSkills.BlazorApp/DeventSoft.RoadmapSkills.BlazorApp.csproj" (target "ComputeCssScope" depends on it):
       Using "DiscoverDefaultScopedCssItems" task from assembly "/usr/local/share/dotnet/sdk/9.0.200/Sdks/Microsoft.NET.Sdk.StaticWebAssets/targets/../tasks/net9.0/Microsoft.NET.Sdk.StaticWebAssets.Tasks.dll".
       Task "DiscoverDefaultScopedCssItems"
       Done executing task "DiscoverDefaultScopedCssItems".
   8:6>Done building target "ResolveScopedCssInputs" in project "DeventSoft.RoadmapSkills.BlazorApp.csproj".
   8:6>Target "ComputeCssScope" in file "/usr/local/share/dotnet/sdk/9.0.200/Sdks/Microsoft.NET.Sdk.StaticWebAssets/targets/Microsoft.NET.Sdk.StaticWebAssets.ScopedCss.targets" from project "/Users/dacanetdev/Dev/AIGenerated/RoadmapSkills/src/DeventSoft.RoadmapSkills.BlazorApp/DeventSoft.RoadmapSkills.BlazorApp.csproj" (target "ResolveCssScopes" depends on it):
       Using "ComputeCssScope" task from assembly "/usr/local/share/dotnet/sdk/9.0.200/Sdks/Microsoft.NET.Sdk.StaticWebAssets/targets/../tasks/net9.0/Microsoft.NET.Sdk.StaticWebAssets.Tasks.dll".
       Task "ComputeCssScope"
       Done executing task "ComputeCssScope".
   8:6>Done building target "ComputeCssScope" in project "DeventSoft.RoadmapSkills.BlazorApp.csproj".
   8:6>Target "ResolveRazorComponentInputs" in file "/usr/local/share/dotnet/sdk/9.0.200/Sdks/Microsoft.NET.Sdk.Razor/targets/Sdk.Razor.CurrentVersion.targets" from project "/Users/dacanetdev/Dev/AIGenerated/RoadmapSkills/src/DeventSoft.RoadmapSkills.BlazorApp/DeventSoft.RoadmapSkills.BlazorApp.csproj" (target "ResolveCssScopes" depends on it):
   8:6>Done building target "ResolveRazorComponentInputs" in project "DeventSoft.RoadmapSkills.BlazorApp.csproj".
       Target "ResolveRazorGenerateInputs" skipped. Previously built successfully.
   8:6>Target "ResolveCssScopes" in file "/usr/local/share/dotnet/sdk/9.0.200/Sdks/Microsoft.NET.Sdk.Razor/targets/Sdk.Razor.CurrentVersion.targets" from project "/Users/dacanetdev/Dev/AIGenerated/RoadmapSkills/src/DeventSoft.RoadmapSkills.BlazorApp/DeventSoft.RoadmapSkills.BlazorApp.csproj" (target "AssignRazorGenerateTargetPaths" depends on it):
       Using "ApplyCssScopes" task from assembly "/usr/local/share/dotnet/sdk/9.0.200/Sdks/Microsoft.NET.Sdk.StaticWebAssets/targets/../tasks/net9.0/Microsoft.NET.Sdk.StaticWebAssets.Tasks.dll".
       Task "ApplyCssScopes"
       Done executing task "ApplyCssScopes".
   8:6>Done building target "ResolveCssScopes" in project "DeventSoft.RoadmapSkills.BlazorApp.csproj".
   8:6>Target "_ResolveGeneratedRazorCompileInputs" in file "/usr/local/share/dotnet/sdk/9.0.200/Sdks/Microsoft.NET.Sdk.Razor/targets/Sdk.Razor.CurrentVersion.targets" from project "/Users/dacanetdev/Dev/AIGenerated/RoadmapSkills/src/DeventSoft.RoadmapSkills.BlazorApp/DeventSoft.RoadmapSkills.BlazorApp.csproj" (target "PrepareForRazorGenerate" depends on it):
   8:6>Done building target "_ResolveGeneratedRazorCompileInputs" in project "DeventSoft.RoadmapSkills.BlazorApp.csproj".
       Target "_CheckForIncorrectMvcConfiguration" skipped, due to false condition; ('@(ResolvedRazorConfiguration)' == 'Default' AND
             ('$(RazorCompileOnBuild)' == 'true' OR '$(RazorCompileOnPublish)' =='true') AND
             '@(RazorGenerate->Count())' != '0' AND
             '$(_Targeting30OrNewerRazorLangVersion)' == 'true' AND
             '$(_IsTargetingRazor2X)' != 'true') was evaluated as ('MVC-3.0' == 'Default' AND
             ('true' == 'true' OR 'true' =='true') AND
             '0' != '0' AND
             'true' == 'true' AND
             '' != 'true').
   8:6>Target "PrepareForRazorGenerate" in file "/usr/local/share/dotnet/sdk/9.0.200/Sdks/Microsoft.NET.Sdk.Razor/targets/Sdk.Razor.CurrentVersion.targets" from project "/Users/dacanetdev/Dev/AIGenerated/RoadmapSkills/src/DeventSoft.RoadmapSkills.BlazorApp/DeventSoft.RoadmapSkills.BlazorApp.csproj" (target "_PrepareRazorSourceGenerators" depends on it):
   8:6>Done building target "PrepareForRazorGenerate" in project "DeventSoft.RoadmapSkills.BlazorApp.csproj".
       Target "ResolveRazorConfiguration" skipped. Previously built successfully.
       Target "ResolveRazorComponentInputs" skipped. Previously built successfully.
       Target "_CheckForIncorrectComponentsConfiguration" skipped, due to false condition; (('$(RazorCompileOnBuild)' == 'true' OR '$(RazorCompileOnPublish)' =='true') AND
             '@(RazorComponent->Count())' != '0' AND
             '$(_Targeting30OrNewerRazorLangVersion)' != 'true' AND
             '$(_IsTargetingRazor2X)' != 'true') was evaluated as (('true' == 'true' OR 'true' =='true') AND
             '9' != '0' AND
             'true' != 'true' AND
             '' != 'true').
   8:6>Target "AssignRazorComponentTargetPaths" in file "/usr/local/share/dotnet/sdk/9.0.200/Sdks/Microsoft.NET.Sdk.Razor/targets/Sdk.Razor.CurrentVersion.targets" from project "/Users/dacanetdev/Dev/AIGenerated/RoadmapSkills/src/DeventSoft.RoadmapSkills.BlazorApp/DeventSoft.RoadmapSkills.BlazorApp.csproj" (target "PrepareForRazorComponentGenerate" depends on it):
       Task "AssignTargetPath"
       Done executing task "AssignTargetPath".
   8:6>Done building target "AssignRazorComponentTargetPaths" in project "DeventSoft.RoadmapSkills.BlazorApp.csproj".
   8:6>Target "PrepareForRazorComponentGenerate" in file "/usr/local/share/dotnet/sdk/9.0.200/Sdks/Microsoft.NET.Sdk.Razor/targets/Sdk.Razor.CurrentVersion.targets" from project "/Users/dacanetdev/Dev/AIGenerated/RoadmapSkills/src/DeventSoft.RoadmapSkills.BlazorApp/DeventSoft.RoadmapSkills.BlazorApp.csproj" (target "_PrepareRazorSourceGenerators" depends on it):
   8:6>Done building target "PrepareForRazorComponentGenerate" in project "DeventSoft.RoadmapSkills.BlazorApp.csproj".
   8:6>Target "_PrepareRazorSourceGenerators" in file "/usr/local/share/dotnet/sdk/9.0.200/Sdks/Microsoft.NET.Sdk.Razor/targets/Microsoft.NET.Sdk.Razor.SourceGenerators.targets" from project "/Users/dacanetdev/Dev/AIGenerated/RoadmapSkills/src/DeventSoft.RoadmapSkills.BlazorApp/DeventSoft.RoadmapSkills.BlazorApp.csproj" (target "GenerateMSBuildEditorConfigFileShouldRun" depends on it):
       Using "EncodeRazorInputItem" task from assembly "/usr/local/share/dotnet/sdk/9.0.200/Sdks/Microsoft.NET.Sdk.Razor/targets/../tasks/net9.0/Microsoft.NET.Sdk.Razor.Tasks.dll".
       Task "EncodeRazorInputItem"
       Done executing task "EncodeRazorInputItem".
   8:6>Done building target "_PrepareRazorSourceGenerators" in project "DeventSoft.RoadmapSkills.BlazorApp.csproj".
   8:6>Target "GenerateMSBuildEditorConfigFileShouldRun" in file "/usr/local/share/dotnet/sdk/9.0.200/Roslyn/Microsoft.Managed.Core.targets" from project "/Users/dacanetdev/Dev/AIGenerated/RoadmapSkills/src/DeventSoft.RoadmapSkills.BlazorApp/DeventSoft.RoadmapSkills.BlazorApp.csproj" (target "GenerateMSBuildEditorConfigFile" depends on it):
   8:6>Done building target "GenerateMSBuildEditorConfigFileShouldRun" in project "DeventSoft.RoadmapSkills.BlazorApp.csproj".
   8:6>Target "AddGlobalAnalyzerConfigForPackage_MicrosoftCodeAnalysisCSharpCodeStyle" in file "/usr/local/share/dotnet/sdk/9.0.200/Sdks/Microsoft.NET.Sdk/codestyle/cs/build/Microsoft.CodeAnalysis.CSharp.CodeStyle.targets" from project "/Users/dacanetdev/Dev/AIGenerated/RoadmapSkills/src/DeventSoft.RoadmapSkills.BlazorApp/DeventSoft.RoadmapSkills.BlazorApp.csproj" (target "GenerateMSBuildEditorConfigFileCore" depends on it):
   8:6>Done building target "AddGlobalAnalyzerConfigForPackage_MicrosoftCodeAnalysisCSharpCodeStyle" in project "DeventSoft.RoadmapSkills.BlazorApp.csproj".
   8:6>Target "GenerateMSBuildEditorConfigFileCore" in file "/usr/local/share/dotnet/sdk/9.0.200/Roslyn/Microsoft.Managed.Core.targets" from project "/Users/dacanetdev/Dev/AIGenerated/RoadmapSkills/src/DeventSoft.RoadmapSkills.BlazorApp/DeventSoft.RoadmapSkills.BlazorApp.csproj" (target "GenerateMSBuildEditorConfigFile" depends on it):
       Building target "GenerateMSBuildEditorConfigFileCore" completely.
       No input files were specified.
       Using "GenerateMSBuildEditorConfig" task from assembly "/usr/local/share/dotnet/sdk/9.0.200/Roslyn/Microsoft.Build.Tasks.CodeAnalysis.dll".
       Task "GenerateMSBuildEditorConfig"
       Done executing task "GenerateMSBuildEditorConfig".
   8:6>Done building target "GenerateMSBuildEditorConfigFileCore" in project "DeventSoft.RoadmapSkills.BlazorApp.csproj".
   8:6>Target "GenerateMSBuildEditorConfigFile" in file "/usr/local/share/dotnet/sdk/9.0.200/Roslyn/Microsoft.Managed.Core.targets" from project "/Users/dacanetdev/Dev/AIGenerated/RoadmapSkills/src/DeventSoft.RoadmapSkills.BlazorApp/DeventSoft.RoadmapSkills.BlazorApp.csproj" (target "BeforeCompile" depends on it):
   8:6>Done building target "GenerateMSBuildEditorConfigFile" in project "DeventSoft.RoadmapSkills.BlazorApp.csproj".
       Target "PrepareForBuild" skipped. Previously built successfully.
       Target "GetReferenceAssemblyPaths" skipped. Previously built successfully.
   8:6>Target "_SetTargetFrameworkMonikerAttribute" in file "/usr/local/share/dotnet/sdk/9.0.200/Microsoft.CSharp.CurrentVersion.targets" from project "/Users/dacanetdev/Dev/AIGenerated/RoadmapSkills/src/DeventSoft.RoadmapSkills.BlazorApp/DeventSoft.RoadmapSkills.BlazorApp.csproj" (target "GenerateTargetFrameworkMonikerAttribute" depends on it):
   8:6>Done building target "_SetTargetFrameworkMonikerAttribute" in project "DeventSoft.RoadmapSkills.BlazorApp.csproj".
   8:6>Target "GenerateTargetFrameworkMonikerAttribute" in file "/usr/local/share/dotnet/sdk/9.0.200/Microsoft.Common.CurrentVersion.targets" from project "/Users/dacanetdev/Dev/AIGenerated/RoadmapSkills/src/DeventSoft.RoadmapSkills.BlazorApp/DeventSoft.RoadmapSkills.BlazorApp.csproj" (target "BeforeCompile" depends on it):
       Skipping target "GenerateTargetFrameworkMonikerAttribute" because all output files are up-to-date with respect to the input files.
       Input files: /usr/local/share/dotnet/sdk/9.0.200/Microsoft.Common.targets
       Output files: obj/Debug/net8.0/.NETCoreApp,Version=v8.0.AssemblyAttributes.cs
   8:6>Done building target "GenerateTargetFrameworkMonikerAttribute" in project "DeventSoft.RoadmapSkills.BlazorApp.csproj".
       Target "GenerateAdditionalSources" skipped, due to false condition; ('@(AssemblyAttributes)' != '' and '$(GenerateAdditionalSources)' == 'true') was evaluated as ('' != '' and '' == 'true').
       Target "PrepareForBuild" skipped. Previously built successfully.
   8:6>Target "GetAssemblyVersion" in file "/usr/local/share/dotnet/sdk/9.0.200/Sdks/Microsoft.NET.Sdk/targets/Microsoft.NET.GenerateAssemblyInfo.targets" from project "/Users/dacanetdev/Dev/AIGenerated/RoadmapSkills/src/DeventSoft.RoadmapSkills.BlazorApp/DeventSoft.RoadmapSkills.BlazorApp.csproj" (target "GetAssemblyAttributes" depends on it):
       Using "GetAssemblyVersion" task from assembly "/usr/local/share/dotnet/sdk/9.0.200/Sdks/Microsoft.NET.Sdk/targets/../tools/net9.0/Microsoft.NET.Build.Tasks.dll".
       Task "GetAssemblyVersion"
       Done executing task "GetAssemblyVersion".
   8:6>Done building target "GetAssemblyVersion" in project "DeventSoft.RoadmapSkills.BlazorApp.csproj".
       Target "GetAssemblyVersion" skipped. Previously built successfully.
   8:6>Target "InitializeSourceControlInformationFromSourceControlManager" in file "/usr/local/share/dotnet/sdk/9.0.200/Sdks/Microsoft.Build.Tasks.Git/build/Microsoft.Build.Tasks.Git.targets" from project "/Users/dacanetdev/Dev/AIGenerated/RoadmapSkills/src/DeventSoft.RoadmapSkills.BlazorApp/DeventSoft.RoadmapSkills.BlazorApp.csproj" (target "_InitializeSourceControlInformationFromSourceControlManager" depends on it):
       Using "Microsoft.Build.Tasks.Git.LocateRepository" task from assembly "/usr/local/share/dotnet/sdk/9.0.200/Sdks/Microsoft.Build.Tasks.Git/build/../tools/net/Microsoft.Build.Tasks.Git.dll".
       Task "Microsoft.Build.Tasks.Git.LocateRepository"
         SourceLink: Repository instance not found in cache: '*:/Users/dacanetdev/Dev/AIGenerated/RoadmapSkills/.git'
       Done executing task "Microsoft.Build.Tasks.Git.LocateRepository".
   8:6>Done building target "InitializeSourceControlInformationFromSourceControlManager" in project "DeventSoft.RoadmapSkills.BlazorApp.csproj".
   8:6>Target "_SourceLinkHasSingleProvider" in file "/usr/local/share/dotnet/sdk/9.0.200/Sdks/Microsoft.SourceLink.Common/build/InitializeSourceControlInformation.targets" from project "/Users/dacanetdev/Dev/AIGenerated/RoadmapSkills/src/DeventSoft.RoadmapSkills.BlazorApp/DeventSoft.RoadmapSkills.BlazorApp.csproj" (target "_InitializeSourceControlInformationFromSourceControlManager" depends on it):
       Assembly loaded during TaskRun: Microsoft.SourceLink.Common, Version=9.0.11.11701, Culture=neutral, PublicKeyToken=31bf3856ad364e35 (location: /usr/local/share/dotnet/sdk/9.0.200/Sdks/Microsoft.SourceLink.Common/tools/net/Microsoft.SourceLink.Common.dll, MVID: e7b93933-92ac-4eda-8ab8-a1e1c543bfb2, AssemblyLoadContext: MSBuild plugin /usr/local/share/dotnet/sdk/9.0.200/Sdks/Microsoft.SourceLink.Common/tools/net/Microsoft.SourceLink.Common.dll)
       Using "Microsoft.SourceLink.Common.SourceLinkHasSingleProvider" task from assembly "/usr/local/share/dotnet/sdk/9.0.200/Sdks/Microsoft.SourceLink.Common/build/../tools/net/Microsoft.SourceLink.Common.dll".
       Task "Microsoft.SourceLink.Common.SourceLinkHasSingleProvider"
       Done executing task "Microsoft.SourceLink.Common.SourceLinkHasSingleProvider".
   8:6>Done building target "_SourceLinkHasSingleProvider" in project "DeventSoft.RoadmapSkills.BlazorApp.csproj".
   8:6>Target "TranslateGitHubUrlsInSourceControlInformation" in file "/usr/local/share/dotnet/sdk/9.0.200/Sdks/Microsoft.SourceLink.GitHub/build/Microsoft.SourceLink.GitHub.targets" from project "/Users/dacanetdev/Dev/AIGenerated/RoadmapSkills/src/DeventSoft.RoadmapSkills.BlazorApp/DeventSoft.RoadmapSkills.BlazorApp.csproj" (target "_InitializeSourceControlInformationFromSourceControlManager" depends on it):
       Assembly loaded during TaskRun: Microsoft.SourceLink.GitHub, Version=9.0.11.11701, Culture=neutral, PublicKeyToken=31bf3856ad364e35 (location: /usr/local/share/dotnet/sdk/9.0.200/Sdks/Microsoft.SourceLink.GitHub/tools/net/Microsoft.SourceLink.GitHub.dll, MVID: de6eb21e-3e60-4c55-84da-db4085852056, AssemblyLoadContext: MSBuild plugin /usr/local/share/dotnet/sdk/9.0.200/Sdks/Microsoft.SourceLink.GitHub/tools/net/Microsoft.SourceLink.GitHub.dll)
       Using "Microsoft.SourceLink.GitHub.TranslateRepositoryUrls" task from assembly "/usr/local/share/dotnet/sdk/9.0.200/Sdks/Microsoft.SourceLink.GitHub/build/../tools/net/Microsoft.SourceLink.GitHub.dll".
       Task "Microsoft.SourceLink.GitHub.TranslateRepositoryUrls"
       Done executing task "Microsoft.SourceLink.GitHub.TranslateRepositoryUrls".
   8:6>Done building target "TranslateGitHubUrlsInSourceControlInformation" in project "DeventSoft.RoadmapSkills.BlazorApp.csproj".
   8:6>Target "TranslateGitLabUrlsInSourceControlInformation" in file "/usr/local/share/dotnet/sdk/9.0.200/Sdks/Microsoft.SourceLink.GitLab/build/Microsoft.SourceLink.GitLab.targets" from project "/Users/dacanetdev/Dev/AIGenerated/RoadmapSkills/src/DeventSoft.RoadmapSkills.BlazorApp/DeventSoft.RoadmapSkills.BlazorApp.csproj" (target "_InitializeSourceControlInformationFromSourceControlManager" depends on it):
       Assembly loaded during TaskRun: Microsoft.SourceLink.GitLab, Version=9.0.11.11701, Culture=neutral, PublicKeyToken=31bf3856ad364e35 (location: /usr/local/share/dotnet/sdk/9.0.200/Sdks/Microsoft.SourceLink.GitLab/tools/net/Microsoft.SourceLink.GitLab.dll, MVID: ccdddc0a-7879-4673-a23d-bd877ae513a4, AssemblyLoadContext: MSBuild plugin /usr/local/share/dotnet/sdk/9.0.200/Sdks/Microsoft.SourceLink.GitLab/tools/net/Microsoft.SourceLink.GitLab.dll)
       Using "Microsoft.SourceLink.GitLab.TranslateRepositoryUrls" task from assembly "/usr/local/share/dotnet/sdk/9.0.200/Sdks/Microsoft.SourceLink.GitLab/build/../tools/net/Microsoft.SourceLink.GitLab.dll".
       Task "Microsoft.SourceLink.GitLab.TranslateRepositoryUrls"
       Done executing task "Microsoft.SourceLink.GitLab.TranslateRepositoryUrls".
   8:6>Done building target "TranslateGitLabUrlsInSourceControlInformation" in project "DeventSoft.RoadmapSkills.BlazorApp.csproj".
   8:6>Target "TranslateAzureReposGitUrlsInSourceControlInformation" in file "/usr/local/share/dotnet/sdk/9.0.200/Sdks/Microsoft.SourceLink.AzureRepos.Git/build/Microsoft.SourceLink.AzureRepos.Git.targets" from project "/Users/dacanetdev/Dev/AIGenerated/RoadmapSkills/src/DeventSoft.RoadmapSkills.BlazorApp/DeventSoft.RoadmapSkills.BlazorApp.csproj" (target "_InitializeSourceControlInformationFromSourceControlManager" depends on it):
       Assembly loaded during TaskRun: Microsoft.SourceLink.AzureRepos.Git, Version=9.0.11.11701, Culture=neutral, PublicKeyToken=31bf3856ad364e35 (location: /usr/local/share/dotnet/sdk/9.0.200/Sdks/Microsoft.SourceLink.AzureRepos.Git/tools/net/Microsoft.SourceLink.AzureRepos.Git.dll, MVID: cc8362fa-d14c-4e8c-a855-a55f196817ae, AssemblyLoadContext: MSBuild plugin /usr/local/share/dotnet/sdk/9.0.200/Sdks/Microsoft.SourceLink.AzureRepos.Git/tools/net/Microsoft.SourceLink.AzureRepos.Git.dll)
       Using "Microsoft.SourceLink.AzureRepos.Git.TranslateRepositoryUrls" task from assembly "/usr/local/share/dotnet/sdk/9.0.200/Sdks/Microsoft.SourceLink.AzureRepos.Git/build/../tools/net/Microsoft.SourceLink.AzureRepos.Git.dll".
       Task "Microsoft.SourceLink.AzureRepos.Git.TranslateRepositoryUrls"
       Done executing task "Microsoft.SourceLink.AzureRepos.Git.TranslateRepositoryUrls".
   8:6>Done building target "TranslateAzureReposGitUrlsInSourceControlInformation" in project "DeventSoft.RoadmapSkills.BlazorApp.csproj".
   8:6>Target "TranslateBitbucketGitUrlsInSourceControlInformation" in file "/usr/local/share/dotnet/sdk/9.0.200/Sdks/Microsoft.SourceLink.Bitbucket.Git/build/Microsoft.SourceLink.Bitbucket.Git.targets" from project "/Users/dacanetdev/Dev/AIGenerated/RoadmapSkills/src/DeventSoft.RoadmapSkills.BlazorApp/DeventSoft.RoadmapSkills.BlazorApp.csproj" (target "_InitializeSourceControlInformationFromSourceControlManager" depends on it):
       Assembly loaded during TaskRun: Microsoft.SourceLink.Bitbucket.Git, Version=9.0.11.11701, Culture=neutral, PublicKeyToken=31bf3856ad364e35 (location: /usr/local/share/dotnet/sdk/9.0.200/Sdks/Microsoft.SourceLink.Bitbucket.Git/tools/net/Microsoft.SourceLink.Bitbucket.Git.dll, MVID: 633cbf61-44e1-4706-8334-7e18ba081963, AssemblyLoadContext: MSBuild plugin /usr/local/share/dotnet/sdk/9.0.200/Sdks/Microsoft.SourceLink.Bitbucket.Git/tools/net/Microsoft.SourceLink.Bitbucket.Git.dll)
       Using "Microsoft.SourceLink.Bitbucket.Git.TranslateRepositoryUrls" task from assembly "/usr/local/share/dotnet/sdk/9.0.200/Sdks/Microsoft.SourceLink.Bitbucket.Git/build/../tools/net/Microsoft.SourceLink.Bitbucket.Git.dll".
       Task "Microsoft.SourceLink.Bitbucket.Git.TranslateRepositoryUrls"
       Done executing task "Microsoft.SourceLink.Bitbucket.Git.TranslateRepositoryUrls".
   8:6>Done building target "TranslateBitbucketGitUrlsInSourceControlInformation" in project "DeventSoft.RoadmapSkills.BlazorApp.csproj".
   8:6>Target "SourceControlManagerPublishTranslatedUrls" in file "/usr/local/share/dotnet/sdk/9.0.200/Sdks/Microsoft.SourceLink.Common/build/InitializeSourceControlInformation.targets" from project "/Users/dacanetdev/Dev/AIGenerated/RoadmapSkills/src/DeventSoft.RoadmapSkills.BlazorApp/DeventSoft.RoadmapSkills.BlazorApp.csproj" (target "_InitializeSourceControlInformationFromSourceControlManager" depends on it):
   8:6>Done building target "SourceControlManagerPublishTranslatedUrls" in project "DeventSoft.RoadmapSkills.BlazorApp.csproj".
   8:6>Target "_InitializeSourceControlInformationFromSourceControlManager" in file "/usr/local/share/dotnet/sdk/9.0.200/Sdks/Microsoft.SourceLink.Common/build/InitializeSourceControlInformation.targets" from project "/Users/dacanetdev/Dev/AIGenerated/RoadmapSkills/src/DeventSoft.RoadmapSkills.BlazorApp/DeventSoft.RoadmapSkills.BlazorApp.csproj" (target "InitializeSourceControlInformation" depends on it):
   8:6>Done building target "_InitializeSourceControlInformationFromSourceControlManager" in project "DeventSoft.RoadmapSkills.BlazorApp.csproj".
   8:6>Target "InitializeSourceControlInformation" in file "/usr/local/share/dotnet/sdk/9.0.200/Microsoft.Common.CurrentVersion.targets" from project "/Users/dacanetdev/Dev/AIGenerated/RoadmapSkills/src/DeventSoft.RoadmapSkills.BlazorApp/DeventSoft.RoadmapSkills.BlazorApp.csproj" (target "AddSourceRevisionToInformationalVersion" depends on it):
   8:6>Done building target "InitializeSourceControlInformation" in project "DeventSoft.RoadmapSkills.BlazorApp.csproj".
   8:6>Target "AddSourceRevisionToInformationalVersion" in file "/usr/local/share/dotnet/sdk/9.0.200/Sdks/Microsoft.NET.Sdk/targets/Microsoft.NET.GenerateAssemblyInfo.targets" from project "/Users/dacanetdev/Dev/AIGenerated/RoadmapSkills/src/DeventSoft.RoadmapSkills.BlazorApp/DeventSoft.RoadmapSkills.BlazorApp.csproj" (target "GetAssemblyAttributes" depends on it):
   8:6>Done building target "AddSourceRevisionToInformationalVersion" in project "DeventSoft.RoadmapSkills.BlazorApp.csproj".
       Target "_GetUserSecretsAssemblyAttribute" skipped, due to false condition; ( '$(UserSecretsId)' != '' AND '$(GenerateUserSecretsAttribute)' != 'false' AND '$(GeneratedUserSecretsAttributeFile)' == '' ) was evaluated as ( '' != '' AND '' != 'false' AND '' == '' ).
   8:6>Target "GetAssemblyAttributes" in file "/usr/local/share/dotnet/sdk/9.0.200/Sdks/Microsoft.NET.Sdk/targets/Microsoft.NET.GenerateAssemblyInfo.targets" from project "/Users/dacanetdev/Dev/AIGenerated/RoadmapSkills/src/DeventSoft.RoadmapSkills.BlazorApp/DeventSoft.RoadmapSkills.BlazorApp.csproj" (target "CreateGeneratedAssemblyInfoInputsCacheFile" depends on it):
   8:6>Done building target "GetAssemblyAttributes" in project "DeventSoft.RoadmapSkills.BlazorApp.csproj".
   8:6>Target "CreateGeneratedAssemblyInfoInputsCacheFile" in file "/usr/local/share/dotnet/sdk/9.0.200/Sdks/Microsoft.NET.Sdk/targets/Microsoft.NET.GenerateAssemblyInfo.targets" from project "/Users/dacanetdev/Dev/AIGenerated/RoadmapSkills/src/DeventSoft.RoadmapSkills.BlazorApp/DeventSoft.RoadmapSkills.BlazorApp.csproj" (target "CoreGenerateAssemblyInfo" depends on it):
       Using "Hash" task from assembly "Microsoft.Build.Tasks.Core, Version=15.1.0.0, Culture=neutral, PublicKeyToken=b03f5f7f11d50a3a".
       Task "Hash"
       Done executing task "Hash".
       Task "WriteLinesToFile"
         Skipping write to file "obj/Debug/net8.0/DeventSoft.RoadmapSkills.BlazorApp.AssemblyInfoInputs.cache" because content would not change.
       Done executing task "WriteLinesToFile".
   8:6>Done building target "CreateGeneratedAssemblyInfoInputsCacheFile" in project "DeventSoft.RoadmapSkills.BlazorApp.csproj".
   8:6>Target "CoreGenerateAssemblyInfo" in file "/usr/local/share/dotnet/sdk/9.0.200/Sdks/Microsoft.NET.Sdk/targets/Microsoft.NET.GenerateAssemblyInfo.targets" from project "/Users/dacanetdev/Dev/AIGenerated/RoadmapSkills/src/DeventSoft.RoadmapSkills.BlazorApp/DeventSoft.RoadmapSkills.BlazorApp.csproj" (target "GenerateAssemblyInfo" depends on it):
       Skipping target "CoreGenerateAssemblyInfo" because all output files are up-to-date with respect to the input files.
       Input files: obj/Debug/net8.0/DeventSoft.RoadmapSkills.BlazorApp.AssemblyInfoInputs.cache
       Output files: obj/Debug/net8.0/DeventSoft.RoadmapSkills.BlazorApp.AssemblyInfo.cs
   8:6>Done building target "CoreGenerateAssemblyInfo" in project "DeventSoft.RoadmapSkills.BlazorApp.csproj".
   8:6>Target "GenerateAssemblyInfo" in file "/usr/local/share/dotnet/sdk/9.0.200/Sdks/Microsoft.NET.Sdk/targets/Microsoft.NET.GenerateAssemblyInfo.targets" from project "/Users/dacanetdev/Dev/AIGenerated/RoadmapSkills/src/DeventSoft.RoadmapSkills.BlazorApp/DeventSoft.RoadmapSkills.BlazorApp.csproj" (target "BeforeCompile" depends on it):
   8:6>Done building target "GenerateAssemblyInfo" in project "DeventSoft.RoadmapSkills.BlazorApp.csproj".
   8:6>Target "BeforeCompile" in file "/usr/local/share/dotnet/sdk/9.0.200/Microsoft.Common.CurrentVersion.targets" from project "/Users/dacanetdev/Dev/AIGenerated/RoadmapSkills/src/DeventSoft.RoadmapSkills.BlazorApp/DeventSoft.RoadmapSkills.BlazorApp.csproj" (target "Compile" depends on it):
   8:6>Done building target "BeforeCompile" in project "DeventSoft.RoadmapSkills.BlazorApp.csproj".
       Target "_TimeStampBeforeCompile" skipped, due to false condition; ('$(RunPostBuildEvent)'=='OnOutputUpdated' or ('$(RegisterForComInterop)'=='true' and '$(OutputType)'=='library')) was evaluated as (''=='OnOutputUpdated' or (''=='true' and 'Exe'=='library')).
       Target "ResolveAssemblyReferences" skipped. Previously built successfully.
   8:6>Target "_GenerateCompileDependencyCache" in file "/usr/local/share/dotnet/sdk/9.0.200/Microsoft.Common.CurrentVersion.targets" from project "/Users/dacanetdev/Dev/AIGenerated/RoadmapSkills/src/DeventSoft.RoadmapSkills.BlazorApp/DeventSoft.RoadmapSkills.BlazorApp.csproj" (target "Compile" depends on it):
       Task "Hash"
       Done executing task "Hash".
       Task "WriteLinesToFile"
         Skipping write to file "obj/Debug/net8.0/DeventSoft.RoadmapSkills.BlazorApp.csproj.CoreCompileInputs.cache" because content would not change.
       Done executing task "WriteLinesToFile".
   8:6>Done building target "_GenerateCompileDependencyCache" in project "DeventSoft.RoadmapSkills.BlazorApp.csproj".
       Target "ResolveAssemblyReferences" skipped. Previously built successfully.
   8:6>Target "_DiscoverMvcApplicationParts" in file "/usr/local/share/dotnet/sdk/9.0.200/Sdks/Microsoft.NET.Sdk.Razor/targets/Microsoft.NET.Sdk.Razor.MvcApplicationPartsDiscovery.targets" from project "/Users/dacanetdev/Dev/AIGenerated/RoadmapSkills/src/DeventSoft.RoadmapSkills.BlazorApp/DeventSoft.RoadmapSkills.BlazorApp.csproj" (target "CoreCompile" depends on it):
       Skipping target "_DiscoverMvcApplicationParts" because all output files are up-to-date with respect to the input files.
       Input files: 
           /Users/dacanetdev/Dev/AIGenerated/RoadmapSkills/src/DeventSoft.RoadmapSkills.BlazorApp/obj/project.assets.json
           /Users/dacanetdev/Dev/AIGenerated/RoadmapSkills/src/DeventSoft.RoadmapSkills.BlazorApp/obj/DeventSoft.RoadmapSkills.BlazorApp.csproj.nuget.g.targets
           /usr/local/share/dotnet/sdk/9.0.200/Current/Microsoft.Common.targets/ImportAfter/Microsoft.TestPlatform.ImportAfter.targets
       Output files: obj/Debug/net8.0/DeventSoft.RoadmapSkills.BlazorApp.MvcApplicationPartsAssemblyInfo.cache
   8:6>Done building target "_DiscoverMvcApplicationParts" in project "DeventSoft.RoadmapSkills.BlazorApp.csproj".
       Target "_ComputeNonExistentFileProperty" skipped, due to false condition; (('$(BuildingInsideVisualStudio)' == 'true') and ('$(BuildingOutOfProcess)' != 'true') and (('$(BuildingProject)' == 'false') or ('$(UseHostCompilerIfAvailable)' == 'true'))) was evaluated as (('' == 'true') and ('' != 'true') and (('true' == 'false') or ('true' == 'true'))).
       Target "ResolveCodeAnalysisRuleSet" skipped, due to false condition; ('$(CodeAnalysisRuleSet)' != '') was evaluated as ('' != '').
       Target "ResolveRazorGenerateInputs" skipped. Previously built successfully.
   8:6>Target "_ResolveMvcAssemblyAttributes" in file "/usr/local/share/dotnet/sdk/9.0.200/Sdks/Microsoft.NET.Sdk.Razor/targets/Microsoft.NET.Sdk.Razor.Configuration.targets" from project "/Users/dacanetdev/Dev/AIGenerated/RoadmapSkills/src/DeventSoft.RoadmapSkills.BlazorApp/DeventSoft.RoadmapSkills.BlazorApp.csproj" (target "_GenerateRazorAssemblyInfo" depends on it):
   8:6>Done building target "_ResolveMvcAssemblyAttributes" in project "DeventSoft.RoadmapSkills.BlazorApp.csproj".
       Target "RazorGetAssemblyAttributes" skipped, due to false condition; ('$(GenerateRazorHostingAssemblyInfo)'=='true' and '$(RazorDefaultConfiguration)'!='') was evaluated as (''=='true' and 'MVC-3.0'!='').
       Target "PrepareForBuild" skipped. Previously built successfully.
       Target "_CoreGenerateRazorAssemblyInfo" skipped, due to false condition; ('$(GenerateRazorAssemblyInfo)' == 'true' AND '@(_RazorAssemblyAttribute)' != '') was evaluated as ('' == 'true' AND '' != '').
   8:6>Target "_GenerateRazorAssemblyInfo" in file "/usr/local/share/dotnet/sdk/9.0.200/Sdks/Microsoft.NET.Sdk.Razor/targets/Microsoft.NET.Sdk.Razor.GenerateAssemblyInfo.targets" from project "/Users/dacanetdev/Dev/AIGenerated/RoadmapSkills/src/DeventSoft.RoadmapSkills.BlazorApp/DeventSoft.RoadmapSkills.BlazorApp.csproj" (target "CoreCompile" depends on it):
   8:6>Done building target "_GenerateRazorAssemblyInfo" in project "DeventSoft.RoadmapSkills.BlazorApp.csproj".
       Target "ShimReferencePathsWhenCommonTargetsDoesNotUnderstandReferenceAssemblies" skipped, due to false condition; ('@(ReferencePathWithRefAssemblies)' == '') was evaluated as ('/Users/dacanetdev/.nuget/packages/microsoft.aspnetcore.app.ref/8.0.13/ref/net8.0/Microsoft.AspNetCore.Antiforgery.dll;/Users/dacanetdev/.nuget/packages/microsoft.aspnetcore.app.ref/8.0.13/ref/net8.0/Microsoft.AspNetCore.Authentication.Abstractions.dll;/Users/dacanetdev/.nuget/packages/microsoft.aspnetcore.app.ref/8.0.13/ref/net8.0/Microsoft.AspNetCore.Authentication.BearerToken.dll;...' == '').
   8:6>Target "_BeforeVBCSCoreCompile" in file "/usr/local/share/dotnet/sdk/9.0.200/Roslyn/Microsoft.Managed.Core.targets" from project "/Users/dacanetdev/Dev/AIGenerated/RoadmapSkills/src/DeventSoft.RoadmapSkills.BlazorApp/DeventSoft.RoadmapSkills.BlazorApp.csproj" (target "CoreCompile" depends on it):
   8:6>Done building target "_BeforeVBCSCoreCompile" in project "DeventSoft.RoadmapSkills.BlazorApp.csproj".
       Target "AdjustDefaultPlatformTargetForNetFrameworkExeWithNoNativeCopyLocalItems" skipped, due to false condition; ('$(_UsingDefaultPlatformTarget)' == 'true' and
                            '$(_UsingDefaultRuntimeIdentifier)' == 'true') was evaluated as ('true' == 'true' and
                            '' == 'true').
       Target "_DisableDiagnosticTracing" skipped, due to false condition; ('$(DisableDiagnosticTracing)' == 'true') was evaluated as ('' == 'true').
       Target "ShimReferencePathsWhenCommonTargetsDoesNotUnderstandReferenceAssemblies" skipped, due to false condition; ('@(ReferencePathWithRefAssemblies)' == '') was evaluated as ('/Users/dacanetdev/.nuget/packages/microsoft.aspnetcore.app.ref/8.0.13/ref/net8.0/Microsoft.AspNetCore.Antiforgery.dll;/Users/dacanetdev/.nuget/packages/microsoft.aspnetcore.app.ref/8.0.13/ref/net8.0/Microsoft.AspNetCore.Authentication.Abstractions.dll;/Users/dacanetdev/.nuget/packages/microsoft.aspnetcore.app.ref/8.0.13/ref/net8.0/Microsoft.AspNetCore.Authentication.BearerToken.dll;...' == '').
   8:6>Target "_ComputeSkipAnalyzers" in file "/usr/local/share/dotnet/sdk/9.0.200/Roslyn/Microsoft.Managed.Core.targets" from project "/Users/dacanetdev/Dev/AIGenerated/RoadmapSkills/src/DeventSoft.RoadmapSkills.BlazorApp/DeventSoft.RoadmapSkills.BlazorApp.csproj" (target "CoreCompile" depends on it):
       Task "ShowMessageForImplicitlySkipAnalyzers" skipped, due to false condition; ('$(_ImplicitlySkipAnalyzers)' == 'true') was evaluated as ('' == 'true').
   8:6>Done building target "_ComputeSkipAnalyzers" in project "DeventSoft.RoadmapSkills.BlazorApp.csproj".
       Target "_SetPathMapFromSourceRoots" skipped, due to false condition; ('$(DeterministicSourcePaths)' == 'true') was evaluated as ('' == 'true').
       Target "CreateCompilerGeneratedFilesOutputPath" skipped, due to false condition; ('$(EmitCompilerGeneratedFiles)' == 'true' and !('$(DesignTimeBuild)' == 'true' OR '$(BuildingProject)' != 'true')) was evaluated as ('false' == 'true' and !('' == 'true' OR 'true' != 'true')).
       Target "_CheckMicrosoftNetSdkCompilersToolsetPackageExists" skipped, due to false condition; ('$(_NeedToDownloadMicrosoftNetSdkCompilersToolsetPackage)' == 'true' and '$(DesignTimeBuild)' != 'true') was evaluated as ('' == 'true' and '' != 'true').
       Target "BeforeCompile" skipped. Previously built successfully.
       Target "InitializeSourceControlInformationFromSourceControlManager" skipped. Previously built successfully.
   8:6>Target "SetEmbeddedFilesFromSourceControlManagerUntrackedFiles" in file "/usr/local/share/dotnet/sdk/9.0.200/Sdks/Microsoft.Build.Tasks.Git/build/Microsoft.Build.Tasks.Git.targets" from project "/Users/dacanetdev/Dev/AIGenerated/RoadmapSkills/src/DeventSoft.RoadmapSkills.BlazorApp/DeventSoft.RoadmapSkills.BlazorApp.csproj" (target "_SetEmbeddedFilesFromSourceControlManagerUntrackedFiles" depends on it):
       Using "Microsoft.Build.Tasks.Git.GetUntrackedFiles" task from assembly "/usr/local/share/dotnet/sdk/9.0.200/Sdks/Microsoft.Build.Tasks.Git/build/../tools/net/Microsoft.Build.Tasks.Git.dll".
       Task "Microsoft.Build.Tasks.Git.GetUntrackedFiles"
         SourceLink: Reusing cached git repository information.
       Done executing task "Microsoft.Build.Tasks.Git.GetUntrackedFiles".
   8:6>Done building target "SetEmbeddedFilesFromSourceControlManagerUntrackedFiles" in project "DeventSoft.RoadmapSkills.BlazorApp.csproj".
   8:6>Target "_SetEmbeddedFilesFromSourceControlManagerUntrackedFiles" in file "/usr/local/share/dotnet/sdk/9.0.200/Sdks/Microsoft.SourceLink.Common/build/Microsoft.SourceLink.Common.targets" from project "/Users/dacanetdev/Dev/AIGenerated/RoadmapSkills/src/DeventSoft.RoadmapSkills.BlazorApp/DeventSoft.RoadmapSkills.BlazorApp.csproj" (target "CoreCompile" depends on it):
   8:6>Done building target "_SetEmbeddedFilesFromSourceControlManagerUntrackedFiles" in project "DeventSoft.RoadmapSkills.BlazorApp.csproj".
       Target "InitializeSourceControlInformation" skipped. Previously built successfully.
   8:6>Target "_SetSourceLinkFilePath" in file "/usr/local/share/dotnet/sdk/9.0.200/Sdks/Microsoft.SourceLink.Common/build/Microsoft.SourceLink.Common.targets" from project "/Users/dacanetdev/Dev/AIGenerated/RoadmapSkills/src/DeventSoft.RoadmapSkills.BlazorApp/DeventSoft.RoadmapSkills.BlazorApp.csproj" (target "_GenerateSourceLinkFile" depends on it):
   8:6>Done building target "_SetSourceLinkFilePath" in project "DeventSoft.RoadmapSkills.BlazorApp.csproj".
       Target "InitializeSourceControlInformation" skipped. Previously built successfully.
   8:6>Target "_InitializeSourceRootMappedPathsFromSourceControl" in file "/usr/local/share/dotnet/sdk/9.0.200/Roslyn/Microsoft.Managed.Core.targets" from project "/Users/dacanetdev/Dev/AIGenerated/RoadmapSkills/src/DeventSoft.RoadmapSkills.BlazorApp/DeventSoft.RoadmapSkills.BlazorApp.csproj" (target "InitializeSourceRootMappedPaths" depends on it):
   8:6>Done building target "_InitializeSourceRootMappedPathsFromSourceControl" in project "DeventSoft.RoadmapSkills.BlazorApp.csproj".
   8:6>Target "InitializeSourceRootMappedPaths" in file "/usr/local/share/dotnet/sdk/9.0.200/Roslyn/Microsoft.Managed.Core.targets" from project "/Users/dacanetdev/Dev/AIGenerated/RoadmapSkills/src/DeventSoft.RoadmapSkills.BlazorApp/DeventSoft.RoadmapSkills.BlazorApp.csproj" (target "_InitializeSourceRootMappedPathsOpt" depends on it):
       Using "Microsoft.CodeAnalysis.BuildTasks.MapSourceRoots" task from assembly "/usr/local/share/dotnet/sdk/9.0.200/Roslyn/Microsoft.Build.Tasks.CodeAnalysis.dll".
       Task "Microsoft.CodeAnalysis.BuildTasks.MapSourceRoots"
       Done executing task "Microsoft.CodeAnalysis.BuildTasks.MapSourceRoots".
   8:6>Done building target "InitializeSourceRootMappedPaths" in project "DeventSoft.RoadmapSkills.BlazorApp.csproj".
   8:6>Target "_InitializeSourceRootMappedPathsOpt" in file "/usr/local/share/dotnet/sdk/9.0.200/Sdks/Microsoft.SourceLink.Common/build/Microsoft.SourceLink.Common.targets" from project "/Users/dacanetdev/Dev/AIGenerated/RoadmapSkills/src/DeventSoft.RoadmapSkills.BlazorApp/DeventSoft.RoadmapSkills.BlazorApp.csproj" (target "_GenerateSourceLinkFile" depends on it):
   8:6>Done building target "_InitializeSourceRootMappedPathsOpt" in project "DeventSoft.RoadmapSkills.BlazorApp.csproj".
   8:6>Target "_InitializeGitHubSourceLinkUrl" in file "/usr/local/share/dotnet/sdk/9.0.200/Sdks/Microsoft.SourceLink.GitHub/build/Microsoft.SourceLink.GitHub.targets" from project "/Users/dacanetdev/Dev/AIGenerated/RoadmapSkills/src/DeventSoft.RoadmapSkills.BlazorApp/DeventSoft.RoadmapSkills.BlazorApp.csproj" (target "_GenerateSourceLinkFile" depends on it):
       Building target "_InitializeGitHubSourceLinkUrl" completely.
       No input files were specified.
       Using "Microsoft.SourceLink.GitHub.GetSourceLinkUrl" task from assembly "/usr/local/share/dotnet/sdk/9.0.200/Sdks/Microsoft.SourceLink.GitHub/build/../tools/net/Microsoft.SourceLink.GitHub.dll".
       Task "Microsoft.SourceLink.GitHub.GetSourceLinkUrl"
       Done executing task "Microsoft.SourceLink.GitHub.GetSourceLinkUrl".
   8:6>Done building target "_InitializeGitHubSourceLinkUrl" in project "DeventSoft.RoadmapSkills.BlazorApp.csproj".
   8:6>Target "_InitializeGitLabSourceLinkUrl" in file "/usr/local/share/dotnet/sdk/9.0.200/Sdks/Microsoft.SourceLink.GitLab/build/Microsoft.SourceLink.GitLab.targets" from project "/Users/dacanetdev/Dev/AIGenerated/RoadmapSkills/src/DeventSoft.RoadmapSkills.BlazorApp/DeventSoft.RoadmapSkills.BlazorApp.csproj" (target "_GenerateSourceLinkFile" depends on it):
       Building target "_InitializeGitLabSourceLinkUrl" completely.
       No input files were specified.
       Using "Microsoft.SourceLink.GitLab.GetSourceLinkUrl" task from assembly "/usr/local/share/dotnet/sdk/9.0.200/Sdks/Microsoft.SourceLink.GitLab/build/../tools/net/Microsoft.SourceLink.GitLab.dll".
       Task "Microsoft.SourceLink.GitLab.GetSourceLinkUrl"
       Done executing task "Microsoft.SourceLink.GitLab.GetSourceLinkUrl".
   8:6>Done building target "_InitializeGitLabSourceLinkUrl" in project "DeventSoft.RoadmapSkills.BlazorApp.csproj".
   8:6>Target "_InitializeAzureReposGitSourceLinkUrl" in file "/usr/local/share/dotnet/sdk/9.0.200/Sdks/Microsoft.SourceLink.AzureRepos.Git/build/Microsoft.SourceLink.AzureRepos.Git.targets" from project "/Users/dacanetdev/Dev/AIGenerated/RoadmapSkills/src/DeventSoft.RoadmapSkills.BlazorApp/DeventSoft.RoadmapSkills.BlazorApp.csproj" (target "_GenerateSourceLinkFile" depends on it):
       Building target "_InitializeAzureReposGitSourceLinkUrl" completely.
       No input files were specified.
       Using "Microsoft.SourceLink.AzureRepos.Git.GetSourceLinkUrl" task from assembly "/usr/local/share/dotnet/sdk/9.0.200/Sdks/Microsoft.SourceLink.AzureRepos.Git/build/../tools/net/Microsoft.SourceLink.AzureRepos.Git.dll".
       Task "Microsoft.SourceLink.AzureRepos.Git.GetSourceLinkUrl"
       Done executing task "Microsoft.SourceLink.AzureRepos.Git.GetSourceLinkUrl".
   8:6>Done building target "_InitializeAzureReposGitSourceLinkUrl" in project "DeventSoft.RoadmapSkills.BlazorApp.csproj".
   8:6>Target "_InitializeBitbucketGitSourceLinkUrl" in file "/usr/local/share/dotnet/sdk/9.0.200/Sdks/Microsoft.SourceLink.Bitbucket.Git/build/Microsoft.SourceLink.Bitbucket.Git.targets" from project "/Users/dacanetdev/Dev/AIGenerated/RoadmapSkills/src/DeventSoft.RoadmapSkills.BlazorApp/DeventSoft.RoadmapSkills.BlazorApp.csproj" (target "_GenerateSourceLinkFile" depends on it):
       Building target "_InitializeBitbucketGitSourceLinkUrl" completely.
       No input files were specified.
       Using "Microsoft.SourceLink.Bitbucket.Git.GetSourceLinkUrl" task from assembly "/usr/local/share/dotnet/sdk/9.0.200/Sdks/Microsoft.SourceLink.Bitbucket.Git/build/../tools/net/Microsoft.SourceLink.Bitbucket.Git.dll".
       Task "Microsoft.SourceLink.Bitbucket.Git.GetSourceLinkUrl"
       Done executing task "Microsoft.SourceLink.Bitbucket.Git.GetSourceLinkUrl".
   8:6>Done building target "_InitializeBitbucketGitSourceLinkUrl" in project "DeventSoft.RoadmapSkills.BlazorApp.csproj".
   8:6>Target "_GenerateSourceLinkFile" in file "/usr/local/share/dotnet/sdk/9.0.200/Sdks/Microsoft.SourceLink.Common/build/Microsoft.SourceLink.Common.targets" from project "/Users/dacanetdev/Dev/AIGenerated/RoadmapSkills/src/DeventSoft.RoadmapSkills.BlazorApp/DeventSoft.RoadmapSkills.BlazorApp.csproj" (target "GenerateSourceLinkFile" depends on it):
       Building target "_GenerateSourceLinkFile" completely.
       No input files were specified.
       Using "Microsoft.SourceLink.Common.GenerateSourceLinkFile" task from assembly "/usr/local/share/dotnet/sdk/9.0.200/Sdks/Microsoft.SourceLink.Common/build/../tools/net/Microsoft.SourceLink.Common.dll".
       Task "Microsoft.SourceLink.Common.GenerateSourceLinkFile"
         Source Link is empty, file 'obj/Debug/net8.0/DeventSoft.RoadmapSkills.BlazorApp.sourcelink.json' does not exist.
       Done executing task "Microsoft.SourceLink.Common.GenerateSourceLinkFile".
   8:6>Done building target "_GenerateSourceLinkFile" in project "DeventSoft.RoadmapSkills.BlazorApp.csproj".
   8:6>Target "GenerateSourceLinkFile" in file "/usr/local/share/dotnet/sdk/9.0.200/Sdks/Microsoft.SourceLink.Common/build/Microsoft.SourceLink.Common.targets" from project "/Users/dacanetdev/Dev/AIGenerated/RoadmapSkills/src/DeventSoft.RoadmapSkills.BlazorApp/DeventSoft.RoadmapSkills.BlazorApp.csproj" (target "CoreCompile" depends on it):
   8:6>Done building target "GenerateSourceLinkFile" in project "DeventSoft.RoadmapSkills.BlazorApp.csproj".
   8:6>Target "AddGlobalAnalyzerConfigForPackage_MicrosoftCodeAnalysisNetAnalyzers" in file "/usr/local/share/dotnet/sdk/9.0.200/Sdks/Microsoft.NET.Sdk/analyzers/build/Microsoft.CodeAnalysis.NetAnalyzers.targets" from project "/Users/dacanetdev/Dev/AIGenerated/RoadmapSkills/src/DeventSoft.RoadmapSkills.BlazorApp/DeventSoft.RoadmapSkills.BlazorApp.csproj" (target "CoreCompile" depends on it):
   8:6>Done building target "AddGlobalAnalyzerConfigForPackage_MicrosoftCodeAnalysisNetAnalyzers" in project "DeventSoft.RoadmapSkills.BlazorApp.csproj".
       Target "AddGlobalAnalyzerConfigForPackage_MicrosoftCodeAnalysisNetAnalyzersDesign" skipped, due to false condition; ('$(SkipGlobalAnalyzerConfigForPackage)' != 'true' and ('$(AnalysisLevelDesign)' != '' or '$(AnalysisModeDesign)' != '')) was evaluated as ('' != 'true' and ('' != '' or '' != '')).
       Target "AddGlobalAnalyzerConfigForPackage_MicrosoftCodeAnalysisNetAnalyzersDocumentation" skipped, due to false condition; ('$(SkipGlobalAnalyzerConfigForPackage)' != 'true' and ('$(AnalysisLevelDocumentation)' != '' or '$(AnalysisModeDocumentation)' != '')) was evaluated as ('' != 'true' and ('' != '' or '' != '')).
       Target "AddGlobalAnalyzerConfigForPackage_MicrosoftCodeAnalysisNetAnalyzersGlobalization" skipped, due to false condition; ('$(SkipGlobalAnalyzerConfigForPackage)' != 'true' and ('$(AnalysisLevelGlobalization)' != '' or '$(AnalysisModeGlobalization)' != '')) was evaluated as ('' != 'true' and ('' != '' or '' != '')).
       Target "AddGlobalAnalyzerConfigForPackage_MicrosoftCodeAnalysisNetAnalyzersInteroperability" skipped, due to false condition; ('$(SkipGlobalAnalyzerConfigForPackage)' != 'true' and ('$(AnalysisLevelInteroperability)' != '' or '$(AnalysisModeInteroperability)' != '')) was evaluated as ('' != 'true' and ('' != '' or '' != '')).
       Target "AddGlobalAnalyzerConfigForPackage_MicrosoftCodeAnalysisNetAnalyzersMaintainability" skipped, due to false condition; ('$(SkipGlobalAnalyzerConfigForPackage)' != 'true' and ('$(AnalysisLevelMaintainability)' != '' or '$(AnalysisModeMaintainability)' != '')) was evaluated as ('' != 'true' and ('' != '' or '' != '')).
       Target "AddGlobalAnalyzerConfigForPackage_MicrosoftCodeAnalysisNetAnalyzersNaming" skipped, due to false condition; ('$(SkipGlobalAnalyzerConfigForPackage)' != 'true' and ('$(AnalysisLevelNaming)' != '' or '$(AnalysisModeNaming)' != '')) was evaluated as ('' != 'true' and ('' != '' or '' != '')).
       Target "AddGlobalAnalyzerConfigForPackage_MicrosoftCodeAnalysisNetAnalyzersPerformance" skipped, due to false condition; ('$(SkipGlobalAnalyzerConfigForPackage)' != 'true' and ('$(AnalysisLevelPerformance)' != '' or '$(AnalysisModePerformance)' != '')) was evaluated as ('' != 'true' and ('' != '' or '' != '')).
       Target "AddGlobalAnalyzerConfigForPackage_MicrosoftCodeAnalysisNetAnalyzersReliability" skipped, due to false condition; ('$(SkipGlobalAnalyzerConfigForPackage)' != 'true' and ('$(AnalysisLevelReliability)' != '' or '$(AnalysisModeReliability)' != '')) was evaluated as ('' != 'true' and ('' != '' or '' != '')).
       Target "AddGlobalAnalyzerConfigForPackage_MicrosoftCodeAnalysisNetAnalyzersSecurity" skipped, due to false condition; ('$(SkipGlobalAnalyzerConfigForPackage)' != 'true' and ('$(AnalysisLevelSecurity)' != '' or '$(AnalysisModeSecurity)' != '')) was evaluated as ('' != 'true' and ('' != '' or '' != '')).
       Target "AddGlobalAnalyzerConfigForPackage_MicrosoftCodeAnalysisNetAnalyzersUsage" skipped, due to false condition; ('$(SkipGlobalAnalyzerConfigForPackage)' != 'true' and ('$(AnalysisLevelUsage)' != '' or '$(AnalysisModeUsage)' != '')) was evaluated as ('' != 'true' and ('' != '' or '' != '')).
       Target "_CodeAnalysisTreatWarningsAsErrors" skipped, due to false condition; ('$(DesignTimeBuild)' == 'true' OR '$(BuildingProject)' != 'true') was evaluated as ('' == 'true' OR 'true' != 'true').
   8:6>Target "CoreCompile" in file "/usr/local/share/dotnet/sdk/9.0.200/Roslyn/Microsoft.CSharp.Core.targets" from project "/Users/dacanetdev/Dev/AIGenerated/RoadmapSkills/src/DeventSoft.RoadmapSkills.BlazorApp/DeventSoft.RoadmapSkills.BlazorApp.csproj" (target "Compile" depends on it):
       Skipping target "CoreCompile" because all output files are up-to-date with respect to the input files.
       Input files: 
           Program.cs
           obj/Debug/net8.0/DeventSoft.RoadmapSkills.BlazorApp.GlobalUsings.g.cs
           obj/Debug/net8.0/.NETCoreApp,Version=v8.0.AssemblyAttributes.cs
           obj/Debug/net8.0/DeventSoft.RoadmapSkills.BlazorApp.AssemblyInfo.cs
           /Users/dacanetdev/.nuget/packages/microsoft.aspnetcore.app.ref/8.0.13/ref/net8.0/Microsoft.AspNetCore.Antiforgery.dll
           /Users/dacanetdev/.nuget/packages/microsoft.aspnetcore.app.ref/8.0.13/ref/net8.0/Microsoft.AspNetCore.Authentication.Abstractions.dll
           /Users/dacanetdev/.nuget/packages/microsoft.aspnetcore.app.ref/8.0.13/ref/net8.0/Microsoft.AspNetCore.Authentication.BearerToken.dll
           /Users/dacanetdev/.nuget/packages/microsoft.aspnetcore.app.ref/8.0.13/ref/net8.0/Microsoft.AspNetCore.Authentication.Cookies.dll
           /Users/dacanetdev/.nuget/packages/microsoft.aspnetcore.app.ref/8.0.13/ref/net8.0/Microsoft.AspNetCore.Authentication.Core.dll
           /Users/dacanetdev/.nuget/packages/microsoft.aspnetcore.app.ref/8.0.13/ref/net8.0/Microsoft.AspNetCore.Authentication.dll
           /Users/dacanetdev/.nuget/packages/microsoft.aspnetcore.app.ref/8.0.13/ref/net8.0/Microsoft.AspNetCore.Authentication.OAuth.dll
           /Users/dacanetdev/.nuget/packages/microsoft.aspnetcore.app.ref/8.0.13/ref/net8.0/Microsoft.AspNetCore.Authorization.dll
           /Users/dacanetdev/.nuget/packages/microsoft.aspnetcore.app.ref/8.0.13/ref/net8.0/Microsoft.AspNetCore.Authorization.Policy.dll
           /Users/dacanetdev/.nuget/packages/microsoft.aspnetcore.app.ref/8.0.13/ref/net8.0/Microsoft.AspNetCore.Components.Authorization.dll
           /Users/dacanetdev/.nuget/packages/microsoft.aspnetcore.app.ref/8.0.13/ref/net8.0/Microsoft.AspNetCore.Components.dll
           /Users/dacanetdev/.nuget/packages/microsoft.aspnetcore.app.ref/8.0.13/ref/net8.0/Microsoft.AspNetCore.Components.Endpoints.dll
           /Users/dacanetdev/.nuget/packages/microsoft.aspnetcore.app.ref/8.0.13/ref/net8.0/Microsoft.AspNetCore.Components.Forms.dll
           /Users/dacanetdev/.nuget/packages/microsoft.aspnetcore.app.ref/8.0.13/ref/net8.0/Microsoft.AspNetCore.Components.Server.dll
           /Users/dacanetdev/.nuget/packages/microsoft.aspnetcore.app.ref/8.0.13/ref/net8.0/Microsoft.AspNetCore.Components.Web.dll
           /Users/dacanetdev/.nuget/packages/microsoft.aspnetcore.app.ref/8.0.13/ref/net8.0/Microsoft.AspNetCore.Connections.Abstractions.dll
           /Users/dacanetdev/.nuget/packages/microsoft.aspnetcore.app.ref/8.0.13/ref/net8.0/Microsoft.AspNetCore.CookiePolicy.dll
           /Users/dacanetdev/.nuget/packages/microsoft.aspnetcore.app.ref/8.0.13/ref/net8.0/Microsoft.AspNetCore.Cors.dll
           /Users/dacanetdev/.nuget/packages/microsoft.aspnetcore.app.ref/8.0.13/ref/net8.0/Microsoft.AspNetCore.Cryptography.Internal.dll
           /Users/dacanetdev/.nuget/packages/microsoft.aspnetcore.app.ref/8.0.13/ref/net8.0/Microsoft.AspNetCore.Cryptography.KeyDerivation.dll
           /Users/dacanetdev/.nuget/packages/microsoft.aspnetcore.app.ref/8.0.13/ref/net8.0/Microsoft.AspNetCore.DataProtection.Abstractions.dll
           /Users/dacanetdev/.nuget/packages/microsoft.aspnetcore.app.ref/8.0.13/ref/net8.0/Microsoft.AspNetCore.DataProtection.dll
           /Users/dacanetdev/.nuget/packages/microsoft.aspnetcore.app.ref/8.0.13/ref/net8.0/Microsoft.AspNetCore.DataProtection.Extensions.dll
           /Users/dacanetdev/.nuget/packages/microsoft.aspnetcore.app.ref/8.0.13/ref/net8.0/Microsoft.AspNetCore.Diagnostics.Abstractions.dll
           /Users/dacanetdev/.nuget/packages/microsoft.aspnetcore.app.ref/8.0.13/ref/net8.0/Microsoft.AspNetCore.Diagnostics.dll
           /Users/dacanetdev/.nuget/packages/microsoft.aspnetcore.app.ref/8.0.13/ref/net8.0/Microsoft.AspNetCore.Diagnostics.HealthChecks.dll
           /Users/dacanetdev/.nuget/packages/microsoft.aspnetcore.app.ref/8.0.13/ref/net8.0/Microsoft.AspNetCore.dll
           /Users/dacanetdev/.nuget/packages/microsoft.aspnetcore.app.ref/8.0.13/ref/net8.0/Microsoft.AspNetCore.HostFiltering.dll
           /Users/dacanetdev/.nuget/packages/microsoft.aspnetcore.app.ref/8.0.13/ref/net8.0/Microsoft.AspNetCore.Hosting.Abstractions.dll
           /Users/dacanetdev/.nuget/packages/microsoft.aspnetcore.app.ref/8.0.13/ref/net8.0/Microsoft.AspNetCore.Hosting.dll
           /Users/dacanetdev/.nuget/packages/microsoft.aspnetcore.app.ref/8.0.13/ref/net8.0/Microsoft.AspNetCore.Hosting.Server.Abstractions.dll
           /Users/dacanetdev/.nuget/packages/microsoft.aspnetcore.app.ref/8.0.13/ref/net8.0/Microsoft.AspNetCore.Html.Abstractions.dll
           /Users/dacanetdev/.nuget/packages/microsoft.aspnetcore.app.ref/8.0.13/ref/net8.0/Microsoft.AspNetCore.Http.Abstractions.dll
           /Users/dacanetdev/.nuget/packages/microsoft.aspnetcore.app.ref/8.0.13/ref/net8.0/Microsoft.AspNetCore.Http.Connections.Common.dll
           /Users/dacanetdev/.nuget/packages/microsoft.aspnetcore.app.ref/8.0.13/ref/net8.0/Microsoft.AspNetCore.Http.Connections.dll
           /Users/dacanetdev/.nuget/packages/microsoft.aspnetcore.app.ref/8.0.13/ref/net8.0/Microsoft.AspNetCore.Http.dll
           /Users/dacanetdev/.nuget/packages/microsoft.aspnetcore.app.ref/8.0.13/ref/net8.0/Microsoft.AspNetCore.Http.Extensions.dll
           /Users/dacanetdev/.nuget/packages/microsoft.aspnetcore.app.ref/8.0.13/ref/net8.0/Microsoft.AspNetCore.Http.Features.dll
           /Users/dacanetdev/.nuget/packages/microsoft.aspnetcore.app.ref/8.0.13/ref/net8.0/Microsoft.AspNetCore.Http.Results.dll
           /Users/dacanetdev/.nuget/packages/microsoft.aspnetcore.app.ref/8.0.13/ref/net8.0/Microsoft.AspNetCore.HttpLogging.dll
           /Users/dacanetdev/.nuget/packages/microsoft.aspnetcore.app.ref/8.0.13/ref/net8.0/Microsoft.AspNetCore.HttpOverrides.dll
           /Users/dacanetdev/.nuget/packages/microsoft.aspnetcore.app.ref/8.0.13/ref/net8.0/Microsoft.AspNetCore.HttpsPolicy.dll
           /Users/dacanetdev/.nuget/packages/microsoft.aspnetcore.app.ref/8.0.13/ref/net8.0/Microsoft.AspNetCore.Identity.dll
           /Users/dacanetdev/.nuget/packages/microsoft.aspnetcore.app.ref/8.0.13/ref/net8.0/Microsoft.AspNetCore.Localization.dll
           /Users/dacanetdev/.nuget/packages/microsoft.aspnetcore.app.ref/8.0.13/ref/net8.0/Microsoft.AspNetCore.Localization.Routing.dll
           /Users/dacanetdev/.nuget/packages/microsoft.aspnetcore.app.ref/8.0.13/ref/net8.0/Microsoft.AspNetCore.Metadata.dll
           /Users/dacanetdev/.nuget/packages/microsoft.aspnetcore.app.ref/8.0.13/ref/net8.0/Microsoft.AspNetCore.Mvc.Abstractions.dll
           /Users/dacanetdev/.nuget/packages/microsoft.aspnetcore.app.ref/8.0.13/ref/net8.0/Microsoft.AspNetCore.Mvc.ApiExplorer.dll
           /Users/dacanetdev/.nuget/packages/microsoft.aspnetcore.app.ref/8.0.13/ref/net8.0/Microsoft.AspNetCore.Mvc.Core.dll
           /Users/dacanetdev/.nuget/packages/microsoft.aspnetcore.app.ref/8.0.13/ref/net8.0/Microsoft.AspNetCore.Mvc.Cors.dll
           /Users/dacanetdev/.nuget/packages/microsoft.aspnetcore.app.ref/8.0.13/ref/net8.0/Microsoft.AspNetCore.Mvc.DataAnnotations.dll
           /Users/dacanetdev/.nuget/packages/microsoft.aspnetcore.app.ref/8.0.13/ref/net8.0/Microsoft.AspNetCore.Mvc.dll
           /Users/dacanetdev/.nuget/packages/microsoft.aspnetcore.app.ref/8.0.13/ref/net8.0/Microsoft.AspNetCore.Mvc.Formatters.Json.dll
           /Users/dacanetdev/.nuget/packages/microsoft.aspnetcore.app.ref/8.0.13/ref/net8.0/Microsoft.AspNetCore.Mvc.Formatters.Xml.dll
           /Users/dacanetdev/.nuget/packages/microsoft.aspnetcore.app.ref/8.0.13/ref/net8.0/Microsoft.AspNetCore.Mvc.Localization.dll
           /Users/dacanetdev/.nuget/packages/microsoft.aspnetcore.app.ref/8.0.13/ref/net8.0/Microsoft.AspNetCore.Mvc.Razor.dll
           /Users/dacanetdev/.nuget/packages/microsoft.aspnetcore.app.ref/8.0.13/ref/net8.0/Microsoft.AspNetCore.Mvc.RazorPages.dll
           /Users/dacanetdev/.nuget/packages/microsoft.aspnetcore.app.ref/8.0.13/ref/net8.0/Microsoft.AspNetCore.Mvc.TagHelpers.dll
           /Users/dacanetdev/.nuget/packages/microsoft.aspnetcore.app.ref/8.0.13/ref/net8.0/Microsoft.AspNetCore.Mvc.ViewFeatures.dll
           /Users/dacanetdev/.nuget/packages/microsoft.aspnetcore.app.ref/8.0.13/ref/net8.0/Microsoft.AspNetCore.OutputCaching.dll
           /Users/dacanetdev/.nuget/packages/microsoft.aspnetcore.app.ref/8.0.13/ref/net8.0/Microsoft.AspNetCore.RateLimiting.dll
           /Users/dacanetdev/.nuget/packages/microsoft.aspnetcore.app.ref/8.0.13/ref/net8.0/Microsoft.AspNetCore.Razor.dll
           /Users/dacanetdev/.nuget/packages/microsoft.aspnetcore.app.ref/8.0.13/ref/net8.0/Microsoft.AspNetCore.Razor.Runtime.dll
           /Users/dacanetdev/.nuget/packages/microsoft.aspnetcore.app.ref/8.0.13/ref/net8.0/Microsoft.AspNetCore.RequestDecompression.dll
           /Users/dacanetdev/.nuget/packages/microsoft.aspnetcore.app.ref/8.0.13/ref/net8.0/Microsoft.AspNetCore.ResponseCaching.Abstractions.dll
           /Users/dacanetdev/.nuget/packages/microsoft.aspnetcore.app.ref/8.0.13/ref/net8.0/Microsoft.AspNetCore.ResponseCaching.dll
           /Users/dacanetdev/.nuget/packages/microsoft.aspnetcore.app.ref/8.0.13/ref/net8.0/Microsoft.AspNetCore.ResponseCompression.dll
           /Users/dacanetdev/.nuget/packages/microsoft.aspnetcore.app.ref/8.0.13/ref/net8.0/Microsoft.AspNetCore.Rewrite.dll
           /Users/dacanetdev/.nuget/packages/microsoft.aspnetcore.app.ref/8.0.13/ref/net8.0/Microsoft.AspNetCore.Routing.Abstractions.dll
           /Users/dacanetdev/.nuget/packages/microsoft.aspnetcore.app.ref/8.0.13/ref/net8.0/Microsoft.AspNetCore.Routing.dll
           /Users/dacanetdev/.nuget/packages/microsoft.aspnetcore.app.ref/8.0.13/ref/net8.0/Microsoft.AspNetCore.Server.HttpSys.dll
           /Users/dacanetdev/.nuget/packages/microsoft.aspnetcore.app.ref/8.0.13/ref/net8.0/Microsoft.AspNetCore.Server.IIS.dll
           /Users/dacanetdev/.nuget/packages/microsoft.aspnetcore.app.ref/8.0.13/ref/net8.0/Microsoft.AspNetCore.Server.IISIntegration.dll
           /Users/dacanetdev/.nuget/packages/microsoft.aspnetcore.app.ref/8.0.13/ref/net8.0/Microsoft.AspNetCore.Server.Kestrel.Core.dll
           /Users/dacanetdev/.nuget/packages/microsoft.aspnetcore.app.ref/8.0.13/ref/net8.0/Microsoft.AspNetCore.Server.Kestrel.dll
           /Users/dacanetdev/.nuget/packages/microsoft.aspnetcore.app.ref/8.0.13/ref/net8.0/Microsoft.AspNetCore.Server.Kestrel.Transport.NamedPipes.dll
           /Users/dacanetdev/.nuget/packages/microsoft.aspnetcore.app.ref/8.0.13/ref/net8.0/Microsoft.AspNetCore.Server.Kestrel.Transport.Quic.dll
           /Users/dacanetdev/.nuget/packages/microsoft.aspnetcore.app.ref/8.0.13/ref/net8.0/Microsoft.AspNetCore.Server.Kestrel.Transport.Sockets.dll
           /Users/dacanetdev/.nuget/packages/microsoft.aspnetcore.app.ref/8.0.13/ref/net8.0/Microsoft.AspNetCore.Session.dll
           /Users/dacanetdev/.nuget/packages/microsoft.aspnetcore.app.ref/8.0.13/ref/net8.0/Microsoft.AspNetCore.SignalR.Common.dll
           /Users/dacanetdev/.nuget/packages/microsoft.aspnetcore.app.ref/8.0.13/ref/net8.0/Microsoft.AspNetCore.SignalR.Core.dll
           /Users/dacanetdev/.nuget/packages/microsoft.aspnetcore.app.ref/8.0.13/ref/net8.0/Microsoft.AspNetCore.SignalR.dll
           /Users/dacanetdev/.nuget/packages/microsoft.aspnetcore.app.ref/8.0.13/ref/net8.0/Microsoft.AspNetCore.SignalR.Protocols.Json.dll
           /Users/dacanetdev/.nuget/packages/microsoft.aspnetcore.app.ref/8.0.13/ref/net8.0/Microsoft.AspNetCore.StaticFiles.dll
           /Users/dacanetdev/.nuget/packages/microsoft.aspnetcore.app.ref/8.0.13/ref/net8.0/Microsoft.AspNetCore.WebSockets.dll
           /Users/dacanetdev/.nuget/packages/microsoft.aspnetcore.app.ref/8.0.13/ref/net8.0/Microsoft.AspNetCore.WebUtilities.dll
           /Users/dacanetdev/.nuget/packages/microsoft.netcore.app.ref/8.0.13/ref/net8.0/Microsoft.CSharp.dll
           /Users/dacanetdev/.nuget/packages/microsoft.aspnetcore.app.ref/8.0.13/ref/net8.0/Microsoft.Extensions.Caching.Abstractions.dll
           /Users/dacanetdev/.nuget/packages/microsoft.aspnetcore.app.ref/8.0.13/ref/net8.0/Microsoft.Extensions.Caching.Memory.dll
           /Users/dacanetdev/.nuget/packages/microsoft.aspnetcore.app.ref/8.0.13/ref/net8.0/Microsoft.Extensions.Configuration.Abstractions.dll
           /Users/dacanetdev/.nuget/packages/microsoft.aspnetcore.app.ref/8.0.13/ref/net8.0/Microsoft.Extensions.Configuration.Binder.dll
           /Users/dacanetdev/.nuget/packages/microsoft.aspnetcore.app.ref/8.0.13/ref/net8.0/Microsoft.Extensions.Configuration.CommandLine.dll
           /Users/dacanetdev/.nuget/packages/microsoft.aspnetcore.app.ref/8.0.13/ref/net8.0/Microsoft.Extensions.Configuration.dll
           /Users/dacanetdev/.nuget/packages/microsoft.aspnetcore.app.ref/8.0.13/ref/net8.0/Microsoft.Extensions.Configuration.EnvironmentVariables.dll
           /Users/dacanetdev/.nuget/packages/microsoft.aspnetcore.app.ref/8.0.13/ref/net8.0/Microsoft.Extensions.Configuration.FileExtensions.dll
           /Users/dacanetdev/.nuget/packages/microsoft.aspnetcore.app.ref/8.0.13/ref/net8.0/Microsoft.Extensions.Configuration.Ini.dll
           /Users/dacanetdev/.nuget/packages/microsoft.aspnetcore.app.ref/8.0.13/ref/net8.0/Microsoft.Extensions.Configuration.Json.dll
           /Users/dacanetdev/.nuget/packages/microsoft.aspnetcore.app.ref/8.0.13/ref/net8.0/Microsoft.Extensions.Configuration.KeyPerFile.dll
           /Users/dacanetdev/.nuget/packages/microsoft.aspnetcore.app.ref/8.0.13/ref/net8.0/Microsoft.Extensions.Configuration.UserSecrets.dll
           /Users/dacanetdev/.nuget/packages/microsoft.aspnetcore.app.ref/8.0.13/ref/net8.0/Microsoft.Extensions.Configuration.Xml.dll
           /Users/dacanetdev/.nuget/packages/microsoft.aspnetcore.app.ref/8.0.13/ref/net8.0/Microsoft.Extensions.DependencyInjection.Abstractions.dll
           /Users/dacanetdev/.nuget/packages/microsoft.aspnetcore.app.ref/8.0.13/ref/net8.0/Microsoft.Extensions.DependencyInjection.dll
           /Users/dacanetdev/.nuget/packages/microsoft.aspnetcore.app.ref/8.0.13/ref/net8.0/Microsoft.Extensions.Diagnostics.Abstractions.dll
           /Users/dacanetdev/.nuget/packages/microsoft.aspnetcore.app.ref/8.0.13/ref/net8.0/Microsoft.Extensions.Diagnostics.dll
           /Users/dacanetdev/.nuget/packages/microsoft.aspnetcore.app.ref/8.0.13/ref/net8.0/Microsoft.Extensions.Diagnostics.HealthChecks.Abstractions.dll
           /Users/dacanetdev/.nuget/packages/microsoft.aspnetcore.app.ref/8.0.13/ref/net8.0/Microsoft.Extensions.Diagnostics.HealthChecks.dll
           /Users/dacanetdev/.nuget/packages/microsoft.aspnetcore.app.ref/8.0.13/ref/net8.0/Microsoft.Extensions.Features.dll
           /Users/dacanetdev/.nuget/packages/microsoft.aspnetcore.app.ref/8.0.13/ref/net8.0/Microsoft.Extensions.FileProviders.Abstractions.dll
           /Users/dacanetdev/.nuget/packages/microsoft.aspnetcore.app.ref/8.0.13/ref/net8.0/Microsoft.Extensions.FileProviders.Composite.dll
           /Users/dacanetdev/.nuget/packages/microsoft.aspnetcore.app.ref/8.0.13/ref/net8.0/Microsoft.Extensions.FileProviders.Embedded.dll
           /Users/dacanetdev/.nuget/packages/microsoft.aspnetcore.app.ref/8.0.13/ref/net8.0/Microsoft.Extensions.FileProviders.Physical.dll
           /Users/dacanetdev/.nuget/packages/microsoft.aspnetcore.app.ref/8.0.13/ref/net8.0/Microsoft.Extensions.FileSystemGlobbing.dll
           /Users/dacanetdev/.nuget/packages/microsoft.aspnetcore.app.ref/8.0.13/ref/net8.0/Microsoft.Extensions.Hosting.Abstractions.dll
           /Users/dacanetdev/.nuget/packages/microsoft.aspnetcore.app.ref/8.0.13/ref/net8.0/Microsoft.Extensions.Hosting.dll
           /Users/dacanetdev/.nuget/packages/microsoft.aspnetcore.app.ref/8.0.13/ref/net8.0/Microsoft.Extensions.Http.dll
           /Users/dacanetdev/.nuget/packages/microsoft.aspnetcore.app.ref/8.0.13/ref/net8.0/Microsoft.Extensions.Identity.Core.dll
           /Users/dacanetdev/.nuget/packages/microsoft.aspnetcore.app.ref/8.0.13/ref/net8.0/Microsoft.Extensions.Identity.Stores.dll
           /Users/dacanetdev/.nuget/packages/microsoft.aspnetcore.app.ref/8.0.13/ref/net8.0/Microsoft.Extensions.Localization.Abstractions.dll
           /Users/dacanetdev/.nuget/packages/microsoft.aspnetcore.app.ref/8.0.13/ref/net8.0/Microsoft.Extensions.Localization.dll
           /Users/dacanetdev/.nuget/packages/microsoft.aspnetcore.app.ref/8.0.13/ref/net8.0/Microsoft.Extensions.Logging.Abstractions.dll
           /Users/dacanetdev/.nuget/packages/microsoft.aspnetcore.app.ref/8.0.13/ref/net8.0/Microsoft.Extensions.Logging.Configuration.dll
           /Users/dacanetdev/.nuget/packages/microsoft.aspnetcore.app.ref/8.0.13/ref/net8.0/Microsoft.Extensions.Logging.Console.dll
           /Users/dacanetdev/.nuget/packages/microsoft.aspnetcore.app.ref/8.0.13/ref/net8.0/Microsoft.Extensions.Logging.Debug.dll
           /Users/dacanetdev/.nuget/packages/microsoft.aspnetcore.app.ref/8.0.13/ref/net8.0/Microsoft.Extensions.Logging.dll
           /Users/dacanetdev/.nuget/packages/microsoft.aspnetcore.app.ref/8.0.13/ref/net8.0/Microsoft.Extensions.Logging.EventLog.dll
           /Users/dacanetdev/.nuget/packages/microsoft.aspnetcore.app.ref/8.0.13/ref/net8.0/Microsoft.Extensions.Logging.EventSource.dll
           /Users/dacanetdev/.nuget/packages/microsoft.aspnetcore.app.ref/8.0.13/ref/net8.0/Microsoft.Extensions.Logging.TraceSource.dll
           /Users/dacanetdev/.nuget/packages/microsoft.aspnetcore.app.ref/8.0.13/ref/net8.0/Microsoft.Extensions.ObjectPool.dll
           /Users/dacanetdev/.nuget/packages/microsoft.aspnetcore.app.ref/8.0.13/ref/net8.0/Microsoft.Extensions.Options.ConfigurationExtensions.dll
           /Users/dacanetdev/.nuget/packages/microsoft.aspnetcore.app.ref/8.0.13/ref/net8.0/Microsoft.Extensions.Options.DataAnnotations.dll
           /Users/dacanetdev/.nuget/packages/microsoft.aspnetcore.app.ref/8.0.13/ref/net8.0/Microsoft.Extensions.Options.dll
           /Users/dacanetdev/.nuget/packages/microsoft.aspnetcore.app.ref/8.0.13/ref/net8.0/Microsoft.Extensions.Primitives.dll
           /Users/dacanetdev/.nuget/packages/microsoft.aspnetcore.app.ref/8.0.13/ref/net8.0/Microsoft.Extensions.WebEncoders.dll
           /Users/dacanetdev/.nuget/packages/microsoft.aspnetcore.app.ref/8.0.13/ref/net8.0/Microsoft.JSInterop.dll
           /Users/dacanetdev/.nuget/packages/microsoft.aspnetcore.app.ref/8.0.13/ref/net8.0/Microsoft.Net.Http.Headers.dll
           /Users/dacanetdev/.nuget/packages/microsoft.netcore.app.ref/8.0.13/ref/net8.0/Microsoft.VisualBasic.Core.dll
           /Users/dacanetdev/.nuget/packages/microsoft.netcore.app.ref/8.0.13/ref/net8.0/Microsoft.VisualBasic.dll
           /Users/dacanetdev/.nuget/packages/microsoft.netcore.app.ref/8.0.13/ref/net8.0/Microsoft.Win32.Primitives.dll
           /Users/dacanetdev/.nuget/packages/microsoft.netcore.app.ref/8.0.13/ref/net8.0/Microsoft.Win32.Registry.dll
           /Users/dacanetdev/.nuget/packages/microsoft.netcore.app.ref/8.0.13/ref/net8.0/mscorlib.dll
           /Users/dacanetdev/.nuget/packages/microsoft.netcore.app.ref/8.0.13/ref/net8.0/netstandard.dll
           /Users/dacanetdev/.nuget/packages/microsoft.netcore.app.ref/8.0.13/ref/net8.0/System.AppContext.dll
           /Users/dacanetdev/.nuget/packages/microsoft.netcore.app.ref/8.0.13/ref/net8.0/System.Buffers.dll
           /Users/dacanetdev/.nuget/packages/microsoft.netcore.app.ref/8.0.13/ref/net8.0/System.Collections.Concurrent.dll
           /Users/dacanetdev/.nuget/packages/microsoft.netcore.app.ref/8.0.13/ref/net8.0/System.Collections.dll
           /Users/dacanetdev/.nuget/packages/microsoft.netcore.app.ref/8.0.13/ref/net8.0/System.Collections.Immutable.dll
           /Users/dacanetdev/.nuget/packages/microsoft.netcore.app.ref/8.0.13/ref/net8.0/System.Collections.NonGeneric.dll
           /Users/dacanetdev/.nuget/packages/microsoft.netcore.app.ref/8.0.13/ref/net8.0/System.Collections.Specialized.dll
           /Users/dacanetdev/.nuget/packages/microsoft.netcore.app.ref/8.0.13/ref/net8.0/System.ComponentModel.Annotations.dll
           /Users/dacanetdev/.nuget/packages/microsoft.netcore.app.ref/8.0.13/ref/net8.0/System.ComponentModel.DataAnnotations.dll
           /Users/dacanetdev/.nuget/packages/microsoft.netcore.app.ref/8.0.13/ref/net8.0/System.ComponentModel.dll
           /Users/dacanetdev/.nuget/packages/microsoft.netcore.app.ref/8.0.13/ref/net8.0/System.ComponentModel.EventBasedAsync.dll
           /Users/dacanetdev/.nuget/packages/microsoft.netcore.app.ref/8.0.13/ref/net8.0/System.ComponentModel.Primitives.dll
           /Users/dacanetdev/.nuget/packages/microsoft.netcore.app.ref/8.0.13/ref/net8.0/System.ComponentModel.TypeConverter.dll
           /Users/dacanetdev/.nuget/packages/microsoft.netcore.app.ref/8.0.13/ref/net8.0/System.Configuration.dll
           /Users/dacanetdev/.nuget/packages/microsoft.netcore.app.ref/8.0.13/ref/net8.0/System.Console.dll
           /Users/dacanetdev/.nuget/packages/microsoft.netcore.app.ref/8.0.13/ref/net8.0/System.Core.dll
           /Users/dacanetdev/.nuget/packages/microsoft.netcore.app.ref/8.0.13/ref/net8.0/System.Data.Common.dll
           /Users/dacanetdev/.nuget/packages/microsoft.netcore.app.ref/8.0.13/ref/net8.0/System.Data.DataSetExtensions.dll
           /Users/dacanetdev/.nuget/packages/microsoft.netcore.app.ref/8.0.13/ref/net8.0/System.Data.dll
           /Users/dacanetdev/.nuget/packages/microsoft.netcore.app.ref/8.0.13/ref/net8.0/System.Diagnostics.Contracts.dll
           /Users/dacanetdev/.nuget/packages/microsoft.netcore.app.ref/8.0.13/ref/net8.0/System.Diagnostics.Debug.dll
           /Users/dacanetdev/.nuget/packages/microsoft.netcore.app.ref/8.0.13/ref/net8.0/System.Diagnostics.DiagnosticSource.dll
           /Users/dacanetdev/.nuget/packages/microsoft.aspnetcore.app.ref/8.0.13/ref/net8.0/System.Diagnostics.EventLog.dll
           /Users/dacanetdev/.nuget/packages/microsoft.netcore.app.ref/8.0.13/ref/net8.0/System.Diagnostics.FileVersionInfo.dll
           /Users/dacanetdev/.nuget/packages/microsoft.netcore.app.ref/8.0.13/ref/net8.0/System.Diagnostics.Process.dll
           /Users/dacanetdev/.nuget/packages/microsoft.netcore.app.ref/8.0.13/ref/net8.0/System.Diagnostics.StackTrace.dll
           /Users/dacanetdev/.nuget/packages/microsoft.netcore.app.ref/8.0.13/ref/net8.0/System.Diagnostics.TextWriterTraceListener.dll
           /Users/dacanetdev/.nuget/packages/microsoft.netcore.app.ref/8.0.13/ref/net8.0/System.Diagnostics.Tools.dll
           /Users/dacanetdev/.nuget/packages/microsoft.netcore.app.ref/8.0.13/ref/net8.0/System.Diagnostics.TraceSource.dll
           /Users/dacanetdev/.nuget/packages/microsoft.netcore.app.ref/8.0.13/ref/net8.0/System.Diagnostics.Tracing.dll
           /Users/dacanetdev/.nuget/packages/microsoft.netcore.app.ref/8.0.13/ref/net8.0/System.dll
           /Users/dacanetdev/.nuget/packages/microsoft.netcore.app.ref/8.0.13/ref/net8.0/System.Drawing.dll
           /Users/dacanetdev/.nuget/packages/microsoft.netcore.app.ref/8.0.13/ref/net8.0/System.Drawing.Primitives.dll
           /Users/dacanetdev/.nuget/packages/microsoft.netcore.app.ref/8.0.13/ref/net8.0/System.Dynamic.Runtime.dll
           /Users/dacanetdev/.nuget/packages/microsoft.netcore.app.ref/8.0.13/ref/net8.0/System.Formats.Asn1.dll
           /Users/dacanetdev/.nuget/packages/microsoft.netcore.app.ref/8.0.13/ref/net8.0/System.Formats.Tar.dll
           /Users/dacanetdev/.nuget/packages/microsoft.netcore.app.ref/8.0.13/ref/net8.0/System.Globalization.Calendars.dll
           /Users/dacanetdev/.nuget/packages/microsoft.netcore.app.ref/8.0.13/ref/net8.0/System.Globalization.dll
           /Users/dacanetdev/.nuget/packages/microsoft.netcore.app.ref/8.0.13/ref/net8.0/System.Globalization.Extensions.dll
           /Users/dacanetdev/.nuget/packages/microsoft.netcore.app.ref/8.0.13/ref/net8.0/System.IO.Compression.Brotli.dll
           /Users/dacanetdev/.nuget/packages/microsoft.netcore.app.ref/8.0.13/ref/net8.0/System.IO.Compression.dll
           /Users/dacanetdev/.nuget/packages/microsoft.netcore.app.ref/8.0.13/ref/net8.0/System.IO.Compression.FileSystem.dll
           /Users/dacanetdev/.nuget/packages/microsoft.netcore.app.ref/8.0.13/ref/net8.0/System.IO.Compression.ZipFile.dll
           /Users/dacanetdev/.nuget/packages/microsoft.netcore.app.ref/8.0.13/ref/net8.0/System.IO.dll
           /Users/dacanetdev/.nuget/packages/microsoft.netcore.app.ref/8.0.13/ref/net8.0/System.IO.FileSystem.AccessControl.dll
           /Users/dacanetdev/.nuget/packages/microsoft.netcore.app.ref/8.0.13/ref/net8.0/System.IO.FileSystem.dll
           /Users/dacanetdev/.nuget/packages/microsoft.netcore.app.ref/8.0.13/ref/net8.0/System.IO.FileSystem.DriveInfo.dll
           /Users/dacanetdev/.nuget/packages/microsoft.netcore.app.ref/8.0.13/ref/net8.0/System.IO.FileSystem.Primitives.dll
           /Users/dacanetdev/.nuget/packages/microsoft.netcore.app.ref/8.0.13/ref/net8.0/System.IO.FileSystem.Watcher.dll
           /Users/dacanetdev/.nuget/packages/microsoft.netcore.app.ref/8.0.13/ref/net8.0/System.IO.IsolatedStorage.dll
           /Users/dacanetdev/.nuget/packages/microsoft.netcore.app.ref/8.0.13/ref/net8.0/System.IO.MemoryMappedFiles.dll
           /Users/dacanetdev/.nuget/packages/microsoft.aspnetcore.app.ref/8.0.13/ref/net8.0/System.IO.Pipelines.dll
           /Users/dacanetdev/.nuget/packages/microsoft.netcore.app.ref/8.0.13/ref/net8.0/System.IO.Pipes.AccessControl.dll
           /Users/dacanetdev/.nuget/packages/microsoft.netcore.app.ref/8.0.13/ref/net8.0/System.IO.Pipes.dll
           /Users/dacanetdev/.nuget/packages/microsoft.netcore.app.ref/8.0.13/ref/net8.0/System.IO.UnmanagedMemoryStream.dll
           /Users/dacanetdev/.nuget/packages/microsoft.netcore.app.ref/8.0.13/ref/net8.0/System.Linq.dll
           /Users/dacanetdev/.nuget/packages/microsoft.netcore.app.ref/8.0.13/ref/net8.0/System.Linq.Expressions.dll
           /Users/dacanetdev/.nuget/packages/microsoft.netcore.app.ref/8.0.13/ref/net8.0/System.Linq.Parallel.dll
           /Users/dacanetdev/.nuget/packages/microsoft.netcore.app.ref/8.0.13/ref/net8.0/System.Linq.Queryable.dll
           /Users/dacanetdev/.nuget/packages/microsoft.netcore.app.ref/8.0.13/ref/net8.0/System.Memory.dll
           /Users/dacanetdev/.nuget/packages/microsoft.netcore.app.ref/8.0.13/ref/net8.0/System.Net.dll
           /Users/dacanetdev/.nuget/packages/microsoft.netcore.app.ref/8.0.13/ref/net8.0/System.Net.Http.dll
           /Users/dacanetdev/.nuget/packages/microsoft.netcore.app.ref/8.0.13/ref/net8.0/System.Net.Http.Json.dll
           /Users/dacanetdev/.nuget/packages/microsoft.netcore.app.ref/8.0.13/ref/net8.0/System.Net.HttpListener.dll
           /Users/dacanetdev/.nuget/packages/microsoft.netcore.app.ref/8.0.13/ref/net8.0/System.Net.Mail.dll
           /Users/dacanetdev/.nuget/packages/microsoft.netcore.app.ref/8.0.13/ref/net8.0/System.Net.NameResolution.dll
           /Users/dacanetdev/.nuget/packages/microsoft.netcore.app.ref/8.0.13/ref/net8.0/System.Net.NetworkInformation.dll
           /Users/dacanetdev/.nuget/packages/microsoft.netcore.app.ref/8.0.13/ref/net8.0/System.Net.Ping.dll
           /Users/dacanetdev/.nuget/packages/microsoft.netcore.app.ref/8.0.13/ref/net8.0/System.Net.Primitives.dll
           /Users/dacanetdev/.nuget/packages/microsoft.netcore.app.ref/8.0.13/ref/net8.0/System.Net.Quic.dll
           /Users/dacanetdev/.nuget/packages/microsoft.netcore.app.ref/8.0.13/ref/net8.0/System.Net.Requests.dll
           /Users/dacanetdev/.nuget/packages/microsoft.netcore.app.ref/8.0.13/ref/net8.0/System.Net.Security.dll
           /Users/dacanetdev/.nuget/packages/microsoft.netcore.app.ref/8.0.13/ref/net8.0/System.Net.ServicePoint.dll
           /Users/dacanetdev/.nuget/packages/microsoft.netcore.app.ref/8.0.13/ref/net8.0/System.Net.Sockets.dll
           /Users/dacanetdev/.nuget/packages/microsoft.netcore.app.ref/8.0.13/ref/net8.0/System.Net.WebClient.dll
           /Users/dacanetdev/.nuget/packages/microsoft.netcore.app.ref/8.0.13/ref/net8.0/System.Net.WebHeaderCollection.dll
           /Users/dacanetdev/.nuget/packages/microsoft.netcore.app.ref/8.0.13/ref/net8.0/System.Net.WebProxy.dll
           /Users/dacanetdev/.nuget/packages/microsoft.netcore.app.ref/8.0.13/ref/net8.0/System.Net.WebSockets.Client.dll
           /Users/dacanetdev/.nuget/packages/microsoft.netcore.app.ref/8.0.13/ref/net8.0/System.Net.WebSockets.dll
           /Users/dacanetdev/.nuget/packages/microsoft.netcore.app.ref/8.0.13/ref/net8.0/System.Numerics.dll
           /Users/dacanetdev/.nuget/packages/microsoft.netcore.app.ref/8.0.13/ref/net8.0/System.Numerics.Vectors.dll
           /Users/dacanetdev/.nuget/packages/microsoft.netcore.app.ref/8.0.13/ref/net8.0/System.ObjectModel.dll
           /Users/dacanetdev/.nuget/packages/microsoft.netcore.app.ref/8.0.13/ref/net8.0/System.Reflection.DispatchProxy.dll
           /Users/dacanetdev/.nuget/packages/microsoft.netcore.app.ref/8.0.13/ref/net8.0/System.Reflection.dll
           /Users/dacanetdev/.nuget/packages/microsoft.netcore.app.ref/8.0.13/ref/net8.0/System.Reflection.Emit.dll
           /Users/dacanetdev/.nuget/packages/microsoft.netcore.app.ref/8.0.13/ref/net8.0/System.Reflection.Emit.ILGeneration.dll
           /Users/dacanetdev/.nuget/packages/microsoft.netcore.app.ref/8.0.13/ref/net8.0/System.Reflection.Emit.Lightweight.dll
           /Users/dacanetdev/.nuget/packages/microsoft.netcore.app.ref/8.0.13/ref/net8.0/System.Reflection.Extensions.dll
           /Users/dacanetdev/.nuget/packages/microsoft.netcore.app.ref/8.0.13/ref/net8.0/System.Reflection.Metadata.dll
           /Users/dacanetdev/.nuget/packages/microsoft.netcore.app.ref/8.0.13/ref/net8.0/System.Reflection.Primitives.dll
           /Users/dacanetdev/.nuget/packages/microsoft.netcore.app.ref/8.0.13/ref/net8.0/System.Reflection.TypeExtensions.dll
           /Users/dacanetdev/.nuget/packages/microsoft.netcore.app.ref/8.0.13/ref/net8.0/System.Resources.Reader.dll
           /Users/dacanetdev/.nuget/packages/microsoft.netcore.app.ref/8.0.13/ref/net8.0/System.Resources.ResourceManager.dll
           /Users/dacanetdev/.nuget/packages/microsoft.netcore.app.ref/8.0.13/ref/net8.0/System.Resources.Writer.dll
           /Users/dacanetdev/.nuget/packages/microsoft.netcore.app.ref/8.0.13/ref/net8.0/System.Runtime.CompilerServices.Unsafe.dll
           /Users/dacanetdev/.nuget/packages/microsoft.netcore.app.ref/8.0.13/ref/net8.0/System.Runtime.CompilerServices.VisualC.dll
           /Users/dacanetdev/.nuget/packages/microsoft.netcore.app.ref/8.0.13/ref/net8.0/System.Runtime.dll
           /Users/dacanetdev/.nuget/packages/microsoft.netcore.app.ref/8.0.13/ref/net8.0/System.Runtime.Extensions.dll
           /Users/dacanetdev/.nuget/packages/microsoft.netcore.app.ref/8.0.13/ref/net8.0/System.Runtime.Handles.dll
           /Users/dacanetdev/.nuget/packages/microsoft.netcore.app.ref/8.0.13/ref/net8.0/System.Runtime.InteropServices.dll
           /Users/dacanetdev/.nuget/packages/microsoft.netcore.app.ref/8.0.13/ref/net8.0/System.Runtime.InteropServices.JavaScript.dll
           /Users/dacanetdev/.nuget/packages/microsoft.netcore.app.ref/8.0.13/ref/net8.0/System.Runtime.InteropServices.RuntimeInformation.dll
           /Users/dacanetdev/.nuget/packages/microsoft.netcore.app.ref/8.0.13/ref/net8.0/System.Runtime.Intrinsics.dll
           /Users/dacanetdev/.nuget/packages/microsoft.netcore.app.ref/8.0.13/ref/net8.0/System.Runtime.Loader.dll
           /Users/dacanetdev/.nuget/packages/microsoft.netcore.app.ref/8.0.13/ref/net8.0/System.Runtime.Numerics.dll
           /Users/dacanetdev/.nuget/packages/microsoft.netcore.app.ref/8.0.13/ref/net8.0/System.Runtime.Serialization.dll
           /Users/dacanetdev/.nuget/packages/microsoft.netcore.app.ref/8.0.13/ref/net8.0/System.Runtime.Serialization.Formatters.dll
           /Users/dacanetdev/.nuget/packages/microsoft.netcore.app.ref/8.0.13/ref/net8.0/System.Runtime.Serialization.Json.dll
           /Users/dacanetdev/.nuget/packages/microsoft.netcore.app.ref/8.0.13/ref/net8.0/System.Runtime.Serialization.Primitives.dll
           /Users/dacanetdev/.nuget/packages/microsoft.netcore.app.ref/8.0.13/ref/net8.0/System.Runtime.Serialization.Xml.dll
           /Users/dacanetdev/.nuget/packages/microsoft.netcore.app.ref/8.0.13/ref/net8.0/System.Security.AccessControl.dll
           /Users/dacanetdev/.nuget/packages/microsoft.netcore.app.ref/8.0.13/ref/net8.0/System.Security.Claims.dll
           /Users/dacanetdev/.nuget/packages/microsoft.netcore.app.ref/8.0.13/ref/net8.0/System.Security.Cryptography.Algorithms.dll
           /Users/dacanetdev/.nuget/packages/microsoft.netcore.app.ref/8.0.13/ref/net8.0/System.Security.Cryptography.Cng.dll
           /Users/dacanetdev/.nuget/packages/microsoft.netcore.app.ref/8.0.13/ref/net8.0/System.Security.Cryptography.Csp.dll
           /Users/dacanetdev/.nuget/packages/microsoft.netcore.app.ref/8.0.13/ref/net8.0/System.Security.Cryptography.dll
           /Users/dacanetdev/.nuget/packages/microsoft.netcore.app.ref/8.0.13/ref/net8.0/System.Security.Cryptography.Encoding.dll
           /Users/dacanetdev/.nuget/packages/microsoft.netcore.app.ref/8.0.13/ref/net8.0/System.Security.Cryptography.OpenSsl.dll
           /Users/dacanetdev/.nuget/packages/microsoft.netcore.app.ref/8.0.13/ref/net8.0/System.Security.Cryptography.Primitives.dll
           /Users/dacanetdev/.nuget/packages/microsoft.netcore.app.ref/8.0.13/ref/net8.0/System.Security.Cryptography.X509Certificates.dll
           /Users/dacanetdev/.nuget/packages/microsoft.aspnetcore.app.ref/8.0.13/ref/net8.0/System.Security.Cryptography.Xml.dll
           /Users/dacanetdev/.nuget/packages/microsoft.netcore.app.ref/8.0.13/ref/net8.0/System.Security.dll
           /Users/dacanetdev/.nuget/packages/microsoft.netcore.app.ref/8.0.13/ref/net8.0/System.Security.Principal.dll
           /Users/dacanetdev/.nuget/packages/microsoft.netcore.app.ref/8.0.13/ref/net8.0/System.Security.Principal.Windows.dll
           /Users/dacanetdev/.nuget/packages/microsoft.netcore.app.ref/8.0.13/ref/net8.0/System.Security.SecureString.dll
           /Users/dacanetdev/.nuget/packages/microsoft.netcore.app.ref/8.0.13/ref/net8.0/System.ServiceModel.Web.dll
           /Users/dacanetdev/.nuget/packages/microsoft.netcore.app.ref/8.0.13/ref/net8.0/System.ServiceProcess.dll
           /Users/dacanetdev/.nuget/packages/microsoft.netcore.app.ref/8.0.13/ref/net8.0/System.Text.Encoding.CodePages.dll
           /Users/dacanetdev/.nuget/packages/microsoft.netcore.app.ref/8.0.13/ref/net8.0/System.Text.Encoding.dll
           /Users/dacanetdev/.nuget/packages/microsoft.netcore.app.ref/8.0.13/ref/net8.0/System.Text.Encoding.Extensions.dll
           /Users/dacanetdev/.nuget/packages/microsoft.netcore.app.ref/8.0.13/ref/net8.0/System.Text.Encodings.Web.dll
           /Users/dacanetdev/.nuget/packages/microsoft.netcore.app.ref/8.0.13/ref/net8.0/System.Text.Json.dll
           /Users/dacanetdev/.nuget/packages/microsoft.netcore.app.ref/8.0.13/ref/net8.0/System.Text.RegularExpressions.dll
           /Users/dacanetdev/.nuget/packages/microsoft.netcore.app.ref/8.0.13/ref/net8.0/System.Threading.Channels.dll
           /Users/dacanetdev/.nuget/packages/microsoft.netcore.app.ref/8.0.13/ref/net8.0/System.Threading.dll
           /Users/dacanetdev/.nuget/packages/microsoft.netcore.app.ref/8.0.13/ref/net8.0/System.Threading.Overlapped.dll
           /Users/dacanetdev/.nuget/packages/microsoft.aspnetcore.app.ref/8.0.13/ref/net8.0/System.Threading.RateLimiting.dll
           /Users/dacanetdev/.nuget/packages/microsoft.netcore.app.ref/8.0.13/ref/net8.0/System.Threading.Tasks.Dataflow.dll
           /Users/dacanetdev/.nuget/packages/microsoft.netcore.app.ref/8.0.13/ref/net8.0/System.Threading.Tasks.dll
           /Users/dacanetdev/.nuget/packages/microsoft.netcore.app.ref/8.0.13/ref/net8.0/System.Threading.Tasks.Extensions.dll
           /Users/dacanetdev/.nuget/packages/microsoft.netcore.app.ref/8.0.13/ref/net8.0/System.Threading.Tasks.Parallel.dll
           /Users/dacanetdev/.nuget/packages/microsoft.netcore.app.ref/8.0.13/ref/net8.0/System.Threading.Thread.dll
           /Users/dacanetdev/.nuget/packages/microsoft.netcore.app.ref/8.0.13/ref/net8.0/System.Threading.ThreadPool.dll
           /Users/dacanetdev/.nuget/packages/microsoft.netcore.app.ref/8.0.13/ref/net8.0/System.Threading.Timer.dll
           /Users/dacanetdev/.nuget/packages/microsoft.netcore.app.ref/8.0.13/ref/net8.0/System.Transactions.dll
           /Users/dacanetdev/.nuget/packages/microsoft.netcore.app.ref/8.0.13/ref/net8.0/System.Transactions.Local.dll
           /Users/dacanetdev/.nuget/packages/microsoft.netcore.app.ref/8.0.13/ref/net8.0/System.ValueTuple.dll
           /Users/dacanetdev/.nuget/packages/microsoft.netcore.app.ref/8.0.13/ref/net8.0/System.Web.dll
           /Users/dacanetdev/.nuget/packages/microsoft.netcore.app.ref/8.0.13/ref/net8.0/System.Web.HttpUtility.dll
           /Users/dacanetdev/.nuget/packages/microsoft.netcore.app.ref/8.0.13/ref/net8.0/System.Windows.dll
           /Users/dacanetdev/.nuget/packages/microsoft.netcore.app.ref/8.0.13/ref/net8.0/System.Xml.dll
           /Users/dacanetdev/.nuget/packages/microsoft.netcore.app.ref/8.0.13/ref/net8.0/System.Xml.Linq.dll
           /Users/dacanetdev/.nuget/packages/microsoft.netcore.app.ref/8.0.13/ref/net8.0/System.Xml.ReaderWriter.dll
           /Users/dacanetdev/.nuget/packages/microsoft.netcore.app.ref/8.0.13/ref/net8.0/System.Xml.Serialization.dll
           /Users/dacanetdev/.nuget/packages/microsoft.netcore.app.ref/8.0.13/ref/net8.0/System.Xml.XDocument.dll
           /Users/dacanetdev/.nuget/packages/microsoft.netcore.app.ref/8.0.13/ref/net8.0/System.Xml.XmlDocument.dll
           /Users/dacanetdev/.nuget/packages/microsoft.netcore.app.ref/8.0.13/ref/net8.0/System.Xml.XmlSerializer.dll
           /Users/dacanetdev/.nuget/packages/microsoft.netcore.app.ref/8.0.13/ref/net8.0/System.Xml.XPath.dll
           /Users/dacanetdev/.nuget/packages/microsoft.netcore.app.ref/8.0.13/ref/net8.0/System.Xml.XPath.XDocument.dll
           /Users/dacanetdev/.nuget/packages/microsoft.netcore.app.ref/8.0.13/ref/net8.0/WindowsBase.dll
           obj/Debug/net8.0/DeventSoft.RoadmapSkills.BlazorApp.csproj.CoreCompileInputs.cache
           Components/App.razor
           Components/Pages/Counter.razor
           Components/Pages/Error.razor
           Components/Pages/Home.razor
           Components/Pages/Weather.razor
           Components/Routes.razor
           Components/_Imports.razor
           Components/Layout/MainLayout.razor
           Components/Layout/NavMenu.razor
           /usr/local/share/dotnet/sdk/9.0.200/Sdks/Microsoft.NET.Sdk.Web/analyzers/cs/Microsoft.AspNetCore.Analyzers.dll
           /usr/local/share/dotnet/sdk/9.0.200/Sdks/Microsoft.NET.Sdk.Web/analyzers/cs/Microsoft.AspNetCore.Mvc.Analyzers.dll
           /usr/local/share/dotnet/sdk/9.0.200/Sdks/Microsoft.NET.Sdk/targets/../analyzers/Microsoft.CodeAnalysis.CSharp.NetAnalyzers.dll
           /usr/local/share/dotnet/sdk/9.0.200/Sdks/Microsoft.NET.Sdk/targets/../analyzers/Microsoft.CodeAnalysis.NetAnalyzers.dll
           /Users/dacanetdev/.nuget/packages/microsoft.netcore.app.ref/8.0.13/analyzers/dotnet/cs/Microsoft.Interop.ComInterfaceGenerator.dll
           /Users/dacanetdev/.nuget/packages/microsoft.netcore.app.ref/8.0.13/analyzers/dotnet/cs/Microsoft.Interop.JavaScript.JSImportGenerator.dll
           /Users/dacanetdev/.nuget/packages/microsoft.netcore.app.ref/8.0.13/analyzers/dotnet/cs/Microsoft.Interop.LibraryImportGenerator.dll
           /Users/dacanetdev/.nuget/packages/microsoft.netcore.app.ref/8.0.13/analyzers/dotnet/cs/Microsoft.Interop.SourceGeneration.dll
           /Users/dacanetdev/.nuget/packages/microsoft.netcore.app.ref/8.0.13/analyzers/dotnet/cs/System.Text.Json.SourceGeneration.dll
           /Users/dacanetdev/.nuget/packages/microsoft.netcore.app.ref/8.0.13/analyzers/dotnet/cs/System.Text.RegularExpressions.Generator.dll
           /Users/dacanetdev/.nuget/packages/microsoft.aspnetcore.app.ref/8.0.13/analyzers/dotnet/cs/Microsoft.AspNetCore.App.Analyzers.dll
           /Users/dacanetdev/.nuget/packages/microsoft.aspnetcore.app.ref/8.0.13/analyzers/dotnet/cs/Microsoft.AspNetCore.App.CodeFixes.dll
           /Users/dacanetdev/.nuget/packages/microsoft.aspnetcore.app.ref/8.0.13/analyzers/dotnet/cs/Microsoft.AspNetCore.Components.Analyzers.dll
           /Users/dacanetdev/.nuget/packages/microsoft.aspnetcore.app.ref/8.0.13/analyzers/dotnet/roslyn4.4/cs/Microsoft.Extensions.Logging.Generators.dll
           /Users/dacanetdev/.nuget/packages/microsoft.aspnetcore.app.ref/8.0.13/analyzers/dotnet/roslyn4.4/cs/Microsoft.Extensions.Options.SourceGeneration.dll
           /usr/local/share/dotnet/sdk/9.0.200/Sdks/Microsoft.NET.Sdk.Razor/targets/../source-generators/Microsoft.AspNetCore.Razor.Utilities.Shared.dll
           /usr/local/share/dotnet/sdk/9.0.200/Sdks/Microsoft.NET.Sdk.Razor/targets/../source-generators/Microsoft.CodeAnalysis.Razor.Compiler.dll
           /usr/local/share/dotnet/sdk/9.0.200/Sdks/Microsoft.NET.Sdk.Razor/targets/../source-generators/Microsoft.Extensions.ObjectPool.dll
           /usr/local/share/dotnet/sdk/9.0.200/Sdks/Microsoft.NET.Sdk.Razor/targets/../source-generators/System.Collections.Immutable.dll
           obj/Debug/net8.0/DeventSoft.RoadmapSkills.BlazorApp.GeneratedMSBuildEditorConfig.editorconfig
           /usr/local/share/dotnet/sdk/9.0.200/Sdks/Microsoft.NET.Sdk/analyzers/build/config/analysislevel_8_default.globalconfig
           /Users/dacanetdev/Dev/AIGenerated/RoadmapSkills/src/DeventSoft.RoadmapSkills.BlazorApp/obj/DeventSoft.RoadmapSkills.BlazorApp.csproj.nuget.g.targets
           /usr/local/share/dotnet/sdk/9.0.200/Current/Microsoft.Common.targets/ImportAfter/Microsoft.TestPlatform.ImportAfter.targets
       Output files: 
           obj/Debug/net8.0/DeventSoft.RoadmapSkills.BlazorApp.dll
           obj/Debug/net8.0/refint/DeventSoft.RoadmapSkills.BlazorApp.dll
           obj/Debug/net8.0/DeventSoft.RoadmapSkills.BlazorApp.pdb
   8:6>Done building target "CoreCompile" in project "DeventSoft.RoadmapSkills.BlazorApp.csproj".
       Target "_TouchLastBuildWithSkipAnalyzers" skipped, due to false condition; ('$(_SkipAnalyzers)' == 'true') was evaluated as ('' == 'true').
       Target "_TimeStampAfterCompile" skipped, due to false condition; ('$(RunPostBuildEvent)'=='OnOutputUpdated' or ('$(RegisterForComInterop)'=='true' and '$(OutputType)'=='library')) was evaluated as (''=='OnOutputUpdated' or (''=='true' and 'Exe'=='library')).
   8:6>Target "AfterCompile" in file "/usr/local/share/dotnet/sdk/9.0.200/Microsoft.Common.CurrentVersion.targets" from project "/Users/dacanetdev/Dev/AIGenerated/RoadmapSkills/src/DeventSoft.RoadmapSkills.BlazorApp/DeventSoft.RoadmapSkills.BlazorApp.csproj" (target "Compile" depends on it):
   8:6>Done building target "AfterCompile" in project "DeventSoft.RoadmapSkills.BlazorApp.csproj".
       Target "_GetAppHostPaths" skipped. Previously built successfully.
       Target "_GetAppHostCreationConfiguration" skipped. Previously built successfully.
       Target "CoreCompile" skipped. Previously built successfully.
   8:6>Target "_CreateAppHost" in file "/usr/local/share/dotnet/sdk/9.0.200/Sdks/Microsoft.NET.Sdk/targets/Microsoft.NET.Sdk.targets" from project "/Users/dacanetdev/Dev/AIGenerated/RoadmapSkills/src/DeventSoft.RoadmapSkills.BlazorApp/DeventSoft.RoadmapSkills.BlazorApp.csproj" (target "Compile" depends on it):
       Skipping target "_CreateAppHost" because all output files are up-to-date with respect to the input files.
       Input files: 
           obj/Debug/net8.0/DeventSoft.RoadmapSkills.BlazorApp.dll
           /Users/dacanetdev/.nuget/packages/microsoft.netcore.app.host.osx-x64/8.0.13/runtimes/osx-x64/native/apphost
       Output files: /Users/dacanetdev/Dev/AIGenerated/RoadmapSkills/src/DeventSoft.RoadmapSkills.BlazorApp/obj/Debug/net8.0/apphost
   8:6>Done building target "_CreateAppHost" in project "DeventSoft.RoadmapSkills.BlazorApp.csproj".
       Target "_CreateComHost" skipped, due to false condition; ('$(ComputeNETCoreBuildOutputFiles)' == 'true' and
                            '$(ComHostIntermediatePath)' != '' and
                            Exists('@(IntermediateAssembly)') and
                            Exists('$(ComHostSourcePath)')) was evaluated as ('true' == 'true' and
                            '' != '' and
                            Exists('obj/Debug/net8.0/DeventSoft.RoadmapSkills.BlazorApp.dll') and
                            Exists('/Users/dacanetdev/.nuget/packages/microsoft.netcore.app.host.osx-x64/8.0.13/runtimes/osx-x64/native/comhost.dll')).
       Target "_GetIjwHostPaths" skipped, due to false condition; ('$(UseIJWHost)' == 'true') was evaluated as ('' == 'true').
   8:6>Target "Compile" in file "/usr/local/share/dotnet/sdk/9.0.200/Microsoft.Common.CurrentVersion.targets" from project "/Users/dacanetdev/Dev/AIGenerated/RoadmapSkills/src/DeventSoft.RoadmapSkills.BlazorApp/DeventSoft.RoadmapSkills.BlazorApp.csproj" (target "CoreBuild" depends on it):
   8:6>Done building target "Compile" in project "DeventSoft.RoadmapSkills.BlazorApp.csproj".
       Target "ExportWindowsMDFile" skipped, due to false condition; ('$(ExportWinMDFile)' == 'true') was evaluated as ('' == 'true').
       Target "UnmanagedUnregistration" skipped, due to false condition; ((('$(_AssemblyTimestampBeforeCompile)' != '$(_AssemblyTimestampAfterCompile)' or '$(RegisterForComInterop)' != 'true' or '$(OutputType)' != 'library') or
                           ('$(_AssemblyTimestampBeforeCompile)' == '')) and
                          Exists('@(_UnmanagedRegistrationCache)')) was evaluated as ((('' != '' or '' != 'true' or 'Exe' != 'library') or
                           ('' == '')) and
                          Exists('/Users/dacanetdev/Dev/AIGenerated/RoadmapSkills/src/DeventSoft.RoadmapSkills.BlazorApp/obj/DeventSoft.RoadmapSkills.BlazorApp.csproj.UnmanagedRegistration.cache')).
       Target "GenerateSerializationAssemblies" skipped, due to false condition; ('$(_SGenGenerateSerializationAssembliesConfig)' == 'On' or ('@(WebReferenceUrl)'!='' and '$(_SGenGenerateSerializationAssembliesConfig)' == 'Auto')) was evaluated as ('Off' == 'On' or (''!='' and 'Off' == 'Auto')).
   8:6>Target "_GenerateSatelliteAssemblyInputs" in file "/usr/local/share/dotnet/sdk/9.0.200/Microsoft.Common.CurrentVersion.targets" from project "/Users/dacanetdev/Dev/AIGenerated/RoadmapSkills/src/DeventSoft.RoadmapSkills.BlazorApp/DeventSoft.RoadmapSkills.BlazorApp.csproj" (target "CreateSatelliteAssemblies" depends on it):
       Task "MSBuildInternalMessage" skipped, due to false condition; ('@(ManifestResourceWithCulture)'!='' and '%(ManifestResourceWithCulture.EmittedForCompatibilityOnly)'=='') was evaluated as (''!='' and ''=='').
       Task "MSBuildInternalMessage" skipped, due to false condition; ('@(ManifestNonResxWithCultureOnDisk)'!='' and '%(ManifestNonResxWithCultureOnDisk.EmittedForCompatibilityOnly)'=='') was evaluated as (''!='' and ''=='').
   8:6>Done building target "_GenerateSatelliteAssemblyInputs" in project "DeventSoft.RoadmapSkills.BlazorApp.csproj".
       Target "ComputeIntermediateSatelliteAssemblies" skipped, due to false condition; (@(EmbeddedResource->'%(WithCulture)') != '') was evaluated as ( != '').
       Target "GenerateSatelliteAssemblies" skipped, due to false condition; ('@(_SatelliteAssemblyResourceInputs)' != '' and '$(GenerateSatelliteAssembliesForCore)' != 'true') was evaluated as ('' != '' and 'true' != 'true').
       Target "CoreGenerateSatelliteAssemblies" skipped, due to false condition; ('@(_SatelliteAssemblyResourceInputs)' != ''  and '$(GenerateSatelliteAssembliesForCore)' == 'true' ) was evaluated as ('' != ''  and 'true' == 'true' ).
   8:6>Target "CreateSatelliteAssemblies" in file "/usr/local/share/dotnet/sdk/9.0.200/Microsoft.Common.CurrentVersion.targets" from project "/Users/dacanetdev/Dev/AIGenerated/RoadmapSkills/src/DeventSoft.RoadmapSkills.BlazorApp/DeventSoft.RoadmapSkills.BlazorApp.csproj" (target "CoreBuild" depends on it):
   8:6>Done building target "CreateSatelliteAssemblies" in project "DeventSoft.RoadmapSkills.BlazorApp.csproj".
       Target "GenerateManifests" skipped, due to false condition; ('$(GenerateClickOnceManifests)'=='true' or '@(NativeReference)'!='' or '@(ResolvedIsolatedComModules)'!='' or '$(GenerateAppxManifest)' == 'true') was evaluated as (''=='true' or ''!='' or ''!='' or '' == 'true').
   8:6>Target "GetTargetPathWithTargetPlatformMoniker" in file "/usr/local/share/dotnet/sdk/9.0.200/Microsoft.Common.CurrentVersion.targets" from project "/Users/dacanetdev/Dev/AIGenerated/RoadmapSkills/src/DeventSoft.RoadmapSkills.BlazorApp/DeventSoft.RoadmapSkills.BlazorApp.csproj" (target "GetTargetPath" depends on it):
   8:6>Done building target "GetTargetPathWithTargetPlatformMoniker" in project "DeventSoft.RoadmapSkills.BlazorApp.csproj".
   8:6>Target "GetTargetPath" in file "/usr/local/share/dotnet/sdk/9.0.200/Microsoft.Common.CurrentVersion.targets" from project "/Users/dacanetdev/Dev/AIGenerated/RoadmapSkills/src/DeventSoft.RoadmapSkills.BlazorApp/DeventSoft.RoadmapSkills.BlazorApp.csproj" (target "CoreBuild" depends on it):
   8:6>Done building target "GetTargetPath" in project "DeventSoft.RoadmapSkills.BlazorApp.csproj".
   8:6>Target "RazorCompile" in file "/usr/local/share/dotnet/sdk/9.0.200/Sdks/Microsoft.NET.Sdk.Razor/targets/Sdk.Razor.CurrentVersion.targets" from project "/Users/dacanetdev/Dev/AIGenerated/RoadmapSkills/src/DeventSoft.RoadmapSkills.BlazorApp/DeventSoft.RoadmapSkills.BlazorApp.csproj" (target "_RazorPrepareForRun" depends on it):
   8:6>Done building target "RazorCompile" in project "DeventSoft.RoadmapSkills.BlazorApp.csproj".
   8:6>Target "_RazorPrepareForRun" in file "/usr/local/share/dotnet/sdk/9.0.200/Sdks/Microsoft.NET.Sdk.Razor/targets/Sdk.Razor.CurrentVersion.targets" from project "/Users/dacanetdev/Dev/AIGenerated/RoadmapSkills/src/DeventSoft.RoadmapSkills.BlazorApp/DeventSoft.RoadmapSkills.BlazorApp.csproj" (target "PrepareForRun" depends on it):
   8:6>Done building target "_RazorPrepareForRun" in project "DeventSoft.RoadmapSkills.BlazorApp.csproj".
       Target "UpdateExistingPackageStaticWebAssets" skipped. Previously built successfully.
       Target "ResolveProjectStaticWebAssets" skipped. Previously built successfully.
       Target "ResolveStaticWebAssetsCrossTargetingConfiguration" skipped, due to false condition; ('$(TargetFrameworks)' != '' And '@(StaticWebAssetsEmbeddedConfiguration)' != '') was evaluated as ('' != '' And '' != '').
   8:6>Target "ResolveEmbeddedProjectsStaticWebAssets" in file "/usr/local/share/dotnet/sdk/9.0.200/Sdks/Microsoft.NET.Sdk.StaticWebAssets/targets/Microsoft.NET.Sdk.StaticWebAssets.EmbeddedAssets.targets" from project "/Users/dacanetdev/Dev/AIGenerated/RoadmapSkills/src/DeventSoft.RoadmapSkills.BlazorApp/DeventSoft.RoadmapSkills.BlazorApp.csproj" (target "ResolveCoreStaticWebAssets" depends on it):
       Task "MSBuild" skipped, due to false condition; ('@(_StaticWebAssetsEmbeddedProjectAssetConfigurations)' != '' and %(_StaticWebAssetsEmbeddedProjectAssetConfigurations.TargetFramework) != '$(TargetFramework)') was evaluated as ('' != '' and  != 'net8.0').
   8:6>Done building target "ResolveEmbeddedProjectsStaticWebAssets" in project "DeventSoft.RoadmapSkills.BlazorApp.csproj".
       Target "ResolveStaticWebAssetsConfiguration" skipped. Previously built successfully.
       Target "PrepareProjectReferences" skipped. Previously built successfully.
   8:6>Target "ResolveReferencedProjectsStaticWebAssetsConfiguration" in file "/usr/local/share/dotnet/sdk/9.0.200/Sdks/Microsoft.NET.Sdk.StaticWebAssets/targets/Microsoft.NET.Sdk.StaticWebAssets.References.targets" from project "/Users/dacanetdev/Dev/AIGenerated/RoadmapSkills/src/DeventSoft.RoadmapSkills.BlazorApp/DeventSoft.RoadmapSkills.BlazorApp.csproj" (target "ResolveReferencedProjectsStaticWebAssets" depends on it):
       Task "MSBuild" skipped, due to false condition; ('@(_StaticWebAssetProjectReference)' != '') was evaluated as ('' != '').
       Task "WriteLinesToFile" skipped, due to false condition; ('$(BuildingInsideVisualStudio)' == 'true') was evaluated as ('' == 'true').
       Using "MergeConfigurationProperties" task from assembly "/usr/local/share/dotnet/sdk/9.0.200/Sdks/Microsoft.NET.Sdk.StaticWebAssets/targets/../tasks/net9.0/Microsoft.NET.Sdk.StaticWebAssets.Tasks.dll".
       Task "MergeConfigurationProperties"
       Done executing task "MergeConfigurationProperties".
   8:6>Done building target "ResolveReferencedProjectsStaticWebAssetsConfiguration" in project "DeventSoft.RoadmapSkills.BlazorApp.csproj".
   8:6>Target "ResolveReferencedProjectsStaticWebAssets" in file "/usr/local/share/dotnet/sdk/9.0.200/Sdks/Microsoft.NET.Sdk.StaticWebAssets/targets/Microsoft.NET.Sdk.StaticWebAssets.References.targets" from project "/Users/dacanetdev/Dev/AIGenerated/RoadmapSkills/src/DeventSoft.RoadmapSkills.BlazorApp/DeventSoft.RoadmapSkills.BlazorApp.csproj" (target "ResolveCoreStaticWebAssets" depends on it):
       Task "MSBuild" skipped, due to false condition; ('@(StaticWebAssetProjectConfiguration)' != '') was evaluated as ('' != '').
       Task "UpdateExternallyDefinedStaticWebAssets" skipped, due to false condition; (@(_ResolvedReferencedProjectBuildStaticWebAssetCandidates) != '') was evaluated as ( != '').
       Task "DefineStaticWebAssetEndpoints" skipped, due to false condition; ('@(_ReferencedProjectBuildStaticWebAssetsWithoutEndpoints)' != '') was evaluated as ('' != '').
   8:6>Done building target "ResolveReferencedProjectsStaticWebAssets" in project "DeventSoft.RoadmapSkills.BlazorApp.csproj".
   8:6>Target "ResolveJsInitializerModuleStaticWebAssets" in file "/usr/local/share/dotnet/sdk/9.0.200/Sdks/Microsoft.NET.Sdk.StaticWebAssets/targets/Microsoft.NET.Sdk.StaticWebAssets.JSModules.targets" from project "/Users/dacanetdev/Dev/AIGenerated/RoadmapSkills/src/DeventSoft.RoadmapSkills.BlazorApp/DeventSoft.RoadmapSkills.BlazorApp.csproj" (target "ResolveCoreStaticWebAssets" depends on it):
       Task "DefineStaticWebAssets"
         RelativePath 'app#[.{fingerprint}]?.css' normalized to 'app#[.{fingerprint}]?.css' found for candidate '/Users/dacanetdev/Dev/AIGenerated/RoadmapSkills/src/DeventSoft.RoadmapSkills.BlazorApp/wwwroot/app.css' and will be used for matching.
         Skipping '/Users/dacanetdev/Dev/AIGenerated/RoadmapSkills/src/DeventSoft.RoadmapSkills.BlazorApp/wwwroot/app.css' because the relative path 'app#[.{fingerprint}]?.css' did not match the filter '**/DeventSoft.RoadmapSkills.BlazorApp.lib.module.js'.
         RelativePath 'bootstrap/bootstrap.min#[.{fingerprint}]?.css' normalized to 'bootstrap/bootstrap.min#[.{fingerprint}]?.css' found for candidate '/Users/dacanetdev/Dev/AIGenerated/RoadmapSkills/src/DeventSoft.RoadmapSkills.BlazorApp/wwwroot/bootstrap/bootstrap.min.css' and will be used for matching.
         Skipping '/Users/dacanetdev/Dev/AIGenerated/RoadmapSkills/src/DeventSoft.RoadmapSkills.BlazorApp/wwwroot/bootstrap/bootstrap.min.css' because the relative path 'bootstrap/bootstrap.min#[.{fingerprint}]?.css' did not match the filter '**/DeventSoft.RoadmapSkills.BlazorApp.lib.module.js'.
         RelativePath 'bootstrap/bootstrap.min.css#[.{fingerprint}]?.map' normalized to 'bootstrap/bootstrap.min.css#[.{fingerprint}]?.map' found for candidate '/Users/dacanetdev/Dev/AIGenerated/RoadmapSkills/src/DeventSoft.RoadmapSkills.BlazorApp/wwwroot/bootstrap/bootstrap.min.css.map' and will be used for matching.
         Skipping '/Users/dacanetdev/Dev/AIGenerated/RoadmapSkills/src/DeventSoft.RoadmapSkills.BlazorApp/wwwroot/bootstrap/bootstrap.min.css.map' because the relative path 'bootstrap/bootstrap.min.css#[.{fingerprint}]?.map' did not match the filter '**/DeventSoft.RoadmapSkills.BlazorApp.lib.module.js'.
         RelativePath 'favicon#[.{fingerprint}]?.png' normalized to 'favicon#[.{fingerprint}]?.png' found for candidate '/Users/dacanetdev/Dev/AIGenerated/RoadmapSkills/src/DeventSoft.RoadmapSkills.BlazorApp/wwwroot/favicon.png' and will be used for matching.
         Skipping '/Users/dacanetdev/Dev/AIGenerated/RoadmapSkills/src/DeventSoft.RoadmapSkills.BlazorApp/wwwroot/favicon.png' because the relative path 'favicon#[.{fingerprint}]?.png' did not match the filter '**/DeventSoft.RoadmapSkills.BlazorApp.lib.module.js'.
       Done executing task "DefineStaticWebAssets".
       Task "DefineStaticWebAssetEndpoints"
       Done executing task "DefineStaticWebAssetEndpoints".
       Task "FilterStaticWebAssetEndpoints" skipped, due to false condition; ('@(_JSModuleStaticWebAsset)' != '') was evaluated as ('' != '').
       Task "Error" skipped, due to false condition; ('@(_MissingJSModuleStaticWebAsset)' != '') was evaluated as ('' != '').
       Task "UpdateStaticWebAssetEndpoints" skipped, due to false condition; ('@(_AddPropertyToInitializers)' != '') was evaluated as ('' != '').
   8:6>Done building target "ResolveJsInitializerModuleStaticWebAssets" in project "DeventSoft.RoadmapSkills.BlazorApp.csproj".
       Target "ResolveProjectStaticWebAssets" skipped. Previously built successfully.
       Target "ResolveRazorComponentInputs" skipped. Previously built successfully.
       Target "ResolveRazorGenerateInputs" skipped. Previously built successfully.
   8:6>Target "ResolveJSModuleStaticWebAssets" in file "/usr/local/share/dotnet/sdk/9.0.200/Sdks/Microsoft.NET.Sdk.StaticWebAssets/targets/Microsoft.NET.Sdk.StaticWebAssets.JSModules.targets" from project "/Users/dacanetdev/Dev/AIGenerated/RoadmapSkills/src/DeventSoft.RoadmapSkills.BlazorApp/DeventSoft.RoadmapSkills.BlazorApp.csproj" (target "ResolveCoreStaticWebAssets" depends on it):
       Task "DefineStaticWebAssets"
         Rejected asset 'wwwroot/app.css' for pattern '**/*.razor.js'
         Rejected asset 'wwwroot/bootstrap/bootstrap.min.css' for pattern '**/*.razor.js'
         Rejected asset 'wwwroot/bootstrap/bootstrap.min.css.map' for pattern '**/*.razor.js'
         Rejected asset 'wwwroot/favicon.png' for pattern '**/*.razor.js'
         Rejected asset 'appsettings.Development.json' for pattern '**/*.razor.js'
         Rejected asset 'appsettings.json' for pattern '**/*.razor.js'
         Rejected asset 'Components/App.razor' for pattern '**/*.razor.js'
         Rejected asset 'Components/Layout/MainLayout.razor' for pattern '**/*.razor.js'
         Rejected asset 'Components/Layout/NavMenu.razor' for pattern '**/*.razor.js'
         Rejected asset 'Components/Pages/Counter.razor' for pattern '**/*.razor.js'
         Rejected asset 'Components/Pages/Error.razor' for pattern '**/*.razor.js'
         Rejected asset 'Components/Pages/Home.razor' for pattern '**/*.razor.js'
         Rejected asset 'Components/Pages/Weather.razor' for pattern '**/*.razor.js'
         Rejected asset 'Components/Routes.razor' for pattern '**/*.razor.js'
         Rejected asset 'Components/_Imports.razor' for pattern '**/*.razor.js'
         Rejected asset 'Components/Layout/MainLayout.razor.css' for pattern '**/*.razor.js'
         Rejected asset 'Components/Layout/NavMenu.razor.css' for pattern '**/*.razor.js'
         Rejected asset 'Properties/launchSettings.json' for pattern '**/*.razor.js'
         Link 'DeventSoft.RoadmapSkills.BlazorApp' found for candidate '/Users/dacanetdev/Dev/AIGenerated/RoadmapSkills/src/DeventSoft.RoadmapSkills.BlazorApp/obj/Debug/net8.0/apphost' and will be used for matching.
         Rejected asset 'DeventSoft.RoadmapSkills.BlazorApp' for pattern '**/*.razor.js'
       Done executing task "DefineStaticWebAssets".
       Task "DefineStaticWebAssets"
         Rejected asset 'wwwroot/app.css' for pattern '**/*.cshtml.js'
         Rejected asset 'wwwroot/bootstrap/bootstrap.min.css' for pattern '**/*.cshtml.js'
         Rejected asset 'wwwroot/bootstrap/bootstrap.min.css.map' for pattern '**/*.cshtml.js'
         Rejected asset 'wwwroot/favicon.png' for pattern '**/*.cshtml.js'
         Rejected asset 'appsettings.Development.json' for pattern '**/*.cshtml.js'
         Rejected asset 'appsettings.json' for pattern '**/*.cshtml.js'
         Rejected asset 'Components/App.razor' for pattern '**/*.cshtml.js'
         Rejected asset 'Components/Layout/MainLayout.razor' for pattern '**/*.cshtml.js'
         Rejected asset 'Components/Layout/NavMenu.razor' for pattern '**/*.cshtml.js'
         Rejected asset 'Components/Pages/Counter.razor' for pattern '**/*.cshtml.js'
         Rejected asset 'Components/Pages/Error.razor' for pattern '**/*.cshtml.js'
         Rejected asset 'Components/Pages/Home.razor' for pattern '**/*.cshtml.js'
         Rejected asset 'Components/Pages/Weather.razor' for pattern '**/*.cshtml.js'
         Rejected asset 'Components/Routes.razor' for pattern '**/*.cshtml.js'
         Rejected asset 'Components/_Imports.razor' for pattern '**/*.cshtml.js'
         Rejected asset 'Components/Layout/MainLayout.razor.css' for pattern '**/*.cshtml.js'
         Rejected asset 'Components/Layout/NavMenu.razor.css' for pattern '**/*.cshtml.js'
         Rejected asset 'Properties/launchSettings.json' for pattern '**/*.cshtml.js'
         Link 'DeventSoft.RoadmapSkills.BlazorApp' found for candidate '/Users/dacanetdev/Dev/AIGenerated/RoadmapSkills/src/DeventSoft.RoadmapSkills.BlazorApp/obj/Debug/net8.0/apphost' and will be used for matching.
         Rejected asset 'DeventSoft.RoadmapSkills.BlazorApp' for pattern '**/*.cshtml.js'
       Done executing task "DefineStaticWebAssets".
       Task "DefineStaticWebAssetEndpoints"
       Done executing task "DefineStaticWebAssetEndpoints".
       Task "DefineStaticWebAssetEndpoints"
       Done executing task "DefineStaticWebAssetEndpoints".
       Using "ApplyJsModules" task from assembly "/usr/local/share/dotnet/sdk/9.0.200/Sdks/Microsoft.NET.Sdk.StaticWebAssets/targets/../tasks/net9.0/Microsoft.NET.Sdk.StaticWebAssets.Tasks.dll".
       Task "ApplyJsModules"
       Done executing task "ApplyJsModules".
       Task "UpdateStaticWebAssetEndpoints" skipped, due to false condition; ('@(_AddPropertyToJsModules)' != '') was evaluated as ('' != '').
   8:6>Done building target "ResolveJSModuleStaticWebAssets" in project "DeventSoft.RoadmapSkills.BlazorApp.csproj".
   8:6>Target "ResolveCoreStaticWebAssets" in file "/usr/local/share/dotnet/sdk/9.0.200/Sdks/Microsoft.NET.Sdk.StaticWebAssets/targets/Microsoft.NET.Sdk.StaticWebAssets.targets" from project "/Users/dacanetdev/Dev/AIGenerated/RoadmapSkills/src/DeventSoft.RoadmapSkills.BlazorApp/DeventSoft.RoadmapSkills.BlazorApp.csproj" (target "ResolveBuildStaticWebAssets" depends on it):
   8:6>Done building target "ResolveCoreStaticWebAssets" in project "DeventSoft.RoadmapSkills.BlazorApp.csproj".
       Target "ResolveCoreStaticWebAssets" skipped. Previously built successfully.
       Target "ResolveJsInitializerModuleStaticWebAssets" skipped. Previously built successfully.
   8:6>Target "ResolveJSModuleManifestBuildConfiguration" in file "/usr/local/share/dotnet/sdk/9.0.200/Sdks/Microsoft.NET.Sdk.StaticWebAssets/targets/Microsoft.NET.Sdk.StaticWebAssets.JSModules.targets" from project "/Users/dacanetdev/Dev/AIGenerated/RoadmapSkills/src/DeventSoft.RoadmapSkills.BlazorApp/DeventSoft.RoadmapSkills.BlazorApp.csproj" (target "GenerateJSModuleManifestBuildStaticWebAssets" depends on it):
   8:6>Done building target "ResolveJSModuleManifestBuildConfiguration" in project "DeventSoft.RoadmapSkills.BlazorApp.csproj".
   8:6>Target "GenerateJSModuleManifestBuildStaticWebAssets" in file "/usr/local/share/dotnet/sdk/9.0.200/Sdks/Microsoft.NET.Sdk.StaticWebAssets/targets/Microsoft.NET.Sdk.StaticWebAssets.JSModules.targets" from project "/Users/dacanetdev/Dev/AIGenerated/RoadmapSkills/src/DeventSoft.RoadmapSkills.BlazorApp/DeventSoft.RoadmapSkills.BlazorApp.csproj" (target "ResolveJSModuleManifestBuildStaticWebAssets" depends on it):
       Task "FilterStaticWebAssetEndpoints" skipped, due to false condition; ('@(_ExistingBuildJSModules)' != '') was evaluated as ('' != '').
       Task "FilterStaticWebAssetEndpoints" skipped, due to false condition; ('$(StaticWebAssetStandaloneHosting)' != 'true' and '@(_ExistingBuildJSModulesWithoutFingerprint)' != '') was evaluated as ('' != 'true' and '' != '').
       Task "Error" skipped, due to false condition; ('@(_ExistingBuildJSModules)' != '' and '@(_BuildJSModulessWithoutEndpoints)' != '') was evaluated as ('' != '' and '' != '').
       Task "ResolveStaticWebAssetEndpointRoutes" skipped, due to false condition; ('@(_ExistingBuildJSModules)' != '') was evaluated as ('' != '').
       Task "GenerateJsModuleManifest" skipped, due to false condition; ('@(_ExistingBuildJSModules)' != '') was evaluated as ('' != '').
   8:6>Done building target "GenerateJSModuleManifestBuildStaticWebAssets" in project "DeventSoft.RoadmapSkills.BlazorApp.csproj".
   8:6>Target "ResolveJSModuleManifestBuildStaticWebAssets" in file "/usr/local/share/dotnet/sdk/9.0.200/Sdks/Microsoft.NET.Sdk.StaticWebAssets/targets/Microsoft.NET.Sdk.StaticWebAssets.JSModules.targets" from project "/Users/dacanetdev/Dev/AIGenerated/RoadmapSkills/src/DeventSoft.RoadmapSkills.BlazorApp/DeventSoft.RoadmapSkills.BlazorApp.csproj" (target "ResolveStaticWebAssetsInputs" depends on it):
       Task "DefineStaticWebAssets" skipped, due to false condition; (@(_ExistingBuildJSModules) != '') was evaluated as ( != '').
       Task "DefineStaticWebAssetEndpoints"
       Done executing task "DefineStaticWebAssetEndpoints".
   8:6>Done building target "ResolveJSModuleManifestBuildStaticWebAssets" in project "DeventSoft.RoadmapSkills.BlazorApp.csproj".
       Target "ResolveCoreStaticWebAssets" skipped. Previously built successfully.
       Target "ResolveCoreStaticWebAssets" skipped. Previously built successfully.
       Target "ResolveCssScopes" skipped. Previously built successfully.
   8:6>Target "ResolveScopedCssOutputs" in file "/usr/local/share/dotnet/sdk/9.0.200/Sdks/Microsoft.NET.Sdk.StaticWebAssets/targets/Microsoft.NET.Sdk.StaticWebAssets.ScopedCss.targets" from project "/Users/dacanetdev/Dev/AIGenerated/RoadmapSkills/src/DeventSoft.RoadmapSkills.BlazorApp/DeventSoft.RoadmapSkills.BlazorApp.csproj" (target "_ComputeScopedCssStaticWebAssets" depends on it):
   8:6>Done building target "ResolveScopedCssOutputs" in project "DeventSoft.RoadmapSkills.BlazorApp.csproj".
       Target "ResolveStaticWebAssetsConfiguration" skipped. Previously built successfully.
   8:6>Target "_ComputeScopedCssStaticWebAssets" in file "/usr/local/share/dotnet/sdk/9.0.200/Sdks/Microsoft.NET.Sdk.StaticWebAssets/targets/Microsoft.NET.Sdk.StaticWebAssets.ScopedCss.targets" from project "/Users/dacanetdev/Dev/AIGenerated/RoadmapSkills/src/DeventSoft.RoadmapSkills.BlazorApp/DeventSoft.RoadmapSkills.BlazorApp.csproj" (target "_CollectAllScopedCssAssets" depends on it):
       Task "DefineStaticWebAssets"
         RelativePath 'Components/Layout/MainLayout.razor.rz.scp.css' normalized to 'Components/Layout/MainLayout.razor.rz.scp.css' found for candidate '/Users/dacanetdev/Dev/AIGenerated/RoadmapSkills/src/DeventSoft.RoadmapSkills.BlazorApp/obj/Debug/net8.0/scopedcss/Components/Layout/MainLayout.razor.rz.scp.css' and will be used for matching.
         Computing fingerprint and integrity for asset '/Users/dacanetdev/Dev/AIGenerated/RoadmapSkills/src/DeventSoft.RoadmapSkills.BlazorApp/obj/Debug/net8.0/scopedcss/Components/Layout/MainLayout.razor.rz.scp.css'
         Identity for candidate '/Users/dacanetdev/Dev/AIGenerated/RoadmapSkills/src/DeventSoft.RoadmapSkills.BlazorApp/obj/Debug/net8.0/scopedcss/Components/Layout/MainLayout.razor.rz.scp.css' is '/Users/dacanetdev/Dev/AIGenerated/RoadmapSkills/src/DeventSoft.RoadmapSkills.BlazorApp/obj/Debug/net8.0/scopedcss/Components/Layout/MainLayout.razor.rz.scp.css' because it starts with content root '/Users/dacanetdev/Dev/AIGenerated/RoadmapSkills/src/DeventSoft.RoadmapSkills.BlazorApp/obj/Debug/net8.0/scopedcss/'.
         RelativePath 'Components/Layout/NavMenu.razor.rz.scp.css' normalized to 'Components/Layout/NavMenu.razor.rz.scp.css' found for candidate '/Users/dacanetdev/Dev/AIGenerated/RoadmapSkills/src/DeventSoft.RoadmapSkills.BlazorApp/obj/Debug/net8.0/scopedcss/Components/Layout/NavMenu.razor.rz.scp.css' and will be used for matching.
         Computing fingerprint and integrity for asset '/Users/dacanetdev/Dev/AIGenerated/RoadmapSkills/src/DeventSoft.RoadmapSkills.BlazorApp/obj/Debug/net8.0/scopedcss/Components/Layout/NavMenu.razor.rz.scp.css'
         Identity for candidate '/Users/dacanetdev/Dev/AIGenerated/RoadmapSkills/src/DeventSoft.RoadmapSkills.BlazorApp/obj/Debug/net8.0/scopedcss/Components/Layout/NavMenu.razor.rz.scp.css' is '/Users/dacanetdev/Dev/AIGenerated/RoadmapSkills/src/DeventSoft.RoadmapSkills.BlazorApp/obj/Debug/net8.0/scopedcss/Components/Layout/NavMenu.razor.rz.scp.css' because it starts with content root '/Users/dacanetdev/Dev/AIGenerated/RoadmapSkills/src/DeventSoft.RoadmapSkills.BlazorApp/obj/Debug/net8.0/scopedcss/'.
       Done executing task "DefineStaticWebAssets".
       Task "DefineStaticWebAssetEndpoints"
         No match for Components/Layout/MainLayout.razor.rz.scp.css using pattern *.bmp
         No match for Components/Layout/MainLayout.razor.rz.scp.css using pattern *.jpeg
         No match for Components/Layout/MainLayout.razor.rz.scp.css using pattern *.jpg
         No match for Components/Layout/MainLayout.razor.rz.scp.css using pattern *.gif
         No match for Components/Layout/MainLayout.razor.rz.scp.css using pattern *.svg
         No match for Components/Layout/MainLayout.razor.rz.scp.css using pattern *.png
         No match for Components/Layout/MainLayout.razor.rz.scp.css using pattern *.webp
         No match for Components/Layout/MainLayout.razor.rz.scp.css using pattern *.otf
         No match for Components/Layout/MainLayout.razor.rz.scp.css using pattern *.woff2
         No match for Components/Layout/MainLayout.razor.rz.scp.css using pattern *.m4v
         No match for Components/Layout/MainLayout.razor.rz.scp.css using pattern *.mov
         No match for Components/Layout/MainLayout.razor.rz.scp.css using pattern *.movie
         No match for Components/Layout/MainLayout.razor.rz.scp.css using pattern *.mp2
         No match for Components/Layout/MainLayout.razor.rz.scp.css using pattern *.mp4
         No match for Components/Layout/MainLayout.razor.rz.scp.css using pattern *.mp4v
         No match for Components/Layout/MainLayout.razor.rz.scp.css using pattern *.mpa
         No match for Components/Layout/MainLayout.razor.rz.scp.css using pattern *.mpe
         No match for Components/Layout/MainLayout.razor.rz.scp.css using pattern *.mpeg
         No match for Components/Layout/MainLayout.razor.rz.scp.css using pattern *.mpg
         No match for Components/Layout/MainLayout.razor.rz.scp.css using pattern *.mpv2
         No match for Components/Layout/MainLayout.razor.rz.scp.css using pattern *.nsc
         No match for Components/Layout/MainLayout.razor.rz.scp.css using pattern *.ogg
         No match for Components/Layout/MainLayout.razor.rz.scp.css using pattern *.ogv
         No match for Components/Layout/MainLayout.razor.rz.scp.css using pattern *.webm
         No match for Components/Layout/MainLayout.razor.rz.scp.css using pattern *.art
         No match for Components/Layout/MainLayout.razor.rz.scp.css using pattern *.cmx
         No match for Components/Layout/MainLayout.razor.rz.scp.css using pattern *.cod
         No match for Components/Layout/MainLayout.razor.rz.scp.css using pattern *.dib
         No match for Components/Layout/MainLayout.razor.rz.scp.css using pattern *.ico
         No match for Components/Layout/MainLayout.razor.rz.scp.css using pattern *.ief
         No match for Components/Layout/MainLayout.razor.rz.scp.css using pattern *.jfif
         No match for Components/Layout/MainLayout.razor.rz.scp.css using pattern *.jpe
         No match for Components/Layout/MainLayout.razor.rz.scp.css using pattern *.pbm
         No match for Components/Layout/MainLayout.razor.rz.scp.css using pattern *.pgm
         No match for Components/Layout/MainLayout.razor.rz.scp.css using pattern *.pnm
         No match for Components/Layout/MainLayout.razor.rz.scp.css using pattern *.pnz
         No match for Components/Layout/MainLayout.razor.rz.scp.css using pattern *.ppm
         No match for Components/Layout/MainLayout.razor.rz.scp.css using pattern *.ras
         No match for Components/Layout/MainLayout.razor.rz.scp.css using pattern *.rf
         No match for Components/Layout/MainLayout.razor.rz.scp.css using pattern *.rgb
         No match for Components/Layout/MainLayout.razor.rz.scp.css using pattern *.svgz
         No match for Components/Layout/MainLayout.razor.rz.scp.css using pattern *.tif
         No match for Components/Layout/MainLayout.razor.rz.scp.css using pattern *.tiff
         No match for Components/Layout/MainLayout.razor.rz.scp.css using pattern *.wbmp
         No match for Components/Layout/MainLayout.razor.rz.scp.css using pattern *.xbm
         No match for Components/Layout/MainLayout.razor.rz.scp.css using pattern *.xpm
         No match for Components/Layout/MainLayout.razor.rz.scp.css using pattern *.xwd
         No match for Components/Layout/MainLayout.razor.rz.scp.css using pattern *.3g2
         No match for Components/Layout/MainLayout.razor.rz.scp.css using pattern *.3gp2
         No match for Components/Layout/MainLayout.razor.rz.scp.css using pattern *.3gp
         No match for Components/Layout/MainLayout.razor.rz.scp.css using pattern *.3gpp
         No match for Components/Layout/MainLayout.razor.rz.scp.css using pattern *.asf
         No match for Components/Layout/MainLayout.razor.rz.scp.css using pattern *.asr
         No match for Components/Layout/MainLayout.razor.rz.scp.css using pattern *.asx
         No match for Components/Layout/MainLayout.razor.rz.scp.css using pattern *.avi
         No match for Components/Layout/MainLayout.razor.rz.scp.css using pattern *.dvr
         No match for Components/Layout/MainLayout.razor.rz.scp.css using pattern *.flv
         No match for Components/Layout/MainLayout.razor.rz.scp.css using pattern *.IVF
         No match for Components/Layout/MainLayout.razor.rz.scp.css using pattern *.lsf
         No match for Components/Layout/MainLayout.razor.rz.scp.css using pattern *.lsx
         No match for Components/Layout/MainLayout.razor.rz.scp.css using pattern *.m1v
         No match for Components/Layout/MainLayout.razor.rz.scp.css using pattern *.m2ts
         No match for Components/Layout/MainLayout.razor.rz.scp.css using pattern *.qt
         No match for Components/Layout/MainLayout.razor.rz.scp.css using pattern *.ts
         No match for Components/Layout/MainLayout.razor.rz.scp.css using pattern *.tts
         No match for Components/Layout/MainLayout.razor.rz.scp.css using pattern *.wm
         No match for Components/Layout/MainLayout.razor.rz.scp.css using pattern *.wmp
         No match for Components/Layout/MainLayout.razor.rz.scp.css using pattern *.wmv
         No match for Components/Layout/MainLayout.razor.rz.scp.css using pattern *.wmx
         No match for Components/Layout/MainLayout.razor.rz.scp.css using pattern *.wtv
         No match for Components/Layout/MainLayout.razor.rz.scp.css using pattern *.wvx
         File /Users/dacanetdev/Dev/AIGenerated/RoadmapSkills/src/DeventSoft.RoadmapSkills.BlazorApp/obj/Debug/net8.0/scopedcss/Components/Layout/MainLayout.razor.rz.scp.css exists.
         Adding endpoint Components/Layout/MainLayout.razor.rz.scp.css for asset /Users/dacanetdev/Dev/AIGenerated/RoadmapSkills/src/DeventSoft.RoadmapSkills.BlazorApp/obj/Debug/net8.0/scopedcss/Components/Layout/MainLayout.razor.rz.scp.css.
         No match for Components/Layout/NavMenu.razor.rz.scp.css using pattern *.bmp
         No match for Components/Layout/NavMenu.razor.rz.scp.css using pattern *.jpeg
         No match for Components/Layout/NavMenu.razor.rz.scp.css using pattern *.jpg
         No match for Components/Layout/NavMenu.razor.rz.scp.css using pattern *.gif
         No match for Components/Layout/NavMenu.razor.rz.scp.css using pattern *.svg
         No match for Components/Layout/NavMenu.razor.rz.scp.css using pattern *.png
         No match for Components/Layout/NavMenu.razor.rz.scp.css using pattern *.webp
         No match for Components/Layout/NavMenu.razor.rz.scp.css using pattern *.otf
         No match for Components/Layout/NavMenu.razor.rz.scp.css using pattern *.woff2
         No match for Components/Layout/NavMenu.razor.rz.scp.css using pattern *.m4v
         No match for Components/Layout/NavMenu.razor.rz.scp.css using pattern *.mov
         No match for Components/Layout/NavMenu.razor.rz.scp.css using pattern *.movie
         No match for Components/Layout/NavMenu.razor.rz.scp.css using pattern *.mp2
         No match for Components/Layout/NavMenu.razor.rz.scp.css using pattern *.mp4
         No match for Components/Layout/NavMenu.razor.rz.scp.css using pattern *.mp4v
         No match for Components/Layout/NavMenu.razor.rz.scp.css using pattern *.mpa
         No match for Components/Layout/NavMenu.razor.rz.scp.css using pattern *.mpe
         No match for Components/Layout/NavMenu.razor.rz.scp.css using pattern *.mpeg
         No match for Components/Layout/NavMenu.razor.rz.scp.css using pattern *.mpg
         No match for Components/Layout/NavMenu.razor.rz.scp.css using pattern *.mpv2
         No match for Components/Layout/NavMenu.razor.rz.scp.css using pattern *.nsc
         No match for Components/Layout/NavMenu.razor.rz.scp.css using pattern *.ogg
         No match for Components/Layout/NavMenu.razor.rz.scp.css using pattern *.ogv
         No match for Components/Layout/NavMenu.razor.rz.scp.css using pattern *.webm
         No match for Components/Layout/NavMenu.razor.rz.scp.css using pattern *.art
         No match for Components/Layout/NavMenu.razor.rz.scp.css using pattern *.cmx
         No match for Components/Layout/NavMenu.razor.rz.scp.css using pattern *.cod
         No match for Components/Layout/NavMenu.razor.rz.scp.css using pattern *.dib
         No match for Components/Layout/NavMenu.razor.rz.scp.css using pattern *.ico
         No match for Components/Layout/NavMenu.razor.rz.scp.css using pattern *.ief
         No match for Components/Layout/NavMenu.razor.rz.scp.css using pattern *.jfif
         No match for Components/Layout/NavMenu.razor.rz.scp.css using pattern *.jpe
         No match for Components/Layout/NavMenu.razor.rz.scp.css using pattern *.pbm
         No match for Components/Layout/NavMenu.razor.rz.scp.css using pattern *.pgm
         No match for Components/Layout/NavMenu.razor.rz.scp.css using pattern *.pnm
         No match for Components/Layout/NavMenu.razor.rz.scp.css using pattern *.pnz
         No match for Components/Layout/NavMenu.razor.rz.scp.css using pattern *.ppm
         No match for Components/Layout/NavMenu.razor.rz.scp.css using pattern *.ras
         No match for Components/Layout/NavMenu.razor.rz.scp.css using pattern *.rf
         No match for Components/Layout/NavMenu.razor.rz.scp.css using pattern *.rgb
         No match for Components/Layout/NavMenu.razor.rz.scp.css using pattern *.svgz
         No match for Components/Layout/NavMenu.razor.rz.scp.css using pattern *.tif
         No match for Components/Layout/NavMenu.razor.rz.scp.css using pattern *.tiff
         No match for Components/Layout/NavMenu.razor.rz.scp.css using pattern *.wbmp
         No match for Components/Layout/NavMenu.razor.rz.scp.css using pattern *.xbm
         No match for Components/Layout/NavMenu.razor.rz.scp.css using pattern *.xpm
         No match for Components/Layout/NavMenu.razor.rz.scp.css using pattern *.xwd
         No match for Components/Layout/NavMenu.razor.rz.scp.css using pattern *.3g2
         No match for Components/Layout/NavMenu.razor.rz.scp.css using pattern *.3gp2
         No match for Components/Layout/NavMenu.razor.rz.scp.css using pattern *.3gp
         No match for Components/Layout/NavMenu.razor.rz.scp.css using pattern *.3gpp
         No match for Components/Layout/NavMenu.razor.rz.scp.css using pattern *.asf
         No match for Components/Layout/NavMenu.razor.rz.scp.css using pattern *.asr
         No match for Components/Layout/NavMenu.razor.rz.scp.css using pattern *.asx
         No match for Components/Layout/NavMenu.razor.rz.scp.css using pattern *.avi
         No match for Components/Layout/NavMenu.razor.rz.scp.css using pattern *.dvr
         No match for Components/Layout/NavMenu.razor.rz.scp.css using pattern *.flv
         No match for Components/Layout/NavMenu.razor.rz.scp.css using pattern *.IVF
         No match for Components/Layout/NavMenu.razor.rz.scp.css using pattern *.lsf
         No match for Components/Layout/NavMenu.razor.rz.scp.css using pattern *.lsx
         No match for Components/Layout/NavMenu.razor.rz.scp.css using pattern *.m1v
         No match for Components/Layout/NavMenu.razor.rz.scp.css using pattern *.m2ts
         No match for Components/Layout/NavMenu.razor.rz.scp.css using pattern *.qt
         No match for Components/Layout/NavMenu.razor.rz.scp.css using pattern *.ts
         No match for Components/Layout/NavMenu.razor.rz.scp.css using pattern *.tts
         No match for Components/Layout/NavMenu.razor.rz.scp.css using pattern *.wm
         No match for Components/Layout/NavMenu.razor.rz.scp.css using pattern *.wmp
         No match for Components/Layout/NavMenu.razor.rz.scp.css using pattern *.wmv
         No match for Components/Layout/NavMenu.razor.rz.scp.css using pattern *.wmx
         No match for Components/Layout/NavMenu.razor.rz.scp.css using pattern *.wtv
         No match for Components/Layout/NavMenu.razor.rz.scp.css using pattern *.wvx
         File /Users/dacanetdev/Dev/AIGenerated/RoadmapSkills/src/DeventSoft.RoadmapSkills.BlazorApp/obj/Debug/net8.0/scopedcss/Components/Layout/NavMenu.razor.rz.scp.css exists.
         Adding endpoint Components/Layout/NavMenu.razor.rz.scp.css for asset /Users/dacanetdev/Dev/AIGenerated/RoadmapSkills/src/DeventSoft.RoadmapSkills.BlazorApp/obj/Debug/net8.0/scopedcss/Components/Layout/NavMenu.razor.rz.scp.css.
       Done executing task "DefineStaticWebAssetEndpoints".
   8:6>Done building target "_ComputeScopedCssStaticWebAssets" in project "DeventSoft.RoadmapSkills.BlazorApp.csproj".
   8:6>Target "_CollectAllScopedCssAssets" in file "/usr/local/share/dotnet/sdk/9.0.200/Sdks/Microsoft.NET.Sdk.StaticWebAssets/targets/Microsoft.NET.Sdk.StaticWebAssets.ScopedCss.targets" from project "/Users/dacanetdev/Dev/AIGenerated/RoadmapSkills/src/DeventSoft.RoadmapSkills.BlazorApp/DeventSoft.RoadmapSkills.BlazorApp.csproj" (target "BundleScopedCssFiles" depends on it):
       Using "ResolveAllScopedCssAssets" task from assembly "/usr/local/share/dotnet/sdk/9.0.200/Sdks/Microsoft.NET.Sdk.StaticWebAssets/targets/../tasks/net9.0/Microsoft.NET.Sdk.StaticWebAssets.Tasks.dll".
       Task "ResolveAllScopedCssAssets"
       Done executing task "ResolveAllScopedCssAssets".
   8:6>Done building target "_CollectAllScopedCssAssets" in project "DeventSoft.RoadmapSkills.BlazorApp.csproj".
       Target "ResolveScopedCssOutputs" skipped. Previously built successfully.
   8:6>Target "_ProcessScopedCssFiles" in file "/usr/local/share/dotnet/sdk/9.0.200/Sdks/Microsoft.NET.Sdk.StaticWebAssets/targets/Microsoft.NET.Sdk.StaticWebAssets.ScopedCss.targets" from project "/Users/dacanetdev/Dev/AIGenerated/RoadmapSkills/src/DeventSoft.RoadmapSkills.BlazorApp/DeventSoft.RoadmapSkills.BlazorApp.csproj" (target "BundleScopedCssFiles" depends on it):
       Skipping target "_ProcessScopedCssFiles" because all output files are up-to-date with respect to the input files.
       Input files: 
           Components/Layout/MainLayout.razor.css
           Components/Layout/NavMenu.razor.css
       Output files: 
           /Users/dacanetdev/Dev/AIGenerated/RoadmapSkills/src/DeventSoft.RoadmapSkills.BlazorApp/obj/Debug/net8.0/scopedcss/Components/Layout/MainLayout.razor.rz.scp.css
           /Users/dacanetdev/Dev/AIGenerated/RoadmapSkills/src/DeventSoft.RoadmapSkills.BlazorApp/obj/Debug/net8.0/scopedcss/Components/Layout/NavMenu.razor.rz.scp.css
   8:6>Done building target "_ProcessScopedCssFiles" in project "DeventSoft.RoadmapSkills.BlazorApp.csproj".
       Target "ResolveStaticWebAssetsConfiguration" skipped. Previously built successfully.
   8:6>Target "_ResolveBundlingConfiguration" in file "/usr/local/share/dotnet/sdk/9.0.200/Sdks/Microsoft.NET.Sdk.StaticWebAssets/targets/Microsoft.NET.Sdk.StaticWebAssets.ScopedCss.targets" from project "/Users/dacanetdev/Dev/AIGenerated/RoadmapSkills/src/DeventSoft.RoadmapSkills.BlazorApp/DeventSoft.RoadmapSkills.BlazorApp.csproj" (target "BundleScopedCssFiles" depends on it):
   8:6>Done building target "_ResolveBundlingConfiguration" in project "DeventSoft.RoadmapSkills.BlazorApp.csproj".
   8:6>Target "BundleScopedCssFiles" in file "/usr/local/share/dotnet/sdk/9.0.200/Sdks/Microsoft.NET.Sdk.StaticWebAssets/targets/Microsoft.NET.Sdk.StaticWebAssets.ScopedCss.targets" from project "/Users/dacanetdev/Dev/AIGenerated/RoadmapSkills/src/DeventSoft.RoadmapSkills.BlazorApp/DeventSoft.RoadmapSkills.BlazorApp.csproj" (target "GenerateComputedBuildStaticWebAssets" depends on it):
       Task "FilterStaticWebAssetEndpoints" skipped, due to false condition; ('@(_ScopedCssProjectBundles)' != '') was evaluated as ('' != '').
       Task "FilterStaticWebAssetEndpoints" skipped, due to false condition; ('$(StaticWebAssetStandaloneHosting)' != 'true' and '@(_ScopedCssBundlesWithoutFingerprint)' != '') was evaluated as ('' != 'true' and '' != '').
       Task "Error" skipped, due to false condition; ('@(_ScopedCssProjectBundles)' != '' and '@(_ScopedCssBundlesWithoutEndpoints)' != '') was evaluated as ('' != '' and '' != '').
       Task "ResolveStaticWebAssetEndpointRoutes" skipped, due to false condition; ('@(_ScopedCssProjectBundles)' != '') was evaluated as ('' != '').
       Using "ConcatenateCssFiles" task from assembly "/usr/local/share/dotnet/sdk/9.0.200/Sdks/Microsoft.NET.Sdk.StaticWebAssets/targets/../tasks/net9.0/Microsoft.NET.Sdk.StaticWebAssets.Tasks.dll".
       Task "ConcatenateCssFiles"
       Done executing task "ConcatenateCssFiles".
       Task "ConcatenateCssFiles"
       Done executing task "ConcatenateCssFiles".
   8:6>Done building target "BundleScopedCssFiles" in project "DeventSoft.RoadmapSkills.BlazorApp.csproj".
   8:6>Target "GenerateComputedBuildStaticWebAssets" in file "/usr/local/share/dotnet/sdk/9.0.200/Sdks/Microsoft.NET.Sdk.StaticWebAssets/targets/Microsoft.NET.Sdk.StaticWebAssets.targets" from project "/Users/dacanetdev/Dev/AIGenerated/RoadmapSkills/src/DeventSoft.RoadmapSkills.BlazorApp/DeventSoft.RoadmapSkills.BlazorApp.csproj" (target "ResolveStaticWebAssetsInputs" depends on it):
   8:6>Done building target "GenerateComputedBuildStaticWebAssets" in project "DeventSoft.RoadmapSkills.BlazorApp.csproj".
       Target "UpdateExistingPackageStaticWebAssets" skipped. Previously built successfully.
   8:6>Target "UpdateLegacyPackageScopedCssBundles" in file "/usr/local/share/dotnet/sdk/9.0.200/Sdks/Microsoft.NET.Sdk.StaticWebAssets/targets/Microsoft.NET.Sdk.StaticWebAssets.ScopedCss.targets" from project "/Users/dacanetdev/Dev/AIGenerated/RoadmapSkills/src/DeventSoft.RoadmapSkills.BlazorApp/DeventSoft.RoadmapSkills.BlazorApp.csproj" (target "ResolveScopedCssAssets" depends on it):
       Task "DefineStaticWebAssets"
       Done executing task "DefineStaticWebAssets".
       Task "DefineStaticWebAssets"
       Done executing task "DefineStaticWebAssets".
   8:6>Done building target "UpdateLegacyPackageScopedCssBundles" in project "DeventSoft.RoadmapSkills.BlazorApp.csproj".
       Target "_ResolveBundlingConfiguration" skipped. Previously built successfully.
       Target "_ProcessScopedCssFiles" skipped. Previously built successfully.
       Target "BundleScopedCssFiles" skipped. Previously built successfully.
   8:6>Target "GenerateScopedCssFiles" in file "/usr/local/share/dotnet/sdk/9.0.200/Sdks/Microsoft.NET.Sdk.StaticWebAssets/targets/Microsoft.NET.Sdk.StaticWebAssets.ScopedCss.targets" from project "/Users/dacanetdev/Dev/AIGenerated/RoadmapSkills/src/DeventSoft.RoadmapSkills.BlazorApp/DeventSoft.RoadmapSkills.BlazorApp.csproj" (target "ResolveScopedCssAssets" depends on it):
   8:6>Done building target "GenerateScopedCssFiles" in project "DeventSoft.RoadmapSkills.BlazorApp.csproj".
       Target "_ResolveBundlingConfiguration" skipped. Previously built successfully.
       Target "_CollectAllScopedCssAssets" skipped. Previously built successfully.
   8:6>Target "ResolveBundledCssAssets" in file "/usr/local/share/dotnet/sdk/9.0.200/Sdks/Microsoft.NET.Sdk.StaticWebAssets/targets/Microsoft.NET.Sdk.StaticWebAssets.ScopedCss.targets" from project "/Users/dacanetdev/Dev/AIGenerated/RoadmapSkills/src/DeventSoft.RoadmapSkills.BlazorApp/DeventSoft.RoadmapSkills.BlazorApp.csproj" (target "ResolveScopedCssAssets" depends on it):
       Task "DefineStaticWebAssets"
         RelativePath 'DeventSoft.RoadmapSkills.BlazorApp#[.{fingerprint}]?.styles.css' normalized to 'DeventSoft.RoadmapSkills.BlazorApp#[.{fingerprint}]?.styles.css' found for candidate '/Users/dacanetdev/Dev/AIGenerated/RoadmapSkills/src/DeventSoft.RoadmapSkills.BlazorApp/obj/Debug/net8.0/scopedcss/bundle/DeventSoft.RoadmapSkills.BlazorApp.styles.css' and will be used for matching.
         Computing fingerprint and integrity for asset '/Users/dacanetdev/Dev/AIGenerated/RoadmapSkills/src/DeventSoft.RoadmapSkills.BlazorApp/obj/Debug/net8.0/scopedcss/bundle/DeventSoft.RoadmapSkills.BlazorApp.styles.css'
         Identity for candidate '/Users/dacanetdev/Dev/AIGenerated/RoadmapSkills/src/DeventSoft.RoadmapSkills.BlazorApp/obj/Debug/net8.0/scopedcss/bundle/DeventSoft.RoadmapSkills.BlazorApp.styles.css' is '/Users/dacanetdev/Dev/AIGenerated/RoadmapSkills/src/DeventSoft.RoadmapSkills.BlazorApp/obj/Debug/net8.0/scopedcss/bundle/DeventSoft.RoadmapSkills.BlazorApp.styles.css' because it starts with content root '/Users/dacanetdev/Dev/AIGenerated/RoadmapSkills/src/DeventSoft.RoadmapSkills.BlazorApp/obj/Debug/net8.0/scopedcss/bundle/'.
       Done executing task "DefineStaticWebAssets".
       Task "DefineStaticWebAssetEndpoints"
         No match for DeventSoft.RoadmapSkills.BlazorApp.styles.css using pattern *.bmp
         No match for DeventSoft.RoadmapSkills.BlazorApp.styles.css using pattern *.jpeg
         No match for DeventSoft.RoadmapSkills.BlazorApp.styles.css using pattern *.jpg
         No match for DeventSoft.RoadmapSkills.BlazorApp.styles.css using pattern *.gif
         No match for DeventSoft.RoadmapSkills.BlazorApp.styles.css using pattern *.svg
         No match for DeventSoft.RoadmapSkills.BlazorApp.styles.css using pattern *.png
         No match for DeventSoft.RoadmapSkills.BlazorApp.styles.css using pattern *.webp
         No match for DeventSoft.RoadmapSkills.BlazorApp.styles.css using pattern *.otf
         No match for DeventSoft.RoadmapSkills.BlazorApp.styles.css using pattern *.woff2
         No match for DeventSoft.RoadmapSkills.BlazorApp.styles.css using pattern *.m4v
         No match for DeventSoft.RoadmapSkills.BlazorApp.styles.css using pattern *.mov
         No match for DeventSoft.RoadmapSkills.BlazorApp.styles.css using pattern *.movie
         No match for DeventSoft.RoadmapSkills.BlazorApp.styles.css using pattern *.mp2
         No match for DeventSoft.RoadmapSkills.BlazorApp.styles.css using pattern *.mp4
         No match for DeventSoft.RoadmapSkills.BlazorApp.styles.css using pattern *.mp4v
         No match for DeventSoft.RoadmapSkills.BlazorApp.styles.css using pattern *.mpa
         No match for DeventSoft.RoadmapSkills.BlazorApp.styles.css using pattern *.mpe
         No match for DeventSoft.RoadmapSkills.BlazorApp.styles.css using pattern *.mpeg
         No match for DeventSoft.RoadmapSkills.BlazorApp.styles.css using pattern *.mpg
         No match for DeventSoft.RoadmapSkills.BlazorApp.styles.css using pattern *.mpv2
         No match for DeventSoft.RoadmapSkills.BlazorApp.styles.css using pattern *.nsc
         No match for DeventSoft.RoadmapSkills.BlazorApp.styles.css using pattern *.ogg
         No match for DeventSoft.RoadmapSkills.BlazorApp.styles.css using pattern *.ogv
         No match for DeventSoft.RoadmapSkills.BlazorApp.styles.css using pattern *.webm
         No match for DeventSoft.RoadmapSkills.BlazorApp.styles.css using pattern *.art
         No match for DeventSoft.RoadmapSkills.BlazorApp.styles.css using pattern *.cmx
         No match for DeventSoft.RoadmapSkills.BlazorApp.styles.css using pattern *.cod
         No match for DeventSoft.RoadmapSkills.BlazorApp.styles.css using pattern *.dib
         No match for DeventSoft.RoadmapSkills.BlazorApp.styles.css using pattern *.ico
         No match for DeventSoft.RoadmapSkills.BlazorApp.styles.css using pattern *.ief
         No match for DeventSoft.RoadmapSkills.BlazorApp.styles.css using pattern *.jfif
         No match for DeventSoft.RoadmapSkills.BlazorApp.styles.css using pattern *.jpe
         No match for DeventSoft.RoadmapSkills.BlazorApp.styles.css using pattern *.pbm
         No match for DeventSoft.RoadmapSkills.BlazorApp.styles.css using pattern *.pgm
         No match for DeventSoft.RoadmapSkills.BlazorApp.styles.css using pattern *.pnm
         No match for DeventSoft.RoadmapSkills.BlazorApp.styles.css using pattern *.pnz
         No match for DeventSoft.RoadmapSkills.BlazorApp.styles.css using pattern *.ppm
         No match for DeventSoft.RoadmapSkills.BlazorApp.styles.css using pattern *.ras
         No match for DeventSoft.RoadmapSkills.BlazorApp.styles.css using pattern *.rf
         No match for DeventSoft.RoadmapSkills.BlazorApp.styles.css using pattern *.rgb
         No match for DeventSoft.RoadmapSkills.BlazorApp.styles.css using pattern *.svgz
         No match for DeventSoft.RoadmapSkills.BlazorApp.styles.css using pattern *.tif
         No match for DeventSoft.RoadmapSkills.BlazorApp.styles.css using pattern *.tiff
         No match for DeventSoft.RoadmapSkills.BlazorApp.styles.css using pattern *.wbmp
         No match for DeventSoft.RoadmapSkills.BlazorApp.styles.css using pattern *.xbm
         No match for DeventSoft.RoadmapSkills.BlazorApp.styles.css using pattern *.xpm
         No match for DeventSoft.RoadmapSkills.BlazorApp.styles.css using pattern *.xwd
         No match for DeventSoft.RoadmapSkills.BlazorApp.styles.css using pattern *.3g2
         No match for DeventSoft.RoadmapSkills.BlazorApp.styles.css using pattern *.3gp2
         No match for DeventSoft.RoadmapSkills.BlazorApp.styles.css using pattern *.3gp
         No match for DeventSoft.RoadmapSkills.BlazorApp.styles.css using pattern *.3gpp
         No match for DeventSoft.RoadmapSkills.BlazorApp.styles.css using pattern *.asf
         No match for DeventSoft.RoadmapSkills.BlazorApp.styles.css using pattern *.asr
         No match for DeventSoft.RoadmapSkills.BlazorApp.styles.css using pattern *.asx
         No match for DeventSoft.RoadmapSkills.BlazorApp.styles.css using pattern *.avi
         No match for DeventSoft.RoadmapSkills.BlazorApp.styles.css using pattern *.dvr
         No match for DeventSoft.RoadmapSkills.BlazorApp.styles.css using pattern *.flv
         No match for DeventSoft.RoadmapSkills.BlazorApp.styles.css using pattern *.IVF
         No match for DeventSoft.RoadmapSkills.BlazorApp.styles.css using pattern *.lsf
         No match for DeventSoft.RoadmapSkills.BlazorApp.styles.css using pattern *.lsx
         No match for DeventSoft.RoadmapSkills.BlazorApp.styles.css using pattern *.m1v
         No match for DeventSoft.RoadmapSkills.BlazorApp.styles.css using pattern *.m2ts
         No match for DeventSoft.RoadmapSkills.BlazorApp.styles.css using pattern *.qt
         No match for DeventSoft.RoadmapSkills.BlazorApp.styles.css using pattern *.ts
         No match for DeventSoft.RoadmapSkills.BlazorApp.styles.css using pattern *.tts
         No match for DeventSoft.RoadmapSkills.BlazorApp.styles.css using pattern *.wm
         No match for DeventSoft.RoadmapSkills.BlazorApp.styles.css using pattern *.wmp
         No match for DeventSoft.RoadmapSkills.BlazorApp.styles.css using pattern *.wmv
         No match for DeventSoft.RoadmapSkills.BlazorApp.styles.css using pattern *.wmx
         No match for DeventSoft.RoadmapSkills.BlazorApp.styles.css using pattern *.wtv
         No match for DeventSoft.RoadmapSkills.BlazorApp.styles.css using pattern *.wvx
         File /Users/dacanetdev/Dev/AIGenerated/RoadmapSkills/src/DeventSoft.RoadmapSkills.BlazorApp/obj/Debug/net8.0/scopedcss/bundle/DeventSoft.RoadmapSkills.BlazorApp.styles.css exists.
         No match for DeventSoft.RoadmapSkills.BlazorApp.styles.css using pattern *.bmp
         No match for DeventSoft.RoadmapSkills.BlazorApp.styles.css using pattern *.jpeg
         No match for DeventSoft.RoadmapSkills.BlazorApp.styles.css using pattern *.jpg
         No match for DeventSoft.RoadmapSkills.BlazorApp.styles.css using pattern *.gif
         No match for DeventSoft.RoadmapSkills.BlazorApp.styles.css using pattern *.svg
         No match for DeventSoft.RoadmapSkills.BlazorApp.styles.css using pattern *.png
         No match for DeventSoft.RoadmapSkills.BlazorApp.styles.css using pattern *.webp
         No match for DeventSoft.RoadmapSkills.BlazorApp.styles.css using pattern *.otf
         No match for DeventSoft.RoadmapSkills.BlazorApp.styles.css using pattern *.woff2
         No match for DeventSoft.RoadmapSkills.BlazorApp.styles.css using pattern *.m4v
         No match for DeventSoft.RoadmapSkills.BlazorApp.styles.css using pattern *.mov
         No match for DeventSoft.RoadmapSkills.BlazorApp.styles.css using pattern *.movie
         No match for DeventSoft.RoadmapSkills.BlazorApp.styles.css using pattern *.mp2
         No match for DeventSoft.RoadmapSkills.BlazorApp.styles.css using pattern *.mp4
         No match for DeventSoft.RoadmapSkills.BlazorApp.styles.css using pattern *.mp4v
         No match for DeventSoft.RoadmapSkills.BlazorApp.styles.css using pattern *.mpa
         No match for DeventSoft.RoadmapSkills.BlazorApp.styles.css using pattern *.mpe
         No match for DeventSoft.RoadmapSkills.BlazorApp.styles.css using pattern *.mpeg
         No match for DeventSoft.RoadmapSkills.BlazorApp.styles.css using pattern *.mpg
         No match for DeventSoft.RoadmapSkills.BlazorApp.styles.css using pattern *.mpv2
         No match for DeventSoft.RoadmapSkills.BlazorApp.styles.css using pattern *.nsc
         No match for DeventSoft.RoadmapSkills.BlazorApp.styles.css using pattern *.ogg
         No match for DeventSoft.RoadmapSkills.BlazorApp.styles.css using pattern *.ogv
         No match for DeventSoft.RoadmapSkills.BlazorApp.styles.css using pattern *.webm
         No match for DeventSoft.RoadmapSkills.BlazorApp.styles.css using pattern *.art
         No match for DeventSoft.RoadmapSkills.BlazorApp.styles.css using pattern *.cmx
         No match for DeventSoft.RoadmapSkills.BlazorApp.styles.css using pattern *.cod
         No match for DeventSoft.RoadmapSkills.BlazorApp.styles.css using pattern *.dib
         No match for DeventSoft.RoadmapSkills.BlazorApp.styles.css using pattern *.ico
         No match for DeventSoft.RoadmapSkills.BlazorApp.styles.css using pattern *.ief
         No match for DeventSoft.RoadmapSkills.BlazorApp.styles.css using pattern *.jfif
         No match for DeventSoft.RoadmapSkills.BlazorApp.styles.css using pattern *.jpe
         No match for DeventSoft.RoadmapSkills.BlazorApp.styles.css using pattern *.pbm
         No match for DeventSoft.RoadmapSkills.BlazorApp.styles.css using pattern *.pgm
         No match for DeventSoft.RoadmapSkills.BlazorApp.styles.css using pattern *.pnm
         No match for DeventSoft.RoadmapSkills.BlazorApp.styles.css using pattern *.pnz
         No match for DeventSoft.RoadmapSkills.BlazorApp.styles.css using pattern *.ppm
         No match for DeventSoft.RoadmapSkills.BlazorApp.styles.css using pattern *.ras
         No match for DeventSoft.RoadmapSkills.BlazorApp.styles.css using pattern *.rf
         No match for DeventSoft.RoadmapSkills.BlazorApp.styles.css using pattern *.rgb
         No match for DeventSoft.RoadmapSkills.BlazorApp.styles.css using pattern *.svgz
         No match for DeventSoft.RoadmapSkills.BlazorApp.styles.css using pattern *.tif
         No match for DeventSoft.RoadmapSkills.BlazorApp.styles.css using pattern *.tiff
         No match for DeventSoft.RoadmapSkills.BlazorApp.styles.css using pattern *.wbmp
         No match for DeventSoft.RoadmapSkills.BlazorApp.styles.css using pattern *.xbm
         No match for DeventSoft.RoadmapSkills.BlazorApp.styles.css using pattern *.xpm
         No match for DeventSoft.RoadmapSkills.BlazorApp.styles.css using pattern *.xwd
         No match for DeventSoft.RoadmapSkills.BlazorApp.styles.css using pattern *.3g2
         No match for DeventSoft.RoadmapSkills.BlazorApp.styles.css using pattern *.3gp2
         No match for DeventSoft.RoadmapSkills.BlazorApp.styles.css using pattern *.3gp
         No match for DeventSoft.RoadmapSkills.BlazorApp.styles.css using pattern *.3gpp
         No match for DeventSoft.RoadmapSkills.BlazorApp.styles.css using pattern *.asf
         No match for DeventSoft.RoadmapSkills.BlazorApp.styles.css using pattern *.asr
         No match for DeventSoft.RoadmapSkills.BlazorApp.styles.css using pattern *.asx
         No match for DeventSoft.RoadmapSkills.BlazorApp.styles.css using pattern *.avi
         No match for DeventSoft.RoadmapSkills.BlazorApp.styles.css using pattern *.dvr
         No match for DeventSoft.RoadmapSkills.BlazorApp.styles.css using pattern *.flv
         No match for DeventSoft.RoadmapSkills.BlazorApp.styles.css using pattern *.IVF
         No match for DeventSoft.RoadmapSkills.BlazorApp.styles.css using pattern *.lsf
         No match for DeventSoft.RoadmapSkills.BlazorApp.styles.css using pattern *.lsx
         No match for DeventSoft.RoadmapSkills.BlazorApp.styles.css using pattern *.m1v
         No match for DeventSoft.RoadmapSkills.BlazorApp.styles.css using pattern *.m2ts
         No match for DeventSoft.RoadmapSkills.BlazorApp.styles.css using pattern *.qt
         No match for DeventSoft.RoadmapSkills.BlazorApp.styles.css using pattern *.ts
         No match for DeventSoft.RoadmapSkills.BlazorApp.styles.css using pattern *.tts
         No match for DeventSoft.RoadmapSkills.BlazorApp.styles.css using pattern *.wm
         No match for DeventSoft.RoadmapSkills.BlazorApp.styles.css using pattern *.wmp
         No match for DeventSoft.RoadmapSkills.BlazorApp.styles.css using pattern *.wmv
         No match for DeventSoft.RoadmapSkills.BlazorApp.styles.css using pattern *.wmx
         No match for DeventSoft.RoadmapSkills.BlazorApp.styles.css using pattern *.wtv
         No match for DeventSoft.RoadmapSkills.BlazorApp.styles.css using pattern *.wvx
         File /Users/dacanetdev/Dev/AIGenerated/RoadmapSkills/src/DeventSoft.RoadmapSkills.BlazorApp/obj/Debug/net8.0/scopedcss/bundle/DeventSoft.RoadmapSkills.BlazorApp.styles.css exists.
         Adding endpoint DeventSoft.RoadmapSkills.BlazorApp.styles.css for asset /Users/dacanetdev/Dev/AIGenerated/RoadmapSkills/src/DeventSoft.RoadmapSkills.BlazorApp/obj/Debug/net8.0/scopedcss/bundle/DeventSoft.RoadmapSkills.BlazorApp.styles.css.
         Adding endpoint DeventSoft.RoadmapSkills.BlazorApp.0j4xw5ibw2.styles.css for asset /Users/dacanetdev/Dev/AIGenerated/RoadmapSkills/src/DeventSoft.RoadmapSkills.BlazorApp/obj/Debug/net8.0/scopedcss/bundle/DeventSoft.RoadmapSkills.BlazorApp.styles.css.
       Done executing task "DefineStaticWebAssetEndpoints".
       Task "UpdateStaticWebAssetEndpoints" skipped, due to false condition; ('@(_AddLinkHeaderToAppBundle)' != '') was evaluated as ('' != '').
       Task "DefineStaticWebAssets"
         RelativePath 'DeventSoft.RoadmapSkills.BlazorApp#[.{fingerprint}]!.bundle.scp.css' normalized to 'DeventSoft.RoadmapSkills.BlazorApp#[.{fingerprint}]!.bundle.scp.css' found for candidate '/Users/dacanetdev/Dev/AIGenerated/RoadmapSkills/src/DeventSoft.RoadmapSkills.BlazorApp/obj/Debug/net8.0/scopedcss/projectbundle/DeventSoft.RoadmapSkills.BlazorApp.bundle.scp.css' and will be used for matching.
         Computing fingerprint and integrity for asset '/Users/dacanetdev/Dev/AIGenerated/RoadmapSkills/src/DeventSoft.RoadmapSkills.BlazorApp/obj/Debug/net8.0/scopedcss/projectbundle/DeventSoft.RoadmapSkills.BlazorApp.bundle.scp.css'
         Identity for candidate '/Users/dacanetdev/Dev/AIGenerated/RoadmapSkills/src/DeventSoft.RoadmapSkills.BlazorApp/obj/Debug/net8.0/scopedcss/projectbundle/DeventSoft.RoadmapSkills.BlazorApp.bundle.scp.css' is '/Users/dacanetdev/Dev/AIGenerated/RoadmapSkills/src/DeventSoft.RoadmapSkills.BlazorApp/obj/Debug/net8.0/scopedcss/projectbundle/DeventSoft.RoadmapSkills.BlazorApp.bundle.scp.css' because it starts with content root '/Users/dacanetdev/Dev/AIGenerated/RoadmapSkills/src/DeventSoft.RoadmapSkills.BlazorApp/obj/Debug/net8.0/scopedcss/projectbundle/'.
       Done executing task "DefineStaticWebAssets".
       Task "DefineStaticWebAssetEndpoints"
         No match for DeventSoft.RoadmapSkills.BlazorApp.bundle.scp.css using pattern *.bmp
         No match for DeventSoft.RoadmapSkills.BlazorApp.bundle.scp.css using pattern *.jpeg
         No match for DeventSoft.RoadmapSkills.BlazorApp.bundle.scp.css using pattern *.jpg
         No match for DeventSoft.RoadmapSkills.BlazorApp.bundle.scp.css using pattern *.gif
         No match for DeventSoft.RoadmapSkills.BlazorApp.bundle.scp.css using pattern *.svg
         No match for DeventSoft.RoadmapSkills.BlazorApp.bundle.scp.css using pattern *.png
         No match for DeventSoft.RoadmapSkills.BlazorApp.bundle.scp.css using pattern *.webp
         No match for DeventSoft.RoadmapSkills.BlazorApp.bundle.scp.css using pattern *.otf
         No match for DeventSoft.RoadmapSkills.BlazorApp.bundle.scp.css using pattern *.woff2
         No match for DeventSoft.RoadmapSkills.BlazorApp.bundle.scp.css using pattern *.m4v
         No match for DeventSoft.RoadmapSkills.BlazorApp.bundle.scp.css using pattern *.mov
         No match for DeventSoft.RoadmapSkills.BlazorApp.bundle.scp.css using pattern *.movie
         No match for DeventSoft.RoadmapSkills.BlazorApp.bundle.scp.css using pattern *.mp2
         No match for DeventSoft.RoadmapSkills.BlazorApp.bundle.scp.css using pattern *.mp4
         No match for DeventSoft.RoadmapSkills.BlazorApp.bundle.scp.css using pattern *.mp4v
         No match for DeventSoft.RoadmapSkills.BlazorApp.bundle.scp.css using pattern *.mpa
         No match for DeventSoft.RoadmapSkills.BlazorApp.bundle.scp.css using pattern *.mpe
         No match for DeventSoft.RoadmapSkills.BlazorApp.bundle.scp.css using pattern *.mpeg
         No match for DeventSoft.RoadmapSkills.BlazorApp.bundle.scp.css using pattern *.mpg
         No match for DeventSoft.RoadmapSkills.BlazorApp.bundle.scp.css using pattern *.mpv2
         No match for DeventSoft.RoadmapSkills.BlazorApp.bundle.scp.css using pattern *.nsc
         No match for DeventSoft.RoadmapSkills.BlazorApp.bundle.scp.css using pattern *.ogg
         No match for DeventSoft.RoadmapSkills.BlazorApp.bundle.scp.css using pattern *.ogv
         No match for DeventSoft.RoadmapSkills.BlazorApp.bundle.scp.css using pattern *.webm
         No match for DeventSoft.RoadmapSkills.BlazorApp.bundle.scp.css using pattern *.art
         No match for DeventSoft.RoadmapSkills.BlazorApp.bundle.scp.css using pattern *.cmx
         No match for DeventSoft.RoadmapSkills.BlazorApp.bundle.scp.css using pattern *.cod
         No match for DeventSoft.RoadmapSkills.BlazorApp.bundle.scp.css using pattern *.dib
         No match for DeventSoft.RoadmapSkills.BlazorApp.bundle.scp.css using pattern *.ico
         No match for DeventSoft.RoadmapSkills.BlazorApp.bundle.scp.css using pattern *.ief
         No match for DeventSoft.RoadmapSkills.BlazorApp.bundle.scp.css using pattern *.jfif
         No match for DeventSoft.RoadmapSkills.BlazorApp.bundle.scp.css using pattern *.jpe
         No match for DeventSoft.RoadmapSkills.BlazorApp.bundle.scp.css using pattern *.pbm
         No match for DeventSoft.RoadmapSkills.BlazorApp.bundle.scp.css using pattern *.pgm
         No match for DeventSoft.RoadmapSkills.BlazorApp.bundle.scp.css using pattern *.pnm
         No match for DeventSoft.RoadmapSkills.BlazorApp.bundle.scp.css using pattern *.pnz
         No match for DeventSoft.RoadmapSkills.BlazorApp.bundle.scp.css using pattern *.ppm
         No match for DeventSoft.RoadmapSkills.BlazorApp.bundle.scp.css using pattern *.ras
         No match for DeventSoft.RoadmapSkills.BlazorApp.bundle.scp.css using pattern *.rf
         No match for DeventSoft.RoadmapSkills.BlazorApp.bundle.scp.css using pattern *.rgb
         No match for DeventSoft.RoadmapSkills.BlazorApp.bundle.scp.css using pattern *.svgz
         No match for DeventSoft.RoadmapSkills.BlazorApp.bundle.scp.css using pattern *.tif
         No match for DeventSoft.RoadmapSkills.BlazorApp.bundle.scp.css using pattern *.tiff
         No match for DeventSoft.RoadmapSkills.BlazorApp.bundle.scp.css using pattern *.wbmp
         No match for DeventSoft.RoadmapSkills.BlazorApp.bundle.scp.css using pattern *.xbm
         No match for DeventSoft.RoadmapSkills.BlazorApp.bundle.scp.css using pattern *.xpm
         No match for DeventSoft.RoadmapSkills.BlazorApp.bundle.scp.css using pattern *.xwd
         No match for DeventSoft.RoadmapSkills.BlazorApp.bundle.scp.css using pattern *.3g2
         No match for DeventSoft.RoadmapSkills.BlazorApp.bundle.scp.css using pattern *.3gp2
         No match for DeventSoft.RoadmapSkills.BlazorApp.bundle.scp.css using pattern *.3gp
         No match for DeventSoft.RoadmapSkills.BlazorApp.bundle.scp.css using pattern *.3gpp
         No match for DeventSoft.RoadmapSkills.BlazorApp.bundle.scp.css using pattern *.asf
         No match for DeventSoft.RoadmapSkills.BlazorApp.bundle.scp.css using pattern *.asr
         No match for DeventSoft.RoadmapSkills.BlazorApp.bundle.scp.css using pattern *.asx
         No match for DeventSoft.RoadmapSkills.BlazorApp.bundle.scp.css using pattern *.avi
         No match for DeventSoft.RoadmapSkills.BlazorApp.bundle.scp.css using pattern *.dvr
         No match for DeventSoft.RoadmapSkills.BlazorApp.bundle.scp.css using pattern *.flv
         No match for DeventSoft.RoadmapSkills.BlazorApp.bundle.scp.css using pattern *.IVF
         No match for DeventSoft.RoadmapSkills.BlazorApp.bundle.scp.css using pattern *.lsf
         No match for DeventSoft.RoadmapSkills.BlazorApp.bundle.scp.css using pattern *.lsx
         No match for DeventSoft.RoadmapSkills.BlazorApp.bundle.scp.css using pattern *.m1v
         No match for DeventSoft.RoadmapSkills.BlazorApp.bundle.scp.css using pattern *.m2ts
         No match for DeventSoft.RoadmapSkills.BlazorApp.bundle.scp.css using pattern *.qt
         No match for DeventSoft.RoadmapSkills.BlazorApp.bundle.scp.css using pattern *.ts
         No match for DeventSoft.RoadmapSkills.BlazorApp.bundle.scp.css using pattern *.tts
         No match for DeventSoft.RoadmapSkills.BlazorApp.bundle.scp.css using pattern *.wm
         No match for DeventSoft.RoadmapSkills.BlazorApp.bundle.scp.css using pattern *.wmp
         No match for DeventSoft.RoadmapSkills.BlazorApp.bundle.scp.css using pattern *.wmv
         No match for DeventSoft.RoadmapSkills.BlazorApp.bundle.scp.css using pattern *.wmx
         No match for DeventSoft.RoadmapSkills.BlazorApp.bundle.scp.css using pattern *.wtv
         No match for DeventSoft.RoadmapSkills.BlazorApp.bundle.scp.css using pattern *.wvx
         File /Users/dacanetdev/Dev/AIGenerated/RoadmapSkills/src/DeventSoft.RoadmapSkills.BlazorApp/obj/Debug/net8.0/scopedcss/projectbundle/DeventSoft.RoadmapSkills.BlazorApp.bundle.scp.css exists.
         No match for DeventSoft.RoadmapSkills.BlazorApp.bundle.scp.css using pattern *.bmp
         No match for DeventSoft.RoadmapSkills.BlazorApp.bundle.scp.css using pattern *.jpeg
         No match for DeventSoft.RoadmapSkills.BlazorApp.bundle.scp.css using pattern *.jpg
         No match for DeventSoft.RoadmapSkills.BlazorApp.bundle.scp.css using pattern *.gif
         No match for DeventSoft.RoadmapSkills.BlazorApp.bundle.scp.css using pattern *.svg
         No match for DeventSoft.RoadmapSkills.BlazorApp.bundle.scp.css using pattern *.png
         No match for DeventSoft.RoadmapSkills.BlazorApp.bundle.scp.css using pattern *.webp
         No match for DeventSoft.RoadmapSkills.BlazorApp.bundle.scp.css using pattern *.otf
         No match for DeventSoft.RoadmapSkills.BlazorApp.bundle.scp.css using pattern *.woff2
         No match for DeventSoft.RoadmapSkills.BlazorApp.bundle.scp.css using pattern *.m4v
         No match for DeventSoft.RoadmapSkills.BlazorApp.bundle.scp.css using pattern *.mov
         No match for DeventSoft.RoadmapSkills.BlazorApp.bundle.scp.css using pattern *.movie
         No match for DeventSoft.RoadmapSkills.BlazorApp.bundle.scp.css using pattern *.mp2
         No match for DeventSoft.RoadmapSkills.BlazorApp.bundle.scp.css using pattern *.mp4
         No match for DeventSoft.RoadmapSkills.BlazorApp.bundle.scp.css using pattern *.mp4v
         No match for DeventSoft.RoadmapSkills.BlazorApp.bundle.scp.css using pattern *.mpa
         No match for DeventSoft.RoadmapSkills.BlazorApp.bundle.scp.css using pattern *.mpe
         No match for DeventSoft.RoadmapSkills.BlazorApp.bundle.scp.css using pattern *.mpeg
         No match for DeventSoft.RoadmapSkills.BlazorApp.bundle.scp.css using pattern *.mpg
         No match for DeventSoft.RoadmapSkills.BlazorApp.bundle.scp.css using pattern *.mpv2
         No match for DeventSoft.RoadmapSkills.BlazorApp.bundle.scp.css using pattern *.nsc
         No match for DeventSoft.RoadmapSkills.BlazorApp.bundle.scp.css using pattern *.ogg
         No match for DeventSoft.RoadmapSkills.BlazorApp.bundle.scp.css using pattern *.ogv
         No match for DeventSoft.RoadmapSkills.BlazorApp.bundle.scp.css using pattern *.webm
         No match for DeventSoft.RoadmapSkills.BlazorApp.bundle.scp.css using pattern *.art
         No match for DeventSoft.RoadmapSkills.BlazorApp.bundle.scp.css using pattern *.cmx
         No match for DeventSoft.RoadmapSkills.BlazorApp.bundle.scp.css using pattern *.cod
         No match for DeventSoft.RoadmapSkills.BlazorApp.bundle.scp.css using pattern *.dib
         No match for DeventSoft.RoadmapSkills.BlazorApp.bundle.scp.css using pattern *.ico
         No match for DeventSoft.RoadmapSkills.BlazorApp.bundle.scp.css using pattern *.ief
         No match for DeventSoft.RoadmapSkills.BlazorApp.bundle.scp.css using pattern *.jfif
         No match for DeventSoft.RoadmapSkills.BlazorApp.bundle.scp.css using pattern *.jpe
         No match for DeventSoft.RoadmapSkills.BlazorApp.bundle.scp.css using pattern *.pbm
         No match for DeventSoft.RoadmapSkills.BlazorApp.bundle.scp.css using pattern *.pgm
         No match for DeventSoft.RoadmapSkills.BlazorApp.bundle.scp.css using pattern *.pnm
         No match for DeventSoft.RoadmapSkills.BlazorApp.bundle.scp.css using pattern *.pnz
         No match for DeventSoft.RoadmapSkills.BlazorApp.bundle.scp.css using pattern *.ppm
         No match for DeventSoft.RoadmapSkills.BlazorApp.bundle.scp.css using pattern *.ras
         No match for DeventSoft.RoadmapSkills.BlazorApp.bundle.scp.css using pattern *.rf
         No match for DeventSoft.RoadmapSkills.BlazorApp.bundle.scp.css using pattern *.rgb
         No match for DeventSoft.RoadmapSkills.BlazorApp.bundle.scp.css using pattern *.svgz
         No match for DeventSoft.RoadmapSkills.BlazorApp.bundle.scp.css using pattern *.tif
         No match for DeventSoft.RoadmapSkills.BlazorApp.bundle.scp.css using pattern *.tiff
         No match for DeventSoft.RoadmapSkills.BlazorApp.bundle.scp.css using pattern *.wbmp
         No match for DeventSoft.RoadmapSkills.BlazorApp.bundle.scp.css using pattern *.xbm
         No match for DeventSoft.RoadmapSkills.BlazorApp.bundle.scp.css using pattern *.xpm
         No match for DeventSoft.RoadmapSkills.BlazorApp.bundle.scp.css using pattern *.xwd
         No match for DeventSoft.RoadmapSkills.BlazorApp.bundle.scp.css using pattern *.3g2
         No match for DeventSoft.RoadmapSkills.BlazorApp.bundle.scp.css using pattern *.3gp2
         No match for DeventSoft.RoadmapSkills.BlazorApp.bundle.scp.css using pattern *.3gp
         No match for DeventSoft.RoadmapSkills.BlazorApp.bundle.scp.css using pattern *.3gpp
         No match for DeventSoft.RoadmapSkills.BlazorApp.bundle.scp.css using pattern *.asf
         No match for DeventSoft.RoadmapSkills.BlazorApp.bundle.scp.css using pattern *.asr
         No match for DeventSoft.RoadmapSkills.BlazorApp.bundle.scp.css using pattern *.asx
         No match for DeventSoft.RoadmapSkills.BlazorApp.bundle.scp.css using pattern *.avi
         No match for DeventSoft.RoadmapSkills.BlazorApp.bundle.scp.css using pattern *.dvr
         No match for DeventSoft.RoadmapSkills.BlazorApp.bundle.scp.css using pattern *.flv
         No match for DeventSoft.RoadmapSkills.BlazorApp.bundle.scp.css using pattern *.IVF
         No match for DeventSoft.RoadmapSkills.BlazorApp.bundle.scp.css using pattern *.lsf
         No match for DeventSoft.RoadmapSkills.BlazorApp.bundle.scp.css using pattern *.lsx
         No match for DeventSoft.RoadmapSkills.BlazorApp.bundle.scp.css using pattern *.m1v
         No match for DeventSoft.RoadmapSkills.BlazorApp.bundle.scp.css using pattern *.m2ts
         No match for DeventSoft.RoadmapSkills.BlazorApp.bundle.scp.css using pattern *.qt
         No match for DeventSoft.RoadmapSkills.BlazorApp.bundle.scp.css using pattern *.ts
         No match for DeventSoft.RoadmapSkills.BlazorApp.bundle.scp.css using pattern *.tts
         No match for DeventSoft.RoadmapSkills.BlazorApp.bundle.scp.css using pattern *.wm
         No match for DeventSoft.RoadmapSkills.BlazorApp.bundle.scp.css using pattern *.wmp
         No match for DeventSoft.RoadmapSkills.BlazorApp.bundle.scp.css using pattern *.wmv
         No match for DeventSoft.RoadmapSkills.BlazorApp.bundle.scp.css using pattern *.wmx
         No match for DeventSoft.RoadmapSkills.BlazorApp.bundle.scp.css using pattern *.wtv
         No match for DeventSoft.RoadmapSkills.BlazorApp.bundle.scp.css using pattern *.wvx
         File /Users/dacanetdev/Dev/AIGenerated/RoadmapSkills/src/DeventSoft.RoadmapSkills.BlazorApp/obj/Debug/net8.0/scopedcss/projectbundle/DeventSoft.RoadmapSkills.BlazorApp.bundle.scp.css exists.
         Adding endpoint DeventSoft.RoadmapSkills.BlazorApp.bundle.scp.css for asset /Users/dacanetdev/Dev/AIGenerated/RoadmapSkills/src/DeventSoft.RoadmapSkills.BlazorApp/obj/Debug/net8.0/scopedcss/projectbundle/DeventSoft.RoadmapSkills.BlazorApp.bundle.scp.css.
         Adding endpoint DeventSoft.RoadmapSkills.BlazorApp.0j4xw5ibw2.bundle.scp.css for asset /Users/dacanetdev/Dev/AIGenerated/RoadmapSkills/src/DeventSoft.RoadmapSkills.BlazorApp/obj/Debug/net8.0/scopedcss/projectbundle/DeventSoft.RoadmapSkills.BlazorApp.bundle.scp.css.
       Done executing task "DefineStaticWebAssetEndpoints".
   8:6>Done building target "ResolveBundledCssAssets" in project "DeventSoft.RoadmapSkills.BlazorApp.csproj".
   8:6>Target "ResolveScopedCssAssets" in file "/usr/local/share/dotnet/sdk/9.0.200/Sdks/Microsoft.NET.Sdk.StaticWebAssets/targets/Microsoft.NET.Sdk.StaticWebAssets.ScopedCss.targets" from project "/Users/dacanetdev/Dev/AIGenerated/RoadmapSkills/src/DeventSoft.RoadmapSkills.BlazorApp/DeventSoft.RoadmapSkills.BlazorApp.csproj" (target "ResolveStaticWebAssetsInputs" depends on it):
   8:6>Done building target "ResolveScopedCssAssets" in project "DeventSoft.RoadmapSkills.BlazorApp.csproj".
   8:6>Target "ResolveStaticWebAssetsInputs" in file "/usr/local/share/dotnet/sdk/9.0.200/Sdks/Microsoft.NET.Sdk.StaticWebAssets/targets/Microsoft.NET.Sdk.StaticWebAssets.targets" from project "/Users/dacanetdev/Dev/AIGenerated/RoadmapSkills/src/DeventSoft.RoadmapSkills.BlazorApp/DeventSoft.RoadmapSkills.BlazorApp.csproj" (target "ResolveBuildStaticWebAssets" depends on it):
   8:6>Done building target "ResolveStaticWebAssetsInputs" in project "DeventSoft.RoadmapSkills.BlazorApp.csproj".
       Target "ResolveStaticWebAssetsInputs" skipped. Previously built successfully.
   8:6>Target "ResolveBuildCompressedStaticWebAssetsConfiguration" in file "/usr/local/share/dotnet/sdk/9.0.200/Sdks/Microsoft.NET.Sdk.StaticWebAssets/targets/Microsoft.NET.Sdk.StaticWebAssets.Compression.targets" from project "/Users/dacanetdev/Dev/AIGenerated/RoadmapSkills/src/DeventSoft.RoadmapSkills.BlazorApp/DeventSoft.RoadmapSkills.BlazorApp.csproj" (target "GenerateBuildCompressedStaticWebAssets" depends on it):
       Using "DiscoverPrecompressedAssets" task from assembly "/usr/local/share/dotnet/sdk/9.0.200/Sdks/Microsoft.NET.Sdk.StaticWebAssets/targets/../tasks/net9.0/Microsoft.NET.Sdk.StaticWebAssets.Tasks.dll".
       Task "DiscoverPrecompressedAssets"
       Done executing task "DiscoverPrecompressedAssets".
       Task "FilterStaticWebAssetEndpoints" skipped, due to false condition; ('@(_PrecompressedStaticWebAssets)' != '') was evaluated as ('' != '').
       Using "ResolveCompressedAssets" task from assembly "/usr/local/share/dotnet/sdk/9.0.200/Sdks/Microsoft.NET.Sdk.StaticWebAssets/targets/../tasks/net9.0/Microsoft.NET.Sdk.StaticWebAssets.Tasks.dll".
       Task "ResolveCompressedAssets"
         Asset '/Users/dacanetdev/Dev/AIGenerated/RoadmapSkills/src/DeventSoft.RoadmapSkills.BlazorApp/wwwroot/app.css' is not compressed.
         Asset '/Users/dacanetdev/Dev/AIGenerated/RoadmapSkills/src/DeventSoft.RoadmapSkills.BlazorApp/wwwroot/bootstrap/bootstrap.min.css' is not compressed.
         Asset '/Users/dacanetdev/Dev/AIGenerated/RoadmapSkills/src/DeventSoft.RoadmapSkills.BlazorApp/wwwroot/bootstrap/bootstrap.min.css.map' is not compressed.
         Asset '/Users/dacanetdev/Dev/AIGenerated/RoadmapSkills/src/DeventSoft.RoadmapSkills.BlazorApp/wwwroot/favicon.png' is not compressed.
         Asset '/Users/dacanetdev/Dev/AIGenerated/RoadmapSkills/src/DeventSoft.RoadmapSkills.BlazorApp/obj/Debug/net8.0/scopedcss/bundle/DeventSoft.RoadmapSkills.BlazorApp.styles.css' is not compressed.
         Asset '/Users/dacanetdev/Dev/AIGenerated/RoadmapSkills/src/DeventSoft.RoadmapSkills.BlazorApp/obj/Debug/net8.0/scopedcss/projectbundle/DeventSoft.RoadmapSkills.BlazorApp.bundle.scp.css' is not compressed.
         Asset '/Users/dacanetdev/Dev/AIGenerated/RoadmapSkills/src/DeventSoft.RoadmapSkills.BlazorApp/wwwroot/app.css' with relative path 'app.css' did not match include pattern '' or matched exclude pattern ''.
         Asset '/Users/dacanetdev/Dev/AIGenerated/RoadmapSkills/src/DeventSoft.RoadmapSkills.BlazorApp/wwwroot/bootstrap/bootstrap.min.css' with relative path 'bootstrap/bootstrap.min.css' did not match include pattern '' or matched exclude pattern ''.
         Asset '/Users/dacanetdev/Dev/AIGenerated/RoadmapSkills/src/DeventSoft.RoadmapSkills.BlazorApp/wwwroot/bootstrap/bootstrap.min.css.map' with relative path 'bootstrap/bootstrap.min.css.map' did not match include pattern '' or matched exclude pattern ''.
         Asset '/Users/dacanetdev/Dev/AIGenerated/RoadmapSkills/src/DeventSoft.RoadmapSkills.BlazorApp/wwwroot/favicon.png' with relative path 'favicon.png' did not match include pattern '' or matched exclude pattern ''.
         Asset '/Users/dacanetdev/Dev/AIGenerated/RoadmapSkills/src/DeventSoft.RoadmapSkills.BlazorApp/obj/Debug/net8.0/scopedcss/bundle/DeventSoft.RoadmapSkills.BlazorApp.styles.css' with relative path 'DeventSoft.RoadmapSkills.BlazorApp.styles.css' did not match include pattern '' or matched exclude pattern ''.
         Asset '/Users/dacanetdev/Dev/AIGenerated/RoadmapSkills/src/DeventSoft.RoadmapSkills.BlazorApp/obj/Debug/net8.0/scopedcss/projectbundle/DeventSoft.RoadmapSkills.BlazorApp.bundle.scp.css' with relative path 'DeventSoft.RoadmapSkills.BlazorApp.bundle.scp.css' did not match include pattern '' or matched exclude pattern ''.
         Resolved 0 compressed assets for 0 candidate assets.
       Done executing task "ResolveCompressedAssets".
   8:6>Done building target "ResolveBuildCompressedStaticWebAssetsConfiguration" in project "DeventSoft.RoadmapSkills.BlazorApp.csproj".
   8:6>Target "GenerateBuildCompressedStaticWebAssets" in file "/usr/local/share/dotnet/sdk/9.0.200/Sdks/Microsoft.NET.Sdk.StaticWebAssets/targets/Microsoft.NET.Sdk.StaticWebAssets.Compression.targets" from project "/Users/dacanetdev/Dev/AIGenerated/RoadmapSkills/src/DeventSoft.RoadmapSkills.BlazorApp/DeventSoft.RoadmapSkills.BlazorApp.csproj" (target "ResolveBuildCompressedStaticWebAssets" depends on it):
       Task "GZipCompress" skipped, due to false condition; ('@(_GZipCompressedStaticWebAssets)' != '') was evaluated as ('' != '').
       Task "BrotliCompress" skipped, due to false condition; ('@(_BrotliCompressedStaticWebAssets)' != '') was evaluated as ('' != '').
   8:6>Done building target "GenerateBuildCompressedStaticWebAssets" in project "DeventSoft.RoadmapSkills.BlazorApp.csproj".
   8:6>Target "ResolveBuildCompressedStaticWebAssets" in file "/usr/local/share/dotnet/sdk/9.0.200/Sdks/Microsoft.NET.Sdk.StaticWebAssets/targets/Microsoft.NET.Sdk.StaticWebAssets.Compression.targets" from project "/Users/dacanetdev/Dev/AIGenerated/RoadmapSkills/src/DeventSoft.RoadmapSkills.BlazorApp/DeventSoft.RoadmapSkills.BlazorApp.csproj" (target "ResolveBuildRelatedStaticWebAssets" depends on it):
       Task "DefineStaticWebAssets"
       Done executing task "DefineStaticWebAssets".
       Task "DefineStaticWebAssetEndpoints"
       Done executing task "DefineStaticWebAssetEndpoints".
       Using "ApplyCompressionNegotiation" task from assembly "/usr/local/share/dotnet/sdk/9.0.200/Sdks/Microsoft.NET.Sdk.StaticWebAssets/targets/../tasks/net9.0/Microsoft.NET.Sdk.StaticWebAssets.Tasks.dll".
       Task "ApplyCompressionNegotiation"
       Done executing task "ApplyCompressionNegotiation".
   8:6>Done building target "ResolveBuildCompressedStaticWebAssets" in project "DeventSoft.RoadmapSkills.BlazorApp.csproj".
       Target "ResolveStaticWebAssetsInputs" skipped. Previously built successfully.
   8:6>Target "ResolveBuildRelatedStaticWebAssets" in file "/usr/local/share/dotnet/sdk/9.0.200/Sdks/Microsoft.NET.Sdk.StaticWebAssets/targets/Microsoft.NET.Sdk.StaticWebAssets.targets" from project "/Users/dacanetdev/Dev/AIGenerated/RoadmapSkills/src/DeventSoft.RoadmapSkills.BlazorApp/DeventSoft.RoadmapSkills.BlazorApp.csproj" (target "ResolveBuildStaticWebAssets" depends on it):
   8:6>Done building target "ResolveBuildRelatedStaticWebAssets" in project "DeventSoft.RoadmapSkills.BlazorApp.csproj".
   8:6>Target "ResolveBuildStaticWebAssets" in file "/usr/local/share/dotnet/sdk/9.0.200/Sdks/Microsoft.NET.Sdk.StaticWebAssets/targets/Microsoft.NET.Sdk.StaticWebAssets.targets" from project "/Users/dacanetdev/Dev/AIGenerated/RoadmapSkills/src/DeventSoft.RoadmapSkills.BlazorApp/DeventSoft.RoadmapSkills.BlazorApp.csproj" (target "StaticWebAssetsPrepareForRun" depends on it):
   8:6>Done building target "ResolveBuildStaticWebAssets" in project "DeventSoft.RoadmapSkills.BlazorApp.csproj".
       Target "ResolveBuildStaticWebAssets" skipped. Previously built successfully.
   8:6>Target "GenerateStaticWebAssetsManifest" in file "/usr/local/share/dotnet/sdk/9.0.200/Sdks/Microsoft.NET.Sdk.StaticWebAssets/targets/Microsoft.NET.Sdk.StaticWebAssets.targets" from project "/Users/dacanetdev/Dev/AIGenerated/RoadmapSkills/src/DeventSoft.RoadmapSkills.BlazorApp/DeventSoft.RoadmapSkills.BlazorApp.csproj" (target "StaticWebAssetsPrepareForRun" depends on it):
       Task "MergeStaticWebAssets" skipped, due to false condition; ('@(StaticWebAssetsEmbeddedConfiguration)' != '') was evaluated as ('' != '').
       Using "GenerateStaticWebAssetsManifest" task from assembly "/usr/local/share/dotnet/sdk/9.0.200/Sdks/Microsoft.NET.Sdk.StaticWebAssets/targets/../tasks/net9.0/Microsoft.NET.Sdk.StaticWebAssets.Tasks.dll".
       Task "GenerateStaticWebAssetsManifest"
         Generating manifest for '6' assets and '12' endpoints
         Skipping manifest updated because manifest version '7bJcFKIGcBc/ONgmOQj9JQtYQrjjaCCheHbZVc74bww=' has not changed.
       Done executing task "GenerateStaticWebAssetsManifest".
       Using "GenerateStaticWebAssetEndpointsManifest" task from assembly "/usr/local/share/dotnet/sdk/9.0.200/Sdks/Microsoft.NET.Sdk.StaticWebAssets/targets/../tasks/net9.0/Microsoft.NET.Sdk.StaticWebAssets.Tasks.dll".
       Task "GenerateStaticWebAssetEndpointsManifest"
         Skipping candidate asset '/Users/dacanetdev/Dev/AIGenerated/RoadmapSkills/src/DeventSoft.RoadmapSkills.BlazorApp/obj/Debug/net8.0/scopedcss/projectbundle/DeventSoft.RoadmapSkills.BlazorApp.bundle.scp.css' because asset mode is 'Reference'
         Skipping endpoint 'DeventSoft.RoadmapSkills.BlazorApp.0j4xw5ibw2.bundle.scp.css' because the asset '/Users/dacanetdev/Dev/AIGenerated/RoadmapSkills/src/DeventSoft.RoadmapSkills.BlazorApp/obj/Debug/net8.0/scopedcss/projectbundle/DeventSoft.RoadmapSkills.BlazorApp.bundle.scp.css' is not part of the manifest
         Including endpoint 'DeventSoft.RoadmapSkills.BlazorApp.0j4xw5ibw2.styles.css' for asset '/Users/dacanetdev/Dev/AIGenerated/RoadmapSkills/src/DeventSoft.RoadmapSkills.BlazorApp/obj/Debug/net8.0/scopedcss/bundle/DeventSoft.RoadmapSkills.BlazorApp.styles.css' with final location 'DeventSoft.RoadmapSkills.BlazorApp#[.{fingerprint}]?.styles.css'
         Skipping endpoint 'DeventSoft.RoadmapSkills.BlazorApp.bundle.scp.css' because the asset '/Users/dacanetdev/Dev/AIGenerated/RoadmapSkills/src/DeventSoft.RoadmapSkills.BlazorApp/obj/Debug/net8.0/scopedcss/projectbundle/DeventSoft.RoadmapSkills.BlazorApp.bundle.scp.css' is not part of the manifest
         Including endpoint 'DeventSoft.RoadmapSkills.BlazorApp.styles.css' for asset '/Users/dacanetdev/Dev/AIGenerated/RoadmapSkills/src/DeventSoft.RoadmapSkills.BlazorApp/obj/Debug/net8.0/scopedcss/bundle/DeventSoft.RoadmapSkills.BlazorApp.styles.css' with final location 'DeventSoft.RoadmapSkills.BlazorApp#[.{fingerprint}]?.styles.css'
         Including endpoint 'app.css' for asset '/Users/dacanetdev/Dev/AIGenerated/RoadmapSkills/src/DeventSoft.RoadmapSkills.BlazorApp/wwwroot/app.css' with final location 'app#[.{fingerprint}]?.css'
         Including endpoint 'app.da95v2qkru.css' for asset '/Users/dacanetdev/Dev/AIGenerated/RoadmapSkills/src/DeventSoft.RoadmapSkills.BlazorApp/wwwroot/app.css' with final location 'app#[.{fingerprint}]?.css'
         Including endpoint 'bootstrap/bootstrap.min.bpk8xqwxhs.css' for asset '/Users/dacanetdev/Dev/AIGenerated/RoadmapSkills/src/DeventSoft.RoadmapSkills.BlazorApp/wwwroot/bootstrap/bootstrap.min.css' with final location 'bootstrap/bootstrap.min#[.{fingerprint}]?.css'
         Including endpoint 'bootstrap/bootstrap.min.css' for asset '/Users/dacanetdev/Dev/AIGenerated/RoadmapSkills/src/DeventSoft.RoadmapSkills.BlazorApp/wwwroot/bootstrap/bootstrap.min.css' with final location 'bootstrap/bootstrap.min#[.{fingerprint}]?.css'
         Including endpoint 'bootstrap/bootstrap.min.css.8inm30yfxf.map' for asset '/Users/dacanetdev/Dev/AIGenerated/RoadmapSkills/src/DeventSoft.RoadmapSkills.BlazorApp/wwwroot/bootstrap/bootstrap.min.css.map' with final location 'bootstrap/bootstrap.min.css#[.{fingerprint}]?.map'
         Including endpoint 'bootstrap/bootstrap.min.css.map' for asset '/Users/dacanetdev/Dev/AIGenerated/RoadmapSkills/src/DeventSoft.RoadmapSkills.BlazorApp/wwwroot/bootstrap/bootstrap.min.css.map' with final location 'bootstrap/bootstrap.min.css#[.{fingerprint}]?.map'
         Including endpoint 'favicon.ifv42okdf2.png' for asset '/Users/dacanetdev/Dev/AIGenerated/RoadmapSkills/src/DeventSoft.RoadmapSkills.BlazorApp/wwwroot/favicon.png' with final location 'favicon#[.{fingerprint}]?.png'
         Including endpoint 'favicon.png' for asset '/Users/dacanetdev/Dev/AIGenerated/RoadmapSkills/src/DeventSoft.RoadmapSkills.BlazorApp/wwwroot/favicon.png' with final location 'favicon#[.{fingerprint}]?.png'
         Skipping artifact updated because artifact version 'tApSe4jjIxJkocC1jh7UUhNxSFnu9Ps1jRe9GQi3tms=' has not changed.
       Done executing task "GenerateStaticWebAssetEndpointsManifest".
       Using "GenerateStaticWebAssetsDevelopmentManifest" task from assembly "/usr/local/share/dotnet/sdk/9.0.200/Sdks/Microsoft.NET.Sdk.StaticWebAssets/targets/../tasks/net9.0/Microsoft.NET.Sdk.StaticWebAssets.Tasks.dll".
       Task "GenerateStaticWebAssetsDevelopmentManifest"
         Skipping candidate asset '/Users/dacanetdev/Dev/AIGenerated/RoadmapSkills/src/DeventSoft.RoadmapSkills.BlazorApp/obj/Debug/net8.0/scopedcss/projectbundle/DeventSoft.RoadmapSkills.BlazorApp.bundle.scp.css' because asset mode is 'Reference'
         Skipping manifest update because manifest version 'b9uZuruhukyd59UjZTBhHmb9TW01UZ+764jPOdvi2zI=' has not changed.
       Done executing task "GenerateStaticWebAssetsDevelopmentManifest".
   8:6>Done building target "GenerateStaticWebAssetsManifest" in project "DeventSoft.RoadmapSkills.BlazorApp.csproj".
   8:6>Target "GenerateStaticWebAssetsPackFiles" in file "/usr/local/share/dotnet/sdk/9.0.200/Sdks/Microsoft.NET.Sdk.StaticWebAssets/targets/Microsoft.NET.Sdk.StaticWebAssets.Pack.targets" from project "/Users/dacanetdev/Dev/AIGenerated/RoadmapSkills/src/DeventSoft.RoadmapSkills.BlazorApp/DeventSoft.RoadmapSkills.BlazorApp.csproj" (target "StaticWebAssetsPrepareForRun" depends on it):
       Using "ComputeReferenceStaticWebAssetItems" task from assembly "/usr/local/share/dotnet/sdk/9.0.200/Sdks/Microsoft.NET.Sdk.StaticWebAssets/targets/../tasks/net9.0/Microsoft.NET.Sdk.StaticWebAssets.Tasks.dll".
       Task "ComputeReferenceStaticWebAssetItems"
         Accepted candidate asset '/Users/dacanetdev/Dev/AIGenerated/RoadmapSkills/src/DeventSoft.RoadmapSkills.BlazorApp/wwwroot/app.css' because project mode is 'Default' and asset mode is 'All'
         Accepted candidate asset '/Users/dacanetdev/Dev/AIGenerated/RoadmapSkills/src/DeventSoft.RoadmapSkills.BlazorApp/wwwroot/bootstrap/bootstrap.min.css' because project mode is 'Default' and asset mode is 'All'
         Accepted candidate asset '/Users/dacanetdev/Dev/AIGenerated/RoadmapSkills/src/DeventSoft.RoadmapSkills.BlazorApp/wwwroot/bootstrap/bootstrap.min.css.map' because project mode is 'Default' and asset mode is 'All'
         Accepted candidate asset '/Users/dacanetdev/Dev/AIGenerated/RoadmapSkills/src/DeventSoft.RoadmapSkills.BlazorApp/wwwroot/favicon.png' because project mode is 'Default' and asset mode is 'All'
         Skipping candidate asset '/Users/dacanetdev/Dev/AIGenerated/RoadmapSkills/src/DeventSoft.RoadmapSkills.BlazorApp/obj/Debug/net8.0/scopedcss/bundle/DeventSoft.RoadmapSkills.BlazorApp.styles.css' because project mode is 'Default' and asset mode is 'CurrentProject'
         Accepted candidate asset '/Users/dacanetdev/Dev/AIGenerated/RoadmapSkills/src/DeventSoft.RoadmapSkills.BlazorApp/obj/Debug/net8.0/scopedcss/projectbundle/DeventSoft.RoadmapSkills.BlazorApp.bundle.scp.css' because project mode is 'Default' and asset mode is 'Reference'
       Done executing task "ComputeReferenceStaticWebAssetItems".
       Using "ComputeEndpointsForReferenceStaticWebAssets" task from assembly "/usr/local/share/dotnet/sdk/9.0.200/Sdks/Microsoft.NET.Sdk.StaticWebAssets/targets/../tasks/net9.0/Microsoft.NET.Sdk.StaticWebAssets.Tasks.dll".
       Task "ComputeEndpointsForReferenceStaticWebAssets"
         Adding endpoint _content/DeventSoft.RoadmapSkills.BlazorApp/DeventSoft.RoadmapSkills.BlazorApp.0j4xw5ibw2.bundle.scp.css for asset /Users/dacanetdev/Dev/AIGenerated/RoadmapSkills/src/DeventSoft.RoadmapSkills.BlazorApp/obj/Debug/net8.0/scopedcss/projectbundle/DeventSoft.RoadmapSkills.BlazorApp.bundle.scp.css with updated route _content/DeventSoft.RoadmapSkills.BlazorApp/DeventSoft.RoadmapSkills.BlazorApp.0j4xw5ibw2.bundle.scp.css.
         Skipping endpoint DeventSoft.RoadmapSkills.BlazorApp.0j4xw5ibw2.styles.css because the asset /Users/dacanetdev/Dev/AIGenerated/RoadmapSkills/src/DeventSoft.RoadmapSkills.BlazorApp/obj/Debug/net8.0/scopedcss/bundle/DeventSoft.RoadmapSkills.BlazorApp.styles.css was not found.
         Adding endpoint _content/DeventSoft.RoadmapSkills.BlazorApp/DeventSoft.RoadmapSkills.BlazorApp.bundle.scp.css for asset /Users/dacanetdev/Dev/AIGenerated/RoadmapSkills/src/DeventSoft.RoadmapSkills.BlazorApp/obj/Debug/net8.0/scopedcss/projectbundle/DeventSoft.RoadmapSkills.BlazorApp.bundle.scp.css with updated route _content/DeventSoft.RoadmapSkills.BlazorApp/DeventSoft.RoadmapSkills.BlazorApp.bundle.scp.css.
         Skipping endpoint DeventSoft.RoadmapSkills.BlazorApp.styles.css because the asset /Users/dacanetdev/Dev/AIGenerated/RoadmapSkills/src/DeventSoft.RoadmapSkills.BlazorApp/obj/Debug/net8.0/scopedcss/bundle/DeventSoft.RoadmapSkills.BlazorApp.styles.css was not found.
         Adding endpoint _content/DeventSoft.RoadmapSkills.BlazorApp/app.css for asset /Users/dacanetdev/Dev/AIGenerated/RoadmapSkills/src/DeventSoft.RoadmapSkills.BlazorApp/wwwroot/app.css with updated route _content/DeventSoft.RoadmapSkills.BlazorApp/app.css.
         Adding endpoint _content/DeventSoft.RoadmapSkills.BlazorApp/app.da95v2qkru.css for asset /Users/dacanetdev/Dev/AIGenerated/RoadmapSkills/src/DeventSoft.RoadmapSkills.BlazorApp/wwwroot/app.css with updated route _content/DeventSoft.RoadmapSkills.BlazorApp/app.da95v2qkru.css.
         Adding endpoint _content/DeventSoft.RoadmapSkills.BlazorApp/bootstrap/bootstrap.min.bpk8xqwxhs.css for asset /Users/dacanetdev/Dev/AIGenerated/RoadmapSkills/src/DeventSoft.RoadmapSkills.BlazorApp/wwwroot/bootstrap/bootstrap.min.css with updated route _content/DeventSoft.RoadmapSkills.BlazorApp/bootstrap/bootstrap.min.bpk8xqwxhs.css.
         Adding endpoint _content/DeventSoft.RoadmapSkills.BlazorApp/bootstrap/bootstrap.min.css for asset /Users/dacanetdev/Dev/AIGenerated/RoadmapSkills/src/DeventSoft.RoadmapSkills.BlazorApp/wwwroot/bootstrap/bootstrap.min.css with updated route _content/DeventSoft.RoadmapSkills.BlazorApp/bootstrap/bootstrap.min.css.
         Adding endpoint _content/DeventSoft.RoadmapSkills.BlazorApp/bootstrap/bootstrap.min.css.8inm30yfxf.map for asset /Users/dacanetdev/Dev/AIGenerated/RoadmapSkills/src/DeventSoft.RoadmapSkills.BlazorApp/wwwroot/bootstrap/bootstrap.min.css.map with updated route _content/DeventSoft.RoadmapSkills.BlazorApp/bootstrap/bootstrap.min.css.8inm30yfxf.map.
         Adding endpoint _content/DeventSoft.RoadmapSkills.BlazorApp/bootstrap/bootstrap.min.css.map for asset /Users/dacanetdev/Dev/AIGenerated/RoadmapSkills/src/DeventSoft.RoadmapSkills.BlazorApp/wwwroot/bootstrap/bootstrap.min.css.map with updated route _content/DeventSoft.RoadmapSkills.BlazorApp/bootstrap/bootstrap.min.css.map.
         Adding endpoint _content/DeventSoft.RoadmapSkills.BlazorApp/favicon.ifv42okdf2.png for asset /Users/dacanetdev/Dev/AIGenerated/RoadmapSkills/src/DeventSoft.RoadmapSkills.BlazorApp/wwwroot/favicon.png with updated route _content/DeventSoft.RoadmapSkills.BlazorApp/favicon.ifv42okdf2.png.
         Adding endpoint _content/DeventSoft.RoadmapSkills.BlazorApp/favicon.png for asset /Users/dacanetdev/Dev/AIGenerated/RoadmapSkills/src/DeventSoft.RoadmapSkills.BlazorApp/wwwroot/favicon.png with updated route _content/DeventSoft.RoadmapSkills.BlazorApp/favicon.png.
       Done executing task "ComputeEndpointsForReferenceStaticWebAssets".
       Using "GenerateStaticWebAssetsPropsFile" task from assembly "/usr/local/share/dotnet/sdk/9.0.200/Sdks/Microsoft.NET.Sdk.StaticWebAssets/targets/../tasks/net9.0/Microsoft.NET.Sdk.StaticWebAssets.Tasks.dll".
       Task "GenerateStaticWebAssetsPropsFile"
         Skipping file update because the hash 'G1qcsS26AAMvSnqXg3ClV+9w4KnVV8T5Pl8pRahmwCo=' has not changed.
       Done executing task "GenerateStaticWebAssetsPropsFile".
       Using "GenerateStaticWebAssetEndpointsPropsFile" task from assembly "/usr/local/share/dotnet/sdk/9.0.200/Sdks/Microsoft.NET.Sdk.StaticWebAssets/targets/../tasks/net9.0/Microsoft.NET.Sdk.StaticWebAssets.Tasks.dll".
       Task "GenerateStaticWebAssetEndpointsPropsFile"
         Skipping file update because the hash 'N5p1sa6tFviG4v5gX4Jyz2wz4T8bSgPNGXsmXFyhXBc=' has not changed.
       Done executing task "GenerateStaticWebAssetEndpointsPropsFile".
       Using "StaticWebAssetsGeneratePackagePropsFile" task from assembly "/usr/local/share/dotnet/sdk/9.0.200/Sdks/Microsoft.NET.Sdk.StaticWebAssets/targets/../tasks/net9.0/Microsoft.NET.Sdk.StaticWebAssets.Tasks.dll".
       Task "StaticWebAssetsGeneratePackagePropsFile"
         Skipping file update because the hash 'AavPAD+xJKfSFKiJjCkywRua6vCo7L0Wu8oYT11LhZs=' has not changed.
       Done executing task "StaticWebAssetsGeneratePackagePropsFile".
       Task "StaticWebAssetsGeneratePackagePropsFile"
         Skipping file update because the hash 'BGMgvTDHxjmCa6ginwXgvSCwArBlHlckaIlhHCrhevo=' has not changed.
       Done executing task "StaticWebAssetsGeneratePackagePropsFile".
       Task "StaticWebAssetsGeneratePackagePropsFile"
         Skipping file update because the hash 'xWs6PhkiLzTu0IJNL2l2vZaxTmJ2eiAT0hUW774MRQM=' has not changed.
       Done executing task "StaticWebAssetsGeneratePackagePropsFile".
       Using "ComputeStaticWebAssetsTargetPaths" task from assembly "/usr/local/share/dotnet/sdk/9.0.200/Sdks/Microsoft.NET.Sdk.StaticWebAssets/targets/../tasks/net9.0/Microsoft.NET.Sdk.StaticWebAssets.Tasks.dll".
       Task "ComputeStaticWebAssetsTargetPaths"
         Using path prefix 'staticwebassets'
       Done executing task "ComputeStaticWebAssetsTargetPaths".
       Using "StaticWebAssetsGeneratePackManifest" task from assembly "/usr/local/share/dotnet/sdk/9.0.200/Sdks/Microsoft.NET.Sdk.StaticWebAssets/targets/../tasks/net9.0/Microsoft.NET.Sdk.StaticWebAssets.Tasks.dll".
       Task "StaticWebAssetsGeneratePackManifest"
         Skipping manifest update because manifest version 'qNG23U/AOsjHnVxqdDCBMOQZLmfjDUJrZhHQNUPlIE8=' has not changed.
       Done executing task "StaticWebAssetsGeneratePackManifest".
   8:6>Done building target "GenerateStaticWebAssetsPackFiles" in project "DeventSoft.RoadmapSkills.BlazorApp.csproj".
   8:6>Target "LoadStaticWebAssetsBuildManifest" in file "/usr/local/share/dotnet/sdk/9.0.200/Sdks/Microsoft.NET.Sdk.StaticWebAssets/targets/Microsoft.NET.Sdk.StaticWebAssets.Publish.targets" from project "/Users/dacanetdev/Dev/AIGenerated/RoadmapSkills/src/DeventSoft.RoadmapSkills.BlazorApp/DeventSoft.RoadmapSkills.BlazorApp.csproj" (target "CopyStaticWebAssetsToOutputDirectory" depends on it):
       Using "ReadStaticWebAssetsManifestFile" task from assembly "/usr/local/share/dotnet/sdk/9.0.200/Sdks/Microsoft.NET.Sdk.StaticWebAssets/targets/../tasks/net9.0/Microsoft.NET.Sdk.StaticWebAssets.Tasks.dll".
       Task "ReadStaticWebAssetsManifestFile"
       Done executing task "ReadStaticWebAssetsManifestFile".
   8:6>Done building target "LoadStaticWebAssetsBuildManifest" in project "DeventSoft.RoadmapSkills.BlazorApp.csproj".
   8:6>Target "_EnsureContentRootFolders" in file "/usr/local/share/dotnet/sdk/9.0.200/Sdks/Microsoft.NET.Sdk.StaticWebAssets/targets/Microsoft.NET.Sdk.StaticWebAssets.targets" from project "/Users/dacanetdev/Dev/AIGenerated/RoadmapSkills/src/DeventSoft.RoadmapSkills.BlazorApp/DeventSoft.RoadmapSkills.BlazorApp.csproj" (target "CopyStaticWebAssetsToOutputDirectory" depends on it):
       Task "MakeDir"
       Done executing task "MakeDir".
   8:6>Done building target "_EnsureContentRootFolders" in project "DeventSoft.RoadmapSkills.BlazorApp.csproj".
   8:6>Target "CopyStaticWebAssetsToOutputDirectory" in file "/usr/local/share/dotnet/sdk/9.0.200/Sdks/Microsoft.NET.Sdk.StaticWebAssets/targets/Microsoft.NET.Sdk.StaticWebAssets.targets" from project "/Users/dacanetdev/Dev/AIGenerated/RoadmapSkills/src/DeventSoft.RoadmapSkills.BlazorApp/DeventSoft.RoadmapSkills.BlazorApp.csproj" (target "StaticWebAssetsPrepareForRun" depends on it):
   8:6>Done building target "CopyStaticWebAssetsToOutputDirectory" in project "DeventSoft.RoadmapSkills.BlazorApp.csproj".
   8:6>Target "_SplitStaticWebAssetsByCopyOptions" in file "/usr/local/share/dotnet/sdk/9.0.200/Sdks/Microsoft.NET.Sdk.StaticWebAssets/targets/Microsoft.NET.Sdk.StaticWebAssets.targets" from project "/Users/dacanetdev/Dev/AIGenerated/RoadmapSkills/src/DeventSoft.RoadmapSkills.BlazorApp/DeventSoft.RoadmapSkills.BlazorApp.csproj" (target "StaticWebAssetsPrepareForRun" depends on it):
       Using "CollectStaticWebAssetsToCopy" task from assembly "/usr/local/share/dotnet/sdk/9.0.200/Sdks/Microsoft.NET.Sdk.StaticWebAssets/targets/../tasks/net9.0/Microsoft.NET.Sdk.StaticWebAssets.Tasks.dll".
       Task "CollectStaticWebAssetsToCopy"
         Skipping asset '/Users/dacanetdev/Dev/AIGenerated/RoadmapSkills/src/DeventSoft.RoadmapSkills.BlazorApp/obj/Debug/net8.0/scopedcss/bundle/DeventSoft.RoadmapSkills.BlazorApp.styles.css' since copy to output directory option is 'Never'
         Skipping asset '/Users/dacanetdev/Dev/AIGenerated/RoadmapSkills/src/DeventSoft.RoadmapSkills.BlazorApp/obj/Debug/net8.0/scopedcss/projectbundle/DeventSoft.RoadmapSkills.BlazorApp.bundle.scp.css' since asset mode is 'Reference'
         Skipping asset '/Users/dacanetdev/Dev/AIGenerated/RoadmapSkills/src/DeventSoft.RoadmapSkills.BlazorApp/obj/Debug/net8.0/scopedcss/projectbundle/DeventSoft.RoadmapSkills.BlazorApp.bundle.scp.css' since copy to output directory option is 'Never'
         Skipping asset '/Users/dacanetdev/Dev/AIGenerated/RoadmapSkills/src/DeventSoft.RoadmapSkills.BlazorApp/wwwroot/app.css' since copy to output directory option is 'Never'
         Skipping asset '/Users/dacanetdev/Dev/AIGenerated/RoadmapSkills/src/DeventSoft.RoadmapSkills.BlazorApp/wwwroot/bootstrap/bootstrap.min.css' since copy to output directory option is 'Never'
         Skipping asset '/Users/dacanetdev/Dev/AIGenerated/RoadmapSkills/src/DeventSoft.RoadmapSkills.BlazorApp/wwwroot/bootstrap/bootstrap.min.css.map' since copy to output directory option is 'Never'
         Skipping asset '/Users/dacanetdev/Dev/AIGenerated/RoadmapSkills/src/DeventSoft.RoadmapSkills.BlazorApp/wwwroot/favicon.png' since copy to output directory option is 'Never'
       Done executing task "CollectStaticWebAssetsToCopy".
   8:6>Done building target "_SplitStaticWebAssetsByCopyOptions" in project "DeventSoft.RoadmapSkills.BlazorApp.csproj".
   8:6>Target "_BuildCopyStaticWebAssetsPreserveNewest" in file "/usr/local/share/dotnet/sdk/9.0.200/Sdks/Microsoft.NET.Sdk.StaticWebAssets/targets/Microsoft.NET.Sdk.StaticWebAssets.targets" from project "/Users/dacanetdev/Dev/AIGenerated/RoadmapSkills/src/DeventSoft.RoadmapSkills.BlazorApp/DeventSoft.RoadmapSkills.BlazorApp.csproj" (target "StaticWebAssetsPrepareForRun" depends on it):
       Skipping target "_BuildCopyStaticWebAssetsPreserveNewest" because it has no outputs.
       Though the target has declared its outputs, the output specification only references empty properties and/or empty item lists.
   8:6>Done building target "_BuildCopyStaticWebAssetsPreserveNewest" in project "DeventSoft.RoadmapSkills.BlazorApp.csproj".
   8:6>Target "_BuildCopyStaticWebAssetsAlways" in file "/usr/local/share/dotnet/sdk/9.0.200/Sdks/Microsoft.NET.Sdk.StaticWebAssets/targets/Microsoft.NET.Sdk.StaticWebAssets.targets" from project "/Users/dacanetdev/Dev/AIGenerated/RoadmapSkills/src/DeventSoft.RoadmapSkills.BlazorApp/DeventSoft.RoadmapSkills.BlazorApp.csproj" (target "StaticWebAssetsPrepareForRun" depends on it):
       Using "Copy" task from assembly "Microsoft.Build.Tasks.Core, Version=15.1.0.0, Culture=neutral, PublicKeyToken=b03f5f7f11d50a3a".
       Task "Copy"
       Done executing task "Copy".
   8:6>Done building target "_BuildCopyStaticWebAssetsAlways" in project "DeventSoft.RoadmapSkills.BlazorApp.csproj".
   8:6>Target "StaticWebAssetsPrepareForRun" in file "/usr/local/share/dotnet/sdk/9.0.200/Sdks/Microsoft.NET.Sdk.StaticWebAssets/targets/Microsoft.NET.Sdk.StaticWebAssets.targets" from project "/Users/dacanetdev/Dev/AIGenerated/RoadmapSkills/src/DeventSoft.RoadmapSkills.BlazorApp/DeventSoft.RoadmapSkills.BlazorApp.csproj" (target "PrepareForRun" depends on it):
   8:6>Done building target "StaticWebAssetsPrepareForRun" in project "DeventSoft.RoadmapSkills.BlazorApp.csproj".
       Target "ComputeIntermediateSatelliteAssemblies" skipped, due to false condition; (@(EmbeddedResource->'%(WithCulture)') != '') was evaluated as ( != '').
       Target "_CopyFilesMarkedCopyLocal" skipped, due to false condition; ('@(ReferenceCopyLocalPaths)' != '') was evaluated as ('' != '').
       Target "AssignTargetPaths" skipped. Previously built successfully.
       Target "AssignProjectConfiguration" skipped. Previously built successfully.
       Target "_SplitProjectReferencesByFileExistence" skipped. Previously built successfully.
       Target "_GetProjectReferenceTargetFrameworkProperties" skipped. Previously built successfully.
   8:6>Target "_PopulateCommonStateForGetCopyToOutputDirectoryItems" in file "/usr/local/share/dotnet/sdk/9.0.200/Microsoft.Common.CurrentVersion.targets" from project "/Users/dacanetdev/Dev/AIGenerated/RoadmapSkills/src/DeventSoft.RoadmapSkills.BlazorApp/DeventSoft.RoadmapSkills.BlazorApp.csproj" (target "GetCopyToOutputDirectoryItems" depends on it):
   8:6>Done building target "_PopulateCommonStateForGetCopyToOutputDirectoryItems" in project "DeventSoft.RoadmapSkills.BlazorApp.csproj".
       Target "ResolveStaticWebAssetsConfiguration" skipped. Previously built successfully.
   8:6>Target "AddStaticWebAssetsManifest" in file "/usr/local/share/dotnet/sdk/9.0.200/Sdks/Microsoft.NET.Sdk.StaticWebAssets/targets/Microsoft.NET.Sdk.StaticWebAssets.targets" from project "/Users/dacanetdev/Dev/AIGenerated/RoadmapSkills/src/DeventSoft.RoadmapSkills.BlazorApp/DeventSoft.RoadmapSkills.BlazorApp.csproj" (target "GetCopyToOutputDirectoryItems" depends on it):
   8:6>Done building target "AddStaticWebAssetsManifest" in project "DeventSoft.RoadmapSkills.BlazorApp.csproj".
       Target "ResolveStaticWebAssetsConfiguration" skipped. Previously built successfully.
   8:6>Target "AddStaticWebAssetEndpointsBuildManifest" in file "/usr/local/share/dotnet/sdk/9.0.200/Sdks/Microsoft.NET.Sdk.StaticWebAssets/targets/Microsoft.NET.Sdk.StaticWebAssets.targets" from project "/Users/dacanetdev/Dev/AIGenerated/RoadmapSkills/src/DeventSoft.RoadmapSkills.BlazorApp/DeventSoft.RoadmapSkills.BlazorApp.csproj" (target "GetCopyToOutputDirectoryItems" depends on it):
   8:6>Done building target "AddStaticWebAssetEndpointsBuildManifest" in project "DeventSoft.RoadmapSkills.BlazorApp.csproj".
   8:6>Target "AddDepsJsonAndRuntimeConfigToCopyItemsForReferencingProjects" in file "/usr/local/share/dotnet/sdk/9.0.200/Sdks/Microsoft.NET.Sdk/targets/Microsoft.NET.Sdk.targets" from project "/Users/dacanetdev/Dev/AIGenerated/RoadmapSkills/src/DeventSoft.RoadmapSkills.BlazorApp/DeventSoft.RoadmapSkills.BlazorApp.csproj" (target "GetCopyToOutputDirectoryItems" depends on it):
   8:6>Done building target "AddDepsJsonAndRuntimeConfigToCopyItemsForReferencingProjects" in project "DeventSoft.RoadmapSkills.BlazorApp.csproj".
   8:6>Target "GetCopyToOutputDirectoryItems" in file "/usr/local/share/dotnet/sdk/9.0.200/Microsoft.Common.CurrentVersion.targets" from project "/Users/dacanetdev/Dev/AIGenerated/RoadmapSkills/src/DeventSoft.RoadmapSkills.BlazorApp/DeventSoft.RoadmapSkills.BlazorApp.csproj" (target "_CopySourceItemsToOutputDirectory" depends on it):
       Using "CallTarget" task from assembly "Microsoft.Build.Tasks.Core, Version=15.1.0.0, Culture=neutral, PublicKeyToken=b03f5f7f11d50a3a".
       Task "CallTarget"
       Target "_PopulateCommonStateForGetCopyToOutputDirectoryItems" skipped. Previously built successfully.
       Target "_AddOutputPathToGlobalPropertiesToRemove" skipped. Previously built successfully.
   8:6>Target "_GetCopyToOutputDirectoryItemsFromTransitiveProjectReferences" in file "/usr/local/share/dotnet/sdk/9.0.200/Microsoft.Common.CurrentVersion.targets" from project "/Users/dacanetdev/Dev/AIGenerated/RoadmapSkills/src/DeventSoft.RoadmapSkills.BlazorApp/DeventSoft.RoadmapSkills.BlazorApp.csproj" (target "GetCopyToOutputDirectoryItems" depends on it):
       Task "MSBuild" skipped, due to false condition; ('@(_MSBuildProjectReferenceExistent)' != '' and '$(_GetChildProjectCopyToOutputDirectoryItems)' == 'true' and '%(_MSBuildProjectReferenceExistent.Private)' != 'false' and '$(UseCommonOutputDirectory)' != 'true') was evaluated as ('' != '' and 'true' == 'true' and '' != 'false' and 'false' != 'true').
       Task "AssignTargetPath"
       Done executing task "AssignTargetPath".
   8:6>Done building target "_GetCopyToOutputDirectoryItemsFromTransitiveProjectReferences" in project "DeventSoft.RoadmapSkills.BlazorApp.csproj".
       Done executing task "CallTarget".
       Task "CallTarget"
       Target "AssignTargetPaths" skipped. Previously built successfully.
       Target "_PopulateCommonStateForGetCopyToOutputDirectoryItems" skipped. Previously built successfully.
   8:6>Target "_GetCopyToOutputDirectoryItemsFromThisProject" in file "/usr/local/share/dotnet/sdk/9.0.200/Microsoft.Common.CurrentVersion.targets" from project "/Users/dacanetdev/Dev/AIGenerated/RoadmapSkills/src/DeventSoft.RoadmapSkills.BlazorApp/DeventSoft.RoadmapSkills.BlazorApp.csproj" (target "GetCopyToOutputDirectoryItems" depends on it):
       Task "AssignTargetPath"
       Done executing task "AssignTargetPath".
   8:6>Done building target "_GetCopyToOutputDirectoryItemsFromThisProject" in project "DeventSoft.RoadmapSkills.BlazorApp.csproj".
       Done executing task "CallTarget".
   8:6>Done building target "GetCopyToOutputDirectoryItems" in project "DeventSoft.RoadmapSkills.BlazorApp.csproj".
   8:6>Target "_CopyOutOfDateSourceItemsToOutputDirectory" in file "/usr/local/share/dotnet/sdk/9.0.200/Microsoft.Common.CurrentVersion.targets" from project "/Users/dacanetdev/Dev/AIGenerated/RoadmapSkills/src/DeventSoft.RoadmapSkills.BlazorApp/DeventSoft.RoadmapSkills.BlazorApp.csproj" (target "_CopySourceItemsToOutputDirectory" depends on it):
       Skipping target "_CopyOutOfDateSourceItemsToOutputDirectory" because all output files are up-to-date with respect to the input files.
       Input files: 
           /Users/dacanetdev/Dev/AIGenerated/RoadmapSkills/src/DeventSoft.RoadmapSkills.BlazorApp/appsettings.Development.json
           /Users/dacanetdev/Dev/AIGenerated/RoadmapSkills/src/DeventSoft.RoadmapSkills.BlazorApp/appsettings.json
           /Users/dacanetdev/Dev/AIGenerated/RoadmapSkills/src/DeventSoft.RoadmapSkills.BlazorApp/obj/Debug/net8.0/staticwebassets.development.json
           /Users/dacanetdev/Dev/AIGenerated/RoadmapSkills/src/DeventSoft.RoadmapSkills.BlazorApp/obj/Debug/net8.0/staticwebassets.build.endpoints.json
           /Users/dacanetdev/Dev/AIGenerated/RoadmapSkills/src/DeventSoft.RoadmapSkills.BlazorApp/obj/Debug/net8.0/apphost
       Output files: 
           bin/Debug/net8.0/appsettings.Development.json
           bin/Debug/net8.0/appsettings.json
           bin/Debug/net8.0/DeventSoft.RoadmapSkills.BlazorApp.staticwebassets.runtime.json
           bin/Debug/net8.0/DeventSoft.RoadmapSkills.BlazorApp.staticwebassets.endpoints.json
           bin/Debug/net8.0/DeventSoft.RoadmapSkills.BlazorApp
   8:6>Done building target "_CopyOutOfDateSourceItemsToOutputDirectory" in project "DeventSoft.RoadmapSkills.BlazorApp.csproj".
       Target "_CopyOutOfDateSourceItemsToOutputDirectoryAlways" skipped, due to false condition; ( '@(_SourceItemsToCopyToOutputDirectoryAlways)' != '' ) was evaluated as ( '' != '' ).
       Target "_CopyDifferingSourceItemsToOutputDirectory" skipped, due to false condition; ( '@(_SourceItemsToCopyToOutputDirectoryIfDifferent)' != '' ) was evaluated as ( '' != '' ).
   8:6>Target "_CopySourceItemsToOutputDirectory" in file "/usr/local/share/dotnet/sdk/9.0.200/Microsoft.Common.CurrentVersion.targets" from project "/Users/dacanetdev/Dev/AIGenerated/RoadmapSkills/src/DeventSoft.RoadmapSkills.BlazorApp/DeventSoft.RoadmapSkills.BlazorApp.csproj" (target "CopyFilesToOutputDirectory" depends on it):
   8:6>Done building target "_CopySourceItemsToOutputDirectory" in project "DeventSoft.RoadmapSkills.BlazorApp.csproj".
       Target "_CopyAppConfigFile" skipped, due to false condition; ( '@(AppConfigWithTargetPath)' != '' ) was evaluated as ( '' != '' ).
       Target "_CopyManifestFiles" skipped, due to false condition; ( '$(_DeploymentCopyApplicationManifest)'=='true' or '$(GenerateClickOnceManifests)'=='true' ) was evaluated as ( ''=='true' or ''=='true' ).
   8:6>Target "_CheckForCompileOutputs" in file "/usr/local/share/dotnet/sdk/9.0.200/Microsoft.Common.CurrentVersion.targets" from project "/Users/dacanetdev/Dev/AIGenerated/RoadmapSkills/src/DeventSoft.RoadmapSkills.BlazorApp/DeventSoft.RoadmapSkills.BlazorApp.csproj" (target "CopyFilesToOutputDirectory" depends on it):
   8:6>Done building target "_CheckForCompileOutputs" in project "DeventSoft.RoadmapSkills.BlazorApp.csproj".
       Target "_SGenCheckForOutputs" skipped, due to false condition; ('$(_SGenGenerateSerializationAssembliesConfig)' == 'On' or ('@(WebReferenceUrl)'!='' and '$(_SGenGenerateSerializationAssembliesConfig)' == 'Auto')) was evaluated as ('Off' == 'On' or (''!='' and 'Off' == 'Auto')).
       Target "_DefaultMicrosoftNETPlatformLibrary" skipped. Previously built successfully.
       Target "_HandlePackageFileConflicts" skipped. Previously built successfully.
       Target "ResolveAssemblyReferences" skipped. Previously built successfully.
   8:6>Target "_ComputeReferenceAssemblies" in file "/usr/local/share/dotnet/sdk/9.0.200/Sdks/Microsoft.NET.Sdk/targets/Microsoft.NET.Sdk.targets" from project "/Users/dacanetdev/Dev/AIGenerated/RoadmapSkills/src/DeventSoft.RoadmapSkills.BlazorApp/DeventSoft.RoadmapSkills.BlazorApp.csproj" (target "GenerateBuildDependencyFile" depends on it):
   8:6>Done building target "_ComputeReferenceAssemblies" in project "DeventSoft.RoadmapSkills.BlazorApp.csproj".
   8:6>Target "_ComputeUserRuntimeAssemblies" in file "/usr/local/share/dotnet/sdk/9.0.200/Sdks/Microsoft.NET.Sdk/targets/Microsoft.NET.Sdk.targets" from project "/Users/dacanetdev/Dev/AIGenerated/RoadmapSkills/src/DeventSoft.RoadmapSkills.BlazorApp/DeventSoft.RoadmapSkills.BlazorApp.csproj" (target "GenerateBuildDependencyFile" depends on it):
   8:6>Done building target "_ComputeUserRuntimeAssemblies" in project "DeventSoft.RoadmapSkills.BlazorApp.csproj".
       Target "ResolveRuntimePackAssets" skipped, due to false condition; ('@(RuntimePack)' != '') was evaluated as ('' != '').
       Target "_ComputePackageReferencePublish" skipped. Previously built successfully.
       Target "ComputeDependencyFileCompilerOptions" skipped, due to false condition; ('$(PreserveCompilationContext)' == 'true') was evaluated as ('' == 'true').
   8:6>Target "GenerateBuildDependencyFile" in file "/usr/local/share/dotnet/sdk/9.0.200/Sdks/Microsoft.NET.Sdk/targets/Microsoft.NET.Sdk.targets" from project "/Users/dacanetdev/Dev/AIGenerated/RoadmapSkills/src/DeventSoft.RoadmapSkills.BlazorApp/DeventSoft.RoadmapSkills.BlazorApp.csproj" (target "CopyFilesToOutputDirectory" depends on it):
       Skipping target "GenerateBuildDependencyFile" because all output files are up-to-date with respect to the input files.
       Input files: 
           /Users/dacanetdev/Dev/AIGenerated/RoadmapSkills/src/DeventSoft.RoadmapSkills.BlazorApp/obj/project.assets.json
           /Users/dacanetdev/Dev/AIGenerated/RoadmapSkills/src/DeventSoft.RoadmapSkills.BlazorApp/obj/Debug/net8.0/DeventSoft.RoadmapSkills.BlazorApp.assets.cache
           /Users/dacanetdev/Dev/AIGenerated/RoadmapSkills/src/DeventSoft.RoadmapSkills.BlazorApp/obj/DeventSoft.RoadmapSkills.BlazorApp.csproj.nuget.g.targets
           /usr/local/share/dotnet/sdk/9.0.200/Current/Microsoft.Common.targets/ImportAfter/Microsoft.TestPlatform.ImportAfter.targets
       Output files: /Users/dacanetdev/Dev/AIGenerated/RoadmapSkills/src/DeventSoft.RoadmapSkills.BlazorApp/bin/Debug/net8.0/DeventSoft.RoadmapSkills.BlazorApp.deps.json
   8:6>Done building target "GenerateBuildDependencyFile" in project "DeventSoft.RoadmapSkills.BlazorApp.csproj".
       Target "_DefaultMicrosoftNETPlatformLibrary" skipped. Previously built successfully.
   8:6>Target "_GenerateRuntimeConfigurationFilesInputCache" in file "/usr/local/share/dotnet/sdk/9.0.200/Sdks/Microsoft.NET.Sdk/targets/Microsoft.NET.Sdk.targets" from project "/Users/dacanetdev/Dev/AIGenerated/RoadmapSkills/src/DeventSoft.RoadmapSkills.BlazorApp/DeventSoft.RoadmapSkills.BlazorApp.csproj" (target "GenerateBuildRuntimeConfigurationFiles" depends on it):
       Task "Hash"
       Done executing task "Hash".
       Task "WriteLinesToFile"
         Skipping write to file "/Users/dacanetdev/Dev/AIGenerated/RoadmapSkills/src/DeventSoft.RoadmapSkills.BlazorApp/obj/Debug/net8.0/DeventSoft.RoadmapSkills.BlazorApp.genruntimeconfig.cache" because content would not change.
       Done executing task "WriteLinesToFile".
   8:6>Done building target "_GenerateRuntimeConfigurationFilesInputCache" in project "DeventSoft.RoadmapSkills.BlazorApp.csproj".
   8:6>Target "GenerateBuildRuntimeConfigurationFiles" in file "/usr/local/share/dotnet/sdk/9.0.200/Sdks/Microsoft.NET.Sdk/targets/Microsoft.NET.Sdk.targets" from project "/Users/dacanetdev/Dev/AIGenerated/RoadmapSkills/src/DeventSoft.RoadmapSkills.BlazorApp/DeventSoft.RoadmapSkills.BlazorApp.csproj" (target "CopyFilesToOutputDirectory" depends on it):
       Skipping target "GenerateBuildRuntimeConfigurationFiles" because all output files are up-to-date with respect to the input files.
       Input files: 
           /Users/dacanetdev/Dev/AIGenerated/RoadmapSkills/src/DeventSoft.RoadmapSkills.BlazorApp/obj/project.assets.json
           /Users/dacanetdev/Dev/AIGenerated/RoadmapSkills/src/DeventSoft.RoadmapSkills.BlazorApp/obj/Debug/net8.0/DeventSoft.RoadmapSkills.BlazorApp.assets.cache
           /Users/dacanetdev/Dev/AIGenerated/RoadmapSkills/src/DeventSoft.RoadmapSkills.BlazorApp/obj/Debug/net8.0/DeventSoft.RoadmapSkills.BlazorApp.genruntimeconfig.cache
       Output files: /Users/dacanetdev/Dev/AIGenerated/RoadmapSkills/src/DeventSoft.RoadmapSkills.BlazorApp/bin/Debug/net8.0/DeventSoft.RoadmapSkills.BlazorApp.runtimeconfig.json
   8:6>Done building target "GenerateBuildRuntimeConfigurationFiles" in project "DeventSoft.RoadmapSkills.BlazorApp.csproj".
       Target "GenerateShimsAssets" skipped, due to false condition; ('$(PackAsTool)' == 'true' and $(PackAsToolShimRuntimeIdentifiers) != '' ) was evaluated as ('' == 'true' and  != '' ).
   8:6>Target "CopyFilesToOutputDirectory" in file "/usr/local/share/dotnet/sdk/9.0.200/Microsoft.Common.CurrentVersion.targets" from project "/Users/dacanetdev/Dev/AIGenerated/RoadmapSkills/src/DeventSoft.RoadmapSkills.BlazorApp/DeventSoft.RoadmapSkills.BlazorApp.csproj" (target "PrepareForRun" depends on it):
       Task "Copy"
         Did not copy from file "obj/Debug/net8.0/DeventSoft.RoadmapSkills.BlazorApp.dll" to file "bin/Debug/net8.0/DeventSoft.RoadmapSkills.BlazorApp.dll" because the "SkipUnchangedFiles" parameter was set to "true" in the project and the files' sizes and timestamps match.
       Done executing task "Copy".
       Using "CopyRefAssembly" task from assembly "/usr/local/share/dotnet/sdk/9.0.200/Roslyn/Microsoft.Build.Tasks.CodeAnalysis.dll".
       Task "CopyRefAssembly"
         Reference assembly "/Users/dacanetdev/Dev/AIGenerated/RoadmapSkills/src/DeventSoft.RoadmapSkills.BlazorApp/obj/Debug/net8.0/ref/DeventSoft.RoadmapSkills.BlazorApp.dll" already has latest information. Leaving it untouched.
       Done executing task "CopyRefAssembly".
       Task "Message"
         DeventSoft.RoadmapSkills.BlazorApp -> /Users/dacanetdev/Dev/AIGenerated/RoadmapSkills/src/DeventSoft.RoadmapSkills.BlazorApp/bin/Debug/net8.0/DeventSoft.RoadmapSkills.BlazorApp.dll
       Done executing task "Message".
       Task "Copy" skipped, due to false condition; ('@(AddModules)' != '') was evaluated as ('' != '').
       Task "Copy" skipped, due to false condition; ('$(_SGenDllCreated)'=='true') was evaluated as ('false'=='true').
       Task "Copy"
         Did not copy from file "obj/Debug/net8.0/DeventSoft.RoadmapSkills.BlazorApp.pdb" to file "bin/Debug/net8.0/DeventSoft.RoadmapSkills.BlazorApp.pdb" because the "SkipUnchangedFiles" parameter was set to "true" in the project and the files' sizes and timestamps match.
       Done executing task "Copy".
       Task "Copy" skipped, due to false condition; ('$(_DocumentationFileProduced)'=='true' and '$(CopyDocumentationFileToOutputDirectory)'=='true') was evaluated as ('false'=='true' and 'true'=='true').
       Task "Copy" skipped, due to false condition; ('@(IntermediateSatelliteAssembliesWithTargetPath)' != '') was evaluated as ('' != '').
       Task "Copy" skipped, due to false condition; ('@(ReferenceComWrappersToCopyLocal)' != '' or '@(ResolvedIsolatedComModules)' != '' or '@(_DeploymentLooseManifestFile)' != '' or '@(NativeReferenceFile)' != '' ) was evaluated as ('' != '' or '' != '' or '' != '' or '' != '' ).
       Task "Copy" skipped, due to false condition; ('$(SkipCopyWinMDArtifact)' != 'true' and '@(WinMDExpArtifacts)' != '') was evaluated as ('' != 'true' and '' != '').
       Task "Message" skipped, due to false condition; ('$(SkipCopyWinMDArtifact)' != 'true' and '$(_WindowsMetadataOutputPath)' != '') was evaluated as ('' != 'true' and '' != '').
   8:6>Done building target "CopyFilesToOutputDirectory" in project "DeventSoft.RoadmapSkills.BlazorApp.csproj".
       Target "_CopyReferenceOnlyAssembliesForBuild" skipped, due to false condition; ('$(PreserveCompilationReferences)' == 'true') was evaluated as ('' == 'true').
   8:6>Target "PrepareForRun" in file "/usr/local/share/dotnet/sdk/9.0.200/Microsoft.Common.CurrentVersion.targets" from project "/Users/dacanetdev/Dev/AIGenerated/RoadmapSkills/src/DeventSoft.RoadmapSkills.BlazorApp/DeventSoft.RoadmapSkills.BlazorApp.csproj" (target "CoreBuild" depends on it):
   8:6>Done building target "PrepareForRun" in project "DeventSoft.RoadmapSkills.BlazorApp.csproj".
       Target "UnmanagedRegistration" skipped, due to false condition; ('$(RegisterForComInterop)'=='true' and '$(OutputType)'=='library') was evaluated as (''=='true' and 'Exe'=='library').
       Target "_CheckForCompileOutputs" skipped. Previously built successfully.
       Target "_SGenCheckForOutputs" skipped, due to false condition; ('$(_SGenGenerateSerializationAssembliesConfig)' == 'On' or ('@(WebReferenceUrl)'!='' and '$(_SGenGenerateSerializationAssembliesConfig)' == 'Auto')) was evaluated as ('Off' == 'On' or (''!='' and 'Off' == 'Auto')).
   8:6>Target "_CleanGetCurrentAndPriorFileWrites" in file "/usr/local/share/dotnet/sdk/9.0.200/Microsoft.Common.CurrentVersion.targets" from project "/Users/dacanetdev/Dev/AIGenerated/RoadmapSkills/src/DeventSoft.RoadmapSkills.BlazorApp/DeventSoft.RoadmapSkills.BlazorApp.csproj" (target "IncrementalClean" depends on it):
       Using "ReadLinesFromFile" task from assembly "Microsoft.Build.Tasks.Core, Version=15.1.0.0, Culture=neutral, PublicKeyToken=b03f5f7f11d50a3a".
       Task "ReadLinesFromFile"
       Done executing task "ReadLinesFromFile".
       Task "ConvertToAbsolutePath"
       Done executing task "ConvertToAbsolutePath".
       Using "FindUnderPath" task from assembly "Microsoft.Build.Tasks.Core, Version=15.1.0.0, Culture=neutral, PublicKeyToken=b03f5f7f11d50a3a".
       Task "FindUnderPath"
         Comparison path is "/Users/dacanetdev/Dev/AIGenerated/RoadmapSkills/src/DeventSoft.RoadmapSkills.BlazorApp".
       Done executing task "FindUnderPath".
       Task "FindUnderPath"
         Comparison path is "bin/Debug/net8.0/".
       Done executing task "FindUnderPath".
       Task "FindUnderPath"
         Comparison path is "obj/Debug/net8.0/".
       Done executing task "FindUnderPath".
       Task "RemoveDuplicates"
       Done executing task "RemoveDuplicates".
   8:6>Done building target "_CleanGetCurrentAndPriorFileWrites" in project "DeventSoft.RoadmapSkills.BlazorApp.csproj".
   8:6>Target "IncrementalClean" in file "/usr/local/share/dotnet/sdk/9.0.200/Microsoft.Common.CurrentVersion.targets" from project "/Users/dacanetdev/Dev/AIGenerated/RoadmapSkills/src/DeventSoft.RoadmapSkills.BlazorApp/DeventSoft.RoadmapSkills.BlazorApp.csproj" (target "CoreBuild" depends on it):
       Task "FindUnderPath"
         Comparison path is "bin/Debug/net8.0/".
       Done executing task "FindUnderPath".
       Task "FindUnderPath"
         Comparison path is "obj/Debug/net8.0/".
       Done executing task "FindUnderPath".
       Using "Delete" task from assembly "Microsoft.Build.Tasks.Core, Version=15.1.0.0, Culture=neutral, PublicKeyToken=b03f5f7f11d50a3a".
       Task "Delete"
       Done executing task "Delete".
       Task "RemoveDuplicates"
       Done executing task "RemoveDuplicates".
       Task "WriteLinesToFile" skipped, due to false condition; ('@(_CleanUnfilteredPriorFileWrites)'!='@(_CleanUniqueRemainingFileWritesAfterIncrementalClean)') was evaluated as ('/Users/dacanetdev/Dev/AIGenerated/RoadmapSkills/src/DeventSoft.RoadmapSkills.BlazorApp/bin/Debug/net8.0/appsettings.Development.json;/Users/dacanetdev/Dev/AIGenerated/RoadmapSkills/src/DeventSoft.RoadmapSkills.BlazorApp/bin/Debug/net8.0/appsettings.json;/Users/dacanetdev/Dev/AIGenerated/RoadmapSkills/src/DeventSoft.RoadmapSkills.BlazorApp/bin/Debug/net8.0/DeventSoft.RoadmapSkills.BlazorApp.staticwebassets.runtime.json;...'!='/Users/dacanetdev/Dev/AIGenerated/RoadmapSkills/src/DeventSoft.RoadmapSkills.BlazorApp/bin/Debug/net8.0/appsettings.Development.json;/Users/dacanetdev/Dev/AIGenerated/RoadmapSkills/src/DeventSoft.RoadmapSkills.BlazorApp/bin/Debug/net8.0/appsettings.json;/Users/dacanetdev/Dev/AIGenerated/RoadmapSkills/src/DeventSoft.RoadmapSkills.BlazorApp/bin/Debug/net8.0/DeventSoft.RoadmapSkills.BlazorApp.staticwebassets.runtime.json;...').
   8:6>Done building target "IncrementalClean" in project "DeventSoft.RoadmapSkills.BlazorApp.csproj".
       Target "PostBuildEvent" skipped, due to false condition; ('$(PostBuildEvent)' != '' and ('$(RunPostBuildEvent)' != 'OnOutputUpdated' or '$(_AssemblyTimestampBeforeCompile)' != '$(_AssemblyTimestampAfterCompile)')) was evaluated as ('' != '' and ('' != 'OnOutputUpdated' or '' != '')).
       Target "GenerateBuildDependencyFile" skipped. Previously built successfully.
       Target "GenerateBuildRuntimeConfigurationFiles" skipped. Previously built successfully.
   8:6>Target "CoreBuild" in file "/usr/local/share/dotnet/sdk/9.0.200/Microsoft.Common.CurrentVersion.targets" from project "/Users/dacanetdev/Dev/AIGenerated/RoadmapSkills/src/DeventSoft.RoadmapSkills.BlazorApp/DeventSoft.RoadmapSkills.BlazorApp.csproj" (target "Build" depends on it):
   8:6>Done building target "CoreBuild" in project "DeventSoft.RoadmapSkills.BlazorApp.csproj".
   8:6>Target "AfterBuild" in file "/usr/local/share/dotnet/sdk/9.0.200/Microsoft.Common.CurrentVersion.targets" from project "/Users/dacanetdev/Dev/AIGenerated/RoadmapSkills/src/DeventSoft.RoadmapSkills.BlazorApp/DeventSoft.RoadmapSkills.BlazorApp.csproj" (target "Build" depends on it):
   8:6>Done building target "AfterBuild" in project "DeventSoft.RoadmapSkills.BlazorApp.csproj".
       Target "_CheckBrowserWorkloadNeededButNotAvailable" skipped, due to false condition; ('$(RuntimeIdentifier)' == 'browser-wasm' and '$(_BrowserWorkloadDisabled)' != 'true' and '$(WasmNativeWorkloadAvailable)' != 'true') was evaluated as ('' == 'browser-wasm' and '' != 'true' and '' != 'true').
       Target "_ErrorWorkloadDisabledForTFMLessThan6" skipped, due to false condition; ('$(_BrowserWorkloadNotSupportedForTFM)' == 'true') was evaluated as ('' == 'true').
       Target "_ErrorDualWasmThreadPropsOn7" skipped, due to false condition; ('$(TargetsNet7)' == 'true' and '$(RuntimeIdentifier)' == 'browser-wasm' and
           '$(BrowserWorkloadDisabled)' != 'true' and '$(WasmEnableThreads)' == 'true' and '$(WasmEnablePerfTrace)' == 'true') was evaluated as ('' == 'true' and '' == 'browser-wasm' and
           '' != 'true' and '' == 'true' and '' == 'true').
       Target "_CheckForInvalidConfigurationAndPlatform" skipped. Previously built successfully.
       Target "_CheckForInvalidConfigurationAndPlatform" skipped. Previously built successfully.
   8:6>Target "Build" in file "/usr/local/share/dotnet/sdk/9.0.200/Microsoft.Common.CurrentVersion.targets" from project "/Users/dacanetdev/Dev/AIGenerated/RoadmapSkills/src/DeventSoft.RoadmapSkills.BlazorApp/DeventSoft.RoadmapSkills.BlazorApp.csproj" (entry point):
   8:6>Done building target "Build" in project "DeventSoft.RoadmapSkills.BlazorApp.csproj".
       Target "_PackAsBuildAfterTarget" skipped, due to false condition; ('$(GeneratePackageOnBuild)' == 'true' AND '$(IsInnerBuild)' != 'true') was evaluated as ('false' == 'true' AND '' != 'true').
   8:6>Target "_CheckContainersPackage" in file "/usr/local/share/dotnet/sdk/9.0.200/Containers/build/Microsoft.NET.Build.Containers.targets" from project "/Users/dacanetdev/Dev/AIGenerated/RoadmapSkills/src/DeventSoft.RoadmapSkills.BlazorApp/DeventSoft.RoadmapSkills.BlazorApp.csproj" (entry point):
       Task "Warning" skipped, due to false condition; ($(_ContainerPackageIsPresent)
               and (
                 ($(_SdkCanPublishWeb) and $(_IsWebProject)) or
                 ($(_SdkCanPublishWorker) and $(_IsWorkerProject)) or
                 ($(_SdkCanPublishConsole) and '$(EnableSdkContainerSupport)' == 'true')
               )) was evaluated as (false
               and (
                 (True and true) or
                 (True and false) or
                 (True and 'true' == 'true')
               )).
   8:6>Done building target "_CheckContainersPackage" in project "DeventSoft.RoadmapSkills.BlazorApp.csproj".
       Target "DotNetPublish" skipped, due to false condition; ( '$(DeployOnBuild)' == 'true' ) was evaluated as ( '' == 'true' ).
   8:6>Done Building Project "/Users/dacanetdev/Dev/AIGenerated/RoadmapSkills/src/DeventSoft.RoadmapSkills.BlazorApp/DeventSoft.RoadmapSkills.BlazorApp.csproj" (default targets).
   1:2>Done executing task "MSBuild" -- FAILED.
   1:2>Done building target "Build" in project "RoadmapSkills.sln" -- FAILED.
   1:2>Done Building Project "/Users/dacanetdev/Dev/AIGenerated/RoadmapSkills/RoadmapSkills.sln" (default targets) -- FAILED.

Build FAILED.

       "/Users/dacanetdev/Dev/AIGenerated/RoadmapSkills/RoadmapSkills.sln" (default target) (1:2) ->
       "/Users/dacanetdev/Dev/AIGenerated/RoadmapSkills/src/Modules/Users/DeventSoft.RoadmapSkills.Users.Domain/DeventSoft.RoadmapSkills.Users.Domain.csproj" (default target) (9:7) ->
       (CoreCompile target) -> 
         /Users/dacanetdev/Dev/AIGenerated/RoadmapSkills/src/Modules/Users/DeventSoft.RoadmapSkills.Users.Domain/Repositories/IUserRepository.cs(2,39): error CS0234: The type or namespace name 'Infrastructure' does not exist in the namespace 'DeventSoft.RoadmapSkills.Shared' (are you missing an assembly reference?) [/Users/dacanetdev/Dev/AIGenerated/RoadmapSkills/src/Modules/Users/DeventSoft.RoadmapSkills.Users.Domain/DeventSoft.RoadmapSkills.Users.Domain.csproj]
         /Users/dacanetdev/Dev/AIGenerated/RoadmapSkills/src/Modules/Users/DeventSoft.RoadmapSkills.Users.Domain/Repositories/IUserRepository.cs(6,36): error CS0246: The type or namespace name 'IRepository<>' could not be found (are you missing a using directive or an assembly reference?) [/Users/dacanetdev/Dev/AIGenerated/RoadmapSkills/src/Modules/Users/DeventSoft.RoadmapSkills.Users.Domain/DeventSoft.RoadmapSkills.Users.Domain.csproj]

    0 Warning(s)
    2 Error(s)

Time Elapsed 00:00:02.35
